

================================================================
== Vitis HLS Report for 'ConvTranspose_Pipeline_Load_bias'
================================================================
* Date:           Wed Apr  1 21:17:25 2026

* Version:        2024.2 (Build 5238294 on Nov  8 2024)
* Project:        convtranspose_component
* Solution:       hls (Vivado IP Flow Target)
* Product family: zynquplus
* Target device:  xczu7ev-ffvc1156-2-e


================================================================
== Performance Estimates
================================================================
+ Timing: 
    * Summary: 
    +--------+---------+----------+------------+
    |  Clock |  Target | Estimated| Uncertainty|
    +--------+---------+----------+------------+
    |ap_clk  |  3.33 ns|  2.433 ns|     0.90 ns|
    +--------+---------+----------+------------+

+ Latency: 
    * Summary: 
    +---------+---------+----------+----------+-----+-----+------------------------------------------------+
    |  Latency (cycles) |  Latency (absolute) |  Interval |                    Pipeline                    |
    |   min   |   max   |    min   |    max   | min | max |                      Type                      |
    +---------+---------+----------+----------+-----+-----+------------------------------------------------+
    |      123|      123|  0.410 us|  0.410 us|  121|  121|  loop auto-rewind stp (delay=0 clock cycles(s))|
    +---------+---------+----------+----------+-----+-----+------------------------------------------------+

    + Detail: 
        * Instance: 
        N/A

        * Loop: 
        +-------------+---------+---------+----------+-----------+-----------+------+----------+
        |             |  Latency (cycles) | Iteration|  Initiation Interval  | Trip |          |
        |  Loop Name  |   min   |   max   |  Latency |  achieved |   target  | Count| Pipelined|
        +-------------+---------+---------+----------+-----------+-----------+------+----------+
        |- Load_bias  |      121|      121|         3|          1|          1|   120|       yes|
        +-------------+---------+---------+----------+-----------+-----------+------+----------+



================================================================
== Utilization Estimates
================================================================
* Summary: 
+-----------------+---------+------+--------+--------+-----+
|       Name      | BRAM_18K|  DSP |   FF   |   LUT  | URAM|
+-----------------+---------+------+--------+--------+-----+
|DSP              |        -|     -|       -|       -|    -|
|Expression       |        -|     -|       0|      48|    -|
|FIFO             |        -|     -|       -|       -|    -|
|Instance         |        -|     -|       -|       -|    -|
|Memory           |        -|     -|       -|       -|    -|
|Multiplexer      |        -|     -|       0|      54|    -|
|Register         |        -|     -|      86|       -|    -|
+-----------------+---------+------+--------+--------+-----+
|Total            |        0|     0|      86|     102|    0|
+-----------------+---------+------+--------+--------+-----+
|Available        |      624|  1728|  460800|  230400|   96|
+-----------------+---------+------+--------+--------+-----+
|Utilization (%)  |        0|     0|      ~0|      ~0|    0|
+-----------------+---------+------+--------+--------+-----+

+ Detail: 
    * Instance: 
    N/A

    * DSP: 
    N/A

    * Memory: 
    N/A

    * FIFO: 
    N/A

    * Expression: 
    +---------------------------+----------+----+---+----+------------+------------+
    |       Variable Name       | Operation| DSP| FF| LUT| Bitwidth P0| Bitwidth P1|
    +---------------------------+----------+----+---+----+------------+------------+
    |add_ln71_1_fu_172_p2       |         +|   0|  0|  14|           7|           1|
    |add_ln71_fu_260_p2         |         +|   0|  0|  16|           9|           3|
    |ap_block_pp0_stage0_11001  |       and|   0|  0|   2|           1|           1|
    |icmp_ln71_fu_166_p2        |      icmp|   0|  0|  14|           7|           5|
    |ap_enable_pp0              |       xor|   0|  0|   2|           1|           2|
    +---------------------------+----------+----+---+----+------------+------------+
    |Total                      |          |   0|  0|  48|          25|          12|
    +---------------------------+----------+----+---+----+------------+------------+

    * Multiplexer: 
    +------------------------------+----+-----------+-----+-----------+
    |             Name             | LUT| Input Size| Bits| Total Bits|
    +------------------------------+----+-----------+-----+-----------+
    |ap_done_int                   |   9|          2|    1|          2|
    |ap_enable_reg_pp0_iter1       |   9|          2|    1|          2|
    |ap_sig_allocacmp_indvar_load  |   9|          2|    7|         14|
    |gmem2_blk_n_R                 |   9|          2|    1|          2|
    |i_fu_80                       |   9|          2|    9|         18|
    |indvar_fu_84                  |   9|          2|    7|         14|
    +------------------------------+----+-----------+-----+-----------+
    |Total                         |  54|         12|   26|         52|
    +------------------------------+----+-----------+-----+-----------+

    * Register: 
    +-------------------------------------------+----+----+-----+-----------+
    |                    Name                   | FF | LUT| Bits| Const Bits|
    +-------------------------------------------+----+----+-----+-----------+
    |ap_CS_fsm                                  |   1|   0|    1|          0|
    |ap_block_pp0_stage0_subdone_grp0_done_reg  |   1|   0|    1|          0|
    |ap_done_reg                                |   1|   0|    1|          0|
    |ap_enable_reg_pp0_iter1                    |   1|   0|    1|          0|
    |ap_enable_reg_pp0_iter2                    |   1|   0|    1|          0|
    |ap_loop_exit_ready_pp0_iter1_reg           |   1|   0|    1|          0|
    |i_fu_80                                    |   9|   0|    9|          0|
    |indvar_fu_84                               |   7|   0|    7|          0|
    |tmp_1_reg_299                              |  16|   0|   16|          0|
    |tmp_2_reg_304                              |  16|   0|   16|          0|
    |tmp_3_reg_309                              |  16|   0|   16|          0|
    |trunc_ln77_reg_294                         |  16|   0|   16|          0|
    +-------------------------------------------+----+----+-----+-----------+
    |Total                                      |  86|   0|   86|          0|
    +-------------------------------------------+----+----+-----+-----------+



================================================================
== Interface
================================================================
* Summary: 
+------------------------+-----+-----+------------+----------------------------------+--------------+
|        RTL Ports       | Dir | Bits|  Protocol  |           Source Object          |    C Type    |
+------------------------+-----+-----+------------+----------------------------------+--------------+
|ap_clk                  |   in|    1|  ap_ctrl_hs|  ConvTranspose_Pipeline_Load_bias|  return value|
|ap_rst                  |   in|    1|  ap_ctrl_hs|  ConvTranspose_Pipeline_Load_bias|  return value|
|ap_start                |   in|    1|  ap_ctrl_hs|  ConvTranspose_Pipeline_Load_bias|  return value|
|ap_done                 |  out|    1|  ap_ctrl_hs|  ConvTranspose_Pipeline_Load_bias|  return value|
|ap_idle                 |  out|    1|  ap_ctrl_hs|  ConvTranspose_Pipeline_Load_bias|  return value|
|ap_ready                |  out|    1|  ap_ctrl_hs|  ConvTranspose_Pipeline_Load_bias|  return value|
|m_axi_gmem2_0_AWVALID   |  out|    1|       m_axi|                             gmem2|       pointer|
|m_axi_gmem2_0_AWREADY   |   in|    1|       m_axi|                             gmem2|       pointer|
|m_axi_gmem2_0_AWADDR    |  out|   64|       m_axi|                             gmem2|       pointer|
|m_axi_gmem2_0_AWID      |  out|    1|       m_axi|                             gmem2|       pointer|
|m_axi_gmem2_0_AWLEN     |  out|   32|       m_axi|                             gmem2|       pointer|
|m_axi_gmem2_0_AWSIZE    |  out|    3|       m_axi|                             gmem2|       pointer|
|m_axi_gmem2_0_AWBURST   |  out|    2|       m_axi|                             gmem2|       pointer|
|m_axi_gmem2_0_AWLOCK    |  out|    2|       m_axi|                             gmem2|       pointer|
|m_axi_gmem2_0_AWCACHE   |  out|    4|       m_axi|                             gmem2|       pointer|
|m_axi_gmem2_0_AWPROT    |  out|    3|       m_axi|                             gmem2|       pointer|
|m_axi_gmem2_0_AWQOS     |  out|    4|       m_axi|                             gmem2|       pointer|
|m_axi_gmem2_0_AWREGION  |  out|    4|       m_axi|                             gmem2|       pointer|
|m_axi_gmem2_0_AWUSER    |  out|    1|       m_axi|                             gmem2|       pointer|
|m_axi_gmem2_0_WVALID    |  out|    1|       m_axi|                             gmem2|       pointer|
|m_axi_gmem2_0_WREADY    |   in|    1|       m_axi|                             gmem2|       pointer|
|m_axi_gmem2_0_WDATA     |  out|   64|       m_axi|                             gmem2|       pointer|
|m_axi_gmem2_0_WSTRB     |  out|    8|       m_axi|                             gmem2|       pointer|
|m_axi_gmem2_0_WLAST     |  out|    1|       m_axi|                             gmem2|       pointer|
|m_axi_gmem2_0_WID       |  out|    1|       m_axi|                             gmem2|       pointer|
|m_axi_gmem2_0_WUSER     |  out|    1|       m_axi|                             gmem2|       pointer|
|m_axi_gmem2_0_ARVALID   |  out|    1|       m_axi|                             gmem2|       pointer|
|m_axi_gmem2_0_ARREADY   |   in|    1|       m_axi|                             gmem2|       pointer|
|m_axi_gmem2_0_ARADDR    |  out|   64|       m_axi|                             gmem2|       pointer|
|m_axi_gmem2_0_ARID      |  out|    1|       m_axi|                             gmem2|       pointer|
|m_axi_gmem2_0_ARLEN     |  out|   32|       m_axi|                             gmem2|       pointer|
|m_axi_gmem2_0_ARSIZE    |  out|    3|       m_axi|                             gmem2|       pointer|
|m_axi_gmem2_0_ARBURST   |  out|    2|       m_axi|                             gmem2|       pointer|
|m_axi_gmem2_0_ARLOCK    |  out|    2|       m_axi|                             gmem2|       pointer|
|m_axi_gmem2_0_ARCACHE   |  out|    4|       m_axi|                             gmem2|       pointer|
|m_axi_gmem2_0_ARPROT    |  out|    3|       m_axi|                             gmem2|       pointer|
|m_axi_gmem2_0_ARQOS     |  out|    4|       m_axi|                             gmem2|       pointer|
|m_axi_gmem2_0_ARREGION  |  out|    4|       m_axi|                             gmem2|       pointer|
|m_axi_gmem2_0_ARUSER    |  out|    1|       m_axi|                             gmem2|       pointer|
|m_axi_gmem2_0_RVALID    |   in|    1|       m_axi|                             gmem2|       pointer|
|m_axi_gmem2_0_RREADY    |  out|    1|       m_axi|                             gmem2|       pointer|
|m_axi_gmem2_0_RDATA     |   in|   64|       m_axi|                             gmem2|       pointer|
|m_axi_gmem2_0_RLAST     |   in|    1|       m_axi|                             gmem2|       pointer|
|m_axi_gmem2_0_RID       |   in|    1|       m_axi|                             gmem2|       pointer|
|m_axi_gmem2_0_RFIFONUM  |   in|    9|       m_axi|                             gmem2|       pointer|
|m_axi_gmem2_0_RUSER     |   in|    1|       m_axi|                             gmem2|       pointer|
|m_axi_gmem2_0_RRESP     |   in|    2|       m_axi|                             gmem2|       pointer|
|m_axi_gmem2_0_BVALID    |   in|    1|       m_axi|                             gmem2|       pointer|
|m_axi_gmem2_0_BREADY    |  out|    1|       m_axi|                             gmem2|       pointer|
|m_axi_gmem2_0_BRESP     |   in|    2|       m_axi|                             gmem2|       pointer|
|m_axi_gmem2_0_BID       |   in|    1|       m_axi|                             gmem2|       pointer|
|m_axi_gmem2_0_BUSER     |   in|    1|       m_axi|                             gmem2|       pointer|
|sext_ln71               |   in|   61|     ap_none|                         sext_ln71|        scalar|
|b_buf_1_address0        |  out|    8|   ap_memory|                           b_buf_1|         array|
|b_buf_1_ce0             |  out|    1|   ap_memory|                           b_buf_1|         array|
|b_buf_1_we0             |  out|    1|   ap_memory|                           b_buf_1|         array|
|b_buf_1_d0              |  out|   16|   ap_memory|                           b_buf_1|         array|
|b_buf_1_address1        |  out|    8|   ap_memory|                           b_buf_1|         array|
|b_buf_1_ce1             |  out|    1|   ap_memory|                           b_buf_1|         array|
|b_buf_1_we1             |  out|    1|   ap_memory|                           b_buf_1|         array|
|b_buf_1_d1              |  out|   16|   ap_memory|                           b_buf_1|         array|
|b_buf_address0          |  out|    8|   ap_memory|                             b_buf|         array|
|b_buf_ce0               |  out|    1|   ap_memory|                             b_buf|         array|
|b_buf_we0               |  out|    1|   ap_memory|                             b_buf|         array|
|b_buf_d0                |  out|   16|   ap_memory|                             b_buf|         array|
|b_buf_address1          |  out|    8|   ap_memory|                             b_buf|         array|
|b_buf_ce1               |  out|    1|   ap_memory|                             b_buf|         array|
|b_buf_we1               |  out|    1|   ap_memory|                             b_buf|         array|
|b_buf_d1                |  out|   16|   ap_memory|                             b_buf|         array|
+------------------------+-----+-----+------------+----------------------------------+--------------+

