

================================================================
== Vitis HLS Report for 'ConvTranspose_Pipeline_Load_X_VITIS_LOOP_91_2_VITIS_LOOP_95_3'
================================================================
* Date:           Wed Apr  1 21:17:26 2026

* Version:        2024.2 (Build 5238294 on Nov  8 2024)
* Project:        convtranspose_component
* Solution:       hls (Vivado IP Flow Target)
* Product family: zynquplus
* Target device:  xczu7ev-ffvc1156-2-e


================================================================
== Performance Estimates
================================================================
+ Timing: 
    * Summary: 
    +--------+---------+----------+------------+
    |  Clock |  Target | Estimated| Uncertainty|
    +--------+---------+----------+------------+
    |ap_clk  |  3.33 ns|  2.433 ns|     0.90 ns|
    +--------+---------+----------+------------+

+ Latency: 
    * Summary: 
    +---------+---------+----------+----------+-------+-------+------------------------------------------------+
    |  Latency (cycles) |  Latency (absolute) |    Interval   |                    Pipeline                    |
    |   min   |   max   |    min   |    max   |  min  |  max  |                      Type                      |
    +---------+---------+----------+----------+-------+-------+------------------------------------------------+
    |    61443|    61443|  0.205 ms|  0.205 ms|  61442|  61442|  loop auto-rewind stp (delay=0 clock cycles(s))|
    +---------+---------+----------+----------+-------+-------+------------------------------------------------+

    + Detail: 
        * Instance: 
        N/A

        * Loop: 
        +------------------------------------------+---------+---------+----------+-----------+-----------+-------+----------+
        |                                          |  Latency (cycles) | Iteration|  Initiation Interval  |  Trip |          |
        |                 Loop Name                |   min   |   max   |  Latency |  achieved |   target  | Count | Pipelined|
        +------------------------------------------+---------+---------+----------+-----------+-----------+-------+----------+
        |- Load_X_VITIS_LOOP_91_2_VITIS_LOOP_95_3  |    61441|    61441|         4|          2|          1|  30720|       yes|
        +------------------------------------------+---------+---------+----------+-----------+-----------+-------+----------+



================================================================
== Utilization Estimates
================================================================
* Summary: 
+-----------------+---------+------+--------+--------+-----+
|       Name      | BRAM_18K|  DSP |   FF   |   LUT  | URAM|
+-----------------+---------+------+--------+--------+-----+
|DSP              |        -|     -|       -|       -|    -|
|Expression       |        -|     -|       0|     259|    -|
|FIFO             |        -|     -|       -|       -|    -|
|Instance         |        -|     -|       -|       -|    -|
|Memory           |        -|     -|       -|       -|    -|
|Multiplexer      |        -|     -|       0|     122|    -|
|Register         |        -|     -|     177|       -|    -|
+-----------------+---------+------+--------+--------+-----+
|Total            |        0|     0|     177|     381|    0|
+-----------------+---------+------+--------+--------+-----+
|Available        |      624|  1728|  460800|  230400|   96|
+-----------------+---------+------+--------+--------+-----+
|Utilization (%)  |        0|     0|      ~0|      ~0|    0|
+-----------------+---------+------+--------+--------+-----+

+ Detail: 
    * Instance: 
    N/A

    * DSP: 
    N/A

    * Memory: 
    N/A

    * FIFO: 
    N/A

    * Expression: 
    +---------------------------------------+----------+----+---+----+------------+------------+
    |             Variable Name             | Operation| DSP| FF| LUT| Bitwidth P0| Bitwidth P1|
    +---------------------------------------+----------+----+---+----+------------+------------+
    |add_ln106_1_fu_557_p2                  |         +|   0|  0|  16|          15|          15|
    |add_ln106_fu_466_p2                    |         +|   0|  0|  17|          10|          10|
    |add_ln90_1_fu_340_p2                   |         +|   0|  0|  22|          15|           1|
    |add_ln90_fu_394_p2                     |         +|   0|  0|  12|           5|           1|
    |add_ln91_1_fu_355_p2                   |         +|   0|  0|  19|          12|           1|
    |add_ln91_fu_431_p2                     |         +|   0|  0|  12|           5|           1|
    |add_ln95_1_fu_480_p2                   |         +|   0|  0|  14|           7|           1|
    |add_ln95_fu_575_p2                     |         +|   0|  0|  17|          10|           4|
    |sub_ln96_fu_537_p2                     |         -|   0|  0|  16|          15|          15|
    |and_ln90_fu_418_p2                     |       and|   0|  0|   2|           1|           1|
    |ap_block_pp0_stage0_11001              |       and|   0|  0|   2|           1|           1|
    |ap_block_pp0_stage1_11001_grp1         |       and|   0|  0|   2|           1|           1|
    |ap_block_state2_pp0_stage1_iter0_grp1  |       and|   0|  0|   2|           1|           1|
    |ap_condition_216                       |       and|   0|  0|   2|           1|           1|
    |icmp_ln90_fu_334_p2                    |      icmp|   0|  0|  22|          15|          13|
    |icmp_ln91_fu_349_p2                    |      icmp|   0|  0|  19|          12|          11|
    |icmp_ln95_fu_412_p2                    |      icmp|   0|  0|  14|           7|           5|
    |empty_fu_437_p2                        |        or|   0|  0|   2|           1|           1|
    |ci_mid2_fu_512_p3                      |    select|   0|  0|  10|           1|           1|
    |select_ln90_1_fu_424_p3                |    select|   0|  0|   5|           1|           5|
    |select_ln90_fu_400_p3                  |    select|   0|  0|   5|           1|           1|
    |select_ln91_1_fu_361_p3                |    select|   0|  0|  11|           1|           1|
    |select_ln91_fu_442_p3                  |    select|   0|  0|   5|           1|           5|
    |select_ln95_fu_486_p3                  |    select|   0|  0|   7|           1|           1|
    |ap_enable_pp0                          |       xor|   0|  0|   2|           1|           2|
    |xor_ln90_fu_407_p2                     |       xor|   0|  0|   2|           1|           2|
    +---------------------------------------+----------+----+---+----+------------+------------+
    |Total                                  |          |   0|  0| 259|         142|         102|
    +---------------------------------------+----------+----+---+----+------------+------------+

    * Multiplexer: 
    +------------------------------------------+----+-----------+-----+-----------+
    |                   Name                   | LUT| Input Size| Bits| Total Bits|
    +------------------------------------------+----+-----------+-----+-----------+
    |ap_NS_fsm                                 |  14|          3|    1|          3|
    |ap_done_int                               |   9|          2|    1|          2|
    |ap_enable_reg_pp0_iter0                   |   9|          2|    1|          2|
    |ap_enable_reg_pp0_iter1                   |   9|          2|    1|          2|
    |ap_sig_allocacmp_indvar_flatten2570_load  |   9|          2|   15|         30|
    |ap_sig_allocacmp_indvar_flatten_load      |   9|          2|   12|         24|
    |ci_fu_116                                 |   9|          2|   10|         20|
    |gmem0_blk_n_R                             |   9|          2|    1|          2|
    |hi_fu_132                                 |   9|          2|    5|         10|
    |indvar1219_fu_120                         |   9|          2|    7|         14|
    |indvar_flatten2570_fu_136                 |   9|          2|   15|         30|
    |indvar_flatten_fu_128                     |   9|          2|   12|         24|
    |wi2_fu_124                                |   9|          2|    5|         10|
    +------------------------------------------+----+-----------+-----+-----------+
    |Total                                     | 122|         27|   86|        173|
    +------------------------------------------+----+-----------+-----+-----------+

    * Register: 
    +-------------------------------------------+----+----+-----+-----------+
    |                    Name                   | FF | LUT| Bits| Const Bits|
    +-------------------------------------------+----+----+-----+-----------+
    |add_ln106_reg_655                          |  10|   0|   10|          0|
    |ap_CS_fsm                                  |   2|   0|    2|          0|
    |ap_block_pp0_stage0_subdone_grp0_done_reg  |   1|   0|    1|          0|
    |ap_block_pp0_stage1_subdone_grp0_done_reg  |   1|   0|    1|          0|
    |ap_done_reg                                |   1|   0|    1|          0|
    |ap_enable_reg_pp0_iter0_reg                |   1|   0|    1|          0|
    |ap_enable_reg_pp0_iter1                    |   1|   0|    1|          0|
    |ci_fu_116                                  |  10|   0|   10|          0|
    |empty_reg_650                              |   1|   0|    1|          0|
    |hi_fu_132                                  |   5|   0|    5|          0|
    |icmp_ln90_reg_633                          |   1|   0|    1|          0|
    |icmp_ln91_reg_637                          |   1|   0|    1|          0|
    |indvar1219_fu_120                          |   7|   0|    7|          0|
    |indvar_flatten2570_fu_136                  |  15|   0|   15|          0|
    |indvar_flatten_fu_128                      |  12|   0|   12|          0|
    |reg_279                                    |  16|   0|   16|          0|
    |reg_285                                    |  16|   0|   16|          0|
    |reg_291                                    |  16|   0|   16|          0|
    |trunc_ln106_1_reg_665                      |  16|   0|   16|          0|
    |trunc_ln106_2_reg_678                      |  16|   0|   16|          0|
    |trunc_ln106_reg_660                        |   8|   0|    8|          0|
    |wi2_fu_124                                 |   5|   0|    5|          0|
    |zext_ln106_3_reg_670                       |  15|   0|   64|         49|
    +-------------------------------------------+----+----+-----+-----------+
    |Total                                      | 177|   0|  226|         49|
    +-------------------------------------------+----+----+-----+-----------+



================================================================
== Interface
================================================================
* Summary: 
+---------------------------------------------------------------------------------+-----+-----+------------+------------------------------------------------------------------------+--------------+
|                                    RTL Ports                                    | Dir | Bits|  Protocol  |                              Source Object                             |    C Type    |
+---------------------------------------------------------------------------------+-----+-----+------------+------------------------------------------------------------------------+--------------+
|ap_clk                                                                           |   in|    1|  ap_ctrl_hs|           ConvTranspose_Pipeline_Load_X_VITIS_LOOP_91_2_VITIS_LOOP_95_3|  return value|
|ap_rst                                                                           |   in|    1|  ap_ctrl_hs|           ConvTranspose_Pipeline_Load_X_VITIS_LOOP_91_2_VITIS_LOOP_95_3|  return value|
|ap_start                                                                         |   in|    1|  ap_ctrl_hs|           ConvTranspose_Pipeline_Load_X_VITIS_LOOP_91_2_VITIS_LOOP_95_3|  return value|
|ap_done                                                                          |  out|    1|  ap_ctrl_hs|           ConvTranspose_Pipeline_Load_X_VITIS_LOOP_91_2_VITIS_LOOP_95_3|  return value|
|ap_idle                                                                          |  out|    1|  ap_ctrl_hs|           ConvTranspose_Pipeline_Load_X_VITIS_LOOP_91_2_VITIS_LOOP_95_3|  return value|
|ap_ready                                                                         |  out|    1|  ap_ctrl_hs|           ConvTranspose_Pipeline_Load_X_VITIS_LOOP_91_2_VITIS_LOOP_95_3|  return value|
|m_axi_gmem0_0_AWVALID                                                            |  out|    1|       m_axi|                                                                   gmem0|       pointer|
|m_axi_gmem0_0_AWREADY                                                            |   in|    1|       m_axi|                                                                   gmem0|       pointer|
|m_axi_gmem0_0_AWADDR                                                             |  out|   64|       m_axi|                                                                   gmem0|       pointer|
|m_axi_gmem0_0_AWID                                                               |  out|    1|       m_axi|                                                                   gmem0|       pointer|
|m_axi_gmem0_0_AWLEN                                                              |  out|   32|       m_axi|                                                                   gmem0|       pointer|
|m_axi_gmem0_0_AWSIZE                                                             |  out|    3|       m_axi|                                                                   gmem0|       pointer|
|m_axi_gmem0_0_AWBURST                                                            |  out|    2|       m_axi|                                                                   gmem0|       pointer|
|m_axi_gmem0_0_AWLOCK                                                             |  out|    2|       m_axi|                                                                   gmem0|       pointer|
|m_axi_gmem0_0_AWCACHE                                                            |  out|    4|       m_axi|                                                                   gmem0|       pointer|
|m_axi_gmem0_0_AWPROT                                                             |  out|    3|       m_axi|                                                                   gmem0|       pointer|
|m_axi_gmem0_0_AWQOS                                                              |  out|    4|       m_axi|                                                                   gmem0|       pointer|
|m_axi_gmem0_0_AWREGION                                                           |  out|    4|       m_axi|                                                                   gmem0|       pointer|
|m_axi_gmem0_0_AWUSER                                                             |  out|    1|       m_axi|                                                                   gmem0|       pointer|
|m_axi_gmem0_0_WVALID                                                             |  out|    1|       m_axi|                                                                   gmem0|       pointer|
|m_axi_gmem0_0_WREADY                                                             |   in|    1|       m_axi|                                                                   gmem0|       pointer|
|m_axi_gmem0_0_WDATA                                                              |  out|   64|       m_axi|                                                                   gmem0|       pointer|
|m_axi_gmem0_0_WSTRB                                                              |  out|    8|       m_axi|                                                                   gmem0|       pointer|
|m_axi_gmem0_0_WLAST                                                              |  out|    1|       m_axi|                                                                   gmem0|       pointer|
|m_axi_gmem0_0_WID                                                                |  out|    1|       m_axi|                                                                   gmem0|       pointer|
|m_axi_gmem0_0_WUSER                                                              |  out|    1|       m_axi|                                                                   gmem0|       pointer|
|m_axi_gmem0_0_ARVALID                                                            |  out|    1|       m_axi|                                                                   gmem0|       pointer|
|m_axi_gmem0_0_ARREADY                                                            |   in|    1|       m_axi|                                                                   gmem0|       pointer|
|m_axi_gmem0_0_ARADDR                                                             |  out|   64|       m_axi|                                                                   gmem0|       pointer|
|m_axi_gmem0_0_ARID                                                               |  out|    1|       m_axi|                                                                   gmem0|       pointer|
|m_axi_gmem0_0_ARLEN                                                              |  out|   32|       m_axi|                                                                   gmem0|       pointer|
|m_axi_gmem0_0_ARSIZE                                                             |  out|    3|       m_axi|                                                                   gmem0|       pointer|
|m_axi_gmem0_0_ARBURST                                                            |  out|    2|       m_axi|                                                                   gmem0|       pointer|
|m_axi_gmem0_0_ARLOCK                                                             |  out|    2|       m_axi|                                                                   gmem0|       pointer|
|m_axi_gmem0_0_ARCACHE                                                            |  out|    4|       m_axi|                                                                   gmem0|       pointer|
|m_axi_gmem0_0_ARPROT                                                             |  out|    3|       m_axi|                                                                   gmem0|       pointer|
|m_axi_gmem0_0_ARQOS                                                              |  out|    4|       m_axi|                                                                   gmem0|       pointer|
|m_axi_gmem0_0_ARREGION                                                           |  out|    4|       m_axi|                                                                   gmem0|       pointer|
|m_axi_gmem0_0_ARUSER                                                             |  out|    1|       m_axi|                                                                   gmem0|       pointer|
|m_axi_gmem0_0_RVALID                                                             |   in|    1|       m_axi|                                                                   gmem0|       pointer|
|m_axi_gmem0_0_RREADY                                                             |  out|    1|       m_axi|                                                                   gmem0|       pointer|
|m_axi_gmem0_0_RDATA                                                              |   in|   64|       m_axi|                                                                   gmem0|       pointer|
|m_axi_gmem0_0_RLAST                                                              |   in|    1|       m_axi|                                                                   gmem0|       pointer|
|m_axi_gmem0_0_RID                                                                |   in|    1|       m_axi|                                                                   gmem0|       pointer|
|m_axi_gmem0_0_RFIFONUM                                                           |   in|   13|       m_axi|                                                                   gmem0|       pointer|
|m_axi_gmem0_0_RUSER                                                              |   in|    1|       m_axi|                                                                   gmem0|       pointer|
|m_axi_gmem0_0_RRESP                                                              |   in|    2|       m_axi|                                                                   gmem0|       pointer|
|m_axi_gmem0_0_BVALID                                                             |   in|    1|       m_axi|                                                                   gmem0|       pointer|
|m_axi_gmem0_0_BREADY                                                             |  out|    1|       m_axi|                                                                   gmem0|       pointer|
|m_axi_gmem0_0_BRESP                                                              |   in|    2|       m_axi|                                                                   gmem0|       pointer|
|m_axi_gmem0_0_BID                                                                |   in|    1|       m_axi|                                                                   gmem0|       pointer|
|m_axi_gmem0_0_BUSER                                                              |   in|    1|       m_axi|                                                                   gmem0|       pointer|
|sext_ln90                                                                        |   in|   61|     ap_none|                                                               sext_ln90|        scalar|
|void_ConvTranspose_ap_uint_ap_uint_ap_uint_ap_fixed_16_8_5_3_0_x_buf_7_address0  |  out|   15|   ap_memory|  void_ConvTranspose_ap_uint_ap_uint_ap_uint_ap_fixed_16_8_5_3_0_x_buf_7|         array|
|void_ConvTranspose_ap_uint_ap_uint_ap_uint_ap_fixed_16_8_5_3_0_x_buf_7_ce0       |  out|    1|   ap_memory|  void_ConvTranspose_ap_uint_ap_uint_ap_uint_ap_fixed_16_8_5_3_0_x_buf_7|         array|
|void_ConvTranspose_ap_uint_ap_uint_ap_uint_ap_fixed_16_8_5_3_0_x_buf_7_we0       |  out|    1|   ap_memory|  void_ConvTranspose_ap_uint_ap_uint_ap_uint_ap_fixed_16_8_5_3_0_x_buf_7|         array|
|void_ConvTranspose_ap_uint_ap_uint_ap_uint_ap_fixed_16_8_5_3_0_x_buf_7_d0        |  out|   16|   ap_memory|  void_ConvTranspose_ap_uint_ap_uint_ap_uint_ap_fixed_16_8_5_3_0_x_buf_7|         array|
|void_ConvTranspose_ap_uint_ap_uint_ap_uint_ap_fixed_16_8_5_3_0_x_buf_6_address0  |  out|   15|   ap_memory|  void_ConvTranspose_ap_uint_ap_uint_ap_uint_ap_fixed_16_8_5_3_0_x_buf_6|         array|
|void_ConvTranspose_ap_uint_ap_uint_ap_uint_ap_fixed_16_8_5_3_0_x_buf_6_ce0       |  out|    1|   ap_memory|  void_ConvTranspose_ap_uint_ap_uint_ap_uint_ap_fixed_16_8_5_3_0_x_buf_6|         array|
|void_ConvTranspose_ap_uint_ap_uint_ap_uint_ap_fixed_16_8_5_3_0_x_buf_6_we0       |  out|    1|   ap_memory|  void_ConvTranspose_ap_uint_ap_uint_ap_uint_ap_fixed_16_8_5_3_0_x_buf_6|         array|
|void_ConvTranspose_ap_uint_ap_uint_ap_uint_ap_fixed_16_8_5_3_0_x_buf_6_d0        |  out|   16|   ap_memory|  void_ConvTranspose_ap_uint_ap_uint_ap_uint_ap_fixed_16_8_5_3_0_x_buf_6|         array|
|void_ConvTranspose_ap_uint_ap_uint_ap_uint_ap_fixed_16_8_5_3_0_x_buf_5_address0  |  out|   15|   ap_memory|  void_ConvTranspose_ap_uint_ap_uint_ap_uint_ap_fixed_16_8_5_3_0_x_buf_5|         array|
|void_ConvTranspose_ap_uint_ap_uint_ap_uint_ap_fixed_16_8_5_3_0_x_buf_5_ce0       |  out|    1|   ap_memory|  void_ConvTranspose_ap_uint_ap_uint_ap_uint_ap_fixed_16_8_5_3_0_x_buf_5|         array|
|void_ConvTranspose_ap_uint_ap_uint_ap_uint_ap_fixed_16_8_5_3_0_x_buf_5_we0       |  out|    1|   ap_memory|  void_ConvTranspose_ap_uint_ap_uint_ap_uint_ap_fixed_16_8_5_3_0_x_buf_5|         array|
|void_ConvTranspose_ap_uint_ap_uint_ap_uint_ap_fixed_16_8_5_3_0_x_buf_5_d0        |  out|   16|   ap_memory|  void_ConvTranspose_ap_uint_ap_uint_ap_uint_ap_fixed_16_8_5_3_0_x_buf_5|         array|
|void_ConvTranspose_ap_uint_ap_uint_ap_uint_ap_fixed_16_8_5_3_0_x_buf_4_address0  |  out|   15|   ap_memory|  void_ConvTranspose_ap_uint_ap_uint_ap_uint_ap_fixed_16_8_5_3_0_x_buf_4|         array|
|void_ConvTranspose_ap_uint_ap_uint_ap_uint_ap_fixed_16_8_5_3_0_x_buf_4_ce0       |  out|    1|   ap_memory|  void_ConvTranspose_ap_uint_ap_uint_ap_uint_ap_fixed_16_8_5_3_0_x_buf_4|         array|
|void_ConvTranspose_ap_uint_ap_uint_ap_uint_ap_fixed_16_8_5_3_0_x_buf_4_we0       |  out|    1|   ap_memory|  void_ConvTranspose_ap_uint_ap_uint_ap_uint_ap_fixed_16_8_5_3_0_x_buf_4|         array|
|void_ConvTranspose_ap_uint_ap_uint_ap_uint_ap_fixed_16_8_5_3_0_x_buf_4_d0        |  out|   16|   ap_memory|  void_ConvTranspose_ap_uint_ap_uint_ap_uint_ap_fixed_16_8_5_3_0_x_buf_4|         array|
|void_ConvTranspose_ap_uint_ap_uint_ap_uint_ap_fixed_16_8_5_3_0_x_buf_3_address0  |  out|   15|   ap_memory|  void_ConvTranspose_ap_uint_ap_uint_ap_uint_ap_fixed_16_8_5_3_0_x_buf_3|         array|
|void_ConvTranspose_ap_uint_ap_uint_ap_uint_ap_fixed_16_8_5_3_0_x_buf_3_ce0       |  out|    1|   ap_memory|  void_ConvTranspose_ap_uint_ap_uint_ap_uint_ap_fixed_16_8_5_3_0_x_buf_3|         array|
|void_ConvTranspose_ap_uint_ap_uint_ap_uint_ap_fixed_16_8_5_3_0_x_buf_3_we0       |  out|    1|   ap_memory|  void_ConvTranspose_ap_uint_ap_uint_ap_uint_ap_fixed_16_8_5_3_0_x_buf_3|         array|
|void_ConvTranspose_ap_uint_ap_uint_ap_uint_ap_fixed_16_8_5_3_0_x_buf_3_d0        |  out|   16|   ap_memory|  void_ConvTranspose_ap_uint_ap_uint_ap_uint_ap_fixed_16_8_5_3_0_x_buf_3|         array|
|void_ConvTranspose_ap_uint_ap_uint_ap_uint_ap_fixed_16_8_5_3_0_x_buf_2_address0  |  out|   15|   ap_memory|  void_ConvTranspose_ap_uint_ap_uint_ap_uint_ap_fixed_16_8_5_3_0_x_buf_2|         array|
|void_ConvTranspose_ap_uint_ap_uint_ap_uint_ap_fixed_16_8_5_3_0_x_buf_2_ce0       |  out|    1|   ap_memory|  void_ConvTranspose_ap_uint_ap_uint_ap_uint_ap_fixed_16_8_5_3_0_x_buf_2|         array|
|void_ConvTranspose_ap_uint_ap_uint_ap_uint_ap_fixed_16_8_5_3_0_x_buf_2_we0       |  out|    1|   ap_memory|  void_ConvTranspose_ap_uint_ap_uint_ap_uint_ap_fixed_16_8_5_3_0_x_buf_2|         array|
|void_ConvTranspose_ap_uint_ap_uint_ap_uint_ap_fixed_16_8_5_3_0_x_buf_2_d0        |  out|   16|   ap_memory|  void_ConvTranspose_ap_uint_ap_uint_ap_uint_ap_fixed_16_8_5_3_0_x_buf_2|         array|
|void_ConvTranspose_ap_uint_ap_uint_ap_uint_ap_fixed_16_8_5_3_0_x_buf_1_address0  |  out|   15|   ap_memory|  void_ConvTranspose_ap_uint_ap_uint_ap_uint_ap_fixed_16_8_5_3_0_x_buf_1|         array|
|void_ConvTranspose_ap_uint_ap_uint_ap_uint_ap_fixed_16_8_5_3_0_x_buf_1_ce0       |  out|    1|   ap_memory|  void_ConvTranspose_ap_uint_ap_uint_ap_uint_ap_fixed_16_8_5_3_0_x_buf_1|         array|
|void_ConvTranspose_ap_uint_ap_uint_ap_uint_ap_fixed_16_8_5_3_0_x_buf_1_we0       |  out|    1|   ap_memory|  void_ConvTranspose_ap_uint_ap_uint_ap_uint_ap_fixed_16_8_5_3_0_x_buf_1|         array|
|void_ConvTranspose_ap_uint_ap_uint_ap_uint_ap_fixed_16_8_5_3_0_x_buf_1_d0        |  out|   16|   ap_memory|  void_ConvTranspose_ap_uint_ap_uint_ap_uint_ap_fixed_16_8_5_3_0_x_buf_1|         array|
|void_ConvTranspose_ap_uint_ap_uint_ap_uint_ap_fixed_16_8_5_3_0_x_buf_address0    |  out|   15|   ap_memory|    void_ConvTranspose_ap_uint_ap_uint_ap_uint_ap_fixed_16_8_5_3_0_x_buf|         array|
|void_ConvTranspose_ap_uint_ap_uint_ap_uint_ap_fixed_16_8_5_3_0_x_buf_ce0         |  out|    1|   ap_memory|    void_ConvTranspose_ap_uint_ap_uint_ap_uint_ap_fixed_16_8_5_3_0_x_buf|         array|
|void_ConvTranspose_ap_uint_ap_uint_ap_uint_ap_fixed_16_8_5_3_0_x_buf_we0         |  out|    1|   ap_memory|    void_ConvTranspose_ap_uint_ap_uint_ap_uint_ap_fixed_16_8_5_3_0_x_buf|         array|
|void_ConvTranspose_ap_uint_ap_uint_ap_uint_ap_fixed_16_8_5_3_0_x_buf_d0          |  out|   16|   ap_memory|    void_ConvTranspose_ap_uint_ap_uint_ap_uint_ap_fixed_16_8_5_3_0_x_buf|         array|
+---------------------------------------------------------------------------------+-----+-----+------------+------------------------------------------------------------------------+--------------+

