

================================================================
== Vitis HLS Report for 'rb_norm_finalize_Pipeline_VITIS_LOOP_114_1'
================================================================
* Date:           Fri Jun 12 11:51:33 2026

* Version:        2024.2 (Build 5238294 on Nov  8 2024)
* Project:        prj_syn_int_prof
* Solution:       sol (Vitis Kernel Flow Target)
* Product family: zynquplus
* Target device:  xczu7ev-ffvc1156-2-e


================================================================
== Performance Estimates
================================================================
+ Timing: 
    * Summary: 
    +--------+---------+----------+------------+
    |  Clock |  Target | Estimated| Uncertainty|
    +--------+---------+----------+------------+
    |ap_clk  |  3.33 ns|  2.611 ns|     0.90 ns|
    +--------+---------+----------+------------+

+ Latency: 
    * Summary: 
    +---------+---------+----------+----------+-----+-----+------------------------------------------------+
    |  Latency (cycles) |  Latency (absolute) |  Interval |                    Pipeline                    |
    |   min   |   max   |    min   |    max   | min | max |                      Type                      |
    +---------+---------+----------+----------+-----+-----+------------------------------------------------+
    |       39|       39|  0.130 us|  0.130 us|   38|   38|  loop auto-rewind stp (delay=0 clock cycles(s))|
    +---------+---------+----------+----------+-----+-----+------------------------------------------------+

    + Detail: 
        * Instance: 
        N/A

        * Loop: 
        +--------------------+---------+---------+----------+-----------+-----------+------+----------+
        |                    |  Latency (cycles) | Iteration|  Initiation Interval  | Trip |          |
        |      Loop Name     |   min   |   max   |  Latency |  achieved |   target  | Count| Pipelined|
        +--------------------+---------+---------+----------+-----------+-----------+------+----------+
        |- VITIS_LOOP_114_1  |       37|       37|        20|         18|          1|     2|       yes|
        +--------------------+---------+---------+----------+-----------+-----------+------+----------+



================================================================
== Utilization Estimates
================================================================
* Summary: 
+-----------------+---------+------+--------+--------+-----+
|       Name      | BRAM_18K|  DSP |   FF   |   LUT  | URAM|
+-----------------+---------+------+--------+--------+-----+
|DSP              |        -|     -|       -|       -|    -|
|Expression       |        -|     -|       0|     629|    -|
|FIFO             |        -|     -|       -|       -|    -|
|Instance         |        -|     -|       -|       -|    -|
|Memory           |        -|     -|       -|       -|    -|
|Multiplexer      |        -|     -|       0|     169|    -|
|Register         |        -|     -|     644|       -|    -|
+-----------------+---------+------+--------+--------+-----+
|Total            |        0|     0|     644|     798|    0|
+-----------------+---------+------+--------+--------+-----+
|Available        |      624|  1728|  460800|  230400|   96|
+-----------------+---------+------+--------+--------+-----+
|Utilization (%)  |        0|     0|      ~0|      ~0|    0|
+-----------------+---------+------+--------+--------+-----+

+ Detail: 
    * Instance: 
    N/A

    * DSP: 
    N/A

    * Memory: 
    N/A

    * FIFO: 
    N/A

    * Expression: 
    +----------------------+----------+----+---+-----+------------+------------+
    |     Variable Name    | Operation| DSP| FF| LUT | Bitwidth P0| Bitwidth P1|
    +----------------------+----------+----+---+-----+------------+------------+
    |i_2_fu_142_p2         |         +|   0|  0|    9|           2|           1|
    |sub_ln115_fu_170_p2   |         -|   0|  0|   71|          64|          64|
    |ashr_ln115_fu_166_p2  |      ashr|   0|  0|  179|          64|          64|
    |mult_1_fu_174_p2      |      ashr|   0|  0|  179|          64|          64|
    |icmp_ln114_fu_136_p2  |      icmp|   0|  0|   10|           2|           3|
    |lshr_ln115_fu_162_p2  |      lshr|   0|  0|  179|          64|          64|
    |ap_enable_pp0         |       xor|   0|  0|    2|           1|           2|
    +----------------------+----------+----+---+-----+------------+------------+
    |Total                 |          |   0|  0|  629|         261|         262|
    +----------------------+----------+----+---+-----+------------+------------+

    * Multiplexer: 
    +------------------------------+----+-----------+-----+-----------+
    |             Name             | LUT| Input Size| Bits| Total Bits|
    +------------------------------+----+-----------+-----+-----------+
    |ap_NS_fsm                     |  97|         19|    1|         19|
    |ap_done_int                   |   9|          2|    1|          2|
    |ap_enable_reg_pp0_iter0       |   9|          2|    1|          2|
    |ap_enable_reg_pp0_iter0_reg   |   9|          2|    1|          2|
    |ap_enable_reg_pp0_iter1       |   9|          2|    1|          2|
    |ap_sig_allocacmp_i_1          |   9|          2|    2|          4|
    |ap_sig_allocacmp_mult_load_1  |   9|          2|   63|        126|
    |i_fu_50                       |   9|          2|    2|          4|
    |mult_fu_46                    |   9|          2|   63|        126|
    +------------------------------+----+-----------+-----+-----------+
    |Total                         | 169|         35|  135|        287|
    +------------------------------+----+-----------+-----+-----------+

    * Register: 
    +-----------------------------+----+----+-----+-----------+
    |             Name            | FF | LUT| Bits| Const Bits|
    +-----------------------------+----+----+-----+-----------+
    |ap_CS_fsm                    |  18|   0|   18|          0|
    |ap_done_reg                  |   1|   0|    1|          0|
    |ap_enable_reg_pp0_iter0_reg  |   1|   0|    1|          0|
    |ap_enable_reg_pp0_iter1      |   1|   0|    1|          0|
    |ashr_ln115_reg_253           |  64|   0|   64|          0|
    |i_fu_50                      |   2|   0|    2|          0|
    |icmp_ln114_reg_227           |   1|   0|    1|          0|
    |lshr_ln115_reg_243           |  64|   0|   64|          0|
    |mul_ln115_1_reg_248          |  64|   0|   64|          0|
    |mul_ln115_2_reg_263          |  64|   0|   64|          0|
    |mul_ln115_reg_238            |  64|   0|   64|          0|
    |mult_fu_46                   |  63|   0|   63|          0|
    |sext_ln113_cast_reg_216      |  64|   0|   64|          0|
    |sext_ln114_reg_231           |  64|   0|   64|          0|
    |sh_prom18_i_cast_reg_206     |   6|   0|   64|         58|
    |sh_prom7_i_cast_reg_221      |   5|   0|   64|         59|
    |sub_ln115_reg_258            |  64|   0|   64|          0|
    |zext_ln112_2_cast_reg_211    |  34|   0|   64|         30|
    +-----------------------------+----+----+-----+-----------+
    |Total                        | 644|   0|  791|        147|
    +-----------------------------+----+----+-----+-----------+



================================================================
== Interface
================================================================
* Summary: 
+--------------------+-----+-----+------------+--------------------------------------------+--------------+
|      RTL Ports     | Dir | Bits|  Protocol  |                Source Object               |    C Type    |
+--------------------+-----+-----+------------+--------------------------------------------+--------------+
|ap_clk              |   in|    1|  ap_ctrl_hs|  rb_norm_finalize_Pipeline_VITIS_LOOP_114_1|  return value|
|ap_rst              |   in|    1|  ap_ctrl_hs|  rb_norm_finalize_Pipeline_VITIS_LOOP_114_1|  return value|
|ap_start            |   in|    1|  ap_ctrl_hs|  rb_norm_finalize_Pipeline_VITIS_LOOP_114_1|  return value|
|ap_done             |  out|    1|  ap_ctrl_hs|  rb_norm_finalize_Pipeline_VITIS_LOOP_114_1|  return value|
|ap_idle             |  out|    1|  ap_ctrl_hs|  rb_norm_finalize_Pipeline_VITIS_LOOP_114_1|  return value|
|ap_ready            |  out|    1|  ap_ctrl_hs|  rb_norm_finalize_Pipeline_VITIS_LOOP_114_1|  return value|
|grp_fu_234_p_din0   |  out|   63|  ap_ctrl_hs|  rb_norm_finalize_Pipeline_VITIS_LOOP_114_1|  return value|
|grp_fu_234_p_din1   |  out|   63|  ap_ctrl_hs|  rb_norm_finalize_Pipeline_VITIS_LOOP_114_1|  return value|
|grp_fu_234_p_dout0  |   in|   64|  ap_ctrl_hs|  rb_norm_finalize_Pipeline_VITIS_LOOP_114_1|  return value|
|grp_fu_234_p_ce     |  out|    1|  ap_ctrl_hs|  rb_norm_finalize_Pipeline_VITIS_LOOP_114_1|  return value|
|grp_fu_238_p_din0   |  out|   64|  ap_ctrl_hs|  rb_norm_finalize_Pipeline_VITIS_LOOP_114_1|  return value|
|grp_fu_238_p_din1   |  out|   32|  ap_ctrl_hs|  rb_norm_finalize_Pipeline_VITIS_LOOP_114_1|  return value|
|grp_fu_238_p_dout0  |   in|   64|  ap_ctrl_hs|  rb_norm_finalize_Pipeline_VITIS_LOOP_114_1|  return value|
|grp_fu_238_p_ce     |  out|    1|  ap_ctrl_hs|  rb_norm_finalize_Pipeline_VITIS_LOOP_114_1|  return value|
|grp_fu_242_p_din0   |  out|   64|  ap_ctrl_hs|  rb_norm_finalize_Pipeline_VITIS_LOOP_114_1|  return value|
|grp_fu_242_p_din1   |  out|   63|  ap_ctrl_hs|  rb_norm_finalize_Pipeline_VITIS_LOOP_114_1|  return value|
|grp_fu_242_p_dout0  |   in|   64|  ap_ctrl_hs|  rb_norm_finalize_Pipeline_VITIS_LOOP_114_1|  return value|
|grp_fu_242_p_ce     |  out|    1|  ap_ctrl_hs|  rb_norm_finalize_Pipeline_VITIS_LOOP_114_1|  return value|
|sext_ln110          |   in|   34|     ap_none|                                  sext_ln110|        scalar|
|sh_prom7_i          |   in|    5|     ap_none|                                  sh_prom7_i|        scalar|
|sext_ln113          |   in|   32|     ap_none|                                  sext_ln113|        scalar|
|zext_ln112_2        |   in|   34|     ap_none|                                zext_ln112_2|        scalar|
|sh_prom18_i         |   in|    6|     ap_none|                                 sh_prom18_i|        scalar|
|mult_2_out          |  out|   63|      ap_vld|                                  mult_2_out|       pointer|
|mult_2_out_ap_vld   |  out|    1|      ap_vld|                                  mult_2_out|       pointer|
+--------------------+-----+-----+------------+--------------------------------------------+--------------+

