

================================================================
== Vitis HLS Report for 'Resblock_Engine_Kernel_16_Pipeline_VITIS_LOOP_213_2_VITIS_LOOP_217_3_RB_LOAD'
================================================================
* Date:           Fri Jun 12 11:51:27 2026

* Version:        2024.2 (Build 5238294 on Nov  8 2024)
* Project:        prj_syn_int_prof
* Solution:       sol (Vitis Kernel Flow Target)
* Product family: zynquplus
* Target device:  xczu7ev-ffvc1156-2-e


================================================================
== Performance Estimates
================================================================
+ Timing: 
    * Summary: 
    +--------+---------+----------+------------+
    |  Clock |  Target | Estimated| Uncertainty|
    +--------+---------+----------+------------+
    |ap_clk  |  3.33 ns|  2.660 ns|     0.90 ns|
    +--------+---------+----------+------------+

+ Latency: 
    * Summary: 
    +---------+---------+----------+----------+-----+------+------------------------------------------------+
    |  Latency (cycles) |  Latency (absolute) |  Interval  |                    Pipeline                    |
    |   min   |   max   |    min   |    max   | min |  max |                      Type                      |
    +---------+---------+----------+----------+-----+------+------------------------------------------------+
    |     1038|     2958|  3.460 us|  9.859 us|  961|  2881|  loop auto-rewind stp (delay=0 clock cycles(s))|
    +---------+---------+----------+----------+-----+------+------------------------------------------------+

    + Detail: 
        * Instance: 
        N/A

        * Loop: 
        +---------------------------------------------+---------+---------+----------+-----------+-----------+------------+----------+
        |                                             |  Latency (cycles) | Iteration|  Initiation Interval  |    Trip    |          |
        |                  Loop Name                  |   min   |   max   |  Latency |  achieved |   target  |    Count   | Pipelined|
        +---------------------------------------------+---------+---------+----------+-----------+-----------+------------+----------+
        |- VITIS_LOOP_213_2_VITIS_LOOP_217_3_RB_LOAD  |     1036|     2956|        78|          1|          1|  960 ~ 2880|       yes|
        +---------------------------------------------+---------+---------+----------+-----------+-----------+------------+----------+



================================================================
== Utilization Estimates
================================================================
* Summary: 
+-----------------+---------+------+--------+--------+-----+
|       Name      | BRAM_18K|  DSP |   FF   |   LUT  | URAM|
+-----------------+---------+------+--------+--------+-----+
|DSP              |        -|     -|       -|       -|    -|
|Expression       |        -|     -|       0|    2735|    -|
|FIFO             |        -|     -|       -|       -|    -|
|Instance         |        -|     -|       -|       -|    -|
|Memory           |        -|     -|       -|       -|    -|
|Multiplexer      |        -|     -|       0|     108|    -|
|Register         |        -|     -|    1551|     224|    -|
+-----------------+---------+------+--------+--------+-----+
|Total            |        0|     0|    1551|    3067|    0|
+-----------------+---------+------+--------+--------+-----+
|Available        |      624|  1728|  460800|  230400|   96|
+-----------------+---------+------+--------+--------+-----+
|Utilization (%)  |        0|     0|      ~0|       1|    0|
+-----------------+---------+------+--------+--------+-----+

+ Detail: 
    * Instance: 
    N/A

    * DSP: 
    N/A

    * Memory: 
    N/A

    * FIFO: 
    N/A

    * Expression: 
    +---------------------------+----------+----+---+------+------------+------------+
    |       Variable Name       | Operation| DSP| FF|  LUT | Bitwidth P0| Bitwidth P1|
    +---------------------------+----------+----+---+------+------------+------------+
    |add_ln213_fu_614_p2        |         +|   0|  0|    19|          12|           1|
    |add_ln214_fu_729_p2        |         +|   0|  0|     9|           2|           2|
    |add_ln217_1_fu_643_p2      |         +|   0|  0|    18|          11|           1|
    |add_ln217_fu_702_p2        |         +|   0|  0|    12|           5|           1|
    |add_ln219_fu_819_p2        |         +|   0|  0|    13|           6|           1|
    |add_ln222_fu_1070_p2       |         +|   0|  0|    19|           8|           8|
    |add_ln223_1_fu_1099_p2     |         +|   0|  0|    21|          14|          14|
    |add_ln223_2_fu_933_p2      |         +|   0|  0|    64|          64|          64|
    |add_ln223_fu_938_p2        |         +|   0|  0|    64|          64|          64|
    |empty_346_fu_987_p2        |         +|   0|  0|    18|          11|          11|
    |i_fu_623_p2                |         +|   0|  0|     9|           2|           1|
    |slot_fu_968_p2             |         +|   0|  0|     9|           2|           1|
    |sub_ln215_1_fu_782_p2      |         -|   0|  0|    12|           3|           5|
    |sub_ln215_fu_752_p2        |         -|   0|  0|    12|           1|           5|
    |sub_ln218_1_fu_895_p2      |         -|   0|  0|    22|           1|          15|
    |sub_ln218_2_fu_855_p2      |         -|   0|  0|    26|          19|          19|
    |sub_ln218_fu_869_p2        |         -|   0|  0|    26|           1|          19|
    |sub_ln219_fu_1017_p2       |         -|   0|  0|    21|          14|          14|
    |sub_ln222_fu_1061_p2       |         -|   0|  0|    19|           8|           8|
    |and_ln213_fu_696_p2        |       and|   0|  0|     2|           1|           1|
    |icmp1064_fu_804_p2         |      icmp|   0|  0|     9|           2|           1|
    |icmp_ln212_fu_571_p2       |      icmp|   0|  0|    12|           4|           1|
    |icmp_ln213_fu_608_p2       |      icmp|   0|  0|    19|          12|          12|
    |icmp_ln215_fu_776_p2       |      icmp|   0|  0|     9|           2|           1|
    |icmp_ln217_fu_629_p2       |      icmp|   0|  0|    18|          11|          10|
    |icmp_ln219_fu_690_p2       |      icmp|   0|  0|    13|           6|           4|
    |lshr_ln223_fu_1034_p2      |      lshr|   0|  0|  2171|         512|         512|
    |ap_block_pp0_stage0_11001  |        or|   0|  0|     2|           1|           1|
    |empty_345_fu_810_p2        |        or|   0|  0|     2|           1|           1|
    |empty_fu_708_p2            |        or|   0|  0|     2|           1|           1|
    |h_c_fu_796_p3              |    select|   0|  0|     5|           1|           5|
    |h_fu_738_p3                |    select|   0|  0|     6|           1|           6|
    |j_1_mid2_fu_713_p3         |    select|   0|  0|     6|           1|           1|
    |select_ln213_1_fu_635_p3   |    select|   0|  0|     2|           1|           2|
    |select_ln213_fu_678_p3     |    select|   0|  0|     5|           1|           1|
    |select_ln215_fu_788_p3     |    select|   0|  0|     5|           1|           5|
    |select_ln217_1_fu_649_p3   |    select|   0|  0|    10|           1|           1|
    |select_ln217_fu_721_p3     |    select|   0|  0|     5|           1|           5|
    |select_ln218_fu_900_p3     |    select|   0|  0|    15|           1|          15|
    |ap_enable_pp0              |       xor|   0|  0|     2|           1|           2|
    |xor_ln213_fu_685_p2        |       xor|   0|  0|     2|           1|           2|
    +---------------------------+----------+----+---+------+------------+------------+
    |Total                      |          |   0|  0|  2735|         812|         844|
    +---------------------------+----------+----+---+------+------------+------------+

    * Multiplexer: 
    +----------------------------------------+----+-----------+-----+-----------+
    |                  Name                  | LUT| Input Size| Bits| Total Bits|
    +----------------------------------------+----+-----------+-----+-----------+
    |ap_done_int                             |   9|          2|    1|          2|
    |ap_enable_reg_pp0_iter1                 |   9|          2|    1|          2|
    |ap_sig_allocacmp_i_2_load               |   9|          2|    2|          4|
    |ap_sig_allocacmp_indvar_flatten12_load  |   9|          2|   12|         24|
    |ap_sig_allocacmp_indvar_flatten_load    |   9|          2|   11|         22|
    |gmem_data_blk_n_AR                      |   9|          2|    1|          2|
    |gmem_data_blk_n_R                       |   9|          2|    1|          2|
    |i_2_fu_228                              |   9|          2|    2|          4|
    |indvar_flatten12_fu_232                 |   9|          2|   12|         24|
    |indvar_flatten_fu_224                   |   9|          2|   11|         22|
    |j_1_fu_216                              |   9|          2|    6|         12|
    |w_fu_220                                |   9|          2|    5|         10|
    +----------------------------------------+----+-----------+-----+-----------+
    |Total                                   | 108|         24|   65|        130|
    +----------------------------------------+----+-----------+-----+-----------+

    * Register: 
    +-------------------------------------------+-----+----+-----+-----------+
    |                    Name                   |  FF | LUT| Bits| Const Bits|
    +-------------------------------------------+-----+----+-----+-----------+
    |ap_CS_fsm                                  |    1|   0|    1|          0|
    |ap_block_pp0_stage0_subdone_grp0_done_reg  |    1|   0|    1|          0|
    |ap_done_reg                                |    1|   0|    1|          0|
    |ap_enable_reg_pp0_iter1                    |    1|   0|    1|          0|
    |ap_enable_reg_pp0_iter10                   |    1|   0|    1|          0|
    |ap_enable_reg_pp0_iter11                   |    1|   0|    1|          0|
    |ap_enable_reg_pp0_iter12                   |    1|   0|    1|          0|
    |ap_enable_reg_pp0_iter13                   |    1|   0|    1|          0|
    |ap_enable_reg_pp0_iter14                   |    1|   0|    1|          0|
    |ap_enable_reg_pp0_iter15                   |    1|   0|    1|          0|
    |ap_enable_reg_pp0_iter16                   |    1|   0|    1|          0|
    |ap_enable_reg_pp0_iter17                   |    1|   0|    1|          0|
    |ap_enable_reg_pp0_iter18                   |    1|   0|    1|          0|
    |ap_enable_reg_pp0_iter19                   |    1|   0|    1|          0|
    |ap_enable_reg_pp0_iter2                    |    1|   0|    1|          0|
    |ap_enable_reg_pp0_iter20                   |    1|   0|    1|          0|
    |ap_enable_reg_pp0_iter21                   |    1|   0|    1|          0|
    |ap_enable_reg_pp0_iter22                   |    1|   0|    1|          0|
    |ap_enable_reg_pp0_iter23                   |    1|   0|    1|          0|
    |ap_enable_reg_pp0_iter24                   |    1|   0|    1|          0|
    |ap_enable_reg_pp0_iter25                   |    1|   0|    1|          0|
    |ap_enable_reg_pp0_iter26                   |    1|   0|    1|          0|
    |ap_enable_reg_pp0_iter27                   |    1|   0|    1|          0|
    |ap_enable_reg_pp0_iter28                   |    1|   0|    1|          0|
    |ap_enable_reg_pp0_iter29                   |    1|   0|    1|          0|
    |ap_enable_reg_pp0_iter3                    |    1|   0|    1|          0|
    |ap_enable_reg_pp0_iter30                   |    1|   0|    1|          0|
    |ap_enable_reg_pp0_iter31                   |    1|   0|    1|          0|
    |ap_enable_reg_pp0_iter32                   |    1|   0|    1|          0|
    |ap_enable_reg_pp0_iter33                   |    1|   0|    1|          0|
    |ap_enable_reg_pp0_iter34                   |    1|   0|    1|          0|
    |ap_enable_reg_pp0_iter35                   |    1|   0|    1|          0|
    |ap_enable_reg_pp0_iter36                   |    1|   0|    1|          0|
    |ap_enable_reg_pp0_iter37                   |    1|   0|    1|          0|
    |ap_enable_reg_pp0_iter38                   |    1|   0|    1|          0|
    |ap_enable_reg_pp0_iter39                   |    1|   0|    1|          0|
    |ap_enable_reg_pp0_iter4                    |    1|   0|    1|          0|
    |ap_enable_reg_pp0_iter40                   |    1|   0|    1|          0|
    |ap_enable_reg_pp0_iter41                   |    1|   0|    1|          0|
    |ap_enable_reg_pp0_iter42                   |    1|   0|    1|          0|
    |ap_enable_reg_pp0_iter43                   |    1|   0|    1|          0|
    |ap_enable_reg_pp0_iter44                   |    1|   0|    1|          0|
    |ap_enable_reg_pp0_iter45                   |    1|   0|    1|          0|
    |ap_enable_reg_pp0_iter46                   |    1|   0|    1|          0|
    |ap_enable_reg_pp0_iter47                   |    1|   0|    1|          0|
    |ap_enable_reg_pp0_iter48                   |    1|   0|    1|          0|
    |ap_enable_reg_pp0_iter49                   |    1|   0|    1|          0|
    |ap_enable_reg_pp0_iter5                    |    1|   0|    1|          0|
    |ap_enable_reg_pp0_iter50                   |    1|   0|    1|          0|
    |ap_enable_reg_pp0_iter51                   |    1|   0|    1|          0|
    |ap_enable_reg_pp0_iter52                   |    1|   0|    1|          0|
    |ap_enable_reg_pp0_iter53                   |    1|   0|    1|          0|
    |ap_enable_reg_pp0_iter54                   |    1|   0|    1|          0|
    |ap_enable_reg_pp0_iter55                   |    1|   0|    1|          0|
    |ap_enable_reg_pp0_iter56                   |    1|   0|    1|          0|
    |ap_enable_reg_pp0_iter57                   |    1|   0|    1|          0|
    |ap_enable_reg_pp0_iter58                   |    1|   0|    1|          0|
    |ap_enable_reg_pp0_iter59                   |    1|   0|    1|          0|
    |ap_enable_reg_pp0_iter6                    |    1|   0|    1|          0|
    |ap_enable_reg_pp0_iter60                   |    1|   0|    1|          0|
    |ap_enable_reg_pp0_iter61                   |    1|   0|    1|          0|
    |ap_enable_reg_pp0_iter62                   |    1|   0|    1|          0|
    |ap_enable_reg_pp0_iter63                   |    1|   0|    1|          0|
    |ap_enable_reg_pp0_iter64                   |    1|   0|    1|          0|
    |ap_enable_reg_pp0_iter65                   |    1|   0|    1|          0|
    |ap_enable_reg_pp0_iter66                   |    1|   0|    1|          0|
    |ap_enable_reg_pp0_iter67                   |    1|   0|    1|          0|
    |ap_enable_reg_pp0_iter68                   |    1|   0|    1|          0|
    |ap_enable_reg_pp0_iter69                   |    1|   0|    1|          0|
    |ap_enable_reg_pp0_iter7                    |    1|   0|    1|          0|
    |ap_enable_reg_pp0_iter70                   |    1|   0|    1|          0|
    |ap_enable_reg_pp0_iter71                   |    1|   0|    1|          0|
    |ap_enable_reg_pp0_iter72                   |    1|   0|    1|          0|
    |ap_enable_reg_pp0_iter73                   |    1|   0|    1|          0|
    |ap_enable_reg_pp0_iter74                   |    1|   0|    1|          0|
    |ap_enable_reg_pp0_iter75                   |    1|   0|    1|          0|
    |ap_enable_reg_pp0_iter76                   |    1|   0|    1|          0|
    |ap_enable_reg_pp0_iter77                   |    1|   0|    1|          0|
    |ap_enable_reg_pp0_iter8                    |    1|   0|    1|          0|
    |ap_enable_reg_pp0_iter9                    |    1|   0|    1|          0|
    |ap_loop_exit_ready_pp0_iter10_reg          |    1|   0|    1|          0|
    |ap_loop_exit_ready_pp0_iter11_reg          |    1|   0|    1|          0|
    |ap_loop_exit_ready_pp0_iter12_reg          |    1|   0|    1|          0|
    |ap_loop_exit_ready_pp0_iter13_reg          |    1|   0|    1|          0|
    |ap_loop_exit_ready_pp0_iter14_reg          |    1|   0|    1|          0|
    |ap_loop_exit_ready_pp0_iter15_reg          |    1|   0|    1|          0|
    |ap_loop_exit_ready_pp0_iter16_reg          |    1|   0|    1|          0|
    |ap_loop_exit_ready_pp0_iter17_reg          |    1|   0|    1|          0|
    |ap_loop_exit_ready_pp0_iter18_reg          |    1|   0|    1|          0|
    |ap_loop_exit_ready_pp0_iter19_reg          |    1|   0|    1|          0|
    |ap_loop_exit_ready_pp0_iter1_reg           |    1|   0|    1|          0|
    |ap_loop_exit_ready_pp0_iter20_reg          |    1|   0|    1|          0|
    |ap_loop_exit_ready_pp0_iter21_reg          |    1|   0|    1|          0|
    |ap_loop_exit_ready_pp0_iter22_reg          |    1|   0|    1|          0|
    |ap_loop_exit_ready_pp0_iter23_reg          |    1|   0|    1|          0|
    |ap_loop_exit_ready_pp0_iter24_reg          |    1|   0|    1|          0|
    |ap_loop_exit_ready_pp0_iter25_reg          |    1|   0|    1|          0|
    |ap_loop_exit_ready_pp0_iter26_reg          |    1|   0|    1|          0|
    |ap_loop_exit_ready_pp0_iter27_reg          |    1|   0|    1|          0|
    |ap_loop_exit_ready_pp0_iter28_reg          |    1|   0|    1|          0|
    |ap_loop_exit_ready_pp0_iter29_reg          |    1|   0|    1|          0|
    |ap_loop_exit_ready_pp0_iter2_reg           |    1|   0|    1|          0|
    |ap_loop_exit_ready_pp0_iter30_reg          |    1|   0|    1|          0|
    |ap_loop_exit_ready_pp0_iter31_reg          |    1|   0|    1|          0|
    |ap_loop_exit_ready_pp0_iter32_reg          |    1|   0|    1|          0|
    |ap_loop_exit_ready_pp0_iter33_reg          |    1|   0|    1|          0|
    |ap_loop_exit_ready_pp0_iter34_reg          |    1|   0|    1|          0|
    |ap_loop_exit_ready_pp0_iter35_reg          |    1|   0|    1|          0|
    |ap_loop_exit_ready_pp0_iter36_reg          |    1|   0|    1|          0|
    |ap_loop_exit_ready_pp0_iter37_reg          |    1|   0|    1|          0|
    |ap_loop_exit_ready_pp0_iter38_reg          |    1|   0|    1|          0|
    |ap_loop_exit_ready_pp0_iter39_reg          |    1|   0|    1|          0|
    |ap_loop_exit_ready_pp0_iter3_reg           |    1|   0|    1|          0|
    |ap_loop_exit_ready_pp0_iter40_reg          |    1|   0|    1|          0|
    |ap_loop_exit_ready_pp0_iter41_reg          |    1|   0|    1|          0|
    |ap_loop_exit_ready_pp0_iter42_reg          |    1|   0|    1|          0|
    |ap_loop_exit_ready_pp0_iter43_reg          |    1|   0|    1|          0|
    |ap_loop_exit_ready_pp0_iter44_reg          |    1|   0|    1|          0|
    |ap_loop_exit_ready_pp0_iter45_reg          |    1|   0|    1|          0|
    |ap_loop_exit_ready_pp0_iter46_reg          |    1|   0|    1|          0|
    |ap_loop_exit_ready_pp0_iter47_reg          |    1|   0|    1|          0|
    |ap_loop_exit_ready_pp0_iter48_reg          |    1|   0|    1|          0|
    |ap_loop_exit_ready_pp0_iter49_reg          |    1|   0|    1|          0|
    |ap_loop_exit_ready_pp0_iter4_reg           |    1|   0|    1|          0|
    |ap_loop_exit_ready_pp0_iter50_reg          |    1|   0|    1|          0|
    |ap_loop_exit_ready_pp0_iter51_reg          |    1|   0|    1|          0|
    |ap_loop_exit_ready_pp0_iter52_reg          |    1|   0|    1|          0|
    |ap_loop_exit_ready_pp0_iter53_reg          |    1|   0|    1|          0|
    |ap_loop_exit_ready_pp0_iter54_reg          |    1|   0|    1|          0|
    |ap_loop_exit_ready_pp0_iter55_reg          |    1|   0|    1|          0|
    |ap_loop_exit_ready_pp0_iter56_reg          |    1|   0|    1|          0|
    |ap_loop_exit_ready_pp0_iter57_reg          |    1|   0|    1|          0|
    |ap_loop_exit_ready_pp0_iter58_reg          |    1|   0|    1|          0|
    |ap_loop_exit_ready_pp0_iter59_reg          |    1|   0|    1|          0|
    |ap_loop_exit_ready_pp0_iter5_reg           |    1|   0|    1|          0|
    |ap_loop_exit_ready_pp0_iter60_reg          |    1|   0|    1|          0|
    |ap_loop_exit_ready_pp0_iter61_reg          |    1|   0|    1|          0|
    |ap_loop_exit_ready_pp0_iter62_reg          |    1|   0|    1|          0|
    |ap_loop_exit_ready_pp0_iter63_reg          |    1|   0|    1|          0|
    |ap_loop_exit_ready_pp0_iter64_reg          |    1|   0|    1|          0|
    |ap_loop_exit_ready_pp0_iter65_reg          |    1|   0|    1|          0|
    |ap_loop_exit_ready_pp0_iter66_reg          |    1|   0|    1|          0|
    |ap_loop_exit_ready_pp0_iter67_reg          |    1|   0|    1|          0|
    |ap_loop_exit_ready_pp0_iter68_reg          |    1|   0|    1|          0|
    |ap_loop_exit_ready_pp0_iter69_reg          |    1|   0|    1|          0|
    |ap_loop_exit_ready_pp0_iter6_reg           |    1|   0|    1|          0|
    |ap_loop_exit_ready_pp0_iter70_reg          |    1|   0|    1|          0|
    |ap_loop_exit_ready_pp0_iter71_reg          |    1|   0|    1|          0|
    |ap_loop_exit_ready_pp0_iter72_reg          |    1|   0|    1|          0|
    |ap_loop_exit_ready_pp0_iter73_reg          |    1|   0|    1|          0|
    |ap_loop_exit_ready_pp0_iter74_reg          |    1|   0|    1|          0|
    |ap_loop_exit_ready_pp0_iter75_reg          |    1|   0|    1|          0|
    |ap_loop_exit_ready_pp0_iter76_reg          |    1|   0|    1|          0|
    |ap_loop_exit_ready_pp0_iter7_reg           |    1|   0|    1|          0|
    |ap_loop_exit_ready_pp0_iter8_reg           |    1|   0|    1|          0|
    |ap_loop_exit_ready_pp0_iter9_reg           |    1|   0|    1|          0|
    |empty_345_reg_1208                         |    1|   0|    1|          0|
    |gmem_data_addr_read_reg_1249               |  512|   0|  512|          0|
    |h_c_reg_1202                               |    5|   0|    5|          0|
    |h_reg_1192                                 |    6|   0|    6|          0|
    |i_2_fu_228                                 |    2|   0|    2|          0|
    |icmp_ln212_reg_1159                        |    1|   0|    1|          0|
    |icmp_ln217_reg_1168                        |    1|   0|    1|          0|
    |indvar_flatten12_fu_232                    |   12|   0|   12|          0|
    |indvar_flatten_fu_224                      |   11|   0|   11|          0|
    |j_1_fu_216                                 |    6|   0|    6|          0|
    |j_1_mid2_reg_1180                          |    6|   0|    6|          0|
    |select_ln213_1_reg_1175                    |    2|   0|    2|          0|
    |select_ln217_reg_1187                      |    5|   0|    5|          0|
    |slot_reg_1254                              |    2|   0|    2|          0|
    |sub_ln219_reg_1260                         |   12|   0|   14|          2|
    |tmp_1_reg_1228                             |   13|   0|   15|          2|
    |tmp_56_reg_1218                            |    1|   0|    1|          0|
    |tmp_s_reg_1223                             |   13|   0|   15|          2|
    |trunc_ln215_reg_1197                       |    2|   0|    2|          0|
    |trunc_ln217_reg_1212                       |    4|   0|    4|          0|
    |trunc_ln223_1_reg_1265                     |  256|   0|  256|          0|
    |trunc_ln223_2_reg_1233                     |   58|   0|   58|          0|
    |trunc_ln223_reg_1238                       |    6|   0|    6|          0|
    |w_fu_220                                   |    5|   0|    5|          0|
    |zext_ln213_cast_reg_1154                   |    5|   0|    6|          1|
    |empty_345_reg_1208                         |   64|  32|    1|          0|
    |h_reg_1192                                 |   64|  32|    6|          0|
    |j_1_mid2_reg_1180                          |   64|  32|    6|          0|
    |select_ln217_reg_1187                      |   64|  32|    5|          0|
    |trunc_ln215_reg_1197                       |   64|  32|    2|          0|
    |trunc_ln217_reg_1212                       |   64|  32|    4|          0|
    |trunc_ln223_reg_1238                       |   64|  32|    6|          0|
    +-------------------------------------------+-----+----+-----+-----------+
    |Total                                      | 1551| 224| 1140|          7|
    +-------------------------------------------+-----+----+-----+-----------+



================================================================
== Interface
================================================================
* Summary: 
+--------------------------------------------------------------------------------------------------+-----+-----+------------+-----------------------------------------------------------------------------------------+--------------+
|                                             RTL Ports                                            | Dir | Bits|  Protocol  |                                      Source Object                                      |    C Type    |
+--------------------------------------------------------------------------------------------------+-----+-----+------------+-----------------------------------------------------------------------------------------+--------------+
|ap_clk                                                                                            |   in|    1|  ap_ctrl_hs|            Resblock_Engine_Kernel<16>_Pipeline_VITIS_LOOP_213_2_VITIS_LOOP_217_3_RB_LOAD|  return value|
|ap_rst                                                                                            |   in|    1|  ap_ctrl_hs|            Resblock_Engine_Kernel<16>_Pipeline_VITIS_LOOP_213_2_VITIS_LOOP_217_3_RB_LOAD|  return value|
|ap_start                                                                                          |   in|    1|  ap_ctrl_hs|            Resblock_Engine_Kernel<16>_Pipeline_VITIS_LOOP_213_2_VITIS_LOOP_217_3_RB_LOAD|  return value|
|ap_done                                                                                           |  out|    1|  ap_ctrl_hs|            Resblock_Engine_Kernel<16>_Pipeline_VITIS_LOOP_213_2_VITIS_LOOP_217_3_RB_LOAD|  return value|
|ap_idle                                                                                           |  out|    1|  ap_ctrl_hs|            Resblock_Engine_Kernel<16>_Pipeline_VITIS_LOOP_213_2_VITIS_LOOP_217_3_RB_LOAD|  return value|
|ap_ready                                                                                          |  out|    1|  ap_ctrl_hs|            Resblock_Engine_Kernel<16>_Pipeline_VITIS_LOOP_213_2_VITIS_LOOP_217_3_RB_LOAD|  return value|
|m_axi_gmem_data_0_AWVALID                                                                         |  out|    1|       m_axi|                                                                                gmem_data|       pointer|
|m_axi_gmem_data_0_AWREADY                                                                         |   in|    1|       m_axi|                                                                                gmem_data|       pointer|
|m_axi_gmem_data_0_AWADDR                                                                          |  out|   64|       m_axi|                                                                                gmem_data|       pointer|
|m_axi_gmem_data_0_AWID                                                                            |  out|    1|       m_axi|                                                                                gmem_data|       pointer|
|m_axi_gmem_data_0_AWLEN                                                                           |  out|   32|       m_axi|                                                                                gmem_data|       pointer|
|m_axi_gmem_data_0_AWSIZE                                                                          |  out|    3|       m_axi|                                                                                gmem_data|       pointer|
|m_axi_gmem_data_0_AWBURST                                                                         |  out|    2|       m_axi|                                                                                gmem_data|       pointer|
|m_axi_gmem_data_0_AWLOCK                                                                          |  out|    2|       m_axi|                                                                                gmem_data|       pointer|
|m_axi_gmem_data_0_AWCACHE                                                                         |  out|    4|       m_axi|                                                                                gmem_data|       pointer|
|m_axi_gmem_data_0_AWPROT                                                                          |  out|    3|       m_axi|                                                                                gmem_data|       pointer|
|m_axi_gmem_data_0_AWQOS                                                                           |  out|    4|       m_axi|                                                                                gmem_data|       pointer|
|m_axi_gmem_data_0_AWREGION                                                                        |  out|    4|       m_axi|                                                                                gmem_data|       pointer|
|m_axi_gmem_data_0_AWUSER                                                                          |  out|    1|       m_axi|                                                                                gmem_data|       pointer|
|m_axi_gmem_data_0_WVALID                                                                          |  out|    1|       m_axi|                                                                                gmem_data|       pointer|
|m_axi_gmem_data_0_WREADY                                                                          |   in|    1|       m_axi|                                                                                gmem_data|       pointer|
|m_axi_gmem_data_0_WDATA                                                                           |  out|  512|       m_axi|                                                                                gmem_data|       pointer|
|m_axi_gmem_data_0_WSTRB                                                                           |  out|   64|       m_axi|                                                                                gmem_data|       pointer|
|m_axi_gmem_data_0_WLAST                                                                           |  out|    1|       m_axi|                                                                                gmem_data|       pointer|
|m_axi_gmem_data_0_WID                                                                             |  out|    1|       m_axi|                                                                                gmem_data|       pointer|
|m_axi_gmem_data_0_WUSER                                                                           |  out|    1|       m_axi|                                                                                gmem_data|       pointer|
|m_axi_gmem_data_0_ARVALID                                                                         |  out|    1|       m_axi|                                                                                gmem_data|       pointer|
|m_axi_gmem_data_0_ARREADY                                                                         |   in|    1|       m_axi|                                                                                gmem_data|       pointer|
|m_axi_gmem_data_0_ARADDR                                                                          |  out|   64|       m_axi|                                                                                gmem_data|       pointer|
|m_axi_gmem_data_0_ARID                                                                            |  out|    1|       m_axi|                                                                                gmem_data|       pointer|
|m_axi_gmem_data_0_ARLEN                                                                           |  out|   32|       m_axi|                                                                                gmem_data|       pointer|
|m_axi_gmem_data_0_ARSIZE                                                                          |  out|    3|       m_axi|                                                                                gmem_data|       pointer|
|m_axi_gmem_data_0_ARBURST                                                                         |  out|    2|       m_axi|                                                                                gmem_data|       pointer|
|m_axi_gmem_data_0_ARLOCK                                                                          |  out|    2|       m_axi|                                                                                gmem_data|       pointer|
|m_axi_gmem_data_0_ARCACHE                                                                         |  out|    4|       m_axi|                                                                                gmem_data|       pointer|
|m_axi_gmem_data_0_ARPROT                                                                          |  out|    3|       m_axi|                                                                                gmem_data|       pointer|
|m_axi_gmem_data_0_ARQOS                                                                           |  out|    4|       m_axi|                                                                                gmem_data|       pointer|
|m_axi_gmem_data_0_ARREGION                                                                        |  out|    4|       m_axi|                                                                                gmem_data|       pointer|
|m_axi_gmem_data_0_ARUSER                                                                          |  out|    1|       m_axi|                                                                                gmem_data|       pointer|
|m_axi_gmem_data_0_RVALID                                                                          |   in|    1|       m_axi|                                                                                gmem_data|       pointer|
|m_axi_gmem_data_0_RREADY                                                                          |  out|    1|       m_axi|                                                                                gmem_data|       pointer|
|m_axi_gmem_data_0_RDATA                                                                           |   in|  512|       m_axi|                                                                                gmem_data|       pointer|
|m_axi_gmem_data_0_RLAST                                                                           |   in|    1|       m_axi|                                                                                gmem_data|       pointer|
|m_axi_gmem_data_0_RID                                                                             |   in|    1|       m_axi|                                                                                gmem_data|       pointer|
|m_axi_gmem_data_0_RFIFONUM                                                                        |   in|   11|       m_axi|                                                                                gmem_data|       pointer|
|m_axi_gmem_data_0_RUSER                                                                           |   in|    1|       m_axi|                                                                                gmem_data|       pointer|
|m_axi_gmem_data_0_RRESP                                                                           |   in|    2|       m_axi|                                                                                gmem_data|       pointer|
|m_axi_gmem_data_0_BVALID                                                                          |   in|    1|       m_axi|                                                                                gmem_data|       pointer|
|m_axi_gmem_data_0_BREADY                                                                          |  out|    1|       m_axi|                                                                                gmem_data|       pointer|
|m_axi_gmem_data_0_BRESP                                                                           |   in|    2|       m_axi|                                                                                gmem_data|       pointer|
|m_axi_gmem_data_0_BID                                                                             |   in|    1|       m_axi|                                                                                gmem_data|       pointer|
|m_axi_gmem_data_0_BUSER                                                                           |   in|    1|       m_axi|                                                                                gmem_data|       pointer|
|select_ln205                                                                                      |   in|   12|     ap_none|                                                                             select_ln205|        scalar|
|zext_ln213                                                                                        |   in|    5|     ap_none|                                                                               zext_ln213|        scalar|
|is_l1                                                                                             |   in|    1|     ap_none|                                                                                    is_l1|        scalar|
|X_ptr                                                                                             |   in|   64|     ap_none|                                                                                    X_ptr|        scalar|
|r                                                                                                 |   in|    4|     ap_none|                                                                                        r|        scalar|
|void_Resblock_Engine_Kernel_ap_uint_const_ap_uint_const_int_const_int_const_9_address1            |  out|    8|   ap_memory|            void_Resblock_Engine_Kernel_ap_uint_const_ap_uint_const_int_const_int_const_9|         array|
|void_Resblock_Engine_Kernel_ap_uint_const_ap_uint_const_int_const_int_const_9_ce1                 |  out|    1|   ap_memory|            void_Resblock_Engine_Kernel_ap_uint_const_ap_uint_const_int_const_int_const_9|         array|
|void_Resblock_Engine_Kernel_ap_uint_const_ap_uint_const_int_const_int_const_9_we1                 |  out|    1|   ap_memory|            void_Resblock_Engine_Kernel_ap_uint_const_ap_uint_const_int_const_int_const_9|         array|
|void_Resblock_Engine_Kernel_ap_uint_const_ap_uint_const_int_const_int_const_9_d1                  |  out|  256|   ap_memory|            void_Resblock_Engine_Kernel_ap_uint_const_ap_uint_const_int_const_int_const_9|         array|
|void_Resblock_Engine_Kernel_ap_uint_const_ap_uint_const_int_const_int_const_8_address1            |  out|    8|   ap_memory|            void_Resblock_Engine_Kernel_ap_uint_const_ap_uint_const_int_const_int_const_8|         array|
|void_Resblock_Engine_Kernel_ap_uint_const_ap_uint_const_int_const_int_const_8_ce1                 |  out|    1|   ap_memory|            void_Resblock_Engine_Kernel_ap_uint_const_ap_uint_const_int_const_int_const_8|         array|
|void_Resblock_Engine_Kernel_ap_uint_const_ap_uint_const_int_const_int_const_8_we1                 |  out|    1|   ap_memory|            void_Resblock_Engine_Kernel_ap_uint_const_ap_uint_const_int_const_int_const_8|         array|
|void_Resblock_Engine_Kernel_ap_uint_const_ap_uint_const_int_const_int_const_8_d1                  |  out|  256|   ap_memory|            void_Resblock_Engine_Kernel_ap_uint_const_ap_uint_const_int_const_int_const_8|         array|
|void_Resblock_Engine_Kernel_ap_uint_const_ap_uint_const_int_const_int_const_7_address1            |  out|    8|   ap_memory|            void_Resblock_Engine_Kernel_ap_uint_const_ap_uint_const_int_const_int_const_7|         array|
|void_Resblock_Engine_Kernel_ap_uint_const_ap_uint_const_int_const_int_const_7_ce1                 |  out|    1|   ap_memory|            void_Resblock_Engine_Kernel_ap_uint_const_ap_uint_const_int_const_int_const_7|         array|
|void_Resblock_Engine_Kernel_ap_uint_const_ap_uint_const_int_const_int_const_7_we1                 |  out|    1|   ap_memory|            void_Resblock_Engine_Kernel_ap_uint_const_ap_uint_const_int_const_int_const_7|         array|
|void_Resblock_Engine_Kernel_ap_uint_const_ap_uint_const_int_const_int_const_7_d1                  |  out|  256|   ap_memory|            void_Resblock_Engine_Kernel_ap_uint_const_ap_uint_const_int_const_int_const_7|         array|
|void_Resblock_Engine_Kernel_ap_uint_const_ap_uint_const_int_const_int_const_6_address1            |  out|    8|   ap_memory|            void_Resblock_Engine_Kernel_ap_uint_const_ap_uint_const_int_const_int_const_6|         array|
|void_Resblock_Engine_Kernel_ap_uint_const_ap_uint_const_int_const_int_const_6_ce1                 |  out|    1|   ap_memory|            void_Resblock_Engine_Kernel_ap_uint_const_ap_uint_const_int_const_int_const_6|         array|
|void_Resblock_Engine_Kernel_ap_uint_const_ap_uint_const_int_const_int_const_6_we1                 |  out|    1|   ap_memory|            void_Resblock_Engine_Kernel_ap_uint_const_ap_uint_const_int_const_int_const_6|         array|
|void_Resblock_Engine_Kernel_ap_uint_const_ap_uint_const_int_const_int_const_6_d1                  |  out|  256|   ap_memory|            void_Resblock_Engine_Kernel_ap_uint_const_ap_uint_const_int_const_int_const_6|         array|
|void_Resblock_Engine_Kernel_ap_uint_const_ap_uint_const_int_const_int_const_5_address1            |  out|    8|   ap_memory|            void_Resblock_Engine_Kernel_ap_uint_const_ap_uint_const_int_const_int_const_5|         array|
|void_Resblock_Engine_Kernel_ap_uint_const_ap_uint_const_int_const_int_const_5_ce1                 |  out|    1|   ap_memory|            void_Resblock_Engine_Kernel_ap_uint_const_ap_uint_const_int_const_int_const_5|         array|
|void_Resblock_Engine_Kernel_ap_uint_const_ap_uint_const_int_const_int_const_5_we1                 |  out|    1|   ap_memory|            void_Resblock_Engine_Kernel_ap_uint_const_ap_uint_const_int_const_int_const_5|         array|
|void_Resblock_Engine_Kernel_ap_uint_const_ap_uint_const_int_const_int_const_5_d1                  |  out|  256|   ap_memory|            void_Resblock_Engine_Kernel_ap_uint_const_ap_uint_const_int_const_int_const_5|         array|
|void_Resblock_Engine_Kernel_ap_uint_const_ap_uint_const_int_const_int_const_4_address1            |  out|    8|   ap_memory|            void_Resblock_Engine_Kernel_ap_uint_const_ap_uint_const_int_const_int_const_4|         array|
|void_Resblock_Engine_Kernel_ap_uint_const_ap_uint_const_int_const_int_const_4_ce1                 |  out|    1|   ap_memory|            void_Resblock_Engine_Kernel_ap_uint_const_ap_uint_const_int_const_int_const_4|         array|
|void_Resblock_Engine_Kernel_ap_uint_const_ap_uint_const_int_const_int_const_4_we1                 |  out|    1|   ap_memory|            void_Resblock_Engine_Kernel_ap_uint_const_ap_uint_const_int_const_int_const_4|         array|
|void_Resblock_Engine_Kernel_ap_uint_const_ap_uint_const_int_const_int_const_4_d1                  |  out|  256|   ap_memory|            void_Resblock_Engine_Kernel_ap_uint_const_ap_uint_const_int_const_int_const_4|         array|
|void_Resblock_Engine_Kernel_ap_uint_const_ap_uint_const_int_const_int_const_3_address1            |  out|    8|   ap_memory|            void_Resblock_Engine_Kernel_ap_uint_const_ap_uint_const_int_const_int_const_3|         array|
|void_Resblock_Engine_Kernel_ap_uint_const_ap_uint_const_int_const_int_const_3_ce1                 |  out|    1|   ap_memory|            void_Resblock_Engine_Kernel_ap_uint_const_ap_uint_const_int_const_int_const_3|         array|
|void_Resblock_Engine_Kernel_ap_uint_const_ap_uint_const_int_const_int_const_3_we1                 |  out|    1|   ap_memory|            void_Resblock_Engine_Kernel_ap_uint_const_ap_uint_const_int_const_int_const_3|         array|
|void_Resblock_Engine_Kernel_ap_uint_const_ap_uint_const_int_const_int_const_3_d1                  |  out|  256|   ap_memory|            void_Resblock_Engine_Kernel_ap_uint_const_ap_uint_const_int_const_int_const_3|         array|
|void_Resblock_Engine_Kernel_ap_uint_const_ap_uint_const_int_const_int_const_2_address1            |  out|    8|   ap_memory|            void_Resblock_Engine_Kernel_ap_uint_const_ap_uint_const_int_const_int_const_2|         array|
|void_Resblock_Engine_Kernel_ap_uint_const_ap_uint_const_int_const_int_const_2_ce1                 |  out|    1|   ap_memory|            void_Resblock_Engine_Kernel_ap_uint_const_ap_uint_const_int_const_int_const_2|         array|
|void_Resblock_Engine_Kernel_ap_uint_const_ap_uint_const_int_const_int_const_2_we1                 |  out|    1|   ap_memory|            void_Resblock_Engine_Kernel_ap_uint_const_ap_uint_const_int_const_int_const_2|         array|
|void_Resblock_Engine_Kernel_ap_uint_const_ap_uint_const_int_const_int_const_2_d1                  |  out|  256|   ap_memory|            void_Resblock_Engine_Kernel_ap_uint_const_ap_uint_const_int_const_int_const_2|         array|
|void_Resblock_Engine_Kernel_ap_uint_const_ap_uint_const_int_const_int_const_1_address1            |  out|    8|   ap_memory|            void_Resblock_Engine_Kernel_ap_uint_const_ap_uint_const_int_const_int_const_1|         array|
|void_Resblock_Engine_Kernel_ap_uint_const_ap_uint_const_int_const_int_const_1_ce1                 |  out|    1|   ap_memory|            void_Resblock_Engine_Kernel_ap_uint_const_ap_uint_const_int_const_int_const_1|         array|
|void_Resblock_Engine_Kernel_ap_uint_const_ap_uint_const_int_const_int_const_1_we1                 |  out|    1|   ap_memory|            void_Resblock_Engine_Kernel_ap_uint_const_ap_uint_const_int_const_int_const_1|         array|
|void_Resblock_Engine_Kernel_ap_uint_const_ap_uint_const_int_const_int_const_1_d1                  |  out|  256|   ap_memory|            void_Resblock_Engine_Kernel_ap_uint_const_ap_uint_const_int_const_int_const_1|         array|
|void_mulmulmulmulResblock_Engine_Kernel_ap_uint_const_ap_uint_const_int_const_int_const_address1  |  out|    8|   ap_memory|  void_mulmulmulmulResblock_Engine_Kernel_ap_uint_const_ap_uint_const_int_const_int_const|         array|
|void_mulmulmulmulResblock_Engine_Kernel_ap_uint_const_ap_uint_const_int_const_int_const_ce1       |  out|    1|   ap_memory|  void_mulmulmulmulResblock_Engine_Kernel_ap_uint_const_ap_uint_const_int_const_int_const|         array|
|void_mulmulmulmulResblock_Engine_Kernel_ap_uint_const_ap_uint_const_int_const_int_const_we1       |  out|    1|   ap_memory|  void_mulmulmulmulResblock_Engine_Kernel_ap_uint_const_ap_uint_const_int_const_int_const|         array|
|void_mulmulmulmulResblock_Engine_Kernel_ap_uint_const_ap_uint_const_int_const_int_const_d1        |  out|  256|   ap_memory|  void_mulmulmulmulResblock_Engine_Kernel_ap_uint_const_ap_uint_const_int_const_int_const|         array|
|p_ZZL22Resblock_Engine_KernelILi16EEvPK7ap_uintILi256EES3_PKiS5_PKaS5_PS1_S8_iiii_5_address1      |  out|    8|   ap_memory|      p_ZZL22Resblock_Engine_KernelILi16EEvPK7ap_uintILi256EES3_PKiS5_PKaS5_PS1_S8_iiii_5|         array|
|p_ZZL22Resblock_Engine_KernelILi16EEvPK7ap_uintILi256EES3_PKiS5_PKaS5_PS1_S8_iiii_5_ce1           |  out|    1|   ap_memory|      p_ZZL22Resblock_Engine_KernelILi16EEvPK7ap_uintILi256EES3_PKiS5_PKaS5_PS1_S8_iiii_5|         array|
|p_ZZL22Resblock_Engine_KernelILi16EEvPK7ap_uintILi256EES3_PKiS5_PKaS5_PS1_S8_iiii_5_we1           |  out|    1|   ap_memory|      p_ZZL22Resblock_Engine_KernelILi16EEvPK7ap_uintILi256EES3_PKiS5_PKaS5_PS1_S8_iiii_5|         array|
|p_ZZL22Resblock_Engine_KernelILi16EEvPK7ap_uintILi256EES3_PKiS5_PKaS5_PS1_S8_iiii_5_d1            |  out|  256|   ap_memory|      p_ZZL22Resblock_Engine_KernelILi16EEvPK7ap_uintILi256EES3_PKiS5_PKaS5_PS1_S8_iiii_5|         array|
|p_ZZL22Resblock_Engine_KernelILi16EEvPK7ap_uintILi256EES3_PKiS5_PKaS5_PS1_S8_iiii_4_address1      |  out|    8|   ap_memory|      p_ZZL22Resblock_Engine_KernelILi16EEvPK7ap_uintILi256EES3_PKiS5_PKaS5_PS1_S8_iiii_4|         array|
|p_ZZL22Resblock_Engine_KernelILi16EEvPK7ap_uintILi256EES3_PKiS5_PKaS5_PS1_S8_iiii_4_ce1           |  out|    1|   ap_memory|      p_ZZL22Resblock_Engine_KernelILi16EEvPK7ap_uintILi256EES3_PKiS5_PKaS5_PS1_S8_iiii_4|         array|
|p_ZZL22Resblock_Engine_KernelILi16EEvPK7ap_uintILi256EES3_PKiS5_PKaS5_PS1_S8_iiii_4_we1           |  out|    1|   ap_memory|      p_ZZL22Resblock_Engine_KernelILi16EEvPK7ap_uintILi256EES3_PKiS5_PKaS5_PS1_S8_iiii_4|         array|
|p_ZZL22Resblock_Engine_KernelILi16EEvPK7ap_uintILi256EES3_PKiS5_PKaS5_PS1_S8_iiii_4_d1            |  out|  256|   ap_memory|      p_ZZL22Resblock_Engine_KernelILi16EEvPK7ap_uintILi256EES3_PKiS5_PKaS5_PS1_S8_iiii_4|         array|
|p_ZZL22Resblock_Engine_KernelILi16EEvPK7ap_uintILi256EES3_PKiS5_PKaS5_PS1_S8_iiii_3_address1      |  out|    8|   ap_memory|      p_ZZL22Resblock_Engine_KernelILi16EEvPK7ap_uintILi256EES3_PKiS5_PKaS5_PS1_S8_iiii_3|         array|
|p_ZZL22Resblock_Engine_KernelILi16EEvPK7ap_uintILi256EES3_PKiS5_PKaS5_PS1_S8_iiii_3_ce1           |  out|    1|   ap_memory|      p_ZZL22Resblock_Engine_KernelILi16EEvPK7ap_uintILi256EES3_PKiS5_PKaS5_PS1_S8_iiii_3|         array|
|p_ZZL22Resblock_Engine_KernelILi16EEvPK7ap_uintILi256EES3_PKiS5_PKaS5_PS1_S8_iiii_3_we1           |  out|    1|   ap_memory|      p_ZZL22Resblock_Engine_KernelILi16EEvPK7ap_uintILi256EES3_PKiS5_PKaS5_PS1_S8_iiii_3|         array|
|p_ZZL22Resblock_Engine_KernelILi16EEvPK7ap_uintILi256EES3_PKiS5_PKaS5_PS1_S8_iiii_3_d1            |  out|  256|   ap_memory|      p_ZZL22Resblock_Engine_KernelILi16EEvPK7ap_uintILi256EES3_PKiS5_PKaS5_PS1_S8_iiii_3|         array|
|p_ZZL22Resblock_Engine_KernelILi16EEvPK7ap_uintILi256EES3_PKiS5_PKaS5_PS1_S8_iiii_2_address1      |  out|    8|   ap_memory|      p_ZZL22Resblock_Engine_KernelILi16EEvPK7ap_uintILi256EES3_PKiS5_PKaS5_PS1_S8_iiii_2|         array|
|p_ZZL22Resblock_Engine_KernelILi16EEvPK7ap_uintILi256EES3_PKiS5_PKaS5_PS1_S8_iiii_2_ce1           |  out|    1|   ap_memory|      p_ZZL22Resblock_Engine_KernelILi16EEvPK7ap_uintILi256EES3_PKiS5_PKaS5_PS1_S8_iiii_2|         array|
|p_ZZL22Resblock_Engine_KernelILi16EEvPK7ap_uintILi256EES3_PKiS5_PKaS5_PS1_S8_iiii_2_we1           |  out|    1|   ap_memory|      p_ZZL22Resblock_Engine_KernelILi16EEvPK7ap_uintILi256EES3_PKiS5_PKaS5_PS1_S8_iiii_2|         array|
|p_ZZL22Resblock_Engine_KernelILi16EEvPK7ap_uintILi256EES3_PKiS5_PKaS5_PS1_S8_iiii_2_d1            |  out|  256|   ap_memory|      p_ZZL22Resblock_Engine_KernelILi16EEvPK7ap_uintILi256EES3_PKiS5_PKaS5_PS1_S8_iiii_2|         array|
|p_ZZL22Resblock_Engine_KernelILi16EEvPK7ap_uintILi256EES3_PKiS5_PKaS5_PS1_S8_iiii_1_address1      |  out|    8|   ap_memory|      p_ZZL22Resblock_Engine_KernelILi16EEvPK7ap_uintILi256EES3_PKiS5_PKaS5_PS1_S8_iiii_1|         array|
|p_ZZL22Resblock_Engine_KernelILi16EEvPK7ap_uintILi256EES3_PKiS5_PKaS5_PS1_S8_iiii_1_ce1           |  out|    1|   ap_memory|      p_ZZL22Resblock_Engine_KernelILi16EEvPK7ap_uintILi256EES3_PKiS5_PKaS5_PS1_S8_iiii_1|         array|
|p_ZZL22Resblock_Engine_KernelILi16EEvPK7ap_uintILi256EES3_PKiS5_PKaS5_PS1_S8_iiii_1_we1           |  out|    1|   ap_memory|      p_ZZL22Resblock_Engine_KernelILi16EEvPK7ap_uintILi256EES3_PKiS5_PKaS5_PS1_S8_iiii_1|         array|
|p_ZZL22Resblock_Engine_KernelILi16EEvPK7ap_uintILi256EES3_PKiS5_PKaS5_PS1_S8_iiii_1_d1            |  out|  256|   ap_memory|      p_ZZL22Resblock_Engine_KernelILi16EEvPK7ap_uintILi256EES3_PKiS5_PKaS5_PS1_S8_iiii_1|         array|
|p_ZZL22Resblock_Engine_KernelILi16EEvPK7ap_uintILi256EES3_PKiS5_PKaS5_PS1_S8_iiii_address1        |  out|    8|   ap_memory|        p_ZZL22Resblock_Engine_KernelILi16EEvPK7ap_uintILi256EES3_PKiS5_PKaS5_PS1_S8_iiii|         array|
|p_ZZL22Resblock_Engine_KernelILi16EEvPK7ap_uintILi256EES3_PKiS5_PKaS5_PS1_S8_iiii_ce1             |  out|    1|   ap_memory|        p_ZZL22Resblock_Engine_KernelILi16EEvPK7ap_uintILi256EES3_PKiS5_PKaS5_PS1_S8_iiii|         array|
|p_ZZL22Resblock_Engine_KernelILi16EEvPK7ap_uintILi256EES3_PKiS5_PKaS5_PS1_S8_iiii_we1             |  out|    1|   ap_memory|        p_ZZL22Resblock_Engine_KernelILi16EEvPK7ap_uintILi256EES3_PKiS5_PKaS5_PS1_S8_iiii|         array|
|p_ZZL22Resblock_Engine_KernelILi16EEvPK7ap_uintILi256EES3_PKiS5_PKaS5_PS1_S8_iiii_d1              |  out|  256|   ap_memory|        p_ZZL22Resblock_Engine_KernelILi16EEvPK7ap_uintILi256EES3_PKiS5_PKaS5_PS1_S8_iiii|         array|
|skip_buf_address1                                                                                 |  out|   14|   ap_memory|                                                                                 skip_buf|         array|
|skip_buf_ce1                                                                                      |  out|    1|   ap_memory|                                                                                 skip_buf|         array|
|skip_buf_we1                                                                                      |  out|    1|   ap_memory|                                                                                 skip_buf|         array|
|skip_buf_d1                                                                                       |  out|  256|   ap_memory|                                                                                 skip_buf|         array|
+--------------------------------------------------------------------------------------------------+-----+-----+------------+-----------------------------------------------------------------------------------------+--------------+

