#-----------------------------------------------------------
# Vivado v2024.2 (64-bit)
# SW Build 5239630 on Fri Nov 08 22:34:34 MST 2024
# IP Build 5239520 on Sun Nov 10 16:12:51 MST 2024
# SharedData Build 5239561 on Fri Nov 08 14:39:27 MST 2024
# Start of session at: Sun Jan 11 16:16:14 2026
# Process ID         : 62844
# Current directory  : /home/rimurutempest/Code/LSI_Design_Contest/HLS/Adder32bit/Adder32bit_HLS_Component/adder32/hls/impl/ip
# Command line       : vivado -notrace -mode batch -source run_ippack.tcl
# Log file           : /home/rimurutempest/Code/LSI_Design_Contest/HLS/Adder32bit/Adder32bit_HLS_Component/adder32/hls/impl/ip/vivado.log
# Journal file       : /home/rimurutempest/Code/LSI_Design_Contest/HLS/Adder32bit/Adder32bit_HLS_Component/adder32/hls/impl/ip/vivado.jou
# Running On         : RimuruLenovo
# Platform           : Ubuntu
# Operating System   : Ubuntu 24.04.3 LTS
# Processor Detail   : AMD Ryzen 5 5600H with Radeon Graphics
# CPU Frequency      : 3295.868 MHz
# CPU Physical cores : 6
# CPU Logical cores  : 12
# Host memory        : 16612 MB
# Swap memory        : 4294 MB
# Total Virtual      : 20907 MB
# Available Virtual  : 7821 MB
#-----------------------------------------------------------
source run_ippack.tcl -notrace
INFO: calling package_hls_ip ip_types=vitis sysgen json_file=/home/rimurutempest/Code/LSI_Design_Contest/HLS/Adder32bit/Adder32bit_HLS_Component/adder32/hls/hls_data.json outdir=/home/rimurutempest/Code/LSI_Design_Contest/HLS/Adder32bit/Adder32bit_HLS_Component/adder32/hls/impl/ip srcdir=/home/rimurutempest/Code/LSI_Design_Contest/HLS/Adder32bit/Adder32bit_HLS_Component/adder32/hls sort_interfaces_ports=false
INFO: Copied 1 ipmisc file(s) to /home/rimurutempest/Code/LSI_Design_Contest/HLS/Adder32bit/Adder32bit_HLS_Component/adder32/hls/impl/ip/misc
INFO: Copied 3 verilog file(s) to /home/rimurutempest/Code/LSI_Design_Contest/HLS/Adder32bit/Adder32bit_HLS_Component/adder32/hls/impl/ip/hdl/verilog
INFO: Copied 2 vhdl file(s) to /home/rimurutempest/Code/LSI_Design_Contest/HLS/Adder32bit/Adder32bit_HLS_Component/adder32/hls/impl/ip/hdl/vhdl
INFO: Copied 10 swdriver file(s) to /home/rimurutempest/Code/LSI_Design_Contest/HLS/Adder32bit/Adder32bit_HLS_Component/adder32/hls/impl/ip/drivers
INFO: Import ports from HDL: /home/rimurutempest/Code/LSI_Design_Contest/HLS/Adder32bit/Adder32bit_HLS_Component/adder32/hls/impl/ip/hdl/vhdl/adder32.vhd (adder32)
INFO: Add axi4lite interface s_axi_CTRL
INFO: Add clock interface ap_clk
INFO: Add reset interface ap_rst_n
INFO: Add interrupt interface interrupt
INFO: [IP_Flow 19-234] Refreshing IP repositories
INFO: [IP_Flow 19-1704] No user IP repositories specified
INFO: [IP_Flow 19-2313] Loaded Vivado IP repository '/home/rimurutempest/Tool/Xilinx/Vivado/2024.2/data/ip'.
INFO: Calling post_process_vitis to specialize IP
INFO: Calling post_process_sysgen to specialize IP
Generating sysgen info xml from json file
INFO: Created IP /home/rimurutempest/Code/LSI_Design_Contest/HLS/Adder32bit/Adder32bit_HLS_Component/adder32/hls/impl/ip/component.xml
INFO: Created IP archive /home/rimurutempest/Code/LSI_Design_Contest/HLS/Adder32bit/Adder32bit_HLS_Component/adder32/hls/impl/ip/xilinx_com_hls_adder32_1_0.zip
INFO: [Common 17-206] Exiting Vivado at Sun Jan 11 16:16:18 2026...
