

================================================================
== Vitis HLS Report for 'Resblock_Engine_Kernel_16_Pipeline_VITIS_LOOP_232_4'
================================================================
* Date:           Fri Jun 12 11:53:47 2026

* Version:        2024.2 (Build 5238294 on Nov  8 2024)
* Project:        prj_syn_int_v2
* Solution:       sol (Vitis Kernel Flow Target)
* Product family: zynquplus
* Target device:  xczu7ev-ffvc1156-2-e


================================================================
== Performance Estimates
================================================================
+ Timing: 
    * Summary: 
    +--------+---------+----------+------------+
    |  Clock |  Target | Estimated| Uncertainty|
    +--------+---------+----------+------------+
    |ap_clk  |  3.33 ns|  2.433 ns|     0.90 ns|
    +--------+---------+----------+------------+

+ Latency: 
    * Summary: 
    +---------+---------+----------+----------+-----+-----+------------------------------------------------+
    |  Latency (cycles) |  Latency (absolute) |  Interval |                    Pipeline                    |
    |   min   |   max   |    min   |    max   | min | max |                      Type                      |
    +---------+---------+----------+----------+-----+-----+------------------------------------------------+
    |       63|       63|  0.210 us|  0.210 us|   61|   61|  loop auto-rewind stp (delay=0 clock cycles(s))|
    +---------+---------+----------+----------+-----+-----+------------------------------------------------+

    + Detail: 
        * Instance: 
        N/A

        * Loop: 
        +--------------------+---------+---------+----------+-----------+-----------+------+----------+
        |                    |  Latency (cycles) | Iteration|  Initiation Interval  | Trip |          |
        |      Loop Name     |   min   |   max   |  Latency |  achieved |   target  | Count| Pipelined|
        +--------------------+---------+---------+----------+-----------+-----------+------+----------+
        |- VITIS_LOOP_232_4  |       61|       61|         3|          1|          1|    60|       yes|
        +--------------------+---------+---------+----------+-----------+-----------+------+----------+



================================================================
== Utilization Estimates
================================================================
* Summary: 
+-----------------+---------+------+--------+--------+-----+
|       Name      | BRAM_18K|  DSP |   FF   |   LUT  | URAM|
+-----------------+---------+------+--------+--------+-----+
|DSP              |        -|     -|       -|       -|    -|
|Expression       |        -|     -|       0|      34|    -|
|FIFO             |        -|     -|       -|       -|    -|
|Instance         |        -|     -|       -|       -|    -|
|Memory           |        -|     -|       -|       -|    -|
|Multiplexer      |        -|     -|       0|      68|    -|
|Register         |        -|     -|     795|       -|    -|
+-----------------+---------+------+--------+--------+-----+
|Total            |        0|     0|     795|     102|    0|
+-----------------+---------+------+--------+--------+-----+
|Available        |      624|  1728|  460800|  230400|   96|
+-----------------+---------+------+--------+--------+-----+
|Utilization (%)  |        0|     0|      ~0|      ~0|    0|
+-----------------+---------+------+--------+--------+-----+

+ Detail: 
    * Instance: 
    N/A

    * DSP: 
    N/A

    * Memory: 
    N/A

    * FIFO: 
    N/A

    * Expression: 
    +---------------------------------------+----------+----+---+----+------------+------------+
    |             Variable Name             | Operation| DSP| FF| LUT| Bitwidth P0| Bitwidth P1|
    +---------------------------------------+----------+----+---+----+------------+------------+
    |add_ln232_fu_120_p2                    |         +|   0|  0|  13|           6|           1|
    |ap_block_pp0_stage0_11001              |       and|   0|  0|   2|           1|           1|
    |ap_block_state2_pp0_stage0_iter1_grp1  |       and|   0|  0|   2|           1|           1|
    |ap_predicate_op21_read_state2          |       and|   0|  0|   2|           1|           1|
    |icmp_ln232_fu_114_p2                   |      icmp|   0|  0|  13|           6|           4|
    |ap_enable_pp0                          |       xor|   0|  0|   2|           1|           2|
    +---------------------------------------+----------+----+---+----+------------+------------+
    |Total                                  |          |   0|  0|  34|          16|          10|
    +---------------------------------------+----------+----+---+----+------------+------------+

    * Multiplexer: 
    +-------------------------------+----+-----------+-----+-----------+
    |              Name             | LUT| Input Size| Bits| Total Bits|
    +-------------------------------+----+-----------+-----+-----------+
    |ap_done_int                    |   9|          2|    1|          2|
    |ap_enable_reg_pp0_iter1        |   9|          2|    1|          2|
    |ap_phi_mux_empty_phi_fu_91_p4  |  14|          3|  512|       1536|
    |ap_sig_allocacmp_j_2           |   9|          2|    6|         12|
    |gmem_weight_blk_n_R            |   9|          2|    1|          2|
    |j_fu_60                        |   9|          2|    6|         12|
    |shiftreg1322_fu_56             |   9|          2|  256|        512|
    +-------------------------------+----+-----------+-----+-----------+
    |Total                          |  68|         15|  783|       2078|
    +-------------------------------+----+-----------+-----+-----------+

    * Register: 
    +-----------------------------------+-----+----+-----+-----------+
    |                Name               |  FF | LUT| Bits| Const Bits|
    +-----------------------------------+-----+----+-----+-----------+
    |ap_CS_fsm                          |    1|   0|    1|          0|
    |ap_done_reg                        |    1|   0|    1|          0|
    |ap_enable_reg_pp0_iter1            |    1|   0|    1|          0|
    |ap_enable_reg_pp0_iter2            |    1|   0|    1|          0|
    |ap_loop_exit_ready_pp0_iter1_reg   |    1|   0|    1|          0|
    |gmem_weight_addr_read_reg_205      |  512|   0|  512|          0|
    |icmp_ln232_reg_197                 |    1|   0|    1|          0|
    |icmp_ln232_reg_197_pp0_iter1_reg   |    1|   0|    1|          0|
    |j_2_reg_192                        |    6|   0|    6|          0|
    |j_2_reg_192_pp0_iter1_reg          |    6|   0|    6|          0|
    |j_fu_60                            |    6|   0|    6|          0|
    |shiftreg1322_fu_56                 |  256|   0|  256|          0|
    |trunc_ln232_reg_201                |    1|   0|    1|          0|
    |trunc_ln232_reg_201_pp0_iter1_reg  |    1|   0|    1|          0|
    +-----------------------------------+-----+----+-----+-----------+
    |Total                              |  795|   0|  795|          0|
    +-----------------------------------+-----+----+-----+-----------+



================================================================
== Interface
================================================================
* Summary: 
+------------------------------+-----+-----+------------+------------------------------------------------------+--------------+
|           RTL Ports          | Dir | Bits|  Protocol  |                     Source Object                    |    C Type    |
+------------------------------+-----+-----+------------+------------------------------------------------------+--------------+
|ap_clk                        |   in|    1|  ap_ctrl_hs|  Resblock_Engine_Kernel<16>_Pipeline_VITIS_LOOP_232_4|  return value|
|ap_rst                        |   in|    1|  ap_ctrl_hs|  Resblock_Engine_Kernel<16>_Pipeline_VITIS_LOOP_232_4|  return value|
|ap_start                      |   in|    1|  ap_ctrl_hs|  Resblock_Engine_Kernel<16>_Pipeline_VITIS_LOOP_232_4|  return value|
|ap_done                       |  out|    1|  ap_ctrl_hs|  Resblock_Engine_Kernel<16>_Pipeline_VITIS_LOOP_232_4|  return value|
|ap_idle                       |  out|    1|  ap_ctrl_hs|  Resblock_Engine_Kernel<16>_Pipeline_VITIS_LOOP_232_4|  return value|
|ap_ready                      |  out|    1|  ap_ctrl_hs|  Resblock_Engine_Kernel<16>_Pipeline_VITIS_LOOP_232_4|  return value|
|m_axi_gmem_weight_0_AWVALID   |  out|    1|       m_axi|                                           gmem_weight|       pointer|
|m_axi_gmem_weight_0_AWREADY   |   in|    1|       m_axi|                                           gmem_weight|       pointer|
|m_axi_gmem_weight_0_AWADDR    |  out|   64|       m_axi|                                           gmem_weight|       pointer|
|m_axi_gmem_weight_0_AWID      |  out|    1|       m_axi|                                           gmem_weight|       pointer|
|m_axi_gmem_weight_0_AWLEN     |  out|   32|       m_axi|                                           gmem_weight|       pointer|
|m_axi_gmem_weight_0_AWSIZE    |  out|    3|       m_axi|                                           gmem_weight|       pointer|
|m_axi_gmem_weight_0_AWBURST   |  out|    2|       m_axi|                                           gmem_weight|       pointer|
|m_axi_gmem_weight_0_AWLOCK    |  out|    2|       m_axi|                                           gmem_weight|       pointer|
|m_axi_gmem_weight_0_AWCACHE   |  out|    4|       m_axi|                                           gmem_weight|       pointer|
|m_axi_gmem_weight_0_AWPROT    |  out|    3|       m_axi|                                           gmem_weight|       pointer|
|m_axi_gmem_weight_0_AWQOS     |  out|    4|       m_axi|                                           gmem_weight|       pointer|
|m_axi_gmem_weight_0_AWREGION  |  out|    4|       m_axi|                                           gmem_weight|       pointer|
|m_axi_gmem_weight_0_AWUSER    |  out|    1|       m_axi|                                           gmem_weight|       pointer|
|m_axi_gmem_weight_0_WVALID    |  out|    1|       m_axi|                                           gmem_weight|       pointer|
|m_axi_gmem_weight_0_WREADY    |   in|    1|       m_axi|                                           gmem_weight|       pointer|
|m_axi_gmem_weight_0_WDATA     |  out|  512|       m_axi|                                           gmem_weight|       pointer|
|m_axi_gmem_weight_0_WSTRB     |  out|   64|       m_axi|                                           gmem_weight|       pointer|
|m_axi_gmem_weight_0_WLAST     |  out|    1|       m_axi|                                           gmem_weight|       pointer|
|m_axi_gmem_weight_0_WID       |  out|    1|       m_axi|                                           gmem_weight|       pointer|
|m_axi_gmem_weight_0_WUSER     |  out|    1|       m_axi|                                           gmem_weight|       pointer|
|m_axi_gmem_weight_0_ARVALID   |  out|    1|       m_axi|                                           gmem_weight|       pointer|
|m_axi_gmem_weight_0_ARREADY   |   in|    1|       m_axi|                                           gmem_weight|       pointer|
|m_axi_gmem_weight_0_ARADDR    |  out|   64|       m_axi|                                           gmem_weight|       pointer|
|m_axi_gmem_weight_0_ARID      |  out|    1|       m_axi|                                           gmem_weight|       pointer|
|m_axi_gmem_weight_0_ARLEN     |  out|   32|       m_axi|                                           gmem_weight|       pointer|
|m_axi_gmem_weight_0_ARSIZE    |  out|    3|       m_axi|                                           gmem_weight|       pointer|
|m_axi_gmem_weight_0_ARBURST   |  out|    2|       m_axi|                                           gmem_weight|       pointer|
|m_axi_gmem_weight_0_ARLOCK    |  out|    2|       m_axi|                                           gmem_weight|       pointer|
|m_axi_gmem_weight_0_ARCACHE   |  out|    4|       m_axi|                                           gmem_weight|       pointer|
|m_axi_gmem_weight_0_ARPROT    |  out|    3|       m_axi|                                           gmem_weight|       pointer|
|m_axi_gmem_weight_0_ARQOS     |  out|    4|       m_axi|                                           gmem_weight|       pointer|
|m_axi_gmem_weight_0_ARREGION  |  out|    4|       m_axi|                                           gmem_weight|       pointer|
|m_axi_gmem_weight_0_ARUSER    |  out|    1|       m_axi|                                           gmem_weight|       pointer|
|m_axi_gmem_weight_0_RVALID    |   in|    1|       m_axi|                                           gmem_weight|       pointer|
|m_axi_gmem_weight_0_RREADY    |  out|    1|       m_axi|                                           gmem_weight|       pointer|
|m_axi_gmem_weight_0_RDATA     |   in|  512|       m_axi|                                           gmem_weight|       pointer|
|m_axi_gmem_weight_0_RLAST     |   in|    1|       m_axi|                                           gmem_weight|       pointer|
|m_axi_gmem_weight_0_RID       |   in|    1|       m_axi|                                           gmem_weight|       pointer|
|m_axi_gmem_weight_0_RFIFONUM  |   in|   11|       m_axi|                                           gmem_weight|       pointer|
|m_axi_gmem_weight_0_RUSER     |   in|    1|       m_axi|                                           gmem_weight|       pointer|
|m_axi_gmem_weight_0_RRESP     |   in|    2|       m_axi|                                           gmem_weight|       pointer|
|m_axi_gmem_weight_0_BVALID    |   in|    1|       m_axi|                                           gmem_weight|       pointer|
|m_axi_gmem_weight_0_BREADY    |  out|    1|       m_axi|                                           gmem_weight|       pointer|
|m_axi_gmem_weight_0_BRESP     |   in|    2|       m_axi|                                           gmem_weight|       pointer|
|m_axi_gmem_weight_0_BID       |   in|    1|       m_axi|                                           gmem_weight|       pointer|
|m_axi_gmem_weight_0_BUSER     |   in|    1|       m_axi|                                           gmem_weight|       pointer|
|p_cast_cast                   |   in|   58|     ap_none|                                           p_cast_cast|        scalar|
|w_buf_address0                |  out|    6|   ap_memory|                                                 w_buf|         array|
|w_buf_ce0                     |  out|    1|   ap_memory|                                                 w_buf|         array|
|w_buf_we0                     |  out|    1|   ap_memory|                                                 w_buf|         array|
|w_buf_d0                      |  out|  256|   ap_memory|                                                 w_buf|         array|
+------------------------------+-----+-----+------------+------------------------------------------------------+--------------+

