

================================================================
== Vitis HLS Report for 'Resblock_Pad_ref_Conv_11133111111_CNorm_Relu_Pipeline_CI_CENTER'
================================================================
* Date:           Fri Jan 23 12:51:05 2026

* Version:        2024.2 (Build 5238294 on Nov  8 2024)
* Project:        resblock_top
* Solution:       hls (Vivado IP Flow Target)
* Product family: zynquplus
* Target device:  xczu7ev-ffvc1156-2-e


================================================================
== Performance Estimates
================================================================
+ Timing: 
    * Summary: 
    +--------+---------+----------+------------+
    |  Clock |  Target | Estimated| Uncertainty|
    +--------+---------+----------+------------+
    |ap_clk  |  4.00 ns|  2.517 ns|     1.08 ns|
    +--------+---------+----------+------------+

+ Latency: 
    * Summary: 
    +---------+---------+----------+----------+-----+-----+------------------------------------------------+
    |  Latency (cycles) |  Latency (absolute) |  Interval |                    Pipeline                    |
    |   min   |   max   |    min   |    max   | min | max |                      Type                      |
    +---------+---------+----------+----------+-----+-----+------------------------------------------------+
    |      730|      730|  2.920 us|  2.920 us|  723|  723|  loop auto-rewind stp (delay=0 clock cycles(s))|
    +---------+---------+----------+----------+-----+-----+------------------------------------------------+

    + Detail: 
        * Instance: 
        N/A

        * Loop: 
        +-------------+---------+---------+----------+-----------+-----------+------+----------+
        |             |  Latency (cycles) | Iteration|  Initiation Interval  | Trip |          |
        |  Loop Name  |   min   |   max   |  Latency |  achieved |   target  | Count| Pipelined|
        +-------------+---------+---------+----------+-----------+-----------+------+----------+
        |- CI_CENTER  |      728|      728|        12|          3|          1|   240|       yes|
        +-------------+---------+---------+----------+-----------+-----------+------+----------+



================================================================
== Utilization Estimates
================================================================
* Summary: 
+-----------------+---------+------+--------+--------+-----+
|       Name      | BRAM_18K|  DSP |   FF   |   LUT  | URAM|
+-----------------+---------+------+--------+--------+-----+
|DSP              |        -|     -|       -|       -|    -|
|Expression       |        -|     -|       0|     153|    -|
|FIFO             |        -|     -|       -|       -|    -|
|Instance         |        -|     -|       0|     160|    -|
|Memory           |        -|     -|       -|       -|    -|
|Multiplexer      |        -|     -|       0|     866|    -|
|Register         |        -|     -|     923|      32|    -|
+-----------------+---------+------+--------+--------+-----+
|Total            |        0|     0|     923|    1211|    0|
+-----------------+---------+------+--------+--------+-----+
|Available        |      624|  1728|  460800|  230400|   96|
+-----------------+---------+------+--------+--------+-----+
|Utilization (%)  |        0|     0|      ~0|      ~0|    0|
+-----------------+---------+------+--------+--------+-----+

+ Detail: 
    * Instance: 
    +---------------------------+----------------------+---------+----+---+----+-----+
    |          Instance         |        Module        | BRAM_18K| DSP| FF| LUT| URAM|
    +---------------------------+----------------------+---------+----+---+----+-----+
    |sparsemux_9_2_16_1_1_U184  |sparsemux_9_2_16_1_1  |        0|   0|  0|  20|    0|
    |sparsemux_9_2_16_1_1_U185  |sparsemux_9_2_16_1_1  |        0|   0|  0|  20|    0|
    |sparsemux_9_2_16_1_1_U186  |sparsemux_9_2_16_1_1  |        0|   0|  0|  20|    0|
    |sparsemux_9_2_16_1_1_U187  |sparsemux_9_2_16_1_1  |        0|   0|  0|  20|    0|
    |sparsemux_9_2_16_1_1_U188  |sparsemux_9_2_16_1_1  |        0|   0|  0|  20|    0|
    |sparsemux_9_2_16_1_1_U189  |sparsemux_9_2_16_1_1  |        0|   0|  0|  20|    0|
    |sparsemux_9_2_16_1_1_U190  |sparsemux_9_2_16_1_1  |        0|   0|  0|  20|    0|
    |sparsemux_9_2_16_1_1_U191  |sparsemux_9_2_16_1_1  |        0|   0|  0|  20|    0|
    +---------------------------+----------------------+---------+----+---+----+-----+
    |Total                      |                      |        0|   0|  0| 160|    0|
    +---------------------------+----------------------+---------+----+---+----+-----+

    * DSP: 
    N/A

    * Memory: 
    N/A

    * FIFO: 
    N/A

    * Expression: 
    +------------------------+----------+----+---+----+------------+------------+
    |      Variable Name     | Operation| DSP| FF| LUT| Bitwidth P0| Bitwidth P1|
    +------------------------+----------+----+---+----+------------+------------+
    |acc_idx_25_fu_1187_p2   |         +|   0|  0|   9|           2|           1|
    |add_ln173_fu_1173_p2    |         +|   0|  0|  17|          10|           3|
    |add_ln178_1_fu_1086_p2  |         +|   0|  0|  23|          16|          16|
    |add_ln178_2_fu_1119_p2  |         +|   0|  0|  23|          16|          16|
    |add_ln178_3_fu_1152_p2  |         +|   0|  0|  23|          16|          16|
    |add_ln178_fu_1029_p2    |         +|   0|  0|  23|          16|          16|
    |add_ln180_fu_1050_p2    |         +|   0|  0|  16|           9|           8|
    |icmp_ln173_fu_997_p2    |      icmp|   0|  0|  17|          10|           8|
    |ap_enable_pp0           |       xor|   0|  0|   2|           1|           2|
    +------------------------+----------+----+---+----+------------+------------+
    |Total                   |          |   0|  0| 153|          96|          86|
    +------------------------+----------+----+---+----+------------+------------+

    * Multiplexer: 
    +----------------------------------------+----+-----------+-----+-----------+
    |                  Name                  | LUT| Input Size| Bits| Total Bits|
    +----------------------------------------+----+-----------+-----+-----------+
    |acc_idx_fu_186                          |   9|          2|    2|          4|
    |ap_NS_fsm                               |  20|          4|    1|          4|
    |ap_done_int                             |   9|          2|    1|          2|
    |ap_enable_reg_pp0_iter0                 |   9|          2|    1|          2|
    |ap_enable_reg_pp0_iter2                 |   9|          2|    1|          2|
    |ap_sig_allocacmp_b_assign_152_load_1    |   9|          2|   16|         32|
    |ap_sig_allocacmp_b_assign_153_load_1    |   9|          2|   16|         32|
    |ap_sig_allocacmp_b_assign_155_load_1    |   9|          2|   16|         32|
    |ap_sig_allocacmp_b_assign_156_load_1    |   9|          2|   16|         32|
    |ap_sig_allocacmp_b_assign_157_load_1    |   9|          2|   16|         32|
    |ap_sig_allocacmp_b_assign_159_load_1    |   9|          2|   16|         32|
    |ap_sig_allocacmp_b_assign_160_load_1    |   9|          2|   16|         32|
    |ap_sig_allocacmp_b_assign_161_load_1    |   9|          2|   16|         32|
    |ap_sig_allocacmp_b_assign_163_load_1    |   9|          2|   16|         32|
    |ap_sig_allocacmp_ci_10                  |   9|          2|   10|         20|
    |ap_sig_allocacmp_mux_case_02300_load_1  |   9|          2|   16|         32|
    |ap_sig_allocacmp_mux_case_03203_load_1  |   9|          2|   16|         32|
    |ap_sig_allocacmp_mux_case_03211_load_1  |   9|          2|   16|         32|
    |ap_sig_allocacmp_mux_case_03219_load_1  |   9|          2|   16|         32|
    |ap_sig_allocacmp_mux_case_03251_load_1  |   9|          2|   16|         32|
    |ap_sig_allocacmp_mux_case_12302_load_1  |   9|          2|   16|         32|
    |ap_sig_allocacmp_mux_case_13205_load_1  |   9|          2|   16|         32|
    |ap_sig_allocacmp_mux_case_13213_load_1  |   9|          2|   16|         32|
    |ap_sig_allocacmp_mux_case_13221_load_1  |   9|          2|   16|         32|
    |ap_sig_allocacmp_mux_case_13253_load_1  |   9|          2|   16|         32|
    |ap_sig_allocacmp_mux_case_22304_load_1  |   9|          2|   16|         32|
    |ap_sig_allocacmp_mux_case_23207_load_1  |   9|          2|   16|         32|
    |ap_sig_allocacmp_mux_case_23215_load_1  |   9|          2|   16|         32|
    |ap_sig_allocacmp_mux_case_23223_load_1  |   9|          2|   16|         32|
    |ap_sig_allocacmp_mux_case_23231_load_1  |   9|          2|   16|         32|
    |ap_sig_allocacmp_mux_case_23239_load_1  |   9|          2|   16|         32|
    |ap_sig_allocacmp_mux_case_23247_load_1  |   9|          2|   16|         32|
    |ap_sig_allocacmp_mux_case_23255_load_1  |   9|          2|   16|         32|
    |ap_sig_allocacmp_mux_case_32306_load_1  |   9|          2|   16|         32|
    |ap_sig_allocacmp_mux_case_33209_load_1  |   9|          2|   16|         32|
    |ap_sig_allocacmp_mux_case_33217_load_1  |   9|          2|   16|         32|
    |ap_sig_allocacmp_mux_case_33225_load_1  |   9|          2|   16|         32|
    |ap_sig_allocacmp_mux_case_33257_load_1  |   9|          2|   16|         32|
    |b_assign_152_fu_258                     |   9|          2|   16|         32|
    |b_assign_153_fu_262                     |   9|          2|   16|         32|
    |b_assign_155_fu_270                     |   9|          2|   16|         32|
    |b_assign_156_fu_274                     |   9|          2|   16|         32|
    |b_assign_157_fu_278                     |   9|          2|   16|         32|
    |b_assign_159_fu_286                     |   9|          2|   16|         32|
    |b_assign_160_fu_290                     |   9|          2|   16|         32|
    |b_assign_161_fu_294                     |   9|          2|   16|         32|
    |b_assign_163_fu_302                     |   9|          2|   16|         32|
    |ci_fu_190                               |   9|          2|   10|         20|
    |grp_fu_800_p0                           |  20|          4|   16|         64|
    |grp_fu_800_p1                           |  20|          4|   16|         64|
    |grp_fu_804_p0                           |  20|          4|   16|         64|
    |grp_fu_804_p1                           |  20|          4|   16|         64|
    |grp_fu_808_p0                           |  14|          3|   16|         48|
    |grp_fu_808_p1                           |  14|          3|   16|         48|
    |grp_fu_812_p0                           |  20|          4|   16|         64|
    |grp_fu_812_p1                           |  20|          4|   16|         64|
    |grp_fu_816_p0                           |  20|          4|   16|         64|
    |grp_fu_816_p1                           |  20|          4|   16|         64|
    |grp_fu_820_p0                           |  14|          3|   16|         48|
    |grp_fu_820_p1                           |  14|          3|   16|         48|
    |mux_case_02300_fu_194                   |   9|          2|   16|         32|
    |mux_case_03203_fu_210                   |   9|          2|   16|         32|
    |mux_case_03211_fu_226                   |   9|          2|   16|         32|
    |mux_case_03219_fu_242                   |   9|          2|   16|         32|
    |mux_case_03251_fu_306                   |   9|          2|   16|         32|
    |mux_case_12302_fu_198                   |   9|          2|   16|         32|
    |mux_case_13205_fu_214                   |   9|          2|   16|         32|
    |mux_case_13213_fu_230                   |   9|          2|   16|         32|
    |mux_case_13221_fu_246                   |   9|          2|   16|         32|
    |mux_case_13253_fu_310                   |   9|          2|   16|         32|
    |mux_case_22304_fu_202                   |   9|          2|   16|         32|
    |mux_case_23207_fu_218                   |   9|          2|   16|         32|
    |mux_case_23215_fu_234                   |   9|          2|   16|         32|
    |mux_case_23223_fu_250                   |   9|          2|   16|         32|
    |mux_case_23231_fu_266                   |   9|          2|   16|         32|
    |mux_case_23239_fu_282                   |   9|          2|   16|         32|
    |mux_case_23247_fu_298                   |   9|          2|   16|         32|
    |mux_case_23255_fu_314                   |   9|          2|   16|         32|
    |mux_case_32306_fu_206                   |   9|          2|   16|         32|
    |mux_case_33209_fu_222                   |   9|          2|   16|         32|
    |mux_case_33217_fu_238                   |   9|          2|   16|         32|
    |mux_case_33225_fu_254                   |   9|          2|   16|         32|
    |mux_case_33257_fu_318                   |   9|          2|   16|         32|
    +----------------------------------------+----+-----------+-----+-----------+
    |Total                                   | 866|        188| 1242|       2806|
    +----------------------------------------+----+-----------+-----+-----------+

    * Register: 
    +-----------------------------------+----+----+-----+-----------+
    |                Name               | FF | LUT| Bits| Const Bits|
    +-----------------------------------+----+----+-----+-----------+
    |acc_idx_24_reg_2190                |   2|   0|    2|          0|
    |acc_idx_24_reg_2190_pp0_iter3_reg  |   2|   0|    2|          0|
    |acc_idx_fu_186                     |   2|   0|    2|          0|
    |ap_CS_fsm                          |   3|   0|    3|          0|
    |ap_done_reg                        |   1|   0|    1|          0|
    |ap_enable_reg_pp0_iter0_reg        |   1|   0|    1|          0|
    |ap_enable_reg_pp0_iter1            |   1|   0|    1|          0|
    |ap_enable_reg_pp0_iter2            |   1|   0|    1|          0|
    |ap_enable_reg_pp0_iter3            |   1|   0|    1|          0|
    |ap_loop_exit_ready_pp0_iter1_reg   |   1|   0|    1|          0|
    |ap_loop_exit_ready_pp0_iter2_reg   |   1|   0|    1|          0|
    |b_assign_152_fu_258                |  16|   0|   16|          0|
    |b_assign_153_fu_262                |  16|   0|   16|          0|
    |b_assign_155_fu_270                |  16|   0|   16|          0|
    |b_assign_156_fu_274                |  16|   0|   16|          0|
    |b_assign_157_fu_278                |  16|   0|   16|          0|
    |b_assign_159_fu_286                |  16|   0|   16|          0|
    |b_assign_160_fu_290                |  16|   0|   16|          0|
    |b_assign_161_fu_294                |  16|   0|   16|          0|
    |b_assign_163_fu_302                |  16|   0|   16|          0|
    |ci_fu_190                          |  10|   0|   10|          0|
    |icmp_ln173_reg_2047                |   1|   0|    1|          0|
    |mux_case_02300_fu_194              |  16|   0|   16|          0|
    |mux_case_03203_fu_210              |  16|   0|   16|          0|
    |mux_case_03211_fu_226              |  16|   0|   16|          0|
    |mux_case_03219_fu_242              |  16|   0|   16|          0|
    |mux_case_03251_fu_306              |  16|   0|   16|          0|
    |mux_case_12302_fu_198              |  16|   0|   16|          0|
    |mux_case_13205_fu_214              |  16|   0|   16|          0|
    |mux_case_13213_fu_230              |  16|   0|   16|          0|
    |mux_case_13221_fu_246              |  16|   0|   16|          0|
    |mux_case_13253_fu_310              |  16|   0|   16|          0|
    |mux_case_22304_fu_202              |  16|   0|   16|          0|
    |mux_case_23207_fu_218              |  16|   0|   16|          0|
    |mux_case_23215_fu_234              |  16|   0|   16|          0|
    |mux_case_23223_fu_250              |  16|   0|   16|          0|
    |mux_case_23231_fu_266              |  16|   0|   16|          0|
    |mux_case_23239_fu_282              |  16|   0|   16|          0|
    |mux_case_23247_fu_298              |  16|   0|   16|          0|
    |mux_case_23255_fu_314              |  16|   0|   16|          0|
    |mux_case_32306_fu_206              |  16|   0|   16|          0|
    |mux_case_33209_fu_222              |  16|   0|   16|          0|
    |mux_case_33217_fu_238              |  16|   0|   16|          0|
    |mux_case_33225_fu_254              |  16|   0|   16|          0|
    |mux_case_33257_fu_318              |  16|   0|   16|          0|
    |p_106_reg_2180                     |  16|   0|   16|          0|
    |p_107_reg_2185                     |  16|   0|   16|          0|
    |p_108_reg_2204                     |  16|   0|   16|          0|
    |p_109_reg_2209                     |  16|   0|   16|          0|
    |p_110_reg_2214                     |  16|   0|   16|          0|
    |p_111_reg_2229                     |  16|   0|   16|          0|
    |p_112_reg_2234                     |  16|   0|   16|          0|
    |p_reg_2175                         |  16|   0|   16|          0|
    |wcur_43_reg_2145                   |  16|   0|   16|          0|
    |wcur_44_reg_2155                   |  16|   0|   16|          0|
    |wcur_45_reg_2165                   |  16|   0|   16|          0|
    |wcur_reg_2117                      |  16|   0|   16|          0|
    |wpre_38_reg_2170                   |  16|   0|   16|          0|
    |wpre_39_reg_2150                   |  16|   0|   16|          0|
    |wpre_40_reg_2160                   |  16|   0|   16|          0|
    |wpre_reg_2122                      |  16|   0|   16|          0|
    |xval_38_reg_2139                   |  16|   0|   16|          0|
    |xval_39_reg_2127                   |  16|   0|   16|          0|
    |xval_40_reg_2133                   |  16|   0|   16|          0|
    |xval_reg_2111                      |  16|   0|   16|          0|
    |icmp_ln173_reg_2047                |  64|  32|    1|          0|
    +-----------------------------------+----+----+-----+-----------+
    |Total                              | 923|  32|  860|          0|
    +-----------------------------------+----+----+-----+-----------+



================================================================
== Interface
================================================================
* Summary: 
+---------------------------------------------------------------------------------------+-----+-----+------------+------------------------------------------------------------------------------+--------------+
|                                       RTL Ports                                       | Dir | Bits|  Protocol  |                                 Source Object                                |    C Type    |
+---------------------------------------------------------------------------------------+-----+-----+------------+------------------------------------------------------------------------------+--------------+
|ap_clk                                                                                 |   in|    1|  ap_ctrl_hs|          Resblock___Pad_ref_Conv_11133111111_CNorm_Relu____Pipeline_CI_CENTER|  return value|
|ap_rst                                                                                 |   in|    1|  ap_ctrl_hs|          Resblock___Pad_ref_Conv_11133111111_CNorm_Relu____Pipeline_CI_CENTER|  return value|
|ap_start                                                                               |   in|    1|  ap_ctrl_hs|          Resblock___Pad_ref_Conv_11133111111_CNorm_Relu____Pipeline_CI_CENTER|  return value|
|ap_done                                                                                |  out|    1|  ap_ctrl_hs|          Resblock___Pad_ref_Conv_11133111111_CNorm_Relu____Pipeline_CI_CENTER|  return value|
|ap_idle                                                                                |  out|    1|  ap_ctrl_hs|          Resblock___Pad_ref_Conv_11133111111_CNorm_Relu____Pipeline_CI_CENTER|  return value|
|ap_ready                                                                               |  out|    1|  ap_ctrl_hs|          Resblock___Pad_ref_Conv_11133111111_CNorm_Relu____Pipeline_CI_CENTER|  return value|
|grp_fu_58620_p_din0                                                                    |  out|   16|  ap_ctrl_hs|          Resblock___Pad_ref_Conv_11133111111_CNorm_Relu____Pipeline_CI_CENTER|  return value|
|grp_fu_58620_p_din1                                                                    |  out|   16|  ap_ctrl_hs|          Resblock___Pad_ref_Conv_11133111111_CNorm_Relu____Pipeline_CI_CENTER|  return value|
|grp_fu_58620_p_dout0                                                                   |   in|   16|  ap_ctrl_hs|          Resblock___Pad_ref_Conv_11133111111_CNorm_Relu____Pipeline_CI_CENTER|  return value|
|grp_fu_58620_p_ce                                                                      |  out|    1|  ap_ctrl_hs|          Resblock___Pad_ref_Conv_11133111111_CNorm_Relu____Pipeline_CI_CENTER|  return value|
|grp_fu_58624_p_din0                                                                    |  out|   16|  ap_ctrl_hs|          Resblock___Pad_ref_Conv_11133111111_CNorm_Relu____Pipeline_CI_CENTER|  return value|
|grp_fu_58624_p_din1                                                                    |  out|   16|  ap_ctrl_hs|          Resblock___Pad_ref_Conv_11133111111_CNorm_Relu____Pipeline_CI_CENTER|  return value|
|grp_fu_58624_p_dout0                                                                   |   in|   16|  ap_ctrl_hs|          Resblock___Pad_ref_Conv_11133111111_CNorm_Relu____Pipeline_CI_CENTER|  return value|
|grp_fu_58624_p_ce                                                                      |  out|    1|  ap_ctrl_hs|          Resblock___Pad_ref_Conv_11133111111_CNorm_Relu____Pipeline_CI_CENTER|  return value|
|grp_fu_58628_p_din0                                                                    |  out|   16|  ap_ctrl_hs|          Resblock___Pad_ref_Conv_11133111111_CNorm_Relu____Pipeline_CI_CENTER|  return value|
|grp_fu_58628_p_din1                                                                    |  out|   16|  ap_ctrl_hs|          Resblock___Pad_ref_Conv_11133111111_CNorm_Relu____Pipeline_CI_CENTER|  return value|
|grp_fu_58628_p_dout0                                                                   |   in|   16|  ap_ctrl_hs|          Resblock___Pad_ref_Conv_11133111111_CNorm_Relu____Pipeline_CI_CENTER|  return value|
|grp_fu_58628_p_ce                                                                      |  out|    1|  ap_ctrl_hs|          Resblock___Pad_ref_Conv_11133111111_CNorm_Relu____Pipeline_CI_CENTER|  return value|
|grp_fu_58616_p_din0                                                                    |  out|   16|  ap_ctrl_hs|          Resblock___Pad_ref_Conv_11133111111_CNorm_Relu____Pipeline_CI_CENTER|  return value|
|grp_fu_58616_p_din1                                                                    |  out|   16|  ap_ctrl_hs|          Resblock___Pad_ref_Conv_11133111111_CNorm_Relu____Pipeline_CI_CENTER|  return value|
|grp_fu_58616_p_dout0                                                                   |   in|   16|  ap_ctrl_hs|          Resblock___Pad_ref_Conv_11133111111_CNorm_Relu____Pipeline_CI_CENTER|  return value|
|grp_fu_58616_p_ce                                                                      |  out|    1|  ap_ctrl_hs|          Resblock___Pad_ref_Conv_11133111111_CNorm_Relu____Pipeline_CI_CENTER|  return value|
|grp_fu_58632_p_din0                                                                    |  out|   16|  ap_ctrl_hs|          Resblock___Pad_ref_Conv_11133111111_CNorm_Relu____Pipeline_CI_CENTER|  return value|
|grp_fu_58632_p_din1                                                                    |  out|   16|  ap_ctrl_hs|          Resblock___Pad_ref_Conv_11133111111_CNorm_Relu____Pipeline_CI_CENTER|  return value|
|grp_fu_58632_p_dout0                                                                   |   in|   16|  ap_ctrl_hs|          Resblock___Pad_ref_Conv_11133111111_CNorm_Relu____Pipeline_CI_CENTER|  return value|
|grp_fu_58632_p_ce                                                                      |  out|    1|  ap_ctrl_hs|          Resblock___Pad_ref_Conv_11133111111_CNorm_Relu____Pipeline_CI_CENTER|  return value|
|grp_fu_58636_p_din0                                                                    |  out|   16|  ap_ctrl_hs|          Resblock___Pad_ref_Conv_11133111111_CNorm_Relu____Pipeline_CI_CENTER|  return value|
|grp_fu_58636_p_din1                                                                    |  out|   16|  ap_ctrl_hs|          Resblock___Pad_ref_Conv_11133111111_CNorm_Relu____Pipeline_CI_CENTER|  return value|
|grp_fu_58636_p_dout0                                                                   |   in|   16|  ap_ctrl_hs|          Resblock___Pad_ref_Conv_11133111111_CNorm_Relu____Pipeline_CI_CENTER|  return value|
|grp_fu_58636_p_ce                                                                      |  out|    1|  ap_ctrl_hs|          Resblock___Pad_ref_Conv_11133111111_CNorm_Relu____Pipeline_CI_CENTER|  return value|
|empty_413                                                                              |   in|   16|     ap_none|                                                                     empty_413|        scalar|
|empty_414                                                                              |   in|   16|     ap_none|                                                                     empty_414|        scalar|
|empty_415                                                                              |   in|   16|     ap_none|                                                                     empty_415|        scalar|
|empty_416                                                                              |   in|   16|     ap_none|                                                                     empty_416|        scalar|
|empty_417                                                                              |   in|   16|     ap_none|                                                                     empty_417|        scalar|
|empty_418                                                                              |   in|   16|     ap_none|                                                                     empty_418|        scalar|
|empty_419                                                                              |   in|   16|     ap_none|                                                                     empty_419|        scalar|
|empty_420                                                                              |   in|   16|     ap_none|                                                                     empty_420|        scalar|
|empty_421                                                                              |   in|   16|     ap_none|                                                                     empty_421|        scalar|
|empty_422                                                                              |   in|   16|     ap_none|                                                                     empty_422|        scalar|
|empty_423                                                                              |   in|   16|     ap_none|                                                                     empty_423|        scalar|
|empty_424                                                                              |   in|   16|     ap_none|                                                                     empty_424|        scalar|
|empty_425                                                                              |   in|   16|     ap_none|                                                                     empty_425|        scalar|
|empty_426                                                                              |   in|   16|     ap_none|                                                                     empty_426|        scalar|
|empty_427                                                                              |   in|   16|     ap_none|                                                                     empty_427|        scalar|
|empty                                                                                  |   in|   16|     ap_none|                                                                         empty|        scalar|
|mul_ln160                                                                              |   in|   16|     ap_none|                                                                     mul_ln160|        scalar|
|mux_case_33257_out                                                                     |  out|   16|      ap_vld|                                                            mux_case_33257_out|       pointer|
|mux_case_33257_out_ap_vld                                                              |  out|    1|      ap_vld|                                                            mux_case_33257_out|       pointer|
|mux_case_23255_out                                                                     |  out|   16|      ap_vld|                                                            mux_case_23255_out|       pointer|
|mux_case_23255_out_ap_vld                                                              |  out|    1|      ap_vld|                                                            mux_case_23255_out|       pointer|
|mux_case_13253_out                                                                     |  out|   16|      ap_vld|                                                            mux_case_13253_out|       pointer|
|mux_case_13253_out_ap_vld                                                              |  out|    1|      ap_vld|                                                            mux_case_13253_out|       pointer|
|mux_case_03251_out                                                                     |  out|   16|      ap_vld|                                                            mux_case_03251_out|       pointer|
|mux_case_03251_out_ap_vld                                                              |  out|    1|      ap_vld|                                                            mux_case_03251_out|       pointer|
|b_assign_163_out                                                                       |  out|   16|      ap_vld|                                                              b_assign_163_out|       pointer|
|b_assign_163_out_ap_vld                                                                |  out|    1|      ap_vld|                                                              b_assign_163_out|       pointer|
|mux_case_23247_out                                                                     |  out|   16|      ap_vld|                                                            mux_case_23247_out|       pointer|
|mux_case_23247_out_ap_vld                                                              |  out|    1|      ap_vld|                                                            mux_case_23247_out|       pointer|
|b_assign_161_out                                                                       |  out|   16|      ap_vld|                                                              b_assign_161_out|       pointer|
|b_assign_161_out_ap_vld                                                                |  out|    1|      ap_vld|                                                              b_assign_161_out|       pointer|
|b_assign_160_out                                                                       |  out|   16|      ap_vld|                                                              b_assign_160_out|       pointer|
|b_assign_160_out_ap_vld                                                                |  out|    1|      ap_vld|                                                              b_assign_160_out|       pointer|
|b_assign_159_out                                                                       |  out|   16|      ap_vld|                                                              b_assign_159_out|       pointer|
|b_assign_159_out_ap_vld                                                                |  out|    1|      ap_vld|                                                              b_assign_159_out|       pointer|
|mux_case_23239_out                                                                     |  out|   16|      ap_vld|                                                            mux_case_23239_out|       pointer|
|mux_case_23239_out_ap_vld                                                              |  out|    1|      ap_vld|                                                            mux_case_23239_out|       pointer|
|b_assign_157_out                                                                       |  out|   16|      ap_vld|                                                              b_assign_157_out|       pointer|
|b_assign_157_out_ap_vld                                                                |  out|    1|      ap_vld|                                                              b_assign_157_out|       pointer|
|b_assign_156_out                                                                       |  out|   16|      ap_vld|                                                              b_assign_156_out|       pointer|
|b_assign_156_out_ap_vld                                                                |  out|    1|      ap_vld|                                                              b_assign_156_out|       pointer|
|b_assign_155_out                                                                       |  out|   16|      ap_vld|                                                              b_assign_155_out|       pointer|
|b_assign_155_out_ap_vld                                                                |  out|    1|      ap_vld|                                                              b_assign_155_out|       pointer|
|mux_case_23231_out                                                                     |  out|   16|      ap_vld|                                                            mux_case_23231_out|       pointer|
|mux_case_23231_out_ap_vld                                                              |  out|    1|      ap_vld|                                                            mux_case_23231_out|       pointer|
|b_assign_153_out                                                                       |  out|   16|      ap_vld|                                                              b_assign_153_out|       pointer|
|b_assign_153_out_ap_vld                                                                |  out|    1|      ap_vld|                                                              b_assign_153_out|       pointer|
|b_assign_152_out                                                                       |  out|   16|      ap_vld|                                                              b_assign_152_out|       pointer|
|b_assign_152_out_ap_vld                                                                |  out|    1|      ap_vld|                                                              b_assign_152_out|       pointer|
|mux_case_33225_out                                                                     |  out|   16|      ap_vld|                                                            mux_case_33225_out|       pointer|
|mux_case_33225_out_ap_vld                                                              |  out|    1|      ap_vld|                                                            mux_case_33225_out|       pointer|
|mux_case_23223_out                                                                     |  out|   16|      ap_vld|                                                            mux_case_23223_out|       pointer|
|mux_case_23223_out_ap_vld                                                              |  out|    1|      ap_vld|                                                            mux_case_23223_out|       pointer|
|mux_case_13221_out                                                                     |  out|   16|      ap_vld|                                                            mux_case_13221_out|       pointer|
|mux_case_13221_out_ap_vld                                                              |  out|    1|      ap_vld|                                                            mux_case_13221_out|       pointer|
|mux_case_03219_out                                                                     |  out|   16|      ap_vld|                                                            mux_case_03219_out|       pointer|
|mux_case_03219_out_ap_vld                                                              |  out|    1|      ap_vld|                                                            mux_case_03219_out|       pointer|
|mux_case_33217_out                                                                     |  out|   16|      ap_vld|                                                            mux_case_33217_out|       pointer|
|mux_case_33217_out_ap_vld                                                              |  out|    1|      ap_vld|                                                            mux_case_33217_out|       pointer|
|mux_case_23215_out                                                                     |  out|   16|      ap_vld|                                                            mux_case_23215_out|       pointer|
|mux_case_23215_out_ap_vld                                                              |  out|    1|      ap_vld|                                                            mux_case_23215_out|       pointer|
|mux_case_13213_out                                                                     |  out|   16|      ap_vld|                                                            mux_case_13213_out|       pointer|
|mux_case_13213_out_ap_vld                                                              |  out|    1|      ap_vld|                                                            mux_case_13213_out|       pointer|
|mux_case_03211_out                                                                     |  out|   16|      ap_vld|                                                            mux_case_03211_out|       pointer|
|mux_case_03211_out_ap_vld                                                              |  out|    1|      ap_vld|                                                            mux_case_03211_out|       pointer|
|mux_case_33209_out                                                                     |  out|   16|      ap_vld|                                                            mux_case_33209_out|       pointer|
|mux_case_33209_out_ap_vld                                                              |  out|    1|      ap_vld|                                                            mux_case_33209_out|       pointer|
|mux_case_23207_out                                                                     |  out|   16|      ap_vld|                                                            mux_case_23207_out|       pointer|
|mux_case_23207_out_ap_vld                                                              |  out|    1|      ap_vld|                                                            mux_case_23207_out|       pointer|
|mux_case_13205_out                                                                     |  out|   16|      ap_vld|                                                            mux_case_13205_out|       pointer|
|mux_case_13205_out_ap_vld                                                              |  out|    1|      ap_vld|                                                            mux_case_13205_out|       pointer|
|mux_case_03203_out                                                                     |  out|   16|      ap_vld|                                                            mux_case_03203_out|       pointer|
|mux_case_03203_out_ap_vld                                                              |  out|    1|      ap_vld|                                                            mux_case_03203_out|       pointer|
|mux_case_32306_out                                                                     |  out|   16|      ap_vld|                                                            mux_case_32306_out|       pointer|
|mux_case_32306_out_ap_vld                                                              |  out|    1|      ap_vld|                                                            mux_case_32306_out|       pointer|
|mux_case_22304_out                                                                     |  out|   16|      ap_vld|                                                            mux_case_22304_out|       pointer|
|mux_case_22304_out_ap_vld                                                              |  out|    1|      ap_vld|                                                            mux_case_22304_out|       pointer|
|mux_case_12302_out                                                                     |  out|   16|      ap_vld|                                                            mux_case_12302_out|       pointer|
|mux_case_12302_out_ap_vld                                                              |  out|    1|      ap_vld|                                                            mux_case_12302_out|       pointer|
|mux_case_02300_out                                                                     |  out|   16|      ap_vld|                                                            mux_case_02300_out|       pointer|
|mux_case_02300_out_ap_vld                                                              |  out|    1|      ap_vld|                                                            mux_case_02300_out|       pointer|
|void_Resblock_Pad_ref_Conv_11133111111_CNorm_Relu_TensorMem_TensorMem_Ten_7_address0   |  out|   14|   ap_memory|   void_Resblock_Pad_ref_Conv_11133111111_CNorm_Relu_TensorMem_TensorMem_Ten_7|         array|
|void_Resblock_Pad_ref_Conv_11133111111_CNorm_Relu_TensorMem_TensorMem_Ten_7_ce0        |  out|    1|   ap_memory|   void_Resblock_Pad_ref_Conv_11133111111_CNorm_Relu_TensorMem_TensorMem_Ten_7|         array|
|void_Resblock_Pad_ref_Conv_11133111111_CNorm_Relu_TensorMem_TensorMem_Ten_7_q0         |   in|   16|   ap_memory|   void_Resblock_Pad_ref_Conv_11133111111_CNorm_Relu_TensorMem_TensorMem_Ten_7|         array|
|void_Resblock_Pad_ref_Conv_11133111111_CNorm_Relu_TensorMem_TensorMem_Ten_11_address0  |  out|    9|   ap_memory|  void_Resblock_Pad_ref_Conv_11133111111_CNorm_Relu_TensorMem_TensorMem_Ten_11|         array|
|void_Resblock_Pad_ref_Conv_11133111111_CNorm_Relu_TensorMem_TensorMem_Ten_11_ce0       |  out|    1|   ap_memory|  void_Resblock_Pad_ref_Conv_11133111111_CNorm_Relu_TensorMem_TensorMem_Ten_11|         array|
|void_Resblock_Pad_ref_Conv_11133111111_CNorm_Relu_TensorMem_TensorMem_Ten_11_q0        |   in|   16|   ap_memory|  void_Resblock_Pad_ref_Conv_11133111111_CNorm_Relu_TensorMem_TensorMem_Ten_11|         array|
|void_Resblock_Pad_ref_Conv_11133111111_CNorm_Relu_TensorMem_TensorMem_Ten_11_address1  |  out|    9|   ap_memory|  void_Resblock_Pad_ref_Conv_11133111111_CNorm_Relu_TensorMem_TensorMem_Ten_11|         array|
|void_Resblock_Pad_ref_Conv_11133111111_CNorm_Relu_TensorMem_TensorMem_Ten_11_ce1       |  out|    1|   ap_memory|  void_Resblock_Pad_ref_Conv_11133111111_CNorm_Relu_TensorMem_TensorMem_Ten_11|         array|
|void_Resblock_Pad_ref_Conv_11133111111_CNorm_Relu_TensorMem_TensorMem_Ten_11_q1        |   in|   16|   ap_memory|  void_Resblock_Pad_ref_Conv_11133111111_CNorm_Relu_TensorMem_TensorMem_Ten_11|         array|
|void_Resblock_Pad_ref_Conv_11133111111_CNorm_Relu_TensorMem_TensorMem_Ten_6_address0   |  out|   14|   ap_memory|   void_Resblock_Pad_ref_Conv_11133111111_CNorm_Relu_TensorMem_TensorMem_Ten_6|         array|
|void_Resblock_Pad_ref_Conv_11133111111_CNorm_Relu_TensorMem_TensorMem_Ten_6_ce0        |  out|    1|   ap_memory|   void_Resblock_Pad_ref_Conv_11133111111_CNorm_Relu_TensorMem_TensorMem_Ten_6|         array|
|void_Resblock_Pad_ref_Conv_11133111111_CNorm_Relu_TensorMem_TensorMem_Ten_6_q0         |   in|   16|   ap_memory|   void_Resblock_Pad_ref_Conv_11133111111_CNorm_Relu_TensorMem_TensorMem_Ten_6|         array|
|void_Resblock_Pad_ref_Conv_11133111111_CNorm_Relu_TensorMem_TensorMem_Ten_5_address0   |  out|   14|   ap_memory|   void_Resblock_Pad_ref_Conv_11133111111_CNorm_Relu_TensorMem_TensorMem_Ten_5|         array|
|void_Resblock_Pad_ref_Conv_11133111111_CNorm_Relu_TensorMem_TensorMem_Ten_5_ce0        |  out|    1|   ap_memory|   void_Resblock_Pad_ref_Conv_11133111111_CNorm_Relu_TensorMem_TensorMem_Ten_5|         array|
|void_Resblock_Pad_ref_Conv_11133111111_CNorm_Relu_TensorMem_TensorMem_Ten_5_q0         |   in|   16|   ap_memory|   void_Resblock_Pad_ref_Conv_11133111111_CNorm_Relu_TensorMem_TensorMem_Ten_5|         array|
|void_Resblock_Pad_ref_Conv_11133111111_CNorm_Relu_TensorMem_TensorMem_Ten_4_address0   |  out|   14|   ap_memory|   void_Resblock_Pad_ref_Conv_11133111111_CNorm_Relu_TensorMem_TensorMem_Ten_4|         array|
|void_Resblock_Pad_ref_Conv_11133111111_CNorm_Relu_TensorMem_TensorMem_Ten_4_ce0        |  out|    1|   ap_memory|   void_Resblock_Pad_ref_Conv_11133111111_CNorm_Relu_TensorMem_TensorMem_Ten_4|         array|
|void_Resblock_Pad_ref_Conv_11133111111_CNorm_Relu_TensorMem_TensorMem_Ten_4_q0         |   in|   16|   ap_memory|   void_Resblock_Pad_ref_Conv_11133111111_CNorm_Relu_TensorMem_TensorMem_Ten_4|         array|
|void_Resblock_Pad_ref_Conv_11133111111_CNorm_Relu_TensorMem_TensorMem_Ten_10_address0  |  out|    9|   ap_memory|  void_Resblock_Pad_ref_Conv_11133111111_CNorm_Relu_TensorMem_TensorMem_Ten_10|         array|
|void_Resblock_Pad_ref_Conv_11133111111_CNorm_Relu_TensorMem_TensorMem_Ten_10_ce0       |  out|    1|   ap_memory|  void_Resblock_Pad_ref_Conv_11133111111_CNorm_Relu_TensorMem_TensorMem_Ten_10|         array|
|void_Resblock_Pad_ref_Conv_11133111111_CNorm_Relu_TensorMem_TensorMem_Ten_10_q0        |   in|   16|   ap_memory|  void_Resblock_Pad_ref_Conv_11133111111_CNorm_Relu_TensorMem_TensorMem_Ten_10|         array|
|void_Resblock_Pad_ref_Conv_11133111111_CNorm_Relu_TensorMem_TensorMem_Ten_10_address1  |  out|    9|   ap_memory|  void_Resblock_Pad_ref_Conv_11133111111_CNorm_Relu_TensorMem_TensorMem_Ten_10|         array|
|void_Resblock_Pad_ref_Conv_11133111111_CNorm_Relu_TensorMem_TensorMem_Ten_10_ce1       |  out|    1|   ap_memory|  void_Resblock_Pad_ref_Conv_11133111111_CNorm_Relu_TensorMem_TensorMem_Ten_10|         array|
|void_Resblock_Pad_ref_Conv_11133111111_CNorm_Relu_TensorMem_TensorMem_Ten_10_q1        |   in|   16|   ap_memory|  void_Resblock_Pad_ref_Conv_11133111111_CNorm_Relu_TensorMem_TensorMem_Ten_10|         array|
|void_Resblock_Pad_ref_Conv_11133111111_CNorm_Relu_TensorMem_TensorMem_Ten_9_address0   |  out|    9|   ap_memory|   void_Resblock_Pad_ref_Conv_11133111111_CNorm_Relu_TensorMem_TensorMem_Ten_9|         array|
|void_Resblock_Pad_ref_Conv_11133111111_CNorm_Relu_TensorMem_TensorMem_Ten_9_ce0        |  out|    1|   ap_memory|   void_Resblock_Pad_ref_Conv_11133111111_CNorm_Relu_TensorMem_TensorMem_Ten_9|         array|
|void_Resblock_Pad_ref_Conv_11133111111_CNorm_Relu_TensorMem_TensorMem_Ten_9_q0         |   in|   16|   ap_memory|   void_Resblock_Pad_ref_Conv_11133111111_CNorm_Relu_TensorMem_TensorMem_Ten_9|         array|
|void_Resblock_Pad_ref_Conv_11133111111_CNorm_Relu_TensorMem_TensorMem_Ten_9_address1   |  out|    9|   ap_memory|   void_Resblock_Pad_ref_Conv_11133111111_CNorm_Relu_TensorMem_TensorMem_Ten_9|         array|
|void_Resblock_Pad_ref_Conv_11133111111_CNorm_Relu_TensorMem_TensorMem_Ten_9_ce1        |  out|    1|   ap_memory|   void_Resblock_Pad_ref_Conv_11133111111_CNorm_Relu_TensorMem_TensorMem_Ten_9|         array|
|void_Resblock_Pad_ref_Conv_11133111111_CNorm_Relu_TensorMem_TensorMem_Ten_9_q1         |   in|   16|   ap_memory|   void_Resblock_Pad_ref_Conv_11133111111_CNorm_Relu_TensorMem_TensorMem_Ten_9|         array|
|void_Resblock_Pad_ref_Conv_11133111111_CNorm_Relu_TensorMem_TensorMem_Ten_8_address0   |  out|    9|   ap_memory|   void_Resblock_Pad_ref_Conv_11133111111_CNorm_Relu_TensorMem_TensorMem_Ten_8|         array|
|void_Resblock_Pad_ref_Conv_11133111111_CNorm_Relu_TensorMem_TensorMem_Ten_8_ce0        |  out|    1|   ap_memory|   void_Resblock_Pad_ref_Conv_11133111111_CNorm_Relu_TensorMem_TensorMem_Ten_8|         array|
|void_Resblock_Pad_ref_Conv_11133111111_CNorm_Relu_TensorMem_TensorMem_Ten_8_q0         |   in|   16|   ap_memory|   void_Resblock_Pad_ref_Conv_11133111111_CNorm_Relu_TensorMem_TensorMem_Ten_8|         array|
|void_Resblock_Pad_ref_Conv_11133111111_CNorm_Relu_TensorMem_TensorMem_Ten_8_address1   |  out|    9|   ap_memory|   void_Resblock_Pad_ref_Conv_11133111111_CNorm_Relu_TensorMem_TensorMem_Ten_8|         array|
|void_Resblock_Pad_ref_Conv_11133111111_CNorm_Relu_TensorMem_TensorMem_Ten_8_ce1        |  out|    1|   ap_memory|   void_Resblock_Pad_ref_Conv_11133111111_CNorm_Relu_TensorMem_TensorMem_Ten_8|         array|
|void_Resblock_Pad_ref_Conv_11133111111_CNorm_Relu_TensorMem_TensorMem_Ten_8_q1         |   in|   16|   ap_memory|   void_Resblock_Pad_ref_Conv_11133111111_CNorm_Relu_TensorMem_TensorMem_Ten_8|         array|
+---------------------------------------------------------------------------------------+-----+-----+------------+------------------------------------------------------------------------------+--------------+

