

================================================================
== Vitis HLS Report for 'Resblock_Pad_ref_Conv_11133111111_CNorm_Relu_Pipeline_CI_CENTER87'
================================================================
* Date:           Fri Jan 23 12:51:32 2026

* Version:        2024.2 (Build 5238294 on Nov  8 2024)
* Project:        resblock_top
* Solution:       hls (Vivado IP Flow Target)
* Product family: zynquplus
* Target device:  xczu7ev-ffvc1156-2-e


================================================================
== Performance Estimates
================================================================
+ Timing: 
    * Summary: 
    +--------+---------+----------+------------+
    |  Clock |  Target | Estimated| Uncertainty|
    +--------+---------+----------+------------+
    |ap_clk  |  4.00 ns|  2.517 ns|     1.08 ns|
    +--------+---------+----------+------------+

+ Latency: 
    * Summary: 
    +---------+---------+----------+----------+-----+-----+------------------------------------------------+
    |  Latency (cycles) |  Latency (absolute) |  Interval |                    Pipeline                    |
    |   min   |   max   |    min   |    max   | min | max |                      Type                      |
    +---------+---------+----------+----------+-----+-----+------------------------------------------------+
    |      730|      730|  2.920 us|  2.920 us|  723|  723|  loop auto-rewind stp (delay=0 clock cycles(s))|
    +---------+---------+----------+----------+-----+-----+------------------------------------------------+

    + Detail: 
        * Instance: 
        N/A

        * Loop: 
        +-------------+---------+---------+----------+-----------+-----------+------+----------+
        |             |  Latency (cycles) | Iteration|  Initiation Interval  | Trip |          |
        |  Loop Name  |   min   |   max   |  Latency |  achieved |   target  | Count| Pipelined|
        +-------------+---------+---------+----------+-----------+-----------+------+----------+
        |- CI_CENTER  |      728|      728|        12|          3|          1|   240|       yes|
        +-------------+---------+---------+----------+-----------+-----------+------+----------+



================================================================
== Utilization Estimates
================================================================
* Summary: 
+-----------------+---------+------+--------+--------+-----+
|       Name      | BRAM_18K|  DSP |   FF   |   LUT  | URAM|
+-----------------+---------+------+--------+--------+-----+
|DSP              |        -|     -|       -|       -|    -|
|Expression       |        -|     -|       0|     153|    -|
|FIFO             |        -|     -|       -|       -|    -|
|Instance         |        -|     -|       0|     160|    -|
|Memory           |        -|     -|       -|       -|    -|
|Multiplexer      |        -|     -|       0|     866|    -|
|Register         |        -|     -|     923|      32|    -|
+-----------------+---------+------+--------+--------+-----+
|Total            |        0|     0|     923|    1211|    0|
+-----------------+---------+------+--------+--------+-----+
|Available        |      624|  1728|  460800|  230400|   96|
+-----------------+---------+------+--------+--------+-----+
|Utilization (%)  |        0|     0|      ~0|      ~0|    0|
+-----------------+---------+------+--------+--------+-----+

+ Detail: 
    * Instance: 
    +----------------------------+----------------------+---------+----+---+----+-----+
    |          Instance          |        Module        | BRAM_18K| DSP| FF| LUT| URAM|
    +----------------------------+----------------------+---------+----+---+----+-----+
    |sparsemux_9_2_16_1_1_U2030  |sparsemux_9_2_16_1_1  |        0|   0|  0|  20|    0|
    |sparsemux_9_2_16_1_1_U2031  |sparsemux_9_2_16_1_1  |        0|   0|  0|  20|    0|
    |sparsemux_9_2_16_1_1_U2032  |sparsemux_9_2_16_1_1  |        0|   0|  0|  20|    0|
    |sparsemux_9_2_16_1_1_U2033  |sparsemux_9_2_16_1_1  |        0|   0|  0|  20|    0|
    |sparsemux_9_2_16_1_1_U2034  |sparsemux_9_2_16_1_1  |        0|   0|  0|  20|    0|
    |sparsemux_9_2_16_1_1_U2035  |sparsemux_9_2_16_1_1  |        0|   0|  0|  20|    0|
    |sparsemux_9_2_16_1_1_U2036  |sparsemux_9_2_16_1_1  |        0|   0|  0|  20|    0|
    |sparsemux_9_2_16_1_1_U2037  |sparsemux_9_2_16_1_1  |        0|   0|  0|  20|    0|
    +----------------------------+----------------------+---------+----+---+----+-----+
    |Total                       |                      |        0|   0|  0| 160|    0|
    +----------------------------+----------------------+---------+----+---+----+-----+

    * DSP: 
    N/A

    * Memory: 
    N/A

    * FIFO: 
    N/A

    * Expression: 
    +------------------------+----------+----+---+----+------------+------------+
    |      Variable Name     | Operation| DSP| FF| LUT| Bitwidth P0| Bitwidth P1|
    +------------------------+----------+----+---+----+------------+------------+
    |acc_idx_18_fu_1187_p2   |         +|   0|  0|   9|           2|           1|
    |add_ln173_fu_1173_p2    |         +|   0|  0|  17|          10|           3|
    |add_ln178_4_fu_1086_p2  |         +|   0|  0|  23|          16|          16|
    |add_ln178_5_fu_1119_p2  |         +|   0|  0|  23|          16|          16|
    |add_ln178_6_fu_1152_p2  |         +|   0|  0|  23|          16|          16|
    |add_ln178_fu_1029_p2    |         +|   0|  0|  23|          16|          16|
    |add_ln180_fu_1050_p2    |         +|   0|  0|  16|           9|           8|
    |icmp_ln173_fu_997_p2    |      icmp|   0|  0|  17|          10|           8|
    |ap_enable_pp0           |       xor|   0|  0|   2|           1|           2|
    +------------------------+----------+----+---+----+------------+------------+
    |Total                   |          |   0|  0| 153|          96|          86|
    +------------------------+----------+----+---+----+------------+------------+

    * Multiplexer: 
    +----------------------------------------+----+-----------+-----+-----------+
    |                  Name                  | LUT| Input Size| Bits| Total Bits|
    +----------------------------------------+----+-----------+-----+-----------+
    |acc_idx_fu_186                          |   9|          2|    2|          4|
    |ap_NS_fsm                               |  20|          4|    1|          4|
    |ap_done_int                             |   9|          2|    1|          2|
    |ap_enable_reg_pp0_iter0                 |   9|          2|    1|          2|
    |ap_enable_reg_pp0_iter2                 |   9|          2|    1|          2|
    |ap_sig_allocacmp_b_assign_576_load_1    |   9|          2|   16|         32|
    |ap_sig_allocacmp_b_assign_577_load_1    |   9|          2|   16|         32|
    |ap_sig_allocacmp_b_assign_579_load_1    |   9|          2|   16|         32|
    |ap_sig_allocacmp_b_assign_580_load_1    |   9|          2|   16|         32|
    |ap_sig_allocacmp_b_assign_581_load_1    |   9|          2|   16|         32|
    |ap_sig_allocacmp_b_assign_583_load_1    |   9|          2|   16|         32|
    |ap_sig_allocacmp_b_assign_584_load_1    |   9|          2|   16|         32|
    |ap_sig_allocacmp_b_assign_585_load_1    |   9|          2|   16|         32|
    |ap_sig_allocacmp_b_assign_587_load_1    |   9|          2|   16|         32|
    |ap_sig_allocacmp_ci_8                   |   9|          2|   10|         20|
    |ap_sig_allocacmp_mux_case_01893_load_1  |   9|          2|   16|         32|
    |ap_sig_allocacmp_mux_case_02410_load_1  |   9|          2|   16|         32|
    |ap_sig_allocacmp_mux_case_02418_load_1  |   9|          2|   16|         32|
    |ap_sig_allocacmp_mux_case_02426_load_1  |   9|          2|   16|         32|
    |ap_sig_allocacmp_mux_case_02458_load_1  |   9|          2|   16|         32|
    |ap_sig_allocacmp_mux_case_11895_load_1  |   9|          2|   16|         32|
    |ap_sig_allocacmp_mux_case_12412_load_1  |   9|          2|   16|         32|
    |ap_sig_allocacmp_mux_case_12420_load_1  |   9|          2|   16|         32|
    |ap_sig_allocacmp_mux_case_12428_load_1  |   9|          2|   16|         32|
    |ap_sig_allocacmp_mux_case_12460_load_1  |   9|          2|   16|         32|
    |ap_sig_allocacmp_mux_case_21897_load_1  |   9|          2|   16|         32|
    |ap_sig_allocacmp_mux_case_22414_load_1  |   9|          2|   16|         32|
    |ap_sig_allocacmp_mux_case_22422_load_1  |   9|          2|   16|         32|
    |ap_sig_allocacmp_mux_case_22430_load_1  |   9|          2|   16|         32|
    |ap_sig_allocacmp_mux_case_22438_load_1  |   9|          2|   16|         32|
    |ap_sig_allocacmp_mux_case_22446_load_1  |   9|          2|   16|         32|
    |ap_sig_allocacmp_mux_case_22454_load_1  |   9|          2|   16|         32|
    |ap_sig_allocacmp_mux_case_22462_load_1  |   9|          2|   16|         32|
    |ap_sig_allocacmp_mux_case_31899_load_1  |   9|          2|   16|         32|
    |ap_sig_allocacmp_mux_case_32416_load_1  |   9|          2|   16|         32|
    |ap_sig_allocacmp_mux_case_32424_load_1  |   9|          2|   16|         32|
    |ap_sig_allocacmp_mux_case_32432_load_1  |   9|          2|   16|         32|
    |ap_sig_allocacmp_mux_case_32464_load_1  |   9|          2|   16|         32|
    |b_assign_576_fu_258                     |   9|          2|   16|         32|
    |b_assign_577_fu_262                     |   9|          2|   16|         32|
    |b_assign_579_fu_270                     |   9|          2|   16|         32|
    |b_assign_580_fu_274                     |   9|          2|   16|         32|
    |b_assign_581_fu_278                     |   9|          2|   16|         32|
    |b_assign_583_fu_286                     |   9|          2|   16|         32|
    |b_assign_584_fu_290                     |   9|          2|   16|         32|
    |b_assign_585_fu_294                     |   9|          2|   16|         32|
    |b_assign_587_fu_302                     |   9|          2|   16|         32|
    |ci_fu_190                               |   9|          2|   10|         20|
    |grp_fu_800_p0                           |  20|          4|   16|         64|
    |grp_fu_800_p1                           |  20|          4|   16|         64|
    |grp_fu_804_p0                           |  20|          4|   16|         64|
    |grp_fu_804_p1                           |  20|          4|   16|         64|
    |grp_fu_808_p0                           |  14|          3|   16|         48|
    |grp_fu_808_p1                           |  14|          3|   16|         48|
    |grp_fu_812_p0                           |  20|          4|   16|         64|
    |grp_fu_812_p1                           |  20|          4|   16|         64|
    |grp_fu_816_p0                           |  20|          4|   16|         64|
    |grp_fu_816_p1                           |  20|          4|   16|         64|
    |grp_fu_820_p0                           |  14|          3|   16|         48|
    |grp_fu_820_p1                           |  14|          3|   16|         48|
    |mux_case_01893_fu_194                   |   9|          2|   16|         32|
    |mux_case_02410_fu_210                   |   9|          2|   16|         32|
    |mux_case_02418_fu_226                   |   9|          2|   16|         32|
    |mux_case_02426_fu_242                   |   9|          2|   16|         32|
    |mux_case_02458_fu_306                   |   9|          2|   16|         32|
    |mux_case_11895_fu_198                   |   9|          2|   16|         32|
    |mux_case_12412_fu_214                   |   9|          2|   16|         32|
    |mux_case_12420_fu_230                   |   9|          2|   16|         32|
    |mux_case_12428_fu_246                   |   9|          2|   16|         32|
    |mux_case_12460_fu_310                   |   9|          2|   16|         32|
    |mux_case_21897_fu_202                   |   9|          2|   16|         32|
    |mux_case_22414_fu_218                   |   9|          2|   16|         32|
    |mux_case_22422_fu_234                   |   9|          2|   16|         32|
    |mux_case_22430_fu_250                   |   9|          2|   16|         32|
    |mux_case_22438_fu_266                   |   9|          2|   16|         32|
    |mux_case_22446_fu_282                   |   9|          2|   16|         32|
    |mux_case_22454_fu_298                   |   9|          2|   16|         32|
    |mux_case_22462_fu_314                   |   9|          2|   16|         32|
    |mux_case_31899_fu_206                   |   9|          2|   16|         32|
    |mux_case_32416_fu_222                   |   9|          2|   16|         32|
    |mux_case_32424_fu_238                   |   9|          2|   16|         32|
    |mux_case_32432_fu_254                   |   9|          2|   16|         32|
    |mux_case_32464_fu_318                   |   9|          2|   16|         32|
    +----------------------------------------+----+-----------+-----+-----------+
    |Total                                   | 866|        188| 1242|       2806|
    +----------------------------------------+----+-----------+-----+-----------+

    * Register: 
    +-----------------------------------+----+----+-----+-----------+
    |                Name               | FF | LUT| Bits| Const Bits|
    +-----------------------------------+----+----+-----+-----------+
    |acc_idx_17_reg_2190                |   2|   0|    2|          0|
    |acc_idx_17_reg_2190_pp0_iter3_reg  |   2|   0|    2|          0|
    |acc_idx_fu_186                     |   2|   0|    2|          0|
    |ap_CS_fsm                          |   3|   0|    3|          0|
    |ap_done_reg                        |   1|   0|    1|          0|
    |ap_enable_reg_pp0_iter0_reg        |   1|   0|    1|          0|
    |ap_enable_reg_pp0_iter1            |   1|   0|    1|          0|
    |ap_enable_reg_pp0_iter2            |   1|   0|    1|          0|
    |ap_enable_reg_pp0_iter3            |   1|   0|    1|          0|
    |ap_loop_exit_ready_pp0_iter1_reg   |   1|   0|    1|          0|
    |ap_loop_exit_ready_pp0_iter2_reg   |   1|   0|    1|          0|
    |b_assign_576_fu_258                |  16|   0|   16|          0|
    |b_assign_577_fu_262                |  16|   0|   16|          0|
    |b_assign_579_fu_270                |  16|   0|   16|          0|
    |b_assign_580_fu_274                |  16|   0|   16|          0|
    |b_assign_581_fu_278                |  16|   0|   16|          0|
    |b_assign_583_fu_286                |  16|   0|   16|          0|
    |b_assign_584_fu_290                |  16|   0|   16|          0|
    |b_assign_585_fu_294                |  16|   0|   16|          0|
    |b_assign_587_fu_302                |  16|   0|   16|          0|
    |ci_fu_190                          |  10|   0|   10|          0|
    |icmp_ln173_reg_2047                |   1|   0|    1|          0|
    |mux_case_01893_fu_194              |  16|   0|   16|          0|
    |mux_case_02410_fu_210              |  16|   0|   16|          0|
    |mux_case_02418_fu_226              |  16|   0|   16|          0|
    |mux_case_02426_fu_242              |  16|   0|   16|          0|
    |mux_case_02458_fu_306              |  16|   0|   16|          0|
    |mux_case_11895_fu_198              |  16|   0|   16|          0|
    |mux_case_12412_fu_214              |  16|   0|   16|          0|
    |mux_case_12420_fu_230              |  16|   0|   16|          0|
    |mux_case_12428_fu_246              |  16|   0|   16|          0|
    |mux_case_12460_fu_310              |  16|   0|   16|          0|
    |mux_case_21897_fu_202              |  16|   0|   16|          0|
    |mux_case_22414_fu_218              |  16|   0|   16|          0|
    |mux_case_22422_fu_234              |  16|   0|   16|          0|
    |mux_case_22430_fu_250              |  16|   0|   16|          0|
    |mux_case_22438_fu_266              |  16|   0|   16|          0|
    |mux_case_22446_fu_282              |  16|   0|   16|          0|
    |mux_case_22454_fu_298              |  16|   0|   16|          0|
    |mux_case_22462_fu_314              |  16|   0|   16|          0|
    |mux_case_31899_fu_206              |  16|   0|   16|          0|
    |mux_case_32416_fu_222              |  16|   0|   16|          0|
    |mux_case_32424_fu_238              |  16|   0|   16|          0|
    |mux_case_32432_fu_254              |  16|   0|   16|          0|
    |mux_case_32464_fu_318              |  16|   0|   16|          0|
    |p_64_reg_2180                      |  16|   0|   16|          0|
    |p_65_reg_2185                      |  16|   0|   16|          0|
    |p_66_reg_2204                      |  16|   0|   16|          0|
    |p_67_reg_2209                      |  16|   0|   16|          0|
    |p_68_reg_2214                      |  16|   0|   16|          0|
    |p_69_reg_2229                      |  16|   0|   16|          0|
    |p_70_reg_2234                      |  16|   0|   16|          0|
    |p_reg_2175                         |  16|   0|   16|          0|
    |wcur_10_reg_2145                   |  16|   0|   16|          0|
    |wcur_11_reg_2155                   |  16|   0|   16|          0|
    |wcur_12_reg_2165                   |  16|   0|   16|          0|
    |wcur_reg_2117                      |  16|   0|   16|          0|
    |wpre_10_reg_2160                   |  16|   0|   16|          0|
    |wpre_8_reg_2170                    |  16|   0|   16|          0|
    |wpre_9_reg_2150                    |  16|   0|   16|          0|
    |wpre_reg_2122                      |  16|   0|   16|          0|
    |xval_10_reg_2133                   |  16|   0|   16|          0|
    |xval_8_reg_2139                    |  16|   0|   16|          0|
    |xval_9_reg_2127                    |  16|   0|   16|          0|
    |xval_reg_2111                      |  16|   0|   16|          0|
    |icmp_ln173_reg_2047                |  64|  32|    1|          0|
    +-----------------------------------+----+----+-----+-----------+
    |Total                              | 923|  32|  860|          0|
    +-----------------------------------+----+----+-----+-----------+



================================================================
== Interface
================================================================
* Summary: 
+---------------------------------------------------------------------------------------+-----+-----+------------+------------------------------------------------------------------------------+--------------+
|                                       RTL Ports                                       | Dir | Bits|  Protocol  |                                 Source Object                                |    C Type    |
+---------------------------------------------------------------------------------------+-----+-----+------------+------------------------------------------------------------------------------+--------------+
|ap_clk                                                                                 |   in|    1|  ap_ctrl_hs|        Resblock___Pad_ref_Conv_11133111111_CNorm_Relu____Pipeline_CI_CENTER87|  return value|
|ap_rst                                                                                 |   in|    1|  ap_ctrl_hs|        Resblock___Pad_ref_Conv_11133111111_CNorm_Relu____Pipeline_CI_CENTER87|  return value|
|ap_start                                                                               |   in|    1|  ap_ctrl_hs|        Resblock___Pad_ref_Conv_11133111111_CNorm_Relu____Pipeline_CI_CENTER87|  return value|
|ap_done                                                                                |  out|    1|  ap_ctrl_hs|        Resblock___Pad_ref_Conv_11133111111_CNorm_Relu____Pipeline_CI_CENTER87|  return value|
|ap_idle                                                                                |  out|    1|  ap_ctrl_hs|        Resblock___Pad_ref_Conv_11133111111_CNorm_Relu____Pipeline_CI_CENTER87|  return value|
|ap_ready                                                                               |  out|    1|  ap_ctrl_hs|        Resblock___Pad_ref_Conv_11133111111_CNorm_Relu____Pipeline_CI_CENTER87|  return value|
|grp_fu_58620_p_din0                                                                    |  out|   16|  ap_ctrl_hs|        Resblock___Pad_ref_Conv_11133111111_CNorm_Relu____Pipeline_CI_CENTER87|  return value|
|grp_fu_58620_p_din1                                                                    |  out|   16|  ap_ctrl_hs|        Resblock___Pad_ref_Conv_11133111111_CNorm_Relu____Pipeline_CI_CENTER87|  return value|
|grp_fu_58620_p_dout0                                                                   |   in|   16|  ap_ctrl_hs|        Resblock___Pad_ref_Conv_11133111111_CNorm_Relu____Pipeline_CI_CENTER87|  return value|
|grp_fu_58620_p_ce                                                                      |  out|    1|  ap_ctrl_hs|        Resblock___Pad_ref_Conv_11133111111_CNorm_Relu____Pipeline_CI_CENTER87|  return value|
|grp_fu_58624_p_din0                                                                    |  out|   16|  ap_ctrl_hs|        Resblock___Pad_ref_Conv_11133111111_CNorm_Relu____Pipeline_CI_CENTER87|  return value|
|grp_fu_58624_p_din1                                                                    |  out|   16|  ap_ctrl_hs|        Resblock___Pad_ref_Conv_11133111111_CNorm_Relu____Pipeline_CI_CENTER87|  return value|
|grp_fu_58624_p_dout0                                                                   |   in|   16|  ap_ctrl_hs|        Resblock___Pad_ref_Conv_11133111111_CNorm_Relu____Pipeline_CI_CENTER87|  return value|
|grp_fu_58624_p_ce                                                                      |  out|    1|  ap_ctrl_hs|        Resblock___Pad_ref_Conv_11133111111_CNorm_Relu____Pipeline_CI_CENTER87|  return value|
|grp_fu_58628_p_din0                                                                    |  out|   16|  ap_ctrl_hs|        Resblock___Pad_ref_Conv_11133111111_CNorm_Relu____Pipeline_CI_CENTER87|  return value|
|grp_fu_58628_p_din1                                                                    |  out|   16|  ap_ctrl_hs|        Resblock___Pad_ref_Conv_11133111111_CNorm_Relu____Pipeline_CI_CENTER87|  return value|
|grp_fu_58628_p_dout0                                                                   |   in|   16|  ap_ctrl_hs|        Resblock___Pad_ref_Conv_11133111111_CNorm_Relu____Pipeline_CI_CENTER87|  return value|
|grp_fu_58628_p_ce                                                                      |  out|    1|  ap_ctrl_hs|        Resblock___Pad_ref_Conv_11133111111_CNorm_Relu____Pipeline_CI_CENTER87|  return value|
|grp_fu_58616_p_din0                                                                    |  out|   16|  ap_ctrl_hs|        Resblock___Pad_ref_Conv_11133111111_CNorm_Relu____Pipeline_CI_CENTER87|  return value|
|grp_fu_58616_p_din1                                                                    |  out|   16|  ap_ctrl_hs|        Resblock___Pad_ref_Conv_11133111111_CNorm_Relu____Pipeline_CI_CENTER87|  return value|
|grp_fu_58616_p_dout0                                                                   |   in|   16|  ap_ctrl_hs|        Resblock___Pad_ref_Conv_11133111111_CNorm_Relu____Pipeline_CI_CENTER87|  return value|
|grp_fu_58616_p_ce                                                                      |  out|    1|  ap_ctrl_hs|        Resblock___Pad_ref_Conv_11133111111_CNorm_Relu____Pipeline_CI_CENTER87|  return value|
|grp_fu_58632_p_din0                                                                    |  out|   16|  ap_ctrl_hs|        Resblock___Pad_ref_Conv_11133111111_CNorm_Relu____Pipeline_CI_CENTER87|  return value|
|grp_fu_58632_p_din1                                                                    |  out|   16|  ap_ctrl_hs|        Resblock___Pad_ref_Conv_11133111111_CNorm_Relu____Pipeline_CI_CENTER87|  return value|
|grp_fu_58632_p_dout0                                                                   |   in|   16|  ap_ctrl_hs|        Resblock___Pad_ref_Conv_11133111111_CNorm_Relu____Pipeline_CI_CENTER87|  return value|
|grp_fu_58632_p_ce                                                                      |  out|    1|  ap_ctrl_hs|        Resblock___Pad_ref_Conv_11133111111_CNorm_Relu____Pipeline_CI_CENTER87|  return value|
|grp_fu_58636_p_din0                                                                    |  out|   16|  ap_ctrl_hs|        Resblock___Pad_ref_Conv_11133111111_CNorm_Relu____Pipeline_CI_CENTER87|  return value|
|grp_fu_58636_p_din1                                                                    |  out|   16|  ap_ctrl_hs|        Resblock___Pad_ref_Conv_11133111111_CNorm_Relu____Pipeline_CI_CENTER87|  return value|
|grp_fu_58636_p_dout0                                                                   |   in|   16|  ap_ctrl_hs|        Resblock___Pad_ref_Conv_11133111111_CNorm_Relu____Pipeline_CI_CENTER87|  return value|
|grp_fu_58636_p_ce                                                                      |  out|    1|  ap_ctrl_hs|        Resblock___Pad_ref_Conv_11133111111_CNorm_Relu____Pipeline_CI_CENTER87|  return value|
|empty_323                                                                              |   in|   16|     ap_none|                                                                     empty_323|        scalar|
|empty_324                                                                              |   in|   16|     ap_none|                                                                     empty_324|        scalar|
|empty_325                                                                              |   in|   16|     ap_none|                                                                     empty_325|        scalar|
|empty_326                                                                              |   in|   16|     ap_none|                                                                     empty_326|        scalar|
|empty_327                                                                              |   in|   16|     ap_none|                                                                     empty_327|        scalar|
|empty_328                                                                              |   in|   16|     ap_none|                                                                     empty_328|        scalar|
|empty_329                                                                              |   in|   16|     ap_none|                                                                     empty_329|        scalar|
|empty_330                                                                              |   in|   16|     ap_none|                                                                     empty_330|        scalar|
|empty_331                                                                              |   in|   16|     ap_none|                                                                     empty_331|        scalar|
|empty_332                                                                              |   in|   16|     ap_none|                                                                     empty_332|        scalar|
|empty_333                                                                              |   in|   16|     ap_none|                                                                     empty_333|        scalar|
|empty_334                                                                              |   in|   16|     ap_none|                                                                     empty_334|        scalar|
|empty_335                                                                              |   in|   16|     ap_none|                                                                     empty_335|        scalar|
|empty_336                                                                              |   in|   16|     ap_none|                                                                     empty_336|        scalar|
|empty_337                                                                              |   in|   16|     ap_none|                                                                     empty_337|        scalar|
|empty                                                                                  |   in|   16|     ap_none|                                                                         empty|        scalar|
|mul_ln160_6                                                                            |   in|   16|     ap_none|                                                                   mul_ln160_6|        scalar|
|mux_case_32464_out                                                                     |  out|   16|      ap_vld|                                                            mux_case_32464_out|       pointer|
|mux_case_32464_out_ap_vld                                                              |  out|    1|      ap_vld|                                                            mux_case_32464_out|       pointer|
|mux_case_22462_out                                                                     |  out|   16|      ap_vld|                                                            mux_case_22462_out|       pointer|
|mux_case_22462_out_ap_vld                                                              |  out|    1|      ap_vld|                                                            mux_case_22462_out|       pointer|
|mux_case_12460_out                                                                     |  out|   16|      ap_vld|                                                            mux_case_12460_out|       pointer|
|mux_case_12460_out_ap_vld                                                              |  out|    1|      ap_vld|                                                            mux_case_12460_out|       pointer|
|mux_case_02458_out                                                                     |  out|   16|      ap_vld|                                                            mux_case_02458_out|       pointer|
|mux_case_02458_out_ap_vld                                                              |  out|    1|      ap_vld|                                                            mux_case_02458_out|       pointer|
|b_assign_587_out                                                                       |  out|   16|      ap_vld|                                                              b_assign_587_out|       pointer|
|b_assign_587_out_ap_vld                                                                |  out|    1|      ap_vld|                                                              b_assign_587_out|       pointer|
|mux_case_22454_out                                                                     |  out|   16|      ap_vld|                                                            mux_case_22454_out|       pointer|
|mux_case_22454_out_ap_vld                                                              |  out|    1|      ap_vld|                                                            mux_case_22454_out|       pointer|
|b_assign_585_out                                                                       |  out|   16|      ap_vld|                                                              b_assign_585_out|       pointer|
|b_assign_585_out_ap_vld                                                                |  out|    1|      ap_vld|                                                              b_assign_585_out|       pointer|
|b_assign_584_out                                                                       |  out|   16|      ap_vld|                                                              b_assign_584_out|       pointer|
|b_assign_584_out_ap_vld                                                                |  out|    1|      ap_vld|                                                              b_assign_584_out|       pointer|
|b_assign_583_out                                                                       |  out|   16|      ap_vld|                                                              b_assign_583_out|       pointer|
|b_assign_583_out_ap_vld                                                                |  out|    1|      ap_vld|                                                              b_assign_583_out|       pointer|
|mux_case_22446_out                                                                     |  out|   16|      ap_vld|                                                            mux_case_22446_out|       pointer|
|mux_case_22446_out_ap_vld                                                              |  out|    1|      ap_vld|                                                            mux_case_22446_out|       pointer|
|b_assign_581_out                                                                       |  out|   16|      ap_vld|                                                              b_assign_581_out|       pointer|
|b_assign_581_out_ap_vld                                                                |  out|    1|      ap_vld|                                                              b_assign_581_out|       pointer|
|b_assign_580_out                                                                       |  out|   16|      ap_vld|                                                              b_assign_580_out|       pointer|
|b_assign_580_out_ap_vld                                                                |  out|    1|      ap_vld|                                                              b_assign_580_out|       pointer|
|b_assign_579_out                                                                       |  out|   16|      ap_vld|                                                              b_assign_579_out|       pointer|
|b_assign_579_out_ap_vld                                                                |  out|    1|      ap_vld|                                                              b_assign_579_out|       pointer|
|mux_case_22438_out                                                                     |  out|   16|      ap_vld|                                                            mux_case_22438_out|       pointer|
|mux_case_22438_out_ap_vld                                                              |  out|    1|      ap_vld|                                                            mux_case_22438_out|       pointer|
|b_assign_577_out                                                                       |  out|   16|      ap_vld|                                                              b_assign_577_out|       pointer|
|b_assign_577_out_ap_vld                                                                |  out|    1|      ap_vld|                                                              b_assign_577_out|       pointer|
|b_assign_576_out                                                                       |  out|   16|      ap_vld|                                                              b_assign_576_out|       pointer|
|b_assign_576_out_ap_vld                                                                |  out|    1|      ap_vld|                                                              b_assign_576_out|       pointer|
|mux_case_32432_out                                                                     |  out|   16|      ap_vld|                                                            mux_case_32432_out|       pointer|
|mux_case_32432_out_ap_vld                                                              |  out|    1|      ap_vld|                                                            mux_case_32432_out|       pointer|
|mux_case_22430_out                                                                     |  out|   16|      ap_vld|                                                            mux_case_22430_out|       pointer|
|mux_case_22430_out_ap_vld                                                              |  out|    1|      ap_vld|                                                            mux_case_22430_out|       pointer|
|mux_case_12428_out                                                                     |  out|   16|      ap_vld|                                                            mux_case_12428_out|       pointer|
|mux_case_12428_out_ap_vld                                                              |  out|    1|      ap_vld|                                                            mux_case_12428_out|       pointer|
|mux_case_02426_out                                                                     |  out|   16|      ap_vld|                                                            mux_case_02426_out|       pointer|
|mux_case_02426_out_ap_vld                                                              |  out|    1|      ap_vld|                                                            mux_case_02426_out|       pointer|
|mux_case_32424_out                                                                     |  out|   16|      ap_vld|                                                            mux_case_32424_out|       pointer|
|mux_case_32424_out_ap_vld                                                              |  out|    1|      ap_vld|                                                            mux_case_32424_out|       pointer|
|mux_case_22422_out                                                                     |  out|   16|      ap_vld|                                                            mux_case_22422_out|       pointer|
|mux_case_22422_out_ap_vld                                                              |  out|    1|      ap_vld|                                                            mux_case_22422_out|       pointer|
|mux_case_12420_out                                                                     |  out|   16|      ap_vld|                                                            mux_case_12420_out|       pointer|
|mux_case_12420_out_ap_vld                                                              |  out|    1|      ap_vld|                                                            mux_case_12420_out|       pointer|
|mux_case_02418_out                                                                     |  out|   16|      ap_vld|                                                            mux_case_02418_out|       pointer|
|mux_case_02418_out_ap_vld                                                              |  out|    1|      ap_vld|                                                            mux_case_02418_out|       pointer|
|mux_case_32416_out                                                                     |  out|   16|      ap_vld|                                                            mux_case_32416_out|       pointer|
|mux_case_32416_out_ap_vld                                                              |  out|    1|      ap_vld|                                                            mux_case_32416_out|       pointer|
|mux_case_22414_out                                                                     |  out|   16|      ap_vld|                                                            mux_case_22414_out|       pointer|
|mux_case_22414_out_ap_vld                                                              |  out|    1|      ap_vld|                                                            mux_case_22414_out|       pointer|
|mux_case_12412_out                                                                     |  out|   16|      ap_vld|                                                            mux_case_12412_out|       pointer|
|mux_case_12412_out_ap_vld                                                              |  out|    1|      ap_vld|                                                            mux_case_12412_out|       pointer|
|mux_case_02410_out                                                                     |  out|   16|      ap_vld|                                                            mux_case_02410_out|       pointer|
|mux_case_02410_out_ap_vld                                                              |  out|    1|      ap_vld|                                                            mux_case_02410_out|       pointer|
|mux_case_31899_out                                                                     |  out|   16|      ap_vld|                                                            mux_case_31899_out|       pointer|
|mux_case_31899_out_ap_vld                                                              |  out|    1|      ap_vld|                                                            mux_case_31899_out|       pointer|
|mux_case_21897_out                                                                     |  out|   16|      ap_vld|                                                            mux_case_21897_out|       pointer|
|mux_case_21897_out_ap_vld                                                              |  out|    1|      ap_vld|                                                            mux_case_21897_out|       pointer|
|mux_case_11895_out                                                                     |  out|   16|      ap_vld|                                                            mux_case_11895_out|       pointer|
|mux_case_11895_out_ap_vld                                                              |  out|    1|      ap_vld|                                                            mux_case_11895_out|       pointer|
|mux_case_01893_out                                                                     |  out|   16|      ap_vld|                                                            mux_case_01893_out|       pointer|
|mux_case_01893_out_ap_vld                                                              |  out|    1|      ap_vld|                                                            mux_case_01893_out|       pointer|
|void_Resblock_Pad_ref_Conv_11133111111_CNorm_Relu_TensorMem_TensorMem_Ten_7_address0   |  out|   14|   ap_memory|   void_Resblock_Pad_ref_Conv_11133111111_CNorm_Relu_TensorMem_TensorMem_Ten_7|         array|
|void_Resblock_Pad_ref_Conv_11133111111_CNorm_Relu_TensorMem_TensorMem_Ten_7_ce0        |  out|    1|   ap_memory|   void_Resblock_Pad_ref_Conv_11133111111_CNorm_Relu_TensorMem_TensorMem_Ten_7|         array|
|void_Resblock_Pad_ref_Conv_11133111111_CNorm_Relu_TensorMem_TensorMem_Ten_7_q0         |   in|   16|   ap_memory|   void_Resblock_Pad_ref_Conv_11133111111_CNorm_Relu_TensorMem_TensorMem_Ten_7|         array|
|void_Resblock_Pad_ref_Conv_11133111111_CNorm_Relu_TensorMem_TensorMem_Ten_11_address0  |  out|    9|   ap_memory|  void_Resblock_Pad_ref_Conv_11133111111_CNorm_Relu_TensorMem_TensorMem_Ten_11|         array|
|void_Resblock_Pad_ref_Conv_11133111111_CNorm_Relu_TensorMem_TensorMem_Ten_11_ce0       |  out|    1|   ap_memory|  void_Resblock_Pad_ref_Conv_11133111111_CNorm_Relu_TensorMem_TensorMem_Ten_11|         array|
|void_Resblock_Pad_ref_Conv_11133111111_CNorm_Relu_TensorMem_TensorMem_Ten_11_q0        |   in|   16|   ap_memory|  void_Resblock_Pad_ref_Conv_11133111111_CNorm_Relu_TensorMem_TensorMem_Ten_11|         array|
|void_Resblock_Pad_ref_Conv_11133111111_CNorm_Relu_TensorMem_TensorMem_Ten_11_address1  |  out|    9|   ap_memory|  void_Resblock_Pad_ref_Conv_11133111111_CNorm_Relu_TensorMem_TensorMem_Ten_11|         array|
|void_Resblock_Pad_ref_Conv_11133111111_CNorm_Relu_TensorMem_TensorMem_Ten_11_ce1       |  out|    1|   ap_memory|  void_Resblock_Pad_ref_Conv_11133111111_CNorm_Relu_TensorMem_TensorMem_Ten_11|         array|
|void_Resblock_Pad_ref_Conv_11133111111_CNorm_Relu_TensorMem_TensorMem_Ten_11_q1        |   in|   16|   ap_memory|  void_Resblock_Pad_ref_Conv_11133111111_CNorm_Relu_TensorMem_TensorMem_Ten_11|         array|
|void_Resblock_Pad_ref_Conv_11133111111_CNorm_Relu_TensorMem_TensorMem_Ten_6_address0   |  out|   14|   ap_memory|   void_Resblock_Pad_ref_Conv_11133111111_CNorm_Relu_TensorMem_TensorMem_Ten_6|         array|
|void_Resblock_Pad_ref_Conv_11133111111_CNorm_Relu_TensorMem_TensorMem_Ten_6_ce0        |  out|    1|   ap_memory|   void_Resblock_Pad_ref_Conv_11133111111_CNorm_Relu_TensorMem_TensorMem_Ten_6|         array|
|void_Resblock_Pad_ref_Conv_11133111111_CNorm_Relu_TensorMem_TensorMem_Ten_6_q0         |   in|   16|   ap_memory|   void_Resblock_Pad_ref_Conv_11133111111_CNorm_Relu_TensorMem_TensorMem_Ten_6|         array|
|void_Resblock_Pad_ref_Conv_11133111111_CNorm_Relu_TensorMem_TensorMem_Ten_5_address0   |  out|   14|   ap_memory|   void_Resblock_Pad_ref_Conv_11133111111_CNorm_Relu_TensorMem_TensorMem_Ten_5|         array|
|void_Resblock_Pad_ref_Conv_11133111111_CNorm_Relu_TensorMem_TensorMem_Ten_5_ce0        |  out|    1|   ap_memory|   void_Resblock_Pad_ref_Conv_11133111111_CNorm_Relu_TensorMem_TensorMem_Ten_5|         array|
|void_Resblock_Pad_ref_Conv_11133111111_CNorm_Relu_TensorMem_TensorMem_Ten_5_q0         |   in|   16|   ap_memory|   void_Resblock_Pad_ref_Conv_11133111111_CNorm_Relu_TensorMem_TensorMem_Ten_5|         array|
|void_Resblock_Pad_ref_Conv_11133111111_CNorm_Relu_TensorMem_TensorMem_Ten_4_address0   |  out|   14|   ap_memory|   void_Resblock_Pad_ref_Conv_11133111111_CNorm_Relu_TensorMem_TensorMem_Ten_4|         array|
|void_Resblock_Pad_ref_Conv_11133111111_CNorm_Relu_TensorMem_TensorMem_Ten_4_ce0        |  out|    1|   ap_memory|   void_Resblock_Pad_ref_Conv_11133111111_CNorm_Relu_TensorMem_TensorMem_Ten_4|         array|
|void_Resblock_Pad_ref_Conv_11133111111_CNorm_Relu_TensorMem_TensorMem_Ten_4_q0         |   in|   16|   ap_memory|   void_Resblock_Pad_ref_Conv_11133111111_CNorm_Relu_TensorMem_TensorMem_Ten_4|         array|
|void_Resblock_Pad_ref_Conv_11133111111_CNorm_Relu_TensorMem_TensorMem_Ten_10_address0  |  out|    9|   ap_memory|  void_Resblock_Pad_ref_Conv_11133111111_CNorm_Relu_TensorMem_TensorMem_Ten_10|         array|
|void_Resblock_Pad_ref_Conv_11133111111_CNorm_Relu_TensorMem_TensorMem_Ten_10_ce0       |  out|    1|   ap_memory|  void_Resblock_Pad_ref_Conv_11133111111_CNorm_Relu_TensorMem_TensorMem_Ten_10|         array|
|void_Resblock_Pad_ref_Conv_11133111111_CNorm_Relu_TensorMem_TensorMem_Ten_10_q0        |   in|   16|   ap_memory|  void_Resblock_Pad_ref_Conv_11133111111_CNorm_Relu_TensorMem_TensorMem_Ten_10|         array|
|void_Resblock_Pad_ref_Conv_11133111111_CNorm_Relu_TensorMem_TensorMem_Ten_10_address1  |  out|    9|   ap_memory|  void_Resblock_Pad_ref_Conv_11133111111_CNorm_Relu_TensorMem_TensorMem_Ten_10|         array|
|void_Resblock_Pad_ref_Conv_11133111111_CNorm_Relu_TensorMem_TensorMem_Ten_10_ce1       |  out|    1|   ap_memory|  void_Resblock_Pad_ref_Conv_11133111111_CNorm_Relu_TensorMem_TensorMem_Ten_10|         array|
|void_Resblock_Pad_ref_Conv_11133111111_CNorm_Relu_TensorMem_TensorMem_Ten_10_q1        |   in|   16|   ap_memory|  void_Resblock_Pad_ref_Conv_11133111111_CNorm_Relu_TensorMem_TensorMem_Ten_10|         array|
|void_Resblock_Pad_ref_Conv_11133111111_CNorm_Relu_TensorMem_TensorMem_Ten_9_address0   |  out|    9|   ap_memory|   void_Resblock_Pad_ref_Conv_11133111111_CNorm_Relu_TensorMem_TensorMem_Ten_9|         array|
|void_Resblock_Pad_ref_Conv_11133111111_CNorm_Relu_TensorMem_TensorMem_Ten_9_ce0        |  out|    1|   ap_memory|   void_Resblock_Pad_ref_Conv_11133111111_CNorm_Relu_TensorMem_TensorMem_Ten_9|         array|
|void_Resblock_Pad_ref_Conv_11133111111_CNorm_Relu_TensorMem_TensorMem_Ten_9_q0         |   in|   16|   ap_memory|   void_Resblock_Pad_ref_Conv_11133111111_CNorm_Relu_TensorMem_TensorMem_Ten_9|         array|
|void_Resblock_Pad_ref_Conv_11133111111_CNorm_Relu_TensorMem_TensorMem_Ten_9_address1   |  out|    9|   ap_memory|   void_Resblock_Pad_ref_Conv_11133111111_CNorm_Relu_TensorMem_TensorMem_Ten_9|         array|
|void_Resblock_Pad_ref_Conv_11133111111_CNorm_Relu_TensorMem_TensorMem_Ten_9_ce1        |  out|    1|   ap_memory|   void_Resblock_Pad_ref_Conv_11133111111_CNorm_Relu_TensorMem_TensorMem_Ten_9|         array|
|void_Resblock_Pad_ref_Conv_11133111111_CNorm_Relu_TensorMem_TensorMem_Ten_9_q1         |   in|   16|   ap_memory|   void_Resblock_Pad_ref_Conv_11133111111_CNorm_Relu_TensorMem_TensorMem_Ten_9|         array|
|void_Resblock_Pad_ref_Conv_11133111111_CNorm_Relu_TensorMem_TensorMem_Ten_8_address0   |  out|    9|   ap_memory|   void_Resblock_Pad_ref_Conv_11133111111_CNorm_Relu_TensorMem_TensorMem_Ten_8|         array|
|void_Resblock_Pad_ref_Conv_11133111111_CNorm_Relu_TensorMem_TensorMem_Ten_8_ce0        |  out|    1|   ap_memory|   void_Resblock_Pad_ref_Conv_11133111111_CNorm_Relu_TensorMem_TensorMem_Ten_8|         array|
|void_Resblock_Pad_ref_Conv_11133111111_CNorm_Relu_TensorMem_TensorMem_Ten_8_q0         |   in|   16|   ap_memory|   void_Resblock_Pad_ref_Conv_11133111111_CNorm_Relu_TensorMem_TensorMem_Ten_8|         array|
|void_Resblock_Pad_ref_Conv_11133111111_CNorm_Relu_TensorMem_TensorMem_Ten_8_address1   |  out|    9|   ap_memory|   void_Resblock_Pad_ref_Conv_11133111111_CNorm_Relu_TensorMem_TensorMem_Ten_8|         array|
|void_Resblock_Pad_ref_Conv_11133111111_CNorm_Relu_TensorMem_TensorMem_Ten_8_ce1        |  out|    1|   ap_memory|   void_Resblock_Pad_ref_Conv_11133111111_CNorm_Relu_TensorMem_TensorMem_Ten_8|         array|
|void_Resblock_Pad_ref_Conv_11133111111_CNorm_Relu_TensorMem_TensorMem_Ten_8_q1         |   in|   16|   ap_memory|   void_Resblock_Pad_ref_Conv_11133111111_CNorm_Relu_TensorMem_TensorMem_Ten_8|         array|
+---------------------------------------------------------------------------------------+-----+-----+------------+------------------------------------------------------------------------------+--------------+

