

================================================================
== Vitis HLS Report for 'Resblock_Pad_ref_Conv_11133111111_CNorm_Relu_Pipeline_CI_LOOP22'
================================================================
* Date:           Fri Jan 23 12:51:07 2026

* Version:        2024.2 (Build 5238294 on Nov  8 2024)
* Project:        resblock_top
* Solution:       hls (Vivado IP Flow Target)
* Product family: zynquplus
* Target device:  xczu7ev-ffvc1156-2-e


================================================================
== Performance Estimates
================================================================
+ Timing: 
    * Summary: 
    +--------+---------+----------+------------+
    |  Clock |  Target | Estimated| Uncertainty|
    +--------+---------+----------+------------+
    |ap_clk  |  4.00 ns|  2.517 ns|     1.08 ns|
    +--------+---------+----------+------------+

+ Latency: 
    * Summary: 
    +---------+---------+----------+----------+-----+-----+------------------------------------------------+
    |  Latency (cycles) |  Latency (absolute) |  Interval |                    Pipeline                    |
    |   min   |   max   |    min   |    max   | min | max |                      Type                      |
    +---------+---------+----------+----------+-----+-----+------------------------------------------------+
    |      730|      730|  2.920 us|  2.920 us|  723|  723|  loop auto-rewind stp (delay=0 clock cycles(s))|
    +---------+---------+----------+----------+-----+-----+------------------------------------------------+

    + Detail: 
        * Instance: 
        N/A

        * Loop: 
        +-----------+---------+---------+----------+-----------+-----------+------+----------+
        |           |  Latency (cycles) | Iteration|  Initiation Interval  | Trip |          |
        | Loop Name |   min   |   max   |  Latency |  achieved |   target  | Count| Pipelined|
        +-----------+---------+---------+----------+-----------+-----------+------+----------+
        |- CI_LOOP  |      728|      728|        12|          3|          1|   240|       yes|
        +-----------+---------+---------+----------+-----------+-----------+------+----------+



================================================================
== Utilization Estimates
================================================================
* Summary: 
+-----------------+---------+------+--------+--------+-----+
|       Name      | BRAM_18K|  DSP |   FF   |   LUT  | URAM|
+-----------------+---------+------+--------+--------+-----+
|DSP              |        -|     -|       -|       -|    -|
|Expression       |        -|     -|       0|     245|    -|
|FIFO             |        -|     -|       -|       -|    -|
|Instance         |        -|     -|       0|     160|    -|
|Memory           |        -|     -|       -|       -|    -|
|Multiplexer      |        -|     -|       0|     866|    -|
|Register         |        -|     -|     987|      32|    -|
+-----------------+---------+------+--------+--------+-----+
|Total            |        0|     0|     987|    1303|    0|
+-----------------+---------+------+--------+--------+-----+
|Available        |      624|  1728|  460800|  230400|   96|
+-----------------+---------+------+--------+--------+-----+
|Utilization (%)  |        0|     0|      ~0|      ~0|    0|
+-----------------+---------+------+--------+--------+-----+

+ Detail: 
    * Instance: 
    +---------------------------+----------------------+---------+----+---+----+-----+
    |          Instance         |        Module        | BRAM_18K| DSP| FF| LUT| URAM|
    +---------------------------+----------------------+---------+----+---+----+-----+
    |sparsemux_9_2_16_1_1_U369  |sparsemux_9_2_16_1_1  |        0|   0|  0|  20|    0|
    |sparsemux_9_2_16_1_1_U370  |sparsemux_9_2_16_1_1  |        0|   0|  0|  20|    0|
    |sparsemux_9_2_16_1_1_U371  |sparsemux_9_2_16_1_1  |        0|   0|  0|  20|    0|
    |sparsemux_9_2_16_1_1_U372  |sparsemux_9_2_16_1_1  |        0|   0|  0|  20|    0|
    |sparsemux_9_2_16_1_1_U373  |sparsemux_9_2_16_1_1  |        0|   0|  0|  20|    0|
    |sparsemux_9_2_16_1_1_U374  |sparsemux_9_2_16_1_1  |        0|   0|  0|  20|    0|
    |sparsemux_9_2_16_1_1_U375  |sparsemux_9_2_16_1_1  |        0|   0|  0|  20|    0|
    |sparsemux_9_2_16_1_1_U376  |sparsemux_9_2_16_1_1  |        0|   0|  0|  20|    0|
    +---------------------------+----------------------+---------+----+---+----+-----+
    |Total                      |                      |        0|   0|  0| 160|    0|
    +---------------------------+----------------------+---------+----+---+----+-----+

    * DSP: 
    N/A

    * Memory: 
    N/A

    * FIFO: 
    N/A

    * Expression: 
    +------------------------+----------+----+---+----+------------+------------+
    |      Variable Name     | Operation| DSP| FF| LUT| Bitwidth P0| Bitwidth P1|
    +------------------------+----------+----+---+----+------------+------------+
    |acc_idx_13_fu_1453_p2   |         +|   0|  0|   9|           2|           1|
    |add_ln233_fu_1439_p2    |         +|   0|  0|  17|          10|           3|
    |add_ln238_4_fu_1211_p2  |         +|   0|  0|  23|          16|          16|
    |add_ln238_5_fu_1289_p2  |         +|   0|  0|  23|          16|          16|
    |add_ln238_6_fu_1343_p2  |         +|   0|  0|  23|          16|          16|
    |add_ln238_7_fu_1397_p2  |         +|   0|  0|  23|          16|          16|
    |add_ln239_4_fu_1232_p2  |         +|   0|  0|  23|          16|          16|
    |add_ln239_5_fu_1310_p2  |         +|   0|  0|  23|          16|          16|
    |add_ln239_6_fu_1364_p2  |         +|   0|  0|  23|          16|          16|
    |add_ln239_7_fu_1418_p2  |         +|   0|  0|  23|          16|          16|
    |add_ln241_fu_1253_p2    |         +|   0|  0|  16|           9|           8|
    |icmp_ln233_fu_1179_p2   |      icmp|   0|  0|  17|          10|           8|
    |ap_enable_pp0           |       xor|   0|  0|   2|           1|           2|
    +------------------------+----------+----+---+----+------------+------------+
    |Total                   |          |   0|  0| 245|         160|         150|
    +------------------------+----------+----+---+----+------------+------------+

    * Multiplexer: 
    +----------------------------------------+----+-----------+-----+-----------+
    |                  Name                  | LUT| Input Size| Bits| Total Bits|
    +----------------------------------------+----+-----------+-----+-----------+
    |acc_idx_5_fu_218                        |   9|          2|    2|          4|
    |ap_NS_fsm                               |  20|          4|    1|          4|
    |ap_done_int                             |   9|          2|    1|          2|
    |ap_enable_reg_pp0_iter0                 |   9|          2|    1|          2|
    |ap_enable_reg_pp0_iter2                 |   9|          2|    1|          2|
    |ap_sig_allocacmp_ci                     |   9|          2|   10|         20|
    |ap_sig_allocacmp_mux_case_02215_load_1  |   9|          2|   16|         32|
    |ap_sig_allocacmp_mux_case_04956_load_1  |   9|          2|   16|         32|
    |ap_sig_allocacmp_mux_case_04964_load_1  |   9|          2|   16|         32|
    |ap_sig_allocacmp_mux_case_04972_load_1  |   9|          2|   16|         32|
    |ap_sig_allocacmp_mux_case_04980_load_1  |   9|          2|   16|         32|
    |ap_sig_allocacmp_mux_case_04988_load_1  |   9|          2|   16|         32|
    |ap_sig_allocacmp_mux_case_04996_load_1  |   9|          2|   16|         32|
    |ap_sig_allocacmp_mux_case_05004_load_1  |   9|          2|   16|         32|
    |ap_sig_allocacmp_mux_case_12217_load_1  |   9|          2|   16|         32|
    |ap_sig_allocacmp_mux_case_14958_load_1  |   9|          2|   16|         32|
    |ap_sig_allocacmp_mux_case_14966_load_1  |   9|          2|   16|         32|
    |ap_sig_allocacmp_mux_case_14974_load_1  |   9|          2|   16|         32|
    |ap_sig_allocacmp_mux_case_14982_load_1  |   9|          2|   16|         32|
    |ap_sig_allocacmp_mux_case_14990_load_1  |   9|          2|   16|         32|
    |ap_sig_allocacmp_mux_case_14998_load_1  |   9|          2|   16|         32|
    |ap_sig_allocacmp_mux_case_15006_load_1  |   9|          2|   16|         32|
    |ap_sig_allocacmp_mux_case_22219_load_1  |   9|          2|   16|         32|
    |ap_sig_allocacmp_mux_case_24960_load_1  |   9|          2|   16|         32|
    |ap_sig_allocacmp_mux_case_24968_load_1  |   9|          2|   16|         32|
    |ap_sig_allocacmp_mux_case_24976_load_1  |   9|          2|   16|         32|
    |ap_sig_allocacmp_mux_case_24984_load_1  |   9|          2|   16|         32|
    |ap_sig_allocacmp_mux_case_24992_load_1  |   9|          2|   16|         32|
    |ap_sig_allocacmp_mux_case_25000_load_1  |   9|          2|   16|         32|
    |ap_sig_allocacmp_mux_case_25008_load_1  |   9|          2|   16|         32|
    |ap_sig_allocacmp_mux_case_32221_load_1  |   9|          2|   16|         32|
    |ap_sig_allocacmp_mux_case_34962_load_1  |   9|          2|   16|         32|
    |ap_sig_allocacmp_mux_case_34970_load_1  |   9|          2|   16|         32|
    |ap_sig_allocacmp_mux_case_34978_load_1  |   9|          2|   16|         32|
    |ap_sig_allocacmp_mux_case_34986_load_1  |   9|          2|   16|         32|
    |ap_sig_allocacmp_mux_case_34994_load_1  |   9|          2|   16|         32|
    |ap_sig_allocacmp_mux_case_35002_load_1  |   9|          2|   16|         32|
    |ap_sig_allocacmp_mux_case_35010_load_1  |   9|          2|   16|         32|
    |ci_3_fu_222                             |   9|          2|   10|         20|
    |grp_fu_1002_p0                          |  14|          3|   16|         48|
    |grp_fu_1002_p1                          |  14|          3|   16|         48|
    |grp_fu_982_p0                           |  20|          4|   16|         64|
    |grp_fu_982_p1                           |  20|          4|   16|         64|
    |grp_fu_986_p0                           |  20|          4|   16|         64|
    |grp_fu_986_p1                           |  20|          4|   16|         64|
    |grp_fu_990_p0                           |  14|          3|   16|         48|
    |grp_fu_990_p1                           |  14|          3|   16|         48|
    |grp_fu_994_p0                           |  20|          4|   16|         64|
    |grp_fu_994_p1                           |  20|          4|   16|         64|
    |grp_fu_998_p0                           |  20|          4|   16|         64|
    |grp_fu_998_p1                           |  20|          4|   16|         64|
    |mux_case_02215_fu_226                   |   9|          2|   16|         32|
    |mux_case_04956_fu_242                   |   9|          2|   16|         32|
    |mux_case_04964_fu_258                   |   9|          2|   16|         32|
    |mux_case_04972_fu_274                   |   9|          2|   16|         32|
    |mux_case_04980_fu_290                   |   9|          2|   16|         32|
    |mux_case_04988_fu_306                   |   9|          2|   16|         32|
    |mux_case_04996_fu_322                   |   9|          2|   16|         32|
    |mux_case_05004_fu_338                   |   9|          2|   16|         32|
    |mux_case_12217_fu_230                   |   9|          2|   16|         32|
    |mux_case_14958_fu_246                   |   9|          2|   16|         32|
    |mux_case_14966_fu_262                   |   9|          2|   16|         32|
    |mux_case_14974_fu_278                   |   9|          2|   16|         32|
    |mux_case_14982_fu_294                   |   9|          2|   16|         32|
    |mux_case_14990_fu_310                   |   9|          2|   16|         32|
    |mux_case_14998_fu_326                   |   9|          2|   16|         32|
    |mux_case_15006_fu_342                   |   9|          2|   16|         32|
    |mux_case_22219_fu_234                   |   9|          2|   16|         32|
    |mux_case_24960_fu_250                   |   9|          2|   16|         32|
    |mux_case_24968_fu_266                   |   9|          2|   16|         32|
    |mux_case_24976_fu_282                   |   9|          2|   16|         32|
    |mux_case_24984_fu_298                   |   9|          2|   16|         32|
    |mux_case_24992_fu_314                   |   9|          2|   16|         32|
    |mux_case_25000_fu_330                   |   9|          2|   16|         32|
    |mux_case_25008_fu_346                   |   9|          2|   16|         32|
    |mux_case_32221_fu_238                   |   9|          2|   16|         32|
    |mux_case_34962_fu_254                   |   9|          2|   16|         32|
    |mux_case_34970_fu_270                   |   9|          2|   16|         32|
    |mux_case_34978_fu_286                   |   9|          2|   16|         32|
    |mux_case_34986_fu_302                   |   9|          2|   16|         32|
    |mux_case_34994_fu_318                   |   9|          2|   16|         32|
    |mux_case_35002_fu_334                   |   9|          2|   16|         32|
    |mux_case_35010_fu_350                   |   9|          2|   16|         32|
    +----------------------------------------+----+-----------+-----+-----------+
    |Total                                   | 866|        188| 1242|       2806|
    +----------------------------------------+----+-----------+-----+-----------+

    * Register: 
    +----------------------------------+----+----+-----+-----------+
    |               Name               | FF | LUT| Bits| Const Bits|
    +----------------------------------+----+----+-----+-----------+
    |acc_idx_5_fu_218                  |   2|   0|    2|          0|
    |acc_idx_reg_2492                  |   2|   0|    2|          0|
    |acc_idx_reg_2492_pp0_iter3_reg    |   2|   0|    2|          0|
    |ap_CS_fsm                         |   3|   0|    3|          0|
    |ap_done_reg                       |   1|   0|    1|          0|
    |ap_enable_reg_pp0_iter0_reg       |   1|   0|    1|          0|
    |ap_enable_reg_pp0_iter1           |   1|   0|    1|          0|
    |ap_enable_reg_pp0_iter2           |   1|   0|    1|          0|
    |ap_enable_reg_pp0_iter3           |   1|   0|    1|          0|
    |ap_loop_exit_ready_pp0_iter1_reg  |   1|   0|    1|          0|
    |ap_loop_exit_ready_pp0_iter2_reg  |   1|   0|    1|          0|
    |ci_3_fu_222                       |  10|   0|   10|          0|
    |icmp_ln233_reg_2313               |   1|   0|    1|          0|
    |mux_case_02215_fu_226             |  16|   0|   16|          0|
    |mux_case_04956_fu_242             |  16|   0|   16|          0|
    |mux_case_04964_fu_258             |  16|   0|   16|          0|
    |mux_case_04972_fu_274             |  16|   0|   16|          0|
    |mux_case_04980_fu_290             |  16|   0|   16|          0|
    |mux_case_04988_fu_306             |  16|   0|   16|          0|
    |mux_case_04996_fu_322             |  16|   0|   16|          0|
    |mux_case_05004_fu_338             |  16|   0|   16|          0|
    |mux_case_12217_fu_230             |  16|   0|   16|          0|
    |mux_case_14958_fu_246             |  16|   0|   16|          0|
    |mux_case_14966_fu_262             |  16|   0|   16|          0|
    |mux_case_14974_fu_278             |  16|   0|   16|          0|
    |mux_case_14982_fu_294             |  16|   0|   16|          0|
    |mux_case_14990_fu_310             |  16|   0|   16|          0|
    |mux_case_14998_fu_326             |  16|   0|   16|          0|
    |mux_case_15006_fu_342             |  16|   0|   16|          0|
    |mux_case_22219_fu_234             |  16|   0|   16|          0|
    |mux_case_24960_fu_250             |  16|   0|   16|          0|
    |mux_case_24968_fu_266             |  16|   0|   16|          0|
    |mux_case_24976_fu_282             |  16|   0|   16|          0|
    |mux_case_24984_fu_298             |  16|   0|   16|          0|
    |mux_case_24992_fu_314             |  16|   0|   16|          0|
    |mux_case_25000_fu_330             |  16|   0|   16|          0|
    |mux_case_25008_fu_346             |  16|   0|   16|          0|
    |mux_case_32221_fu_238             |  16|   0|   16|          0|
    |mux_case_34962_fu_254             |  16|   0|   16|          0|
    |mux_case_34970_fu_270             |  16|   0|   16|          0|
    |mux_case_34978_fu_286             |  16|   0|   16|          0|
    |mux_case_34986_fu_302             |  16|   0|   16|          0|
    |mux_case_34994_fu_318             |  16|   0|   16|          0|
    |mux_case_35002_fu_334             |  16|   0|   16|          0|
    |mux_case_35010_fu_350             |  16|   0|   16|          0|
    |p_43_reg_2482                     |  16|   0|   16|          0|
    |p_44_reg_2487                     |  16|   0|   16|          0|
    |p_45_reg_2506                     |  16|   0|   16|          0|
    |p_46_reg_2511                     |  16|   0|   16|          0|
    |p_47_reg_2516                     |  16|   0|   16|          0|
    |p_48_reg_2531                     |  16|   0|   16|          0|
    |p_49_reg_2536                     |  16|   0|   16|          0|
    |p_reg_2477                        |  16|   0|   16|          0|
    |w1_40_reg_2447                    |  16|   0|   16|          0|
    |w1_41_reg_2457                    |  16|   0|   16|          0|
    |w1_42_reg_2467                    |  16|   0|   16|          0|
    |w1_reg_2407                       |  16|   0|   16|          0|
    |w2_33_reg_2472                    |  16|   0|   16|          0|
    |w2_34_reg_2452                    |  16|   0|   16|          0|
    |w2_35_reg_2462                    |  16|   0|   16|          0|
    |w2_reg_2412                       |  16|   0|   16|          0|
    |x1_40_reg_2417                    |  16|   0|   16|          0|
    |x1_41_reg_2427                    |  16|   0|   16|          0|
    |x1_42_reg_2437                    |  16|   0|   16|          0|
    |x1_reg_2397                       |  16|   0|   16|          0|
    |x2_33_reg_2442                    |  16|   0|   16|          0|
    |x2_34_reg_2422                    |  16|   0|   16|          0|
    |x2_35_reg_2432                    |  16|   0|   16|          0|
    |x2_reg_2402                       |  16|   0|   16|          0|
    |icmp_ln233_reg_2313               |  64|  32|    1|          0|
    +----------------------------------+----+----+-----+-----------+
    |Total                             | 987|  32|  924|          0|
    +----------------------------------+----+----+-----+-----------+



================================================================
== Interface
================================================================
* Summary: 
+---------------------------------------------------------------------------------------+-----+-----+------------+------------------------------------------------------------------------------+--------------+
|                                       RTL Ports                                       | Dir | Bits|  Protocol  |                                 Source Object                                |    C Type    |
+---------------------------------------------------------------------------------------+-----+-----+------------+------------------------------------------------------------------------------+--------------+
|ap_clk                                                                                 |   in|    1|  ap_ctrl_hs|          Resblock___Pad_ref_Conv_11133111111_CNorm_Relu____Pipeline_CI_LOOP22|  return value|
|ap_rst                                                                                 |   in|    1|  ap_ctrl_hs|          Resblock___Pad_ref_Conv_11133111111_CNorm_Relu____Pipeline_CI_LOOP22|  return value|
|ap_start                                                                               |   in|    1|  ap_ctrl_hs|          Resblock___Pad_ref_Conv_11133111111_CNorm_Relu____Pipeline_CI_LOOP22|  return value|
|ap_done                                                                                |  out|    1|  ap_ctrl_hs|          Resblock___Pad_ref_Conv_11133111111_CNorm_Relu____Pipeline_CI_LOOP22|  return value|
|ap_idle                                                                                |  out|    1|  ap_ctrl_hs|          Resblock___Pad_ref_Conv_11133111111_CNorm_Relu____Pipeline_CI_LOOP22|  return value|
|ap_ready                                                                               |  out|    1|  ap_ctrl_hs|          Resblock___Pad_ref_Conv_11133111111_CNorm_Relu____Pipeline_CI_LOOP22|  return value|
|grp_fu_58616_p_din0                                                                    |  out|   16|  ap_ctrl_hs|          Resblock___Pad_ref_Conv_11133111111_CNorm_Relu____Pipeline_CI_LOOP22|  return value|
|grp_fu_58616_p_din1                                                                    |  out|   16|  ap_ctrl_hs|          Resblock___Pad_ref_Conv_11133111111_CNorm_Relu____Pipeline_CI_LOOP22|  return value|
|grp_fu_58616_p_dout0                                                                   |   in|   16|  ap_ctrl_hs|          Resblock___Pad_ref_Conv_11133111111_CNorm_Relu____Pipeline_CI_LOOP22|  return value|
|grp_fu_58616_p_ce                                                                      |  out|    1|  ap_ctrl_hs|          Resblock___Pad_ref_Conv_11133111111_CNorm_Relu____Pipeline_CI_LOOP22|  return value|
|grp_fu_58620_p_din0                                                                    |  out|   16|  ap_ctrl_hs|          Resblock___Pad_ref_Conv_11133111111_CNorm_Relu____Pipeline_CI_LOOP22|  return value|
|grp_fu_58620_p_din1                                                                    |  out|   16|  ap_ctrl_hs|          Resblock___Pad_ref_Conv_11133111111_CNorm_Relu____Pipeline_CI_LOOP22|  return value|
|grp_fu_58620_p_dout0                                                                   |   in|   16|  ap_ctrl_hs|          Resblock___Pad_ref_Conv_11133111111_CNorm_Relu____Pipeline_CI_LOOP22|  return value|
|grp_fu_58620_p_ce                                                                      |  out|    1|  ap_ctrl_hs|          Resblock___Pad_ref_Conv_11133111111_CNorm_Relu____Pipeline_CI_LOOP22|  return value|
|grp_fu_58624_p_din0                                                                    |  out|   16|  ap_ctrl_hs|          Resblock___Pad_ref_Conv_11133111111_CNorm_Relu____Pipeline_CI_LOOP22|  return value|
|grp_fu_58624_p_din1                                                                    |  out|   16|  ap_ctrl_hs|          Resblock___Pad_ref_Conv_11133111111_CNorm_Relu____Pipeline_CI_LOOP22|  return value|
|grp_fu_58624_p_dout0                                                                   |   in|   16|  ap_ctrl_hs|          Resblock___Pad_ref_Conv_11133111111_CNorm_Relu____Pipeline_CI_LOOP22|  return value|
|grp_fu_58624_p_ce                                                                      |  out|    1|  ap_ctrl_hs|          Resblock___Pad_ref_Conv_11133111111_CNorm_Relu____Pipeline_CI_LOOP22|  return value|
|grp_fu_58628_p_din0                                                                    |  out|   16|  ap_ctrl_hs|          Resblock___Pad_ref_Conv_11133111111_CNorm_Relu____Pipeline_CI_LOOP22|  return value|
|grp_fu_58628_p_din1                                                                    |  out|   16|  ap_ctrl_hs|          Resblock___Pad_ref_Conv_11133111111_CNorm_Relu____Pipeline_CI_LOOP22|  return value|
|grp_fu_58628_p_dout0                                                                   |   in|   16|  ap_ctrl_hs|          Resblock___Pad_ref_Conv_11133111111_CNorm_Relu____Pipeline_CI_LOOP22|  return value|
|grp_fu_58628_p_ce                                                                      |  out|    1|  ap_ctrl_hs|          Resblock___Pad_ref_Conv_11133111111_CNorm_Relu____Pipeline_CI_LOOP22|  return value|
|grp_fu_58632_p_din0                                                                    |  out|   16|  ap_ctrl_hs|          Resblock___Pad_ref_Conv_11133111111_CNorm_Relu____Pipeline_CI_LOOP22|  return value|
|grp_fu_58632_p_din1                                                                    |  out|   16|  ap_ctrl_hs|          Resblock___Pad_ref_Conv_11133111111_CNorm_Relu____Pipeline_CI_LOOP22|  return value|
|grp_fu_58632_p_dout0                                                                   |   in|   16|  ap_ctrl_hs|          Resblock___Pad_ref_Conv_11133111111_CNorm_Relu____Pipeline_CI_LOOP22|  return value|
|grp_fu_58632_p_ce                                                                      |  out|    1|  ap_ctrl_hs|          Resblock___Pad_ref_Conv_11133111111_CNorm_Relu____Pipeline_CI_LOOP22|  return value|
|grp_fu_58636_p_din0                                                                    |  out|   16|  ap_ctrl_hs|          Resblock___Pad_ref_Conv_11133111111_CNorm_Relu____Pipeline_CI_LOOP22|  return value|
|grp_fu_58636_p_din1                                                                    |  out|   16|  ap_ctrl_hs|          Resblock___Pad_ref_Conv_11133111111_CNorm_Relu____Pipeline_CI_LOOP22|  return value|
|grp_fu_58636_p_dout0                                                                   |   in|   16|  ap_ctrl_hs|          Resblock___Pad_ref_Conv_11133111111_CNorm_Relu____Pipeline_CI_LOOP22|  return value|
|grp_fu_58636_p_ce                                                                      |  out|    1|  ap_ctrl_hs|          Resblock___Pad_ref_Conv_11133111111_CNorm_Relu____Pipeline_CI_LOOP22|  return value|
|empty_246                                                                              |   in|   16|     ap_none|                                                                     empty_246|        scalar|
|empty_247                                                                              |   in|   16|     ap_none|                                                                     empty_247|        scalar|
|empty_248                                                                              |   in|   16|     ap_none|                                                                     empty_248|        scalar|
|empty_249                                                                              |   in|   16|     ap_none|                                                                     empty_249|        scalar|
|empty_250                                                                              |   in|   16|     ap_none|                                                                     empty_250|        scalar|
|empty_251                                                                              |   in|   16|     ap_none|                                                                     empty_251|        scalar|
|empty_252                                                                              |   in|   16|     ap_none|                                                                     empty_252|        scalar|
|empty_253                                                                              |   in|   16|     ap_none|                                                                     empty_253|        scalar|
|empty_254                                                                              |   in|   16|     ap_none|                                                                     empty_254|        scalar|
|empty_255                                                                              |   in|   16|     ap_none|                                                                     empty_255|        scalar|
|empty_256                                                                              |   in|   16|     ap_none|                                                                     empty_256|        scalar|
|empty_257                                                                              |   in|   16|     ap_none|                                                                     empty_257|        scalar|
|empty_258                                                                              |   in|   16|     ap_none|                                                                     empty_258|        scalar|
|empty_259                                                                              |   in|   16|     ap_none|                                                                     empty_259|        scalar|
|empty_260                                                                              |   in|   16|     ap_none|                                                                     empty_260|        scalar|
|empty_261                                                                              |   in|   16|     ap_none|                                                                     empty_261|        scalar|
|empty_262                                                                              |   in|   16|     ap_none|                                                                     empty_262|        scalar|
|empty_263                                                                              |   in|   16|     ap_none|                                                                     empty_263|        scalar|
|empty_264                                                                              |   in|   16|     ap_none|                                                                     empty_264|        scalar|
|empty_265                                                                              |   in|   16|     ap_none|                                                                     empty_265|        scalar|
|empty_266                                                                              |   in|   16|     ap_none|                                                                     empty_266|        scalar|
|empty_267                                                                              |   in|   16|     ap_none|                                                                     empty_267|        scalar|
|empty_268                                                                              |   in|   16|     ap_none|                                                                     empty_268|        scalar|
|empty_269                                                                              |   in|   16|     ap_none|                                                                     empty_269|        scalar|
|empty_270                                                                              |   in|   16|     ap_none|                                                                     empty_270|        scalar|
|empty_271                                                                              |   in|   16|     ap_none|                                                                     empty_271|        scalar|
|empty_272                                                                              |   in|   16|     ap_none|                                                                     empty_272|        scalar|
|empty_273                                                                              |   in|   16|     ap_none|                                                                     empty_273|        scalar|
|empty_274                                                                              |   in|   16|     ap_none|                                                                     empty_274|        scalar|
|empty_275                                                                              |   in|   16|     ap_none|                                                                     empty_275|        scalar|
|empty_276                                                                              |   in|   16|     ap_none|                                                                     empty_276|        scalar|
|empty                                                                                  |   in|   16|     ap_none|                                                                         empty|        scalar|
|mul_ln218_1                                                                            |   in|   16|     ap_none|                                                                   mul_ln218_1|        scalar|
|x_points_2_0_i_0_idx                                                                   |   in|   16|     ap_none|                                                          x_points_2_0_i_0_idx|        scalar|
|mux_case_35010_out                                                                     |  out|   16|      ap_vld|                                                            mux_case_35010_out|       pointer|
|mux_case_35010_out_ap_vld                                                              |  out|    1|      ap_vld|                                                            mux_case_35010_out|       pointer|
|mux_case_25008_out                                                                     |  out|   16|      ap_vld|                                                            mux_case_25008_out|       pointer|
|mux_case_25008_out_ap_vld                                                              |  out|    1|      ap_vld|                                                            mux_case_25008_out|       pointer|
|mux_case_15006_out                                                                     |  out|   16|      ap_vld|                                                            mux_case_15006_out|       pointer|
|mux_case_15006_out_ap_vld                                                              |  out|    1|      ap_vld|                                                            mux_case_15006_out|       pointer|
|mux_case_05004_out                                                                     |  out|   16|      ap_vld|                                                            mux_case_05004_out|       pointer|
|mux_case_05004_out_ap_vld                                                              |  out|    1|      ap_vld|                                                            mux_case_05004_out|       pointer|
|mux_case_35002_out                                                                     |  out|   16|      ap_vld|                                                            mux_case_35002_out|       pointer|
|mux_case_35002_out_ap_vld                                                              |  out|    1|      ap_vld|                                                            mux_case_35002_out|       pointer|
|mux_case_25000_out                                                                     |  out|   16|      ap_vld|                                                            mux_case_25000_out|       pointer|
|mux_case_25000_out_ap_vld                                                              |  out|    1|      ap_vld|                                                            mux_case_25000_out|       pointer|
|mux_case_14998_out                                                                     |  out|   16|      ap_vld|                                                            mux_case_14998_out|       pointer|
|mux_case_14998_out_ap_vld                                                              |  out|    1|      ap_vld|                                                            mux_case_14998_out|       pointer|
|mux_case_04996_out                                                                     |  out|   16|      ap_vld|                                                            mux_case_04996_out|       pointer|
|mux_case_04996_out_ap_vld                                                              |  out|    1|      ap_vld|                                                            mux_case_04996_out|       pointer|
|mux_case_34994_out                                                                     |  out|   16|      ap_vld|                                                            mux_case_34994_out|       pointer|
|mux_case_34994_out_ap_vld                                                              |  out|    1|      ap_vld|                                                            mux_case_34994_out|       pointer|
|mux_case_24992_out                                                                     |  out|   16|      ap_vld|                                                            mux_case_24992_out|       pointer|
|mux_case_24992_out_ap_vld                                                              |  out|    1|      ap_vld|                                                            mux_case_24992_out|       pointer|
|mux_case_14990_out                                                                     |  out|   16|      ap_vld|                                                            mux_case_14990_out|       pointer|
|mux_case_14990_out_ap_vld                                                              |  out|    1|      ap_vld|                                                            mux_case_14990_out|       pointer|
|mux_case_04988_out                                                                     |  out|   16|      ap_vld|                                                            mux_case_04988_out|       pointer|
|mux_case_04988_out_ap_vld                                                              |  out|    1|      ap_vld|                                                            mux_case_04988_out|       pointer|
|mux_case_34986_out                                                                     |  out|   16|      ap_vld|                                                            mux_case_34986_out|       pointer|
|mux_case_34986_out_ap_vld                                                              |  out|    1|      ap_vld|                                                            mux_case_34986_out|       pointer|
|mux_case_24984_out                                                                     |  out|   16|      ap_vld|                                                            mux_case_24984_out|       pointer|
|mux_case_24984_out_ap_vld                                                              |  out|    1|      ap_vld|                                                            mux_case_24984_out|       pointer|
|mux_case_14982_out                                                                     |  out|   16|      ap_vld|                                                            mux_case_14982_out|       pointer|
|mux_case_14982_out_ap_vld                                                              |  out|    1|      ap_vld|                                                            mux_case_14982_out|       pointer|
|mux_case_04980_out                                                                     |  out|   16|      ap_vld|                                                            mux_case_04980_out|       pointer|
|mux_case_04980_out_ap_vld                                                              |  out|    1|      ap_vld|                                                            mux_case_04980_out|       pointer|
|mux_case_34978_out                                                                     |  out|   16|      ap_vld|                                                            mux_case_34978_out|       pointer|
|mux_case_34978_out_ap_vld                                                              |  out|    1|      ap_vld|                                                            mux_case_34978_out|       pointer|
|mux_case_24976_out                                                                     |  out|   16|      ap_vld|                                                            mux_case_24976_out|       pointer|
|mux_case_24976_out_ap_vld                                                              |  out|    1|      ap_vld|                                                            mux_case_24976_out|       pointer|
|mux_case_14974_out                                                                     |  out|   16|      ap_vld|                                                            mux_case_14974_out|       pointer|
|mux_case_14974_out_ap_vld                                                              |  out|    1|      ap_vld|                                                            mux_case_14974_out|       pointer|
|mux_case_04972_out                                                                     |  out|   16|      ap_vld|                                                            mux_case_04972_out|       pointer|
|mux_case_04972_out_ap_vld                                                              |  out|    1|      ap_vld|                                                            mux_case_04972_out|       pointer|
|mux_case_34970_out                                                                     |  out|   16|      ap_vld|                                                            mux_case_34970_out|       pointer|
|mux_case_34970_out_ap_vld                                                              |  out|    1|      ap_vld|                                                            mux_case_34970_out|       pointer|
|mux_case_24968_out                                                                     |  out|   16|      ap_vld|                                                            mux_case_24968_out|       pointer|
|mux_case_24968_out_ap_vld                                                              |  out|    1|      ap_vld|                                                            mux_case_24968_out|       pointer|
|mux_case_14966_out                                                                     |  out|   16|      ap_vld|                                                            mux_case_14966_out|       pointer|
|mux_case_14966_out_ap_vld                                                              |  out|    1|      ap_vld|                                                            mux_case_14966_out|       pointer|
|mux_case_04964_out                                                                     |  out|   16|      ap_vld|                                                            mux_case_04964_out|       pointer|
|mux_case_04964_out_ap_vld                                                              |  out|    1|      ap_vld|                                                            mux_case_04964_out|       pointer|
|mux_case_34962_out                                                                     |  out|   16|      ap_vld|                                                            mux_case_34962_out|       pointer|
|mux_case_34962_out_ap_vld                                                              |  out|    1|      ap_vld|                                                            mux_case_34962_out|       pointer|
|mux_case_24960_out                                                                     |  out|   16|      ap_vld|                                                            mux_case_24960_out|       pointer|
|mux_case_24960_out_ap_vld                                                              |  out|    1|      ap_vld|                                                            mux_case_24960_out|       pointer|
|mux_case_14958_out                                                                     |  out|   16|      ap_vld|                                                            mux_case_14958_out|       pointer|
|mux_case_14958_out_ap_vld                                                              |  out|    1|      ap_vld|                                                            mux_case_14958_out|       pointer|
|mux_case_04956_out                                                                     |  out|   16|      ap_vld|                                                            mux_case_04956_out|       pointer|
|mux_case_04956_out_ap_vld                                                              |  out|    1|      ap_vld|                                                            mux_case_04956_out|       pointer|
|mux_case_32221_out                                                                     |  out|   16|      ap_vld|                                                            mux_case_32221_out|       pointer|
|mux_case_32221_out_ap_vld                                                              |  out|    1|      ap_vld|                                                            mux_case_32221_out|       pointer|
|mux_case_22219_out                                                                     |  out|   16|      ap_vld|                                                            mux_case_22219_out|       pointer|
|mux_case_22219_out_ap_vld                                                              |  out|    1|      ap_vld|                                                            mux_case_22219_out|       pointer|
|mux_case_12217_out                                                                     |  out|   16|      ap_vld|                                                            mux_case_12217_out|       pointer|
|mux_case_12217_out_ap_vld                                                              |  out|    1|      ap_vld|                                                            mux_case_12217_out|       pointer|
|mux_case_02215_out                                                                     |  out|   16|      ap_vld|                                                            mux_case_02215_out|       pointer|
|mux_case_02215_out_ap_vld                                                              |  out|    1|      ap_vld|                                                            mux_case_02215_out|       pointer|
|void_Resblock_Pad_ref_Conv_11133111111_CNorm_Relu_TensorMem_TensorMem_Ten_7_address0   |  out|   14|   ap_memory|   void_Resblock_Pad_ref_Conv_11133111111_CNorm_Relu_TensorMem_TensorMem_Ten_7|         array|
|void_Resblock_Pad_ref_Conv_11133111111_CNorm_Relu_TensorMem_TensorMem_Ten_7_ce0        |  out|    1|   ap_memory|   void_Resblock_Pad_ref_Conv_11133111111_CNorm_Relu_TensorMem_TensorMem_Ten_7|         array|
|void_Resblock_Pad_ref_Conv_11133111111_CNorm_Relu_TensorMem_TensorMem_Ten_7_q0         |   in|   16|   ap_memory|   void_Resblock_Pad_ref_Conv_11133111111_CNorm_Relu_TensorMem_TensorMem_Ten_7|         array|
|void_Resblock_Pad_ref_Conv_11133111111_CNorm_Relu_TensorMem_TensorMem_Ten_7_address1   |  out|   14|   ap_memory|   void_Resblock_Pad_ref_Conv_11133111111_CNorm_Relu_TensorMem_TensorMem_Ten_7|         array|
|void_Resblock_Pad_ref_Conv_11133111111_CNorm_Relu_TensorMem_TensorMem_Ten_7_ce1        |  out|    1|   ap_memory|   void_Resblock_Pad_ref_Conv_11133111111_CNorm_Relu_TensorMem_TensorMem_Ten_7|         array|
|void_Resblock_Pad_ref_Conv_11133111111_CNorm_Relu_TensorMem_TensorMem_Ten_7_q1         |   in|   16|   ap_memory|   void_Resblock_Pad_ref_Conv_11133111111_CNorm_Relu_TensorMem_TensorMem_Ten_7|         array|
|void_Resblock_Pad_ref_Conv_11133111111_CNorm_Relu_TensorMem_TensorMem_Ten_11_address0  |  out|    9|   ap_memory|  void_Resblock_Pad_ref_Conv_11133111111_CNorm_Relu_TensorMem_TensorMem_Ten_11|         array|
|void_Resblock_Pad_ref_Conv_11133111111_CNorm_Relu_TensorMem_TensorMem_Ten_11_ce0       |  out|    1|   ap_memory|  void_Resblock_Pad_ref_Conv_11133111111_CNorm_Relu_TensorMem_TensorMem_Ten_11|         array|
|void_Resblock_Pad_ref_Conv_11133111111_CNorm_Relu_TensorMem_TensorMem_Ten_11_q0        |   in|   16|   ap_memory|  void_Resblock_Pad_ref_Conv_11133111111_CNorm_Relu_TensorMem_TensorMem_Ten_11|         array|
|void_Resblock_Pad_ref_Conv_11133111111_CNorm_Relu_TensorMem_TensorMem_Ten_11_address1  |  out|    9|   ap_memory|  void_Resblock_Pad_ref_Conv_11133111111_CNorm_Relu_TensorMem_TensorMem_Ten_11|         array|
|void_Resblock_Pad_ref_Conv_11133111111_CNorm_Relu_TensorMem_TensorMem_Ten_11_ce1       |  out|    1|   ap_memory|  void_Resblock_Pad_ref_Conv_11133111111_CNorm_Relu_TensorMem_TensorMem_Ten_11|         array|
|void_Resblock_Pad_ref_Conv_11133111111_CNorm_Relu_TensorMem_TensorMem_Ten_11_q1        |   in|   16|   ap_memory|  void_Resblock_Pad_ref_Conv_11133111111_CNorm_Relu_TensorMem_TensorMem_Ten_11|         array|
|void_Resblock_Pad_ref_Conv_11133111111_CNorm_Relu_TensorMem_TensorMem_Ten_6_address0   |  out|   14|   ap_memory|   void_Resblock_Pad_ref_Conv_11133111111_CNorm_Relu_TensorMem_TensorMem_Ten_6|         array|
|void_Resblock_Pad_ref_Conv_11133111111_CNorm_Relu_TensorMem_TensorMem_Ten_6_ce0        |  out|    1|   ap_memory|   void_Resblock_Pad_ref_Conv_11133111111_CNorm_Relu_TensorMem_TensorMem_Ten_6|         array|
|void_Resblock_Pad_ref_Conv_11133111111_CNorm_Relu_TensorMem_TensorMem_Ten_6_q0         |   in|   16|   ap_memory|   void_Resblock_Pad_ref_Conv_11133111111_CNorm_Relu_TensorMem_TensorMem_Ten_6|         array|
|void_Resblock_Pad_ref_Conv_11133111111_CNorm_Relu_TensorMem_TensorMem_Ten_6_address1   |  out|   14|   ap_memory|   void_Resblock_Pad_ref_Conv_11133111111_CNorm_Relu_TensorMem_TensorMem_Ten_6|         array|
|void_Resblock_Pad_ref_Conv_11133111111_CNorm_Relu_TensorMem_TensorMem_Ten_6_ce1        |  out|    1|   ap_memory|   void_Resblock_Pad_ref_Conv_11133111111_CNorm_Relu_TensorMem_TensorMem_Ten_6|         array|
|void_Resblock_Pad_ref_Conv_11133111111_CNorm_Relu_TensorMem_TensorMem_Ten_6_q1         |   in|   16|   ap_memory|   void_Resblock_Pad_ref_Conv_11133111111_CNorm_Relu_TensorMem_TensorMem_Ten_6|         array|
|void_Resblock_Pad_ref_Conv_11133111111_CNorm_Relu_TensorMem_TensorMem_Ten_5_address0   |  out|   14|   ap_memory|   void_Resblock_Pad_ref_Conv_11133111111_CNorm_Relu_TensorMem_TensorMem_Ten_5|         array|
|void_Resblock_Pad_ref_Conv_11133111111_CNorm_Relu_TensorMem_TensorMem_Ten_5_ce0        |  out|    1|   ap_memory|   void_Resblock_Pad_ref_Conv_11133111111_CNorm_Relu_TensorMem_TensorMem_Ten_5|         array|
|void_Resblock_Pad_ref_Conv_11133111111_CNorm_Relu_TensorMem_TensorMem_Ten_5_q0         |   in|   16|   ap_memory|   void_Resblock_Pad_ref_Conv_11133111111_CNorm_Relu_TensorMem_TensorMem_Ten_5|         array|
|void_Resblock_Pad_ref_Conv_11133111111_CNorm_Relu_TensorMem_TensorMem_Ten_5_address1   |  out|   14|   ap_memory|   void_Resblock_Pad_ref_Conv_11133111111_CNorm_Relu_TensorMem_TensorMem_Ten_5|         array|
|void_Resblock_Pad_ref_Conv_11133111111_CNorm_Relu_TensorMem_TensorMem_Ten_5_ce1        |  out|    1|   ap_memory|   void_Resblock_Pad_ref_Conv_11133111111_CNorm_Relu_TensorMem_TensorMem_Ten_5|         array|
|void_Resblock_Pad_ref_Conv_11133111111_CNorm_Relu_TensorMem_TensorMem_Ten_5_q1         |   in|   16|   ap_memory|   void_Resblock_Pad_ref_Conv_11133111111_CNorm_Relu_TensorMem_TensorMem_Ten_5|         array|
|void_Resblock_Pad_ref_Conv_11133111111_CNorm_Relu_TensorMem_TensorMem_Ten_4_address0   |  out|   14|   ap_memory|   void_Resblock_Pad_ref_Conv_11133111111_CNorm_Relu_TensorMem_TensorMem_Ten_4|         array|
|void_Resblock_Pad_ref_Conv_11133111111_CNorm_Relu_TensorMem_TensorMem_Ten_4_ce0        |  out|    1|   ap_memory|   void_Resblock_Pad_ref_Conv_11133111111_CNorm_Relu_TensorMem_TensorMem_Ten_4|         array|
|void_Resblock_Pad_ref_Conv_11133111111_CNorm_Relu_TensorMem_TensorMem_Ten_4_q0         |   in|   16|   ap_memory|   void_Resblock_Pad_ref_Conv_11133111111_CNorm_Relu_TensorMem_TensorMem_Ten_4|         array|
|void_Resblock_Pad_ref_Conv_11133111111_CNorm_Relu_TensorMem_TensorMem_Ten_4_address1   |  out|   14|   ap_memory|   void_Resblock_Pad_ref_Conv_11133111111_CNorm_Relu_TensorMem_TensorMem_Ten_4|         array|
|void_Resblock_Pad_ref_Conv_11133111111_CNorm_Relu_TensorMem_TensorMem_Ten_4_ce1        |  out|    1|   ap_memory|   void_Resblock_Pad_ref_Conv_11133111111_CNorm_Relu_TensorMem_TensorMem_Ten_4|         array|
|void_Resblock_Pad_ref_Conv_11133111111_CNorm_Relu_TensorMem_TensorMem_Ten_4_q1         |   in|   16|   ap_memory|   void_Resblock_Pad_ref_Conv_11133111111_CNorm_Relu_TensorMem_TensorMem_Ten_4|         array|
|void_Resblock_Pad_ref_Conv_11133111111_CNorm_Relu_TensorMem_TensorMem_Ten_10_address0  |  out|    9|   ap_memory|  void_Resblock_Pad_ref_Conv_11133111111_CNorm_Relu_TensorMem_TensorMem_Ten_10|         array|
|void_Resblock_Pad_ref_Conv_11133111111_CNorm_Relu_TensorMem_TensorMem_Ten_10_ce0       |  out|    1|   ap_memory|  void_Resblock_Pad_ref_Conv_11133111111_CNorm_Relu_TensorMem_TensorMem_Ten_10|         array|
|void_Resblock_Pad_ref_Conv_11133111111_CNorm_Relu_TensorMem_TensorMem_Ten_10_q0        |   in|   16|   ap_memory|  void_Resblock_Pad_ref_Conv_11133111111_CNorm_Relu_TensorMem_TensorMem_Ten_10|         array|
|void_Resblock_Pad_ref_Conv_11133111111_CNorm_Relu_TensorMem_TensorMem_Ten_10_address1  |  out|    9|   ap_memory|  void_Resblock_Pad_ref_Conv_11133111111_CNorm_Relu_TensorMem_TensorMem_Ten_10|         array|
|void_Resblock_Pad_ref_Conv_11133111111_CNorm_Relu_TensorMem_TensorMem_Ten_10_ce1       |  out|    1|   ap_memory|  void_Resblock_Pad_ref_Conv_11133111111_CNorm_Relu_TensorMem_TensorMem_Ten_10|         array|
|void_Resblock_Pad_ref_Conv_11133111111_CNorm_Relu_TensorMem_TensorMem_Ten_10_q1        |   in|   16|   ap_memory|  void_Resblock_Pad_ref_Conv_11133111111_CNorm_Relu_TensorMem_TensorMem_Ten_10|         array|
|void_Resblock_Pad_ref_Conv_11133111111_CNorm_Relu_TensorMem_TensorMem_Ten_9_address0   |  out|    9|   ap_memory|   void_Resblock_Pad_ref_Conv_11133111111_CNorm_Relu_TensorMem_TensorMem_Ten_9|         array|
|void_Resblock_Pad_ref_Conv_11133111111_CNorm_Relu_TensorMem_TensorMem_Ten_9_ce0        |  out|    1|   ap_memory|   void_Resblock_Pad_ref_Conv_11133111111_CNorm_Relu_TensorMem_TensorMem_Ten_9|         array|
|void_Resblock_Pad_ref_Conv_11133111111_CNorm_Relu_TensorMem_TensorMem_Ten_9_q0         |   in|   16|   ap_memory|   void_Resblock_Pad_ref_Conv_11133111111_CNorm_Relu_TensorMem_TensorMem_Ten_9|         array|
|void_Resblock_Pad_ref_Conv_11133111111_CNorm_Relu_TensorMem_TensorMem_Ten_9_address1   |  out|    9|   ap_memory|   void_Resblock_Pad_ref_Conv_11133111111_CNorm_Relu_TensorMem_TensorMem_Ten_9|         array|
|void_Resblock_Pad_ref_Conv_11133111111_CNorm_Relu_TensorMem_TensorMem_Ten_9_ce1        |  out|    1|   ap_memory|   void_Resblock_Pad_ref_Conv_11133111111_CNorm_Relu_TensorMem_TensorMem_Ten_9|         array|
|void_Resblock_Pad_ref_Conv_11133111111_CNorm_Relu_TensorMem_TensorMem_Ten_9_q1         |   in|   16|   ap_memory|   void_Resblock_Pad_ref_Conv_11133111111_CNorm_Relu_TensorMem_TensorMem_Ten_9|         array|
|void_Resblock_Pad_ref_Conv_11133111111_CNorm_Relu_TensorMem_TensorMem_Ten_8_address0   |  out|    9|   ap_memory|   void_Resblock_Pad_ref_Conv_11133111111_CNorm_Relu_TensorMem_TensorMem_Ten_8|         array|
|void_Resblock_Pad_ref_Conv_11133111111_CNorm_Relu_TensorMem_TensorMem_Ten_8_ce0        |  out|    1|   ap_memory|   void_Resblock_Pad_ref_Conv_11133111111_CNorm_Relu_TensorMem_TensorMem_Ten_8|         array|
|void_Resblock_Pad_ref_Conv_11133111111_CNorm_Relu_TensorMem_TensorMem_Ten_8_q0         |   in|   16|   ap_memory|   void_Resblock_Pad_ref_Conv_11133111111_CNorm_Relu_TensorMem_TensorMem_Ten_8|         array|
|void_Resblock_Pad_ref_Conv_11133111111_CNorm_Relu_TensorMem_TensorMem_Ten_8_address1   |  out|    9|   ap_memory|   void_Resblock_Pad_ref_Conv_11133111111_CNorm_Relu_TensorMem_TensorMem_Ten_8|         array|
|void_Resblock_Pad_ref_Conv_11133111111_CNorm_Relu_TensorMem_TensorMem_Ten_8_ce1        |  out|    1|   ap_memory|   void_Resblock_Pad_ref_Conv_11133111111_CNorm_Relu_TensorMem_TensorMem_Ten_8|         array|
|void_Resblock_Pad_ref_Conv_11133111111_CNorm_Relu_TensorMem_TensorMem_Ten_8_q1         |   in|   16|   ap_memory|   void_Resblock_Pad_ref_Conv_11133111111_CNorm_Relu_TensorMem_TensorMem_Ten_8|         array|
+---------------------------------------------------------------------------------------+-----+-----+------------+------------------------------------------------------------------------------+--------------+

