

================================================================
== Vitis HLS Report for 'Resblock_Pad_ref_Conv_11133111111_CNorm_Relu_Pipeline_STAT_LOOP40'
================================================================
* Date:           Fri Jan 23 12:51:13 2026

* Version:        2024.2 (Build 5238294 on Nov  8 2024)
* Project:        resblock_top
* Solution:       hls (Vivado IP Flow Target)
* Product family: zynquplus
* Target device:  xczu7ev-ffvc1156-2-e


================================================================
== Performance Estimates
================================================================
+ Timing: 
    * Summary: 
    +--------+---------+----------+------------+
    |  Clock |  Target | Estimated| Uncertainty|
    +--------+---------+----------+------------+
    |ap_clk  |  4.00 ns|  2.719 ns|     1.08 ns|
    +--------+---------+----------+------------+

+ Latency: 
    * Summary: 
    +---------+---------+----------+----------+-----+-----+------------------------------------------------+
    |  Latency (cycles) |  Latency (absolute) |  Interval |                    Pipeline                    |
    |   min   |   max   |    min   |    max   | min | max |                      Type                      |
    +---------+---------+----------+----------+-----+-----+------------------------------------------------+
    |      858|      858|  3.432 us|  3.432 us|  847|  847|  loop auto-rewind stp (delay=0 clock cycles(s))|
    +---------+---------+----------+----------+-----+-----+------------------------------------------------+

    + Detail: 
        * Instance: 
        N/A

        * Loop: 
        +-------------+---------+---------+----------+-----------+-----------+------+----------+
        |             |  Latency (cycles) | Iteration|  Initiation Interval  | Trip |          |
        |  Loop Name  |   min   |   max   |  Latency |  achieved |   target  | Count| Pipelined|
        +-------------+---------+---------+----------+-----------+-----------+------+----------+
        |- STAT_LOOP  |      856|      856|        24|          7|          1|   120|       yes|
        +-------------+---------+---------+----------+-----------+-----------+------+----------+



================================================================
== Utilization Estimates
================================================================
* Summary: 
+-----------------+---------+------+--------+--------+-----+
|       Name      | BRAM_18K|  DSP |   FF   |   LUT  | URAM|
+-----------------+---------+------+--------+--------+-----+
|DSP              |        -|     -|       -|       -|    -|
|Expression       |        -|     -|       0|      30|    -|
|FIFO             |        -|     -|       -|       -|    -|
|Instance         |        -|     -|       0|     385|    -|
|Memory           |        -|     -|       -|       -|    -|
|Multiplexer      |        -|     -|       0|     207|    -|
|Register         |        -|     -|     264|      32|    -|
+-----------------+---------+------+--------+--------+-----+
|Total            |        0|     0|     264|     654|    0|
+-----------------+---------+------+--------+--------+-----+
|Available        |      624|  1728|  460800|  230400|   96|
+-----------------+---------+------+--------+--------+-----+
|Utilization (%)  |        0|     0|      ~0|      ~0|    0|
+-----------------+---------+------+--------+--------+-----+

+ Detail: 
    * Instance: 
    +----------------------------+-----------------------+---------+----+---+----+-----+
    |          Instance          |         Module        | BRAM_18K| DSP| FF| LUT| URAM|
    +----------------------------+-----------------------+---------+----+---+----+-----+
    |sparsemux_33_4_16_1_1_U884  |sparsemux_33_4_16_1_1  |        0|   0|  0|  65|    0|
    |sparsemux_9_2_16_1_1_U868   |sparsemux_9_2_16_1_1   |        0|   0|  0|  20|    0|
    |sparsemux_9_2_16_1_1_U869   |sparsemux_9_2_16_1_1   |        0|   0|  0|  20|    0|
    |sparsemux_9_2_16_1_1_U870   |sparsemux_9_2_16_1_1   |        0|   0|  0|  20|    0|
    |sparsemux_9_2_16_1_1_U871   |sparsemux_9_2_16_1_1   |        0|   0|  0|  20|    0|
    |sparsemux_9_2_16_1_1_U872   |sparsemux_9_2_16_1_1   |        0|   0|  0|  20|    0|
    |sparsemux_9_2_16_1_1_U873   |sparsemux_9_2_16_1_1   |        0|   0|  0|  20|    0|
    |sparsemux_9_2_16_1_1_U874   |sparsemux_9_2_16_1_1   |        0|   0|  0|  20|    0|
    |sparsemux_9_2_16_1_1_U875   |sparsemux_9_2_16_1_1   |        0|   0|  0|  20|    0|
    |sparsemux_9_2_16_1_1_U876   |sparsemux_9_2_16_1_1   |        0|   0|  0|  20|    0|
    |sparsemux_9_2_16_1_1_U877   |sparsemux_9_2_16_1_1   |        0|   0|  0|  20|    0|
    |sparsemux_9_2_16_1_1_U878   |sparsemux_9_2_16_1_1   |        0|   0|  0|  20|    0|
    |sparsemux_9_2_16_1_1_U879   |sparsemux_9_2_16_1_1   |        0|   0|  0|  20|    0|
    |sparsemux_9_2_16_1_1_U880   |sparsemux_9_2_16_1_1   |        0|   0|  0|  20|    0|
    |sparsemux_9_2_16_1_1_U881   |sparsemux_9_2_16_1_1   |        0|   0|  0|  20|    0|
    |sparsemux_9_2_16_1_1_U882   |sparsemux_9_2_16_1_1   |        0|   0|  0|  20|    0|
    |sparsemux_9_2_16_1_1_U883   |sparsemux_9_2_16_1_1   |        0|   0|  0|  20|    0|
    +----------------------------+-----------------------+---------+----+---+----+-----+
    |Total                       |                       |        0|   0|  0| 385|    0|
    +----------------------------+-----------------------+---------+----+---+----+-----+

    * DSP: 
    N/A

    * Memory: 
    N/A

    * FIFO: 
    N/A

    * Expression: 
    +-----------------------+----------+----+---+----+------------+------------+
    |     Variable Name     | Operation| DSP| FF| LUT| Bitwidth P0| Bitwidth P1|
    +-----------------------+----------+----+---+----+------------+------------+
    |add_ln404_fu_1142_p2   |         +|   0|  0|  14|           7|           1|
    |icmp_ln404_fu_1136_p2  |      icmp|   0|  0|  14|           7|           5|
    |ap_enable_pp0          |       xor|   0|  0|   2|           1|           2|
    +-----------------------+----------+----+---+----+------------+------------+
    |Total                  |          |   0|  0|  30|          15|           8|
    +-----------------------+----------+----+---+----+------------+------------+

    * Multiplexer: 
    +----------------------------------+----+-----------+-----+-----------+
    |               Name               | LUT| Input Size| Bits| Total Bits|
    +----------------------------------+----+-----------+-----+-----------+
    |ap_NS_fsm                         |  43|          8|    1|          8|
    |ap_done_int                       |   9|          2|    1|          2|
    |ap_enable_reg_pp0_iter0           |   9|          2|    1|          2|
    |ap_enable_reg_pp0_iter1           |   9|          2|    1|          2|
    |ap_enable_reg_pp0_iter3           |   9|          2|    1|          2|
    |ap_loop_exit_ready_pp0_iter1_reg  |   9|          2|    1|          2|
    |ap_loop_exit_ready_pp0_iter2_reg  |   9|          2|    1|          2|
    |ap_sig_allocacmp_sum_load_3       |   9|          2|   32|         64|
    |ap_sig_allocacmp_sumsq_load_3     |   9|          2|   32|         64|
    |ap_sig_allocacmp_t_3              |   9|          2|    7|         14|
    |grp_fu_1106_p0                    |  14|          3|   32|         96|
    |grp_fu_1106_p1                    |  14|          3|   32|         96|
    |grp_fu_1110_p0                    |  14|          3|   32|         96|
    |grp_fu_1110_p1                    |  14|          3|   32|         96|
    |sum_fu_230                        |   9|          2|   32|         64|
    |sumsq_fu_234                      |   9|          2|   32|         64|
    |t_fu_238                          |   9|          2|    7|         14|
    +----------------------------------+----+-----------+-----+-----------+
    |Total                             | 207|         44|  277|        688|
    +----------------------------------+----+-----------+-----+-----------+

    * Register: 
    +----------------------------------+----+----+-----+-----------+
    |               Name               | FF | LUT| Bits| Const Bits|
    +----------------------------------+----+----+-----+-----------+
    |ap_CS_fsm                         |   7|   0|    7|          0|
    |ap_done_reg                       |   1|   0|    1|          0|
    |ap_enable_reg_pp0_iter0_reg       |   1|   0|    1|          0|
    |ap_enable_reg_pp0_iter1           |   1|   0|    1|          0|
    |ap_enable_reg_pp0_iter2           |   1|   0|    1|          0|
    |ap_enable_reg_pp0_iter3           |   1|   0|    1|          0|
    |ap_loop_exit_ready_pp0_iter1_reg  |   1|   0|    1|          0|
    |ap_loop_exit_ready_pp0_iter2_reg  |   1|   0|    1|          0|
    |icmp_ln404_reg_1728               |   1|   0|    1|          0|
    |mul58_1_reg_2094                  |  32|   0|   32|          0|
    |sum_fu_230                        |  32|   0|   32|          0|
    |sumsq_fu_234                      |  32|   0|   32|          0|
    |t_fu_238                          |   7|   0|    7|          0|
    |tmp_48_reg_2072                   |  16|   0|   16|          0|
    |trunc_ln404_reg_1732              |   2|   0|    2|          0|
    |yn_reg_2088                       |  32|   0|   32|          0|
    |yv_reg_2077                       |  32|   0|   32|          0|
    |icmp_ln404_reg_1728               |  64|  32|    1|          0|
    +----------------------------------+----+----+-----+-----------+
    |Total                             | 264|  32|  201|          0|
    +----------------------------------+----+----+-----+-----------+



================================================================
== Interface
================================================================
* Summary: 
+-------------------------------------------------------------------------------------------+-----+-----+------------+----------------------------------------------------------------------------------+--------------+
|                                         RTL Ports                                         | Dir | Bits|  Protocol  |                                   Source Object                                  |    C Type    |
+-------------------------------------------------------------------------------------------+-----+-----+------------+----------------------------------------------------------------------------------+--------------+
|ap_clk                                                                                     |   in|    1|  ap_ctrl_hs|            Resblock___Pad_ref_Conv_11133111111_CNorm_Relu____Pipeline_STAT_LOOP40|  return value|
|ap_rst                                                                                     |   in|    1|  ap_ctrl_hs|            Resblock___Pad_ref_Conv_11133111111_CNorm_Relu____Pipeline_STAT_LOOP40|  return value|
|ap_start                                                                                   |   in|    1|  ap_ctrl_hs|            Resblock___Pad_ref_Conv_11133111111_CNorm_Relu____Pipeline_STAT_LOOP40|  return value|
|ap_done                                                                                    |  out|    1|  ap_ctrl_hs|            Resblock___Pad_ref_Conv_11133111111_CNorm_Relu____Pipeline_STAT_LOOP40|  return value|
|ap_idle                                                                                    |  out|    1|  ap_ctrl_hs|            Resblock___Pad_ref_Conv_11133111111_CNorm_Relu____Pipeline_STAT_LOOP40|  return value|
|ap_ready                                                                                   |  out|    1|  ap_ctrl_hs|            Resblock___Pad_ref_Conv_11133111111_CNorm_Relu____Pipeline_STAT_LOOP40|  return value|
|grp_fu_58640_p_din0                                                                        |  out|   32|  ap_ctrl_hs|            Resblock___Pad_ref_Conv_11133111111_CNorm_Relu____Pipeline_STAT_LOOP40|  return value|
|grp_fu_58640_p_din1                                                                        |  out|   32|  ap_ctrl_hs|            Resblock___Pad_ref_Conv_11133111111_CNorm_Relu____Pipeline_STAT_LOOP40|  return value|
|grp_fu_58640_p_opcode                                                                      |  out|    2|  ap_ctrl_hs|            Resblock___Pad_ref_Conv_11133111111_CNorm_Relu____Pipeline_STAT_LOOP40|  return value|
|grp_fu_58640_p_dout0                                                                       |   in|   32|  ap_ctrl_hs|            Resblock___Pad_ref_Conv_11133111111_CNorm_Relu____Pipeline_STAT_LOOP40|  return value|
|grp_fu_58640_p_ce                                                                          |  out|    1|  ap_ctrl_hs|            Resblock___Pad_ref_Conv_11133111111_CNorm_Relu____Pipeline_STAT_LOOP40|  return value|
|grp_fu_30165_p_din0                                                                        |  out|   32|  ap_ctrl_hs|            Resblock___Pad_ref_Conv_11133111111_CNorm_Relu____Pipeline_STAT_LOOP40|  return value|
|grp_fu_30165_p_din1                                                                        |  out|   32|  ap_ctrl_hs|            Resblock___Pad_ref_Conv_11133111111_CNorm_Relu____Pipeline_STAT_LOOP40|  return value|
|grp_fu_30165_p_dout0                                                                       |   in|   32|  ap_ctrl_hs|            Resblock___Pad_ref_Conv_11133111111_CNorm_Relu____Pipeline_STAT_LOOP40|  return value|
|grp_fu_30165_p_ce                                                                          |  out|    1|  ap_ctrl_hs|            Resblock___Pad_ref_Conv_11133111111_CNorm_Relu____Pipeline_STAT_LOOP40|  return value|
|grp_fu_30188_p_din0                                                                        |  out|   16|  ap_ctrl_hs|            Resblock___Pad_ref_Conv_11133111111_CNorm_Relu____Pipeline_STAT_LOOP40|  return value|
|grp_fu_30188_p_dout0                                                                       |   in|   32|  ap_ctrl_hs|            Resblock___Pad_ref_Conv_11133111111_CNorm_Relu____Pipeline_STAT_LOOP40|  return value|
|grp_fu_30188_p_ce                                                                          |  out|    1|  ap_ctrl_hs|            Resblock___Pad_ref_Conv_11133111111_CNorm_Relu____Pipeline_STAT_LOOP40|  return value|
|sumsq_3                                                                                    |   in|   32|     ap_none|                                                                           sumsq_3|        scalar|
|sum_3                                                                                      |   in|   32|     ap_none|                                                                             sum_3|        scalar|
|pe_5                                                                                       |   in|    4|     ap_none|                                                                              pe_5|        scalar|
|sumsq_5_out                                                                                |  out|   32|      ap_vld|                                                                       sumsq_5_out|       pointer|
|sumsq_5_out_ap_vld                                                                         |  out|    1|      ap_vld|                                                                       sumsq_5_out|       pointer|
|sum_5_out                                                                                  |  out|   32|      ap_vld|                                                                         sum_5_out|       pointer|
|sum_5_out_ap_vld                                                                           |  out|    1|      ap_vld|                                                                         sum_5_out|       pointer|
|p_ZZ49Resblock_Pad_ref_Conv_11133111111_CNorm_Relu_ILi16ELi960ELi960ELi1EDhEv_71_address0  |  out|    5|   ap_memory|  p_ZZ49Resblock_Pad_ref_Conv_11133111111_CNorm_Relu_ILi16ELi960ELi960ELi1EDhEv_71|         array|
|p_ZZ49Resblock_Pad_ref_Conv_11133111111_CNorm_Relu_ILi16ELi960ELi960ELi1EDhEv_71_ce0       |  out|    1|   ap_memory|  p_ZZ49Resblock_Pad_ref_Conv_11133111111_CNorm_Relu_ILi16ELi960ELi960ELi1EDhEv_71|         array|
|p_ZZ49Resblock_Pad_ref_Conv_11133111111_CNorm_Relu_ILi16ELi960ELi960ELi1EDhEv_71_q0        |   in|   16|   ap_memory|  p_ZZ49Resblock_Pad_ref_Conv_11133111111_CNorm_Relu_ILi16ELi960ELi960ELi1EDhEv_71|         array|
|p_ZZ49Resblock_Pad_ref_Conv_11133111111_CNorm_Relu_ILi16ELi960ELi960ELi1EDhEv_70_address0  |  out|    5|   ap_memory|  p_ZZ49Resblock_Pad_ref_Conv_11133111111_CNorm_Relu_ILi16ELi960ELi960ELi1EDhEv_70|         array|
|p_ZZ49Resblock_Pad_ref_Conv_11133111111_CNorm_Relu_ILi16ELi960ELi960ELi1EDhEv_70_ce0       |  out|    1|   ap_memory|  p_ZZ49Resblock_Pad_ref_Conv_11133111111_CNorm_Relu_ILi16ELi960ELi960ELi1EDhEv_70|         array|
|p_ZZ49Resblock_Pad_ref_Conv_11133111111_CNorm_Relu_ILi16ELi960ELi960ELi1EDhEv_70_q0        |   in|   16|   ap_memory|  p_ZZ49Resblock_Pad_ref_Conv_11133111111_CNorm_Relu_ILi16ELi960ELi960ELi1EDhEv_70|         array|
|p_ZZ49Resblock_Pad_ref_Conv_11133111111_CNorm_Relu_ILi16ELi960ELi960ELi1EDhEv_69_address0  |  out|    5|   ap_memory|  p_ZZ49Resblock_Pad_ref_Conv_11133111111_CNorm_Relu_ILi16ELi960ELi960ELi1EDhEv_69|         array|
|p_ZZ49Resblock_Pad_ref_Conv_11133111111_CNorm_Relu_ILi16ELi960ELi960ELi1EDhEv_69_ce0       |  out|    1|   ap_memory|  p_ZZ49Resblock_Pad_ref_Conv_11133111111_CNorm_Relu_ILi16ELi960ELi960ELi1EDhEv_69|         array|
|p_ZZ49Resblock_Pad_ref_Conv_11133111111_CNorm_Relu_ILi16ELi960ELi960ELi1EDhEv_69_q0        |   in|   16|   ap_memory|  p_ZZ49Resblock_Pad_ref_Conv_11133111111_CNorm_Relu_ILi16ELi960ELi960ELi1EDhEv_69|         array|
|p_ZZ49Resblock_Pad_ref_Conv_11133111111_CNorm_Relu_ILi16ELi960ELi960ELi1EDhEv_68_address0  |  out|    5|   ap_memory|  p_ZZ49Resblock_Pad_ref_Conv_11133111111_CNorm_Relu_ILi16ELi960ELi960ELi1EDhEv_68|         array|
|p_ZZ49Resblock_Pad_ref_Conv_11133111111_CNorm_Relu_ILi16ELi960ELi960ELi1EDhEv_68_ce0       |  out|    1|   ap_memory|  p_ZZ49Resblock_Pad_ref_Conv_11133111111_CNorm_Relu_ILi16ELi960ELi960ELi1EDhEv_68|         array|
|p_ZZ49Resblock_Pad_ref_Conv_11133111111_CNorm_Relu_ILi16ELi960ELi960ELi1EDhEv_68_q0        |   in|   16|   ap_memory|  p_ZZ49Resblock_Pad_ref_Conv_11133111111_CNorm_Relu_ILi16ELi960ELi960ELi1EDhEv_68|         array|
|p_ZZ49Resblock_Pad_ref_Conv_11133111111_CNorm_Relu_ILi16ELi960ELi960ELi1EDhEv_47_address0  |  out|    5|   ap_memory|  p_ZZ49Resblock_Pad_ref_Conv_11133111111_CNorm_Relu_ILi16ELi960ELi960ELi1EDhEv_47|         array|
|p_ZZ49Resblock_Pad_ref_Conv_11133111111_CNorm_Relu_ILi16ELi960ELi960ELi1EDhEv_47_ce0       |  out|    1|   ap_memory|  p_ZZ49Resblock_Pad_ref_Conv_11133111111_CNorm_Relu_ILi16ELi960ELi960ELi1EDhEv_47|         array|
|p_ZZ49Resblock_Pad_ref_Conv_11133111111_CNorm_Relu_ILi16ELi960ELi960ELi1EDhEv_47_q0        |   in|   16|   ap_memory|  p_ZZ49Resblock_Pad_ref_Conv_11133111111_CNorm_Relu_ILi16ELi960ELi960ELi1EDhEv_47|         array|
|p_ZZ49Resblock_Pad_ref_Conv_11133111111_CNorm_Relu_ILi16ELi960ELi960ELi1EDhEv_46_address0  |  out|    5|   ap_memory|  p_ZZ49Resblock_Pad_ref_Conv_11133111111_CNorm_Relu_ILi16ELi960ELi960ELi1EDhEv_46|         array|
|p_ZZ49Resblock_Pad_ref_Conv_11133111111_CNorm_Relu_ILi16ELi960ELi960ELi1EDhEv_46_ce0       |  out|    1|   ap_memory|  p_ZZ49Resblock_Pad_ref_Conv_11133111111_CNorm_Relu_ILi16ELi960ELi960ELi1EDhEv_46|         array|
|p_ZZ49Resblock_Pad_ref_Conv_11133111111_CNorm_Relu_ILi16ELi960ELi960ELi1EDhEv_46_q0        |   in|   16|   ap_memory|  p_ZZ49Resblock_Pad_ref_Conv_11133111111_CNorm_Relu_ILi16ELi960ELi960ELi1EDhEv_46|         array|
|p_ZZ49Resblock_Pad_ref_Conv_11133111111_CNorm_Relu_ILi16ELi960ELi960ELi1EDhEv_45_address0  |  out|    5|   ap_memory|  p_ZZ49Resblock_Pad_ref_Conv_11133111111_CNorm_Relu_ILi16ELi960ELi960ELi1EDhEv_45|         array|
|p_ZZ49Resblock_Pad_ref_Conv_11133111111_CNorm_Relu_ILi16ELi960ELi960ELi1EDhEv_45_ce0       |  out|    1|   ap_memory|  p_ZZ49Resblock_Pad_ref_Conv_11133111111_CNorm_Relu_ILi16ELi960ELi960ELi1EDhEv_45|         array|
|p_ZZ49Resblock_Pad_ref_Conv_11133111111_CNorm_Relu_ILi16ELi960ELi960ELi1EDhEv_45_q0        |   in|   16|   ap_memory|  p_ZZ49Resblock_Pad_ref_Conv_11133111111_CNorm_Relu_ILi16ELi960ELi960ELi1EDhEv_45|         array|
|p_ZZ49Resblock_Pad_ref_Conv_11133111111_CNorm_Relu_ILi16ELi960ELi960ELi1EDhEv_44_address0  |  out|    5|   ap_memory|  p_ZZ49Resblock_Pad_ref_Conv_11133111111_CNorm_Relu_ILi16ELi960ELi960ELi1EDhEv_44|         array|
|p_ZZ49Resblock_Pad_ref_Conv_11133111111_CNorm_Relu_ILi16ELi960ELi960ELi1EDhEv_44_ce0       |  out|    1|   ap_memory|  p_ZZ49Resblock_Pad_ref_Conv_11133111111_CNorm_Relu_ILi16ELi960ELi960ELi1EDhEv_44|         array|
|p_ZZ49Resblock_Pad_ref_Conv_11133111111_CNorm_Relu_ILi16ELi960ELi960ELi1EDhEv_44_q0        |   in|   16|   ap_memory|  p_ZZ49Resblock_Pad_ref_Conv_11133111111_CNorm_Relu_ILi16ELi960ELi960ELi1EDhEv_44|         array|
|p_ZZ49Resblock_Pad_ref_Conv_11133111111_CNorm_Relu_ILi16ELi960ELi960ELi1EDhEv_43_address0  |  out|    5|   ap_memory|  p_ZZ49Resblock_Pad_ref_Conv_11133111111_CNorm_Relu_ILi16ELi960ELi960ELi1EDhEv_43|         array|
|p_ZZ49Resblock_Pad_ref_Conv_11133111111_CNorm_Relu_ILi16ELi960ELi960ELi1EDhEv_43_ce0       |  out|    1|   ap_memory|  p_ZZ49Resblock_Pad_ref_Conv_11133111111_CNorm_Relu_ILi16ELi960ELi960ELi1EDhEv_43|         array|
|p_ZZ49Resblock_Pad_ref_Conv_11133111111_CNorm_Relu_ILi16ELi960ELi960ELi1EDhEv_43_q0        |   in|   16|   ap_memory|  p_ZZ49Resblock_Pad_ref_Conv_11133111111_CNorm_Relu_ILi16ELi960ELi960ELi1EDhEv_43|         array|
|p_ZZ49Resblock_Pad_ref_Conv_11133111111_CNorm_Relu_ILi16ELi960ELi960ELi1EDhEv_42_address0  |  out|    5|   ap_memory|  p_ZZ49Resblock_Pad_ref_Conv_11133111111_CNorm_Relu_ILi16ELi960ELi960ELi1EDhEv_42|         array|
|p_ZZ49Resblock_Pad_ref_Conv_11133111111_CNorm_Relu_ILi16ELi960ELi960ELi1EDhEv_42_ce0       |  out|    1|   ap_memory|  p_ZZ49Resblock_Pad_ref_Conv_11133111111_CNorm_Relu_ILi16ELi960ELi960ELi1EDhEv_42|         array|
|p_ZZ49Resblock_Pad_ref_Conv_11133111111_CNorm_Relu_ILi16ELi960ELi960ELi1EDhEv_42_q0        |   in|   16|   ap_memory|  p_ZZ49Resblock_Pad_ref_Conv_11133111111_CNorm_Relu_ILi16ELi960ELi960ELi1EDhEv_42|         array|
|p_ZZ49Resblock_Pad_ref_Conv_11133111111_CNorm_Relu_ILi16ELi960ELi960ELi1EDhEv_41_address0  |  out|    5|   ap_memory|  p_ZZ49Resblock_Pad_ref_Conv_11133111111_CNorm_Relu_ILi16ELi960ELi960ELi1EDhEv_41|         array|
|p_ZZ49Resblock_Pad_ref_Conv_11133111111_CNorm_Relu_ILi16ELi960ELi960ELi1EDhEv_41_ce0       |  out|    1|   ap_memory|  p_ZZ49Resblock_Pad_ref_Conv_11133111111_CNorm_Relu_ILi16ELi960ELi960ELi1EDhEv_41|         array|
|p_ZZ49Resblock_Pad_ref_Conv_11133111111_CNorm_Relu_ILi16ELi960ELi960ELi1EDhEv_41_q0        |   in|   16|   ap_memory|  p_ZZ49Resblock_Pad_ref_Conv_11133111111_CNorm_Relu_ILi16ELi960ELi960ELi1EDhEv_41|         array|
|p_ZZ49Resblock_Pad_ref_Conv_11133111111_CNorm_Relu_ILi16ELi960ELi960ELi1EDhEv_40_address0  |  out|    5|   ap_memory|  p_ZZ49Resblock_Pad_ref_Conv_11133111111_CNorm_Relu_ILi16ELi960ELi960ELi1EDhEv_40|         array|
|p_ZZ49Resblock_Pad_ref_Conv_11133111111_CNorm_Relu_ILi16ELi960ELi960ELi1EDhEv_40_ce0       |  out|    1|   ap_memory|  p_ZZ49Resblock_Pad_ref_Conv_11133111111_CNorm_Relu_ILi16ELi960ELi960ELi1EDhEv_40|         array|
|p_ZZ49Resblock_Pad_ref_Conv_11133111111_CNorm_Relu_ILi16ELi960ELi960ELi1EDhEv_40_q0        |   in|   16|   ap_memory|  p_ZZ49Resblock_Pad_ref_Conv_11133111111_CNorm_Relu_ILi16ELi960ELi960ELi1EDhEv_40|         array|
|p_ZZ49Resblock_Pad_ref_Conv_11133111111_CNorm_Relu_ILi16ELi960ELi960ELi1EDhEv_39_address0  |  out|    5|   ap_memory|  p_ZZ49Resblock_Pad_ref_Conv_11133111111_CNorm_Relu_ILi16ELi960ELi960ELi1EDhEv_39|         array|
|p_ZZ49Resblock_Pad_ref_Conv_11133111111_CNorm_Relu_ILi16ELi960ELi960ELi1EDhEv_39_ce0       |  out|    1|   ap_memory|  p_ZZ49Resblock_Pad_ref_Conv_11133111111_CNorm_Relu_ILi16ELi960ELi960ELi1EDhEv_39|         array|
|p_ZZ49Resblock_Pad_ref_Conv_11133111111_CNorm_Relu_ILi16ELi960ELi960ELi1EDhEv_39_q0        |   in|   16|   ap_memory|  p_ZZ49Resblock_Pad_ref_Conv_11133111111_CNorm_Relu_ILi16ELi960ELi960ELi1EDhEv_39|         array|
|p_ZZ49Resblock_Pad_ref_Conv_11133111111_CNorm_Relu_ILi16ELi960ELi960ELi1EDhEv_38_address0  |  out|    5|   ap_memory|  p_ZZ49Resblock_Pad_ref_Conv_11133111111_CNorm_Relu_ILi16ELi960ELi960ELi1EDhEv_38|         array|
|p_ZZ49Resblock_Pad_ref_Conv_11133111111_CNorm_Relu_ILi16ELi960ELi960ELi1EDhEv_38_ce0       |  out|    1|   ap_memory|  p_ZZ49Resblock_Pad_ref_Conv_11133111111_CNorm_Relu_ILi16ELi960ELi960ELi1EDhEv_38|         array|
|p_ZZ49Resblock_Pad_ref_Conv_11133111111_CNorm_Relu_ILi16ELi960ELi960ELi1EDhEv_38_q0        |   in|   16|   ap_memory|  p_ZZ49Resblock_Pad_ref_Conv_11133111111_CNorm_Relu_ILi16ELi960ELi960ELi1EDhEv_38|         array|
|p_ZZ49Resblock_Pad_ref_Conv_11133111111_CNorm_Relu_ILi16ELi960ELi960ELi1EDhEv_37_address0  |  out|    5|   ap_memory|  p_ZZ49Resblock_Pad_ref_Conv_11133111111_CNorm_Relu_ILi16ELi960ELi960ELi1EDhEv_37|         array|
|p_ZZ49Resblock_Pad_ref_Conv_11133111111_CNorm_Relu_ILi16ELi960ELi960ELi1EDhEv_37_ce0       |  out|    1|   ap_memory|  p_ZZ49Resblock_Pad_ref_Conv_11133111111_CNorm_Relu_ILi16ELi960ELi960ELi1EDhEv_37|         array|
|p_ZZ49Resblock_Pad_ref_Conv_11133111111_CNorm_Relu_ILi16ELi960ELi960ELi1EDhEv_37_q0        |   in|   16|   ap_memory|  p_ZZ49Resblock_Pad_ref_Conv_11133111111_CNorm_Relu_ILi16ELi960ELi960ELi1EDhEv_37|         array|
|p_ZZ49Resblock_Pad_ref_Conv_11133111111_CNorm_Relu_ILi16ELi960ELi960ELi1EDhEv_36_address0  |  out|    5|   ap_memory|  p_ZZ49Resblock_Pad_ref_Conv_11133111111_CNorm_Relu_ILi16ELi960ELi960ELi1EDhEv_36|         array|
|p_ZZ49Resblock_Pad_ref_Conv_11133111111_CNorm_Relu_ILi16ELi960ELi960ELi1EDhEv_36_ce0       |  out|    1|   ap_memory|  p_ZZ49Resblock_Pad_ref_Conv_11133111111_CNorm_Relu_ILi16ELi960ELi960ELi1EDhEv_36|         array|
|p_ZZ49Resblock_Pad_ref_Conv_11133111111_CNorm_Relu_ILi16ELi960ELi960ELi1EDhEv_36_q0        |   in|   16|   ap_memory|  p_ZZ49Resblock_Pad_ref_Conv_11133111111_CNorm_Relu_ILi16ELi960ELi960ELi1EDhEv_36|         array|
|p_ZZ49Resblock_Pad_ref_Conv_11133111111_CNorm_Relu_ILi16ELi960ELi960ELi1EDhEv_35_address0  |  out|    5|   ap_memory|  p_ZZ49Resblock_Pad_ref_Conv_11133111111_CNorm_Relu_ILi16ELi960ELi960ELi1EDhEv_35|         array|
|p_ZZ49Resblock_Pad_ref_Conv_11133111111_CNorm_Relu_ILi16ELi960ELi960ELi1EDhEv_35_ce0       |  out|    1|   ap_memory|  p_ZZ49Resblock_Pad_ref_Conv_11133111111_CNorm_Relu_ILi16ELi960ELi960ELi1EDhEv_35|         array|
|p_ZZ49Resblock_Pad_ref_Conv_11133111111_CNorm_Relu_ILi16ELi960ELi960ELi1EDhEv_35_q0        |   in|   16|   ap_memory|  p_ZZ49Resblock_Pad_ref_Conv_11133111111_CNorm_Relu_ILi16ELi960ELi960ELi1EDhEv_35|         array|
|p_ZZ49Resblock_Pad_ref_Conv_11133111111_CNorm_Relu_ILi16ELi960ELi960ELi1EDhEv_34_address0  |  out|    5|   ap_memory|  p_ZZ49Resblock_Pad_ref_Conv_11133111111_CNorm_Relu_ILi16ELi960ELi960ELi1EDhEv_34|         array|
|p_ZZ49Resblock_Pad_ref_Conv_11133111111_CNorm_Relu_ILi16ELi960ELi960ELi1EDhEv_34_ce0       |  out|    1|   ap_memory|  p_ZZ49Resblock_Pad_ref_Conv_11133111111_CNorm_Relu_ILi16ELi960ELi960ELi1EDhEv_34|         array|
|p_ZZ49Resblock_Pad_ref_Conv_11133111111_CNorm_Relu_ILi16ELi960ELi960ELi1EDhEv_34_q0        |   in|   16|   ap_memory|  p_ZZ49Resblock_Pad_ref_Conv_11133111111_CNorm_Relu_ILi16ELi960ELi960ELi1EDhEv_34|         array|
|p_ZZ49Resblock_Pad_ref_Conv_11133111111_CNorm_Relu_ILi16ELi960ELi960ELi1EDhEv_33_address0  |  out|    5|   ap_memory|  p_ZZ49Resblock_Pad_ref_Conv_11133111111_CNorm_Relu_ILi16ELi960ELi960ELi1EDhEv_33|         array|
|p_ZZ49Resblock_Pad_ref_Conv_11133111111_CNorm_Relu_ILi16ELi960ELi960ELi1EDhEv_33_ce0       |  out|    1|   ap_memory|  p_ZZ49Resblock_Pad_ref_Conv_11133111111_CNorm_Relu_ILi16ELi960ELi960ELi1EDhEv_33|         array|
|p_ZZ49Resblock_Pad_ref_Conv_11133111111_CNorm_Relu_ILi16ELi960ELi960ELi1EDhEv_33_q0        |   in|   16|   ap_memory|  p_ZZ49Resblock_Pad_ref_Conv_11133111111_CNorm_Relu_ILi16ELi960ELi960ELi1EDhEv_33|         array|
|p_ZZ49Resblock_Pad_ref_Conv_11133111111_CNorm_Relu_ILi16ELi960ELi960ELi1EDhEv_32_address0  |  out|    5|   ap_memory|  p_ZZ49Resblock_Pad_ref_Conv_11133111111_CNorm_Relu_ILi16ELi960ELi960ELi1EDhEv_32|         array|
|p_ZZ49Resblock_Pad_ref_Conv_11133111111_CNorm_Relu_ILi16ELi960ELi960ELi1EDhEv_32_ce0       |  out|    1|   ap_memory|  p_ZZ49Resblock_Pad_ref_Conv_11133111111_CNorm_Relu_ILi16ELi960ELi960ELi1EDhEv_32|         array|
|p_ZZ49Resblock_Pad_ref_Conv_11133111111_CNorm_Relu_ILi16ELi960ELi960ELi1EDhEv_32_q0        |   in|   16|   ap_memory|  p_ZZ49Resblock_Pad_ref_Conv_11133111111_CNorm_Relu_ILi16ELi960ELi960ELi1EDhEv_32|         array|
|p_ZZ49Resblock_Pad_ref_Conv_11133111111_CNorm_Relu_ILi16ELi960ELi960ELi1EDhEv_31_address0  |  out|    5|   ap_memory|  p_ZZ49Resblock_Pad_ref_Conv_11133111111_CNorm_Relu_ILi16ELi960ELi960ELi1EDhEv_31|         array|
|p_ZZ49Resblock_Pad_ref_Conv_11133111111_CNorm_Relu_ILi16ELi960ELi960ELi1EDhEv_31_ce0       |  out|    1|   ap_memory|  p_ZZ49Resblock_Pad_ref_Conv_11133111111_CNorm_Relu_ILi16ELi960ELi960ELi1EDhEv_31|         array|
|p_ZZ49Resblock_Pad_ref_Conv_11133111111_CNorm_Relu_ILi16ELi960ELi960ELi1EDhEv_31_q0        |   in|   16|   ap_memory|  p_ZZ49Resblock_Pad_ref_Conv_11133111111_CNorm_Relu_ILi16ELi960ELi960ELi1EDhEv_31|         array|
|p_ZZ49Resblock_Pad_ref_Conv_11133111111_CNorm_Relu_ILi16ELi960ELi960ELi1EDhEv_30_address0  |  out|    5|   ap_memory|  p_ZZ49Resblock_Pad_ref_Conv_11133111111_CNorm_Relu_ILi16ELi960ELi960ELi1EDhEv_30|         array|
|p_ZZ49Resblock_Pad_ref_Conv_11133111111_CNorm_Relu_ILi16ELi960ELi960ELi1EDhEv_30_ce0       |  out|    1|   ap_memory|  p_ZZ49Resblock_Pad_ref_Conv_11133111111_CNorm_Relu_ILi16ELi960ELi960ELi1EDhEv_30|         array|
|p_ZZ49Resblock_Pad_ref_Conv_11133111111_CNorm_Relu_ILi16ELi960ELi960ELi1EDhEv_30_q0        |   in|   16|   ap_memory|  p_ZZ49Resblock_Pad_ref_Conv_11133111111_CNorm_Relu_ILi16ELi960ELi960ELi1EDhEv_30|         array|
|p_ZZ49Resblock_Pad_ref_Conv_11133111111_CNorm_Relu_ILi16ELi960ELi960ELi1EDhEv_29_address0  |  out|    5|   ap_memory|  p_ZZ49Resblock_Pad_ref_Conv_11133111111_CNorm_Relu_ILi16ELi960ELi960ELi1EDhEv_29|         array|
|p_ZZ49Resblock_Pad_ref_Conv_11133111111_CNorm_Relu_ILi16ELi960ELi960ELi1EDhEv_29_ce0       |  out|    1|   ap_memory|  p_ZZ49Resblock_Pad_ref_Conv_11133111111_CNorm_Relu_ILi16ELi960ELi960ELi1EDhEv_29|         array|
|p_ZZ49Resblock_Pad_ref_Conv_11133111111_CNorm_Relu_ILi16ELi960ELi960ELi1EDhEv_29_q0        |   in|   16|   ap_memory|  p_ZZ49Resblock_Pad_ref_Conv_11133111111_CNorm_Relu_ILi16ELi960ELi960ELi1EDhEv_29|         array|
|p_ZZ49Resblock_Pad_ref_Conv_11133111111_CNorm_Relu_ILi16ELi960ELi960ELi1EDhEv_28_address0  |  out|    5|   ap_memory|  p_ZZ49Resblock_Pad_ref_Conv_11133111111_CNorm_Relu_ILi16ELi960ELi960ELi1EDhEv_28|         array|
|p_ZZ49Resblock_Pad_ref_Conv_11133111111_CNorm_Relu_ILi16ELi960ELi960ELi1EDhEv_28_ce0       |  out|    1|   ap_memory|  p_ZZ49Resblock_Pad_ref_Conv_11133111111_CNorm_Relu_ILi16ELi960ELi960ELi1EDhEv_28|         array|
|p_ZZ49Resblock_Pad_ref_Conv_11133111111_CNorm_Relu_ILi16ELi960ELi960ELi1EDhEv_28_q0        |   in|   16|   ap_memory|  p_ZZ49Resblock_Pad_ref_Conv_11133111111_CNorm_Relu_ILi16ELi960ELi960ELi1EDhEv_28|         array|
|p_ZZ49Resblock_Pad_ref_Conv_11133111111_CNorm_Relu_ILi16ELi960ELi960ELi1EDhEv_27_address0  |  out|    5|   ap_memory|  p_ZZ49Resblock_Pad_ref_Conv_11133111111_CNorm_Relu_ILi16ELi960ELi960ELi1EDhEv_27|         array|
|p_ZZ49Resblock_Pad_ref_Conv_11133111111_CNorm_Relu_ILi16ELi960ELi960ELi1EDhEv_27_ce0       |  out|    1|   ap_memory|  p_ZZ49Resblock_Pad_ref_Conv_11133111111_CNorm_Relu_ILi16ELi960ELi960ELi1EDhEv_27|         array|
|p_ZZ49Resblock_Pad_ref_Conv_11133111111_CNorm_Relu_ILi16ELi960ELi960ELi1EDhEv_27_q0        |   in|   16|   ap_memory|  p_ZZ49Resblock_Pad_ref_Conv_11133111111_CNorm_Relu_ILi16ELi960ELi960ELi1EDhEv_27|         array|
|p_ZZ49Resblock_Pad_ref_Conv_11133111111_CNorm_Relu_ILi16ELi960ELi960ELi1EDhEv_26_address0  |  out|    5|   ap_memory|  p_ZZ49Resblock_Pad_ref_Conv_11133111111_CNorm_Relu_ILi16ELi960ELi960ELi1EDhEv_26|         array|
|p_ZZ49Resblock_Pad_ref_Conv_11133111111_CNorm_Relu_ILi16ELi960ELi960ELi1EDhEv_26_ce0       |  out|    1|   ap_memory|  p_ZZ49Resblock_Pad_ref_Conv_11133111111_CNorm_Relu_ILi16ELi960ELi960ELi1EDhEv_26|         array|
|p_ZZ49Resblock_Pad_ref_Conv_11133111111_CNorm_Relu_ILi16ELi960ELi960ELi1EDhEv_26_q0        |   in|   16|   ap_memory|  p_ZZ49Resblock_Pad_ref_Conv_11133111111_CNorm_Relu_ILi16ELi960ELi960ELi1EDhEv_26|         array|
|p_ZZ49Resblock_Pad_ref_Conv_11133111111_CNorm_Relu_ILi16ELi960ELi960ELi1EDhEv_25_address0  |  out|    5|   ap_memory|  p_ZZ49Resblock_Pad_ref_Conv_11133111111_CNorm_Relu_ILi16ELi960ELi960ELi1EDhEv_25|         array|
|p_ZZ49Resblock_Pad_ref_Conv_11133111111_CNorm_Relu_ILi16ELi960ELi960ELi1EDhEv_25_ce0       |  out|    1|   ap_memory|  p_ZZ49Resblock_Pad_ref_Conv_11133111111_CNorm_Relu_ILi16ELi960ELi960ELi1EDhEv_25|         array|
|p_ZZ49Resblock_Pad_ref_Conv_11133111111_CNorm_Relu_ILi16ELi960ELi960ELi1EDhEv_25_q0        |   in|   16|   ap_memory|  p_ZZ49Resblock_Pad_ref_Conv_11133111111_CNorm_Relu_ILi16ELi960ELi960ELi1EDhEv_25|         array|
|p_ZZ49Resblock_Pad_ref_Conv_11133111111_CNorm_Relu_ILi16ELi960ELi960ELi1EDhEv_24_address0  |  out|    5|   ap_memory|  p_ZZ49Resblock_Pad_ref_Conv_11133111111_CNorm_Relu_ILi16ELi960ELi960ELi1EDhEv_24|         array|
|p_ZZ49Resblock_Pad_ref_Conv_11133111111_CNorm_Relu_ILi16ELi960ELi960ELi1EDhEv_24_ce0       |  out|    1|   ap_memory|  p_ZZ49Resblock_Pad_ref_Conv_11133111111_CNorm_Relu_ILi16ELi960ELi960ELi1EDhEv_24|         array|
|p_ZZ49Resblock_Pad_ref_Conv_11133111111_CNorm_Relu_ILi16ELi960ELi960ELi1EDhEv_24_q0        |   in|   16|   ap_memory|  p_ZZ49Resblock_Pad_ref_Conv_11133111111_CNorm_Relu_ILi16ELi960ELi960ELi1EDhEv_24|         array|
|p_ZZ49Resblock_Pad_ref_Conv_11133111111_CNorm_Relu_ILi16ELi960ELi960ELi1EDhEv_23_address0  |  out|    5|   ap_memory|  p_ZZ49Resblock_Pad_ref_Conv_11133111111_CNorm_Relu_ILi16ELi960ELi960ELi1EDhEv_23|         array|
|p_ZZ49Resblock_Pad_ref_Conv_11133111111_CNorm_Relu_ILi16ELi960ELi960ELi1EDhEv_23_ce0       |  out|    1|   ap_memory|  p_ZZ49Resblock_Pad_ref_Conv_11133111111_CNorm_Relu_ILi16ELi960ELi960ELi1EDhEv_23|         array|
|p_ZZ49Resblock_Pad_ref_Conv_11133111111_CNorm_Relu_ILi16ELi960ELi960ELi1EDhEv_23_q0        |   in|   16|   ap_memory|  p_ZZ49Resblock_Pad_ref_Conv_11133111111_CNorm_Relu_ILi16ELi960ELi960ELi1EDhEv_23|         array|
|p_ZZ49Resblock_Pad_ref_Conv_11133111111_CNorm_Relu_ILi16ELi960ELi960ELi1EDhEv_22_address0  |  out|    5|   ap_memory|  p_ZZ49Resblock_Pad_ref_Conv_11133111111_CNorm_Relu_ILi16ELi960ELi960ELi1EDhEv_22|         array|
|p_ZZ49Resblock_Pad_ref_Conv_11133111111_CNorm_Relu_ILi16ELi960ELi960ELi1EDhEv_22_ce0       |  out|    1|   ap_memory|  p_ZZ49Resblock_Pad_ref_Conv_11133111111_CNorm_Relu_ILi16ELi960ELi960ELi1EDhEv_22|         array|
|p_ZZ49Resblock_Pad_ref_Conv_11133111111_CNorm_Relu_ILi16ELi960ELi960ELi1EDhEv_22_q0        |   in|   16|   ap_memory|  p_ZZ49Resblock_Pad_ref_Conv_11133111111_CNorm_Relu_ILi16ELi960ELi960ELi1EDhEv_22|         array|
|p_ZZ49Resblock_Pad_ref_Conv_11133111111_CNorm_Relu_ILi16ELi960ELi960ELi1EDhEv_21_address0  |  out|    5|   ap_memory|  p_ZZ49Resblock_Pad_ref_Conv_11133111111_CNorm_Relu_ILi16ELi960ELi960ELi1EDhEv_21|         array|
|p_ZZ49Resblock_Pad_ref_Conv_11133111111_CNorm_Relu_ILi16ELi960ELi960ELi1EDhEv_21_ce0       |  out|    1|   ap_memory|  p_ZZ49Resblock_Pad_ref_Conv_11133111111_CNorm_Relu_ILi16ELi960ELi960ELi1EDhEv_21|         array|
|p_ZZ49Resblock_Pad_ref_Conv_11133111111_CNorm_Relu_ILi16ELi960ELi960ELi1EDhEv_21_q0        |   in|   16|   ap_memory|  p_ZZ49Resblock_Pad_ref_Conv_11133111111_CNorm_Relu_ILi16ELi960ELi960ELi1EDhEv_21|         array|
|p_ZZ49Resblock_Pad_ref_Conv_11133111111_CNorm_Relu_ILi16ELi960ELi960ELi1EDhEv_20_address0  |  out|    5|   ap_memory|  p_ZZ49Resblock_Pad_ref_Conv_11133111111_CNorm_Relu_ILi16ELi960ELi960ELi1EDhEv_20|         array|
|p_ZZ49Resblock_Pad_ref_Conv_11133111111_CNorm_Relu_ILi16ELi960ELi960ELi1EDhEv_20_ce0       |  out|    1|   ap_memory|  p_ZZ49Resblock_Pad_ref_Conv_11133111111_CNorm_Relu_ILi16ELi960ELi960ELi1EDhEv_20|         array|
|p_ZZ49Resblock_Pad_ref_Conv_11133111111_CNorm_Relu_ILi16ELi960ELi960ELi1EDhEv_20_q0        |   in|   16|   ap_memory|  p_ZZ49Resblock_Pad_ref_Conv_11133111111_CNorm_Relu_ILi16ELi960ELi960ELi1EDhEv_20|         array|
|p_ZZ49Resblock_Pad_ref_Conv_11133111111_CNorm_Relu_ILi16ELi960ELi960ELi1EDhEv_19_address0  |  out|    5|   ap_memory|  p_ZZ49Resblock_Pad_ref_Conv_11133111111_CNorm_Relu_ILi16ELi960ELi960ELi1EDhEv_19|         array|
|p_ZZ49Resblock_Pad_ref_Conv_11133111111_CNorm_Relu_ILi16ELi960ELi960ELi1EDhEv_19_ce0       |  out|    1|   ap_memory|  p_ZZ49Resblock_Pad_ref_Conv_11133111111_CNorm_Relu_ILi16ELi960ELi960ELi1EDhEv_19|         array|
|p_ZZ49Resblock_Pad_ref_Conv_11133111111_CNorm_Relu_ILi16ELi960ELi960ELi1EDhEv_19_q0        |   in|   16|   ap_memory|  p_ZZ49Resblock_Pad_ref_Conv_11133111111_CNorm_Relu_ILi16ELi960ELi960ELi1EDhEv_19|         array|
|p_ZZ49Resblock_Pad_ref_Conv_11133111111_CNorm_Relu_ILi16ELi960ELi960ELi1EDhEv_18_address0  |  out|    5|   ap_memory|  p_ZZ49Resblock_Pad_ref_Conv_11133111111_CNorm_Relu_ILi16ELi960ELi960ELi1EDhEv_18|         array|
|p_ZZ49Resblock_Pad_ref_Conv_11133111111_CNorm_Relu_ILi16ELi960ELi960ELi1EDhEv_18_ce0       |  out|    1|   ap_memory|  p_ZZ49Resblock_Pad_ref_Conv_11133111111_CNorm_Relu_ILi16ELi960ELi960ELi1EDhEv_18|         array|
|p_ZZ49Resblock_Pad_ref_Conv_11133111111_CNorm_Relu_ILi16ELi960ELi960ELi1EDhEv_18_q0        |   in|   16|   ap_memory|  p_ZZ49Resblock_Pad_ref_Conv_11133111111_CNorm_Relu_ILi16ELi960ELi960ELi1EDhEv_18|         array|
|p_ZZ49Resblock_Pad_ref_Conv_11133111111_CNorm_Relu_ILi16ELi960ELi960ELi1EDhEv_17_address0  |  out|    5|   ap_memory|  p_ZZ49Resblock_Pad_ref_Conv_11133111111_CNorm_Relu_ILi16ELi960ELi960ELi1EDhEv_17|         array|
|p_ZZ49Resblock_Pad_ref_Conv_11133111111_CNorm_Relu_ILi16ELi960ELi960ELi1EDhEv_17_ce0       |  out|    1|   ap_memory|  p_ZZ49Resblock_Pad_ref_Conv_11133111111_CNorm_Relu_ILi16ELi960ELi960ELi1EDhEv_17|         array|
|p_ZZ49Resblock_Pad_ref_Conv_11133111111_CNorm_Relu_ILi16ELi960ELi960ELi1EDhEv_17_q0        |   in|   16|   ap_memory|  p_ZZ49Resblock_Pad_ref_Conv_11133111111_CNorm_Relu_ILi16ELi960ELi960ELi1EDhEv_17|         array|
|p_ZZ49Resblock_Pad_ref_Conv_11133111111_CNorm_Relu_ILi16ELi960ELi960ELi1EDhEv_16_address0  |  out|    5|   ap_memory|  p_ZZ49Resblock_Pad_ref_Conv_11133111111_CNorm_Relu_ILi16ELi960ELi960ELi1EDhEv_16|         array|
|p_ZZ49Resblock_Pad_ref_Conv_11133111111_CNorm_Relu_ILi16ELi960ELi960ELi1EDhEv_16_ce0       |  out|    1|   ap_memory|  p_ZZ49Resblock_Pad_ref_Conv_11133111111_CNorm_Relu_ILi16ELi960ELi960ELi1EDhEv_16|         array|
|p_ZZ49Resblock_Pad_ref_Conv_11133111111_CNorm_Relu_ILi16ELi960ELi960ELi1EDhEv_16_q0        |   in|   16|   ap_memory|  p_ZZ49Resblock_Pad_ref_Conv_11133111111_CNorm_Relu_ILi16ELi960ELi960ELi1EDhEv_16|         array|
|p_ZZ49Resblock_Pad_ref_Conv_11133111111_CNorm_Relu_ILi16ELi960ELi960ELi1EDhEv_15_address0  |  out|    5|   ap_memory|  p_ZZ49Resblock_Pad_ref_Conv_11133111111_CNorm_Relu_ILi16ELi960ELi960ELi1EDhEv_15|         array|
|p_ZZ49Resblock_Pad_ref_Conv_11133111111_CNorm_Relu_ILi16ELi960ELi960ELi1EDhEv_15_ce0       |  out|    1|   ap_memory|  p_ZZ49Resblock_Pad_ref_Conv_11133111111_CNorm_Relu_ILi16ELi960ELi960ELi1EDhEv_15|         array|
|p_ZZ49Resblock_Pad_ref_Conv_11133111111_CNorm_Relu_ILi16ELi960ELi960ELi1EDhEv_15_q0        |   in|   16|   ap_memory|  p_ZZ49Resblock_Pad_ref_Conv_11133111111_CNorm_Relu_ILi16ELi960ELi960ELi1EDhEv_15|         array|
|p_ZZ49Resblock_Pad_ref_Conv_11133111111_CNorm_Relu_ILi16ELi960ELi960ELi1EDhEv_14_address0  |  out|    5|   ap_memory|  p_ZZ49Resblock_Pad_ref_Conv_11133111111_CNorm_Relu_ILi16ELi960ELi960ELi1EDhEv_14|         array|
|p_ZZ49Resblock_Pad_ref_Conv_11133111111_CNorm_Relu_ILi16ELi960ELi960ELi1EDhEv_14_ce0       |  out|    1|   ap_memory|  p_ZZ49Resblock_Pad_ref_Conv_11133111111_CNorm_Relu_ILi16ELi960ELi960ELi1EDhEv_14|         array|
|p_ZZ49Resblock_Pad_ref_Conv_11133111111_CNorm_Relu_ILi16ELi960ELi960ELi1EDhEv_14_q0        |   in|   16|   ap_memory|  p_ZZ49Resblock_Pad_ref_Conv_11133111111_CNorm_Relu_ILi16ELi960ELi960ELi1EDhEv_14|         array|
|p_ZZ49Resblock_Pad_ref_Conv_11133111111_CNorm_Relu_ILi16ELi960ELi960ELi1EDhEv_13_address0  |  out|    5|   ap_memory|  p_ZZ49Resblock_Pad_ref_Conv_11133111111_CNorm_Relu_ILi16ELi960ELi960ELi1EDhEv_13|         array|
|p_ZZ49Resblock_Pad_ref_Conv_11133111111_CNorm_Relu_ILi16ELi960ELi960ELi1EDhEv_13_ce0       |  out|    1|   ap_memory|  p_ZZ49Resblock_Pad_ref_Conv_11133111111_CNorm_Relu_ILi16ELi960ELi960ELi1EDhEv_13|         array|
|p_ZZ49Resblock_Pad_ref_Conv_11133111111_CNorm_Relu_ILi16ELi960ELi960ELi1EDhEv_13_q0        |   in|   16|   ap_memory|  p_ZZ49Resblock_Pad_ref_Conv_11133111111_CNorm_Relu_ILi16ELi960ELi960ELi1EDhEv_13|         array|
|p_ZZ49Resblock_Pad_ref_Conv_11133111111_CNorm_Relu_ILi16ELi960ELi960ELi1EDhEv_12_address0  |  out|    5|   ap_memory|  p_ZZ49Resblock_Pad_ref_Conv_11133111111_CNorm_Relu_ILi16ELi960ELi960ELi1EDhEv_12|         array|
|p_ZZ49Resblock_Pad_ref_Conv_11133111111_CNorm_Relu_ILi16ELi960ELi960ELi1EDhEv_12_ce0       |  out|    1|   ap_memory|  p_ZZ49Resblock_Pad_ref_Conv_11133111111_CNorm_Relu_ILi16ELi960ELi960ELi1EDhEv_12|         array|
|p_ZZ49Resblock_Pad_ref_Conv_11133111111_CNorm_Relu_ILi16ELi960ELi960ELi1EDhEv_12_q0        |   in|   16|   ap_memory|  p_ZZ49Resblock_Pad_ref_Conv_11133111111_CNorm_Relu_ILi16ELi960ELi960ELi1EDhEv_12|         array|
|p_ZZ49Resblock_Pad_ref_Conv_11133111111_CNorm_Relu_ILi16ELi960ELi960ELi1EDhEv_67_address0  |  out|    5|   ap_memory|  p_ZZ49Resblock_Pad_ref_Conv_11133111111_CNorm_Relu_ILi16ELi960ELi960ELi1EDhEv_67|         array|
|p_ZZ49Resblock_Pad_ref_Conv_11133111111_CNorm_Relu_ILi16ELi960ELi960ELi1EDhEv_67_ce0       |  out|    1|   ap_memory|  p_ZZ49Resblock_Pad_ref_Conv_11133111111_CNorm_Relu_ILi16ELi960ELi960ELi1EDhEv_67|         array|
|p_ZZ49Resblock_Pad_ref_Conv_11133111111_CNorm_Relu_ILi16ELi960ELi960ELi1EDhEv_67_q0        |   in|   16|   ap_memory|  p_ZZ49Resblock_Pad_ref_Conv_11133111111_CNorm_Relu_ILi16ELi960ELi960ELi1EDhEv_67|         array|
|p_ZZ49Resblock_Pad_ref_Conv_11133111111_CNorm_Relu_ILi16ELi960ELi960ELi1EDhEv_66_address0  |  out|    5|   ap_memory|  p_ZZ49Resblock_Pad_ref_Conv_11133111111_CNorm_Relu_ILi16ELi960ELi960ELi1EDhEv_66|         array|
|p_ZZ49Resblock_Pad_ref_Conv_11133111111_CNorm_Relu_ILi16ELi960ELi960ELi1EDhEv_66_ce0       |  out|    1|   ap_memory|  p_ZZ49Resblock_Pad_ref_Conv_11133111111_CNorm_Relu_ILi16ELi960ELi960ELi1EDhEv_66|         array|
|p_ZZ49Resblock_Pad_ref_Conv_11133111111_CNorm_Relu_ILi16ELi960ELi960ELi1EDhEv_66_q0        |   in|   16|   ap_memory|  p_ZZ49Resblock_Pad_ref_Conv_11133111111_CNorm_Relu_ILi16ELi960ELi960ELi1EDhEv_66|         array|
|p_ZZ49Resblock_Pad_ref_Conv_11133111111_CNorm_Relu_ILi16ELi960ELi960ELi1EDhEv_65_address0  |  out|    5|   ap_memory|  p_ZZ49Resblock_Pad_ref_Conv_11133111111_CNorm_Relu_ILi16ELi960ELi960ELi1EDhEv_65|         array|
|p_ZZ49Resblock_Pad_ref_Conv_11133111111_CNorm_Relu_ILi16ELi960ELi960ELi1EDhEv_65_ce0       |  out|    1|   ap_memory|  p_ZZ49Resblock_Pad_ref_Conv_11133111111_CNorm_Relu_ILi16ELi960ELi960ELi1EDhEv_65|         array|
|p_ZZ49Resblock_Pad_ref_Conv_11133111111_CNorm_Relu_ILi16ELi960ELi960ELi1EDhEv_65_q0        |   in|   16|   ap_memory|  p_ZZ49Resblock_Pad_ref_Conv_11133111111_CNorm_Relu_ILi16ELi960ELi960ELi1EDhEv_65|         array|
|p_ZZ49Resblock_Pad_ref_Conv_11133111111_CNorm_Relu_ILi16ELi960ELi960ELi1EDhEv_64_address0  |  out|    5|   ap_memory|  p_ZZ49Resblock_Pad_ref_Conv_11133111111_CNorm_Relu_ILi16ELi960ELi960ELi1EDhEv_64|         array|
|p_ZZ49Resblock_Pad_ref_Conv_11133111111_CNorm_Relu_ILi16ELi960ELi960ELi1EDhEv_64_ce0       |  out|    1|   ap_memory|  p_ZZ49Resblock_Pad_ref_Conv_11133111111_CNorm_Relu_ILi16ELi960ELi960ELi1EDhEv_64|         array|
|p_ZZ49Resblock_Pad_ref_Conv_11133111111_CNorm_Relu_ILi16ELi960ELi960ELi1EDhEv_64_q0        |   in|   16|   ap_memory|  p_ZZ49Resblock_Pad_ref_Conv_11133111111_CNorm_Relu_ILi16ELi960ELi960ELi1EDhEv_64|         array|
|p_ZZ49Resblock_Pad_ref_Conv_11133111111_CNorm_Relu_ILi16ELi960ELi960ELi1EDhEv_63_address0  |  out|    5|   ap_memory|  p_ZZ49Resblock_Pad_ref_Conv_11133111111_CNorm_Relu_ILi16ELi960ELi960ELi1EDhEv_63|         array|
|p_ZZ49Resblock_Pad_ref_Conv_11133111111_CNorm_Relu_ILi16ELi960ELi960ELi1EDhEv_63_ce0       |  out|    1|   ap_memory|  p_ZZ49Resblock_Pad_ref_Conv_11133111111_CNorm_Relu_ILi16ELi960ELi960ELi1EDhEv_63|         array|
|p_ZZ49Resblock_Pad_ref_Conv_11133111111_CNorm_Relu_ILi16ELi960ELi960ELi1EDhEv_63_q0        |   in|   16|   ap_memory|  p_ZZ49Resblock_Pad_ref_Conv_11133111111_CNorm_Relu_ILi16ELi960ELi960ELi1EDhEv_63|         array|
|p_ZZ49Resblock_Pad_ref_Conv_11133111111_CNorm_Relu_ILi16ELi960ELi960ELi1EDhEv_62_address0  |  out|    5|   ap_memory|  p_ZZ49Resblock_Pad_ref_Conv_11133111111_CNorm_Relu_ILi16ELi960ELi960ELi1EDhEv_62|         array|
|p_ZZ49Resblock_Pad_ref_Conv_11133111111_CNorm_Relu_ILi16ELi960ELi960ELi1EDhEv_62_ce0       |  out|    1|   ap_memory|  p_ZZ49Resblock_Pad_ref_Conv_11133111111_CNorm_Relu_ILi16ELi960ELi960ELi1EDhEv_62|         array|
|p_ZZ49Resblock_Pad_ref_Conv_11133111111_CNorm_Relu_ILi16ELi960ELi960ELi1EDhEv_62_q0        |   in|   16|   ap_memory|  p_ZZ49Resblock_Pad_ref_Conv_11133111111_CNorm_Relu_ILi16ELi960ELi960ELi1EDhEv_62|         array|
|p_ZZ49Resblock_Pad_ref_Conv_11133111111_CNorm_Relu_ILi16ELi960ELi960ELi1EDhEv_61_address0  |  out|    5|   ap_memory|  p_ZZ49Resblock_Pad_ref_Conv_11133111111_CNorm_Relu_ILi16ELi960ELi960ELi1EDhEv_61|         array|
|p_ZZ49Resblock_Pad_ref_Conv_11133111111_CNorm_Relu_ILi16ELi960ELi960ELi1EDhEv_61_ce0       |  out|    1|   ap_memory|  p_ZZ49Resblock_Pad_ref_Conv_11133111111_CNorm_Relu_ILi16ELi960ELi960ELi1EDhEv_61|         array|
|p_ZZ49Resblock_Pad_ref_Conv_11133111111_CNorm_Relu_ILi16ELi960ELi960ELi1EDhEv_61_q0        |   in|   16|   ap_memory|  p_ZZ49Resblock_Pad_ref_Conv_11133111111_CNorm_Relu_ILi16ELi960ELi960ELi1EDhEv_61|         array|
|p_ZZ49Resblock_Pad_ref_Conv_11133111111_CNorm_Relu_ILi16ELi960ELi960ELi1EDhEv_60_address0  |  out|    5|   ap_memory|  p_ZZ49Resblock_Pad_ref_Conv_11133111111_CNorm_Relu_ILi16ELi960ELi960ELi1EDhEv_60|         array|
|p_ZZ49Resblock_Pad_ref_Conv_11133111111_CNorm_Relu_ILi16ELi960ELi960ELi1EDhEv_60_ce0       |  out|    1|   ap_memory|  p_ZZ49Resblock_Pad_ref_Conv_11133111111_CNorm_Relu_ILi16ELi960ELi960ELi1EDhEv_60|         array|
|p_ZZ49Resblock_Pad_ref_Conv_11133111111_CNorm_Relu_ILi16ELi960ELi960ELi1EDhEv_60_q0        |   in|   16|   ap_memory|  p_ZZ49Resblock_Pad_ref_Conv_11133111111_CNorm_Relu_ILi16ELi960ELi960ELi1EDhEv_60|         array|
|void_Resblock_Pad_ref_Conv_11133111111_CNorm_Relu_TensorMem_TensorMem_Ten_3_address0       |  out|    5|   ap_memory|       void_Resblock_Pad_ref_Conv_11133111111_CNorm_Relu_TensorMem_TensorMem_Ten_3|         array|
|void_Resblock_Pad_ref_Conv_11133111111_CNorm_Relu_TensorMem_TensorMem_Ten_3_ce0            |  out|    1|   ap_memory|       void_Resblock_Pad_ref_Conv_11133111111_CNorm_Relu_TensorMem_TensorMem_Ten_3|         array|
|void_Resblock_Pad_ref_Conv_11133111111_CNorm_Relu_TensorMem_TensorMem_Ten_3_q0             |   in|   16|   ap_memory|       void_Resblock_Pad_ref_Conv_11133111111_CNorm_Relu_TensorMem_TensorMem_Ten_3|         array|
|void_Resblock_Pad_ref_Conv_11133111111_CNorm_Relu_TensorMem_TensorMem_Ten_2_address0       |  out|    5|   ap_memory|       void_Resblock_Pad_ref_Conv_11133111111_CNorm_Relu_TensorMem_TensorMem_Ten_2|         array|
|void_Resblock_Pad_ref_Conv_11133111111_CNorm_Relu_TensorMem_TensorMem_Ten_2_ce0            |  out|    1|   ap_memory|       void_Resblock_Pad_ref_Conv_11133111111_CNorm_Relu_TensorMem_TensorMem_Ten_2|         array|
|void_Resblock_Pad_ref_Conv_11133111111_CNorm_Relu_TensorMem_TensorMem_Ten_2_q0             |   in|   16|   ap_memory|       void_Resblock_Pad_ref_Conv_11133111111_CNorm_Relu_TensorMem_TensorMem_Ten_2|         array|
|void_Resblock_Pad_ref_Conv_11133111111_CNorm_Relu_TensorMem_TensorMem_Ten_1_address0       |  out|    5|   ap_memory|       void_Resblock_Pad_ref_Conv_11133111111_CNorm_Relu_TensorMem_TensorMem_Ten_1|         array|
|void_Resblock_Pad_ref_Conv_11133111111_CNorm_Relu_TensorMem_TensorMem_Ten_1_ce0            |  out|    1|   ap_memory|       void_Resblock_Pad_ref_Conv_11133111111_CNorm_Relu_TensorMem_TensorMem_Ten_1|         array|
|void_Resblock_Pad_ref_Conv_11133111111_CNorm_Relu_TensorMem_TensorMem_Ten_1_q0             |   in|   16|   ap_memory|       void_Resblock_Pad_ref_Conv_11133111111_CNorm_Relu_TensorMem_TensorMem_Ten_1|         array|
|void_Resblock_Pad_ref_Conv_11133111111_CNorm_Relu_TensorMem_TensorMem_Ten_address0         |  out|    5|   ap_memory|         void_Resblock_Pad_ref_Conv_11133111111_CNorm_Relu_TensorMem_TensorMem_Ten|         array|
|void_Resblock_Pad_ref_Conv_11133111111_CNorm_Relu_TensorMem_TensorMem_Ten_ce0              |  out|    1|   ap_memory|         void_Resblock_Pad_ref_Conv_11133111111_CNorm_Relu_TensorMem_TensorMem_Ten|         array|
|void_Resblock_Pad_ref_Conv_11133111111_CNorm_Relu_TensorMem_TensorMem_Ten_q0               |   in|   16|   ap_memory|         void_Resblock_Pad_ref_Conv_11133111111_CNorm_Relu_TensorMem_TensorMem_Ten|         array|
|p_ZZ49Resblock_Pad_ref_Conv_11133111111_CNorm_Relu_ILi16ELi960ELi960ELi1EDhEv_59_address0  |  out|    5|   ap_memory|  p_ZZ49Resblock_Pad_ref_Conv_11133111111_CNorm_Relu_ILi16ELi960ELi960ELi1EDhEv_59|         array|
|p_ZZ49Resblock_Pad_ref_Conv_11133111111_CNorm_Relu_ILi16ELi960ELi960ELi1EDhEv_59_ce0       |  out|    1|   ap_memory|  p_ZZ49Resblock_Pad_ref_Conv_11133111111_CNorm_Relu_ILi16ELi960ELi960ELi1EDhEv_59|         array|
|p_ZZ49Resblock_Pad_ref_Conv_11133111111_CNorm_Relu_ILi16ELi960ELi960ELi1EDhEv_59_q0        |   in|   16|   ap_memory|  p_ZZ49Resblock_Pad_ref_Conv_11133111111_CNorm_Relu_ILi16ELi960ELi960ELi1EDhEv_59|         array|
|p_ZZ49Resblock_Pad_ref_Conv_11133111111_CNorm_Relu_ILi16ELi960ELi960ELi1EDhEv_58_address0  |  out|    5|   ap_memory|  p_ZZ49Resblock_Pad_ref_Conv_11133111111_CNorm_Relu_ILi16ELi960ELi960ELi1EDhEv_58|         array|
|p_ZZ49Resblock_Pad_ref_Conv_11133111111_CNorm_Relu_ILi16ELi960ELi960ELi1EDhEv_58_ce0       |  out|    1|   ap_memory|  p_ZZ49Resblock_Pad_ref_Conv_11133111111_CNorm_Relu_ILi16ELi960ELi960ELi1EDhEv_58|         array|
|p_ZZ49Resblock_Pad_ref_Conv_11133111111_CNorm_Relu_ILi16ELi960ELi960ELi1EDhEv_58_q0        |   in|   16|   ap_memory|  p_ZZ49Resblock_Pad_ref_Conv_11133111111_CNorm_Relu_ILi16ELi960ELi960ELi1EDhEv_58|         array|
|p_ZZ49Resblock_Pad_ref_Conv_11133111111_CNorm_Relu_ILi16ELi960ELi960ELi1EDhEv_57_address0  |  out|    5|   ap_memory|  p_ZZ49Resblock_Pad_ref_Conv_11133111111_CNorm_Relu_ILi16ELi960ELi960ELi1EDhEv_57|         array|
|p_ZZ49Resblock_Pad_ref_Conv_11133111111_CNorm_Relu_ILi16ELi960ELi960ELi1EDhEv_57_ce0       |  out|    1|   ap_memory|  p_ZZ49Resblock_Pad_ref_Conv_11133111111_CNorm_Relu_ILi16ELi960ELi960ELi1EDhEv_57|         array|
|p_ZZ49Resblock_Pad_ref_Conv_11133111111_CNorm_Relu_ILi16ELi960ELi960ELi1EDhEv_57_q0        |   in|   16|   ap_memory|  p_ZZ49Resblock_Pad_ref_Conv_11133111111_CNorm_Relu_ILi16ELi960ELi960ELi1EDhEv_57|         array|
|p_ZZ49Resblock_Pad_ref_Conv_11133111111_CNorm_Relu_ILi16ELi960ELi960ELi1EDhEv_56_address0  |  out|    5|   ap_memory|  p_ZZ49Resblock_Pad_ref_Conv_11133111111_CNorm_Relu_ILi16ELi960ELi960ELi1EDhEv_56|         array|
|p_ZZ49Resblock_Pad_ref_Conv_11133111111_CNorm_Relu_ILi16ELi960ELi960ELi1EDhEv_56_ce0       |  out|    1|   ap_memory|  p_ZZ49Resblock_Pad_ref_Conv_11133111111_CNorm_Relu_ILi16ELi960ELi960ELi1EDhEv_56|         array|
|p_ZZ49Resblock_Pad_ref_Conv_11133111111_CNorm_Relu_ILi16ELi960ELi960ELi1EDhEv_56_q0        |   in|   16|   ap_memory|  p_ZZ49Resblock_Pad_ref_Conv_11133111111_CNorm_Relu_ILi16ELi960ELi960ELi1EDhEv_56|         array|
|p_ZZ49Resblock_Pad_ref_Conv_11133111111_CNorm_Relu_ILi16ELi960ELi960ELi1EDhEv_55_address0  |  out|    5|   ap_memory|  p_ZZ49Resblock_Pad_ref_Conv_11133111111_CNorm_Relu_ILi16ELi960ELi960ELi1EDhEv_55|         array|
|p_ZZ49Resblock_Pad_ref_Conv_11133111111_CNorm_Relu_ILi16ELi960ELi960ELi1EDhEv_55_ce0       |  out|    1|   ap_memory|  p_ZZ49Resblock_Pad_ref_Conv_11133111111_CNorm_Relu_ILi16ELi960ELi960ELi1EDhEv_55|         array|
|p_ZZ49Resblock_Pad_ref_Conv_11133111111_CNorm_Relu_ILi16ELi960ELi960ELi1EDhEv_55_q0        |   in|   16|   ap_memory|  p_ZZ49Resblock_Pad_ref_Conv_11133111111_CNorm_Relu_ILi16ELi960ELi960ELi1EDhEv_55|         array|
|p_ZZ49Resblock_Pad_ref_Conv_11133111111_CNorm_Relu_ILi16ELi960ELi960ELi1EDhEv_54_address0  |  out|    5|   ap_memory|  p_ZZ49Resblock_Pad_ref_Conv_11133111111_CNorm_Relu_ILi16ELi960ELi960ELi1EDhEv_54|         array|
|p_ZZ49Resblock_Pad_ref_Conv_11133111111_CNorm_Relu_ILi16ELi960ELi960ELi1EDhEv_54_ce0       |  out|    1|   ap_memory|  p_ZZ49Resblock_Pad_ref_Conv_11133111111_CNorm_Relu_ILi16ELi960ELi960ELi1EDhEv_54|         array|
|p_ZZ49Resblock_Pad_ref_Conv_11133111111_CNorm_Relu_ILi16ELi960ELi960ELi1EDhEv_54_q0        |   in|   16|   ap_memory|  p_ZZ49Resblock_Pad_ref_Conv_11133111111_CNorm_Relu_ILi16ELi960ELi960ELi1EDhEv_54|         array|
|p_ZZ49Resblock_Pad_ref_Conv_11133111111_CNorm_Relu_ILi16ELi960ELi960ELi1EDhEv_53_address0  |  out|    5|   ap_memory|  p_ZZ49Resblock_Pad_ref_Conv_11133111111_CNorm_Relu_ILi16ELi960ELi960ELi1EDhEv_53|         array|
|p_ZZ49Resblock_Pad_ref_Conv_11133111111_CNorm_Relu_ILi16ELi960ELi960ELi1EDhEv_53_ce0       |  out|    1|   ap_memory|  p_ZZ49Resblock_Pad_ref_Conv_11133111111_CNorm_Relu_ILi16ELi960ELi960ELi1EDhEv_53|         array|
|p_ZZ49Resblock_Pad_ref_Conv_11133111111_CNorm_Relu_ILi16ELi960ELi960ELi1EDhEv_53_q0        |   in|   16|   ap_memory|  p_ZZ49Resblock_Pad_ref_Conv_11133111111_CNorm_Relu_ILi16ELi960ELi960ELi1EDhEv_53|         array|
|p_ZZ49Resblock_Pad_ref_Conv_11133111111_CNorm_Relu_ILi16ELi960ELi960ELi1EDhEv_52_address0  |  out|    5|   ap_memory|  p_ZZ49Resblock_Pad_ref_Conv_11133111111_CNorm_Relu_ILi16ELi960ELi960ELi1EDhEv_52|         array|
|p_ZZ49Resblock_Pad_ref_Conv_11133111111_CNorm_Relu_ILi16ELi960ELi960ELi1EDhEv_52_ce0       |  out|    1|   ap_memory|  p_ZZ49Resblock_Pad_ref_Conv_11133111111_CNorm_Relu_ILi16ELi960ELi960ELi1EDhEv_52|         array|
|p_ZZ49Resblock_Pad_ref_Conv_11133111111_CNorm_Relu_ILi16ELi960ELi960ELi1EDhEv_52_q0        |   in|   16|   ap_memory|  p_ZZ49Resblock_Pad_ref_Conv_11133111111_CNorm_Relu_ILi16ELi960ELi960ELi1EDhEv_52|         array|
|p_ZZ49Resblock_Pad_ref_Conv_11133111111_CNorm_Relu_ILi16ELi960ELi960ELi1EDhEv_51_address0  |  out|    5|   ap_memory|  p_ZZ49Resblock_Pad_ref_Conv_11133111111_CNorm_Relu_ILi16ELi960ELi960ELi1EDhEv_51|         array|
|p_ZZ49Resblock_Pad_ref_Conv_11133111111_CNorm_Relu_ILi16ELi960ELi960ELi1EDhEv_51_ce0       |  out|    1|   ap_memory|  p_ZZ49Resblock_Pad_ref_Conv_11133111111_CNorm_Relu_ILi16ELi960ELi960ELi1EDhEv_51|         array|
|p_ZZ49Resblock_Pad_ref_Conv_11133111111_CNorm_Relu_ILi16ELi960ELi960ELi1EDhEv_51_q0        |   in|   16|   ap_memory|  p_ZZ49Resblock_Pad_ref_Conv_11133111111_CNorm_Relu_ILi16ELi960ELi960ELi1EDhEv_51|         array|
|p_ZZ49Resblock_Pad_ref_Conv_11133111111_CNorm_Relu_ILi16ELi960ELi960ELi1EDhEv_50_address0  |  out|    5|   ap_memory|  p_ZZ49Resblock_Pad_ref_Conv_11133111111_CNorm_Relu_ILi16ELi960ELi960ELi1EDhEv_50|         array|
|p_ZZ49Resblock_Pad_ref_Conv_11133111111_CNorm_Relu_ILi16ELi960ELi960ELi1EDhEv_50_ce0       |  out|    1|   ap_memory|  p_ZZ49Resblock_Pad_ref_Conv_11133111111_CNorm_Relu_ILi16ELi960ELi960ELi1EDhEv_50|         array|
|p_ZZ49Resblock_Pad_ref_Conv_11133111111_CNorm_Relu_ILi16ELi960ELi960ELi1EDhEv_50_q0        |   in|   16|   ap_memory|  p_ZZ49Resblock_Pad_ref_Conv_11133111111_CNorm_Relu_ILi16ELi960ELi960ELi1EDhEv_50|         array|
|p_ZZ49Resblock_Pad_ref_Conv_11133111111_CNorm_Relu_ILi16ELi960ELi960ELi1EDhEv_49_address0  |  out|    5|   ap_memory|  p_ZZ49Resblock_Pad_ref_Conv_11133111111_CNorm_Relu_ILi16ELi960ELi960ELi1EDhEv_49|         array|
|p_ZZ49Resblock_Pad_ref_Conv_11133111111_CNorm_Relu_ILi16ELi960ELi960ELi1EDhEv_49_ce0       |  out|    1|   ap_memory|  p_ZZ49Resblock_Pad_ref_Conv_11133111111_CNorm_Relu_ILi16ELi960ELi960ELi1EDhEv_49|         array|
|p_ZZ49Resblock_Pad_ref_Conv_11133111111_CNorm_Relu_ILi16ELi960ELi960ELi1EDhEv_49_q0        |   in|   16|   ap_memory|  p_ZZ49Resblock_Pad_ref_Conv_11133111111_CNorm_Relu_ILi16ELi960ELi960ELi1EDhEv_49|         array|
|p_ZZ49Resblock_Pad_ref_Conv_11133111111_CNorm_Relu_ILi16ELi960ELi960ELi1EDhEv_48_address0  |  out|    5|   ap_memory|  p_ZZ49Resblock_Pad_ref_Conv_11133111111_CNorm_Relu_ILi16ELi960ELi960ELi1EDhEv_48|         array|
|p_ZZ49Resblock_Pad_ref_Conv_11133111111_CNorm_Relu_ILi16ELi960ELi960ELi1EDhEv_48_ce0       |  out|    1|   ap_memory|  p_ZZ49Resblock_Pad_ref_Conv_11133111111_CNorm_Relu_ILi16ELi960ELi960ELi1EDhEv_48|         array|
|p_ZZ49Resblock_Pad_ref_Conv_11133111111_CNorm_Relu_ILi16ELi960ELi960ELi1EDhEv_48_q0        |   in|   16|   ap_memory|  p_ZZ49Resblock_Pad_ref_Conv_11133111111_CNorm_Relu_ILi16ELi960ELi960ELi1EDhEv_48|         array|
+-------------------------------------------------------------------------------------------+-----+-----+------------+----------------------------------------------------------------------------------+--------------+

