

================================================================
== Vitis HLS Report for 'Resblock_Pad_ref_Conv_11133111111_CNorm_Relu_Pipeline_CI_CENTER50'
================================================================
* Date:           Fri Jan 23 12:51:17 2026

* Version:        2024.2 (Build 5238294 on Nov  8 2024)
* Project:        resblock_top
* Solution:       hls (Vivado IP Flow Target)
* Product family: zynquplus
* Target device:  xczu7ev-ffvc1156-2-e


================================================================
== Performance Estimates
================================================================
+ Timing: 
    * Summary: 
    +--------+---------+----------+------------+
    |  Clock |  Target | Estimated| Uncertainty|
    +--------+---------+----------+------------+
    |ap_clk  |  4.00 ns|  2.517 ns|     1.08 ns|
    +--------+---------+----------+------------+

+ Latency: 
    * Summary: 
    +---------+---------+----------+----------+-----+-----+------------------------------------------------+
    |  Latency (cycles) |  Latency (absolute) |  Interval |                    Pipeline                    |
    |   min   |   max   |    min   |    max   | min | max |                      Type                      |
    +---------+---------+----------+----------+-----+-----+------------------------------------------------+
    |      730|      730|  2.920 us|  2.920 us|  723|  723|  loop auto-rewind stp (delay=0 clock cycles(s))|
    +---------+---------+----------+----------+-----+-----+------------------------------------------------+

    + Detail: 
        * Instance: 
        N/A

        * Loop: 
        +-------------+---------+---------+----------+-----------+-----------+------+----------+
        |             |  Latency (cycles) | Iteration|  Initiation Interval  | Trip |          |
        |  Loop Name  |   min   |   max   |  Latency |  achieved |   target  | Count| Pipelined|
        +-------------+---------+---------+----------+-----------+-----------+------+----------+
        |- CI_CENTER  |      728|      728|        12|          3|          1|   240|       yes|
        +-------------+---------+---------+----------+-----------+-----------+------+----------+



================================================================
== Utilization Estimates
================================================================
* Summary: 
+-----------------+---------+------+--------+--------+-----+
|       Name      | BRAM_18K|  DSP |   FF   |   LUT  | URAM|
+-----------------+---------+------+--------+--------+-----+
|DSP              |        -|     -|       -|       -|    -|
|Expression       |        -|     -|       0|     153|    -|
|FIFO             |        -|     -|       -|       -|    -|
|Instance         |        -|     -|       0|     160|    -|
|Memory           |        -|     -|       -|       -|    -|
|Multiplexer      |        -|     -|       0|     866|    -|
|Register         |        -|     -|     923|      32|    -|
+-----------------+---------+------+--------+--------+-----+
|Total            |        0|     0|     923|    1211|    0|
+-----------------+---------+------+--------+--------+-----+
|Available        |      624|  1728|  460800|  230400|   96|
+-----------------+---------+------+--------+--------+-----+
|Utilization (%)  |        0|     0|      ~0|      ~0|    0|
+-----------------+---------+------+--------+--------+-----+

+ Detail: 
    * Instance: 
    +----------------------------+----------------------+---------+----+---+----+-----+
    |          Instance          |        Module        | BRAM_18K| DSP| FF| LUT| URAM|
    +----------------------------+----------------------+---------+----+---+----+-----+
    |sparsemux_9_2_16_1_1_U1096  |sparsemux_9_2_16_1_1  |        0|   0|  0|  20|    0|
    |sparsemux_9_2_16_1_1_U1097  |sparsemux_9_2_16_1_1  |        0|   0|  0|  20|    0|
    |sparsemux_9_2_16_1_1_U1098  |sparsemux_9_2_16_1_1  |        0|   0|  0|  20|    0|
    |sparsemux_9_2_16_1_1_U1099  |sparsemux_9_2_16_1_1  |        0|   0|  0|  20|    0|
    |sparsemux_9_2_16_1_1_U1100  |sparsemux_9_2_16_1_1  |        0|   0|  0|  20|    0|
    |sparsemux_9_2_16_1_1_U1101  |sparsemux_9_2_16_1_1  |        0|   0|  0|  20|    0|
    |sparsemux_9_2_16_1_1_U1102  |sparsemux_9_2_16_1_1  |        0|   0|  0|  20|    0|
    |sparsemux_9_2_16_1_1_U1103  |sparsemux_9_2_16_1_1  |        0|   0|  0|  20|    0|
    +----------------------------+----------------------+---------+----+---+----+-----+
    |Total                       |                      |        0|   0|  0| 160|    0|
    +----------------------------+----------------------+---------+----+---+----+-----+

    * DSP: 
    N/A

    * Memory: 
    N/A

    * FIFO: 
    N/A

    * Expression: 
    +-------------------------+----------+----+---+----+------------+------------+
    |      Variable Name      | Operation| DSP| FF| LUT| Bitwidth P0| Bitwidth P1|
    +-------------------------+----------+----+---+----+------------+------------+
    |acc_idx_21_fu_1187_p2    |         +|   0|  0|   9|           2|           1|
    |add_ln173_fu_1173_p2     |         +|   0|  0|  17|          10|           3|
    |add_ln178_12_fu_1029_p2  |         +|   0|  0|  23|          16|          16|
    |add_ln178_13_fu_1119_p2  |         +|   0|  0|  23|          16|          16|
    |add_ln178_14_fu_1152_p2  |         +|   0|  0|  23|          16|          16|
    |add_ln178_fu_1086_p2     |         +|   0|  0|  23|          16|          16|
    |add_ln180_fu_1050_p2     |         +|   0|  0|  16|           9|           8|
    |icmp_ln173_fu_997_p2     |      icmp|   0|  0|  17|          10|           8|
    |ap_enable_pp0            |       xor|   0|  0|   2|           1|           2|
    +-------------------------+----------+----+---+----+------------+------------+
    |Total                    |          |   0|  0| 153|          96|          86|
    +-------------------------+----------+----+---+----+------------+------------+

    * Multiplexer: 
    +----------------------------------------+----+-----------+-----+-----------+
    |                  Name                  | LUT| Input Size| Bits| Total Bits|
    +----------------------------------------+----+-----------+-----+-----------+
    |acc_idx_9_fu_186                        |   9|          2|    2|          4|
    |ap_NS_fsm                               |  20|          4|    1|          4|
    |ap_done_int                             |   9|          2|    1|          2|
    |ap_enable_reg_pp0_iter0                 |   9|          2|    1|          2|
    |ap_enable_reg_pp0_iter2                 |   9|          2|    1|          2|
    |ap_sig_allocacmp_b_assign_348_load_1    |   9|          2|   16|         32|
    |ap_sig_allocacmp_b_assign_349_load_1    |   9|          2|   16|         32|
    |ap_sig_allocacmp_b_assign_351_load_1    |   9|          2|   16|         32|
    |ap_sig_allocacmp_b_assign_352_load_1    |   9|          2|   16|         32|
    |ap_sig_allocacmp_b_assign_353_load_1    |   9|          2|   16|         32|
    |ap_sig_allocacmp_b_assign_355_load_1    |   9|          2|   16|         32|
    |ap_sig_allocacmp_b_assign_356_load_1    |   9|          2|   16|         32|
    |ap_sig_allocacmp_b_assign_357_load_1    |   9|          2|   16|         32|
    |ap_sig_allocacmp_b_assign_359_load_1    |   9|          2|   16|         32|
    |ap_sig_allocacmp_ci                     |   9|          2|   10|         20|
    |ap_sig_allocacmp_mux_case_02158_load_1  |   9|          2|   16|         32|
    |ap_sig_allocacmp_mux_case_03995_load_1  |   9|          2|   16|         32|
    |ap_sig_allocacmp_mux_case_04003_load_1  |   9|          2|   16|         32|
    |ap_sig_allocacmp_mux_case_04011_load_1  |   9|          2|   16|         32|
    |ap_sig_allocacmp_mux_case_04043_load_1  |   9|          2|   16|         32|
    |ap_sig_allocacmp_mux_case_12160_load_1  |   9|          2|   16|         32|
    |ap_sig_allocacmp_mux_case_13997_load_1  |   9|          2|   16|         32|
    |ap_sig_allocacmp_mux_case_14005_load_1  |   9|          2|   16|         32|
    |ap_sig_allocacmp_mux_case_14013_load_1  |   9|          2|   16|         32|
    |ap_sig_allocacmp_mux_case_14045_load_1  |   9|          2|   16|         32|
    |ap_sig_allocacmp_mux_case_22162_load_1  |   9|          2|   16|         32|
    |ap_sig_allocacmp_mux_case_23999_load_1  |   9|          2|   16|         32|
    |ap_sig_allocacmp_mux_case_24007_load_1  |   9|          2|   16|         32|
    |ap_sig_allocacmp_mux_case_24015_load_1  |   9|          2|   16|         32|
    |ap_sig_allocacmp_mux_case_24023_load_1  |   9|          2|   16|         32|
    |ap_sig_allocacmp_mux_case_24031_load_1  |   9|          2|   16|         32|
    |ap_sig_allocacmp_mux_case_24039_load_1  |   9|          2|   16|         32|
    |ap_sig_allocacmp_mux_case_24047_load_1  |   9|          2|   16|         32|
    |ap_sig_allocacmp_mux_case_32164_load_1  |   9|          2|   16|         32|
    |ap_sig_allocacmp_mux_case_34001_load_1  |   9|          2|   16|         32|
    |ap_sig_allocacmp_mux_case_34009_load_1  |   9|          2|   16|         32|
    |ap_sig_allocacmp_mux_case_34017_load_1  |   9|          2|   16|         32|
    |ap_sig_allocacmp_mux_case_34049_load_1  |   9|          2|   16|         32|
    |b_assign_348_fu_258                     |   9|          2|   16|         32|
    |b_assign_349_fu_262                     |   9|          2|   16|         32|
    |b_assign_351_fu_270                     |   9|          2|   16|         32|
    |b_assign_352_fu_274                     |   9|          2|   16|         32|
    |b_assign_353_fu_278                     |   9|          2|   16|         32|
    |b_assign_355_fu_286                     |   9|          2|   16|         32|
    |b_assign_356_fu_290                     |   9|          2|   16|         32|
    |b_assign_357_fu_294                     |   9|          2|   16|         32|
    |b_assign_359_fu_302                     |   9|          2|   16|         32|
    |ci_5_fu_190                             |   9|          2|   10|         20|
    |grp_fu_800_p0                           |  20|          4|   16|         64|
    |grp_fu_800_p1                           |  20|          4|   16|         64|
    |grp_fu_804_p0                           |  20|          4|   16|         64|
    |grp_fu_804_p1                           |  20|          4|   16|         64|
    |grp_fu_808_p0                           |  14|          3|   16|         48|
    |grp_fu_808_p1                           |  14|          3|   16|         48|
    |grp_fu_812_p0                           |  20|          4|   16|         64|
    |grp_fu_812_p1                           |  20|          4|   16|         64|
    |grp_fu_816_p0                           |  20|          4|   16|         64|
    |grp_fu_816_p1                           |  20|          4|   16|         64|
    |grp_fu_820_p0                           |  14|          3|   16|         48|
    |grp_fu_820_p1                           |  14|          3|   16|         48|
    |mux_case_02158_fu_194                   |   9|          2|   16|         32|
    |mux_case_03995_fu_210                   |   9|          2|   16|         32|
    |mux_case_04003_fu_226                   |   9|          2|   16|         32|
    |mux_case_04011_fu_242                   |   9|          2|   16|         32|
    |mux_case_04043_fu_306                   |   9|          2|   16|         32|
    |mux_case_12160_fu_198                   |   9|          2|   16|         32|
    |mux_case_13997_fu_214                   |   9|          2|   16|         32|
    |mux_case_14005_fu_230                   |   9|          2|   16|         32|
    |mux_case_14013_fu_246                   |   9|          2|   16|         32|
    |mux_case_14045_fu_310                   |   9|          2|   16|         32|
    |mux_case_22162_fu_202                   |   9|          2|   16|         32|
    |mux_case_23999_fu_218                   |   9|          2|   16|         32|
    |mux_case_24007_fu_234                   |   9|          2|   16|         32|
    |mux_case_24015_fu_250                   |   9|          2|   16|         32|
    |mux_case_24023_fu_266                   |   9|          2|   16|         32|
    |mux_case_24031_fu_282                   |   9|          2|   16|         32|
    |mux_case_24039_fu_298                   |   9|          2|   16|         32|
    |mux_case_24047_fu_314                   |   9|          2|   16|         32|
    |mux_case_32164_fu_206                   |   9|          2|   16|         32|
    |mux_case_34001_fu_222                   |   9|          2|   16|         32|
    |mux_case_34009_fu_238                   |   9|          2|   16|         32|
    |mux_case_34017_fu_254                   |   9|          2|   16|         32|
    |mux_case_34049_fu_318                   |   9|          2|   16|         32|
    +----------------------------------------+----+-----------+-----+-----------+
    |Total                                   | 866|        188| 1242|       2806|
    +----------------------------------------+----+-----------+-----+-----------+

    * Register: 
    +----------------------------------+----+----+-----+-----------+
    |               Name               | FF | LUT| Bits| Const Bits|
    +----------------------------------+----+----+-----+-----------+
    |acc_idx_9_fu_186                  |   2|   0|    2|          0|
    |acc_idx_reg_2190                  |   2|   0|    2|          0|
    |acc_idx_reg_2190_pp0_iter3_reg    |   2|   0|    2|          0|
    |ap_CS_fsm                         |   3|   0|    3|          0|
    |ap_done_reg                       |   1|   0|    1|          0|
    |ap_enable_reg_pp0_iter0_reg       |   1|   0|    1|          0|
    |ap_enable_reg_pp0_iter1           |   1|   0|    1|          0|
    |ap_enable_reg_pp0_iter2           |   1|   0|    1|          0|
    |ap_enable_reg_pp0_iter3           |   1|   0|    1|          0|
    |ap_loop_exit_ready_pp0_iter1_reg  |   1|   0|    1|          0|
    |ap_loop_exit_ready_pp0_iter2_reg  |   1|   0|    1|          0|
    |b_assign_348_fu_258               |  16|   0|   16|          0|
    |b_assign_349_fu_262               |  16|   0|   16|          0|
    |b_assign_351_fu_270               |  16|   0|   16|          0|
    |b_assign_352_fu_274               |  16|   0|   16|          0|
    |b_assign_353_fu_278               |  16|   0|   16|          0|
    |b_assign_355_fu_286               |  16|   0|   16|          0|
    |b_assign_356_fu_290               |  16|   0|   16|          0|
    |b_assign_357_fu_294               |  16|   0|   16|          0|
    |b_assign_359_fu_302               |  16|   0|   16|          0|
    |ci_5_fu_190                       |  10|   0|   10|          0|
    |icmp_ln173_reg_2047               |   1|   0|    1|          0|
    |mux_case_02158_fu_194             |  16|   0|   16|          0|
    |mux_case_03995_fu_210             |  16|   0|   16|          0|
    |mux_case_04003_fu_226             |  16|   0|   16|          0|
    |mux_case_04011_fu_242             |  16|   0|   16|          0|
    |mux_case_04043_fu_306             |  16|   0|   16|          0|
    |mux_case_12160_fu_198             |  16|   0|   16|          0|
    |mux_case_13997_fu_214             |  16|   0|   16|          0|
    |mux_case_14005_fu_230             |  16|   0|   16|          0|
    |mux_case_14013_fu_246             |  16|   0|   16|          0|
    |mux_case_14045_fu_310             |  16|   0|   16|          0|
    |mux_case_22162_fu_202             |  16|   0|   16|          0|
    |mux_case_23999_fu_218             |  16|   0|   16|          0|
    |mux_case_24007_fu_234             |  16|   0|   16|          0|
    |mux_case_24015_fu_250             |  16|   0|   16|          0|
    |mux_case_24023_fu_266             |  16|   0|   16|          0|
    |mux_case_24031_fu_282             |  16|   0|   16|          0|
    |mux_case_24039_fu_298             |  16|   0|   16|          0|
    |mux_case_24047_fu_314             |  16|   0|   16|          0|
    |mux_case_32164_fu_206             |  16|   0|   16|          0|
    |mux_case_34001_fu_222             |  16|   0|   16|          0|
    |mux_case_34009_fu_238             |  16|   0|   16|          0|
    |mux_case_34017_fu_254             |  16|   0|   16|          0|
    |mux_case_34049_fu_318             |  16|   0|   16|          0|
    |p_85_reg_2180                     |  16|   0|   16|          0|
    |p_86_reg_2185                     |  16|   0|   16|          0|
    |p_87_reg_2204                     |  16|   0|   16|          0|
    |p_88_reg_2209                     |  16|   0|   16|          0|
    |p_89_reg_2214                     |  16|   0|   16|          0|
    |p_90_reg_2229                     |  16|   0|   16|          0|
    |p_91_reg_2234                     |  16|   0|   16|          0|
    |p_reg_2175                        |  16|   0|   16|          0|
    |wcur_28_reg_2145                  |  16|   0|   16|          0|
    |wcur_29_reg_2155                  |  16|   0|   16|          0|
    |wcur_30_reg_2165                  |  16|   0|   16|          0|
    |wcur_reg_2117                     |  16|   0|   16|          0|
    |wpre_23_reg_2170                  |  16|   0|   16|          0|
    |wpre_24_reg_2150                  |  16|   0|   16|          0|
    |wpre_25_reg_2160                  |  16|   0|   16|          0|
    |wpre_reg_2122                     |  16|   0|   16|          0|
    |xval_23_reg_2139                  |  16|   0|   16|          0|
    |xval_24_reg_2127                  |  16|   0|   16|          0|
    |xval_25_reg_2133                  |  16|   0|   16|          0|
    |xval_reg_2111                     |  16|   0|   16|          0|
    |icmp_ln173_reg_2047               |  64|  32|    1|          0|
    +----------------------------------+----+----+-----+-----------+
    |Total                             | 923|  32|  860|          0|
    +----------------------------------+----+----+-----+-----------+



================================================================
== Interface
================================================================
* Summary: 
+---------------------------------------------------------------------------------------+-----+-----+------------+------------------------------------------------------------------------------+--------------+
|                                       RTL Ports                                       | Dir | Bits|  Protocol  |                                 Source Object                                |    C Type    |
+---------------------------------------------------------------------------------------+-----+-----+------------+------------------------------------------------------------------------------+--------------+
|ap_clk                                                                                 |   in|    1|  ap_ctrl_hs|        Resblock___Pad_ref_Conv_11133111111_CNorm_Relu____Pipeline_CI_CENTER50|  return value|
|ap_rst                                                                                 |   in|    1|  ap_ctrl_hs|        Resblock___Pad_ref_Conv_11133111111_CNorm_Relu____Pipeline_CI_CENTER50|  return value|
|ap_start                                                                               |   in|    1|  ap_ctrl_hs|        Resblock___Pad_ref_Conv_11133111111_CNorm_Relu____Pipeline_CI_CENTER50|  return value|
|ap_done                                                                                |  out|    1|  ap_ctrl_hs|        Resblock___Pad_ref_Conv_11133111111_CNorm_Relu____Pipeline_CI_CENTER50|  return value|
|ap_idle                                                                                |  out|    1|  ap_ctrl_hs|        Resblock___Pad_ref_Conv_11133111111_CNorm_Relu____Pipeline_CI_CENTER50|  return value|
|ap_ready                                                                               |  out|    1|  ap_ctrl_hs|        Resblock___Pad_ref_Conv_11133111111_CNorm_Relu____Pipeline_CI_CENTER50|  return value|
|grp_fu_58620_p_din0                                                                    |  out|   16|  ap_ctrl_hs|        Resblock___Pad_ref_Conv_11133111111_CNorm_Relu____Pipeline_CI_CENTER50|  return value|
|grp_fu_58620_p_din1                                                                    |  out|   16|  ap_ctrl_hs|        Resblock___Pad_ref_Conv_11133111111_CNorm_Relu____Pipeline_CI_CENTER50|  return value|
|grp_fu_58620_p_dout0                                                                   |   in|   16|  ap_ctrl_hs|        Resblock___Pad_ref_Conv_11133111111_CNorm_Relu____Pipeline_CI_CENTER50|  return value|
|grp_fu_58620_p_ce                                                                      |  out|    1|  ap_ctrl_hs|        Resblock___Pad_ref_Conv_11133111111_CNorm_Relu____Pipeline_CI_CENTER50|  return value|
|grp_fu_58624_p_din0                                                                    |  out|   16|  ap_ctrl_hs|        Resblock___Pad_ref_Conv_11133111111_CNorm_Relu____Pipeline_CI_CENTER50|  return value|
|grp_fu_58624_p_din1                                                                    |  out|   16|  ap_ctrl_hs|        Resblock___Pad_ref_Conv_11133111111_CNorm_Relu____Pipeline_CI_CENTER50|  return value|
|grp_fu_58624_p_dout0                                                                   |   in|   16|  ap_ctrl_hs|        Resblock___Pad_ref_Conv_11133111111_CNorm_Relu____Pipeline_CI_CENTER50|  return value|
|grp_fu_58624_p_ce                                                                      |  out|    1|  ap_ctrl_hs|        Resblock___Pad_ref_Conv_11133111111_CNorm_Relu____Pipeline_CI_CENTER50|  return value|
|grp_fu_58628_p_din0                                                                    |  out|   16|  ap_ctrl_hs|        Resblock___Pad_ref_Conv_11133111111_CNorm_Relu____Pipeline_CI_CENTER50|  return value|
|grp_fu_58628_p_din1                                                                    |  out|   16|  ap_ctrl_hs|        Resblock___Pad_ref_Conv_11133111111_CNorm_Relu____Pipeline_CI_CENTER50|  return value|
|grp_fu_58628_p_dout0                                                                   |   in|   16|  ap_ctrl_hs|        Resblock___Pad_ref_Conv_11133111111_CNorm_Relu____Pipeline_CI_CENTER50|  return value|
|grp_fu_58628_p_ce                                                                      |  out|    1|  ap_ctrl_hs|        Resblock___Pad_ref_Conv_11133111111_CNorm_Relu____Pipeline_CI_CENTER50|  return value|
|grp_fu_58616_p_din0                                                                    |  out|   16|  ap_ctrl_hs|        Resblock___Pad_ref_Conv_11133111111_CNorm_Relu____Pipeline_CI_CENTER50|  return value|
|grp_fu_58616_p_din1                                                                    |  out|   16|  ap_ctrl_hs|        Resblock___Pad_ref_Conv_11133111111_CNorm_Relu____Pipeline_CI_CENTER50|  return value|
|grp_fu_58616_p_dout0                                                                   |   in|   16|  ap_ctrl_hs|        Resblock___Pad_ref_Conv_11133111111_CNorm_Relu____Pipeline_CI_CENTER50|  return value|
|grp_fu_58616_p_ce                                                                      |  out|    1|  ap_ctrl_hs|        Resblock___Pad_ref_Conv_11133111111_CNorm_Relu____Pipeline_CI_CENTER50|  return value|
|grp_fu_58632_p_din0                                                                    |  out|   16|  ap_ctrl_hs|        Resblock___Pad_ref_Conv_11133111111_CNorm_Relu____Pipeline_CI_CENTER50|  return value|
|grp_fu_58632_p_din1                                                                    |  out|   16|  ap_ctrl_hs|        Resblock___Pad_ref_Conv_11133111111_CNorm_Relu____Pipeline_CI_CENTER50|  return value|
|grp_fu_58632_p_dout0                                                                   |   in|   16|  ap_ctrl_hs|        Resblock___Pad_ref_Conv_11133111111_CNorm_Relu____Pipeline_CI_CENTER50|  return value|
|grp_fu_58632_p_ce                                                                      |  out|    1|  ap_ctrl_hs|        Resblock___Pad_ref_Conv_11133111111_CNorm_Relu____Pipeline_CI_CENTER50|  return value|
|grp_fu_58636_p_din0                                                                    |  out|   16|  ap_ctrl_hs|        Resblock___Pad_ref_Conv_11133111111_CNorm_Relu____Pipeline_CI_CENTER50|  return value|
|grp_fu_58636_p_din1                                                                    |  out|   16|  ap_ctrl_hs|        Resblock___Pad_ref_Conv_11133111111_CNorm_Relu____Pipeline_CI_CENTER50|  return value|
|grp_fu_58636_p_dout0                                                                   |   in|   16|  ap_ctrl_hs|        Resblock___Pad_ref_Conv_11133111111_CNorm_Relu____Pipeline_CI_CENTER50|  return value|
|grp_fu_58636_p_ce                                                                      |  out|    1|  ap_ctrl_hs|        Resblock___Pad_ref_Conv_11133111111_CNorm_Relu____Pipeline_CI_CENTER50|  return value|
|empty_368                                                                              |   in|   16|     ap_none|                                                                     empty_368|        scalar|
|empty_369                                                                              |   in|   16|     ap_none|                                                                     empty_369|        scalar|
|empty_370                                                                              |   in|   16|     ap_none|                                                                     empty_370|        scalar|
|empty_371                                                                              |   in|   16|     ap_none|                                                                     empty_371|        scalar|
|empty_372                                                                              |   in|   16|     ap_none|                                                                     empty_372|        scalar|
|empty_373                                                                              |   in|   16|     ap_none|                                                                     empty_373|        scalar|
|empty_374                                                                              |   in|   16|     ap_none|                                                                     empty_374|        scalar|
|empty_375                                                                              |   in|   16|     ap_none|                                                                     empty_375|        scalar|
|empty_376                                                                              |   in|   16|     ap_none|                                                                     empty_376|        scalar|
|empty_377                                                                              |   in|   16|     ap_none|                                                                     empty_377|        scalar|
|empty_378                                                                              |   in|   16|     ap_none|                                                                     empty_378|        scalar|
|empty_379                                                                              |   in|   16|     ap_none|                                                                     empty_379|        scalar|
|empty_380                                                                              |   in|   16|     ap_none|                                                                     empty_380|        scalar|
|empty_381                                                                              |   in|   16|     ap_none|                                                                     empty_381|        scalar|
|empty_382                                                                              |   in|   16|     ap_none|                                                                     empty_382|        scalar|
|empty                                                                                  |   in|   16|     ap_none|                                                                         empty|        scalar|
|mul_ln160_3                                                                            |   in|   16|     ap_none|                                                                   mul_ln160_3|        scalar|
|mux_case_34049_out                                                                     |  out|   16|      ap_vld|                                                            mux_case_34049_out|       pointer|
|mux_case_34049_out_ap_vld                                                              |  out|    1|      ap_vld|                                                            mux_case_34049_out|       pointer|
|mux_case_24047_out                                                                     |  out|   16|      ap_vld|                                                            mux_case_24047_out|       pointer|
|mux_case_24047_out_ap_vld                                                              |  out|    1|      ap_vld|                                                            mux_case_24047_out|       pointer|
|mux_case_14045_out                                                                     |  out|   16|      ap_vld|                                                            mux_case_14045_out|       pointer|
|mux_case_14045_out_ap_vld                                                              |  out|    1|      ap_vld|                                                            mux_case_14045_out|       pointer|
|mux_case_04043_out                                                                     |  out|   16|      ap_vld|                                                            mux_case_04043_out|       pointer|
|mux_case_04043_out_ap_vld                                                              |  out|    1|      ap_vld|                                                            mux_case_04043_out|       pointer|
|b_assign_359_out                                                                       |  out|   16|      ap_vld|                                                              b_assign_359_out|       pointer|
|b_assign_359_out_ap_vld                                                                |  out|    1|      ap_vld|                                                              b_assign_359_out|       pointer|
|mux_case_24039_out                                                                     |  out|   16|      ap_vld|                                                            mux_case_24039_out|       pointer|
|mux_case_24039_out_ap_vld                                                              |  out|    1|      ap_vld|                                                            mux_case_24039_out|       pointer|
|b_assign_357_out                                                                       |  out|   16|      ap_vld|                                                              b_assign_357_out|       pointer|
|b_assign_357_out_ap_vld                                                                |  out|    1|      ap_vld|                                                              b_assign_357_out|       pointer|
|b_assign_356_out                                                                       |  out|   16|      ap_vld|                                                              b_assign_356_out|       pointer|
|b_assign_356_out_ap_vld                                                                |  out|    1|      ap_vld|                                                              b_assign_356_out|       pointer|
|b_assign_355_out                                                                       |  out|   16|      ap_vld|                                                              b_assign_355_out|       pointer|
|b_assign_355_out_ap_vld                                                                |  out|    1|      ap_vld|                                                              b_assign_355_out|       pointer|
|mux_case_24031_out                                                                     |  out|   16|      ap_vld|                                                            mux_case_24031_out|       pointer|
|mux_case_24031_out_ap_vld                                                              |  out|    1|      ap_vld|                                                            mux_case_24031_out|       pointer|
|b_assign_353_out                                                                       |  out|   16|      ap_vld|                                                              b_assign_353_out|       pointer|
|b_assign_353_out_ap_vld                                                                |  out|    1|      ap_vld|                                                              b_assign_353_out|       pointer|
|b_assign_352_out                                                                       |  out|   16|      ap_vld|                                                              b_assign_352_out|       pointer|
|b_assign_352_out_ap_vld                                                                |  out|    1|      ap_vld|                                                              b_assign_352_out|       pointer|
|b_assign_351_out                                                                       |  out|   16|      ap_vld|                                                              b_assign_351_out|       pointer|
|b_assign_351_out_ap_vld                                                                |  out|    1|      ap_vld|                                                              b_assign_351_out|       pointer|
|mux_case_24023_out                                                                     |  out|   16|      ap_vld|                                                            mux_case_24023_out|       pointer|
|mux_case_24023_out_ap_vld                                                              |  out|    1|      ap_vld|                                                            mux_case_24023_out|       pointer|
|b_assign_349_out                                                                       |  out|   16|      ap_vld|                                                              b_assign_349_out|       pointer|
|b_assign_349_out_ap_vld                                                                |  out|    1|      ap_vld|                                                              b_assign_349_out|       pointer|
|b_assign_348_out                                                                       |  out|   16|      ap_vld|                                                              b_assign_348_out|       pointer|
|b_assign_348_out_ap_vld                                                                |  out|    1|      ap_vld|                                                              b_assign_348_out|       pointer|
|mux_case_34017_out                                                                     |  out|   16|      ap_vld|                                                            mux_case_34017_out|       pointer|
|mux_case_34017_out_ap_vld                                                              |  out|    1|      ap_vld|                                                            mux_case_34017_out|       pointer|
|mux_case_24015_out                                                                     |  out|   16|      ap_vld|                                                            mux_case_24015_out|       pointer|
|mux_case_24015_out_ap_vld                                                              |  out|    1|      ap_vld|                                                            mux_case_24015_out|       pointer|
|mux_case_14013_out                                                                     |  out|   16|      ap_vld|                                                            mux_case_14013_out|       pointer|
|mux_case_14013_out_ap_vld                                                              |  out|    1|      ap_vld|                                                            mux_case_14013_out|       pointer|
|mux_case_04011_out                                                                     |  out|   16|      ap_vld|                                                            mux_case_04011_out|       pointer|
|mux_case_04011_out_ap_vld                                                              |  out|    1|      ap_vld|                                                            mux_case_04011_out|       pointer|
|mux_case_34009_out                                                                     |  out|   16|      ap_vld|                                                            mux_case_34009_out|       pointer|
|mux_case_34009_out_ap_vld                                                              |  out|    1|      ap_vld|                                                            mux_case_34009_out|       pointer|
|mux_case_24007_out                                                                     |  out|   16|      ap_vld|                                                            mux_case_24007_out|       pointer|
|mux_case_24007_out_ap_vld                                                              |  out|    1|      ap_vld|                                                            mux_case_24007_out|       pointer|
|mux_case_14005_out                                                                     |  out|   16|      ap_vld|                                                            mux_case_14005_out|       pointer|
|mux_case_14005_out_ap_vld                                                              |  out|    1|      ap_vld|                                                            mux_case_14005_out|       pointer|
|mux_case_04003_out                                                                     |  out|   16|      ap_vld|                                                            mux_case_04003_out|       pointer|
|mux_case_04003_out_ap_vld                                                              |  out|    1|      ap_vld|                                                            mux_case_04003_out|       pointer|
|mux_case_34001_out                                                                     |  out|   16|      ap_vld|                                                            mux_case_34001_out|       pointer|
|mux_case_34001_out_ap_vld                                                              |  out|    1|      ap_vld|                                                            mux_case_34001_out|       pointer|
|mux_case_23999_out                                                                     |  out|   16|      ap_vld|                                                            mux_case_23999_out|       pointer|
|mux_case_23999_out_ap_vld                                                              |  out|    1|      ap_vld|                                                            mux_case_23999_out|       pointer|
|mux_case_13997_out                                                                     |  out|   16|      ap_vld|                                                            mux_case_13997_out|       pointer|
|mux_case_13997_out_ap_vld                                                              |  out|    1|      ap_vld|                                                            mux_case_13997_out|       pointer|
|mux_case_03995_out                                                                     |  out|   16|      ap_vld|                                                            mux_case_03995_out|       pointer|
|mux_case_03995_out_ap_vld                                                              |  out|    1|      ap_vld|                                                            mux_case_03995_out|       pointer|
|mux_case_32164_out                                                                     |  out|   16|      ap_vld|                                                            mux_case_32164_out|       pointer|
|mux_case_32164_out_ap_vld                                                              |  out|    1|      ap_vld|                                                            mux_case_32164_out|       pointer|
|mux_case_22162_out                                                                     |  out|   16|      ap_vld|                                                            mux_case_22162_out|       pointer|
|mux_case_22162_out_ap_vld                                                              |  out|    1|      ap_vld|                                                            mux_case_22162_out|       pointer|
|mux_case_12160_out                                                                     |  out|   16|      ap_vld|                                                            mux_case_12160_out|       pointer|
|mux_case_12160_out_ap_vld                                                              |  out|    1|      ap_vld|                                                            mux_case_12160_out|       pointer|
|mux_case_02158_out                                                                     |  out|   16|      ap_vld|                                                            mux_case_02158_out|       pointer|
|mux_case_02158_out_ap_vld                                                              |  out|    1|      ap_vld|                                                            mux_case_02158_out|       pointer|
|void_Resblock_Pad_ref_Conv_11133111111_CNorm_Relu_TensorMem_TensorMem_Ten_7_address0   |  out|   14|   ap_memory|   void_Resblock_Pad_ref_Conv_11133111111_CNorm_Relu_TensorMem_TensorMem_Ten_7|         array|
|void_Resblock_Pad_ref_Conv_11133111111_CNorm_Relu_TensorMem_TensorMem_Ten_7_ce0        |  out|    1|   ap_memory|   void_Resblock_Pad_ref_Conv_11133111111_CNorm_Relu_TensorMem_TensorMem_Ten_7|         array|
|void_Resblock_Pad_ref_Conv_11133111111_CNorm_Relu_TensorMem_TensorMem_Ten_7_q0         |   in|   16|   ap_memory|   void_Resblock_Pad_ref_Conv_11133111111_CNorm_Relu_TensorMem_TensorMem_Ten_7|         array|
|void_Resblock_Pad_ref_Conv_11133111111_CNorm_Relu_TensorMem_TensorMem_Ten_11_address0  |  out|    9|   ap_memory|  void_Resblock_Pad_ref_Conv_11133111111_CNorm_Relu_TensorMem_TensorMem_Ten_11|         array|
|void_Resblock_Pad_ref_Conv_11133111111_CNorm_Relu_TensorMem_TensorMem_Ten_11_ce0       |  out|    1|   ap_memory|  void_Resblock_Pad_ref_Conv_11133111111_CNorm_Relu_TensorMem_TensorMem_Ten_11|         array|
|void_Resblock_Pad_ref_Conv_11133111111_CNorm_Relu_TensorMem_TensorMem_Ten_11_q0        |   in|   16|   ap_memory|  void_Resblock_Pad_ref_Conv_11133111111_CNorm_Relu_TensorMem_TensorMem_Ten_11|         array|
|void_Resblock_Pad_ref_Conv_11133111111_CNorm_Relu_TensorMem_TensorMem_Ten_11_address1  |  out|    9|   ap_memory|  void_Resblock_Pad_ref_Conv_11133111111_CNorm_Relu_TensorMem_TensorMem_Ten_11|         array|
|void_Resblock_Pad_ref_Conv_11133111111_CNorm_Relu_TensorMem_TensorMem_Ten_11_ce1       |  out|    1|   ap_memory|  void_Resblock_Pad_ref_Conv_11133111111_CNorm_Relu_TensorMem_TensorMem_Ten_11|         array|
|void_Resblock_Pad_ref_Conv_11133111111_CNorm_Relu_TensorMem_TensorMem_Ten_11_q1        |   in|   16|   ap_memory|  void_Resblock_Pad_ref_Conv_11133111111_CNorm_Relu_TensorMem_TensorMem_Ten_11|         array|
|void_Resblock_Pad_ref_Conv_11133111111_CNorm_Relu_TensorMem_TensorMem_Ten_6_address0   |  out|   14|   ap_memory|   void_Resblock_Pad_ref_Conv_11133111111_CNorm_Relu_TensorMem_TensorMem_Ten_6|         array|
|void_Resblock_Pad_ref_Conv_11133111111_CNorm_Relu_TensorMem_TensorMem_Ten_6_ce0        |  out|    1|   ap_memory|   void_Resblock_Pad_ref_Conv_11133111111_CNorm_Relu_TensorMem_TensorMem_Ten_6|         array|
|void_Resblock_Pad_ref_Conv_11133111111_CNorm_Relu_TensorMem_TensorMem_Ten_6_q0         |   in|   16|   ap_memory|   void_Resblock_Pad_ref_Conv_11133111111_CNorm_Relu_TensorMem_TensorMem_Ten_6|         array|
|void_Resblock_Pad_ref_Conv_11133111111_CNorm_Relu_TensorMem_TensorMem_Ten_5_address0   |  out|   14|   ap_memory|   void_Resblock_Pad_ref_Conv_11133111111_CNorm_Relu_TensorMem_TensorMem_Ten_5|         array|
|void_Resblock_Pad_ref_Conv_11133111111_CNorm_Relu_TensorMem_TensorMem_Ten_5_ce0        |  out|    1|   ap_memory|   void_Resblock_Pad_ref_Conv_11133111111_CNorm_Relu_TensorMem_TensorMem_Ten_5|         array|
|void_Resblock_Pad_ref_Conv_11133111111_CNorm_Relu_TensorMem_TensorMem_Ten_5_q0         |   in|   16|   ap_memory|   void_Resblock_Pad_ref_Conv_11133111111_CNorm_Relu_TensorMem_TensorMem_Ten_5|         array|
|void_Resblock_Pad_ref_Conv_11133111111_CNorm_Relu_TensorMem_TensorMem_Ten_4_address0   |  out|   14|   ap_memory|   void_Resblock_Pad_ref_Conv_11133111111_CNorm_Relu_TensorMem_TensorMem_Ten_4|         array|
|void_Resblock_Pad_ref_Conv_11133111111_CNorm_Relu_TensorMem_TensorMem_Ten_4_ce0        |  out|    1|   ap_memory|   void_Resblock_Pad_ref_Conv_11133111111_CNorm_Relu_TensorMem_TensorMem_Ten_4|         array|
|void_Resblock_Pad_ref_Conv_11133111111_CNorm_Relu_TensorMem_TensorMem_Ten_4_q0         |   in|   16|   ap_memory|   void_Resblock_Pad_ref_Conv_11133111111_CNorm_Relu_TensorMem_TensorMem_Ten_4|         array|
|void_Resblock_Pad_ref_Conv_11133111111_CNorm_Relu_TensorMem_TensorMem_Ten_10_address0  |  out|    9|   ap_memory|  void_Resblock_Pad_ref_Conv_11133111111_CNorm_Relu_TensorMem_TensorMem_Ten_10|         array|
|void_Resblock_Pad_ref_Conv_11133111111_CNorm_Relu_TensorMem_TensorMem_Ten_10_ce0       |  out|    1|   ap_memory|  void_Resblock_Pad_ref_Conv_11133111111_CNorm_Relu_TensorMem_TensorMem_Ten_10|         array|
|void_Resblock_Pad_ref_Conv_11133111111_CNorm_Relu_TensorMem_TensorMem_Ten_10_q0        |   in|   16|   ap_memory|  void_Resblock_Pad_ref_Conv_11133111111_CNorm_Relu_TensorMem_TensorMem_Ten_10|         array|
|void_Resblock_Pad_ref_Conv_11133111111_CNorm_Relu_TensorMem_TensorMem_Ten_10_address1  |  out|    9|   ap_memory|  void_Resblock_Pad_ref_Conv_11133111111_CNorm_Relu_TensorMem_TensorMem_Ten_10|         array|
|void_Resblock_Pad_ref_Conv_11133111111_CNorm_Relu_TensorMem_TensorMem_Ten_10_ce1       |  out|    1|   ap_memory|  void_Resblock_Pad_ref_Conv_11133111111_CNorm_Relu_TensorMem_TensorMem_Ten_10|         array|
|void_Resblock_Pad_ref_Conv_11133111111_CNorm_Relu_TensorMem_TensorMem_Ten_10_q1        |   in|   16|   ap_memory|  void_Resblock_Pad_ref_Conv_11133111111_CNorm_Relu_TensorMem_TensorMem_Ten_10|         array|
|void_Resblock_Pad_ref_Conv_11133111111_CNorm_Relu_TensorMem_TensorMem_Ten_9_address0   |  out|    9|   ap_memory|   void_Resblock_Pad_ref_Conv_11133111111_CNorm_Relu_TensorMem_TensorMem_Ten_9|         array|
|void_Resblock_Pad_ref_Conv_11133111111_CNorm_Relu_TensorMem_TensorMem_Ten_9_ce0        |  out|    1|   ap_memory|   void_Resblock_Pad_ref_Conv_11133111111_CNorm_Relu_TensorMem_TensorMem_Ten_9|         array|
|void_Resblock_Pad_ref_Conv_11133111111_CNorm_Relu_TensorMem_TensorMem_Ten_9_q0         |   in|   16|   ap_memory|   void_Resblock_Pad_ref_Conv_11133111111_CNorm_Relu_TensorMem_TensorMem_Ten_9|         array|
|void_Resblock_Pad_ref_Conv_11133111111_CNorm_Relu_TensorMem_TensorMem_Ten_9_address1   |  out|    9|   ap_memory|   void_Resblock_Pad_ref_Conv_11133111111_CNorm_Relu_TensorMem_TensorMem_Ten_9|         array|
|void_Resblock_Pad_ref_Conv_11133111111_CNorm_Relu_TensorMem_TensorMem_Ten_9_ce1        |  out|    1|   ap_memory|   void_Resblock_Pad_ref_Conv_11133111111_CNorm_Relu_TensorMem_TensorMem_Ten_9|         array|
|void_Resblock_Pad_ref_Conv_11133111111_CNorm_Relu_TensorMem_TensorMem_Ten_9_q1         |   in|   16|   ap_memory|   void_Resblock_Pad_ref_Conv_11133111111_CNorm_Relu_TensorMem_TensorMem_Ten_9|         array|
|void_Resblock_Pad_ref_Conv_11133111111_CNorm_Relu_TensorMem_TensorMem_Ten_8_address0   |  out|    9|   ap_memory|   void_Resblock_Pad_ref_Conv_11133111111_CNorm_Relu_TensorMem_TensorMem_Ten_8|         array|
|void_Resblock_Pad_ref_Conv_11133111111_CNorm_Relu_TensorMem_TensorMem_Ten_8_ce0        |  out|    1|   ap_memory|   void_Resblock_Pad_ref_Conv_11133111111_CNorm_Relu_TensorMem_TensorMem_Ten_8|         array|
|void_Resblock_Pad_ref_Conv_11133111111_CNorm_Relu_TensorMem_TensorMem_Ten_8_q0         |   in|   16|   ap_memory|   void_Resblock_Pad_ref_Conv_11133111111_CNorm_Relu_TensorMem_TensorMem_Ten_8|         array|
|void_Resblock_Pad_ref_Conv_11133111111_CNorm_Relu_TensorMem_TensorMem_Ten_8_address1   |  out|    9|   ap_memory|   void_Resblock_Pad_ref_Conv_11133111111_CNorm_Relu_TensorMem_TensorMem_Ten_8|         array|
|void_Resblock_Pad_ref_Conv_11133111111_CNorm_Relu_TensorMem_TensorMem_Ten_8_ce1        |  out|    1|   ap_memory|   void_Resblock_Pad_ref_Conv_11133111111_CNorm_Relu_TensorMem_TensorMem_Ten_8|         array|
|void_Resblock_Pad_ref_Conv_11133111111_CNorm_Relu_TensorMem_TensorMem_Ten_8_q1         |   in|   16|   ap_memory|   void_Resblock_Pad_ref_Conv_11133111111_CNorm_Relu_TensorMem_TensorMem_Ten_8|         array|
+---------------------------------------------------------------------------------------+-----+-----+------------+------------------------------------------------------------------------------+--------------+

