

================================================================
== Vitis HLS Report for 'resblock_top'
================================================================
* Date:           Fri Jan 23 12:51:51 2026

* Version:        2024.2 (Build 5238294 on Nov  8 2024)
* Project:        resblock_top
* Solution:       hls (Vivado IP Flow Target)
* Product family: zynquplus
* Target device:  xczu7ev-ffvc1156-2-e


================================================================
== Performance Estimates
================================================================
+ Timing: 
    * Summary: 
    +--------+---------+----------+------------+
    |  Clock |  Target | Estimated| Uncertainty|
    +--------+---------+----------+------------+
    |ap_clk  |  4.00 ns|  2.920 ns|     1.08 ns|
    +--------+---------+----------+------------+

+ Latency: 
    * Summary: 
    +---------+---------+----------+----------+-----+-----+---------+
    |  Latency (cycles) |  Latency (absolute) |  Interval | Pipeline|
    |   min   |   max   |    min   |    max   | min | max |   Type  |
    +---------+---------+----------+----------+-----+-----+---------+
    |        ?|        ?|         ?|         ?|    ?|    ?|       no|
    +---------+---------+----------+----------+-----+-----+---------+

    + Detail: 
        * Instance: 
        +-----------------------------------------------------------------------------+------------------------------------------------------------------+---------+---------+----------+----------+-----+-----+---------+
        |                                                                             |                                                                  |  Latency (cycles) |  Latency (absolute) |  Interval | Pipeline|
        |                                   Instance                                  |                              Module                              |   min   |   max   |    min   |    max   | min | max |   Type  |
        +-----------------------------------------------------------------------------+------------------------------------------------------------------+---------+---------+----------+----------+-----+-----+---------+
        |grp_Resblock_Pad_ref_Conv_11133111111_CNorm_Relu_16_960_960_1_half_s_fu_410  |Resblock_Pad_ref_Conv_11133111111_CNorm_Relu_16_960_960_1_half_s  |        ?|        ?|         ?|         ?|    ?|    ?|       no|
        +-----------------------------------------------------------------------------+------------------------------------------------------------------+---------+---------+----------+----------+-----+-----+---------+

        * Loop: 
        N/A



================================================================
== Utilization Estimates
================================================================
* Summary: 
+-----------------+---------+------+--------+--------+-----+
|       Name      | BRAM_18K|  DSP |   FF   |   LUT  | URAM|
+-----------------+---------+------+--------+--------+-----+
|DSP              |        -|     -|       -|       -|    -|
|Expression       |        -|     -|       -|       -|    -|
|FIFO             |        -|     -|       -|       -|    -|
|Instance         |      165|    43|   75718|  117654|   60|
|Memory           |        -|     -|       -|       -|    -|
|Multiplexer      |        -|     -|       0|     230|    -|
|Register         |        -|     -|     659|       -|    -|
+-----------------+---------+------+--------+--------+-----+
|Total            |      165|    43|   76377|  117884|   60|
+-----------------+---------+------+--------+--------+-----+
|Available        |      624|  1728|  460800|  230400|   96|
+-----------------+---------+------+--------+--------+-----+
|Utilization (%)  |       26|     2|      16|      51|   62|
+-----------------+---------+------+--------+--------+-----+

+ Detail: 
    * Instance: 
    +-----------------------------------------------------------------------------+------------------------------------------------------------------+---------+----+-------+--------+-----+
    |                                   Instance                                  |                              Module                              | BRAM_18K| DSP|   FF  |   LUT  | URAM|
    +-----------------------------------------------------------------------------+------------------------------------------------------------------+---------+----+-------+--------+-----+
    |grp_Resblock_Pad_ref_Conv_11133111111_CNorm_Relu_16_960_960_1_half_s_fu_410  |Resblock_Pad_ref_Conv_11133111111_CNorm_Relu_16_960_960_1_half_s  |      127|  43|  67791|  108840|   60|
    |control_r_s_axi_U                                                            |control_r_s_axi                                                   |        0|   0|    730|    1320|    0|
    |control_s_axi_U                                                              |control_s_axi                                                     |        0|   0|     58|      72|    0|
    |gmem0_m_axi_U                                                                |gmem0_m_axi                                                       |        9|   0|    863|     801|    0|
    |gmem1_m_axi_U                                                                |gmem1_m_axi                                                       |        1|   0|    700|     739|    0|
    |gmem2_m_axi_U                                                                |gmem2_m_axi                                                       |        8|   0|    700|     739|    0|
    |gmem3_m_axi_U                                                                |gmem3_m_axi                                                       |        8|   0|    700|     739|    0|
    |gmem4_m_axi_U                                                                |gmem4_m_axi                                                       |        2|   0|    696|     734|    0|
    |gmem5_m_axi_U                                                                |gmem5_m_axi                                                       |        2|   0|    696|     734|    0|
    |gmem6_m_axi_U                                                                |gmem6_m_axi                                                       |        2|   0|    696|     734|    0|
    |gmem7_m_axi_U                                                                |gmem7_m_axi                                                       |        2|   0|    696|     734|    0|
    |gmem8_m_axi_U                                                                |gmem8_m_axi                                                       |        2|   0|    696|     734|    0|
    |gmem9_m_axi_U                                                                |gmem9_m_axi                                                       |        2|   0|    696|     734|    0|
    +-----------------------------------------------------------------------------+------------------------------------------------------------------+---------+----+-------+--------+-----+
    |Total                                                                        |                                                                  |      165|  43|  75718|  117654|   60|
    +-----------------------------------------------------------------------------+------------------------------------------------------------------+---------+----+-------+--------+-----+

    * DSP: 
    N/A

    * Memory: 
    N/A

    * FIFO: 
    N/A

    * Expression: 
    N/A

    * Multiplexer: 
    +-----------------+----+-----------+-----+-----------+
    |       Name      | LUT| Input Size| Bits| Total Bits|
    +-----------------+----+-----------+-----+-----------+
    |ap_NS_fsm        |  14|          3|    1|          3|
    |gmem0_0_ARVALID  |   9|          2|    1|          2|
    |gmem0_0_AWVALID  |   9|          2|    1|          2|
    |gmem0_0_BREADY   |   9|          2|    1|          2|
    |gmem0_0_RREADY   |   9|          2|    1|          2|
    |gmem0_0_WVALID   |   9|          2|    1|          2|
    |gmem1_0_AWVALID  |   9|          2|    1|          2|
    |gmem1_0_BREADY   |   9|          2|    1|          2|
    |gmem1_0_WVALID   |   9|          2|    1|          2|
    |gmem2_0_ARVALID  |   9|          2|    1|          2|
    |gmem2_0_RREADY   |   9|          2|    1|          2|
    |gmem3_0_ARVALID  |   9|          2|    1|          2|
    |gmem3_0_RREADY   |   9|          2|    1|          2|
    |gmem4_0_ARVALID  |   9|          2|    1|          2|
    |gmem4_0_RREADY   |   9|          2|    1|          2|
    |gmem5_0_ARVALID  |   9|          2|    1|          2|
    |gmem5_0_RREADY   |   9|          2|    1|          2|
    |gmem6_0_ARVALID  |   9|          2|    1|          2|
    |gmem6_0_RREADY   |   9|          2|    1|          2|
    |gmem7_0_ARVALID  |   9|          2|    1|          2|
    |gmem7_0_RREADY   |   9|          2|    1|          2|
    |gmem8_0_ARVALID  |   9|          2|    1|          2|
    |gmem8_0_RREADY   |   9|          2|    1|          2|
    |gmem9_0_ARVALID  |   9|          2|    1|          2|
    |gmem9_0_RREADY   |   9|          2|    1|          2|
    +-----------------+----+-----------+-----+-----------+
    |Total            | 230|         51|   25|         51|
    +-----------------+----+-----------+-----+-----------+

    * Register: 
    +------------------------------------------------------------------------------------------+----+----+-----+-----------+
    |                                           Name                                           | FF | LUT| Bits| Const Bits|
    +------------------------------------------------------------------------------------------+----+----+-----+-----------+
    |B1_read_reg_712                                                                           |  64|   0|   64|          0|
    |B2_read_reg_692                                                                           |  64|   0|   64|          0|
    |BE1_read_reg_702                                                                          |  64|   0|   64|          0|
    |BE2_read_reg_682                                                                          |  64|   0|   64|          0|
    |G1_read_reg_707                                                                           |  64|   0|   64|          0|
    |G2_read_reg_687                                                                           |  64|   0|   64|          0|
    |W1_read_reg_717                                                                           |  64|   0|   64|          0|
    |W2_read_reg_697                                                                           |  64|   0|   64|          0|
    |X_read_reg_722                                                                            |  64|   0|   64|          0|
    |Y_read_reg_677                                                                            |  64|   0|   64|          0|
    |ap_CS_fsm                                                                                 |   2|   0|    2|          0|
    |epsilon_read_reg_672                                                                      |  16|   0|   16|          0|
    |grp_Resblock_Pad_ref_Conv_11133111111_CNorm_Relu_16_960_960_1_half_s_fu_410_ap_start_reg  |   1|   0|    1|          0|
    +------------------------------------------------------------------------------------------+----+----+-----+-----------+
    |Total                                                                                     | 659|   0|  659|          0|
    +------------------------------------------------------------------------------------------+----+----+-----+-----------+



================================================================
== Interface
================================================================
* Summary: 
+-------------------------+-----+-----+------------+--------------+--------------+
|        RTL Ports        | Dir | Bits|  Protocol  | Source Object|    C Type    |
+-------------------------+-----+-----+------------+--------------+--------------+
|s_axi_control_AWVALID    |   in|    1|       s_axi|       control|        scalar|
|s_axi_control_AWREADY    |  out|    1|       s_axi|       control|        scalar|
|s_axi_control_AWADDR     |   in|    5|       s_axi|       control|        scalar|
|s_axi_control_WVALID     |   in|    1|       s_axi|       control|        scalar|
|s_axi_control_WREADY     |  out|    1|       s_axi|       control|        scalar|
|s_axi_control_WDATA      |   in|   32|       s_axi|       control|        scalar|
|s_axi_control_WSTRB      |   in|    4|       s_axi|       control|        scalar|
|s_axi_control_ARVALID    |   in|    1|       s_axi|       control|        scalar|
|s_axi_control_ARREADY    |  out|    1|       s_axi|       control|        scalar|
|s_axi_control_ARADDR     |   in|    5|       s_axi|       control|        scalar|
|s_axi_control_RVALID     |  out|    1|       s_axi|       control|        scalar|
|s_axi_control_RREADY     |   in|    1|       s_axi|       control|        scalar|
|s_axi_control_RDATA      |  out|   32|       s_axi|       control|        scalar|
|s_axi_control_RRESP      |  out|    2|       s_axi|       control|        scalar|
|s_axi_control_BVALID     |  out|    1|       s_axi|       control|        scalar|
|s_axi_control_BREADY     |   in|    1|       s_axi|       control|        scalar|
|s_axi_control_BRESP      |  out|    2|       s_axi|       control|        scalar|
|s_axi_control_r_AWVALID  |   in|    1|       s_axi|     control_r|        scalar|
|s_axi_control_r_AWREADY  |  out|    1|       s_axi|     control_r|        scalar|
|s_axi_control_r_AWADDR   |   in|    8|       s_axi|     control_r|        scalar|
|s_axi_control_r_WVALID   |   in|    1|       s_axi|     control_r|        scalar|
|s_axi_control_r_WREADY   |  out|    1|       s_axi|     control_r|        scalar|
|s_axi_control_r_WDATA    |   in|   32|       s_axi|     control_r|        scalar|
|s_axi_control_r_WSTRB    |   in|    4|       s_axi|     control_r|        scalar|
|s_axi_control_r_ARVALID  |   in|    1|       s_axi|     control_r|        scalar|
|s_axi_control_r_ARREADY  |  out|    1|       s_axi|     control_r|        scalar|
|s_axi_control_r_ARADDR   |   in|    8|       s_axi|     control_r|        scalar|
|s_axi_control_r_RVALID   |  out|    1|       s_axi|     control_r|        scalar|
|s_axi_control_r_RREADY   |   in|    1|       s_axi|     control_r|        scalar|
|s_axi_control_r_RDATA    |  out|   32|       s_axi|     control_r|        scalar|
|s_axi_control_r_RRESP    |  out|    2|       s_axi|     control_r|        scalar|
|s_axi_control_r_BVALID   |  out|    1|       s_axi|     control_r|        scalar|
|s_axi_control_r_BREADY   |   in|    1|       s_axi|     control_r|        scalar|
|s_axi_control_r_BRESP    |  out|    2|       s_axi|     control_r|        scalar|
|ap_clk                   |   in|    1|  ap_ctrl_hs|  resblock_top|  return value|
|ap_rst_n                 |   in|    1|  ap_ctrl_hs|  resblock_top|  return value|
|interrupt                |  out|    1|  ap_ctrl_hs|  resblock_top|  return value|
|m_axi_gmem0_AWVALID      |  out|    1|       m_axi|         gmem0|       pointer|
|m_axi_gmem0_AWREADY      |   in|    1|       m_axi|         gmem0|       pointer|
|m_axi_gmem0_AWADDR       |  out|   64|       m_axi|         gmem0|       pointer|
|m_axi_gmem0_AWID         |  out|    1|       m_axi|         gmem0|       pointer|
|m_axi_gmem0_AWLEN        |  out|    8|       m_axi|         gmem0|       pointer|
|m_axi_gmem0_AWSIZE       |  out|    3|       m_axi|         gmem0|       pointer|
|m_axi_gmem0_AWBURST      |  out|    2|       m_axi|         gmem0|       pointer|
|m_axi_gmem0_AWLOCK       |  out|    2|       m_axi|         gmem0|       pointer|
|m_axi_gmem0_AWCACHE      |  out|    4|       m_axi|         gmem0|       pointer|
|m_axi_gmem0_AWPROT       |  out|    3|       m_axi|         gmem0|       pointer|
|m_axi_gmem0_AWQOS        |  out|    4|       m_axi|         gmem0|       pointer|
|m_axi_gmem0_AWREGION     |  out|    4|       m_axi|         gmem0|       pointer|
|m_axi_gmem0_AWUSER       |  out|    1|       m_axi|         gmem0|       pointer|
|m_axi_gmem0_WVALID       |  out|    1|       m_axi|         gmem0|       pointer|
|m_axi_gmem0_WREADY       |   in|    1|       m_axi|         gmem0|       pointer|
|m_axi_gmem0_WDATA        |  out|   32|       m_axi|         gmem0|       pointer|
|m_axi_gmem0_WSTRB        |  out|    4|       m_axi|         gmem0|       pointer|
|m_axi_gmem0_WLAST        |  out|    1|       m_axi|         gmem0|       pointer|
|m_axi_gmem0_WID          |  out|    1|       m_axi|         gmem0|       pointer|
|m_axi_gmem0_WUSER        |  out|    1|       m_axi|         gmem0|       pointer|
|m_axi_gmem0_ARVALID      |  out|    1|       m_axi|         gmem0|       pointer|
|m_axi_gmem0_ARREADY      |   in|    1|       m_axi|         gmem0|       pointer|
|m_axi_gmem0_ARADDR       |  out|   64|       m_axi|         gmem0|       pointer|
|m_axi_gmem0_ARID         |  out|    1|       m_axi|         gmem0|       pointer|
|m_axi_gmem0_ARLEN        |  out|    8|       m_axi|         gmem0|       pointer|
|m_axi_gmem0_ARSIZE       |  out|    3|       m_axi|         gmem0|       pointer|
|m_axi_gmem0_ARBURST      |  out|    2|       m_axi|         gmem0|       pointer|
|m_axi_gmem0_ARLOCK       |  out|    2|       m_axi|         gmem0|       pointer|
|m_axi_gmem0_ARCACHE      |  out|    4|       m_axi|         gmem0|       pointer|
|m_axi_gmem0_ARPROT       |  out|    3|       m_axi|         gmem0|       pointer|
|m_axi_gmem0_ARQOS        |  out|    4|       m_axi|         gmem0|       pointer|
|m_axi_gmem0_ARREGION     |  out|    4|       m_axi|         gmem0|       pointer|
|m_axi_gmem0_ARUSER       |  out|    1|       m_axi|         gmem0|       pointer|
|m_axi_gmem0_RVALID       |   in|    1|       m_axi|         gmem0|       pointer|
|m_axi_gmem0_RREADY       |  out|    1|       m_axi|         gmem0|       pointer|
|m_axi_gmem0_RDATA        |   in|   32|       m_axi|         gmem0|       pointer|
|m_axi_gmem0_RLAST        |   in|    1|       m_axi|         gmem0|       pointer|
|m_axi_gmem0_RID          |   in|    1|       m_axi|         gmem0|       pointer|
|m_axi_gmem0_RUSER        |   in|    1|       m_axi|         gmem0|       pointer|
|m_axi_gmem0_RRESP        |   in|    2|       m_axi|         gmem0|       pointer|
|m_axi_gmem0_BVALID       |   in|    1|       m_axi|         gmem0|       pointer|
|m_axi_gmem0_BREADY       |  out|    1|       m_axi|         gmem0|       pointer|
|m_axi_gmem0_BRESP        |   in|    2|       m_axi|         gmem0|       pointer|
|m_axi_gmem0_BID          |   in|    1|       m_axi|         gmem0|       pointer|
|m_axi_gmem0_BUSER        |   in|    1|       m_axi|         gmem0|       pointer|
|m_axi_gmem2_AWVALID      |  out|    1|       m_axi|         gmem2|       pointer|
|m_axi_gmem2_AWREADY      |   in|    1|       m_axi|         gmem2|       pointer|
|m_axi_gmem2_AWADDR       |  out|   64|       m_axi|         gmem2|       pointer|
|m_axi_gmem2_AWID         |  out|    1|       m_axi|         gmem2|       pointer|
|m_axi_gmem2_AWLEN        |  out|    8|       m_axi|         gmem2|       pointer|
|m_axi_gmem2_AWSIZE       |  out|    3|       m_axi|         gmem2|       pointer|
|m_axi_gmem2_AWBURST      |  out|    2|       m_axi|         gmem2|       pointer|
|m_axi_gmem2_AWLOCK       |  out|    2|       m_axi|         gmem2|       pointer|
|m_axi_gmem2_AWCACHE      |  out|    4|       m_axi|         gmem2|       pointer|
|m_axi_gmem2_AWPROT       |  out|    3|       m_axi|         gmem2|       pointer|
|m_axi_gmem2_AWQOS        |  out|    4|       m_axi|         gmem2|       pointer|
|m_axi_gmem2_AWREGION     |  out|    4|       m_axi|         gmem2|       pointer|
|m_axi_gmem2_AWUSER       |  out|    1|       m_axi|         gmem2|       pointer|
|m_axi_gmem2_WVALID       |  out|    1|       m_axi|         gmem2|       pointer|
|m_axi_gmem2_WREADY       |   in|    1|       m_axi|         gmem2|       pointer|
|m_axi_gmem2_WDATA        |  out|   32|       m_axi|         gmem2|       pointer|
|m_axi_gmem2_WSTRB        |  out|    4|       m_axi|         gmem2|       pointer|
|m_axi_gmem2_WLAST        |  out|    1|       m_axi|         gmem2|       pointer|
|m_axi_gmem2_WID          |  out|    1|       m_axi|         gmem2|       pointer|
|m_axi_gmem2_WUSER        |  out|    1|       m_axi|         gmem2|       pointer|
|m_axi_gmem2_ARVALID      |  out|    1|       m_axi|         gmem2|       pointer|
|m_axi_gmem2_ARREADY      |   in|    1|       m_axi|         gmem2|       pointer|
|m_axi_gmem2_ARADDR       |  out|   64|       m_axi|         gmem2|       pointer|
|m_axi_gmem2_ARID         |  out|    1|       m_axi|         gmem2|       pointer|
|m_axi_gmem2_ARLEN        |  out|    8|       m_axi|         gmem2|       pointer|
|m_axi_gmem2_ARSIZE       |  out|    3|       m_axi|         gmem2|       pointer|
|m_axi_gmem2_ARBURST      |  out|    2|       m_axi|         gmem2|       pointer|
|m_axi_gmem2_ARLOCK       |  out|    2|       m_axi|         gmem2|       pointer|
|m_axi_gmem2_ARCACHE      |  out|    4|       m_axi|         gmem2|       pointer|
|m_axi_gmem2_ARPROT       |  out|    3|       m_axi|         gmem2|       pointer|
|m_axi_gmem2_ARQOS        |  out|    4|       m_axi|         gmem2|       pointer|
|m_axi_gmem2_ARREGION     |  out|    4|       m_axi|         gmem2|       pointer|
|m_axi_gmem2_ARUSER       |  out|    1|       m_axi|         gmem2|       pointer|
|m_axi_gmem2_RVALID       |   in|    1|       m_axi|         gmem2|       pointer|
|m_axi_gmem2_RREADY       |  out|    1|       m_axi|         gmem2|       pointer|
|m_axi_gmem2_RDATA        |   in|   32|       m_axi|         gmem2|       pointer|
|m_axi_gmem2_RLAST        |   in|    1|       m_axi|         gmem2|       pointer|
|m_axi_gmem2_RID          |   in|    1|       m_axi|         gmem2|       pointer|
|m_axi_gmem2_RUSER        |   in|    1|       m_axi|         gmem2|       pointer|
|m_axi_gmem2_RRESP        |   in|    2|       m_axi|         gmem2|       pointer|
|m_axi_gmem2_BVALID       |   in|    1|       m_axi|         gmem2|       pointer|
|m_axi_gmem2_BREADY       |  out|    1|       m_axi|         gmem2|       pointer|
|m_axi_gmem2_BRESP        |   in|    2|       m_axi|         gmem2|       pointer|
|m_axi_gmem2_BID          |   in|    1|       m_axi|         gmem2|       pointer|
|m_axi_gmem2_BUSER        |   in|    1|       m_axi|         gmem2|       pointer|
|m_axi_gmem4_AWVALID      |  out|    1|       m_axi|         gmem4|       pointer|
|m_axi_gmem4_AWREADY      |   in|    1|       m_axi|         gmem4|       pointer|
|m_axi_gmem4_AWADDR       |  out|   64|       m_axi|         gmem4|       pointer|
|m_axi_gmem4_AWID         |  out|    1|       m_axi|         gmem4|       pointer|
|m_axi_gmem4_AWLEN        |  out|    8|       m_axi|         gmem4|       pointer|
|m_axi_gmem4_AWSIZE       |  out|    3|       m_axi|         gmem4|       pointer|
|m_axi_gmem4_AWBURST      |  out|    2|       m_axi|         gmem4|       pointer|
|m_axi_gmem4_AWLOCK       |  out|    2|       m_axi|         gmem4|       pointer|
|m_axi_gmem4_AWCACHE      |  out|    4|       m_axi|         gmem4|       pointer|
|m_axi_gmem4_AWPROT       |  out|    3|       m_axi|         gmem4|       pointer|
|m_axi_gmem4_AWQOS        |  out|    4|       m_axi|         gmem4|       pointer|
|m_axi_gmem4_AWREGION     |  out|    4|       m_axi|         gmem4|       pointer|
|m_axi_gmem4_AWUSER       |  out|    1|       m_axi|         gmem4|       pointer|
|m_axi_gmem4_WVALID       |  out|    1|       m_axi|         gmem4|       pointer|
|m_axi_gmem4_WREADY       |   in|    1|       m_axi|         gmem4|       pointer|
|m_axi_gmem4_WDATA        |  out|   32|       m_axi|         gmem4|       pointer|
|m_axi_gmem4_WSTRB        |  out|    4|       m_axi|         gmem4|       pointer|
|m_axi_gmem4_WLAST        |  out|    1|       m_axi|         gmem4|       pointer|
|m_axi_gmem4_WID          |  out|    1|       m_axi|         gmem4|       pointer|
|m_axi_gmem4_WUSER        |  out|    1|       m_axi|         gmem4|       pointer|
|m_axi_gmem4_ARVALID      |  out|    1|       m_axi|         gmem4|       pointer|
|m_axi_gmem4_ARREADY      |   in|    1|       m_axi|         gmem4|       pointer|
|m_axi_gmem4_ARADDR       |  out|   64|       m_axi|         gmem4|       pointer|
|m_axi_gmem4_ARID         |  out|    1|       m_axi|         gmem4|       pointer|
|m_axi_gmem4_ARLEN        |  out|    8|       m_axi|         gmem4|       pointer|
|m_axi_gmem4_ARSIZE       |  out|    3|       m_axi|         gmem4|       pointer|
|m_axi_gmem4_ARBURST      |  out|    2|       m_axi|         gmem4|       pointer|
|m_axi_gmem4_ARLOCK       |  out|    2|       m_axi|         gmem4|       pointer|
|m_axi_gmem4_ARCACHE      |  out|    4|       m_axi|         gmem4|       pointer|
|m_axi_gmem4_ARPROT       |  out|    3|       m_axi|         gmem4|       pointer|
|m_axi_gmem4_ARQOS        |  out|    4|       m_axi|         gmem4|       pointer|
|m_axi_gmem4_ARREGION     |  out|    4|       m_axi|         gmem4|       pointer|
|m_axi_gmem4_ARUSER       |  out|    1|       m_axi|         gmem4|       pointer|
|m_axi_gmem4_RVALID       |   in|    1|       m_axi|         gmem4|       pointer|
|m_axi_gmem4_RREADY       |  out|    1|       m_axi|         gmem4|       pointer|
|m_axi_gmem4_RDATA        |   in|   32|       m_axi|         gmem4|       pointer|
|m_axi_gmem4_RLAST        |   in|    1|       m_axi|         gmem4|       pointer|
|m_axi_gmem4_RID          |   in|    1|       m_axi|         gmem4|       pointer|
|m_axi_gmem4_RUSER        |   in|    1|       m_axi|         gmem4|       pointer|
|m_axi_gmem4_RRESP        |   in|    2|       m_axi|         gmem4|       pointer|
|m_axi_gmem4_BVALID       |   in|    1|       m_axi|         gmem4|       pointer|
|m_axi_gmem4_BREADY       |  out|    1|       m_axi|         gmem4|       pointer|
|m_axi_gmem4_BRESP        |   in|    2|       m_axi|         gmem4|       pointer|
|m_axi_gmem4_BID          |   in|    1|       m_axi|         gmem4|       pointer|
|m_axi_gmem4_BUSER        |   in|    1|       m_axi|         gmem4|       pointer|
|m_axi_gmem6_AWVALID      |  out|    1|       m_axi|         gmem6|       pointer|
|m_axi_gmem6_AWREADY      |   in|    1|       m_axi|         gmem6|       pointer|
|m_axi_gmem6_AWADDR       |  out|   64|       m_axi|         gmem6|       pointer|
|m_axi_gmem6_AWID         |  out|    1|       m_axi|         gmem6|       pointer|
|m_axi_gmem6_AWLEN        |  out|    8|       m_axi|         gmem6|       pointer|
|m_axi_gmem6_AWSIZE       |  out|    3|       m_axi|         gmem6|       pointer|
|m_axi_gmem6_AWBURST      |  out|    2|       m_axi|         gmem6|       pointer|
|m_axi_gmem6_AWLOCK       |  out|    2|       m_axi|         gmem6|       pointer|
|m_axi_gmem6_AWCACHE      |  out|    4|       m_axi|         gmem6|       pointer|
|m_axi_gmem6_AWPROT       |  out|    3|       m_axi|         gmem6|       pointer|
|m_axi_gmem6_AWQOS        |  out|    4|       m_axi|         gmem6|       pointer|
|m_axi_gmem6_AWREGION     |  out|    4|       m_axi|         gmem6|       pointer|
|m_axi_gmem6_AWUSER       |  out|    1|       m_axi|         gmem6|       pointer|
|m_axi_gmem6_WVALID       |  out|    1|       m_axi|         gmem6|       pointer|
|m_axi_gmem6_WREADY       |   in|    1|       m_axi|         gmem6|       pointer|
|m_axi_gmem6_WDATA        |  out|   32|       m_axi|         gmem6|       pointer|
|m_axi_gmem6_WSTRB        |  out|    4|       m_axi|         gmem6|       pointer|
|m_axi_gmem6_WLAST        |  out|    1|       m_axi|         gmem6|       pointer|
|m_axi_gmem6_WID          |  out|    1|       m_axi|         gmem6|       pointer|
|m_axi_gmem6_WUSER        |  out|    1|       m_axi|         gmem6|       pointer|
|m_axi_gmem6_ARVALID      |  out|    1|       m_axi|         gmem6|       pointer|
|m_axi_gmem6_ARREADY      |   in|    1|       m_axi|         gmem6|       pointer|
|m_axi_gmem6_ARADDR       |  out|   64|       m_axi|         gmem6|       pointer|
|m_axi_gmem6_ARID         |  out|    1|       m_axi|         gmem6|       pointer|
|m_axi_gmem6_ARLEN        |  out|    8|       m_axi|         gmem6|       pointer|
|m_axi_gmem6_ARSIZE       |  out|    3|       m_axi|         gmem6|       pointer|
|m_axi_gmem6_ARBURST      |  out|    2|       m_axi|         gmem6|       pointer|
|m_axi_gmem6_ARLOCK       |  out|    2|       m_axi|         gmem6|       pointer|
|m_axi_gmem6_ARCACHE      |  out|    4|       m_axi|         gmem6|       pointer|
|m_axi_gmem6_ARPROT       |  out|    3|       m_axi|         gmem6|       pointer|
|m_axi_gmem6_ARQOS        |  out|    4|       m_axi|         gmem6|       pointer|
|m_axi_gmem6_ARREGION     |  out|    4|       m_axi|         gmem6|       pointer|
|m_axi_gmem6_ARUSER       |  out|    1|       m_axi|         gmem6|       pointer|
|m_axi_gmem6_RVALID       |   in|    1|       m_axi|         gmem6|       pointer|
|m_axi_gmem6_RREADY       |  out|    1|       m_axi|         gmem6|       pointer|
|m_axi_gmem6_RDATA        |   in|   32|       m_axi|         gmem6|       pointer|
|m_axi_gmem6_RLAST        |   in|    1|       m_axi|         gmem6|       pointer|
|m_axi_gmem6_RID          |   in|    1|       m_axi|         gmem6|       pointer|
|m_axi_gmem6_RUSER        |   in|    1|       m_axi|         gmem6|       pointer|
|m_axi_gmem6_RRESP        |   in|    2|       m_axi|         gmem6|       pointer|
|m_axi_gmem6_BVALID       |   in|    1|       m_axi|         gmem6|       pointer|
|m_axi_gmem6_BREADY       |  out|    1|       m_axi|         gmem6|       pointer|
|m_axi_gmem6_BRESP        |   in|    2|       m_axi|         gmem6|       pointer|
|m_axi_gmem6_BID          |   in|    1|       m_axi|         gmem6|       pointer|
|m_axi_gmem6_BUSER        |   in|    1|       m_axi|         gmem6|       pointer|
|m_axi_gmem8_AWVALID      |  out|    1|       m_axi|         gmem8|       pointer|
|m_axi_gmem8_AWREADY      |   in|    1|       m_axi|         gmem8|       pointer|
|m_axi_gmem8_AWADDR       |  out|   64|       m_axi|         gmem8|       pointer|
|m_axi_gmem8_AWID         |  out|    1|       m_axi|         gmem8|       pointer|
|m_axi_gmem8_AWLEN        |  out|    8|       m_axi|         gmem8|       pointer|
|m_axi_gmem8_AWSIZE       |  out|    3|       m_axi|         gmem8|       pointer|
|m_axi_gmem8_AWBURST      |  out|    2|       m_axi|         gmem8|       pointer|
|m_axi_gmem8_AWLOCK       |  out|    2|       m_axi|         gmem8|       pointer|
|m_axi_gmem8_AWCACHE      |  out|    4|       m_axi|         gmem8|       pointer|
|m_axi_gmem8_AWPROT       |  out|    3|       m_axi|         gmem8|       pointer|
|m_axi_gmem8_AWQOS        |  out|    4|       m_axi|         gmem8|       pointer|
|m_axi_gmem8_AWREGION     |  out|    4|       m_axi|         gmem8|       pointer|
|m_axi_gmem8_AWUSER       |  out|    1|       m_axi|         gmem8|       pointer|
|m_axi_gmem8_WVALID       |  out|    1|       m_axi|         gmem8|       pointer|
|m_axi_gmem8_WREADY       |   in|    1|       m_axi|         gmem8|       pointer|
|m_axi_gmem8_WDATA        |  out|   32|       m_axi|         gmem8|       pointer|
|m_axi_gmem8_WSTRB        |  out|    4|       m_axi|         gmem8|       pointer|
|m_axi_gmem8_WLAST        |  out|    1|       m_axi|         gmem8|       pointer|
|m_axi_gmem8_WID          |  out|    1|       m_axi|         gmem8|       pointer|
|m_axi_gmem8_WUSER        |  out|    1|       m_axi|         gmem8|       pointer|
|m_axi_gmem8_ARVALID      |  out|    1|       m_axi|         gmem8|       pointer|
|m_axi_gmem8_ARREADY      |   in|    1|       m_axi|         gmem8|       pointer|
|m_axi_gmem8_ARADDR       |  out|   64|       m_axi|         gmem8|       pointer|
|m_axi_gmem8_ARID         |  out|    1|       m_axi|         gmem8|       pointer|
|m_axi_gmem8_ARLEN        |  out|    8|       m_axi|         gmem8|       pointer|
|m_axi_gmem8_ARSIZE       |  out|    3|       m_axi|         gmem8|       pointer|
|m_axi_gmem8_ARBURST      |  out|    2|       m_axi|         gmem8|       pointer|
|m_axi_gmem8_ARLOCK       |  out|    2|       m_axi|         gmem8|       pointer|
|m_axi_gmem8_ARCACHE      |  out|    4|       m_axi|         gmem8|       pointer|
|m_axi_gmem8_ARPROT       |  out|    3|       m_axi|         gmem8|       pointer|
|m_axi_gmem8_ARQOS        |  out|    4|       m_axi|         gmem8|       pointer|
|m_axi_gmem8_ARREGION     |  out|    4|       m_axi|         gmem8|       pointer|
|m_axi_gmem8_ARUSER       |  out|    1|       m_axi|         gmem8|       pointer|
|m_axi_gmem8_RVALID       |   in|    1|       m_axi|         gmem8|       pointer|
|m_axi_gmem8_RREADY       |  out|    1|       m_axi|         gmem8|       pointer|
|m_axi_gmem8_RDATA        |   in|   32|       m_axi|         gmem8|       pointer|
|m_axi_gmem8_RLAST        |   in|    1|       m_axi|         gmem8|       pointer|
|m_axi_gmem8_RID          |   in|    1|       m_axi|         gmem8|       pointer|
|m_axi_gmem8_RUSER        |   in|    1|       m_axi|         gmem8|       pointer|
|m_axi_gmem8_RRESP        |   in|    2|       m_axi|         gmem8|       pointer|
|m_axi_gmem8_BVALID       |   in|    1|       m_axi|         gmem8|       pointer|
|m_axi_gmem8_BREADY       |  out|    1|       m_axi|         gmem8|       pointer|
|m_axi_gmem8_BRESP        |   in|    2|       m_axi|         gmem8|       pointer|
|m_axi_gmem8_BID          |   in|    1|       m_axi|         gmem8|       pointer|
|m_axi_gmem8_BUSER        |   in|    1|       m_axi|         gmem8|       pointer|
|m_axi_gmem3_AWVALID      |  out|    1|       m_axi|         gmem3|       pointer|
|m_axi_gmem3_AWREADY      |   in|    1|       m_axi|         gmem3|       pointer|
|m_axi_gmem3_AWADDR       |  out|   64|       m_axi|         gmem3|       pointer|
|m_axi_gmem3_AWID         |  out|    1|       m_axi|         gmem3|       pointer|
|m_axi_gmem3_AWLEN        |  out|    8|       m_axi|         gmem3|       pointer|
|m_axi_gmem3_AWSIZE       |  out|    3|       m_axi|         gmem3|       pointer|
|m_axi_gmem3_AWBURST      |  out|    2|       m_axi|         gmem3|       pointer|
|m_axi_gmem3_AWLOCK       |  out|    2|       m_axi|         gmem3|       pointer|
|m_axi_gmem3_AWCACHE      |  out|    4|       m_axi|         gmem3|       pointer|
|m_axi_gmem3_AWPROT       |  out|    3|       m_axi|         gmem3|       pointer|
|m_axi_gmem3_AWQOS        |  out|    4|       m_axi|         gmem3|       pointer|
|m_axi_gmem3_AWREGION     |  out|    4|       m_axi|         gmem3|       pointer|
|m_axi_gmem3_AWUSER       |  out|    1|       m_axi|         gmem3|       pointer|
|m_axi_gmem3_WVALID       |  out|    1|       m_axi|         gmem3|       pointer|
|m_axi_gmem3_WREADY       |   in|    1|       m_axi|         gmem3|       pointer|
|m_axi_gmem3_WDATA        |  out|   32|       m_axi|         gmem3|       pointer|
|m_axi_gmem3_WSTRB        |  out|    4|       m_axi|         gmem3|       pointer|
|m_axi_gmem3_WLAST        |  out|    1|       m_axi|         gmem3|       pointer|
|m_axi_gmem3_WID          |  out|    1|       m_axi|         gmem3|       pointer|
|m_axi_gmem3_WUSER        |  out|    1|       m_axi|         gmem3|       pointer|
|m_axi_gmem3_ARVALID      |  out|    1|       m_axi|         gmem3|       pointer|
|m_axi_gmem3_ARREADY      |   in|    1|       m_axi|         gmem3|       pointer|
|m_axi_gmem3_ARADDR       |  out|   64|       m_axi|         gmem3|       pointer|
|m_axi_gmem3_ARID         |  out|    1|       m_axi|         gmem3|       pointer|
|m_axi_gmem3_ARLEN        |  out|    8|       m_axi|         gmem3|       pointer|
|m_axi_gmem3_ARSIZE       |  out|    3|       m_axi|         gmem3|       pointer|
|m_axi_gmem3_ARBURST      |  out|    2|       m_axi|         gmem3|       pointer|
|m_axi_gmem3_ARLOCK       |  out|    2|       m_axi|         gmem3|       pointer|
|m_axi_gmem3_ARCACHE      |  out|    4|       m_axi|         gmem3|       pointer|
|m_axi_gmem3_ARPROT       |  out|    3|       m_axi|         gmem3|       pointer|
|m_axi_gmem3_ARQOS        |  out|    4|       m_axi|         gmem3|       pointer|
|m_axi_gmem3_ARREGION     |  out|    4|       m_axi|         gmem3|       pointer|
|m_axi_gmem3_ARUSER       |  out|    1|       m_axi|         gmem3|       pointer|
|m_axi_gmem3_RVALID       |   in|    1|       m_axi|         gmem3|       pointer|
|m_axi_gmem3_RREADY       |  out|    1|       m_axi|         gmem3|       pointer|
|m_axi_gmem3_RDATA        |   in|   32|       m_axi|         gmem3|       pointer|
|m_axi_gmem3_RLAST        |   in|    1|       m_axi|         gmem3|       pointer|
|m_axi_gmem3_RID          |   in|    1|       m_axi|         gmem3|       pointer|
|m_axi_gmem3_RUSER        |   in|    1|       m_axi|         gmem3|       pointer|
|m_axi_gmem3_RRESP        |   in|    2|       m_axi|         gmem3|       pointer|
|m_axi_gmem3_BVALID       |   in|    1|       m_axi|         gmem3|       pointer|
|m_axi_gmem3_BREADY       |  out|    1|       m_axi|         gmem3|       pointer|
|m_axi_gmem3_BRESP        |   in|    2|       m_axi|         gmem3|       pointer|
|m_axi_gmem3_BID          |   in|    1|       m_axi|         gmem3|       pointer|
|m_axi_gmem3_BUSER        |   in|    1|       m_axi|         gmem3|       pointer|
|m_axi_gmem5_AWVALID      |  out|    1|       m_axi|         gmem5|       pointer|
|m_axi_gmem5_AWREADY      |   in|    1|       m_axi|         gmem5|       pointer|
|m_axi_gmem5_AWADDR       |  out|   64|       m_axi|         gmem5|       pointer|
|m_axi_gmem5_AWID         |  out|    1|       m_axi|         gmem5|       pointer|
|m_axi_gmem5_AWLEN        |  out|    8|       m_axi|         gmem5|       pointer|
|m_axi_gmem5_AWSIZE       |  out|    3|       m_axi|         gmem5|       pointer|
|m_axi_gmem5_AWBURST      |  out|    2|       m_axi|         gmem5|       pointer|
|m_axi_gmem5_AWLOCK       |  out|    2|       m_axi|         gmem5|       pointer|
|m_axi_gmem5_AWCACHE      |  out|    4|       m_axi|         gmem5|       pointer|
|m_axi_gmem5_AWPROT       |  out|    3|       m_axi|         gmem5|       pointer|
|m_axi_gmem5_AWQOS        |  out|    4|       m_axi|         gmem5|       pointer|
|m_axi_gmem5_AWREGION     |  out|    4|       m_axi|         gmem5|       pointer|
|m_axi_gmem5_AWUSER       |  out|    1|       m_axi|         gmem5|       pointer|
|m_axi_gmem5_WVALID       |  out|    1|       m_axi|         gmem5|       pointer|
|m_axi_gmem5_WREADY       |   in|    1|       m_axi|         gmem5|       pointer|
|m_axi_gmem5_WDATA        |  out|   32|       m_axi|         gmem5|       pointer|
|m_axi_gmem5_WSTRB        |  out|    4|       m_axi|         gmem5|       pointer|
|m_axi_gmem5_WLAST        |  out|    1|       m_axi|         gmem5|       pointer|
|m_axi_gmem5_WID          |  out|    1|       m_axi|         gmem5|       pointer|
|m_axi_gmem5_WUSER        |  out|    1|       m_axi|         gmem5|       pointer|
|m_axi_gmem5_ARVALID      |  out|    1|       m_axi|         gmem5|       pointer|
|m_axi_gmem5_ARREADY      |   in|    1|       m_axi|         gmem5|       pointer|
|m_axi_gmem5_ARADDR       |  out|   64|       m_axi|         gmem5|       pointer|
|m_axi_gmem5_ARID         |  out|    1|       m_axi|         gmem5|       pointer|
|m_axi_gmem5_ARLEN        |  out|    8|       m_axi|         gmem5|       pointer|
|m_axi_gmem5_ARSIZE       |  out|    3|       m_axi|         gmem5|       pointer|
|m_axi_gmem5_ARBURST      |  out|    2|       m_axi|         gmem5|       pointer|
|m_axi_gmem5_ARLOCK       |  out|    2|       m_axi|         gmem5|       pointer|
|m_axi_gmem5_ARCACHE      |  out|    4|       m_axi|         gmem5|       pointer|
|m_axi_gmem5_ARPROT       |  out|    3|       m_axi|         gmem5|       pointer|
|m_axi_gmem5_ARQOS        |  out|    4|       m_axi|         gmem5|       pointer|
|m_axi_gmem5_ARREGION     |  out|    4|       m_axi|         gmem5|       pointer|
|m_axi_gmem5_ARUSER       |  out|    1|       m_axi|         gmem5|       pointer|
|m_axi_gmem5_RVALID       |   in|    1|       m_axi|         gmem5|       pointer|
|m_axi_gmem5_RREADY       |  out|    1|       m_axi|         gmem5|       pointer|
|m_axi_gmem5_RDATA        |   in|   32|       m_axi|         gmem5|       pointer|
|m_axi_gmem5_RLAST        |   in|    1|       m_axi|         gmem5|       pointer|
|m_axi_gmem5_RID          |   in|    1|       m_axi|         gmem5|       pointer|
|m_axi_gmem5_RUSER        |   in|    1|       m_axi|         gmem5|       pointer|
|m_axi_gmem5_RRESP        |   in|    2|       m_axi|         gmem5|       pointer|
|m_axi_gmem5_BVALID       |   in|    1|       m_axi|         gmem5|       pointer|
|m_axi_gmem5_BREADY       |  out|    1|       m_axi|         gmem5|       pointer|
|m_axi_gmem5_BRESP        |   in|    2|       m_axi|         gmem5|       pointer|
|m_axi_gmem5_BID          |   in|    1|       m_axi|         gmem5|       pointer|
|m_axi_gmem5_BUSER        |   in|    1|       m_axi|         gmem5|       pointer|
|m_axi_gmem7_AWVALID      |  out|    1|       m_axi|         gmem7|       pointer|
|m_axi_gmem7_AWREADY      |   in|    1|       m_axi|         gmem7|       pointer|
|m_axi_gmem7_AWADDR       |  out|   64|       m_axi|         gmem7|       pointer|
|m_axi_gmem7_AWID         |  out|    1|       m_axi|         gmem7|       pointer|
|m_axi_gmem7_AWLEN        |  out|    8|       m_axi|         gmem7|       pointer|
|m_axi_gmem7_AWSIZE       |  out|    3|       m_axi|         gmem7|       pointer|
|m_axi_gmem7_AWBURST      |  out|    2|       m_axi|         gmem7|       pointer|
|m_axi_gmem7_AWLOCK       |  out|    2|       m_axi|         gmem7|       pointer|
|m_axi_gmem7_AWCACHE      |  out|    4|       m_axi|         gmem7|       pointer|
|m_axi_gmem7_AWPROT       |  out|    3|       m_axi|         gmem7|       pointer|
|m_axi_gmem7_AWQOS        |  out|    4|       m_axi|         gmem7|       pointer|
|m_axi_gmem7_AWREGION     |  out|    4|       m_axi|         gmem7|       pointer|
|m_axi_gmem7_AWUSER       |  out|    1|       m_axi|         gmem7|       pointer|
|m_axi_gmem7_WVALID       |  out|    1|       m_axi|         gmem7|       pointer|
|m_axi_gmem7_WREADY       |   in|    1|       m_axi|         gmem7|       pointer|
|m_axi_gmem7_WDATA        |  out|   32|       m_axi|         gmem7|       pointer|
|m_axi_gmem7_WSTRB        |  out|    4|       m_axi|         gmem7|       pointer|
|m_axi_gmem7_WLAST        |  out|    1|       m_axi|         gmem7|       pointer|
|m_axi_gmem7_WID          |  out|    1|       m_axi|         gmem7|       pointer|
|m_axi_gmem7_WUSER        |  out|    1|       m_axi|         gmem7|       pointer|
|m_axi_gmem7_ARVALID      |  out|    1|       m_axi|         gmem7|       pointer|
|m_axi_gmem7_ARREADY      |   in|    1|       m_axi|         gmem7|       pointer|
|m_axi_gmem7_ARADDR       |  out|   64|       m_axi|         gmem7|       pointer|
|m_axi_gmem7_ARID         |  out|    1|       m_axi|         gmem7|       pointer|
|m_axi_gmem7_ARLEN        |  out|    8|       m_axi|         gmem7|       pointer|
|m_axi_gmem7_ARSIZE       |  out|    3|       m_axi|         gmem7|       pointer|
|m_axi_gmem7_ARBURST      |  out|    2|       m_axi|         gmem7|       pointer|
|m_axi_gmem7_ARLOCK       |  out|    2|       m_axi|         gmem7|       pointer|
|m_axi_gmem7_ARCACHE      |  out|    4|       m_axi|         gmem7|       pointer|
|m_axi_gmem7_ARPROT       |  out|    3|       m_axi|         gmem7|       pointer|
|m_axi_gmem7_ARQOS        |  out|    4|       m_axi|         gmem7|       pointer|
|m_axi_gmem7_ARREGION     |  out|    4|       m_axi|         gmem7|       pointer|
|m_axi_gmem7_ARUSER       |  out|    1|       m_axi|         gmem7|       pointer|
|m_axi_gmem7_RVALID       |   in|    1|       m_axi|         gmem7|       pointer|
|m_axi_gmem7_RREADY       |  out|    1|       m_axi|         gmem7|       pointer|
|m_axi_gmem7_RDATA        |   in|   32|       m_axi|         gmem7|       pointer|
|m_axi_gmem7_RLAST        |   in|    1|       m_axi|         gmem7|       pointer|
|m_axi_gmem7_RID          |   in|    1|       m_axi|         gmem7|       pointer|
|m_axi_gmem7_RUSER        |   in|    1|       m_axi|         gmem7|       pointer|
|m_axi_gmem7_RRESP        |   in|    2|       m_axi|         gmem7|       pointer|
|m_axi_gmem7_BVALID       |   in|    1|       m_axi|         gmem7|       pointer|
|m_axi_gmem7_BREADY       |  out|    1|       m_axi|         gmem7|       pointer|
|m_axi_gmem7_BRESP        |   in|    2|       m_axi|         gmem7|       pointer|
|m_axi_gmem7_BID          |   in|    1|       m_axi|         gmem7|       pointer|
|m_axi_gmem7_BUSER        |   in|    1|       m_axi|         gmem7|       pointer|
|m_axi_gmem9_AWVALID      |  out|    1|       m_axi|         gmem9|       pointer|
|m_axi_gmem9_AWREADY      |   in|    1|       m_axi|         gmem9|       pointer|
|m_axi_gmem9_AWADDR       |  out|   64|       m_axi|         gmem9|       pointer|
|m_axi_gmem9_AWID         |  out|    1|       m_axi|         gmem9|       pointer|
|m_axi_gmem9_AWLEN        |  out|    8|       m_axi|         gmem9|       pointer|
|m_axi_gmem9_AWSIZE       |  out|    3|       m_axi|         gmem9|       pointer|
|m_axi_gmem9_AWBURST      |  out|    2|       m_axi|         gmem9|       pointer|
|m_axi_gmem9_AWLOCK       |  out|    2|       m_axi|         gmem9|       pointer|
|m_axi_gmem9_AWCACHE      |  out|    4|       m_axi|         gmem9|       pointer|
|m_axi_gmem9_AWPROT       |  out|    3|       m_axi|         gmem9|       pointer|
|m_axi_gmem9_AWQOS        |  out|    4|       m_axi|         gmem9|       pointer|
|m_axi_gmem9_AWREGION     |  out|    4|       m_axi|         gmem9|       pointer|
|m_axi_gmem9_AWUSER       |  out|    1|       m_axi|         gmem9|       pointer|
|m_axi_gmem9_WVALID       |  out|    1|       m_axi|         gmem9|       pointer|
|m_axi_gmem9_WREADY       |   in|    1|       m_axi|         gmem9|       pointer|
|m_axi_gmem9_WDATA        |  out|   32|       m_axi|         gmem9|       pointer|
|m_axi_gmem9_WSTRB        |  out|    4|       m_axi|         gmem9|       pointer|
|m_axi_gmem9_WLAST        |  out|    1|       m_axi|         gmem9|       pointer|
|m_axi_gmem9_WID          |  out|    1|       m_axi|         gmem9|       pointer|
|m_axi_gmem9_WUSER        |  out|    1|       m_axi|         gmem9|       pointer|
|m_axi_gmem9_ARVALID      |  out|    1|       m_axi|         gmem9|       pointer|
|m_axi_gmem9_ARREADY      |   in|    1|       m_axi|         gmem9|       pointer|
|m_axi_gmem9_ARADDR       |  out|   64|       m_axi|         gmem9|       pointer|
|m_axi_gmem9_ARID         |  out|    1|       m_axi|         gmem9|       pointer|
|m_axi_gmem9_ARLEN        |  out|    8|       m_axi|         gmem9|       pointer|
|m_axi_gmem9_ARSIZE       |  out|    3|       m_axi|         gmem9|       pointer|
|m_axi_gmem9_ARBURST      |  out|    2|       m_axi|         gmem9|       pointer|
|m_axi_gmem9_ARLOCK       |  out|    2|       m_axi|         gmem9|       pointer|
|m_axi_gmem9_ARCACHE      |  out|    4|       m_axi|         gmem9|       pointer|
|m_axi_gmem9_ARPROT       |  out|    3|       m_axi|         gmem9|       pointer|
|m_axi_gmem9_ARQOS        |  out|    4|       m_axi|         gmem9|       pointer|
|m_axi_gmem9_ARREGION     |  out|    4|       m_axi|         gmem9|       pointer|
|m_axi_gmem9_ARUSER       |  out|    1|       m_axi|         gmem9|       pointer|
|m_axi_gmem9_RVALID       |   in|    1|       m_axi|         gmem9|       pointer|
|m_axi_gmem9_RREADY       |  out|    1|       m_axi|         gmem9|       pointer|
|m_axi_gmem9_RDATA        |   in|   32|       m_axi|         gmem9|       pointer|
|m_axi_gmem9_RLAST        |   in|    1|       m_axi|         gmem9|       pointer|
|m_axi_gmem9_RID          |   in|    1|       m_axi|         gmem9|       pointer|
|m_axi_gmem9_RUSER        |   in|    1|       m_axi|         gmem9|       pointer|
|m_axi_gmem9_RRESP        |   in|    2|       m_axi|         gmem9|       pointer|
|m_axi_gmem9_BVALID       |   in|    1|       m_axi|         gmem9|       pointer|
|m_axi_gmem9_BREADY       |  out|    1|       m_axi|         gmem9|       pointer|
|m_axi_gmem9_BRESP        |   in|    2|       m_axi|         gmem9|       pointer|
|m_axi_gmem9_BID          |   in|    1|       m_axi|         gmem9|       pointer|
|m_axi_gmem9_BUSER        |   in|    1|       m_axi|         gmem9|       pointer|
|m_axi_gmem1_AWVALID      |  out|    1|       m_axi|         gmem1|       pointer|
|m_axi_gmem1_AWREADY      |   in|    1|       m_axi|         gmem1|       pointer|
|m_axi_gmem1_AWADDR       |  out|   64|       m_axi|         gmem1|       pointer|
|m_axi_gmem1_AWID         |  out|    1|       m_axi|         gmem1|       pointer|
|m_axi_gmem1_AWLEN        |  out|    8|       m_axi|         gmem1|       pointer|
|m_axi_gmem1_AWSIZE       |  out|    3|       m_axi|         gmem1|       pointer|
|m_axi_gmem1_AWBURST      |  out|    2|       m_axi|         gmem1|       pointer|
|m_axi_gmem1_AWLOCK       |  out|    2|       m_axi|         gmem1|       pointer|
|m_axi_gmem1_AWCACHE      |  out|    4|       m_axi|         gmem1|       pointer|
|m_axi_gmem1_AWPROT       |  out|    3|       m_axi|         gmem1|       pointer|
|m_axi_gmem1_AWQOS        |  out|    4|       m_axi|         gmem1|       pointer|
|m_axi_gmem1_AWREGION     |  out|    4|       m_axi|         gmem1|       pointer|
|m_axi_gmem1_AWUSER       |  out|    1|       m_axi|         gmem1|       pointer|
|m_axi_gmem1_WVALID       |  out|    1|       m_axi|         gmem1|       pointer|
|m_axi_gmem1_WREADY       |   in|    1|       m_axi|         gmem1|       pointer|
|m_axi_gmem1_WDATA        |  out|   32|       m_axi|         gmem1|       pointer|
|m_axi_gmem1_WSTRB        |  out|    4|       m_axi|         gmem1|       pointer|
|m_axi_gmem1_WLAST        |  out|    1|       m_axi|         gmem1|       pointer|
|m_axi_gmem1_WID          |  out|    1|       m_axi|         gmem1|       pointer|
|m_axi_gmem1_WUSER        |  out|    1|       m_axi|         gmem1|       pointer|
|m_axi_gmem1_ARVALID      |  out|    1|       m_axi|         gmem1|       pointer|
|m_axi_gmem1_ARREADY      |   in|    1|       m_axi|         gmem1|       pointer|
|m_axi_gmem1_ARADDR       |  out|   64|       m_axi|         gmem1|       pointer|
|m_axi_gmem1_ARID         |  out|    1|       m_axi|         gmem1|       pointer|
|m_axi_gmem1_ARLEN        |  out|    8|       m_axi|         gmem1|       pointer|
|m_axi_gmem1_ARSIZE       |  out|    3|       m_axi|         gmem1|       pointer|
|m_axi_gmem1_ARBURST      |  out|    2|       m_axi|         gmem1|       pointer|
|m_axi_gmem1_ARLOCK       |  out|    2|       m_axi|         gmem1|       pointer|
|m_axi_gmem1_ARCACHE      |  out|    4|       m_axi|         gmem1|       pointer|
|m_axi_gmem1_ARPROT       |  out|    3|       m_axi|         gmem1|       pointer|
|m_axi_gmem1_ARQOS        |  out|    4|       m_axi|         gmem1|       pointer|
|m_axi_gmem1_ARREGION     |  out|    4|       m_axi|         gmem1|       pointer|
|m_axi_gmem1_ARUSER       |  out|    1|       m_axi|         gmem1|       pointer|
|m_axi_gmem1_RVALID       |   in|    1|       m_axi|         gmem1|       pointer|
|m_axi_gmem1_RREADY       |  out|    1|       m_axi|         gmem1|       pointer|
|m_axi_gmem1_RDATA        |   in|   32|       m_axi|         gmem1|       pointer|
|m_axi_gmem1_RLAST        |   in|    1|       m_axi|         gmem1|       pointer|
|m_axi_gmem1_RID          |   in|    1|       m_axi|         gmem1|       pointer|
|m_axi_gmem1_RUSER        |   in|    1|       m_axi|         gmem1|       pointer|
|m_axi_gmem1_RRESP        |   in|    2|       m_axi|         gmem1|       pointer|
|m_axi_gmem1_BVALID       |   in|    1|       m_axi|         gmem1|       pointer|
|m_axi_gmem1_BREADY       |  out|    1|       m_axi|         gmem1|       pointer|
|m_axi_gmem1_BRESP        |   in|    2|       m_axi|         gmem1|       pointer|
|m_axi_gmem1_BID          |   in|    1|       m_axi|         gmem1|       pointer|
|m_axi_gmem1_BUSER        |   in|    1|       m_axi|         gmem1|       pointer|
+-------------------------+-----+-----+------------+--------------+--------------+

