

================================================================
== Vitis HLS Report for 'GlobalAdd_Kernel_16_s'
================================================================
* Date:           Tue Jun 16 03:16:52 2026

* Version:        2024.2 (Build 5238294 on Nov  8 2024)
* Project:        prj_rp
* Solution:       solution1 (Vitis Kernel Flow Target)
* Product family: zynquplus
* Target device:  xczu7ev-ffvc1156-2-e


================================================================
== Performance Estimates
================================================================
+ Timing: 
    * Summary: 
    +--------+---------+----------+------------+
    |  Clock |  Target | Estimated| Uncertainty|
    +--------+---------+----------+------------+
    |ap_clk  |  3.33 ns|  2.433 ns|     0.90 ns|
    +--------+---------+----------+------------+

+ Latency: 
    * Summary: 
    +---------+---------+-----------+-----------+-------+-------+---------+
    |  Latency (cycles) |   Latency (absolute)  |    Interval   | Pipeline|
    |   min   |   max   |    min    |    max    |  min  |  max  |   Type  |
    +---------+---------+-----------+-----------+-------+-------+---------+
    |    15509|    15509|  51.691 us|  51.691 us|  15509|  15509|       no|
    +---------+---------+-----------+-----------+-------+-------+---------+

    + Detail: 
        * Instance: 
        +---------------------------------------------------------+-----------------------------------------------+---------+---------+-----------+-----------+-------+-------+------------------------------------------------+
        |                                                         |                                               |  Latency (cycles) |   Latency (absolute)  |    Interval   |                    Pipeline                    |
        |                         Instance                        |                     Module                    |   min   |   max   |    min    |    max    |  min  |  max  |                      Type                      |
        +---------------------------------------------------------+-----------------------------------------------+---------+---------+-----------+-----------+-------+-------+------------------------------------------------+
        |grp_GlobalAdd_Kernel_16_Pipeline_VITIS_LOOP_293_1_fu_79  |GlobalAdd_Kernel_16_Pipeline_VITIS_LOOP_293_1  |    15369|    15369|  51.225 us|  51.225 us|  15361|  15361|  loop auto-rewind stp (delay=0 clock cycles(s))|
        +---------------------------------------------------------+-----------------------------------------------+---------+---------+-----------+-----------+-------+-------+------------------------------------------------+

        * Loop: 
        N/A



================================================================
== Utilization Estimates
================================================================
* Summary: 
+-----------------+---------+------+--------+--------+-----+
|       Name      | BRAM_18K|  DSP |   FF   |   LUT  | URAM|
+-----------------+---------+------+--------+--------+-----+
|DSP              |        -|     -|       -|       -|    -|
|Expression       |        -|     -|       -|       -|    -|
|FIFO             |        -|     -|       -|       -|    -|
|Instance         |        -|    32|    3711|    2220|    -|
|Memory           |        -|     -|       -|       -|    -|
|Multiplexer      |        -|     -|       0|    1053|    -|
|Register         |        -|     -|     258|       -|    -|
+-----------------+---------+------+--------+--------+-----+
|Total            |        0|    32|    3969|    3273|    0|
+-----------------+---------+------+--------+--------+-----+
|Available        |      624|  1728|  460800|  230400|   96|
+-----------------+---------+------+--------+--------+-----+
|Utilization (%)  |        0|     1|      ~0|       1|    0|
+-----------------+---------+------+--------+--------+-----+

+ Detail: 
    * Instance: 
    +---------------------------------------------------------+-----------------------------------------------+---------+----+------+------+-----+
    |                         Instance                        |                     Module                    | BRAM_18K| DSP|  FF  |  LUT | URAM|
    +---------------------------------------------------------+-----------------------------------------------+---------+----+------+------+-----+
    |grp_GlobalAdd_Kernel_16_Pipeline_VITIS_LOOP_293_1_fu_79  |GlobalAdd_Kernel_16_Pipeline_VITIS_LOOP_293_1  |        0|  32|  3711|  2220|    0|
    +---------------------------------------------------------+-----------------------------------------------+---------+----+------+------+-----+
    |Total                                                    |                                               |        0|  32|  3711|  2220|    0|
    +---------------------------------------------------------+-----------------------------------------------+---------+----+------+------+-----+

    * DSP: 
    N/A

    * Memory: 
    N/A

    * FIFO: 
    N/A

    * Expression: 
    N/A

    * Multiplexer: 
    +----------------------------+-----+-----------+-----+-----------+
    |            Name            | LUT | Input Size| Bits| Total Bits|
    +----------------------------+-----+-----------+-----+-----------+
    |ap_NS_fsm                   |  748|        142|    1|        142|
    |gmem_data_blk_n_AR          |    9|          2|    1|          2|
    |gmem_data_blk_n_AW          |    9|          2|    1|          2|
    |gmem_data_blk_n_B           |    9|          2|    1|          2|
    |m_axi_gmem_data_0_ARADDR    |   14|          3|   64|        192|
    |m_axi_gmem_data_0_ARBURST   |    9|          2|    2|          4|
    |m_axi_gmem_data_0_ARCACHE   |    9|          2|    4|          8|
    |m_axi_gmem_data_0_ARID      |    9|          2|    1|          2|
    |m_axi_gmem_data_0_ARLEN     |   14|          3|   32|         96|
    |m_axi_gmem_data_0_ARLOCK    |    9|          2|    2|          4|
    |m_axi_gmem_data_0_ARPROT    |    9|          2|    3|          6|
    |m_axi_gmem_data_0_ARQOS     |    9|          2|    4|          8|
    |m_axi_gmem_data_0_ARREGION  |    9|          2|    4|          8|
    |m_axi_gmem_data_0_ARSIZE    |    9|          2|    3|          6|
    |m_axi_gmem_data_0_ARUSER    |    9|          2|    1|          2|
    |m_axi_gmem_data_0_ARVALID   |   14|          3|    1|          3|
    |m_axi_gmem_data_0_AWADDR    |   14|          3|   64|        192|
    |m_axi_gmem_data_0_AWBURST   |    9|          2|    2|          4|
    |m_axi_gmem_data_0_AWCACHE   |    9|          2|    4|          8|
    |m_axi_gmem_data_0_AWID      |    9|          2|    1|          2|
    |m_axi_gmem_data_0_AWLEN     |   14|          3|   32|         96|
    |m_axi_gmem_data_0_AWLOCK    |    9|          2|    2|          4|
    |m_axi_gmem_data_0_AWPROT    |    9|          2|    3|          6|
    |m_axi_gmem_data_0_AWQOS     |    9|          2|    4|          8|
    |m_axi_gmem_data_0_AWREGION  |    9|          2|    4|          8|
    |m_axi_gmem_data_0_AWSIZE    |    9|          2|    3|          6|
    |m_axi_gmem_data_0_AWUSER    |    9|          2|    1|          2|
    |m_axi_gmem_data_0_AWVALID   |   14|          3|    1|          3|
    |m_axi_gmem_data_0_BREADY    |   14|          3|    1|          3|
    |m_axi_gmem_data_0_RREADY    |    9|          2|    1|          2|
    |m_axi_gmem_data_0_WVALID    |    9|          2|    1|          2|
    +----------------------------+-----+-----------+-----+-----------+
    |Total                       | 1053|        209|  249|        833|
    +----------------------------+-----+-----------+-----+-----------+

    * Register: 
    +----------------------------------------------------------------------+-----+----+-----+-----------+
    |                                 Name                                 |  FF | LUT| Bits| Const Bits|
    +----------------------------------------------------------------------+-----+----+-----+-----------+
    |ap_CS_fsm                                                             |  141|   0|  141|          0|
    |grp_GlobalAdd_Kernel_16_Pipeline_VITIS_LOOP_293_1_fu_79_ap_start_reg  |    1|   0|    1|          0|
    |trunc_ln293_1_reg_141                                                 |   58|   0|   58|          0|
    |trunc_ln_reg_131                                                      |   58|   0|   58|          0|
    +----------------------------------------------------------------------+-----+----+-----+-----------+
    |Total                                                                 |  258|   0|  258|          0|
    +----------------------------------------------------------------------+-----+----+-----+-----------+



================================================================
== Interface
================================================================
* Summary: 
+----------------------------+-----+-----+------------+----------------------+--------------+
|          RTL Ports         | Dir | Bits|  Protocol  |     Source Object    |    C Type    |
+----------------------------+-----+-----+------------+----------------------+--------------+
|ap_clk                      |   in|    1|  ap_ctrl_hs|  GlobalAdd_Kernel<16>|  return value|
|ap_rst                      |   in|    1|  ap_ctrl_hs|  GlobalAdd_Kernel<16>|  return value|
|ap_start                    |   in|    1|  ap_ctrl_hs|  GlobalAdd_Kernel<16>|  return value|
|ap_done                     |  out|    1|  ap_ctrl_hs|  GlobalAdd_Kernel<16>|  return value|
|ap_idle                     |  out|    1|  ap_ctrl_hs|  GlobalAdd_Kernel<16>|  return value|
|ap_ready                    |  out|    1|  ap_ctrl_hs|  GlobalAdd_Kernel<16>|  return value|
|m_axi_gmem_data_0_AWVALID   |  out|    1|       m_axi|             gmem_data|       pointer|
|m_axi_gmem_data_0_AWREADY   |   in|    1|       m_axi|             gmem_data|       pointer|
|m_axi_gmem_data_0_AWADDR    |  out|   64|       m_axi|             gmem_data|       pointer|
|m_axi_gmem_data_0_AWID      |  out|    1|       m_axi|             gmem_data|       pointer|
|m_axi_gmem_data_0_AWLEN     |  out|   32|       m_axi|             gmem_data|       pointer|
|m_axi_gmem_data_0_AWSIZE    |  out|    3|       m_axi|             gmem_data|       pointer|
|m_axi_gmem_data_0_AWBURST   |  out|    2|       m_axi|             gmem_data|       pointer|
|m_axi_gmem_data_0_AWLOCK    |  out|    2|       m_axi|             gmem_data|       pointer|
|m_axi_gmem_data_0_AWCACHE   |  out|    4|       m_axi|             gmem_data|       pointer|
|m_axi_gmem_data_0_AWPROT    |  out|    3|       m_axi|             gmem_data|       pointer|
|m_axi_gmem_data_0_AWQOS     |  out|    4|       m_axi|             gmem_data|       pointer|
|m_axi_gmem_data_0_AWREGION  |  out|    4|       m_axi|             gmem_data|       pointer|
|m_axi_gmem_data_0_AWUSER    |  out|    1|       m_axi|             gmem_data|       pointer|
|m_axi_gmem_data_0_WVALID    |  out|    1|       m_axi|             gmem_data|       pointer|
|m_axi_gmem_data_0_WREADY    |   in|    1|       m_axi|             gmem_data|       pointer|
|m_axi_gmem_data_0_WDATA     |  out|  512|       m_axi|             gmem_data|       pointer|
|m_axi_gmem_data_0_WSTRB     |  out|   64|       m_axi|             gmem_data|       pointer|
|m_axi_gmem_data_0_WLAST     |  out|    1|       m_axi|             gmem_data|       pointer|
|m_axi_gmem_data_0_WID       |  out|    1|       m_axi|             gmem_data|       pointer|
|m_axi_gmem_data_0_WUSER     |  out|    1|       m_axi|             gmem_data|       pointer|
|m_axi_gmem_data_0_ARVALID   |  out|    1|       m_axi|             gmem_data|       pointer|
|m_axi_gmem_data_0_ARREADY   |   in|    1|       m_axi|             gmem_data|       pointer|
|m_axi_gmem_data_0_ARADDR    |  out|   64|       m_axi|             gmem_data|       pointer|
|m_axi_gmem_data_0_ARID      |  out|    1|       m_axi|             gmem_data|       pointer|
|m_axi_gmem_data_0_ARLEN     |  out|   32|       m_axi|             gmem_data|       pointer|
|m_axi_gmem_data_0_ARSIZE    |  out|    3|       m_axi|             gmem_data|       pointer|
|m_axi_gmem_data_0_ARBURST   |  out|    2|       m_axi|             gmem_data|       pointer|
|m_axi_gmem_data_0_ARLOCK    |  out|    2|       m_axi|             gmem_data|       pointer|
|m_axi_gmem_data_0_ARCACHE   |  out|    4|       m_axi|             gmem_data|       pointer|
|m_axi_gmem_data_0_ARPROT    |  out|    3|       m_axi|             gmem_data|       pointer|
|m_axi_gmem_data_0_ARQOS     |  out|    4|       m_axi|             gmem_data|       pointer|
|m_axi_gmem_data_0_ARREGION  |  out|    4|       m_axi|             gmem_data|       pointer|
|m_axi_gmem_data_0_ARUSER    |  out|    1|       m_axi|             gmem_data|       pointer|
|m_axi_gmem_data_0_RVALID    |   in|    1|       m_axi|             gmem_data|       pointer|
|m_axi_gmem_data_0_RREADY    |  out|    1|       m_axi|             gmem_data|       pointer|
|m_axi_gmem_data_0_RDATA     |   in|  512|       m_axi|             gmem_data|       pointer|
|m_axi_gmem_data_0_RLAST     |   in|    1|       m_axi|             gmem_data|       pointer|
|m_axi_gmem_data_0_RID       |   in|    1|       m_axi|             gmem_data|       pointer|
|m_axi_gmem_data_0_RFIFONUM  |   in|   11|       m_axi|             gmem_data|       pointer|
|m_axi_gmem_data_0_RUSER     |   in|    1|       m_axi|             gmem_data|       pointer|
|m_axi_gmem_data_0_RRESP     |   in|    2|       m_axi|             gmem_data|       pointer|
|m_axi_gmem_data_0_BVALID    |   in|    1|       m_axi|             gmem_data|       pointer|
|m_axi_gmem_data_0_BREADY    |  out|    1|       m_axi|             gmem_data|       pointer|
|m_axi_gmem_data_0_BRESP     |   in|    2|       m_axi|             gmem_data|       pointer|
|m_axi_gmem_data_0_BID       |   in|    1|       m_axi|             gmem_data|       pointer|
|m_axi_gmem_data_0_BUSER     |   in|    1|       m_axi|             gmem_data|       pointer|
|X                           |   in|   64|     ap_none|                     X|        scalar|
|Y                           |   in|   64|     ap_none|                     Y|        scalar|
|global_buf_address0         |  out|   14|   ap_memory|            global_buf|         array|
|global_buf_ce0              |  out|    1|   ap_memory|            global_buf|         array|
|global_buf_q0               |   in|  256|   ap_memory|            global_buf|         array|
+----------------------------+-----+-----+------------+----------------------+--------------+

