

================================================================
== Vitis HLS Report for 'dct_2d'
================================================================
* Date:           Tue Dec  2 15:34:36 2025

* Version:        2024.2 (Build 5238294 on Nov  8 2024)
* Project:        dct
* Solution:       hls (Vivado IP Flow Target)
* Product family: zynq
* Target device:  xc7z020-clg400-1


================================================================
== Performance Estimates
================================================================
+ Timing: 
    * Summary: 
    +--------+----------+----------+------------+
    |  Clock |  Target  | Estimated| Uncertainty|
    +--------+----------+----------+------------+
    |ap_clk  |  10.00 ns|  6.508 ns|     2.70 ns|
    +--------+----------+----------+------------+

+ Latency: 
    * Summary: 
    +---------+---------+----------+----------+-----+-----+---------+
    |  Latency (cycles) |  Latency (absolute) |  Interval | Pipeline|
    |   min   |   max   |    min   |    max   | min | max |   Type  |
    +---------+---------+----------+----------+-----+-----+---------+
    |      289|      289|  2.890 us|  2.890 us|  289|  289|       no|
    +---------+---------+----------+----------+-----+-----+---------+

    + Detail: 
        * Instance: 
        +----------------------------------------------------------------------+-----------------------------------------------------------+---------+---------+----------+----------+-----+-----+------------------------------------------------+
        |                                                                      |                                                           |  Latency (cycles) |  Latency (absolute) |  Interval |                    Pipeline                    |
        |                               Instance                               |                           Module                          |   min   |   max   |    min   |    max   | min | max |                      Type                      |
        +----------------------------------------------------------------------+-----------------------------------------------------------+---------+---------+----------+----------+-----+-----+------------------------------------------------+
        |grp_dct_2d_Pipeline_Row_DCT_Loop_DCT_Outer_Loop_fu_84                 |dct_2d_Pipeline_Row_DCT_Loop_DCT_Outer_Loop                |       73|       73|  0.730 us|  0.730 us|   65|   65|  loop auto-rewind stp (delay=0 clock cycles(s))|
        |grp_dct_2d_Pipeline_Xpose_Row_Outer_Loop_Xpose_Row_Inner_Loop_fu_122  |dct_2d_Pipeline_Xpose_Row_Outer_Loop_Xpose_Row_Inner_Loop  |       68|       68|  0.680 us|  0.680 us|   65|   65|  loop auto-rewind stp (delay=0 clock cycles(s))|
        |grp_dct_2d_Pipeline_Col_DCT_Loop_DCT_Outer_Loop_fu_135                |dct_2d_Pipeline_Col_DCT_Loop_DCT_Outer_Loop                |       73|       73|  0.730 us|  0.730 us|   65|   65|  loop auto-rewind stp (delay=0 clock cycles(s))|
        |grp_dct_2d_Pipeline_Xpose_Col_Outer_Loop_Xpose_Col_Inner_Loop_fu_164  |dct_2d_Pipeline_Xpose_Col_Outer_Loop_Xpose_Col_Inner_Loop  |       68|       68|  0.680 us|  0.680 us|   65|   65|  loop auto-rewind stp (delay=0 clock cycles(s))|
        +----------------------------------------------------------------------+-----------------------------------------------------------+---------+---------+----------+----------+-----+-----+------------------------------------------------+

        * Loop: 
        N/A

============================================================
+ Verbose Summary: Synthesis Manager
============================================================
InlineROM: 1
ExposeGlobal: 0
============================================================
+ Verbose Summary: CDFG Model
============================================================
IsTopModel: 0
ResetActiveHigh: 1
IsCombinational: 2
IsDatapathOnly: 0
HasWiredReturn: 1
HasMFsm: 0
HasVarLatency: 1
IsPipeline: 0
IsRtlPipelined: 0
IsInstanceOverlapped: 0
IsDontTouch: 0
HasImplIP: 0
IsGatedGlobalClock: 0


============================================================
+ Verbose Summary: Schedule
============================================================
* Number of FSM states : 8
* Pipeline : 0
* Dataflow Pipeline: 0

* FSM state transitions: 
1 --> 2 
2 --> 3 
3 --> 4 
4 --> 5 
5 --> 6 
6 --> 7 
7 --> 8 
8 --> 

* FSM state operations: 

State 1 <SV = 0> <Delay = 3.25>
ST_1 : Operation 9 [1/1] (3.25ns)   --->   "%row_outbuf = alloca i64 1" [../source/dct.c:53]   --->   Operation 9 'alloca' 'row_outbuf' <Predicate = true> <Delay = 3.25>
ST_1 : Operation 10 [1/1] (3.25ns)   --->   "%col_outbuf = alloca i64 1" [../source/dct.c:54]   --->   Operation 10 'alloca' 'col_outbuf' <Predicate = true> <Delay = 3.25>
ST_1 : Operation 11 [1/1] (2.32ns)   --->   "%col_inbuf = alloca i64 1" [../source/dct.c:54]   --->   Operation 11 'alloca' 'col_inbuf' <Predicate = true> <Delay = 2.32>
ST_1 : Operation 12 [1/1] (2.32ns)   --->   "%col_inbuf_1 = alloca i64 1" [../source/dct.c:54]   --->   Operation 12 'alloca' 'col_inbuf_1' <Predicate = true> <Delay = 2.32>
ST_1 : Operation 13 [1/1] (2.32ns)   --->   "%col_inbuf_2 = alloca i64 1" [../source/dct.c:54]   --->   Operation 13 'alloca' 'col_inbuf_2' <Predicate = true> <Delay = 2.32>
ST_1 : Operation 14 [1/1] (2.32ns)   --->   "%col_inbuf_3 = alloca i64 1" [../source/dct.c:54]   --->   Operation 14 'alloca' 'col_inbuf_3' <Predicate = true> <Delay = 2.32>
ST_1 : Operation 15 [1/1] (2.32ns)   --->   "%col_inbuf_4 = alloca i64 1" [../source/dct.c:54]   --->   Operation 15 'alloca' 'col_inbuf_4' <Predicate = true> <Delay = 2.32>
ST_1 : Operation 16 [1/1] (2.32ns)   --->   "%col_inbuf_5 = alloca i64 1" [../source/dct.c:54]   --->   Operation 16 'alloca' 'col_inbuf_5' <Predicate = true> <Delay = 2.32>
ST_1 : Operation 17 [1/1] (2.32ns)   --->   "%col_inbuf_6 = alloca i64 1" [../source/dct.c:54]   --->   Operation 17 'alloca' 'col_inbuf_6' <Predicate = true> <Delay = 2.32>
ST_1 : Operation 18 [1/1] (2.32ns)   --->   "%col_inbuf_7 = alloca i64 1" [../source/dct.c:54]   --->   Operation 18 'alloca' 'col_inbuf_7' <Predicate = true> <Delay = 2.32>
ST_1 : Operation 19 [2/2] (0.00ns)   --->   "%call_ln0 = call void @dct_2d_Pipeline_Row_DCT_Loop_DCT_Outer_Loop, i16 %in_block_0, i16 %in_block_1, i16 %in_block_2, i16 %in_block_3, i16 %in_block_4, i16 %in_block_5, i16 %in_block_6, i16 %in_block_7, i16 %row_outbuf, i14 %dct_1d_dct_coeff_table_0, i15 %dct_1d_dct_coeff_table_1, i15 %dct_1d_dct_coeff_table_2, i15 %dct_1d_dct_coeff_table_3, i15 %dct_1d_dct_coeff_table_4, i15 %dct_1d_dct_coeff_table_5, i15 %dct_1d_dct_coeff_table_6, i15 %dct_1d_dct_coeff_table_7"   --->   Operation 19 'call' 'call_ln0' <Predicate = true> <Delay = 0.00> <CoreType = "Generic">   --->   Generic Core

State 2 <SV = 1> <Delay = 0.00>
ST_2 : Operation 20 [1/2] (0.00ns)   --->   "%call_ln0 = call void @dct_2d_Pipeline_Row_DCT_Loop_DCT_Outer_Loop, i16 %in_block_0, i16 %in_block_1, i16 %in_block_2, i16 %in_block_3, i16 %in_block_4, i16 %in_block_5, i16 %in_block_6, i16 %in_block_7, i16 %row_outbuf, i14 %dct_1d_dct_coeff_table_0, i15 %dct_1d_dct_coeff_table_1, i15 %dct_1d_dct_coeff_table_2, i15 %dct_1d_dct_coeff_table_3, i15 %dct_1d_dct_coeff_table_4, i15 %dct_1d_dct_coeff_table_5, i15 %dct_1d_dct_coeff_table_6, i15 %dct_1d_dct_coeff_table_7"   --->   Operation 20 'call' 'call_ln0' <Predicate = true> <Delay = 0.00> <CoreType = "Generic">   --->   Generic Core

State 3 <SV = 2> <Delay = 0.00>
ST_3 : Operation 21 [2/2] (0.00ns)   --->   "%call_ln0 = call void @dct_2d_Pipeline_Xpose_Row_Outer_Loop_Xpose_Row_Inner_Loop, i16 %col_inbuf, i16 %col_inbuf_1, i16 %col_inbuf_2, i16 %col_inbuf_3, i16 %col_inbuf_4, i16 %col_inbuf_5, i16 %col_inbuf_6, i16 %col_inbuf_7, i16 %row_outbuf"   --->   Operation 21 'call' 'call_ln0' <Predicate = true> <Delay = 0.00> <CoreType = "Generic">   --->   Generic Core

State 4 <SV = 3> <Delay = 0.00>
ST_4 : Operation 22 [1/2] (0.00ns)   --->   "%call_ln0 = call void @dct_2d_Pipeline_Xpose_Row_Outer_Loop_Xpose_Row_Inner_Loop, i16 %col_inbuf, i16 %col_inbuf_1, i16 %col_inbuf_2, i16 %col_inbuf_3, i16 %col_inbuf_4, i16 %col_inbuf_5, i16 %col_inbuf_6, i16 %col_inbuf_7, i16 %row_outbuf"   --->   Operation 22 'call' 'call_ln0' <Predicate = true> <Delay = 0.00> <CoreType = "Generic">   --->   Generic Core

State 5 <SV = 4> <Delay = 0.00>
ST_5 : Operation 23 [2/2] (0.00ns)   --->   "%call_ln0 = call void @dct_2d_Pipeline_Col_DCT_Loop_DCT_Outer_Loop, i16 %col_inbuf, i16 %col_inbuf_1, i16 %col_inbuf_2, i16 %col_inbuf_3, i16 %col_inbuf_4, i16 %col_inbuf_5, i16 %col_inbuf_6, i16 %col_inbuf_7, i16 %col_outbuf, i14 %dct_1d_dct_coeff_table_0, i15 %dct_1d_dct_coeff_table_1, i15 %dct_1d_dct_coeff_table_2, i15 %dct_1d_dct_coeff_table_3, i15 %dct_1d_dct_coeff_table_4, i15 %dct_1d_dct_coeff_table_5, i15 %dct_1d_dct_coeff_table_6, i15 %dct_1d_dct_coeff_table_7"   --->   Operation 23 'call' 'call_ln0' <Predicate = true> <Delay = 0.00> <CoreType = "Generic">   --->   Generic Core

State 6 <SV = 5> <Delay = 0.00>
ST_6 : Operation 24 [1/2] (0.00ns)   --->   "%call_ln0 = call void @dct_2d_Pipeline_Col_DCT_Loop_DCT_Outer_Loop, i16 %col_inbuf, i16 %col_inbuf_1, i16 %col_inbuf_2, i16 %col_inbuf_3, i16 %col_inbuf_4, i16 %col_inbuf_5, i16 %col_inbuf_6, i16 %col_inbuf_7, i16 %col_outbuf, i14 %dct_1d_dct_coeff_table_0, i15 %dct_1d_dct_coeff_table_1, i15 %dct_1d_dct_coeff_table_2, i15 %dct_1d_dct_coeff_table_3, i15 %dct_1d_dct_coeff_table_4, i15 %dct_1d_dct_coeff_table_5, i15 %dct_1d_dct_coeff_table_6, i15 %dct_1d_dct_coeff_table_7"   --->   Operation 24 'call' 'call_ln0' <Predicate = true> <Delay = 0.00> <CoreType = "Generic">   --->   Generic Core

State 7 <SV = 6> <Delay = 0.00>
ST_7 : Operation 25 [2/2] (0.00ns)   --->   "%call_ln0 = call void @dct_2d_Pipeline_Xpose_Col_Outer_Loop_Xpose_Col_Inner_Loop, i16 %out_block, i16 %col_outbuf"   --->   Operation 25 'call' 'call_ln0' <Predicate = true> <Delay = 0.00> <CoreType = "Generic">   --->   Generic Core

State 8 <SV = 7> <Delay = 0.00>
ST_8 : Operation 26 [1/2] (0.00ns)   --->   "%call_ln0 = call void @dct_2d_Pipeline_Xpose_Col_Outer_Loop_Xpose_Col_Inner_Loop, i16 %out_block, i16 %col_outbuf"   --->   Operation 26 'call' 'call_ln0' <Predicate = true> <Delay = 0.00> <CoreType = "Generic">   --->   Generic Core
ST_8 : Operation 27 [1/1] (0.00ns)   --->   "%ret_ln82 = ret" [../source/dct.c:82]   --->   Operation 27 'ret' 'ret_ln82' <Predicate = true> <Delay = 0.00>


============================================================
+ Verbose Summary: Binding
============================================================
STG Binding: 
---------------- STG Properties BEGIN ----------------
- Is combinational: 0
- Is one-state seq: 0
- Is datapath-only: 0
- Is pipelined: 0
- Is top level: 0
Port [ Return ] is wired: 1; IO mode=ap_ctrl_hs:ce=0
Port [ in_block_0]:  wired=1; compound=1; hidden=0; nouse=0; global=0; static=0; extern=0; dir=0; type=1; pingpong=1; private_global=0; MemPort=[13]; IO mode=ap_memory:ce=0
Port [ in_block_1]:  wired=1; compound=1; hidden=0; nouse=0; global=0; static=0; extern=0; dir=0; type=1; pingpong=1; private_global=0; MemPort=[13]; IO mode=ap_memory:ce=0
Port [ in_block_2]:  wired=1; compound=1; hidden=0; nouse=0; global=0; static=0; extern=0; dir=0; type=1; pingpong=1; private_global=0; MemPort=[13]; IO mode=ap_memory:ce=0
Port [ in_block_3]:  wired=1; compound=1; hidden=0; nouse=0; global=0; static=0; extern=0; dir=0; type=1; pingpong=1; private_global=0; MemPort=[13]; IO mode=ap_memory:ce=0
Port [ in_block_4]:  wired=1; compound=1; hidden=0; nouse=0; global=0; static=0; extern=0; dir=0; type=1; pingpong=1; private_global=0; MemPort=[13]; IO mode=ap_memory:ce=0
Port [ in_block_5]:  wired=1; compound=1; hidden=0; nouse=0; global=0; static=0; extern=0; dir=0; type=1; pingpong=1; private_global=0; MemPort=[13]; IO mode=ap_memory:ce=0
Port [ in_block_6]:  wired=1; compound=1; hidden=0; nouse=0; global=0; static=0; extern=0; dir=0; type=1; pingpong=1; private_global=0; MemPort=[13]; IO mode=ap_memory:ce=0
Port [ in_block_7]:  wired=1; compound=1; hidden=0; nouse=0; global=0; static=0; extern=0; dir=0; type=1; pingpong=1; private_global=0; MemPort=[13]; IO mode=ap_memory:ce=0
Port [ out_block]:  wired=1; compound=1; hidden=0; nouse=0; global=0; static=0; extern=0; dir=1; type=1; pingpong=1; private_global=0; MemPort=[03]; IO mode=ap_memory:ce=0
Port [ dct_1d_dct_coeff_table_0]:  wired=0; compound=1; hidden=1; nouse=0; global=1; static=1; extern=0; dir=0; type=1; pingpong=0; private_global=1; MemPort=[1]; IO mode=ap_memory:ce=0
Port [ dct_1d_dct_coeff_table_1]:  wired=0; compound=1; hidden=1; nouse=0; global=1; static=1; extern=0; dir=0; type=1; pingpong=0; private_global=1; MemPort=[1]; IO mode=ap_memory:ce=0
Port [ dct_1d_dct_coeff_table_2]:  wired=0; compound=1; hidden=1; nouse=0; global=1; static=1; extern=0; dir=0; type=1; pingpong=0; private_global=1; MemPort=[1]; IO mode=ap_memory:ce=0
Port [ dct_1d_dct_coeff_table_3]:  wired=0; compound=1; hidden=1; nouse=0; global=1; static=1; extern=0; dir=0; type=1; pingpong=0; private_global=1; MemPort=[1]; IO mode=ap_memory:ce=0
Port [ dct_1d_dct_coeff_table_4]:  wired=0; compound=1; hidden=1; nouse=0; global=1; static=1; extern=0; dir=0; type=1; pingpong=0; private_global=1; MemPort=[1]; IO mode=ap_memory:ce=0
Port [ dct_1d_dct_coeff_table_5]:  wired=0; compound=1; hidden=1; nouse=0; global=1; static=1; extern=0; dir=0; type=1; pingpong=0; private_global=1; MemPort=[1]; IO mode=ap_memory:ce=0
Port [ dct_1d_dct_coeff_table_6]:  wired=0; compound=1; hidden=1; nouse=0; global=1; static=1; extern=0; dir=0; type=1; pingpong=0; private_global=1; MemPort=[1]; IO mode=ap_memory:ce=0
Port [ dct_1d_dct_coeff_table_7]:  wired=0; compound=1; hidden=1; nouse=0; global=1; static=1; extern=0; dir=0; type=1; pingpong=0; private_global=1; MemPort=[1]; IO mode=ap_memory:ce=0
---------------- STG Properties END ------------------

---------------- Datapath Model BEGIN ----------------

<LifeTime>
<method=bitvector/>
row_outbuf  (alloca) [ 001110000]
col_outbuf  (alloca) [ 001111111]
col_inbuf   (alloca) [ 001111100]
col_inbuf_1 (alloca) [ 001111100]
col_inbuf_2 (alloca) [ 001111100]
col_inbuf_3 (alloca) [ 001111100]
col_inbuf_4 (alloca) [ 001111100]
col_inbuf_5 (alloca) [ 001111100]
col_inbuf_6 (alloca) [ 001111100]
col_inbuf_7 (alloca) [ 001111100]
call_ln0    (call  ) [ 000000000]
call_ln0    (call  ) [ 000000000]
call_ln0    (call  ) [ 000000000]
call_ln0    (call  ) [ 000000000]
ret_ln82    (ret   ) [ 000000000]
</LifeTime>

<model>

<comp_list>
<comp id="0" class="1000" name="in_block_0">
<pin_list>
<pin id="1" dir="1" index="0" bw="1" slack="0"/>
</pin_list>
<bind>
<StgValue><ssdm name="in_block_0"/><MemPortTyVec>1 3 </MemPortTyVec>
</StgValue>
</bind>
</comp>

<comp id="2" class="1000" name="in_block_1">
<pin_list>
<pin id="3" dir="1" index="0" bw="1" slack="0"/>
</pin_list>
<bind>
<StgValue><ssdm name="in_block_1"/><MemPortTyVec>1 3 </MemPortTyVec>
</StgValue>
</bind>
</comp>

<comp id="4" class="1000" name="in_block_2">
<pin_list>
<pin id="5" dir="1" index="0" bw="1" slack="0"/>
</pin_list>
<bind>
<StgValue><ssdm name="in_block_2"/><MemPortTyVec>1 3 </MemPortTyVec>
</StgValue>
</bind>
</comp>

<comp id="6" class="1000" name="in_block_3">
<pin_list>
<pin id="7" dir="1" index="0" bw="1" slack="0"/>
</pin_list>
<bind>
<StgValue><ssdm name="in_block_3"/><MemPortTyVec>1 3 </MemPortTyVec>
</StgValue>
</bind>
</comp>

<comp id="8" class="1000" name="in_block_4">
<pin_list>
<pin id="9" dir="1" index="0" bw="1" slack="0"/>
</pin_list>
<bind>
<StgValue><ssdm name="in_block_4"/><MemPortTyVec>1 3 </MemPortTyVec>
</StgValue>
</bind>
</comp>

<comp id="10" class="1000" name="in_block_5">
<pin_list>
<pin id="11" dir="1" index="0" bw="1" slack="0"/>
</pin_list>
<bind>
<StgValue><ssdm name="in_block_5"/><MemPortTyVec>1 3 </MemPortTyVec>
</StgValue>
</bind>
</comp>

<comp id="12" class="1000" name="in_block_6">
<pin_list>
<pin id="13" dir="1" index="0" bw="1" slack="0"/>
</pin_list>
<bind>
<StgValue><ssdm name="in_block_6"/><MemPortTyVec>1 3 </MemPortTyVec>
</StgValue>
</bind>
</comp>

<comp id="14" class="1000" name="in_block_7">
<pin_list>
<pin id="15" dir="1" index="0" bw="1" slack="0"/>
</pin_list>
<bind>
<StgValue><ssdm name="in_block_7"/><MemPortTyVec>1 3 </MemPortTyVec>
</StgValue>
</bind>
</comp>

<comp id="16" class="1000" name="out_block">
<pin_list>
<pin id="17" dir="1" index="0" bw="1" slack="0"/>
</pin_list>
<bind>
<StgValue><ssdm name="out_block"/><MemPortTyVec>0 3 </MemPortTyVec>
</StgValue>
</bind>
</comp>

<comp id="18" class="1000" name="dct_1d_dct_coeff_table_0">
<pin_list>
<pin id="19" dir="1" index="0" bw="1" slack="0"/>
</pin_list>
<bind>
<StgValue><ssdm name="dct_1d_dct_coeff_table_0"/><MemPortTyVec>1 </MemPortTyVec>
</StgValue>
</bind>
</comp>

<comp id="20" class="1000" name="dct_1d_dct_coeff_table_1">
<pin_list>
<pin id="21" dir="1" index="0" bw="1" slack="0"/>
</pin_list>
<bind>
<StgValue><ssdm name="dct_1d_dct_coeff_table_1"/><MemPortTyVec>1 </MemPortTyVec>
</StgValue>
</bind>
</comp>

<comp id="22" class="1000" name="dct_1d_dct_coeff_table_2">
<pin_list>
<pin id="23" dir="1" index="0" bw="1" slack="0"/>
</pin_list>
<bind>
<StgValue><ssdm name="dct_1d_dct_coeff_table_2"/><MemPortTyVec>1 </MemPortTyVec>
</StgValue>
</bind>
</comp>

<comp id="24" class="1000" name="dct_1d_dct_coeff_table_3">
<pin_list>
<pin id="25" dir="1" index="0" bw="1" slack="0"/>
</pin_list>
<bind>
<StgValue><ssdm name="dct_1d_dct_coeff_table_3"/><MemPortTyVec>1 </MemPortTyVec>
</StgValue>
</bind>
</comp>

<comp id="26" class="1000" name="dct_1d_dct_coeff_table_4">
<pin_list>
<pin id="27" dir="1" index="0" bw="1" slack="0"/>
</pin_list>
<bind>
<StgValue><ssdm name="dct_1d_dct_coeff_table_4"/><MemPortTyVec>1 </MemPortTyVec>
</StgValue>
</bind>
</comp>

<comp id="28" class="1000" name="dct_1d_dct_coeff_table_5">
<pin_list>
<pin id="29" dir="1" index="0" bw="1" slack="0"/>
</pin_list>
<bind>
<StgValue><ssdm name="dct_1d_dct_coeff_table_5"/><MemPortTyVec>1 </MemPortTyVec>
</StgValue>
</bind>
</comp>

<comp id="30" class="1000" name="dct_1d_dct_coeff_table_6">
<pin_list>
<pin id="31" dir="1" index="0" bw="1" slack="0"/>
</pin_list>
<bind>
<StgValue><ssdm name="dct_1d_dct_coeff_table_6"/><MemPortTyVec>1 </MemPortTyVec>
</StgValue>
</bind>
</comp>

<comp id="32" class="1000" name="dct_1d_dct_coeff_table_7">
<pin_list>
<pin id="33" dir="1" index="0" bw="1" slack="0"/>
</pin_list>
<bind>
<StgValue><ssdm name="dct_1d_dct_coeff_table_7"/><MemPortTyVec>1 </MemPortTyVec>
</StgValue>
</bind>
</comp>

<comp id="34" class="1001" name="const_34">
<pin_list>
<pin id="35" dir="1" index="0" bw="1" slack="0"/>
</pin_list>
<bind>
<StgValue><ssdm name=""/></StgValue>
</bind>
</comp>

<comp id="36" class="1001" name="const_36">
<pin_list>
<pin id="37" dir="1" index="0" bw="1" slack="0"/>
</pin_list>
<bind>
<StgValue><ssdm name="dct_2d_Pipeline_Row_DCT_Loop_DCT_Outer_Loop"/></StgValue>
</bind>
</comp>

<comp id="38" class="1001" name="const_38">
<pin_list>
<pin id="39" dir="1" index="0" bw="1" slack="0"/>
</pin_list>
<bind>
<StgValue><ssdm name="dct_2d_Pipeline_Xpose_Row_Outer_Loop_Xpose_Row_Inner_Loop"/></StgValue>
</bind>
</comp>

<comp id="40" class="1001" name="const_40">
<pin_list>
<pin id="41" dir="1" index="0" bw="1" slack="0"/>
</pin_list>
<bind>
<StgValue><ssdm name="dct_2d_Pipeline_Col_DCT_Loop_DCT_Outer_Loop"/></StgValue>
</bind>
</comp>

<comp id="42" class="1001" name="const_42">
<pin_list>
<pin id="43" dir="1" index="0" bw="1" slack="0"/>
</pin_list>
<bind>
<StgValue><ssdm name="dct_2d_Pipeline_Xpose_Col_Outer_Loop_Xpose_Col_Inner_Loop"/></StgValue>
</bind>
</comp>

<comp id="44" class="1004" name="row_outbuf_alloca_fu_44">
<pin_list>
<pin id="45" dir="0" index="0" bw="1" slack="0"/>
<pin id="46" dir="1" index="1" bw="16" slack="0"/>
</pin_list>
<bind>
<opcode="alloca(26) " fcode="alloca"/>
<opset="row_outbuf/1 "/>
</bind>
</comp>

<comp id="48" class="1004" name="col_outbuf_alloca_fu_48">
<pin_list>
<pin id="49" dir="0" index="0" bw="1" slack="0"/>
<pin id="50" dir="1" index="1" bw="16" slack="2147483647"/>
</pin_list>
<bind>
<opcode="alloca(26) " fcode="alloca"/>
<opset="col_outbuf/1 "/>
</bind>
</comp>

<comp id="52" class="1004" name="col_inbuf_alloca_fu_52">
<pin_list>
<pin id="53" dir="0" index="0" bw="1" slack="0"/>
<pin id="54" dir="1" index="1" bw="16" slack="2147483647"/>
</pin_list>
<bind>
<opcode="alloca(26) " fcode="alloca"/>
<opset="col_inbuf/1 "/>
</bind>
</comp>

<comp id="56" class="1004" name="col_inbuf_1_alloca_fu_56">
<pin_list>
<pin id="57" dir="0" index="0" bw="1" slack="0"/>
<pin id="58" dir="1" index="1" bw="16" slack="2147483647"/>
</pin_list>
<bind>
<opcode="alloca(26) " fcode="alloca"/>
<opset="col_inbuf_1/1 "/>
</bind>
</comp>

<comp id="60" class="1004" name="col_inbuf_2_alloca_fu_60">
<pin_list>
<pin id="61" dir="0" index="0" bw="1" slack="0"/>
<pin id="62" dir="1" index="1" bw="16" slack="2147483647"/>
</pin_list>
<bind>
<opcode="alloca(26) " fcode="alloca"/>
<opset="col_inbuf_2/1 "/>
</bind>
</comp>

<comp id="64" class="1004" name="col_inbuf_3_alloca_fu_64">
<pin_list>
<pin id="65" dir="0" index="0" bw="1" slack="0"/>
<pin id="66" dir="1" index="1" bw="16" slack="2147483647"/>
</pin_list>
<bind>
<opcode="alloca(26) " fcode="alloca"/>
<opset="col_inbuf_3/1 "/>
</bind>
</comp>

<comp id="68" class="1004" name="col_inbuf_4_alloca_fu_68">
<pin_list>
<pin id="69" dir="0" index="0" bw="1" slack="0"/>
<pin id="70" dir="1" index="1" bw="16" slack="2147483647"/>
</pin_list>
<bind>
<opcode="alloca(26) " fcode="alloca"/>
<opset="col_inbuf_4/1 "/>
</bind>
</comp>

<comp id="72" class="1004" name="col_inbuf_5_alloca_fu_72">
<pin_list>
<pin id="73" dir="0" index="0" bw="1" slack="0"/>
<pin id="74" dir="1" index="1" bw="16" slack="2147483647"/>
</pin_list>
<bind>
<opcode="alloca(26) " fcode="alloca"/>
<opset="col_inbuf_5/1 "/>
</bind>
</comp>

<comp id="76" class="1004" name="col_inbuf_6_alloca_fu_76">
<pin_list>
<pin id="77" dir="0" index="0" bw="1" slack="0"/>
<pin id="78" dir="1" index="1" bw="16" slack="2147483647"/>
</pin_list>
<bind>
<opcode="alloca(26) " fcode="alloca"/>
<opset="col_inbuf_6/1 "/>
</bind>
</comp>

<comp id="80" class="1004" name="col_inbuf_7_alloca_fu_80">
<pin_list>
<pin id="81" dir="0" index="0" bw="1" slack="0"/>
<pin id="82" dir="1" index="1" bw="16" slack="2147483647"/>
</pin_list>
<bind>
<opcode="alloca(26) " fcode="alloca"/>
<opset="col_inbuf_7/1 "/>
</bind>
</comp>

<comp id="84" class="1004" name="grp_dct_2d_Pipeline_Row_DCT_Loop_DCT_Outer_Loop_fu_84">
<pin_list>
<pin id="85" dir="0" index="0" bw="0" slack="0"/>
<pin id="86" dir="0" index="1" bw="16" slack="0"/>
<pin id="87" dir="0" index="2" bw="16" slack="0"/>
<pin id="88" dir="0" index="3" bw="16" slack="0"/>
<pin id="89" dir="0" index="4" bw="16" slack="0"/>
<pin id="90" dir="0" index="5" bw="16" slack="0"/>
<pin id="91" dir="0" index="6" bw="16" slack="0"/>
<pin id="92" dir="0" index="7" bw="16" slack="0"/>
<pin id="93" dir="0" index="8" bw="16" slack="0"/>
<pin id="94" dir="0" index="9" bw="16" slack="0"/>
<pin id="95" dir="0" index="10" bw="14" slack="0"/>
<pin id="96" dir="0" index="11" bw="15" slack="0"/>
<pin id="97" dir="0" index="12" bw="15" slack="0"/>
<pin id="98" dir="0" index="13" bw="15" slack="0"/>
<pin id="99" dir="0" index="14" bw="15" slack="0"/>
<pin id="100" dir="0" index="15" bw="15" slack="0"/>
<pin id="101" dir="0" index="16" bw="15" slack="0"/>
<pin id="102" dir="0" index="17" bw="15" slack="0"/>
<pin id="103" dir="1" index="18" bw="0" slack="2147483647"/>
</pin_list>
<bind>
<opcode="call(48) " fcode="call"/>
<opset="call_ln0/1 "/>
</bind>
</comp>

<comp id="122" class="1004" name="grp_dct_2d_Pipeline_Xpose_Row_Outer_Loop_Xpose_Row_Inner_Loop_fu_122">
<pin_list>
<pin id="123" dir="0" index="0" bw="0" slack="0"/>
<pin id="124" dir="0" index="1" bw="16" slack="2147483647"/>
<pin id="125" dir="0" index="2" bw="16" slack="2147483647"/>
<pin id="126" dir="0" index="3" bw="16" slack="2147483647"/>
<pin id="127" dir="0" index="4" bw="16" slack="2147483647"/>
<pin id="128" dir="0" index="5" bw="16" slack="2147483647"/>
<pin id="129" dir="0" index="6" bw="16" slack="2147483647"/>
<pin id="130" dir="0" index="7" bw="16" slack="2147483647"/>
<pin id="131" dir="0" index="8" bw="16" slack="2147483647"/>
<pin id="132" dir="0" index="9" bw="16" slack="2147483647"/>
<pin id="133" dir="1" index="10" bw="0" slack="2147483647"/>
</pin_list>
<bind>
<opcode="call(48) " fcode="call"/>
<opset="call_ln0/3 "/>
</bind>
</comp>

<comp id="135" class="1004" name="grp_dct_2d_Pipeline_Col_DCT_Loop_DCT_Outer_Loop_fu_135">
<pin_list>
<pin id="136" dir="0" index="0" bw="0" slack="0"/>
<pin id="137" dir="0" index="1" bw="16" slack="2147483647"/>
<pin id="138" dir="0" index="2" bw="16" slack="2147483647"/>
<pin id="139" dir="0" index="3" bw="16" slack="2147483647"/>
<pin id="140" dir="0" index="4" bw="16" slack="2147483647"/>
<pin id="141" dir="0" index="5" bw="16" slack="2147483647"/>
<pin id="142" dir="0" index="6" bw="16" slack="2147483647"/>
<pin id="143" dir="0" index="7" bw="16" slack="2147483647"/>
<pin id="144" dir="0" index="8" bw="16" slack="2147483647"/>
<pin id="145" dir="0" index="9" bw="16" slack="2147483647"/>
<pin id="146" dir="0" index="10" bw="14" slack="0"/>
<pin id="147" dir="0" index="11" bw="15" slack="0"/>
<pin id="148" dir="0" index="12" bw="15" slack="0"/>
<pin id="149" dir="0" index="13" bw="15" slack="0"/>
<pin id="150" dir="0" index="14" bw="15" slack="0"/>
<pin id="151" dir="0" index="15" bw="15" slack="0"/>
<pin id="152" dir="0" index="16" bw="15" slack="0"/>
<pin id="153" dir="0" index="17" bw="15" slack="0"/>
<pin id="154" dir="1" index="18" bw="0" slack="2147483647"/>
</pin_list>
<bind>
<opcode="call(48) " fcode="call"/>
<opset="call_ln0/5 "/>
</bind>
</comp>

<comp id="164" class="1004" name="grp_dct_2d_Pipeline_Xpose_Col_Outer_Loop_Xpose_Col_Inner_Loop_fu_164">
<pin_list>
<pin id="165" dir="0" index="0" bw="0" slack="0"/>
<pin id="166" dir="0" index="1" bw="16" slack="0"/>
<pin id="167" dir="0" index="2" bw="16" slack="2147483647"/>
<pin id="168" dir="1" index="3" bw="0" slack="2147483647"/>
</pin_list>
<bind>
<opcode="call(48) " fcode="call"/>
<opset="call_ln0/7 "/>
</bind>
</comp>

</comp_list>

<net_list>
<net id="47"><net_src comp="34" pin="0"/><net_sink comp="44" pin=0"/></net>

<net id="51"><net_src comp="34" pin="0"/><net_sink comp="48" pin=0"/></net>

<net id="55"><net_src comp="34" pin="0"/><net_sink comp="52" pin=0"/></net>

<net id="59"><net_src comp="34" pin="0"/><net_sink comp="56" pin=0"/></net>

<net id="63"><net_src comp="34" pin="0"/><net_sink comp="60" pin=0"/></net>

<net id="67"><net_src comp="34" pin="0"/><net_sink comp="64" pin=0"/></net>

<net id="71"><net_src comp="34" pin="0"/><net_sink comp="68" pin=0"/></net>

<net id="75"><net_src comp="34" pin="0"/><net_sink comp="72" pin=0"/></net>

<net id="79"><net_src comp="34" pin="0"/><net_sink comp="76" pin=0"/></net>

<net id="83"><net_src comp="34" pin="0"/><net_sink comp="80" pin=0"/></net>

<net id="104"><net_src comp="36" pin="0"/><net_sink comp="84" pin=0"/></net>

<net id="105"><net_src comp="0" pin="0"/><net_sink comp="84" pin=1"/></net>

<net id="106"><net_src comp="2" pin="0"/><net_sink comp="84" pin=2"/></net>

<net id="107"><net_src comp="4" pin="0"/><net_sink comp="84" pin=3"/></net>

<net id="108"><net_src comp="6" pin="0"/><net_sink comp="84" pin=4"/></net>

<net id="109"><net_src comp="8" pin="0"/><net_sink comp="84" pin=5"/></net>

<net id="110"><net_src comp="10" pin="0"/><net_sink comp="84" pin=6"/></net>

<net id="111"><net_src comp="12" pin="0"/><net_sink comp="84" pin=7"/></net>

<net id="112"><net_src comp="14" pin="0"/><net_sink comp="84" pin=8"/></net>

<net id="113"><net_src comp="44" pin="1"/><net_sink comp="84" pin=9"/></net>

<net id="114"><net_src comp="18" pin="0"/><net_sink comp="84" pin=10"/></net>

<net id="115"><net_src comp="20" pin="0"/><net_sink comp="84" pin=11"/></net>

<net id="116"><net_src comp="22" pin="0"/><net_sink comp="84" pin=12"/></net>

<net id="117"><net_src comp="24" pin="0"/><net_sink comp="84" pin=13"/></net>

<net id="118"><net_src comp="26" pin="0"/><net_sink comp="84" pin=14"/></net>

<net id="119"><net_src comp="28" pin="0"/><net_sink comp="84" pin=15"/></net>

<net id="120"><net_src comp="30" pin="0"/><net_sink comp="84" pin=16"/></net>

<net id="121"><net_src comp="32" pin="0"/><net_sink comp="84" pin=17"/></net>

<net id="134"><net_src comp="38" pin="0"/><net_sink comp="122" pin=0"/></net>

<net id="155"><net_src comp="40" pin="0"/><net_sink comp="135" pin=0"/></net>

<net id="156"><net_src comp="18" pin="0"/><net_sink comp="135" pin=10"/></net>

<net id="157"><net_src comp="20" pin="0"/><net_sink comp="135" pin=11"/></net>

<net id="158"><net_src comp="22" pin="0"/><net_sink comp="135" pin=12"/></net>

<net id="159"><net_src comp="24" pin="0"/><net_sink comp="135" pin=13"/></net>

<net id="160"><net_src comp="26" pin="0"/><net_sink comp="135" pin=14"/></net>

<net id="161"><net_src comp="28" pin="0"/><net_sink comp="135" pin=15"/></net>

<net id="162"><net_src comp="30" pin="0"/><net_sink comp="135" pin=16"/></net>

<net id="163"><net_src comp="32" pin="0"/><net_sink comp="135" pin=17"/></net>

<net id="169"><net_src comp="42" pin="0"/><net_sink comp="164" pin=0"/></net>

<net id="170"><net_src comp="16" pin="0"/><net_sink comp="164" pin=1"/></net>

</net_list>

</model> 
---------------- Datapath Model END ------------------

* FSMD analyzer results:
  - Output states:
	Port: out_block | {7 8 }
 - Input state : 
	Port: dct_2d : in_block_0 | {1 2 }
	Port: dct_2d : in_block_1 | {1 2 }
	Port: dct_2d : in_block_2 | {1 2 }
	Port: dct_2d : in_block_3 | {1 2 }
	Port: dct_2d : in_block_4 | {1 2 }
	Port: dct_2d : in_block_5 | {1 2 }
	Port: dct_2d : in_block_6 | {1 2 }
	Port: dct_2d : in_block_7 | {1 2 }
	Port: dct_2d : dct_1d_dct_coeff_table_0 | {1 2 5 6 }
	Port: dct_2d : dct_1d_dct_coeff_table_1 | {1 2 5 6 }
	Port: dct_2d : dct_1d_dct_coeff_table_2 | {1 2 5 6 }
	Port: dct_2d : dct_1d_dct_coeff_table_3 | {1 2 5 6 }
	Port: dct_2d : dct_1d_dct_coeff_table_4 | {1 2 5 6 }
	Port: dct_2d : dct_1d_dct_coeff_table_5 | {1 2 5 6 }
	Port: dct_2d : dct_1d_dct_coeff_table_6 | {1 2 5 6 }
	Port: dct_2d : dct_1d_dct_coeff_table_7 | {1 2 5 6 }
  - Chain level:
	State 1
		call_ln0 : 1
	State 2
	State 3
	State 4
	State 5
	State 6
	State 7
	State 8


============================================================
+ Verbose Summary: Datapath Resource usage 
============================================================

* Functional unit list:
|----------|----------------------------------------------------------------------|---------|---------|---------|---------|
| Operation|                            Functional Unit                           |   DSP   |  Delay  |    FF   |   LUT   |
|----------|----------------------------------------------------------------------|---------|---------|---------|---------|
|          |         grp_dct_2d_Pipeline_Row_DCT_Loop_DCT_Outer_Loop_fu_84        |    8    | 41.7652 |   771   |   455   |
|   call   | grp_dct_2d_Pipeline_Xpose_Row_Outer_Loop_Xpose_Row_Inner_Loop_fu_122 |    0    |  1.588  |    29   |    98   |
|          |        grp_dct_2d_Pipeline_Col_DCT_Loop_DCT_Outer_Loop_fu_135        |    8    | 41.7652 |   771   |   455   |
|          | grp_dct_2d_Pipeline_Xpose_Col_Outer_Loop_Xpose_Col_Inner_Loop_fu_164 |    0    |  1.588  |    34   |   112   |
|----------|----------------------------------------------------------------------|---------|---------|---------|---------|
|   Total  |                                                                      |    16   | 86.7064 |   1605  |   1120  |
|----------|----------------------------------------------------------------------|---------|---------|---------|---------|

Memories:
+-----------+--------+--------+--------+--------+
|           |  BRAM  |   FF   |   LUT  |  URAM  |
+-----------+--------+--------+--------+--------+
| col_inbuf |    0   |   16   |    2   |    0   |
|col_inbuf_1|    0   |   16   |    2   |    0   |
|col_inbuf_2|    0   |   16   |    2   |    0   |
|col_inbuf_3|    0   |   16   |    2   |    0   |
|col_inbuf_4|    0   |   16   |    2   |    0   |
|col_inbuf_5|    0   |   16   |    2   |    0   |
|col_inbuf_6|    0   |   16   |    2   |    0   |
|col_inbuf_7|    0   |   16   |    2   |    0   |
| col_outbuf|    1   |    0   |    0   |    0   |
| row_outbuf|    1   |    0   |    0   |    0   |
+-----------+--------+--------+--------+--------+
|   Total   |    2   |   128  |   16   |    0   |
+-----------+--------+--------+--------+--------+

* Register list:
N/A

* Multiplexer (MUX) list: 
|--------|------|------|------|--------|
|  Comp  |  Pin | Size |  BW  | S x BW |
|--------|------|------|------|--------|
|  Total |      |      |      |    0   |
|--------|------|------|------|--------|



* Summary:
+-----------+--------+--------+--------+--------+--------+--------+
|           |  BRAM  |   DSP  |  Delay |   FF   |   LUT  |  URAM  |
+-----------+--------+--------+--------+--------+--------+--------+
|  Function |    -   |   16   |   86   |  1605  |  1120  |    -   |
|   Memory  |    2   |    -   |    -   |   128  |   16   |    0   |
|Multiplexer|    -   |    -   |    -   |    -   |    -   |    -   |
|  Register |    -   |    -   |    -   |    -   |    -   |    -   |
+-----------+--------+--------+--------+--------+--------+--------+
|   Total   |    2   |   16   |   86   |  1733  |  1136  |    0   |
+-----------+--------+--------+--------+--------+--------+--------+
