================================================================
== Design Size Report
================================================================

* Total Instructions per Compilation Phase
+---------------+-----------------------------+--------------+----------------------------------------------------------------------------------------+
| Phase         | Step                        | Instructions | Description                                                                            |
+---------------+-----------------------------+--------------+----------------------------------------------------------------------------------------+
| Compile/Link  |                             |  3,895       | After all functions are compiled and linked into a single design                       |
|               |                             |              |                                                                                        |
| Unroll/Inline |                             |              | After user unroll and inline pragmas are applied                                       |
|               | (1) unroll                  | 11,343       | user unroll pragmas are applied                                                        |
|               | (2) simplification          |  9,640       | simplification of applied user unroll pragmas                                          |
|               | (3) inline                  |  8,879       | user inline pragmas are applied                                                        |
|               | (4) simplification          |  8,879       | simplification of applied user inline pragmas                                          |
|               |                             |              |                                                                                        |
| Array/Struct  |                             |              | After user array partition and struct aggregate/disaggregate pragmas are applied       |
|               | (1) array partition         | 42,981       | user array partition pragmas are applied                                               |
|               | (2) simplification          | 11,309       | simplification of applied user array partition & struct aggregate/disaggregate pragmas |
|               | (3) aggregate/disaggregate  | 11,309       | user struct aggregate/disaggregate pragmas are applied                                 |
|               | (4) array reshape           | 11,309       | apply array reshape pragmas                                                            |
|               | (5) access patterns         | 11,682       | array access pattern optmizations                                                      |
|               |                             |              |                                                                                        |
| Performance   |                             |              | After transformations are applied to meet performance pragma targets                   |
|               | (1) loop simplification     | 11,462       | loop and instruction simplification                                                    |
|               | (2) parallelization         | 11,422       | loops are unrolled or pipelined to meet performance targets                            |
|               | (3) array partition         | 11,418       | arrays are partitioned to meet performance targets                                     |
|               | (4) simplification          | 11,402       | simplification of design after performance transformations                             |
|               |                             |              |                                                                                        |
| HW Transforms |                             |              | After hardware transfomations                                                          |
|               | (1) lowering                | 11,422       | initial conversion to HW specific instructions                                         |
|               | (2) optimizations           | 10,897       | high level synthesis optimizations                                                     |
+---------------+-----------------------------+--------------+----------------------------------------------------------------------------------------+

* Instructions per Function for each Compilation Phase
+------------------------------+-------------------+-----------------+---------------+--------------+-------------+---------------+
| Function                     | Location          | Compile/Link    | Unroll/Inline | Array/Struct | Performance | HW Transforms |
+------------------------------+-------------------+-----------------+---------------+--------------+-------------+---------------+
| + ucb0_bench_top             | bench_top.cpp:250 | 3,895           | 8,879         | 11,682       | 11,402      | 10,897        |
|  + UpConv_Fused_Row_Bench<8> | bench_top.cpp:55  | 3,800 (4 calls) |               |              |             |               |
|     bits_to_half<__fp16>     | bench_top.cpp:29  |  360 (20 calls) |               |              |             |               |
|   + my_sqrt_f                | bench_top.cpp:43  |   16 (4 calls)  |               |              |             |               |
|      sqrtf                   | sqrtfloat.cpp:11  |    8 (4 calls)  |               |              |             |               |
|     half_to_bits<__fp16>     | bench_top.cpp:13  |  104 (4 calls)  |               |              |             |               |
+------------------------------+-------------------+-----------------+---------------+--------------+-------------+---------------+

* Design Size Message Settings
+---------------------------------------------+--------+------------------------------------------------------------------+
| Message Setting                             | Value  | Description                                                      |
+---------------------------------------------+--------+------------------------------------------------------------------+
| config_compile -design_size_maximum_warning | 100000 | Show a warning when total design instructions exceeds this value |
+---------------------------------------------+--------+------------------------------------------------------------------+


