

================================================================
== Vitis HLS Report for 'ucb0_bench_top_Pipeline_RESET_ROW_ACC8'
================================================================
* Date:           Tue Jun  2 09:53:43 2026

* Version:        2024.2 (Build 5238294 on Nov  8 2024)
* Project:        prj
* Solution:       solution1 (Vitis Kernel Flow Target)
* Product family: zynquplus
* Target device:  xczu7ev-ffvc1156-2-e


================================================================
== Performance Estimates
================================================================
+ Timing: 
    * Summary: 
    +--------+---------+----------+------------+
    |  Clock |  Target | Estimated| Uncertainty|
    +--------+---------+----------+------------+
    |ap_clk  |  3.33 ns|  2.061 ns|     0.90 ns|
    +--------+---------+----------+------------+

+ Latency: 
    * Summary: 
    +---------+---------+----------+----------+-----+-----+------------------------------------------------+
    |  Latency (cycles) |  Latency (absolute) |  Interval |                    Pipeline                    |
    |   min   |   max   |    min   |    max   | min | max |                      Type                      |
    +---------+---------+----------+----------+-----+-----+------------------------------------------------+
    |      962|      962|  3.206 us|  3.206 us|  961|  961|  loop auto-rewind stp (delay=0 clock cycles(s))|
    +---------+---------+----------+----------+-----+-----+------------------------------------------------+

    + Detail: 
        * Instance: 
        N/A

        * Loop: 
        +-----------------+---------+---------+----------+-----------+-----------+------+----------+
        |                 |  Latency (cycles) | Iteration|  Initiation Interval  | Trip |          |
        |    Loop Name    |   min   |   max   |  Latency |  achieved |   target  | Count| Pipelined|
        +-----------------+---------+---------+----------+-----------+-----------+------+----------+
        |- RESET_ROW_ACC  |      960|      960|         2|          1|          1|   960|       yes|
        +-----------------+---------+---------+----------+-----------+-----------+------+----------+



================================================================
== Utilization Estimates
================================================================
* Summary: 
+-----------------+---------+------+--------+--------+-----+
|       Name      | BRAM_18K|  DSP |   FF   |   LUT  | URAM|
+-----------------+---------+------+--------+--------+-----+
|DSP              |        -|     -|       -|       -|    -|
|Expression       |        -|     -|       0|     251|    -|
|FIFO             |        -|     -|       -|       -|    -|
|Instance         |        -|     -|       -|       -|    -|
|Memory           |        -|     -|       -|       -|    -|
|Multiplexer      |        -|     -|       0|      54|    -|
|Register         |        -|     -|      77|       -|    -|
+-----------------+---------+------+--------+--------+-----+
|Total            |        0|     0|      77|     305|    0|
+-----------------+---------+------+--------+--------+-----+
|Available        |      624|  1728|  460800|  230400|   96|
+-----------------+---------+------+--------+--------+-----+
|Utilization (%)  |        0|     0|      ~0|      ~0|    0|
+-----------------+---------+------+--------+--------+-----+

+ Detail: 
    * Instance: 
    N/A

    * DSP: 
    N/A

    * Memory: 
    N/A

    * FIFO: 
    N/A

    * Expression: 
    +---------------------+----------+----+---+----+------------+------------+
    |    Variable Name    | Operation| DSP| FF| LUT| Bitwidth P0| Bitwidth P1|
    +---------------------+----------+----+---+----+------------+------------+
    |add_ln92_fu_387_p2   |         +|   0|  0|  17|          13|          13|
    |m_2_fu_336_p2        |         +|   0|  0|  17|          10|           1|
    |rcw_1_fu_425_p2      |         +|   0|  0|  39|          32|           1|
    |rw_1_fu_419_p2       |         +|   0|  0|  39|          32|           1|
    |sub_ln92_fu_381_p2   |         -|   0|  0|  17|          13|          13|
    |icmp_ln87_fu_330_p2  |      icmp|   0|  0|  17|          10|           8|
    |icmp_ln94_fu_413_p2  |      icmp|   0|  0|  39|          32|           5|
    |rcw_2_fu_431_p3      |    select|   0|  0|  32|           1|           1|
    |rw_2_fu_439_p3       |    select|   0|  0|  32|           1|          32|
    |ap_enable_pp0        |       xor|   0|  0|   2|           1|           2|
    +---------------------+----------+----+---+----+------------+------------+
    |Total                |          |   0|  0| 251|         145|          77|
    +---------------------+----------+----+---+----+------------+------------+

    * Multiplexer: 
    +-------------------------+----+-----------+-----+-----------+
    |           Name          | LUT| Input Size| Bits| Total Bits|
    +-------------------------+----+-----------+-----+-----------+
    |ap_done_int              |   9|          2|    1|          2|
    |ap_enable_reg_pp0_iter1  |   9|          2|    1|          2|
    |ap_sig_allocacmp_m_1     |   9|          2|   10|         20|
    |m_fu_76                  |   9|          2|   10|         20|
    |rcw_fu_80                |   9|          2|   32|         64|
    |rw_fu_84                 |   9|          2|   32|         64|
    +-------------------------+----+-----------+-----+-----------+
    |Total                    |  54|         12|   86|        172|
    +-------------------------+----+-----------+-----+-----------+

    * Register: 
    +-------------------------+----+----+-----+-----------+
    |           Name          | FF | LUT| Bits| Const Bits|
    +-------------------------+----+----+-----+-----------+
    |ap_CS_fsm                |   1|   0|    1|          0|
    |ap_done_reg              |   1|   0|    1|          0|
    |ap_enable_reg_pp0_iter1  |   1|   0|    1|          0|
    |m_fu_76                  |  10|   0|   10|          0|
    |rcw_fu_80                |  32|   0|   32|          0|
    |rw_fu_84                 |  32|   0|   32|          0|
    +-------------------------+----+----+-----+-----------+
    |Total                    |  77|   0|   77|          0|
    +-------------------------+----+----+-----+-----------+



================================================================
== Interface
================================================================
* Summary: 
+----------------------------------------------------------------------------------------------+-----+-----+------------+-------------------------------------------------------------------------------------+--------------+
|                                           RTL Ports                                          | Dir | Bits|  Protocol  |                                    Source Object                                    |    C Type    |
+----------------------------------------------------------------------------------------------+-----+-----+------------+-------------------------------------------------------------------------------------+--------------+
|ap_clk                                                                                        |   in|    1|  ap_ctrl_hs|                                               ucb0_bench_top_Pipeline_RESET_ROW_ACC8|  return value|
|ap_rst                                                                                        |   in|    1|  ap_ctrl_hs|                                               ucb0_bench_top_Pipeline_RESET_ROW_ACC8|  return value|
|ap_start                                                                                      |   in|    1|  ap_ctrl_hs|                                               ucb0_bench_top_Pipeline_RESET_ROW_ACC8|  return value|
|ap_done                                                                                       |  out|    1|  ap_ctrl_hs|                                               ucb0_bench_top_Pipeline_RESET_ROW_ACC8|  return value|
|ap_idle                                                                                       |  out|    1|  ap_ctrl_hs|                                               ucb0_bench_top_Pipeline_RESET_ROW_ACC8|  return value|
|ap_ready                                                                                      |  out|    1|  ap_ctrl_hs|                                               ucb0_bench_top_Pipeline_RESET_ROW_ACC8|  return value|
|void_UpConv_Fused_Row_Bench_ap_uint_ap_uint_const_ap_uint_const_ap_uint_const_9_address0      |  out|   13|   ap_memory|      void_UpConv_Fused_Row_Bench_ap_uint_ap_uint_const_ap_uint_const_ap_uint_const_9|         array|
|void_UpConv_Fused_Row_Bench_ap_uint_ap_uint_const_ap_uint_const_ap_uint_const_9_ce0           |  out|    1|   ap_memory|      void_UpConv_Fused_Row_Bench_ap_uint_ap_uint_const_ap_uint_const_ap_uint_const_9|         array|
|void_UpConv_Fused_Row_Bench_ap_uint_ap_uint_const_ap_uint_const_ap_uint_const_9_we0           |  out|    1|   ap_memory|      void_UpConv_Fused_Row_Bench_ap_uint_ap_uint_const_ap_uint_const_ap_uint_const_9|         array|
|void_UpConv_Fused_Row_Bench_ap_uint_ap_uint_const_ap_uint_const_ap_uint_const_9_d0            |  out|   16|   ap_memory|      void_UpConv_Fused_Row_Bench_ap_uint_ap_uint_const_ap_uint_const_ap_uint_const_9|         array|
|void_UpConv_Fused_Row_Bench_ap_uint_ap_uint_const_ap_uint_const_ap_uint_const_8_address0      |  out|   13|   ap_memory|      void_UpConv_Fused_Row_Bench_ap_uint_ap_uint_const_ap_uint_const_ap_uint_const_8|         array|
|void_UpConv_Fused_Row_Bench_ap_uint_ap_uint_const_ap_uint_const_ap_uint_const_8_ce0           |  out|    1|   ap_memory|      void_UpConv_Fused_Row_Bench_ap_uint_ap_uint_const_ap_uint_const_ap_uint_const_8|         array|
|void_UpConv_Fused_Row_Bench_ap_uint_ap_uint_const_ap_uint_const_ap_uint_const_8_we0           |  out|    1|   ap_memory|      void_UpConv_Fused_Row_Bench_ap_uint_ap_uint_const_ap_uint_const_ap_uint_const_8|         array|
|void_UpConv_Fused_Row_Bench_ap_uint_ap_uint_const_ap_uint_const_ap_uint_const_8_d0            |  out|   16|   ap_memory|      void_UpConv_Fused_Row_Bench_ap_uint_ap_uint_const_ap_uint_const_ap_uint_const_8|         array|
|void_UpConv_Fused_Row_Bench_ap_uint_ap_uint_const_ap_uint_const_ap_uint_const_7_address0      |  out|   13|   ap_memory|      void_UpConv_Fused_Row_Bench_ap_uint_ap_uint_const_ap_uint_const_ap_uint_const_7|         array|
|void_UpConv_Fused_Row_Bench_ap_uint_ap_uint_const_ap_uint_const_ap_uint_const_7_ce0           |  out|    1|   ap_memory|      void_UpConv_Fused_Row_Bench_ap_uint_ap_uint_const_ap_uint_const_ap_uint_const_7|         array|
|void_UpConv_Fused_Row_Bench_ap_uint_ap_uint_const_ap_uint_const_ap_uint_const_7_we0           |  out|    1|   ap_memory|      void_UpConv_Fused_Row_Bench_ap_uint_ap_uint_const_ap_uint_const_ap_uint_const_7|         array|
|void_UpConv_Fused_Row_Bench_ap_uint_ap_uint_const_ap_uint_const_ap_uint_const_7_d0            |  out|   16|   ap_memory|      void_UpConv_Fused_Row_Bench_ap_uint_ap_uint_const_ap_uint_const_ap_uint_const_7|         array|
|void_UpConv_Fused_Row_Bench_ap_uint_ap_uint_const_ap_uint_const_ap_uint_const_6_address0      |  out|   13|   ap_memory|      void_UpConv_Fused_Row_Bench_ap_uint_ap_uint_const_ap_uint_const_ap_uint_const_6|         array|
|void_UpConv_Fused_Row_Bench_ap_uint_ap_uint_const_ap_uint_const_ap_uint_const_6_ce0           |  out|    1|   ap_memory|      void_UpConv_Fused_Row_Bench_ap_uint_ap_uint_const_ap_uint_const_ap_uint_const_6|         array|
|void_UpConv_Fused_Row_Bench_ap_uint_ap_uint_const_ap_uint_const_ap_uint_const_6_we0           |  out|    1|   ap_memory|      void_UpConv_Fused_Row_Bench_ap_uint_ap_uint_const_ap_uint_const_ap_uint_const_6|         array|
|void_UpConv_Fused_Row_Bench_ap_uint_ap_uint_const_ap_uint_const_ap_uint_const_6_d0            |  out|   16|   ap_memory|      void_UpConv_Fused_Row_Bench_ap_uint_ap_uint_const_ap_uint_const_ap_uint_const_6|         array|
|void_UpConv_Fused_Row_Bench_ap_uint_ap_uint_const_ap_uint_const_ap_uint_const_5_address0      |  out|   13|   ap_memory|      void_UpConv_Fused_Row_Bench_ap_uint_ap_uint_const_ap_uint_const_ap_uint_const_5|         array|
|void_UpConv_Fused_Row_Bench_ap_uint_ap_uint_const_ap_uint_const_ap_uint_const_5_ce0           |  out|    1|   ap_memory|      void_UpConv_Fused_Row_Bench_ap_uint_ap_uint_const_ap_uint_const_ap_uint_const_5|         array|
|void_UpConv_Fused_Row_Bench_ap_uint_ap_uint_const_ap_uint_const_ap_uint_const_5_we0           |  out|    1|   ap_memory|      void_UpConv_Fused_Row_Bench_ap_uint_ap_uint_const_ap_uint_const_ap_uint_const_5|         array|
|void_UpConv_Fused_Row_Bench_ap_uint_ap_uint_const_ap_uint_const_ap_uint_const_5_d0            |  out|   16|   ap_memory|      void_UpConv_Fused_Row_Bench_ap_uint_ap_uint_const_ap_uint_const_ap_uint_const_5|         array|
|void_UpConv_Fused_Row_Bench_ap_uint_ap_uint_const_ap_uint_const_ap_uint_const_4_address0      |  out|   13|   ap_memory|      void_UpConv_Fused_Row_Bench_ap_uint_ap_uint_const_ap_uint_const_ap_uint_const_4|         array|
|void_UpConv_Fused_Row_Bench_ap_uint_ap_uint_const_ap_uint_const_ap_uint_const_4_ce0           |  out|    1|   ap_memory|      void_UpConv_Fused_Row_Bench_ap_uint_ap_uint_const_ap_uint_const_ap_uint_const_4|         array|
|void_UpConv_Fused_Row_Bench_ap_uint_ap_uint_const_ap_uint_const_ap_uint_const_4_we0           |  out|    1|   ap_memory|      void_UpConv_Fused_Row_Bench_ap_uint_ap_uint_const_ap_uint_const_ap_uint_const_4|         array|
|void_UpConv_Fused_Row_Bench_ap_uint_ap_uint_const_ap_uint_const_ap_uint_const_4_d0            |  out|   16|   ap_memory|      void_UpConv_Fused_Row_Bench_ap_uint_ap_uint_const_ap_uint_const_ap_uint_const_4|         array|
|void_UpConv_Fused_Row_Bench_ap_uint_ap_uint_const_ap_uint_const_ap_uint_const_3_address0      |  out|   13|   ap_memory|      void_UpConv_Fused_Row_Bench_ap_uint_ap_uint_const_ap_uint_const_ap_uint_const_3|         array|
|void_UpConv_Fused_Row_Bench_ap_uint_ap_uint_const_ap_uint_const_ap_uint_const_3_ce0           |  out|    1|   ap_memory|      void_UpConv_Fused_Row_Bench_ap_uint_ap_uint_const_ap_uint_const_ap_uint_const_3|         array|
|void_UpConv_Fused_Row_Bench_ap_uint_ap_uint_const_ap_uint_const_ap_uint_const_3_we0           |  out|    1|   ap_memory|      void_UpConv_Fused_Row_Bench_ap_uint_ap_uint_const_ap_uint_const_ap_uint_const_3|         array|
|void_UpConv_Fused_Row_Bench_ap_uint_ap_uint_const_ap_uint_const_ap_uint_const_3_d0            |  out|   16|   ap_memory|      void_UpConv_Fused_Row_Bench_ap_uint_ap_uint_const_ap_uint_const_ap_uint_const_3|         array|
|void_UpConv_Fused_Row_Bench_ap_uint_ap_uint_const_ap_uint_const_ap_uint_const_2_address0      |  out|   13|   ap_memory|      void_UpConv_Fused_Row_Bench_ap_uint_ap_uint_const_ap_uint_const_ap_uint_const_2|         array|
|void_UpConv_Fused_Row_Bench_ap_uint_ap_uint_const_ap_uint_const_ap_uint_const_2_ce0           |  out|    1|   ap_memory|      void_UpConv_Fused_Row_Bench_ap_uint_ap_uint_const_ap_uint_const_ap_uint_const_2|         array|
|void_UpConv_Fused_Row_Bench_ap_uint_ap_uint_const_ap_uint_const_ap_uint_const_2_we0           |  out|    1|   ap_memory|      void_UpConv_Fused_Row_Bench_ap_uint_ap_uint_const_ap_uint_const_ap_uint_const_2|         array|
|void_UpConv_Fused_Row_Bench_ap_uint_ap_uint_const_ap_uint_const_ap_uint_const_2_d0            |  out|   16|   ap_memory|      void_UpConv_Fused_Row_Bench_ap_uint_ap_uint_const_ap_uint_const_ap_uint_const_2|         array|
|void_UpConv_Fused_Row_Bench_ap_uint_ap_uint_const_ap_uint_const_ap_uint_const_1_address0      |  out|   13|   ap_memory|      void_UpConv_Fused_Row_Bench_ap_uint_ap_uint_const_ap_uint_const_ap_uint_const_1|         array|
|void_UpConv_Fused_Row_Bench_ap_uint_ap_uint_const_ap_uint_const_ap_uint_const_1_ce0           |  out|    1|   ap_memory|      void_UpConv_Fused_Row_Bench_ap_uint_ap_uint_const_ap_uint_const_ap_uint_const_1|         array|
|void_UpConv_Fused_Row_Bench_ap_uint_ap_uint_const_ap_uint_const_ap_uint_const_1_we0           |  out|    1|   ap_memory|      void_UpConv_Fused_Row_Bench_ap_uint_ap_uint_const_ap_uint_const_ap_uint_const_1|         array|
|void_UpConv_Fused_Row_Bench_ap_uint_ap_uint_const_ap_uint_const_ap_uint_const_1_d0            |  out|   16|   ap_memory|      void_UpConv_Fused_Row_Bench_ap_uint_ap_uint_const_ap_uint_const_ap_uint_const_1|         array|
|void_UpConv_Fused_Row_Bench_ap_uint_ap_uint_const_ap_uint_const_ap_uint_const_address0        |  out|   13|   ap_memory|        void_UpConv_Fused_Row_Bench_ap_uint_ap_uint_const_ap_uint_const_ap_uint_const|         array|
|void_UpConv_Fused_Row_Bench_ap_uint_ap_uint_const_ap_uint_const_ap_uint_const_ce0             |  out|    1|   ap_memory|        void_UpConv_Fused_Row_Bench_ap_uint_ap_uint_const_ap_uint_const_ap_uint_const|         array|
|void_UpConv_Fused_Row_Bench_ap_uint_ap_uint_const_ap_uint_const_ap_uint_const_we0             |  out|    1|   ap_memory|        void_UpConv_Fused_Row_Bench_ap_uint_ap_uint_const_ap_uint_const_ap_uint_const|         array|
|void_UpConv_Fused_Row_Bench_ap_uint_ap_uint_const_ap_uint_const_ap_uint_const_d0              |  out|   16|   ap_memory|        void_UpConv_Fused_Row_Bench_ap_uint_ap_uint_const_ap_uint_const_ap_uint_const|         array|
|p_ZZ22UpConv_Fused_Row_BenchILi8EEvP7ap_uintILi256EEPKS1_S4_S4_S4_S2_DhiiiiiE7row_5_address0  |  out|   13|   ap_memory|  p_ZZ22UpConv_Fused_Row_BenchILi8EEvP7ap_uintILi256EEPKS1_S4_S4_S4_S2_DhiiiiiE7row_5|         array|
|p_ZZ22UpConv_Fused_Row_BenchILi8EEvP7ap_uintILi256EEPKS1_S4_S4_S4_S2_DhiiiiiE7row_5_ce0       |  out|    1|   ap_memory|  p_ZZ22UpConv_Fused_Row_BenchILi8EEvP7ap_uintILi256EEPKS1_S4_S4_S4_S2_DhiiiiiE7row_5|         array|
|p_ZZ22UpConv_Fused_Row_BenchILi8EEvP7ap_uintILi256EEPKS1_S4_S4_S4_S2_DhiiiiiE7row_5_we0       |  out|    1|   ap_memory|  p_ZZ22UpConv_Fused_Row_BenchILi8EEvP7ap_uintILi256EEPKS1_S4_S4_S4_S2_DhiiiiiE7row_5|         array|
|p_ZZ22UpConv_Fused_Row_BenchILi8EEvP7ap_uintILi256EEPKS1_S4_S4_S4_S2_DhiiiiiE7row_5_d0        |  out|   16|   ap_memory|  p_ZZ22UpConv_Fused_Row_BenchILi8EEvP7ap_uintILi256EEPKS1_S4_S4_S4_S2_DhiiiiiE7row_5|         array|
|p_ZZ22UpConv_Fused_Row_BenchILi8EEvP7ap_uintILi256EEPKS1_S4_S4_S4_S2_DhiiiiiE7row_4_address0  |  out|   13|   ap_memory|  p_ZZ22UpConv_Fused_Row_BenchILi8EEvP7ap_uintILi256EEPKS1_S4_S4_S4_S2_DhiiiiiE7row_4|         array|
|p_ZZ22UpConv_Fused_Row_BenchILi8EEvP7ap_uintILi256EEPKS1_S4_S4_S4_S2_DhiiiiiE7row_4_ce0       |  out|    1|   ap_memory|  p_ZZ22UpConv_Fused_Row_BenchILi8EEvP7ap_uintILi256EEPKS1_S4_S4_S4_S2_DhiiiiiE7row_4|         array|
|p_ZZ22UpConv_Fused_Row_BenchILi8EEvP7ap_uintILi256EEPKS1_S4_S4_S4_S2_DhiiiiiE7row_4_we0       |  out|    1|   ap_memory|  p_ZZ22UpConv_Fused_Row_BenchILi8EEvP7ap_uintILi256EEPKS1_S4_S4_S4_S2_DhiiiiiE7row_4|         array|
|p_ZZ22UpConv_Fused_Row_BenchILi8EEvP7ap_uintILi256EEPKS1_S4_S4_S4_S2_DhiiiiiE7row_4_d0        |  out|   16|   ap_memory|  p_ZZ22UpConv_Fused_Row_BenchILi8EEvP7ap_uintILi256EEPKS1_S4_S4_S4_S2_DhiiiiiE7row_4|         array|
|p_ZZ22UpConv_Fused_Row_BenchILi8EEvP7ap_uintILi256EEPKS1_S4_S4_S4_S2_DhiiiiiE7row_3_address0  |  out|   13|   ap_memory|  p_ZZ22UpConv_Fused_Row_BenchILi8EEvP7ap_uintILi256EEPKS1_S4_S4_S4_S2_DhiiiiiE7row_3|         array|
|p_ZZ22UpConv_Fused_Row_BenchILi8EEvP7ap_uintILi256EEPKS1_S4_S4_S4_S2_DhiiiiiE7row_3_ce0       |  out|    1|   ap_memory|  p_ZZ22UpConv_Fused_Row_BenchILi8EEvP7ap_uintILi256EEPKS1_S4_S4_S4_S2_DhiiiiiE7row_3|         array|
|p_ZZ22UpConv_Fused_Row_BenchILi8EEvP7ap_uintILi256EEPKS1_S4_S4_S4_S2_DhiiiiiE7row_3_we0       |  out|    1|   ap_memory|  p_ZZ22UpConv_Fused_Row_BenchILi8EEvP7ap_uintILi256EEPKS1_S4_S4_S4_S2_DhiiiiiE7row_3|         array|
|p_ZZ22UpConv_Fused_Row_BenchILi8EEvP7ap_uintILi256EEPKS1_S4_S4_S4_S2_DhiiiiiE7row_3_d0        |  out|   16|   ap_memory|  p_ZZ22UpConv_Fused_Row_BenchILi8EEvP7ap_uintILi256EEPKS1_S4_S4_S4_S2_DhiiiiiE7row_3|         array|
|p_ZZ22UpConv_Fused_Row_BenchILi8EEvP7ap_uintILi256EEPKS1_S4_S4_S4_S2_DhiiiiiE7row_2_address0  |  out|   13|   ap_memory|  p_ZZ22UpConv_Fused_Row_BenchILi8EEvP7ap_uintILi256EEPKS1_S4_S4_S4_S2_DhiiiiiE7row_2|         array|
|p_ZZ22UpConv_Fused_Row_BenchILi8EEvP7ap_uintILi256EEPKS1_S4_S4_S4_S2_DhiiiiiE7row_2_ce0       |  out|    1|   ap_memory|  p_ZZ22UpConv_Fused_Row_BenchILi8EEvP7ap_uintILi256EEPKS1_S4_S4_S4_S2_DhiiiiiE7row_2|         array|
|p_ZZ22UpConv_Fused_Row_BenchILi8EEvP7ap_uintILi256EEPKS1_S4_S4_S4_S2_DhiiiiiE7row_2_we0       |  out|    1|   ap_memory|  p_ZZ22UpConv_Fused_Row_BenchILi8EEvP7ap_uintILi256EEPKS1_S4_S4_S4_S2_DhiiiiiE7row_2|         array|
|p_ZZ22UpConv_Fused_Row_BenchILi8EEvP7ap_uintILi256EEPKS1_S4_S4_S4_S2_DhiiiiiE7row_2_d0        |  out|   16|   ap_memory|  p_ZZ22UpConv_Fused_Row_BenchILi8EEvP7ap_uintILi256EEPKS1_S4_S4_S4_S2_DhiiiiiE7row_2|         array|
|p_ZZ22UpConv_Fused_Row_BenchILi8EEvP7ap_uintILi256EEPKS1_S4_S4_S4_S2_DhiiiiiE7row_1_address0  |  out|   13|   ap_memory|  p_ZZ22UpConv_Fused_Row_BenchILi8EEvP7ap_uintILi256EEPKS1_S4_S4_S4_S2_DhiiiiiE7row_1|         array|
|p_ZZ22UpConv_Fused_Row_BenchILi8EEvP7ap_uintILi256EEPKS1_S4_S4_S4_S2_DhiiiiiE7row_1_ce0       |  out|    1|   ap_memory|  p_ZZ22UpConv_Fused_Row_BenchILi8EEvP7ap_uintILi256EEPKS1_S4_S4_S4_S2_DhiiiiiE7row_1|         array|
|p_ZZ22UpConv_Fused_Row_BenchILi8EEvP7ap_uintILi256EEPKS1_S4_S4_S4_S2_DhiiiiiE7row_1_we0       |  out|    1|   ap_memory|  p_ZZ22UpConv_Fused_Row_BenchILi8EEvP7ap_uintILi256EEPKS1_S4_S4_S4_S2_DhiiiiiE7row_1|         array|
|p_ZZ22UpConv_Fused_Row_BenchILi8EEvP7ap_uintILi256EEPKS1_S4_S4_S4_S2_DhiiiiiE7row_1_d0        |  out|   16|   ap_memory|  p_ZZ22UpConv_Fused_Row_BenchILi8EEvP7ap_uintILi256EEPKS1_S4_S4_S4_S2_DhiiiiiE7row_1|         array|
|p_ZZ22UpConv_Fused_Row_BenchILi8EEvP7ap_uintILi256EEPKS1_S4_S4_S4_S2_DhiiiiiE7row_address0    |  out|   13|   ap_memory|    p_ZZ22UpConv_Fused_Row_BenchILi8EEvP7ap_uintILi256EEPKS1_S4_S4_S4_S2_DhiiiiiE7row|         array|
|p_ZZ22UpConv_Fused_Row_BenchILi8EEvP7ap_uintILi256EEPKS1_S4_S4_S4_S2_DhiiiiiE7row_ce0         |  out|    1|   ap_memory|    p_ZZ22UpConv_Fused_Row_BenchILi8EEvP7ap_uintILi256EEPKS1_S4_S4_S4_S2_DhiiiiiE7row|         array|
|p_ZZ22UpConv_Fused_Row_BenchILi8EEvP7ap_uintILi256EEPKS1_S4_S4_S4_S2_DhiiiiiE7row_we0         |  out|    1|   ap_memory|    p_ZZ22UpConv_Fused_Row_BenchILi8EEvP7ap_uintILi256EEPKS1_S4_S4_S4_S2_DhiiiiiE7row|         array|
|p_ZZ22UpConv_Fused_Row_BenchILi8EEvP7ap_uintILi256EEPKS1_S4_S4_S4_S2_DhiiiiiE7row_d0          |  out|   16|   ap_memory|    p_ZZ22UpConv_Fused_Row_BenchILi8EEvP7ap_uintILi256EEPKS1_S4_S4_S4_S2_DhiiiiiE7row|         array|
+----------------------------------------------------------------------------------------------+-----+-----+------------+-------------------------------------------------------------------------------------+--------------+

