  **** HLS Build v2024.2 5238294
INFO: [HLS 200-2005] Using work_dir /home/rimurutempest/Code/LSI_Design_Contest/HLS_DesignFlow/Lab3/hls_component_lab3_3/dct 
INFO: [HLS 200-1505] Using default flow_target 'vivado'
Resolution: For help on HLS 200-1505 see docs.xilinx.com/access/sources/dita/topic?Doc_Version=2024.2%20English&url=ug1448-hls-guidance&resourceid=200-1505.html
WARNING: [HLS 200-1921] Skipping unknown ini [hls] entry 'csim.file=/path/to/in.dat' from /home/rimurutempest/Code/LSI_Design_Contest/HLS_DesignFlow/Lab3/hls_component_dct/hls_config.cfg(14)
WARNING: [HLS 200-1921] Skipping unknown ini [hls] entry 'csim.file=/path/to/out.golden.dat' from /home/rimurutempest/Code/LSI_Design_Contest/HLS_DesignFlow/Lab3/hls_component_dct/hls_config.cfg(15)
INFO: [HLS 200-1465] Applying ini 'syn.file=/home/rimurutempest/Code/LSI_Design_Contest/HLS_DesignFlow/Lab3/source/dct.c' from /home/rimurutempest/Code/LSI_Design_Contest/HLS_DesignFlow/Lab3/hls_component_dct/hls_config.cfg(8)
INFO: [HLS 200-10] Adding design file '/home/rimurutempest/Code/LSI_Design_Contest/HLS_DesignFlow/Lab3/source/dct.c' to the project
INFO: [HLS 200-1465] Applying ini 'syn.file=/home/rimurutempest/Code/LSI_Design_Contest/HLS_DesignFlow/Lab3/source/dct.h' from /home/rimurutempest/Code/LSI_Design_Contest/HLS_DesignFlow/Lab3/hls_component_dct/hls_config.cfg(9)
INFO: [HLS 200-10] Adding design file '/home/rimurutempest/Code/LSI_Design_Contest/HLS_DesignFlow/Lab3/source/dct.h' to the project
INFO: [HLS 200-1465] Applying ini 'tb.file=/home/rimurutempest/Code/LSI_Design_Contest/HLS_DesignFlow/Lab3/source/dct_test.c' from /home/rimurutempest/Code/LSI_Design_Contest/HLS_DesignFlow/Lab3/hls_component_dct/hls_config.cfg(10)
INFO: [HLS 200-10] Adding test bench file '/home/rimurutempest/Code/LSI_Design_Contest/HLS_DesignFlow/Lab3/source/dct_test.c' to the project
INFO: [HLS 200-1465] Applying ini 'syn.top=dct' from /home/rimurutempest/Code/LSI_Design_Contest/HLS_DesignFlow/Lab3/hls_component_dct/hls_config.cfg(7)
INFO: [HLS 200-1465] Applying ini 'flow_target=vivado' from /home/rimurutempest/Code/LSI_Design_Contest/HLS_DesignFlow/Lab3/hls_component_dct/hls_config.cfg(4)
INFO: [HLS 200-1505] Using flow_target 'vivado'
Resolution: For help on HLS 200-1505 see docs.xilinx.com/access/sources/dita/topic?Doc_Version=2024.2%20English&url=ug1448-hls-guidance&resourceid=200-1505.html
INFO: [HLS 200-1465] Applying ini 'part=xc7z020clg400-1' from /home/rimurutempest/Code/LSI_Design_Contest/HLS_DesignFlow/Lab3/hls_component_dct/hls_config.cfg(1)
INFO: [HLS 200-1611] Setting target device to 'xc7z020-clg400-1'
INFO: [HLS 200-1465] Applying ini 'clock=10ns' from /home/rimurutempest/Code/LSI_Design_Contest/HLS_DesignFlow/Lab3/hls_component_dct/hls_config.cfg(11)
INFO: [SYN 201-201] Setting up clock 'default' with a period of 10ns.
INFO: [HLS 200-1465] Applying ini 'package.output.format=ip_catalog' from /home/rimurutempest/Code/LSI_Design_Contest/HLS_DesignFlow/Lab3/hls_component_dct/hls_config.cfg(5)
INFO: [HLS 200-1465] Applying ini 'syn.directive.pipeline=dct_1d/DCT_Inner_Loop' from /home/rimurutempest/Code/LSI_Design_Contest/HLS_DesignFlow/Lab3/hls_component_dct/hls_config.cfg(18)
INFO: [HLS 200-1465] Applying ini 'syn.directive.pipeline=dct_2d/Xpose_Row_Inner_Loop' from /home/rimurutempest/Code/LSI_Design_Contest/HLS_DesignFlow/Lab3/hls_component_dct/hls_config.cfg(19)
INFO: [HLS 200-1465] Applying ini 'syn.directive.pipeline=dct_2d/Xpose_Col_Inner_Loop' from /home/rimurutempest/Code/LSI_Design_Contest/HLS_DesignFlow/Lab3/hls_component_dct/hls_config.cfg(20)
INFO: [HLS 200-1465] Applying ini 'syn.directive.pipeline=read_data/RD_Loop_Col' from /home/rimurutempest/Code/LSI_Design_Contest/HLS_DesignFlow/Lab3/hls_component_dct/hls_config.cfg(21)
INFO: [HLS 200-1465] Applying ini 'syn.directive.pipeline=write_data/WR_Loop_Col' from /home/rimurutempest/Code/LSI_Design_Contest/HLS_DesignFlow/Lab3/hls_component_dct/hls_config.cfg(22)
INFO: [HLS 200-1465] Applying ini 'syn.directive.pipeline=dct' from /home/rimurutempest/Code/LSI_Design_Contest/HLS_DesignFlow/Lab3/hls_component_dct/hls_config.cfg(23)
INFO: [HLS 200-111] Finished File checks and directory preparation: CPU user time: 2.49 seconds. CPU system time: 0.29 seconds. Elapsed time: 2.58 seconds; current allocated memory: 233.621 MB.
INFO: [HLS 200-10] Analyzing design file '../source/dct.c' ... 
INFO: [HLS 200-111] Finished Source Code Analysis and Preprocessing: CPU user time: 0.17 seconds. CPU system time: 0.3 seconds. Elapsed time: 0.48 seconds; current allocated memory: 235.418 MB.
INFO: [HLS 200-777] Using interface defaults for 'Vivado' flow target.
INFO: [HLS 200-1995] There were 242 instructions in the design after the 'Compile/Link' phase of compilation. See the Design Size Report for more details: /home/rimurutempest/Code/LSI_Design_Contest/HLS_DesignFlow/Lab3/hls_component_lab3_3/dct/hls/syn/report/csynth_design_size.rpt
INFO: [HLS 200-1995] There were 6,794 instructions in the design after the 'Unroll/Inline (step 1)' phase of compilation. See the Design Size Report for more details: /home/rimurutempest/Code/LSI_Design_Contest/HLS_DesignFlow/Lab3/hls_component_lab3_3/dct/hls/syn/report/csynth_design_size.rpt
INFO: [HLS 200-1995] There were 3,924 instructions in the design after the 'Unroll/Inline (step 2)' phase of compilation. See the Design Size Report for more details: /home/rimurutempest/Code/LSI_Design_Contest/HLS_DesignFlow/Lab3/hls_component_lab3_3/dct/hls/syn/report/csynth_design_size.rpt
INFO: [HLS 200-1995] There were 3,924 instructions in the design after the 'Unroll/Inline (step 3)' phase of compilation. See the Design Size Report for more details: /home/rimurutempest/Code/LSI_Design_Contest/HLS_DesignFlow/Lab3/hls_component_lab3_3/dct/hls/syn/report/csynth_design_size.rpt
INFO: [HLS 200-1995] There were 3,924 instructions in the design after the 'Unroll/Inline (step 4)' phase of compilation. See the Design Size Report for more details: /home/rimurutempest/Code/LSI_Design_Contest/HLS_DesignFlow/Lab3/hls_component_lab3_3/dct/hls/syn/report/csynth_design_size.rpt
INFO: [HLS 200-1995] There were 3,980 instructions in the design after the 'Array/Struct (step 1)' phase of compilation. See the Design Size Report for more details: /home/rimurutempest/Code/LSI_Design_Contest/HLS_DesignFlow/Lab3/hls_component_lab3_3/dct/hls/syn/report/csynth_design_size.rpt
INFO: [HLS 200-1995] There were 3,980 instructions in the design after the 'Array/Struct (step 2)' phase of compilation. See the Design Size Report for more details: /home/rimurutempest/Code/LSI_Design_Contest/HLS_DesignFlow/Lab3/hls_component_lab3_3/dct/hls/syn/report/csynth_design_size.rpt
INFO: [HLS 200-1995] There were 3,980 instructions in the design after the 'Array/Struct (step 3)' phase of compilation. See the Design Size Report for more details: /home/rimurutempest/Code/LSI_Design_Contest/HLS_DesignFlow/Lab3/hls_component_lab3_3/dct/hls/syn/report/csynth_design_size.rpt
INFO: [HLS 200-1995] There were 3,980 instructions in the design after the 'Array/Struct (step 4)' phase of compilation. See the Design Size Report for more details: /home/rimurutempest/Code/LSI_Design_Contest/HLS_DesignFlow/Lab3/hls_component_lab3_3/dct/hls/syn/report/csynth_design_size.rpt
INFO: [HLS 200-1995] There were 3,980 instructions in the design after the 'Array/Struct (step 5)' phase of compilation. See the Design Size Report for more details: /home/rimurutempest/Code/LSI_Design_Contest/HLS_DesignFlow/Lab3/hls_component_lab3_3/dct/hls/syn/report/csynth_design_size.rpt
INFO: [HLS 200-1995] There were 3,980 instructions in the design after the 'Performance (step 1)' phase of compilation. See the Design Size Report for more details: /home/rimurutempest/Code/LSI_Design_Contest/HLS_DesignFlow/Lab3/hls_component_lab3_3/dct/hls/syn/report/csynth_design_size.rpt
INFO: [HLS 200-1995] There were 3,980 instructions in the design after the 'Performance (step 2)' phase of compilation. See the Design Size Report for more details: /home/rimurutempest/Code/LSI_Design_Contest/HLS_DesignFlow/Lab3/hls_component_lab3_3/dct/hls/syn/report/csynth_design_size.rpt
INFO: [HLS 200-1995] There were 5,743 instructions in the design after the 'Performance (step 3)' phase of compilation. See the Design Size Report for more details: /home/rimurutempest/Code/LSI_Design_Contest/HLS_DesignFlow/Lab3/hls_component_lab3_3/dct/hls/syn/report/csynth_design_size.rpt
INFO: [HLS 200-1995] There were 3,759 instructions in the design after the 'Performance (step 4)' phase of compilation. See the Design Size Report for more details: /home/rimurutempest/Code/LSI_Design_Contest/HLS_DesignFlow/Lab3/hls_component_lab3_3/dct/hls/syn/report/csynth_design_size.rpt
INFO: [HLS 200-1995] There were 3,763 instructions in the design after the 'HW Transforms (step 1)' phase of compilation. See the Design Size Report for more details: /home/rimurutempest/Code/LSI_Design_Contest/HLS_DesignFlow/Lab3/hls_component_lab3_3/dct/hls/syn/report/csynth_design_size.rpt
INFO: [HLS 200-1995] There were 3,765 instructions in the design after the 'HW Transforms (step 2)' phase of compilation. See the Design Size Report for more details: /home/rimurutempest/Code/LSI_Design_Contest/HLS_DesignFlow/Lab3/hls_component_lab3_3/dct/hls/syn/report/csynth_design_size.rpt
INFO: [HLS 214-291] Loop 'WR_Loop_Row' is marked as complete unroll implied by the pipeline pragma (../source/dct.c:100:4)
INFO: [HLS 214-291] Loop 'WR_Loop_Col' is marked as complete unroll implied by the pipeline pragma (../source/dct.c:102:7)
INFO: [HLS 214-291] Loop 'Xpose_Col_Outer_Loop' is marked as complete unroll implied by the pipeline pragma (../source/dct.c:77:4)
INFO: [HLS 214-291] Loop 'Xpose_Col_Inner_Loop' is marked as complete unroll implied by the pipeline pragma (../source/dct.c:79:7)
INFO: [HLS 214-291] Loop 'Col_DCT_Loop' is marked as complete unroll implied by the pipeline pragma (../source/dct.c:72:4)
INFO: [HLS 214-291] Loop 'Xpose_Row_Outer_Loop' is marked as complete unroll implied by the pipeline pragma (../source/dct.c:64:4)
INFO: [HLS 214-291] Loop 'Xpose_Row_Inner_Loop' is marked as complete unroll implied by the pipeline pragma (../source/dct.c:68:7)
INFO: [HLS 214-291] Loop 'Row_DCT_Loop' is marked as complete unroll implied by the pipeline pragma (../source/dct.c:59:4)
INFO: [HLS 214-291] Loop 'DCT_Outer_Loop' is marked as complete unroll implied by the pipeline pragma (../source/dct.c:39:4)
INFO: [HLS 214-291] Loop 'DCT_Inner_Loop' is marked as complete unroll implied by the pipeline pragma (../source/dct.c:41:7)
INFO: [HLS 214-291] Loop 'RD_Loop_Row' is marked as complete unroll implied by the pipeline pragma (../source/dct.c:88:4)
INFO: [HLS 214-291] Loop 'RD_Loop_Col' is marked as complete unroll implied by the pipeline pragma (../source/dct.c:90:7)
INFO: [HLS 214-186] Unrolling loop 'WR_Loop_Row' (../source/dct.c:100:4) in function 'write_data' completely with a factor of 8 (../source/dct.c:96:0)
INFO: [HLS 214-186] Unrolling loop 'WR_Loop_Col' (../source/dct.c:102:7) in function 'write_data' completely with a factor of 8 (../source/dct.c:96:0)
WARNING: [HLS 214-189] Pipeline directive for loop 'WR_Loop_Col' (../source/dct.c:102:7) in function 'write_data' has been removed because the loop is unrolled completely (../source/dct.c:96:0)
INFO: [HLS 214-186] Unrolling loop 'Xpose_Col_Outer_Loop' (../source/dct.c:77:4) in function 'dct_2d' completely with a factor of 8 (../source/dct.c:52:0)
INFO: [HLS 214-186] Unrolling loop 'Xpose_Col_Inner_Loop' (../source/dct.c:79:7) in function 'dct_2d' completely with a factor of 8 (../source/dct.c:52:0)
WARNING: [HLS 214-189] Pipeline directive for loop 'Xpose_Col_Inner_Loop' (../source/dct.c:79:7) in function 'dct_2d' has been removed because the loop is unrolled completely (../source/dct.c:52:0)
INFO: [HLS 214-186] Unrolling loop 'Col_DCT_Loop' (../source/dct.c:72:4) in function 'dct_2d' completely with a factor of 8 (../source/dct.c:52:0)
INFO: [HLS 214-186] Unrolling loop 'Xpose_Row_Outer_Loop' (../source/dct.c:64:4) in function 'dct_2d' completely with a factor of 8 (../source/dct.c:52:0)
INFO: [HLS 214-186] Unrolling loop 'Xpose_Row_Inner_Loop' (../source/dct.c:68:7) in function 'dct_2d' completely with a factor of 8 (../source/dct.c:52:0)
WARNING: [HLS 214-189] Pipeline directive for loop 'Xpose_Row_Inner_Loop' (../source/dct.c:68:7) in function 'dct_2d' has been removed because the loop is unrolled completely (../source/dct.c:52:0)
INFO: [HLS 214-186] Unrolling loop 'Row_DCT_Loop' (../source/dct.c:59:4) in function 'dct_2d' completely with a factor of 8 (../source/dct.c:52:0)
INFO: [HLS 214-186] Unrolling loop 'DCT_Outer_Loop' (../source/dct.c:39:4) in function 'dct_1d' completely with a factor of 8 (../source/dct.c:31:0)
INFO: [HLS 214-186] Unrolling loop 'DCT_Inner_Loop' (../source/dct.c:41:7) in function 'dct_1d' completely with a factor of 8 (../source/dct.c:31:0)
WARNING: [HLS 214-189] Pipeline directive for loop 'DCT_Inner_Loop' (../source/dct.c:41:7) in function 'dct_1d' has been removed because the loop is unrolled completely (../source/dct.c:31:0)
INFO: [HLS 214-186] Unrolling loop 'RD_Loop_Row' (../source/dct.c:88:4) in function 'read_data' completely with a factor of 8 (../source/dct.c:84:0)
INFO: [HLS 214-186] Unrolling loop 'RD_Loop_Col' (../source/dct.c:90:7) in function 'read_data' completely with a factor of 8 (../source/dct.c:84:0)
WARNING: [HLS 214-189] Pipeline directive for loop 'RD_Loop_Col' (../source/dct.c:90:7) in function 'read_data' has been removed because the loop is unrolled completely (../source/dct.c:84:0)
INFO: [HLS 214-449] Automatically partitioning array 'buf_2d_in' dimension 2 completely based on constant index. (../source/dct.c:112:10)
INFO: [HLS 214-449] Automatically partitioning array 'buf_2d_out' dimension 1 completely based on constant index. (../source/dct.c:113:10)
INFO: [HLS 214-449] Automatically partitioning array 'buf_2d_out' dimension 2 completely based on constant index. (../source/dct.c:113:10)
INFO: [HLS 214-449] Automatically partitioning array 'row_outbuf' dimension 2 completely based on constant index. (../source/dct.c:53:15)
INFO: [HLS 214-449] Automatically partitioning array 'col_outbuf' dimension 2 completely based on constant index. (../source/dct.c:54:15)
INFO: [HLS 214-449] Automatically partitioning array 'col_inbuf' dimension 2 completely based on constant index. (../source/dct.c:54:33)
INFO: [HLS 214-270] Inferring pragma 'array_partition type=complete dim=2' for array 'row_outbuf' due to pipeline pragma (../source/dct.c:53:15)
INFO: [HLS 214-270] Inferring pragma 'array_partition type=complete dim=2' for array 'col_inbuf' due to pipeline pragma (../source/dct.c:54:33)
INFO: [HLS 214-270] Inferring pragma 'array_partition type=complete dim=2' for array 'col_outbuf' due to pipeline pragma (../source/dct.c:54:15)
INFO: [HLS 214-270] Inferring pragma 'array_partition type=complete dim=2' for array 'buf_2d_in' due to pipeline pragma (../source/dct.c:112:10)
INFO: [HLS 214-270] Inferring pragma 'array_partition type=complete dim=1' for array 'buf_2d_out' due to pipeline pragma (../source/dct.c:113:10)
INFO: [HLS 214-270] Inferring pragma 'array_partition type=complete dim=2' for array 'buf_2d_out' due to pipeline pragma (../source/dct.c:113:10)
INFO: [HLS 214-248] Applying array_partition to 'row_outbuf': Complete partitioning on dimension 2. (../source/dct.c:53:15)
INFO: [HLS 214-248] Applying array_partition to 'col_outbuf': Complete partitioning on dimension 2. (../source/dct.c:54:15)
INFO: [HLS 214-248] Applying array_partition to 'col_inbuf': Complete partitioning on dimension 2. (../source/dct.c:54:33)
INFO: [HLS 214-248] Applying array_partition to 'buf_2d_in': Complete partitioning on dimension 2. (../source/dct.c:112:10)
INFO: [HLS 214-248] Applying array_partition to 'buf_2d_out': Complete partitioning on dimension 1. Complete partitioning on dimension 2. (../source/dct.c:113:10)
INFO: [HLS 200-111] Finished Compiling Optimization and Transform: CPU user time: 3.18 seconds. CPU system time: 0.61 seconds. Elapsed time: 7.68 seconds; current allocated memory: 238.551 MB.
INFO: [HLS 200-111] Finished Checking Pragmas: CPU user time: 0 seconds. CPU system time: 0 seconds. Elapsed time: 0 seconds; current allocated memory: 238.551 MB.
INFO: [HLS 200-10] Starting code transformations ...
INFO: [HLS 200-111] Finished Standard Transforms: CPU user time: 0.04 seconds. CPU system time: 0 seconds. Elapsed time: 0.04 seconds; current allocated memory: 238.973 MB.
INFO: [HLS 200-10] Checking synthesizability ...
INFO: [HLS 200-111] Finished Checking Synthesizability: CPU user time: 0.04 seconds. CPU system time: 0 seconds. Elapsed time: 0.05 seconds; current allocated memory: 240.461 MB.
INFO: [XFORM 203-11] Balancing expressions in function 'dct_1d.8.9' (../source/dct.c:44:1)...24 expression(s) balanced.
INFO: [HLS 200-111] Finished Loop, function and other optimizations: CPU user time: 0.13 seconds. CPU system time: 0.01 seconds. Elapsed time: 0.13 seconds; current allocated memory: 261.727 MB.
INFO: [HLS 200-111] Finished Architecture Synthesis: CPU user time: 0.08 seconds. CPU system time: 0.01 seconds. Elapsed time: 0.1 seconds; current allocated memory: 292.574 MB.
INFO: [HLS 200-10] Starting hardware synthesis ...
INFO: [HLS 200-10] Synthesizing 'dct' ...
WARNING: [SYN 201-103] Legalizing function name 'dct_1d.8.9' to 'dct_1d_8_9'.
INFO: [HLS 200-10] ----------------------------------------------------------------
INFO: [HLS 200-42] -- Implementing module 'read_data' 
INFO: [HLS 200-10] ----------------------------------------------------------------
INFO: [SCHED 204-11] Starting scheduling ...
INFO: [SCHED 204-61] Pipelining function 'read_data'.
WARNING: [HLS 200-885] The II Violation in module 'read_data' (function 'read_data'): Unable to schedule 'load' operation 16 bit ('input_r_load_1', ../source/dct.c:91) on array 'input_r' due to limited memory ports (II = 1). Please consider using a memory core with more ports or partitioning the array 'input_r'.
Resolution: For help on HLS 200-885 see docs.xilinx.com/access/sources/dita/topic?Doc_Version=2024.2%20English&url=ug1448-hls-guidance&resourceid=200-885.html
WARNING: [HLS 200-885] The II Violation in module 'read_data' (function 'read_data'): Unable to schedule 'load' operation 16 bit ('input_r_load_3', ../source/dct.c:91) on array 'input_r' due to limited memory ports (II = 2). Please consider using a memory core with more ports or partitioning the array 'input_r'.
Resolution: For help on HLS 200-885 see docs.xilinx.com/access/sources/dita/topic?Doc_Version=2024.2%20English&url=ug1448-hls-guidance&resourceid=200-885.html
WARNING: [HLS 200-885] The II Violation in module 'read_data' (function 'read_data'): Unable to schedule 'load' operation 16 bit ('input_r_load_5', ../source/dct.c:91) on array 'input_r' due to limited memory ports (II = 3). Please consider using a memory core with more ports or partitioning the array 'input_r'.
Resolution: For help on HLS 200-885 see docs.xilinx.com/access/sources/dita/topic?Doc_Version=2024.2%20English&url=ug1448-hls-guidance&resourceid=200-885.html
WARNING: [HLS 200-885] The II Violation in module 'read_data' (function 'read_data'): Unable to schedule 'load' operation 16 bit ('input_r_load_7', ../source/dct.c:91) on array 'input_r' due to limited memory ports (II = 4). Please consider using a memory core with more ports or partitioning the array 'input_r'.
Resolution: For help on HLS 200-885 see docs.xilinx.com/access/sources/dita/topic?Doc_Version=2024.2%20English&url=ug1448-hls-guidance&resourceid=200-885.html
WARNING: [HLS 200-885] The II Violation in module 'read_data' (function 'read_data'): Unable to schedule 'load' operation 16 bit ('input_r_load_37', ../source/dct.c:91) on array 'input_r' due to limited memory ports (II = 19). Please consider using a memory core with more ports or partitioning the array 'input_r'.
Resolution: For help on HLS 200-885 see docs.xilinx.com/access/sources/dita/topic?Doc_Version=2024.2%20English&url=ug1448-hls-guidance&resourceid=200-885.html
WARNING: [HLS 200-885] The II Violation in module 'read_data' (function 'read_data'): Unable to schedule 'load' operation 16 bit ('input_r_load_53', ../source/dct.c:91) on array 'input_r' due to limited memory ports (II = 27). Please consider using a memory core with more ports or partitioning the array 'input_r'.
Resolution: For help on HLS 200-885 see docs.xilinx.com/access/sources/dita/topic?Doc_Version=2024.2%20English&url=ug1448-hls-guidance&resourceid=200-885.html
WARNING: [HLS 200-885] The II Violation in module 'read_data' (function 'read_data'): Unable to schedule 'load' operation 16 bit ('input_r_load_61', ../source/dct.c:91) on array 'input_r' due to limited memory ports (II = 31). Please consider using a memory core with more ports or partitioning the array 'input_r'.
Resolution: For help on HLS 200-885 see docs.xilinx.com/access/sources/dita/topic?Doc_Version=2024.2%20English&url=ug1448-hls-guidance&resourceid=200-885.html
INFO: [HLS 200-1470] Pipelining result : Target II = NA, Final II = 32, Depth = 33, function 'read_data'
INFO: [SCHED 204-11] Finished scheduling.
INFO: [HLS 200-111] Finished Scheduling: CPU user time: 0.31 seconds. CPU system time: 0.03 seconds. Elapsed time: 0.33 seconds; current allocated memory: 294.742 MB.
INFO: [BIND 205-100] Starting micro-architecture generation ...
INFO: [BIND 205-101] Performing variable lifetime analysis.
INFO: [BIND 205-101] Exploring resource sharing.
INFO: [BIND 205-101] Binding ...
INFO: [BIND 205-100] Finished micro-architecture generation.
INFO: [HLS 200-111] Finished Binding: CPU user time: 0.03 seconds. CPU system time: 0.01 seconds. Elapsed time: 0.04 seconds; current allocated memory: 294.754 MB.
INFO: [HLS 200-10] ----------------------------------------------------------------
INFO: [HLS 200-42] -- Implementing module 'dct_1d_8_9' 
INFO: [HLS 200-10] ----------------------------------------------------------------
INFO: [SCHED 204-11] Starting scheduling ...
INFO: [HLS 200-486] Changing DSP latency (root=add_ln46_28) to 3 in order to utilize available DSP registers.
INFO: [HLS 200-486] Changing DSP latency (root=add_ln46_27) to 3 in order to utilize available DSP registers.
INFO: [HLS 200-486] Changing DSP latency (root=add_ln46_26) to 3 in order to utilize available DSP registers.
INFO: [HLS 200-486] Changing DSP latency (root=add_ln46_25) to 3 in order to utilize available DSP registers.
INFO: [HLS 200-486] Changing DSP latency (root=add_ln46_6) to 3 in order to utilize available DSP registers.
INFO: [HLS 200-486] Changing DSP latency (root=add_ln46_24) to 3 in order to utilize available DSP registers.
INFO: [HLS 200-486] Changing DSP latency (root=add_ln46_22) to 3 in order to utilize available DSP registers.
INFO: [HLS 200-486] Changing DSP latency (root=add_ln46_21) to 3 in order to utilize available DSP registers.
INFO: [HLS 200-486] Changing DSP latency (root=add_ln46_20) to 3 in order to utilize available DSP registers.
INFO: [HLS 200-486] Changing DSP latency (root=add_ln46_19) to 3 in order to utilize available DSP registers.
INFO: [HLS 200-486] Changing DSP latency (root=add_ln46_17) to 3 in order to utilize available DSP registers.
INFO: [HLS 200-486] Changing DSP latency (root=add_ln46_16) to 3 in order to utilize available DSP registers.
INFO: [HLS 200-486] Changing DSP latency (root=add_ln46_15) to 3 in order to utilize available DSP registers.
INFO: [HLS 200-486] Changing DSP latency (root=add_ln46_14) to 3 in order to utilize available DSP registers.
INFO: [HLS 200-486] Changing DSP latency (root=add_ln46_2) to 3 in order to utilize available DSP registers.
INFO: [HLS 200-486] Changing DSP latency (root=add_ln46_13) to 3 in order to utilize available DSP registers.
INFO: [HLS 200-486] Changing DSP latency (root=add_ln46_11) to 3 in order to utilize available DSP registers.
INFO: [HLS 200-486] Changing DSP latency (root=add_ln46_10) to 3 in order to utilize available DSP registers.
INFO: [HLS 200-486] Changing DSP latency (root=add_ln46_9) to 3 in order to utilize available DSP registers.
INFO: [HLS 200-486] Changing DSP latency (root=add_ln46_8) to 3 in order to utilize available DSP registers.
INFO: [SCHED 204-61] Pipelining function 'dct_1d.8.9'.
INFO: [HLS 200-1470] Pipelining result : Target II = NA, Final II = 1, Depth = 5, function 'dct_1d.8.9'
INFO: [SCHED 204-11] Finished scheduling.
INFO: [HLS 200-111] Finished Scheduling: CPU user time: 0.09 seconds. CPU system time: 0 seconds. Elapsed time: 0.1 seconds; current allocated memory: 297.016 MB.
INFO: [BIND 205-100] Starting micro-architecture generation ...
INFO: [BIND 205-101] Performing variable lifetime analysis.
INFO: [BIND 205-101] Exploring resource sharing.
INFO: [BIND 205-101] Binding ...
INFO: [BIND 205-100] Finished micro-architecture generation.
INFO: [HLS 200-111] Finished Binding: CPU user time: 0.03 seconds. CPU system time: 0 seconds. Elapsed time: 0.03 seconds; current allocated memory: 297.016 MB.
INFO: [HLS 200-10] ----------------------------------------------------------------
INFO: [HLS 200-42] -- Implementing module 'dct_2d' 
INFO: [HLS 200-10] ----------------------------------------------------------------
INFO: [SCHED 204-11] Starting scheduling ...
INFO: [SCHED 204-61] Pipelining function 'dct_2d'.
WARNING: [HLS 200-885] The II Violation in module 'dct_2d' (function 'dct_2d'): Unable to schedule 'load' operation 16 bit ('in_block_0_load_1', ../source/dct.c:60) on array 'in_block_0' due to limited memory ports (II = 1). Please consider using a memory core with more ports or partitioning the array 'in_block_0'.
Resolution: For help on HLS 200-885 see docs.xilinx.com/access/sources/dita/topic?Doc_Version=2024.2%20English&url=ug1448-hls-guidance&resourceid=200-885.html
WARNING: [HLS 200-885] The II Violation in module 'dct_2d' (function 'dct_2d'): Unable to schedule 'load' operation 16 bit ('in_block_0_load_3', ../source/dct.c:60) on array 'in_block_0' due to limited memory ports (II = 2). Please consider using a memory core with more ports or partitioning the array 'in_block_0'.
Resolution: For help on HLS 200-885 see docs.xilinx.com/access/sources/dita/topic?Doc_Version=2024.2%20English&url=ug1448-hls-guidance&resourceid=200-885.html
WARNING: [HLS 200-885] The II Violation in module 'dct_2d' (function 'dct_2d'): Unable to schedule 'load' operation 16 bit ('in_block_0_load_5', ../source/dct.c:60) on array 'in_block_0' due to limited memory ports (II = 3). Please consider using a memory core with more ports or partitioning the array 'in_block_0'.
Resolution: For help on HLS 200-885 see docs.xilinx.com/access/sources/dita/topic?Doc_Version=2024.2%20English&url=ug1448-hls-guidance&resourceid=200-885.html
INFO: [HLS 200-1470] Pipelining result : Target II = NA, Final II = 4, Depth = 20, function 'dct_2d'
INFO: [SCHED 204-11] Finished scheduling.
INFO: [HLS 200-111] Finished Scheduling: CPU user time: 0.14 seconds. CPU system time: 0.01 seconds. Elapsed time: 0.15 seconds; current allocated memory: 298.582 MB.
INFO: [BIND 205-100] Starting micro-architecture generation ...
INFO: [BIND 205-101] Performing variable lifetime analysis.
INFO: [BIND 205-101] Exploring resource sharing.
INFO: [BIND 205-101] Binding ...
INFO: [BIND 205-100] Finished micro-architecture generation.
INFO: [HLS 200-111] Finished Binding: CPU user time: 0.04 seconds. CPU system time: 0 seconds. Elapsed time: 0.04 seconds; current allocated memory: 298.988 MB.
INFO: [HLS 200-10] ----------------------------------------------------------------
INFO: [HLS 200-42] -- Implementing module 'write_data' 
INFO: [HLS 200-10] ----------------------------------------------------------------
INFO: [SCHED 204-11] Starting scheduling ...
INFO: [SCHED 204-61] Pipelining function 'write_data'.
WARNING: [HLS 200-885] The II Violation in module 'write_data' (function 'write_data'): Unable to schedule 'store' operation 0 bit ('output_r_addr_1_write_ln105', ../source/dct.c:105) of variable 'buf', ../source/dct.c:95 on array 'output_r' due to limited memory ports (II = 1). Please consider using a memory core with more ports or partitioning the array 'output_r'.
Resolution: For help on HLS 200-885 see docs.xilinx.com/access/sources/dita/topic?Doc_Version=2024.2%20English&url=ug1448-hls-guidance&resourceid=200-885.html
WARNING: [HLS 200-885] The II Violation in module 'write_data' (function 'write_data'): Unable to schedule 'store' operation 0 bit ('output_r_addr_3_write_ln105', ../source/dct.c:105) of variable 'buf', ../source/dct.c:95 on array 'output_r' due to limited memory ports (II = 2). Please consider using a memory core with more ports or partitioning the array 'output_r'.
Resolution: For help on HLS 200-885 see docs.xilinx.com/access/sources/dita/topic?Doc_Version=2024.2%20English&url=ug1448-hls-guidance&resourceid=200-885.html
WARNING: [HLS 200-885] The II Violation in module 'write_data' (function 'write_data'): Unable to schedule 'store' operation 0 bit ('output_r_addr_5_write_ln105', ../source/dct.c:105) of variable 'buf', ../source/dct.c:95 on array 'output_r' due to limited memory ports (II = 3). Please consider using a memory core with more ports or partitioning the array 'output_r'.
Resolution: For help on HLS 200-885 see docs.xilinx.com/access/sources/dita/topic?Doc_Version=2024.2%20English&url=ug1448-hls-guidance&resourceid=200-885.html
WARNING: [HLS 200-885] The II Violation in module 'write_data' (function 'write_data'): Unable to schedule 'store' operation 0 bit ('output_r_addr_7_write_ln105', ../source/dct.c:105) of variable 'buf', ../source/dct.c:95 on array 'output_r' due to limited memory ports (II = 4). Please consider using a memory core with more ports or partitioning the array 'output_r'.
Resolution: For help on HLS 200-885 see docs.xilinx.com/access/sources/dita/topic?Doc_Version=2024.2%20English&url=ug1448-hls-guidance&resourceid=200-885.html
WARNING: [HLS 200-885] The II Violation in module 'write_data' (function 'write_data'): Unable to schedule 'store' operation 0 bit ('output_r_addr_37_write_ln105', ../source/dct.c:105) of variable 'buf', ../source/dct.c:95 on array 'output_r' due to limited memory ports (II = 19). Please consider using a memory core with more ports or partitioning the array 'output_r'.
Resolution: For help on HLS 200-885 see docs.xilinx.com/access/sources/dita/topic?Doc_Version=2024.2%20English&url=ug1448-hls-guidance&resourceid=200-885.html
WARNING: [HLS 200-885] The II Violation in module 'write_data' (function 'write_data'): Unable to schedule 'store' operation 0 bit ('output_r_addr_53_write_ln105', ../source/dct.c:105) of variable 'buf', ../source/dct.c:95 on array 'output_r' due to limited memory ports (II = 27). Please consider using a memory core with more ports or partitioning the array 'output_r'.
Resolution: For help on HLS 200-885 see docs.xilinx.com/access/sources/dita/topic?Doc_Version=2024.2%20English&url=ug1448-hls-guidance&resourceid=200-885.html
WARNING: [HLS 200-885] The II Violation in module 'write_data' (function 'write_data'): Unable to schedule 'store' operation 0 bit ('output_r_addr_61_write_ln105', ../source/dct.c:105) of variable 'buf', ../source/dct.c:95 on array 'output_r' due to limited memory ports (II = 31). Please consider using a memory core with more ports or partitioning the array 'output_r'.
Resolution: For help on HLS 200-885 see docs.xilinx.com/access/sources/dita/topic?Doc_Version=2024.2%20English&url=ug1448-hls-guidance&resourceid=200-885.html
INFO: [HLS 200-1470] Pipelining result : Target II = NA, Final II = 32, Depth = 32, function 'write_data'
INFO: [SCHED 204-11] Finished scheduling.
INFO: [HLS 200-111] Finished Scheduling: CPU user time: 0.3 seconds. CPU system time: 0.01 seconds. Elapsed time: 0.31 seconds; current allocated memory: 300.387 MB.
INFO: [BIND 205-100] Starting micro-architecture generation ...
INFO: [BIND 205-101] Performing variable lifetime analysis.
INFO: [BIND 205-101] Exploring resource sharing.
INFO: [BIND 205-101] Binding ...
INFO: [BIND 205-100] Finished micro-architecture generation.
INFO: [HLS 200-111] Finished Binding: CPU user time: 0.02 seconds. CPU system time: 0 seconds. Elapsed time: 0.02 seconds; current allocated memory: 300.598 MB.
INFO: [HLS 200-10] ----------------------------------------------------------------
INFO: [HLS 200-42] -- Implementing module 'dct' 
INFO: [HLS 200-10] ----------------------------------------------------------------
INFO: [SCHED 204-11] Starting scheduling ...
INFO: [SCHED 204-61] Pipelining function 'dct'.
WARNING: [HLS 200-880] The II Violation in module 'dct' (function 'dct'): Unable to enforce a carried dependence constraint (II = 32, distance = 1, offset = 1) between 'call' operation 1024 bit ('dct_2d_ret', ../source/dct.c:118) to 'dct_2d' and 'call' operation 0 bit ('_ln116', ../source/dct.c:116) to 'read_data'.
Resolution: For help on HLS 200-880 see docs.xilinx.com/access/sources/dita/topic?Doc_Version=2024.2%20English&url=ug1448-hls-guidance&resourceid=200-880.html
WARNING: [HLS 200-880] The II Violation in module 'dct' (function 'dct'): Unable to enforce a carried dependence constraint (II = 33, distance = 1, offset = 1) between 'call' operation 1024 bit ('dct_2d_ret', ../source/dct.c:118) to 'dct_2d' and 'call' operation 0 bit ('_ln116', ../source/dct.c:116) to 'read_data'.
Resolution: For help on HLS 200-880 see docs.xilinx.com/access/sources/dita/topic?Doc_Version=2024.2%20English&url=ug1448-hls-guidance&resourceid=200-880.html
WARNING: [HLS 200-880] The II Violation in module 'dct' (function 'dct'): Unable to enforce a carried dependence constraint (II = 34, distance = 1, offset = 1) between 'call' operation 1024 bit ('dct_2d_ret', ../source/dct.c:118) to 'dct_2d' and 'call' operation 0 bit ('_ln116', ../source/dct.c:116) to 'read_data'.
Resolution: For help on HLS 200-880 see docs.xilinx.com/access/sources/dita/topic?Doc_Version=2024.2%20English&url=ug1448-hls-guidance&resourceid=200-880.html
WARNING: [HLS 200-880] The II Violation in module 'dct' (function 'dct'): Unable to enforce a carried dependence constraint (II = 35, distance = 1, offset = 1) between 'call' operation 1024 bit ('dct_2d_ret', ../source/dct.c:118) to 'dct_2d' and 'call' operation 0 bit ('_ln116', ../source/dct.c:116) to 'read_data'.
Resolution: For help on HLS 200-880 see docs.xilinx.com/access/sources/dita/topic?Doc_Version=2024.2%20English&url=ug1448-hls-guidance&resourceid=200-880.html
WARNING: [HLS 200-880] The II Violation in module 'dct' (function 'dct'): Unable to enforce a carried dependence constraint (II = 48, distance = 1, offset = 1) between 'call' operation 1024 bit ('dct_2d_ret', ../source/dct.c:118) to 'dct_2d' and 'call' operation 0 bit ('_ln116', ../source/dct.c:116) to 'read_data'.
Resolution: For help on HLS 200-880 see docs.xilinx.com/access/sources/dita/topic?Doc_Version=2024.2%20English&url=ug1448-hls-guidance&resourceid=200-880.html
WARNING: [HLS 200-880] The II Violation in module 'dct' (function 'dct'): Unable to enforce a carried dependence constraint (II = 51, distance = 1, offset = 1) between 'call' operation 1024 bit ('dct_2d_ret', ../source/dct.c:118) to 'dct_2d' and 'call' operation 0 bit ('_ln116', ../source/dct.c:116) to 'read_data'.
Resolution: For help on HLS 200-880 see docs.xilinx.com/access/sources/dita/topic?Doc_Version=2024.2%20English&url=ug1448-hls-guidance&resourceid=200-880.html
WARNING: [HLS 200-880] The II Violation in module 'dct' (function 'dct'): Unable to enforce a carried dependence constraint (II = 52, distance = 1, offset = 1) between 'call' operation 1024 bit ('dct_2d_ret', ../source/dct.c:118) to 'dct_2d' and 'call' operation 0 bit ('_ln116', ../source/dct.c:116) to 'read_data'.
Resolution: For help on HLS 200-880 see docs.xilinx.com/access/sources/dita/topic?Doc_Version=2024.2%20English&url=ug1448-hls-guidance&resourceid=200-880.html
INFO: [HLS 200-1470] Pipelining result : Target II = NA, Final II = 53, Depth = 84, function 'dct'
WARNING: [HLS 200-871] Estimated clock period (9.637 ns) exceeds the target (target clock period: 10.000 ns, clock uncertainty: 2.700 ns, effective delay budget: 7.300 ns).
Resolution: For help on HLS 200-871 see docs.xilinx.com/access/sources/dita/topic?Doc_Version=2024.2%20English&url=ug1448-hls-guidance&resourceid=200-871.html
WARNING: [HLS 200-1016] The critical path in module 'dct' consists of the following:
	'call' operation 1024 bit ('dct_2d_ret', ../source/dct.c:118) to 'dct_2d' [18]  (6.383 ns)
	'call' operation 0 bit ('_ln121', ../source/dct.c:121) to 'write_data' [83]  (3.254 ns)

Resolution: For help on HLS 200-1016 see docs.xilinx.com/access/sources/dita/topic?Doc_Version=2024.2%20English&url=ug1448-hls-guidance&resourceid=200-1016.html
INFO: [SCHED 204-11] Finished scheduling.
INFO: [HLS 200-111] Finished Scheduling: CPU user time: 0.06 seconds. CPU system time: 0.01 seconds. Elapsed time: 0.07 seconds; current allocated memory: 301.906 MB.
INFO: [BIND 205-100] Starting micro-architecture generation ...
INFO: [BIND 205-101] Performing variable lifetime analysis.
INFO: [BIND 205-101] Exploring resource sharing.
INFO: [BIND 205-101] Binding ...
INFO: [BIND 205-100] Finished micro-architecture generation.
INFO: [HLS 200-111] Finished Binding: CPU user time: 0.03 seconds. CPU system time: 0 seconds. Elapsed time: 0.03 seconds; current allocated memory: 302.629 MB.
INFO: [HLS 200-10] ----------------------------------------------------------------
INFO: [HLS 200-10] -- Generating RTL for module 'read_data' 
INFO: [HLS 200-10] ----------------------------------------------------------------
INFO: [HLS 200-1030] Apply Unified Pipeline Control on module 'read_data' pipeline 'read_data' pipeline type 'function pipeline'
INFO: [RTGEN 206-100] Finished creating RTL model for 'read_data'.
INFO: [HLS 200-111] Finished Creating RTL model: CPU user time: 0.07 seconds. CPU system time: 0.01 seconds. Elapsed time: 0.08 seconds; current allocated memory: 304.375 MB.
INFO: [HLS 200-10] ----------------------------------------------------------------
INFO: [HLS 200-10] -- Generating RTL for module 'dct_1d_8_9' 
INFO: [HLS 200-10] ----------------------------------------------------------------
INFO: [RTGEN 206-100] Generating core module 'ama_addmuladd_18s_16s_13ns_29ns_29_4_0': 1 instance(s).
INFO: [RTGEN 206-100] Generating core module 'ama_submuladd_16s_16s_12ns_29s_29_4_0': 1 instance(s).
INFO: [RTGEN 206-100] Generating core module 'ama_submuladd_16s_16s_13ns_29s_29_4_0': 1 instance(s).
INFO: [RTGEN 206-100] Generating core module 'ama_submuladd_18s_16s_14ns_29ns_29_4_0': 1 instance(s).
INFO: [RTGEN 206-100] Generating core module 'mac_muladd_16s_14ns_29ns_29_4_0': 3 instance(s).
INFO: [RTGEN 206-100] Generating core module 'mac_muladd_16s_14ns_29s_29_4_0': 2 instance(s).
INFO: [RTGEN 206-100] Generating core module 'mac_muladd_16s_15s_13ns_29_4_0': 1 instance(s).
INFO: [RTGEN 206-100] Generating core module 'mac_muladd_16s_15s_29ns_29_4_0': 1 instance(s).
INFO: [RTGEN 206-100] Generating core module 'mac_muladd_16s_15s_29s_29_4_0': 1 instance(s).
INFO: [RTGEN 206-100] Generating core module 'mac_muladd_17s_12ns_13ns_29_4_0': 2 instance(s).
INFO: [RTGEN 206-100] Generating core module 'mac_muladd_17s_12ns_29s_29_4_0': 1 instance(s).
INFO: [RTGEN 206-100] Generating core module 'mac_muladd_17s_13ns_13ns_29_4_0': 1 instance(s).
INFO: [RTGEN 206-100] Generating core module 'mac_muladd_17s_13ns_29s_29_4_0': 2 instance(s).
INFO: [RTGEN 206-100] Generating core module 'mac_muladd_18s_13ns_13ns_29_4_0': 1 instance(s).
INFO: [RTGEN 206-100] Generating core module 'mac_muladd_18s_14ns_13ns_29_4_0': 1 instance(s).
INFO: [RTGEN 206-100] Generating core module 'mul_16s_15ns_29_1_0': 3 instance(s).
INFO: [RTGEN 206-100] Generating core module 'mul_16s_15s_29_1_0': 5 instance(s).
INFO: [RTGEN 206-100] Finished creating RTL model for 'dct_1d_8_9'.
INFO: [HLS 200-111] Finished Creating RTL model: CPU user time: 0.13 seconds. CPU system time: 0.01 seconds. Elapsed time: 0.14 seconds; current allocated memory: 309.719 MB.
INFO: [HLS 200-10] ----------------------------------------------------------------
INFO: [HLS 200-10] -- Generating RTL for module 'dct_2d' 
INFO: [HLS 200-10] ----------------------------------------------------------------
INFO: [HLS 200-1030] Apply Unified Pipeline Control on module 'dct_2d' pipeline 'dct_2d' pipeline type 'function pipeline'
INFO: [RTGEN 206-100] Finished creating RTL model for 'dct_2d'.
INFO: [HLS 200-111] Finished Creating RTL model: CPU user time: 0.29 seconds. CPU system time: 0.03 seconds. Elapsed time: 0.32 seconds; current allocated memory: 329.207 MB.
INFO: [HLS 200-10] ----------------------------------------------------------------
INFO: [HLS 200-10] -- Generating RTL for module 'write_data' 
INFO: [HLS 200-10] ----------------------------------------------------------------
INFO: [RTGEN 206-100] Finished creating RTL model for 'write_data'.
INFO: [HLS 200-111] Finished Creating RTL model: CPU user time: 0.14 seconds. CPU system time: 0.02 seconds. Elapsed time: 0.16 seconds; current allocated memory: 333.812 MB.
INFO: [HLS 200-10] ----------------------------------------------------------------
INFO: [HLS 200-10] -- Generating RTL for module 'dct' 
INFO: [HLS 200-10] ----------------------------------------------------------------
INFO: [RTGEN 206-500] Setting interface mode on port 'dct/input_r' to 'ap_memory'.
INFO: [RTGEN 206-500] Setting interface mode on port 'dct/output_r' to 'ap_memory'.
INFO: [RTGEN 206-500] Setting interface mode on function 'dct' to 'ap_ctrl_hs'.
INFO: [HLS 200-1030] Apply Unified Pipeline Control on module 'dct' pipeline 'dct' pipeline type 'function pipeline'
INFO: [RTGEN 206-100] Finished creating RTL model for 'dct'.
INFO: [RTMG 210-278] Implementing memory 'dct_buf_2d_in_RAM_AUTO_1R1W' using auto RAMs.
INFO: [HLS 200-111] Finished Creating RTL model: CPU user time: 0.23 seconds. CPU system time: 0.02 seconds. Elapsed time: 0.24 seconds; current allocated memory: 345.312 MB.
INFO: [HLS 200-111] Finished Generating all RTL models: CPU user time: 0.16 seconds. CPU system time: 0.03 seconds. Elapsed time: 0.2 seconds; current allocated memory: 348.523 MB.
INFO: [HLS 200-111] Finished Updating report files: CPU user time: 0.24 seconds. CPU system time: 0.03 seconds. Elapsed time: 0.26 seconds; current allocated memory: 351.887 MB.
INFO: [VHDL 208-304] Generating VHDL RTL for dct.
INFO: [VLOG 209-307] Generating Verilog RTL for dct.
INFO: [HLS 200-789] **** Estimated Fmax: 103.76 MHz
INFO: [HLS 200-112] Total CPU user time: 8.48 seconds. Total CPU system time: 1.44 seconds. Total elapsed time: 13.64 seconds; peak allocated memory: 351.887 MB.
INFO: [v++ 60-791] Total elapsed time: 0h 0m 17s
