
*** Running vivado
    with args -log bd_0_hls_inst_0.vds -m64 -product Vivado -mode batch -messageDb vivado.pb -notrace -source bd_0_hls_inst_0.tcl

WARNING: /home/rimurutempest/Tool/Xilinx/Vivado/2024.2/tps/lnx64/jre11.0.16_1 does not exist.

****** Vivado v2024.2 (64-bit)
  **** SW Build 5239630 on Fri Nov 08 22:34:34 MST 2024
  **** IP Build 5239520 on Sun Nov 10 16:12:51 MST 2024
  **** SharedData Build 5239561 on Fri Nov 08 14:39:27 MST 2024
  **** Start of session at: Sat Nov 29 00:35:27 2025
    ** Copyright 1986-2022 Xilinx, Inc. All Rights Reserved.
    ** Copyright 2022-2024 Advanced Micro Devices, Inc. All Rights Reserved.

source bd_0_hls_inst_0.tcl -notrace
INFO: Dispatch client connection id - 35891
INFO: [IP_Flow 19-234] Refreshing IP repositories
INFO: [IP_Flow 19-1700] Loaded user IP repository '/home/rimurutempest/Code/LSI_Design_Contest/HLS_DesignFlow/Lab1/matrixmul/matrixmul/hls/impl/ip'.
INFO: [IP_Flow 19-2313] Loaded Vivado IP repository '/home/rimurutempest/Tool/Xilinx/Vivado/2024.2/data/ip'.
INFO: [IP_Flow 19-6924] IPCACHE: Running cache check for IP inst: bd_0_hls_inst_0
Command: synth_design -top bd_0_hls_inst_0 -part xc7z020clg400-1 -directive sdx_optimization_effort_high -incremental_mode off -mode out_of_context
Starting synth_design
Attempting to get a license for feature 'Synthesis' and/or device 'xc7z020'
INFO: [Common 17-349] Got license for feature 'Synthesis' and/or device 'xc7z020'
INFO: [Device 21-403] Loading part xc7z020clg400-1
INFO: [Synth 8-7079] Multithreading enabled for synth_design using a maximum of 7 processes.
INFO: [Synth 8-7078] Launching helper process for spawning children vivado processes
INFO: [Synth 8-7075] Helper process launched with PID 22791
---------------------------------------------------------------------------------
Starting RTL Elaboration : Time (s): cpu = 00:00:03 ; elapsed = 00:00:04 . Memory (MB): peak = 1948.852 ; gain = 420.797 ; free physical = 212 ; free virtual = 4635
---------------------------------------------------------------------------------
INFO: [Synth 8-6157] synthesizing module 'bd_0_hls_inst_0' [/home/rimurutempest/Code/LSI_Design_Contest/HLS_DesignFlow/Lab1/matrixmul/matrixmul/hls/impl/verilog/project.gen/sources_1/bd/bd_0/ip/bd_0_hls_inst_0/synth/bd_0_hls_inst_0.v:53]
INFO: [Synth 8-6157] synthesizing module 'matrixmul' [/home/rimurutempest/Code/LSI_Design_Contest/HLS_DesignFlow/Lab1/matrixmul/matrixmul/hls/impl/verilog/project.gen/sources_1/bd/bd_0/ipshared/e318/hdl/verilog/matrixmul.v:9]
INFO: [Synth 8-6157] synthesizing module 'matrixmul_mul_8s_8s_16_1_1' [/home/rimurutempest/Code/LSI_Design_Contest/HLS_DesignFlow/Lab1/matrixmul/matrixmul/hls/impl/verilog/project.gen/sources_1/bd/bd_0/ipshared/e318/hdl/verilog/matrixmul_mul_8s_8s_16_1_1.v:5]
INFO: [Synth 8-6155] done synthesizing module 'matrixmul_mul_8s_8s_16_1_1' (0#1) [/home/rimurutempest/Code/LSI_Design_Contest/HLS_DesignFlow/Lab1/matrixmul/matrixmul/hls/impl/verilog/project.gen/sources_1/bd/bd_0/ipshared/e318/hdl/verilog/matrixmul_mul_8s_8s_16_1_1.v:5]
INFO: [Synth 8-6157] synthesizing module 'matrixmul_mac_muladd_8s_8s_16s_16_4_1' [/home/rimurutempest/Code/LSI_Design_Contest/HLS_DesignFlow/Lab1/matrixmul/matrixmul/hls/impl/verilog/project.gen/sources_1/bd/bd_0/ipshared/e318/hdl/verilog/matrixmul_mac_muladd_8s_8s_16s_16_4_1.v:54]
INFO: [Synth 8-6157] synthesizing module 'matrixmul_mac_muladd_8s_8s_16s_16_4_1_DSP48_0' [/home/rimurutempest/Code/LSI_Design_Contest/HLS_DesignFlow/Lab1/matrixmul/matrixmul/hls/impl/verilog/project.gen/sources_1/bd/bd_0/ipshared/e318/hdl/verilog/matrixmul_mac_muladd_8s_8s_16s_16_4_1.v:11]
INFO: [Synth 8-6155] done synthesizing module 'matrixmul_mac_muladd_8s_8s_16s_16_4_1_DSP48_0' (0#1) [/home/rimurutempest/Code/LSI_Design_Contest/HLS_DesignFlow/Lab1/matrixmul/matrixmul/hls/impl/verilog/project.gen/sources_1/bd/bd_0/ipshared/e318/hdl/verilog/matrixmul_mac_muladd_8s_8s_16s_16_4_1.v:11]
INFO: [Synth 8-6155] done synthesizing module 'matrixmul_mac_muladd_8s_8s_16s_16_4_1' (0#1) [/home/rimurutempest/Code/LSI_Design_Contest/HLS_DesignFlow/Lab1/matrixmul/matrixmul/hls/impl/verilog/project.gen/sources_1/bd/bd_0/ipshared/e318/hdl/verilog/matrixmul_mac_muladd_8s_8s_16s_16_4_1.v:54]
INFO: [Synth 8-6157] synthesizing module 'matrixmul_mac_muladd_8s_8s_16ns_16_4_1' [/home/rimurutempest/Code/LSI_Design_Contest/HLS_DesignFlow/Lab1/matrixmul/matrixmul/hls/impl/verilog/project.gen/sources_1/bd/bd_0/ipshared/e318/hdl/verilog/matrixmul_mac_muladd_8s_8s_16ns_16_4_1.v:54]
INFO: [Synth 8-6157] synthesizing module 'matrixmul_mac_muladd_8s_8s_16ns_16_4_1_DSP48_0' [/home/rimurutempest/Code/LSI_Design_Contest/HLS_DesignFlow/Lab1/matrixmul/matrixmul/hls/impl/verilog/project.gen/sources_1/bd/bd_0/ipshared/e318/hdl/verilog/matrixmul_mac_muladd_8s_8s_16ns_16_4_1.v:11]
INFO: [Synth 8-6155] done synthesizing module 'matrixmul_mac_muladd_8s_8s_16ns_16_4_1_DSP48_0' (0#1) [/home/rimurutempest/Code/LSI_Design_Contest/HLS_DesignFlow/Lab1/matrixmul/matrixmul/hls/impl/verilog/project.gen/sources_1/bd/bd_0/ipshared/e318/hdl/verilog/matrixmul_mac_muladd_8s_8s_16ns_16_4_1.v:11]
INFO: [Synth 8-6155] done synthesizing module 'matrixmul_mac_muladd_8s_8s_16ns_16_4_1' (0#1) [/home/rimurutempest/Code/LSI_Design_Contest/HLS_DesignFlow/Lab1/matrixmul/matrixmul/hls/impl/verilog/project.gen/sources_1/bd/bd_0/ipshared/e318/hdl/verilog/matrixmul_mac_muladd_8s_8s_16ns_16_4_1.v:54]
INFO: [Synth 8-6157] synthesizing module 'matrixmul_flow_control_loop_delay_pipe' [/home/rimurutempest/Code/LSI_Design_Contest/HLS_DesignFlow/Lab1/matrixmul/matrixmul/hls/impl/verilog/project.gen/sources_1/bd/bd_0/ipshared/e318/hdl/verilog/matrixmul_flow_control_loop_delay_pipe.v:11]
INFO: [Synth 8-6155] done synthesizing module 'matrixmul_flow_control_loop_delay_pipe' (0#1) [/home/rimurutempest/Code/LSI_Design_Contest/HLS_DesignFlow/Lab1/matrixmul/matrixmul/hls/impl/verilog/project.gen/sources_1/bd/bd_0/ipshared/e318/hdl/verilog/matrixmul_flow_control_loop_delay_pipe.v:11]
INFO: [Synth 8-6155] done synthesizing module 'matrixmul' (0#1) [/home/rimurutempest/Code/LSI_Design_Contest/HLS_DesignFlow/Lab1/matrixmul/matrixmul/hls/impl/verilog/project.gen/sources_1/bd/bd_0/ipshared/e318/hdl/verilog/matrixmul.v:9]
INFO: [Synth 8-6155] done synthesizing module 'bd_0_hls_inst_0' (0#1) [/home/rimurutempest/Code/LSI_Design_Contest/HLS_DesignFlow/Lab1/matrixmul/matrixmul/hls/impl/verilog/project.gen/sources_1/bd/bd_0/ip/bd_0_hls_inst_0/synth/bd_0_hls_inst_0.v:53]
INFO: [Synth 8-4490] FSM extraction disabled for register 'ap_CS_fsm_reg' through user attribute
WARNING: [Synth 8-7129] Port ap_done_int in module matrixmul_flow_control_loop_delay_pipe is either unconnected or has no load
WARNING: [Synth 8-7129] Port rst in module matrixmul_mac_muladd_8s_8s_16ns_16_4_1_DSP48_0 is either unconnected or has no load
WARNING: [Synth 8-7129] Port rst in module matrixmul_mac_muladd_8s_8s_16s_16_4_1_DSP48_0 is either unconnected or has no load
---------------------------------------------------------------------------------
Finished RTL Elaboration : Time (s): cpu = 00:00:05 ; elapsed = 00:00:05 . Memory (MB): peak = 2026.820 ; gain = 498.766 ; free physical = 296 ; free virtual = 4628
---------------------------------------------------------------------------------
---------------------------------------------------------------------------------
Start Handling Custom Attributes
---------------------------------------------------------------------------------
---------------------------------------------------------------------------------
Finished Handling Custom Attributes : Time (s): cpu = 00:00:05 ; elapsed = 00:00:05 . Memory (MB): peak = 2044.633 ; gain = 516.578 ; free physical = 293 ; free virtual = 4624
---------------------------------------------------------------------------------
---------------------------------------------------------------------------------
Finished RTL Optimization Phase 1 : Time (s): cpu = 00:00:05 ; elapsed = 00:00:05 . Memory (MB): peak = 2044.633 ; gain = 516.578 ; free physical = 293 ; free virtual = 4624
---------------------------------------------------------------------------------
Netlist sorting complete. Time (s): cpu = 00:00:00 ; elapsed = 00:00:00 . Memory (MB): peak = 2044.633 ; gain = 0.000 ; free physical = 292 ; free virtual = 4623
INFO: [Project 1-570] Preparing netlist for logic optimization

Processing XDC Constraints
Initializing timing engine
Parsing XDC File [/home/rimurutempest/Code/LSI_Design_Contest/HLS_DesignFlow/Lab1/matrixmul/matrixmul/hls/impl/verilog/project.gen/sources_1/bd/bd_0/ip/bd_0_hls_inst_0/constraints/matrixmul_ooc.xdc] for cell 'inst'
Finished Parsing XDC File [/home/rimurutempest/Code/LSI_Design_Contest/HLS_DesignFlow/Lab1/matrixmul/matrixmul/hls/impl/verilog/project.gen/sources_1/bd/bd_0/ip/bd_0_hls_inst_0/constraints/matrixmul_ooc.xdc] for cell 'inst'
Parsing XDC File [/home/rimurutempest/Code/LSI_Design_Contest/HLS_DesignFlow/Lab1/matrixmul/matrixmul/hls/impl/verilog/project.runs/bd_0_hls_inst_0_synth_1/dont_touch.xdc]
Finished Parsing XDC File [/home/rimurutempest/Code/LSI_Design_Contest/HLS_DesignFlow/Lab1/matrixmul/matrixmul/hls/impl/verilog/project.runs/bd_0_hls_inst_0_synth_1/dont_touch.xdc]
Completed Processing XDC Constraints

Netlist sorting complete. Time (s): cpu = 00:00:00 ; elapsed = 00:00:00 . Memory (MB): peak = 2192.383 ; gain = 0.000 ; free physical = 285 ; free virtual = 4629
INFO: [Project 1-111] Unisim Transformation Summary:
No Unisim elements were transformed.

Constraint Validation Runtime : Time (s): cpu = 00:00:00.01 ; elapsed = 00:00:00.01 . Memory (MB): peak = 2192.383 ; gain = 0.000 ; free physical = 284 ; free virtual = 4628
INFO: [Designutils 20-5008] Incremental synthesis strategy off
---------------------------------------------------------------------------------
Finished Constraint Validation : Time (s): cpu = 00:00:10 ; elapsed = 00:00:11 . Memory (MB): peak = 2192.383 ; gain = 664.328 ; free physical = 285 ; free virtual = 4636
---------------------------------------------------------------------------------
---------------------------------------------------------------------------------
Start Loading Part and Timing Information
---------------------------------------------------------------------------------
Loading part: xc7z020clg400-1
---------------------------------------------------------------------------------
Finished Loading Part and Timing Information : Time (s): cpu = 00:00:10 ; elapsed = 00:00:11 . Memory (MB): peak = 2200.387 ; gain = 672.332 ; free physical = 289 ; free virtual = 4638
---------------------------------------------------------------------------------
---------------------------------------------------------------------------------
Start Applying 'set_property' XDC Constraints
---------------------------------------------------------------------------------
Applied set_property KEEP_HIERARCHY = SOFT for inst. (constraint file  /home/rimurutempest/Code/LSI_Design_Contest/HLS_DesignFlow/Lab1/matrixmul/matrixmul/hls/impl/verilog/project.runs/bd_0_hls_inst_0_synth_1/dont_touch.xdc, line 9).
---------------------------------------------------------------------------------
Finished applying 'set_property' XDC Constraints : Time (s): cpu = 00:00:10 ; elapsed = 00:00:11 . Memory (MB): peak = 2200.387 ; gain = 672.332 ; free physical = 289 ; free virtual = 4638
---------------------------------------------------------------------------------
INFO: [Synth 8-4490] FSM extraction disabled for register 'ap_CS_fsm_reg' through user attribute
INFO: [Synth 8-4490] FSM extraction disabled for register 'ap_CS_fsm_reg' through user attribute
---------------------------------------------------------------------------------
Finished RTL Optimization Phase 2 : Time (s): cpu = 00:00:10 ; elapsed = 00:00:11 . Memory (MB): peak = 2200.387 ; gain = 672.332 ; free physical = 285 ; free virtual = 4635
---------------------------------------------------------------------------------
---------------------------------------------------------------------------------
Start RTL Component Statistics 
---------------------------------------------------------------------------------
Detailed RTL Component Info : 
+---Adders : 
	   2 Input    4 Bit       Adders := 3     
	   3 Input    4 Bit       Adders := 2     
	   2 Input    3 Bit       Adders := 1     
	   2 Input    2 Bit       Adders := 2     
+---Registers : 
	               18 Bit    Registers := 2     
	                8 Bit    Registers := 4     
	                4 Bit    Registers := 4     
	                2 Bit    Registers := 7     
	                1 Bit    Registers := 14    
+---Muxes : 
	   2 Input    4 Bit        Muxes := 3     
	   3 Input    2 Bit        Muxes := 1     
	   2 Input    2 Bit        Muxes := 4     
	   2 Input    1 Bit        Muxes := 9     
---------------------------------------------------------------------------------
Finished RTL Component Statistics 
---------------------------------------------------------------------------------
---------------------------------------------------------------------------------
Start Part Resource Summary
---------------------------------------------------------------------------------
Part Resources:
DSPs: 220 (col length:60)
BRAMs: 280 (col length: RAMB18 60 RAMB36 30)
---------------------------------------------------------------------------------
Finished Part Resource Summary
---------------------------------------------------------------------------------
---------------------------------------------------------------------------------
Start Cross Boundary and Area Optimization
---------------------------------------------------------------------------------
WARNING: [Synth 8-7080] Parallel synthesis criteria is not met
WARNING: [Synth 8-3936] Found unconnected internal register 'mac_muladd_8s_8s_16ns_16_4_1_U3/matrixmul_mac_muladd_8s_8s_16ns_16_4_1_DSP48_0_U/p_reg_reg' and it is trimmed from '44' to '16' bits. [/home/rimurutempest/Code/LSI_Design_Contest/HLS_DesignFlow/Lab1/matrixmul/matrixmul/hls/impl/verilog/project.gen/sources_1/bd/bd_0/ipshared/e318/hdl/verilog/matrixmul_mac_muladd_8s_8s_16ns_16_4_1.v:44]
WARNING: [Synth 8-3936] Found unconnected internal register 'mac_muladd_8s_8s_16s_16_4_1_U2/matrixmul_mac_muladd_8s_8s_16s_16_4_1_DSP48_0_U/p_reg_reg' and it is trimmed from '44' to '16' bits. [/home/rimurutempest/Code/LSI_Design_Contest/HLS_DesignFlow/Lab1/matrixmul/matrixmul/hls/impl/verilog/project.gen/sources_1/bd/bd_0/ipshared/e318/hdl/verilog/matrixmul_mac_muladd_8s_8s_16s_16_4_1.v:44]
WARNING: [Synth 8-3936] Found unconnected internal register 'mac_muladd_8s_8s_16s_16_4_1_U2/matrixmul_mac_muladd_8s_8s_16s_16_4_1_DSP48_0_U/m_reg_reg' and it is trimmed from '43' to '16' bits. [/home/rimurutempest/Code/LSI_Design_Contest/HLS_DesignFlow/Lab1/matrixmul/matrixmul/hls/impl/verilog/project.gen/sources_1/bd/bd_0/ipshared/e318/hdl/verilog/matrixmul_mac_muladd_8s_8s_16ns_16_4_1.v:36]
WARNING: [Synth 8-3936] Found unconnected internal register 'mac_muladd_8s_8s_16s_16_4_1_U2/matrixmul_mac_muladd_8s_8s_16s_16_4_1_DSP48_0_U/b_reg_reg' and it is trimmed from '18' to '16' bits. [/home/rimurutempest/Code/LSI_Design_Contest/HLS_DesignFlow/Lab1/matrixmul/matrixmul/hls/impl/verilog/project.gen/sources_1/bd/bd_0/ipshared/e318/hdl/verilog/matrixmul_mac_muladd_8s_8s_16ns_16_4_1.v:34]
WARNING: [Synth 8-3936] Found unconnected internal register 'mac_muladd_8s_8s_16s_16_4_1_U2/matrixmul_mac_muladd_8s_8s_16s_16_4_1_DSP48_0_U/a_reg_reg' and it is trimmed from '25' to '16' bits. [/home/rimurutempest/Code/LSI_Design_Contest/HLS_DesignFlow/Lab1/matrixmul/matrixmul/hls/impl/verilog/project.gen/sources_1/bd/bd_0/ipshared/e318/hdl/verilog/matrixmul_mac_muladd_8s_8s_16ns_16_4_1.v:34]
DSP Report: Generating DSP mac_muladd_8s_8s_16s_16_4_1_U2/matrixmul_mac_muladd_8s_8s_16s_16_4_1_DSP48_0_U/m_reg_reg, operation Mode is: (A''*B2)'.
DSP Report: register mac_muladd_8s_8s_16s_16_4_1_U2/matrixmul_mac_muladd_8s_8s_16s_16_4_1_DSP48_0_U/b_reg_reg is absorbed into DSP mac_muladd_8s_8s_16s_16_4_1_U2/matrixmul_mac_muladd_8s_8s_16s_16_4_1_DSP48_0_U/m_reg_reg.
DSP Report: register mac_muladd_8s_8s_16s_16_4_1_U2/matrixmul_mac_muladd_8s_8s_16s_16_4_1_DSP48_0_U/m_reg_reg is absorbed into DSP mac_muladd_8s_8s_16s_16_4_1_U2/matrixmul_mac_muladd_8s_8s_16s_16_4_1_DSP48_0_U/m_reg_reg.
DSP Report: register mac_muladd_8s_8s_16s_16_4_1_U2/matrixmul_mac_muladd_8s_8s_16s_16_4_1_DSP48_0_U/m_reg_reg is absorbed into DSP mac_muladd_8s_8s_16s_16_4_1_U2/matrixmul_mac_muladd_8s_8s_16s_16_4_1_DSP48_0_U/m_reg_reg.
DSP Report: register mac_muladd_8s_8s_16s_16_4_1_U2/matrixmul_mac_muladd_8s_8s_16s_16_4_1_DSP48_0_U/m_reg_reg is absorbed into DSP mac_muladd_8s_8s_16s_16_4_1_U2/matrixmul_mac_muladd_8s_8s_16s_16_4_1_DSP48_0_U/m_reg_reg.
DSP Report: operator mac_muladd_8s_8s_16s_16_4_1_U2/matrixmul_mac_muladd_8s_8s_16s_16_4_1_DSP48_0_U/m is absorbed into DSP mac_muladd_8s_8s_16s_16_4_1_U2/matrixmul_mac_muladd_8s_8s_16s_16_4_1_DSP48_0_U/m_reg_reg.
DSP Report: Generating DSP mac_muladd_8s_8s_16s_16_4_1_U2/matrixmul_mac_muladd_8s_8s_16s_16_4_1_DSP48_0_U/p_reg_reg, operation Mode is: (PCIN+A''*B2)'.
DSP Report: register a_load_reg_464_reg is absorbed into DSP mac_muladd_8s_8s_16s_16_4_1_U2/matrixmul_mac_muladd_8s_8s_16s_16_4_1_DSP48_0_U/p_reg_reg.
DSP Report: register b_load_reg_445_reg is absorbed into DSP mac_muladd_8s_8s_16s_16_4_1_U2/matrixmul_mac_muladd_8s_8s_16s_16_4_1_DSP48_0_U/p_reg_reg.
DSP Report: register b_load_reg_445_pp0_iter1_reg_reg is absorbed into DSP mac_muladd_8s_8s_16s_16_4_1_U2/matrixmul_mac_muladd_8s_8s_16s_16_4_1_DSP48_0_U/p_reg_reg.
DSP Report: register mac_muladd_8s_8s_16s_16_4_1_U2/matrixmul_mac_muladd_8s_8s_16s_16_4_1_DSP48_0_U/p_reg_reg is absorbed into DSP mac_muladd_8s_8s_16s_16_4_1_U2/matrixmul_mac_muladd_8s_8s_16s_16_4_1_DSP48_0_U/p_reg_reg.
DSP Report: operator mac_muladd_8s_8s_16s_16_4_1_U2/matrixmul_mac_muladd_8s_8s_16s_16_4_1_DSP48_0_U/p is absorbed into DSP mac_muladd_8s_8s_16s_16_4_1_U2/matrixmul_mac_muladd_8s_8s_16s_16_4_1_DSP48_0_U/p_reg_reg.
DSP Report: operator mul_8s_8s_16_1_1_U1/tmp_product is absorbed into DSP mac_muladd_8s_8s_16s_16_4_1_U2/matrixmul_mac_muladd_8s_8s_16s_16_4_1_DSP48_0_U/p_reg_reg.
DSP Report: Generating DSP mac_muladd_8s_8s_16ns_16_4_1_U3/matrixmul_mac_muladd_8s_8s_16ns_16_4_1_DSP48_0_U/p_reg_reg, operation Mode is: (PCIN+(A''*B2)')'.
DSP Report: register mac_muladd_8s_8s_16s_16_4_1_U2/matrixmul_mac_muladd_8s_8s_16s_16_4_1_DSP48_0_U/b_reg_reg is absorbed into DSP mac_muladd_8s_8s_16ns_16_4_1_U3/matrixmul_mac_muladd_8s_8s_16ns_16_4_1_DSP48_0_U/p_reg_reg.
DSP Report: register mac_muladd_8s_8s_16ns_16_4_1_U3/matrixmul_mac_muladd_8s_8s_16ns_16_4_1_DSP48_0_U/p_reg_reg is absorbed into DSP mac_muladd_8s_8s_16ns_16_4_1_U3/matrixmul_mac_muladd_8s_8s_16ns_16_4_1_DSP48_0_U/p_reg_reg.
DSP Report: register mac_muladd_8s_8s_16ns_16_4_1_U3/matrixmul_mac_muladd_8s_8s_16ns_16_4_1_DSP48_0_U/p_reg_reg is absorbed into DSP mac_muladd_8s_8s_16ns_16_4_1_U3/matrixmul_mac_muladd_8s_8s_16ns_16_4_1_DSP48_0_U/p_reg_reg.
DSP Report: register mac_muladd_8s_8s_16ns_16_4_1_U3/matrixmul_mac_muladd_8s_8s_16ns_16_4_1_DSP48_0_U/p_reg_reg is absorbed into DSP mac_muladd_8s_8s_16ns_16_4_1_U3/matrixmul_mac_muladd_8s_8s_16ns_16_4_1_DSP48_0_U/p_reg_reg.
DSP Report: register mac_muladd_8s_8s_16s_16_4_1_U2/matrixmul_mac_muladd_8s_8s_16s_16_4_1_DSP48_0_U/m_reg_reg is absorbed into DSP mac_muladd_8s_8s_16ns_16_4_1_U3/matrixmul_mac_muladd_8s_8s_16ns_16_4_1_DSP48_0_U/p_reg_reg.
DSP Report: operator mac_muladd_8s_8s_16ns_16_4_1_U3/matrixmul_mac_muladd_8s_8s_16ns_16_4_1_DSP48_0_U/p is absorbed into DSP mac_muladd_8s_8s_16ns_16_4_1_U3/matrixmul_mac_muladd_8s_8s_16ns_16_4_1_DSP48_0_U/p_reg_reg.
DSP Report: operator mac_muladd_8s_8s_16s_16_4_1_U2/matrixmul_mac_muladd_8s_8s_16s_16_4_1_DSP48_0_U/m is absorbed into DSP mac_muladd_8s_8s_16ns_16_4_1_U3/matrixmul_mac_muladd_8s_8s_16ns_16_4_1_DSP48_0_U/p_reg_reg.
---------------------------------------------------------------------------------
Finished Cross Boundary and Area Optimization : Time (s): cpu = 00:00:11 ; elapsed = 00:00:12 . Memory (MB): peak = 2200.387 ; gain = 672.332 ; free physical = 257 ; free virtual = 4610
---------------------------------------------------------------------------------
 Sort Area is  mac_muladd_8s_8s_16s_16_4_1_U2/matrixmul_mac_muladd_8s_8s_16s_16_4_1_DSP48_0_U/m_reg_reg_0 : 0 0 : 623 1850 : Used 1 time 0
 Sort Area is  mac_muladd_8s_8s_16s_16_4_1_U2/matrixmul_mac_muladd_8s_8s_16s_16_4_1_DSP48_0_U/m_reg_reg_0 : 0 1 : 541 1850 : Used 1 time 0
 Sort Area is  mac_muladd_8s_8s_16s_16_4_1_U2/matrixmul_mac_muladd_8s_8s_16s_16_4_1_DSP48_0_U/m_reg_reg_0 : 0 2 : 686 1850 : Used 1 time 0
---------------------------------------------------------------------------------
Start ROM, RAM, DSP, Shift Register and Retiming Reporting
---------------------------------------------------------------------------------

DSP: Preliminary Mapping Report (see note below. The ' indicates corresponding REG is set)
+----------------------------------------------+-------------------+--------+--------+--------+--------+--------+------+------+------+------+-------+------+------+
|Module Name                                   | DSP Mapping       | A Size | B Size | C Size | D Size | P Size | AREG | BREG | CREG | DREG | ADREG | MREG | PREG | 
+----------------------------------------------+-------------------+--------+--------+--------+--------+--------+------+------+------+------+-------+------+------+
|matrixmul_mac_muladd_8s_8s_16s_16_4_1_DSP48_0 | (A''*B2)'         | 9      | 9      | -      | -      | 18     | 2    | 1    | -    | -    | -     | 1    | 0    | 
|matrixmul                                     | (PCIN+A''*B2)'    | 8      | 8      | -      | -      | 16     | 2    | 1    | -    | -    | -     | 0    | 1    | 
|matrixmul_mac_muladd_8s_8s_16s_16_4_1_DSP48_0 | (PCIN+(A''*B2)')' | 9      | 9      | -      | -      | 16     | 2    | 1    | -    | -    | -     | 1    | 1    | 
+----------------------------------------------+-------------------+--------+--------+--------+--------+--------+------+------+------+------+-------+------+------+

Note: The table above is a preliminary report that shows the DSPs inferred at the current stage of the synthesis flow. Some DSP may be reimplemented as non DSP primitives later in the synthesis flow. Multiple instantiated DSPs are reported only once.
---------------------------------------------------------------------------------
Finished ROM, RAM, DSP, Shift Register and Retiming Reporting
---------------------------------------------------------------------------------
---------------------------------------------------------------------------------
Start Applying XDC Timing Constraints
---------------------------------------------------------------------------------
---------------------------------------------------------------------------------
Finished Applying XDC Timing Constraints : Time (s): cpu = 00:00:17 ; elapsed = 00:00:17 . Memory (MB): peak = 2261.387 ; gain = 733.332 ; free physical = 175 ; free virtual = 4523
---------------------------------------------------------------------------------
---------------------------------------------------------------------------------
Start Timing Optimization
---------------------------------------------------------------------------------
---------------------------------------------------------------------------------
Finished Timing Optimization : Time (s): cpu = 00:00:17 ; elapsed = 00:00:17 . Memory (MB): peak = 2262.387 ; gain = 734.332 ; free physical = 192 ; free virtual = 4522
---------------------------------------------------------------------------------
---------------------------------------------------------------------------------
Start Technology Mapping
---------------------------------------------------------------------------------
---------------------------------------------------------------------------------
Finished Technology Mapping : Time (s): cpu = 00:00:17 ; elapsed = 00:00:17 . Memory (MB): peak = 2290.434 ; gain = 762.379 ; free physical = 183 ; free virtual = 4485
---------------------------------------------------------------------------------
---------------------------------------------------------------------------------
Start IO Insertion
---------------------------------------------------------------------------------
---------------------------------------------------------------------------------
Start Flattening Before IO Insertion
---------------------------------------------------------------------------------
---------------------------------------------------------------------------------
Finished Flattening Before IO Insertion
---------------------------------------------------------------------------------
---------------------------------------------------------------------------------
Start Final Netlist Cleanup
---------------------------------------------------------------------------------
---------------------------------------------------------------------------------
Finished Final Netlist Cleanup
---------------------------------------------------------------------------------
---------------------------------------------------------------------------------
Finished IO Insertion : Time (s): cpu = 00:00:19 ; elapsed = 00:00:20 . Memory (MB): peak = 2446.246 ; gain = 918.191 ; free physical = 191 ; free virtual = 4348
---------------------------------------------------------------------------------
---------------------------------------------------------------------------------
Start Renaming Generated Instances
---------------------------------------------------------------------------------
---------------------------------------------------------------------------------
Finished Renaming Generated Instances : Time (s): cpu = 00:00:19 ; elapsed = 00:00:20 . Memory (MB): peak = 2446.246 ; gain = 918.191 ; free physical = 191 ; free virtual = 4348
---------------------------------------------------------------------------------
---------------------------------------------------------------------------------
Start Rebuilding User Hierarchy
---------------------------------------------------------------------------------
---------------------------------------------------------------------------------
Finished Rebuilding User Hierarchy : Time (s): cpu = 00:00:19 ; elapsed = 00:00:20 . Memory (MB): peak = 2446.246 ; gain = 918.191 ; free physical = 190 ; free virtual = 4348
---------------------------------------------------------------------------------
---------------------------------------------------------------------------------
Start Renaming Generated Ports
---------------------------------------------------------------------------------
---------------------------------------------------------------------------------
Finished Renaming Generated Ports : Time (s): cpu = 00:00:19 ; elapsed = 00:00:20 . Memory (MB): peak = 2446.246 ; gain = 918.191 ; free physical = 190 ; free virtual = 4348
---------------------------------------------------------------------------------
---------------------------------------------------------------------------------
Start Handling Custom Attributes
---------------------------------------------------------------------------------
---------------------------------------------------------------------------------
Finished Handling Custom Attributes : Time (s): cpu = 00:00:19 ; elapsed = 00:00:20 . Memory (MB): peak = 2446.246 ; gain = 918.191 ; free physical = 190 ; free virtual = 4348
---------------------------------------------------------------------------------
---------------------------------------------------------------------------------
Start Renaming Generated Nets
---------------------------------------------------------------------------------
---------------------------------------------------------------------------------
Finished Renaming Generated Nets : Time (s): cpu = 00:00:19 ; elapsed = 00:00:20 . Memory (MB): peak = 2446.246 ; gain = 918.191 ; free physical = 190 ; free virtual = 4348
---------------------------------------------------------------------------------
---------------------------------------------------------------------------------
Start Writing Synthesis Report
---------------------------------------------------------------------------------

DSP Final Report (the ' indicates corresponding REG is set)
+----------------------------------------------+-------------------+--------+--------+--------+--------+--------+------+------+------+------+-------+------+------+
|Module Name                                   | DSP Mapping       | A Size | B Size | C Size | D Size | P Size | AREG | BREG | CREG | DREG | ADREG | MREG | PREG | 
+----------------------------------------------+-------------------+--------+--------+--------+--------+--------+------+------+------+------+-------+------+------+
|matrixmul_mac_muladd_8s_8s_16s_16_4_1_DSP48_0 | (PCIN+(A''*B')')' | 30     | 18     | -      | -      | 16     | 2    | 1    | -    | -    | -     | 1    | 1    | 
|matrixmul_mac_muladd_8s_8s_16s_16_4_1_DSP48_0 | (A''*B')'         | 30     | 18     | -      | -      | 0      | 2    | 1    | -    | -    | -     | 0    | 1    | 
|matrixmul                                     | (PCIN+A''*B')'    | 30     | 18     | -      | -      | 0      | 2    | 1    | -    | -    | -     | 0    | 1    | 
+----------------------------------------------+-------------------+--------+--------+--------+--------+--------+------+------+------+------+-------+------+------+


Report BlackBoxes: 
+-+--------------+----------+
| |BlackBox name |Instances |
+-+--------------+----------+
+-+--------------+----------+

Report Cell Usage: 
+------+--------+------+
|      |Cell    |Count |
+------+--------+------+
|1     |DSP48E1 |     3|
|4     |LUT1    |     2|
|5     |LUT2    |    13|
|6     |LUT3    |     3|
|7     |LUT4    |     8|
|8     |LUT5    |    12|
|9     |LUT6    |    18|
|10    |FDRE    |    38|
|11    |FDSE    |     1|
+------+--------+------+
---------------------------------------------------------------------------------
Finished Writing Synthesis Report : Time (s): cpu = 00:00:19 ; elapsed = 00:00:20 . Memory (MB): peak = 2446.246 ; gain = 918.191 ; free physical = 190 ; free virtual = 4348
---------------------------------------------------------------------------------
Synthesis finished with 0 errors, 0 critical warnings and 6 warnings.
Synthesis Optimization Runtime : Time (s): cpu = 00:00:18 ; elapsed = 00:00:18 . Memory (MB): peak = 2446.246 ; gain = 770.441 ; free physical = 180 ; free virtual = 4345
Synthesis Optimization Complete : Time (s): cpu = 00:00:19 ; elapsed = 00:00:20 . Memory (MB): peak = 2446.254 ; gain = 918.191 ; free physical = 180 ; free virtual = 4345
INFO: [Project 1-571] Translating synthesized netlist
Netlist sorting complete. Time (s): cpu = 00:00:00 ; elapsed = 00:00:00 . Memory (MB): peak = 2446.254 ; gain = 0.000 ; free physical = 177 ; free virtual = 4341
INFO: [Netlist 29-17] Analyzing 3 Unisim elements for replacement
INFO: [Netlist 29-28] Unisim Transformation completed in 0 CPU seconds
INFO: [Project 1-570] Preparing netlist for logic optimization
INFO: [Opt 31-138] Pushed 0 inverter(s) to 0 load pin(s).
Netlist sorting complete. Time (s): cpu = 00:00:00 ; elapsed = 00:00:00 . Memory (MB): peak = 2502.273 ; gain = 0.000 ; free physical = 320 ; free virtual = 4490
INFO: [Project 1-111] Unisim Transformation Summary:
No Unisim elements were transformed.

Synth Design complete | Checksum: 48e8ceb4
INFO: [Common 17-83] Releasing license: Synthesis
38 Infos, 9 Warnings, 0 Critical Warnings and 0 Errors encountered.
synth_design completed successfully
synth_design: Time (s): cpu = 00:00:25 ; elapsed = 00:00:24 . Memory (MB): peak = 2502.273 ; gain = 1009.875 ; free physical = 326 ; free virtual = 4497
INFO: [Common 17-2834] synth_design peak Physical Memory [PSS] (MB): overall = 1617.190; main = 1439.585; forked = 182.040
INFO: [Common 17-2834] synth_design peak Virtual Memory [VSS] (MB): overall = 3371.828; main = 2502.277; forked = 925.578
Write ShapeDB Complete: Time (s): cpu = 00:00:00 ; elapsed = 00:00:00 . Memory (MB): peak = 2526.285 ; gain = 0.000 ; free physical = 328 ; free virtual = 4499
INFO: [Common 17-1381] The checkpoint '/home/rimurutempest/Code/LSI_Design_Contest/HLS_DesignFlow/Lab1/matrixmul/matrixmul/hls/impl/verilog/project.runs/bd_0_hls_inst_0_synth_1/bd_0_hls_inst_0.dcp' has been generated.
INFO: [Coretcl 2-1648] Added synthesis output to IP cache for IP bd_0_hls_inst_0, cache-ID = 6a48109f2ab6b2a0
INFO: [Coretcl 2-1174] Renamed 6 cell refs.
Write ShapeDB Complete: Time (s): cpu = 00:00:00 ; elapsed = 00:00:00 . Memory (MB): peak = 2526.285 ; gain = 0.000 ; free physical = 317 ; free virtual = 4486
INFO: [Common 17-1381] The checkpoint '/home/rimurutempest/Code/LSI_Design_Contest/HLS_DesignFlow/Lab1/matrixmul/matrixmul/hls/impl/verilog/project.runs/bd_0_hls_inst_0_synth_1/bd_0_hls_inst_0.dcp' has been generated.
INFO: [Vivado 12-24828] Executing command : report_utilization -file bd_0_hls_inst_0_utilization_synth.rpt -pb bd_0_hls_inst_0_utilization_synth.pb
INFO: [Common 17-206] Exiting Vivado at Sat Nov 29 00:35:56 2025...
