  **** HLS Build v2024.2 5238294
INFO: [HLS 200-2005] Using work_dir /home/rimurutempest/Code/LSI_Design_Contest/HLS_DesignFlow/Lab1/matrixmul/matrixmul 
INFO: [HLS 200-1505] Using default flow_target 'vivado'
Resolution: For help on HLS 200-1505 see docs.xilinx.com/access/sources/dita/topic?Doc_Version=2024.2%20English&url=ug1448-hls-guidance&resourceid=200-1505.html
INFO: [HLS 200-1465] Applying ini 'syn.file=/home/rimurutempest/Code/LSI_Design_Contest/HLS_DesignFlow/Lab1/matrixmul.cpp' from /home/rimurutempest/Code/LSI_Design_Contest/HLS_DesignFlow/Lab1/matrixmul/hls_config.cfg(8)
INFO: [HLS 200-10] Adding design file '/home/rimurutempest/Code/LSI_Design_Contest/HLS_DesignFlow/Lab1/matrixmul.cpp' to the project
INFO: [HLS 200-1465] Applying ini 'tb.file=/home/rimurutempest/Code/LSI_Design_Contest/HLS_DesignFlow/Lab1/matrixmul_test.cpp' from /home/rimurutempest/Code/LSI_Design_Contest/HLS_DesignFlow/Lab1/matrixmul/hls_config.cfg(9)
INFO: [HLS 200-10] Adding test bench file '/home/rimurutempest/Code/LSI_Design_Contest/HLS_DesignFlow/Lab1/matrixmul_test.cpp' to the project
INFO: [HLS 200-1465] Applying ini 'syn.top=matrixmul' from /home/rimurutempest/Code/LSI_Design_Contest/HLS_DesignFlow/Lab1/matrixmul/hls_config.cfg(7)
INFO: [HLS 200-1465] Applying ini 'flow_target=vivado' from /home/rimurutempest/Code/LSI_Design_Contest/HLS_DesignFlow/Lab1/matrixmul/hls_config.cfg(4)
INFO: [HLS 200-1505] Using flow_target 'vivado'
Resolution: For help on HLS 200-1505 see docs.xilinx.com/access/sources/dita/topic?Doc_Version=2024.2%20English&url=ug1448-hls-guidance&resourceid=200-1505.html
INFO: [HLS 200-1465] Applying ini 'part=xc7z020clg400-1' from /home/rimurutempest/Code/LSI_Design_Contest/HLS_DesignFlow/Lab1/matrixmul/hls_config.cfg(1)
INFO: [HLS 200-1611] Setting target device to 'xc7z020-clg400-1'
INFO: [HLS 200-1465] Applying ini 'clock=10ns' from /home/rimurutempest/Code/LSI_Design_Contest/HLS_DesignFlow/Lab1/matrixmul/hls_config.cfg(10)
INFO: [SYN 201-201] Setting up clock 'default' with a period of 10ns.
INFO: [HLS 200-1465] Applying ini 'csim.code_analyzer=1' from /home/rimurutempest/Code/LSI_Design_Contest/HLS_DesignFlow/Lab1/matrixmul/hls_config.cfg(11)
INFO: [HLS 200-1465] Applying ini 'package.output.format=ip_catalog' from /home/rimurutempest/Code/LSI_Design_Contest/HLS_DesignFlow/Lab1/matrixmul/hls_config.cfg(5)
INFO: [SIM 211-200] Executing Code Analyzer instead of classic HLS C simulation
INFO: [HLS 211-200] Compiling source code ../matrixmul.cpp as hardware code with instrumentation
INFO: [HLS 211-200] Compiling source code /home/rimurutempest/Code/LSI_Design_Contest/HLS_DesignFlow/Lab1/matrixmul_test.cpp as test bench code with instrumentation
INFO: [HLS 211-200] Compiling source code ../matrixmul.cpp as test bench code with instrumentation
INFO: [HLS 211-200] Linking hardware code
INFO: [HLS 211-200] Transforming hardware bitcode
INFO: [HLS 211-200] Linking executable
INFO: [HLS 211-200] Computing HLS IR Information
INFO: [HLS 211-200] Determining source code dependencies
INFO: [SIM 211-200] Running executable
{
{870,906,942}
{1086,1131,1176}
{1302,1356,1410}
}
INFO: [SIM 211-200] Analyzing trace data
INFO: [SIM 211-208] Running Code Analyzer
INFO: [SIM 211-210] Code Analyzer finished
INFO: [HLS 200-112] Total CPU user time: 5 seconds. Total CPU system time: 0.95 seconds. Total elapsed time: 6.43 seconds; peak allocated memory: 246.340 MB.
INFO: [vitis-run 60-791] Total elapsed time: 0h 0m 10s
