  **** HLS Build v2024.2 5238294
INFO: [HLS 200-2005] Using work_dir /home/rimurutempest/Code/LSI_Design_Contest/HLS_DesignFlow/Lab1/matrixmul/matrixmul 
INFO: [HLS 200-1611] Setting target device to 'xc7z020-clg400-1'
INFO: [HLS 200-1505] Using default flow_target 'vivado'
Resolution: For help on HLS 200-1505 see docs.xilinx.com/access/sources/dita/topic?Doc_Version=2024.2%20English&url=ug1448-hls-guidance&resourceid=200-1505.html
INFO: [HLS 200-1465] Applying ini 'syn.file=/home/rimurutempest/Code/LSI_Design_Contest/HLS_DesignFlow/Lab1/matrixmul.cpp' from /home/rimurutempest/Code/LSI_Design_Contest/HLS_DesignFlow/Lab1/matrixmul/hls_config.cfg(8)
INFO: [HLS 200-10] Adding design file '/home/rimurutempest/Code/LSI_Design_Contest/HLS_DesignFlow/Lab1/matrixmul.cpp' to the project
INFO: [HLS 200-1465] Applying ini 'tb.file=/home/rimurutempest/Code/LSI_Design_Contest/HLS_DesignFlow/Lab1/matrixmul_test.cpp' from /home/rimurutempest/Code/LSI_Design_Contest/HLS_DesignFlow/Lab1/matrixmul/hls_config.cfg(9)
INFO: [HLS 200-10] Adding test bench file '/home/rimurutempest/Code/LSI_Design_Contest/HLS_DesignFlow/Lab1/matrixmul_test.cpp' to the project
INFO: [HLS 200-1465] Applying ini 'syn.top=matrixmul' from /home/rimurutempest/Code/LSI_Design_Contest/HLS_DesignFlow/Lab1/matrixmul/hls_config.cfg(7)
INFO: [HLS 200-1465] Applying ini 'flow_target=vivado' from /home/rimurutempest/Code/LSI_Design_Contest/HLS_DesignFlow/Lab1/matrixmul/hls_config.cfg(4)
INFO: [HLS 200-1505] Using flow_target 'vivado'
Resolution: For help on HLS 200-1505 see docs.xilinx.com/access/sources/dita/topic?Doc_Version=2024.2%20English&url=ug1448-hls-guidance&resourceid=200-1505.html
INFO: [HLS 200-1465] Applying ini 'part=xc7z020clg400-1' from /home/rimurutempest/Code/LSI_Design_Contest/HLS_DesignFlow/Lab1/matrixmul/hls_config.cfg(1)
INFO: [HLS 200-1465] Applying ini 'clock=10ns' from /home/rimurutempest/Code/LSI_Design_Contest/HLS_DesignFlow/Lab1/matrixmul/hls_config.cfg(10)
INFO: [SYN 201-201] Setting up clock 'default' with a period of 10ns.
INFO: [HLS 200-1465] Applying ini 'cosim.trace_level=all' from /home/rimurutempest/Code/LSI_Design_Contest/HLS_DesignFlow/Lab1/matrixmul/hls_config.cfg(12)
INFO: [HLS 200-1465] Applying ini 'cosim.wave_debug=1' from /home/rimurutempest/Code/LSI_Design_Contest/HLS_DesignFlow/Lab1/matrixmul/hls_config.cfg(13)
INFO: [HLS 200-1465] Applying ini 'csim.code_analyzer=0' from /home/rimurutempest/Code/LSI_Design_Contest/HLS_DesignFlow/Lab1/matrixmul/hls_config.cfg(11)
INFO: [HLS 200-1465] Applying ini 'package.output.format=ip_catalog' from /home/rimurutempest/Code/LSI_Design_Contest/HLS_DesignFlow/Lab1/matrixmul/hls_config.cfg(5)
INFO: [IMPL 213-8] Exporting RTL as a Vivado IP.
WARNING: /home/rimurutempest/Tool/Xilinx/Vivado/2024.2/tps/lnx64/jre11.0.16_1 does not exist.

****** Vivado v2024.2 (64-bit)
  **** SW Build 5239630 on Fri Nov 08 22:34:34 MST 2024
  **** IP Build 5239520 on Sun Nov 10 16:12:51 MST 2024
  **** SharedData Build 5239561 on Fri Nov 08 14:39:27 MST 2024
  **** Start of session at: Sat Nov 29 00:33:23 2025
    ** Copyright 1986-2022 Xilinx, Inc. All Rights Reserved.
    ** Copyright 2022-2024 Advanced Micro Devices, Inc. All Rights Reserved.

source run_ippack.tcl -notrace
INFO: calling package_hls_ip ip_types=vitis sysgen json_file=/home/rimurutempest/Code/LSI_Design_Contest/HLS_DesignFlow/Lab1/matrixmul/matrixmul/hls/hls_data.json outdir=/home/rimurutempest/Code/LSI_Design_Contest/HLS_DesignFlow/Lab1/matrixmul/matrixmul/hls/impl/ip srcdir=/home/rimurutempest/Code/LSI_Design_Contest/HLS_DesignFlow/Lab1/matrixmul/matrixmul/hls sort_interfaces_ports=false
INFO: Copied 1 ipmisc file(s) to /home/rimurutempest/Code/LSI_Design_Contest/HLS_DesignFlow/Lab1/matrixmul/matrixmul/hls/impl/ip/misc
INFO: Copied 5 verilog file(s) to /home/rimurutempest/Code/LSI_Design_Contest/HLS_DesignFlow/Lab1/matrixmul/matrixmul/hls/impl/ip/hdl/verilog
INFO: Copied 5 vhdl file(s) to /home/rimurutempest/Code/LSI_Design_Contest/HLS_DesignFlow/Lab1/matrixmul/matrixmul/hls/impl/ip/hdl/vhdl
INFO: Import ports from HDL: /home/rimurutempest/Code/LSI_Design_Contest/HLS_DesignFlow/Lab1/matrixmul/matrixmul/hls/impl/ip/hdl/vhdl/matrixmul.vhd (matrixmul)
INFO: Add clock interface ap_clk
INFO: Add reset interface ap_rst
INFO: Add ap_ctrl interface ap_ctrl
INFO: Add data interface a_address0
INFO: [IP_Flow 19-234] Refreshing IP repositories
INFO: [IP_Flow 19-1704] No user IP repositories specified
INFO: [IP_Flow 19-2313] Loaded Vivado IP repository '/home/rimurutempest/Tool/Xilinx/Vivado/2024.2/data/ip'.
INFO: Add data interface a_q0
INFO: Add data interface a_address1
INFO: Add data interface a_q1
INFO: Add data interface b_address0
INFO: Add data interface b_q0
INFO: Add data interface b_address1
INFO: Add data interface b_q1
INFO: Add data interface res_address0
INFO: Add data interface res_d0
INFO: Calling post_process_vitis to specialize IP
INFO: Calling post_process_sysgen to specialize IP
Generating sysgen info xml from json file
INFO: Created IP /home/rimurutempest/Code/LSI_Design_Contest/HLS_DesignFlow/Lab1/matrixmul/matrixmul/hls/impl/ip/component.xml
INFO: Created IP archive /home/rimurutempest/Code/LSI_Design_Contest/HLS_DesignFlow/Lab1/matrixmul/matrixmul/hls/impl/ip/xilinx_com_hls_matrixmul_1_0.zip
INFO: [Common 17-206] Exiting Vivado at Sat Nov 29 00:33:28 2025...
INFO: [HLS 200-802] Generated output file matrixmul/matrixmul.zip
INFO: [HLS 200-112] Total CPU user time: 8.63 seconds. Total CPU system time: 0.97 seconds. Total elapsed time: 18.5 seconds; peak allocated memory: 306.984 MB.
INFO: [vitis-run 60-791] Total elapsed time: 0h 0m 22s
