Fri Nov 28 23:04:04 2025: Running xcd server. This server was built by gradle.
Fri Nov 28 23:04:04 2025: Server was asked to start on port: '42047'
Fri Nov 28 23:04:04 2025: Server is using token UUID: '7985d8f4-e957-48ca-bebc-f7b84f1b3fca'
Fri Nov 28 23:04:04 2025: SESSION_MGR: creating session with session uuid: '6d04a3e9-ade5-4ab9-8d63-1f78fcd2ec76' and name 'default'
Fri Nov 28 23:04:04 2025: Attempting to start server on port '42047'
Fri Nov 28 23:04:04 2025: XCD main fifo: created main fifo '/tmp/xcdmain7985d8f4-e957-48ca-bebc-f7b84f1b3fca', fd read = 13
Fri Nov 28 23:04:04 2025: Running Dispatch Server
Fri Nov 28 23:04:04 2025: Version 2.2.0
Fri Nov 28 23:04:05 2025: Dispatch Server: Accepted socket connection from client
Fri Nov 28 23:04:05 2025: Starting Socket connection
Fri Nov 28 23:04:05 2025: EXCHANGE_TOKEN received, server token: 7985d8f4-e957-48ca-bebc-f7b84f1b3fca, passed token: 7985d8f4-e957-48ca-bebc-f7b84f1b3fca
Fri Nov 28 23:04:06 2025: DISPATCH_HANDLER: Adding handler from function makeHandler in library libxv_system_diagram
Fri Nov 28 23:04:06 2025: SESSION_MGR: creating session with session uuid: '9c60c6fe-fb2b-46fa-bf46-796669b70210' and name 'vitis-run_compile_matrixmul'
Fri Nov 28 23:04:06 2025: KERNEL_SVC: creating session with uuid: '9c60c6fe-fb2b-46fa-bf46-796669b70210' and name 'vitis-run_compile_matrixmul'
Fri Nov 28 23:04:06 2025: GUIDANCE_SMGR: creating guidance session with uuid: '9c60c6fe-fb2b-46fa-bf46-796669b70210' and name 'vitis-run_compile_matrixmul'
Fri Nov 28 23:04:06 2025: SYSTEM_DIAGRAM: creating session with uuid: '9c60c6fe-fb2b-46fa-bf46-796669b70210' and name 'vitis-run_compile_matrixmul'
Fri Nov 28 23:04:09 2025: Dispatch Server: Accepted socket connection from client
Fri Nov 28 23:04:09 2025: Starting Socket connection
Fri Nov 28 23:04:13 2025: SESSION_MGR: closing session for UUID '9c60c6fe-fb2b-46fa-bf46-796669b70210' with name 'vitis-run_compile_matrixmul'
Fri Nov 28 23:04:13 2025: KERNEL_SVC: closing session for UUID '9c60c6fe-fb2b-46fa-bf46-796669b70210' with name 'vitis-run_compile_matrixmul'
Fri Nov 28 23:04:13 2025: GUIDANCE_SMGR: closing session for UUID '9c60c6fe-fb2b-46fa-bf46-796669b70210' with name 'vitis-run_compile_matrixmul'
Fri Nov 28 23:04:13 2025: SYSTEM_DIAGRAM: closing session for UUID '9c60c6fe-fb2b-46fa-bf46-796669b70210' with name 'vitis-run_compile_matrixmul'
Fri Nov 28 23:04:13 2025: STOP_SERVER received, server token: 7985d8f4-e957-48ca-bebc-f7b84f1b3fca, passed token: 7985d8f4-e957-48ca-bebc-f7b84f1b3fca
Fri Nov 28 23:04:13 2025: Socket received request to stop server.
Fri Nov 28 23:04:13 2025: Dispatch Server: do_await_stop
Fri Nov 28 23:04:13 2025: Dispatch Server: stopping mainFifo_
Fri Nov 28 23:04:13 2025: XCD main fifo: Stopping
Fri Nov 28 23:04:13 2025: XCD main fifo: do_read error code: Operation canceled
Fri Nov 28 23:04:13 2025: XCD main fifo: bytes_transferred: 0
Fri Nov 28 23:04:13 2025: SERVER: destructor for server bound to port 42047
Fri Nov 28 23:04:13 2025: XCD main fifo: Good unlink of /tmp/xcdmain7985d8f4-e957-48ca-bebc-f7b84f1b3fca
Fri Nov 28 23:04:13 2025: Server exiting with status 0.
Fri Nov 28 23:04:13 2025: Closing log file.
Fri Nov 28 23:07:23 2025: Running xcd server. This server was built by gradle.
Fri Nov 28 23:07:23 2025: Server was asked to start on port: '46639'
Fri Nov 28 23:07:23 2025: Server is using token UUID: 'd3d68cb9-1838-429a-810e-22af138675ad'
Fri Nov 28 23:07:23 2025: SESSION_MGR: creating session with session uuid: '6d04a3e9-ade5-4ab9-8d63-1f78fcd2ec76' and name 'default'
Fri Nov 28 23:07:23 2025: Attempting to start server on port '46639'
Fri Nov 28 23:07:23 2025: XCD main fifo: created main fifo '/tmp/xcdmaind3d68cb9-1838-429a-810e-22af138675ad', fd read = 13
Fri Nov 28 23:07:23 2025: Running Dispatch Server
Fri Nov 28 23:07:23 2025: Version 2.2.0
Fri Nov 28 23:07:25 2025: Dispatch Server: Accepted socket connection from client
Fri Nov 28 23:07:25 2025: Starting Socket connection
Fri Nov 28 23:07:25 2025: EXCHANGE_TOKEN received, server token: d3d68cb9-1838-429a-810e-22af138675ad, passed token: d3d68cb9-1838-429a-810e-22af138675ad
Fri Nov 28 23:07:25 2025: DISPATCH_HANDLER: Adding handler from function makeHandler in library libxv_system_diagram
Fri Nov 28 23:07:25 2025: SESSION_MGR: creating session with session uuid: 'e88e6dab-fc61-4d12-814f-341b4c430560' and name 'vitis-run_compile_matrixmul'
Fri Nov 28 23:07:25 2025: KERNEL_SVC: creating session with uuid: 'e88e6dab-fc61-4d12-814f-341b4c430560' and name 'vitis-run_compile_matrixmul'
Fri Nov 28 23:07:25 2025: GUIDANCE_SMGR: creating guidance session with uuid: 'e88e6dab-fc61-4d12-814f-341b4c430560' and name 'vitis-run_compile_matrixmul'
Fri Nov 28 23:07:25 2025: SYSTEM_DIAGRAM: creating session with uuid: 'e88e6dab-fc61-4d12-814f-341b4c430560' and name 'vitis-run_compile_matrixmul'
Fri Nov 28 23:07:29 2025: Dispatch Server: Accepted socket connection from client
Fri Nov 28 23:07:29 2025: Starting Socket connection
Fri Nov 28 23:07:31 2025: SESSION_MGR: closing session for UUID 'e88e6dab-fc61-4d12-814f-341b4c430560' with name 'vitis-run_compile_matrixmul'
Fri Nov 28 23:07:31 2025: KERNEL_SVC: closing session for UUID 'e88e6dab-fc61-4d12-814f-341b4c430560' with name 'vitis-run_compile_matrixmul'
Fri Nov 28 23:07:31 2025: GUIDANCE_SMGR: closing session for UUID 'e88e6dab-fc61-4d12-814f-341b4c430560' with name 'vitis-run_compile_matrixmul'
Fri Nov 28 23:07:31 2025: SYSTEM_DIAGRAM: closing session for UUID 'e88e6dab-fc61-4d12-814f-341b4c430560' with name 'vitis-run_compile_matrixmul'
Fri Nov 28 23:07:31 2025: STOP_SERVER received, server token: d3d68cb9-1838-429a-810e-22af138675ad, passed token: d3d68cb9-1838-429a-810e-22af138675ad
Fri Nov 28 23:07:31 2025: Socket received request to stop server.
Fri Nov 28 23:07:31 2025: Dispatch Server: do_await_stop
Fri Nov 28 23:07:31 2025: Dispatch Server: stopping mainFifo_
Fri Nov 28 23:07:31 2025: XCD main fifo: Stopping
Fri Nov 28 23:07:31 2025: XCD main fifo: do_read error code: Operation canceled
Fri Nov 28 23:07:31 2025: XCD main fifo: bytes_transferred: 0
Fri Nov 28 23:07:31 2025: SERVER: destructor for server bound to port 46639
Fri Nov 28 23:07:31 2025: XCD main fifo: Good unlink of /tmp/xcdmaind3d68cb9-1838-429a-810e-22af138675ad
Fri Nov 28 23:07:31 2025: Server exiting with status 0.
Fri Nov 28 23:07:31 2025: Closing log file.
Fri Nov 28 23:08:42 2025: Running xcd server. This server was built by gradle.
Fri Nov 28 23:08:42 2025: Server was asked to start on port: '42273'
Fri Nov 28 23:08:42 2025: Server is using token UUID: '38f37ab7-f001-47f5-8f33-b5150af3ccb3'
Fri Nov 28 23:08:42 2025: SESSION_MGR: creating session with session uuid: '6d04a3e9-ade5-4ab9-8d63-1f78fcd2ec76' and name 'default'
Fri Nov 28 23:08:42 2025: Attempting to start server on port '42273'
Fri Nov 28 23:08:42 2025: XCD main fifo: created main fifo '/tmp/xcdmain38f37ab7-f001-47f5-8f33-b5150af3ccb3', fd read = 13
Fri Nov 28 23:08:42 2025: Running Dispatch Server
Fri Nov 28 23:08:42 2025: Version 2.2.0
Fri Nov 28 23:08:44 2025: Dispatch Server: Accepted socket connection from client
Fri Nov 28 23:08:44 2025: Starting Socket connection
Fri Nov 28 23:08:44 2025: EXCHANGE_TOKEN received, server token: 38f37ab7-f001-47f5-8f33-b5150af3ccb3, passed token: 38f37ab7-f001-47f5-8f33-b5150af3ccb3
Fri Nov 28 23:08:44 2025: DISPATCH_HANDLER: Adding handler from function makeHandler in library libxv_system_diagram
Fri Nov 28 23:08:44 2025: SESSION_MGR: creating session with session uuid: '2b13aaae-942e-4f2e-bf86-fe91b9ed3f93' and name 'vitis-run_compile_matrixmul'
Fri Nov 28 23:08:44 2025: KERNEL_SVC: creating session with uuid: '2b13aaae-942e-4f2e-bf86-fe91b9ed3f93' and name 'vitis-run_compile_matrixmul'
Fri Nov 28 23:08:44 2025: GUIDANCE_SMGR: creating guidance session with uuid: '2b13aaae-942e-4f2e-bf86-fe91b9ed3f93' and name 'vitis-run_compile_matrixmul'
Fri Nov 28 23:08:44 2025: SYSTEM_DIAGRAM: creating session with uuid: '2b13aaae-942e-4f2e-bf86-fe91b9ed3f93' and name 'vitis-run_compile_matrixmul'
Fri Nov 28 23:08:48 2025: Dispatch Server: Accepted socket connection from client
Fri Nov 28 23:08:48 2025: Starting Socket connection
Fri Nov 28 23:08:49 2025: SESSION_MGR: closing session for UUID '2b13aaae-942e-4f2e-bf86-fe91b9ed3f93' with name 'vitis-run_compile_matrixmul'
Fri Nov 28 23:08:49 2025: KERNEL_SVC: closing session for UUID '2b13aaae-942e-4f2e-bf86-fe91b9ed3f93' with name 'vitis-run_compile_matrixmul'
Fri Nov 28 23:08:49 2025: GUIDANCE_SMGR: closing session for UUID '2b13aaae-942e-4f2e-bf86-fe91b9ed3f93' with name 'vitis-run_compile_matrixmul'
Fri Nov 28 23:08:49 2025: SYSTEM_DIAGRAM: closing session for UUID '2b13aaae-942e-4f2e-bf86-fe91b9ed3f93' with name 'vitis-run_compile_matrixmul'
Fri Nov 28 23:08:49 2025: STOP_SERVER received, server token: 38f37ab7-f001-47f5-8f33-b5150af3ccb3, passed token: 38f37ab7-f001-47f5-8f33-b5150af3ccb3
Fri Nov 28 23:08:49 2025: Socket received request to stop server.
Fri Nov 28 23:08:49 2025: Dispatch Server: do_await_stop
Fri Nov 28 23:08:49 2025: Dispatch Server: stopping mainFifo_
Fri Nov 28 23:08:49 2025: XCD main fifo: Stopping
Fri Nov 28 23:08:49 2025: XCD main fifo: do_read error code: Operation canceled
Fri Nov 28 23:08:49 2025: XCD main fifo: bytes_transferred: 0
Fri Nov 28 23:08:49 2025: SERVER: destructor for server bound to port 42273
Fri Nov 28 23:08:49 2025: XCD main fifo: Good unlink of /tmp/xcdmain38f37ab7-f001-47f5-8f33-b5150af3ccb3
Fri Nov 28 23:08:49 2025: Server exiting with status 0.
Fri Nov 28 23:08:49 2025: Closing log file.
Fri Nov 28 23:24:40 2025: Running xcd server. This server was built by gradle.
Fri Nov 28 23:24:40 2025: Server was asked to start on port: '39453'
Fri Nov 28 23:24:40 2025: Server is using token UUID: '3d49c088-a21f-406f-a3b0-1fcca6182cef'
Fri Nov 28 23:24:40 2025: SESSION_MGR: creating session with session uuid: '6d04a3e9-ade5-4ab9-8d63-1f78fcd2ec76' and name 'default'
Fri Nov 28 23:24:40 2025: Attempting to start server on port '39453'
Fri Nov 28 23:24:40 2025: XCD main fifo: created main fifo '/tmp/xcdmain3d49c088-a21f-406f-a3b0-1fcca6182cef', fd read = 13
Fri Nov 28 23:24:40 2025: Running Dispatch Server
Fri Nov 28 23:24:40 2025: Version 2.2.0
Fri Nov 28 23:24:42 2025: Dispatch Server: Accepted socket connection from client
Fri Nov 28 23:24:42 2025: Starting Socket connection
Fri Nov 28 23:24:42 2025: EXCHANGE_TOKEN received, server token: 3d49c088-a21f-406f-a3b0-1fcca6182cef, passed token: 3d49c088-a21f-406f-a3b0-1fcca6182cef
Fri Nov 28 23:24:42 2025: DISPATCH_HANDLER: Adding handler from function makeHandler in library libxv_system_diagram
Fri Nov 28 23:24:42 2025: SESSION_MGR: creating session with session uuid: '5c419889-baf6-4b5e-a5e4-043b1ed98ee0' and name 'vitis-run_compile_matrixmul'
Fri Nov 28 23:24:42 2025: KERNEL_SVC: creating session with uuid: '5c419889-baf6-4b5e-a5e4-043b1ed98ee0' and name 'vitis-run_compile_matrixmul'
Fri Nov 28 23:24:42 2025: GUIDANCE_SMGR: creating guidance session with uuid: '5c419889-baf6-4b5e-a5e4-043b1ed98ee0' and name 'vitis-run_compile_matrixmul'
Fri Nov 28 23:24:42 2025: SYSTEM_DIAGRAM: creating session with uuid: '5c419889-baf6-4b5e-a5e4-043b1ed98ee0' and name 'vitis-run_compile_matrixmul'
Fri Nov 28 23:24:45 2025: Dispatch Server: Accepted socket connection from client
Fri Nov 28 23:24:45 2025: Starting Socket connection
Fri Nov 28 23:24:48 2025: SESSION_MGR: closing session for UUID '5c419889-baf6-4b5e-a5e4-043b1ed98ee0' with name 'vitis-run_compile_matrixmul'
Fri Nov 28 23:24:48 2025: KERNEL_SVC: closing session for UUID '5c419889-baf6-4b5e-a5e4-043b1ed98ee0' with name 'vitis-run_compile_matrixmul'
Fri Nov 28 23:24:48 2025: GUIDANCE_SMGR: closing session for UUID '5c419889-baf6-4b5e-a5e4-043b1ed98ee0' with name 'vitis-run_compile_matrixmul'
Fri Nov 28 23:24:48 2025: SYSTEM_DIAGRAM: closing session for UUID '5c419889-baf6-4b5e-a5e4-043b1ed98ee0' with name 'vitis-run_compile_matrixmul'
Fri Nov 28 23:24:48 2025: STOP_SERVER received, server token: 3d49c088-a21f-406f-a3b0-1fcca6182cef, passed token: 3d49c088-a21f-406f-a3b0-1fcca6182cef
Fri Nov 28 23:24:48 2025: Socket received request to stop server.
Fri Nov 28 23:24:48 2025: Dispatch Server: do_await_stop
Fri Nov 28 23:24:48 2025: Dispatch Server: stopping mainFifo_
Fri Nov 28 23:24:48 2025: XCD main fifo: Stopping
Fri Nov 28 23:24:48 2025: XCD main fifo: do_read error code: Operation canceled
Fri Nov 28 23:24:48 2025: XCD main fifo: bytes_transferred: 0
Fri Nov 28 23:24:48 2025: SERVER: destructor for server bound to port 39453
Fri Nov 28 23:24:48 2025: XCD main fifo: Good unlink of /tmp/xcdmain3d49c088-a21f-406f-a3b0-1fcca6182cef
Fri Nov 28 23:24:48 2025: Server exiting with status 0.
Fri Nov 28 23:24:48 2025: Closing log file.
Fri Nov 28 23:25:02 2025: Running xcd server. This server was built by gradle.
Fri Nov 28 23:25:02 2025: Server was asked to start on port: '44545'
Fri Nov 28 23:25:02 2025: Server is using token UUID: 'd48f8147-1283-41a3-bb94-2f33f2e4dbb2'
Fri Nov 28 23:25:02 2025: SESSION_MGR: creating session with session uuid: '6d04a3e9-ade5-4ab9-8d63-1f78fcd2ec76' and name 'default'
Fri Nov 28 23:25:02 2025: Attempting to start server on port '44545'
Fri Nov 28 23:25:02 2025: XCD main fifo: created main fifo '/tmp/xcdmaind48f8147-1283-41a3-bb94-2f33f2e4dbb2', fd read = 13
Fri Nov 28 23:25:02 2025: Running Dispatch Server
Fri Nov 28 23:25:02 2025: Version 2.2.0
Fri Nov 28 23:25:03 2025: Dispatch Server: Accepted socket connection from client
Fri Nov 28 23:25:03 2025: Starting Socket connection
Fri Nov 28 23:25:03 2025: EXCHANGE_TOKEN received, server token: d48f8147-1283-41a3-bb94-2f33f2e4dbb2, passed token: d48f8147-1283-41a3-bb94-2f33f2e4dbb2
Fri Nov 28 23:25:04 2025: DISPATCH_HANDLER: Adding handler from function makeHandler in library libxv_system_diagram
Fri Nov 28 23:25:04 2025: SESSION_MGR: creating session with session uuid: 'e97a3a45-7f93-49e7-8b8f-956ed0ba944c' and name 'vitis-run_compile_matrixmul'
Fri Nov 28 23:25:04 2025: KERNEL_SVC: creating session with uuid: 'e97a3a45-7f93-49e7-8b8f-956ed0ba944c' and name 'vitis-run_compile_matrixmul'
Fri Nov 28 23:25:04 2025: GUIDANCE_SMGR: creating guidance session with uuid: 'e97a3a45-7f93-49e7-8b8f-956ed0ba944c' and name 'vitis-run_compile_matrixmul'
Fri Nov 28 23:25:04 2025: SYSTEM_DIAGRAM: creating session with uuid: 'e97a3a45-7f93-49e7-8b8f-956ed0ba944c' and name 'vitis-run_compile_matrixmul'
Fri Nov 28 23:25:07 2025: Dispatch Server: Accepted socket connection from client
Fri Nov 28 23:25:07 2025: Starting Socket connection
Fri Nov 28 23:25:10 2025: SESSION_MGR: closing session for UUID 'e97a3a45-7f93-49e7-8b8f-956ed0ba944c' with name 'vitis-run_compile_matrixmul'
Fri Nov 28 23:25:10 2025: KERNEL_SVC: closing session for UUID 'e97a3a45-7f93-49e7-8b8f-956ed0ba944c' with name 'vitis-run_compile_matrixmul'
Fri Nov 28 23:25:10 2025: GUIDANCE_SMGR: closing session for UUID 'e97a3a45-7f93-49e7-8b8f-956ed0ba944c' with name 'vitis-run_compile_matrixmul'
Fri Nov 28 23:25:10 2025: SYSTEM_DIAGRAM: closing session for UUID 'e97a3a45-7f93-49e7-8b8f-956ed0ba944c' with name 'vitis-run_compile_matrixmul'
Fri Nov 28 23:25:10 2025: STOP_SERVER received, server token: d48f8147-1283-41a3-bb94-2f33f2e4dbb2, passed token: d48f8147-1283-41a3-bb94-2f33f2e4dbb2
Fri Nov 28 23:25:10 2025: Socket received request to stop server.
Fri Nov 28 23:25:10 2025: Dispatch Server: do_await_stop
Fri Nov 28 23:25:10 2025: Dispatch Server: stopping mainFifo_
Fri Nov 28 23:25:10 2025: XCD main fifo: Stopping
Fri Nov 28 23:25:10 2025: XCD main fifo: do_read error code: Operation canceled
Fri Nov 28 23:25:10 2025: XCD main fifo: bytes_transferred: 0
Fri Nov 28 23:25:10 2025: SERVER: destructor for server bound to port 44545
Fri Nov 28 23:25:10 2025: XCD main fifo: Good unlink of /tmp/xcdmaind48f8147-1283-41a3-bb94-2f33f2e4dbb2
Fri Nov 28 23:25:10 2025: Server exiting with status 0.
Fri Nov 28 23:25:10 2025: Closing log file.
Fri Nov 28 23:26:08 2025: Running xcd server. This server was built by gradle.
Fri Nov 28 23:26:08 2025: Server was asked to start on port: '43517'
Fri Nov 28 23:26:08 2025: Server is using token UUID: '40af54f4-d959-4c98-8377-410db155c6e0'
Fri Nov 28 23:26:08 2025: SESSION_MGR: creating session with session uuid: '6d04a3e9-ade5-4ab9-8d63-1f78fcd2ec76' and name 'default'
Fri Nov 28 23:26:08 2025: Attempting to start server on port '43517'
Fri Nov 28 23:26:08 2025: XCD main fifo: created main fifo '/tmp/xcdmain40af54f4-d959-4c98-8377-410db155c6e0', fd read = 13
Fri Nov 28 23:26:08 2025: Running Dispatch Server
Fri Nov 28 23:26:08 2025: Version 2.2.0
Fri Nov 28 23:26:10 2025: Dispatch Server: Accepted socket connection from client
Fri Nov 28 23:26:10 2025: Starting Socket connection
Fri Nov 28 23:26:10 2025: EXCHANGE_TOKEN received, server token: 40af54f4-d959-4c98-8377-410db155c6e0, passed token: 40af54f4-d959-4c98-8377-410db155c6e0
Fri Nov 28 23:26:10 2025: DISPATCH_HANDLER: Adding handler from function makeHandler in library libxv_system_diagram
Fri Nov 28 23:26:10 2025: SESSION_MGR: creating session with session uuid: '99d872a8-4a1a-4207-b480-d01e06a776d7' and name 'vitis-run_compile_matrixmul'
Fri Nov 28 23:26:10 2025: KERNEL_SVC: creating session with uuid: '99d872a8-4a1a-4207-b480-d01e06a776d7' and name 'vitis-run_compile_matrixmul'
Fri Nov 28 23:26:10 2025: GUIDANCE_SMGR: creating guidance session with uuid: '99d872a8-4a1a-4207-b480-d01e06a776d7' and name 'vitis-run_compile_matrixmul'
Fri Nov 28 23:26:10 2025: SYSTEM_DIAGRAM: creating session with uuid: '99d872a8-4a1a-4207-b480-d01e06a776d7' and name 'vitis-run_compile_matrixmul'
Fri Nov 28 23:26:14 2025: Dispatch Server: Accepted socket connection from client
Fri Nov 28 23:26:14 2025: Starting Socket connection
Fri Nov 28 23:26:15 2025: SESSION_MGR: closing session for UUID '99d872a8-4a1a-4207-b480-d01e06a776d7' with name 'vitis-run_compile_matrixmul'
Fri Nov 28 23:26:15 2025: KERNEL_SVC: closing session for UUID '99d872a8-4a1a-4207-b480-d01e06a776d7' with name 'vitis-run_compile_matrixmul'
Fri Nov 28 23:26:15 2025: GUIDANCE_SMGR: closing session for UUID '99d872a8-4a1a-4207-b480-d01e06a776d7' with name 'vitis-run_compile_matrixmul'
Fri Nov 28 23:26:15 2025: SYSTEM_DIAGRAM: closing session for UUID '99d872a8-4a1a-4207-b480-d01e06a776d7' with name 'vitis-run_compile_matrixmul'
Fri Nov 28 23:26:15 2025: STOP_SERVER received, server token: 40af54f4-d959-4c98-8377-410db155c6e0, passed token: 40af54f4-d959-4c98-8377-410db155c6e0
Fri Nov 28 23:26:15 2025: Socket received request to stop server.
Fri Nov 28 23:26:15 2025: Dispatch Server: do_await_stop
Fri Nov 28 23:26:15 2025: Dispatch Server: stopping mainFifo_
Fri Nov 28 23:26:15 2025: XCD main fifo: Stopping
Fri Nov 28 23:26:15 2025: XCD main fifo: do_read error code: Operation canceled
Fri Nov 28 23:26:15 2025: XCD main fifo: bytes_transferred: 0
Fri Nov 28 23:26:15 2025: SERVER: destructor for server bound to port 43517
Fri Nov 28 23:26:15 2025: XCD main fifo: Good unlink of /tmp/xcdmain40af54f4-d959-4c98-8377-410db155c6e0
Fri Nov 28 23:26:15 2025: Server exiting with status 0.
Fri Nov 28 23:26:15 2025: Closing log file.
Fri Nov 28 23:27:03 2025: Running xcd server. This server was built by gradle.
Fri Nov 28 23:27:03 2025: Server was asked to start on port: '42403'
Fri Nov 28 23:27:03 2025: Server is using token UUID: 'b792b2c5-2117-4bb9-b97a-57fc1c80e0de'
Fri Nov 28 23:27:03 2025: SESSION_MGR: creating session with session uuid: '6d04a3e9-ade5-4ab9-8d63-1f78fcd2ec76' and name 'default'
Fri Nov 28 23:27:03 2025: Attempting to start server on port '42403'
Fri Nov 28 23:27:03 2025: XCD main fifo: created main fifo '/tmp/xcdmainb792b2c5-2117-4bb9-b97a-57fc1c80e0de', fd read = 13
Fri Nov 28 23:27:03 2025: Running Dispatch Server
Fri Nov 28 23:27:03 2025: Version 2.2.0
Fri Nov 28 23:27:04 2025: Dispatch Server: Accepted socket connection from client
Fri Nov 28 23:27:04 2025: Starting Socket connection
Fri Nov 28 23:27:04 2025: EXCHANGE_TOKEN received, server token: b792b2c5-2117-4bb9-b97a-57fc1c80e0de, passed token: b792b2c5-2117-4bb9-b97a-57fc1c80e0de
Fri Nov 28 23:27:05 2025: DISPATCH_HANDLER: Adding handler from function makeHandler in library libxv_system_diagram
Fri Nov 28 23:27:05 2025: SESSION_MGR: creating session with session uuid: 'f21ce8e7-5945-41c1-a7a7-a63340d27142' and name 'vitis-run_compile_matrixmul'
Fri Nov 28 23:27:05 2025: KERNEL_SVC: creating session with uuid: 'f21ce8e7-5945-41c1-a7a7-a63340d27142' and name 'vitis-run_compile_matrixmul'
Fri Nov 28 23:27:05 2025: GUIDANCE_SMGR: creating guidance session with uuid: 'f21ce8e7-5945-41c1-a7a7-a63340d27142' and name 'vitis-run_compile_matrixmul'
Fri Nov 28 23:27:05 2025: SYSTEM_DIAGRAM: creating session with uuid: 'f21ce8e7-5945-41c1-a7a7-a63340d27142' and name 'vitis-run_compile_matrixmul'
Fri Nov 28 23:27:08 2025: Dispatch Server: Accepted socket connection from client
Fri Nov 28 23:27:08 2025: Starting Socket connection
Fri Nov 28 23:27:10 2025: SESSION_MGR: closing session for UUID 'f21ce8e7-5945-41c1-a7a7-a63340d27142' with name 'vitis-run_compile_matrixmul'
Fri Nov 28 23:27:10 2025: KERNEL_SVC: closing session for UUID 'f21ce8e7-5945-41c1-a7a7-a63340d27142' with name 'vitis-run_compile_matrixmul'
Fri Nov 28 23:27:10 2025: GUIDANCE_SMGR: closing session for UUID 'f21ce8e7-5945-41c1-a7a7-a63340d27142' with name 'vitis-run_compile_matrixmul'
Fri Nov 28 23:27:10 2025: SYSTEM_DIAGRAM: closing session for UUID 'f21ce8e7-5945-41c1-a7a7-a63340d27142' with name 'vitis-run_compile_matrixmul'
Fri Nov 28 23:27:10 2025: STOP_SERVER received, server token: b792b2c5-2117-4bb9-b97a-57fc1c80e0de, passed token: b792b2c5-2117-4bb9-b97a-57fc1c80e0de
Fri Nov 28 23:27:10 2025: Socket received request to stop server.
Fri Nov 28 23:27:10 2025: Dispatch Server: do_await_stop
Fri Nov 28 23:27:10 2025: Dispatch Server: stopping mainFifo_
Fri Nov 28 23:27:10 2025: XCD main fifo: Stopping
Fri Nov 28 23:27:10 2025: XCD main fifo: do_read error code: Operation canceled
Fri Nov 28 23:27:10 2025: XCD main fifo: bytes_transferred: 0
Fri Nov 28 23:27:10 2025: SERVER: destructor for server bound to port 42403
Fri Nov 28 23:27:10 2025: XCD main fifo: Good unlink of /tmp/xcdmainb792b2c5-2117-4bb9-b97a-57fc1c80e0de
Fri Nov 28 23:27:10 2025: Server exiting with status 0.
Fri Nov 28 23:27:10 2025: Closing log file.
Fri Nov 28 23:33:04 2025: Running xcd server. This server was built by gradle.
Fri Nov 28 23:33:04 2025: Server was asked to start on port: '37967'
Fri Nov 28 23:33:04 2025: Server is using token UUID: '87385fea-152a-44d8-bfa0-c0546bb1b063'
Fri Nov 28 23:33:04 2025: SESSION_MGR: creating session with session uuid: '6d04a3e9-ade5-4ab9-8d63-1f78fcd2ec76' and name 'default'
Fri Nov 28 23:33:04 2025: Attempting to start server on port '37967'
Fri Nov 28 23:33:04 2025: XCD main fifo: created main fifo '/tmp/xcdmain87385fea-152a-44d8-bfa0-c0546bb1b063', fd read = 13
Fri Nov 28 23:33:04 2025: Running Dispatch Server
Fri Nov 28 23:33:04 2025: Version 2.2.0
Fri Nov 28 23:33:05 2025: Dispatch Server: Accepted socket connection from client
Fri Nov 28 23:33:05 2025: Starting Socket connection
Fri Nov 28 23:33:05 2025: EXCHANGE_TOKEN received, server token: 87385fea-152a-44d8-bfa0-c0546bb1b063, passed token: 87385fea-152a-44d8-bfa0-c0546bb1b063
Fri Nov 28 23:33:06 2025: DISPATCH_HANDLER: Adding handler from function makeHandler in library libxv_system_diagram
Fri Nov 28 23:33:06 2025: SESSION_MGR: creating session with session uuid: '674ccd51-05f9-484f-a56f-03fd67e2b32c' and name 'vitis-run_compile_matrixmul'
Fri Nov 28 23:33:06 2025: KERNEL_SVC: creating session with uuid: '674ccd51-05f9-484f-a56f-03fd67e2b32c' and name 'vitis-run_compile_matrixmul'
Fri Nov 28 23:33:06 2025: GUIDANCE_SMGR: creating guidance session with uuid: '674ccd51-05f9-484f-a56f-03fd67e2b32c' and name 'vitis-run_compile_matrixmul'
Fri Nov 28 23:33:06 2025: SYSTEM_DIAGRAM: creating session with uuid: '674ccd51-05f9-484f-a56f-03fd67e2b32c' and name 'vitis-run_compile_matrixmul'
Fri Nov 28 23:33:09 2025: Dispatch Server: Accepted socket connection from client
Fri Nov 28 23:33:09 2025: Starting Socket connection
Fri Nov 28 23:33:10 2025: SESSION_MGR: closing session for UUID '674ccd51-05f9-484f-a56f-03fd67e2b32c' with name 'vitis-run_compile_matrixmul'
Fri Nov 28 23:33:10 2025: KERNEL_SVC: closing session for UUID '674ccd51-05f9-484f-a56f-03fd67e2b32c' with name 'vitis-run_compile_matrixmul'
Fri Nov 28 23:33:10 2025: GUIDANCE_SMGR: closing session for UUID '674ccd51-05f9-484f-a56f-03fd67e2b32c' with name 'vitis-run_compile_matrixmul'
Fri Nov 28 23:33:10 2025: SYSTEM_DIAGRAM: closing session for UUID '674ccd51-05f9-484f-a56f-03fd67e2b32c' with name 'vitis-run_compile_matrixmul'
Fri Nov 28 23:33:10 2025: STOP_SERVER received, server token: 87385fea-152a-44d8-bfa0-c0546bb1b063, passed token: 87385fea-152a-44d8-bfa0-c0546bb1b063
Fri Nov 28 23:33:10 2025: Socket received request to stop server.
Fri Nov 28 23:33:10 2025: Dispatch Server: do_await_stop
Fri Nov 28 23:33:10 2025: Dispatch Server: stopping mainFifo_
Fri Nov 28 23:33:10 2025: XCD main fifo: Stopping
Fri Nov 28 23:33:10 2025: XCD main fifo: do_read error code: Operation canceled
Fri Nov 28 23:33:10 2025: XCD main fifo: bytes_transferred: 0
Fri Nov 28 23:33:10 2025: SERVER: destructor for server bound to port 37967
Fri Nov 28 23:33:10 2025: XCD main fifo: Good unlink of /tmp/xcdmain87385fea-152a-44d8-bfa0-c0546bb1b063
Fri Nov 28 23:33:10 2025: Server exiting with status 0.
Fri Nov 28 23:33:10 2025: Closing log file.
Fri Nov 28 23:34:35 2025: Running xcd server. This server was built by gradle.
Fri Nov 28 23:34:35 2025: Server was asked to start on port: '33643'
Fri Nov 28 23:34:35 2025: Server is using token UUID: '2217670b-a0ab-4512-ac75-be9cab987bdf'
Fri Nov 28 23:34:35 2025: SESSION_MGR: creating session with session uuid: '6d04a3e9-ade5-4ab9-8d63-1f78fcd2ec76' and name 'default'
Fri Nov 28 23:34:35 2025: Attempting to start server on port '33643'
Fri Nov 28 23:34:35 2025: XCD main fifo: created main fifo '/tmp/xcdmain2217670b-a0ab-4512-ac75-be9cab987bdf', fd read = 13
Fri Nov 28 23:34:35 2025: Running Dispatch Server
Fri Nov 28 23:34:35 2025: Version 2.2.0
Fri Nov 28 23:34:37 2025: Dispatch Server: Accepted socket connection from client
Fri Nov 28 23:34:37 2025: Starting Socket connection
Fri Nov 28 23:34:37 2025: EXCHANGE_TOKEN received, server token: 2217670b-a0ab-4512-ac75-be9cab987bdf, passed token: 2217670b-a0ab-4512-ac75-be9cab987bdf
Fri Nov 28 23:34:37 2025: DISPATCH_HANDLER: Adding handler from function makeHandler in library libxv_system_diagram
Fri Nov 28 23:34:37 2025: SESSION_MGR: creating session with session uuid: 'd1798e36-88dc-44e6-b97d-39e386251ce7' and name 'vitis-run_compile_matrixmul'
Fri Nov 28 23:34:37 2025: KERNEL_SVC: creating session with uuid: 'd1798e36-88dc-44e6-b97d-39e386251ce7' and name 'vitis-run_compile_matrixmul'
Fri Nov 28 23:34:37 2025: GUIDANCE_SMGR: creating guidance session with uuid: 'd1798e36-88dc-44e6-b97d-39e386251ce7' and name 'vitis-run_compile_matrixmul'
Fri Nov 28 23:34:37 2025: SYSTEM_DIAGRAM: creating session with uuid: 'd1798e36-88dc-44e6-b97d-39e386251ce7' and name 'vitis-run_compile_matrixmul'
Fri Nov 28 23:34:41 2025: Dispatch Server: Accepted socket connection from client
Fri Nov 28 23:34:41 2025: Starting Socket connection
Fri Nov 28 23:34:41 2025: SESSION_MGR: closing session for UUID 'd1798e36-88dc-44e6-b97d-39e386251ce7' with name 'vitis-run_compile_matrixmul'
Fri Nov 28 23:34:41 2025: KERNEL_SVC: closing session for UUID 'd1798e36-88dc-44e6-b97d-39e386251ce7' with name 'vitis-run_compile_matrixmul'
Fri Nov 28 23:34:41 2025: GUIDANCE_SMGR: closing session for UUID 'd1798e36-88dc-44e6-b97d-39e386251ce7' with name 'vitis-run_compile_matrixmul'
Fri Nov 28 23:34:41 2025: SYSTEM_DIAGRAM: closing session for UUID 'd1798e36-88dc-44e6-b97d-39e386251ce7' with name 'vitis-run_compile_matrixmul'
Fri Nov 28 23:34:41 2025: STOP_SERVER received, server token: 2217670b-a0ab-4512-ac75-be9cab987bdf, passed token: 2217670b-a0ab-4512-ac75-be9cab987bdf
Fri Nov 28 23:34:41 2025: Socket received request to stop server.
Fri Nov 28 23:34:41 2025: Dispatch Server: do_await_stop
Fri Nov 28 23:34:41 2025: Dispatch Server: stopping mainFifo_
Fri Nov 28 23:34:41 2025: XCD main fifo: Stopping
Fri Nov 28 23:34:41 2025: XCD main fifo: do_read error code: Operation canceled
Fri Nov 28 23:34:41 2025: XCD main fifo: bytes_transferred: 0
Fri Nov 28 23:34:41 2025: SERVER: destructor for server bound to port 33643
Fri Nov 28 23:34:41 2025: XCD main fifo: Good unlink of /tmp/xcdmain2217670b-a0ab-4512-ac75-be9cab987bdf
Fri Nov 28 23:34:41 2025: Server exiting with status 0.
Fri Nov 28 23:34:41 2025: Closing log file.
Fri Nov 28 23:37:25 2025: Running xcd server. This server was built by gradle.
Fri Nov 28 23:37:25 2025: Server was asked to start on port: '36473'
Fri Nov 28 23:37:25 2025: Server is using token UUID: '110f0ee2-2b8c-498f-83a9-c77eb8643b75'
Fri Nov 28 23:37:25 2025: SESSION_MGR: creating session with session uuid: '6d04a3e9-ade5-4ab9-8d63-1f78fcd2ec76' and name 'default'
Fri Nov 28 23:37:25 2025: Attempting to start server on port '36473'
Fri Nov 28 23:37:25 2025: XCD main fifo: created main fifo '/tmp/xcdmain110f0ee2-2b8c-498f-83a9-c77eb8643b75', fd read = 13
Fri Nov 28 23:37:25 2025: Running Dispatch Server
Fri Nov 28 23:37:25 2025: Version 2.2.0
Fri Nov 28 23:37:26 2025: Dispatch Server: Accepted socket connection from client
Fri Nov 28 23:37:26 2025: Starting Socket connection
Fri Nov 28 23:37:26 2025: EXCHANGE_TOKEN received, server token: 110f0ee2-2b8c-498f-83a9-c77eb8643b75, passed token: 110f0ee2-2b8c-498f-83a9-c77eb8643b75
Fri Nov 28 23:37:27 2025: DISPATCH_HANDLER: Adding handler from function makeHandler in library libxv_system_diagram
Fri Nov 28 23:37:27 2025: SESSION_MGR: creating session with session uuid: 'b934f3e7-6c3a-47e3-80ba-331944456be9' and name 'vitis-run_compile_matrixmul'
Fri Nov 28 23:37:27 2025: KERNEL_SVC: creating session with uuid: 'b934f3e7-6c3a-47e3-80ba-331944456be9' and name 'vitis-run_compile_matrixmul'
Fri Nov 28 23:37:27 2025: GUIDANCE_SMGR: creating guidance session with uuid: 'b934f3e7-6c3a-47e3-80ba-331944456be9' and name 'vitis-run_compile_matrixmul'
Fri Nov 28 23:37:27 2025: SYSTEM_DIAGRAM: creating session with uuid: 'b934f3e7-6c3a-47e3-80ba-331944456be9' and name 'vitis-run_compile_matrixmul'
Fri Nov 28 23:37:30 2025: Dispatch Server: Accepted socket connection from client
Fri Nov 28 23:37:30 2025: Starting Socket connection
Fri Nov 28 23:37:31 2025: SESSION_MGR: closing session for UUID 'b934f3e7-6c3a-47e3-80ba-331944456be9' with name 'vitis-run_compile_matrixmul'
Fri Nov 28 23:37:31 2025: KERNEL_SVC: closing session for UUID 'b934f3e7-6c3a-47e3-80ba-331944456be9' with name 'vitis-run_compile_matrixmul'
Fri Nov 28 23:37:31 2025: GUIDANCE_SMGR: closing session for UUID 'b934f3e7-6c3a-47e3-80ba-331944456be9' with name 'vitis-run_compile_matrixmul'
Fri Nov 28 23:37:31 2025: SYSTEM_DIAGRAM: closing session for UUID 'b934f3e7-6c3a-47e3-80ba-331944456be9' with name 'vitis-run_compile_matrixmul'
Fri Nov 28 23:37:31 2025: STOP_SERVER received, server token: 110f0ee2-2b8c-498f-83a9-c77eb8643b75, passed token: 110f0ee2-2b8c-498f-83a9-c77eb8643b75
Fri Nov 28 23:37:31 2025: Socket received request to stop server.
Fri Nov 28 23:37:31 2025: Dispatch Server: do_await_stop
Fri Nov 28 23:37:31 2025: Dispatch Server: stopping mainFifo_
Fri Nov 28 23:37:31 2025: XCD main fifo: Stopping
Fri Nov 28 23:37:31 2025: XCD main fifo: do_read error code: Operation canceled
Fri Nov 28 23:37:31 2025: XCD main fifo: bytes_transferred: 0
Fri Nov 28 23:37:31 2025: SERVER: destructor for server bound to port 36473
Fri Nov 28 23:37:31 2025: XCD main fifo: Good unlink of /tmp/xcdmain110f0ee2-2b8c-498f-83a9-c77eb8643b75
Fri Nov 28 23:37:31 2025: Server exiting with status 0.
Fri Nov 28 23:37:31 2025: Closing log file.
Fri Nov 28 23:38:34 2025: Running xcd server. This server was built by gradle.
Fri Nov 28 23:38:34 2025: Server was asked to start on port: '39215'
Fri Nov 28 23:38:34 2025: Server is using token UUID: '7cd34c2d-1327-49d9-b0c1-199b0815a62b'
Fri Nov 28 23:38:34 2025: SESSION_MGR: creating session with session uuid: '6d04a3e9-ade5-4ab9-8d63-1f78fcd2ec76' and name 'default'
Fri Nov 28 23:38:34 2025: Attempting to start server on port '39215'
Fri Nov 28 23:38:34 2025: XCD main fifo: created main fifo '/tmp/xcdmain7cd34c2d-1327-49d9-b0c1-199b0815a62b', fd read = 13
Fri Nov 28 23:38:34 2025: Running Dispatch Server
Fri Nov 28 23:38:34 2025: Version 2.2.0
Fri Nov 28 23:38:36 2025: Dispatch Server: Accepted socket connection from client
Fri Nov 28 23:38:36 2025: Starting Socket connection
Fri Nov 28 23:38:36 2025: EXCHANGE_TOKEN received, server token: 7cd34c2d-1327-49d9-b0c1-199b0815a62b, passed token: 7cd34c2d-1327-49d9-b0c1-199b0815a62b
Fri Nov 28 23:38:36 2025: DISPATCH_HANDLER: Adding handler from function makeHandler in library libxv_system_diagram
Fri Nov 28 23:38:36 2025: SESSION_MGR: creating session with session uuid: '3dd6ffd8-215c-469c-b83d-e5b3ad25706f' and name 'v++_compile_matrixmul'
Fri Nov 28 23:38:36 2025: KERNEL_SVC: creating session with uuid: '3dd6ffd8-215c-469c-b83d-e5b3ad25706f' and name 'v++_compile_matrixmul'
Fri Nov 28 23:38:36 2025: GUIDANCE_SMGR: creating guidance session with uuid: '3dd6ffd8-215c-469c-b83d-e5b3ad25706f' and name 'v++_compile_matrixmul'
Fri Nov 28 23:38:36 2025: SYSTEM_DIAGRAM: creating session with uuid: '3dd6ffd8-215c-469c-b83d-e5b3ad25706f' and name 'v++_compile_matrixmul'
Fri Nov 28 23:38:40 2025: Dispatch Server: Accepted socket connection from client
Fri Nov 28 23:38:40 2025: Starting Socket connection
Fri Nov 28 23:38:49 2025: SESSION_MGR: closing session for UUID '3dd6ffd8-215c-469c-b83d-e5b3ad25706f' with name 'v++_compile_matrixmul'
Fri Nov 28 23:38:49 2025: KERNEL_SVC: closing session for UUID '3dd6ffd8-215c-469c-b83d-e5b3ad25706f' with name 'v++_compile_matrixmul'
Fri Nov 28 23:38:49 2025: GUIDANCE_SMGR: closing session for UUID '3dd6ffd8-215c-469c-b83d-e5b3ad25706f' with name 'v++_compile_matrixmul'
Fri Nov 28 23:38:49 2025: SYSTEM_DIAGRAM: closing session for UUID '3dd6ffd8-215c-469c-b83d-e5b3ad25706f' with name 'v++_compile_matrixmul'
Fri Nov 28 23:38:49 2025: STOP_SERVER received, server token: 7cd34c2d-1327-49d9-b0c1-199b0815a62b, passed token: 7cd34c2d-1327-49d9-b0c1-199b0815a62b
Fri Nov 28 23:38:49 2025: Socket received request to stop server.
Fri Nov 28 23:38:49 2025: Dispatch Server: do_await_stop
Fri Nov 28 23:38:49 2025: Dispatch Server: stopping mainFifo_
Fri Nov 28 23:38:49 2025: XCD main fifo: Stopping
Fri Nov 28 23:38:49 2025: XCD main fifo: do_read error code: Operation canceled
Fri Nov 28 23:38:49 2025: XCD main fifo: bytes_transferred: 0
Fri Nov 28 23:38:49 2025: SERVER: destructor for server bound to port 39215
Fri Nov 28 23:38:49 2025: XCD main fifo: Good unlink of /tmp/xcdmain7cd34c2d-1327-49d9-b0c1-199b0815a62b
Fri Nov 28 23:38:49 2025: Server exiting with status 0.
Fri Nov 28 23:38:49 2025: Closing log file.
Sat Nov 29 00:12:27 2025: Running xcd server. This server was built by gradle.
Sat Nov 29 00:12:27 2025: Server was asked to start on port: '33175'
Sat Nov 29 00:12:27 2025: Server is using token UUID: '3e514f09-9b90-49b2-b12a-f0fd72fd9348'
Sat Nov 29 00:12:27 2025: SESSION_MGR: creating session with session uuid: '6d04a3e9-ade5-4ab9-8d63-1f78fcd2ec76' and name 'default'
Sat Nov 29 00:12:27 2025: Attempting to start server on port '33175'
Sat Nov 29 00:12:27 2025: XCD main fifo: created main fifo '/tmp/xcdmain3e514f09-9b90-49b2-b12a-f0fd72fd9348', fd read = 13
Sat Nov 29 00:12:27 2025: Running Dispatch Server
Sat Nov 29 00:12:27 2025: Version 2.2.0
Sat Nov 29 00:12:28 2025: Dispatch Server: Accepted socket connection from client
Sat Nov 29 00:12:28 2025: Starting Socket connection
Sat Nov 29 00:12:28 2025: EXCHANGE_TOKEN received, server token: 3e514f09-9b90-49b2-b12a-f0fd72fd9348, passed token: 3e514f09-9b90-49b2-b12a-f0fd72fd9348
Sat Nov 29 00:12:29 2025: DISPATCH_HANDLER: Adding handler from function makeHandler in library libxv_system_diagram
Sat Nov 29 00:12:29 2025: SESSION_MGR: creating session with session uuid: '449508f6-9f4b-46d8-8473-1aba62f3c359' and name 'v++_compile_matrixmul'
Sat Nov 29 00:12:29 2025: KERNEL_SVC: creating session with uuid: '449508f6-9f4b-46d8-8473-1aba62f3c359' and name 'v++_compile_matrixmul'
Sat Nov 29 00:12:29 2025: GUIDANCE_SMGR: creating guidance session with uuid: '449508f6-9f4b-46d8-8473-1aba62f3c359' and name 'v++_compile_matrixmul'
Sat Nov 29 00:12:29 2025: SYSTEM_DIAGRAM: creating session with uuid: '449508f6-9f4b-46d8-8473-1aba62f3c359' and name 'v++_compile_matrixmul'
Sat Nov 29 00:12:32 2025: Dispatch Server: Accepted socket connection from client
Sat Nov 29 00:12:32 2025: Starting Socket connection
Sat Nov 29 00:12:41 2025: SESSION_MGR: closing session for UUID '449508f6-9f4b-46d8-8473-1aba62f3c359' with name 'v++_compile_matrixmul'
Sat Nov 29 00:12:41 2025: KERNEL_SVC: closing session for UUID '449508f6-9f4b-46d8-8473-1aba62f3c359' with name 'v++_compile_matrixmul'
Sat Nov 29 00:12:41 2025: GUIDANCE_SMGR: closing session for UUID '449508f6-9f4b-46d8-8473-1aba62f3c359' with name 'v++_compile_matrixmul'
Sat Nov 29 00:12:41 2025: SYSTEM_DIAGRAM: closing session for UUID '449508f6-9f4b-46d8-8473-1aba62f3c359' with name 'v++_compile_matrixmul'
Sat Nov 29 00:12:41 2025: STOP_SERVER received, server token: 3e514f09-9b90-49b2-b12a-f0fd72fd9348, passed token: 3e514f09-9b90-49b2-b12a-f0fd72fd9348
Sat Nov 29 00:12:41 2025: Socket received request to stop server.
Sat Nov 29 00:12:41 2025: Dispatch Server: do_await_stop
Sat Nov 29 00:12:41 2025: Dispatch Server: stopping mainFifo_
Sat Nov 29 00:12:41 2025: XCD main fifo: Stopping
Sat Nov 29 00:12:41 2025: XCD main fifo: do_read error code: Operation canceled
Sat Nov 29 00:12:41 2025: XCD main fifo: bytes_transferred: 0
Sat Nov 29 00:12:41 2025: SERVER: destructor for server bound to port 33175
Sat Nov 29 00:12:41 2025: XCD main fifo: Good unlink of /tmp/xcdmain3e514f09-9b90-49b2-b12a-f0fd72fd9348
Sat Nov 29 00:12:41 2025: Server exiting with status 0.
Sat Nov 29 00:12:41 2025: Closing log file.
Sat Nov 29 00:16:29 2025: Running xcd server. This server was built by gradle.
Sat Nov 29 00:16:29 2025: Server was asked to start on port: '46561'
Sat Nov 29 00:16:29 2025: Server is using token UUID: '04a5f4a8-ea73-4ea6-be15-7e862910bb90'
Sat Nov 29 00:16:29 2025: SESSION_MGR: creating session with session uuid: '6d04a3e9-ade5-4ab9-8d63-1f78fcd2ec76' and name 'default'
Sat Nov 29 00:16:29 2025: Attempting to start server on port '46561'
Sat Nov 29 00:16:29 2025: XCD main fifo: created main fifo '/tmp/xcdmain04a5f4a8-ea73-4ea6-be15-7e862910bb90', fd read = 13
Sat Nov 29 00:16:29 2025: Running Dispatch Server
Sat Nov 29 00:16:29 2025: Version 2.2.0
Sat Nov 29 00:16:31 2025: Dispatch Server: Accepted socket connection from client
Sat Nov 29 00:16:31 2025: Starting Socket connection
Sat Nov 29 00:16:31 2025: EXCHANGE_TOKEN received, server token: 04a5f4a8-ea73-4ea6-be15-7e862910bb90, passed token: 04a5f4a8-ea73-4ea6-be15-7e862910bb90
Sat Nov 29 00:16:31 2025: DISPATCH_HANDLER: Adding handler from function makeHandler in library libxv_system_diagram
Sat Nov 29 00:16:31 2025: SESSION_MGR: creating session with session uuid: 'ed92c442-d3ba-4e63-b14e-4d232064a14b' and name 'vitis-run_compile_matrixmul'
Sat Nov 29 00:16:31 2025: KERNEL_SVC: creating session with uuid: 'ed92c442-d3ba-4e63-b14e-4d232064a14b' and name 'vitis-run_compile_matrixmul'
Sat Nov 29 00:16:31 2025: GUIDANCE_SMGR: creating guidance session with uuid: 'ed92c442-d3ba-4e63-b14e-4d232064a14b' and name 'vitis-run_compile_matrixmul'
Sat Nov 29 00:16:31 2025: SYSTEM_DIAGRAM: creating session with uuid: 'ed92c442-d3ba-4e63-b14e-4d232064a14b' and name 'vitis-run_compile_matrixmul'
Sat Nov 29 00:16:35 2025: Dispatch Server: Accepted socket connection from client
Sat Nov 29 00:16:35 2025: Starting Socket connection
Sat Nov 29 00:16:50 2025: SESSION_MGR: closing session for UUID 'ed92c442-d3ba-4e63-b14e-4d232064a14b' with name 'vitis-run_compile_matrixmul'
Sat Nov 29 00:16:50 2025: KERNEL_SVC: closing session for UUID 'ed92c442-d3ba-4e63-b14e-4d232064a14b' with name 'vitis-run_compile_matrixmul'
Sat Nov 29 00:16:50 2025: GUIDANCE_SMGR: closing session for UUID 'ed92c442-d3ba-4e63-b14e-4d232064a14b' with name 'vitis-run_compile_matrixmul'
Sat Nov 29 00:16:50 2025: SYSTEM_DIAGRAM: closing session for UUID 'ed92c442-d3ba-4e63-b14e-4d232064a14b' with name 'vitis-run_compile_matrixmul'
Sat Nov 29 00:16:50 2025: STOP_SERVER received, server token: 04a5f4a8-ea73-4ea6-be15-7e862910bb90, passed token: 04a5f4a8-ea73-4ea6-be15-7e862910bb90
Sat Nov 29 00:16:50 2025: Socket received request to stop server.
Sat Nov 29 00:16:50 2025: Dispatch Server: do_await_stop
Sat Nov 29 00:16:50 2025: Dispatch Server: stopping mainFifo_
Sat Nov 29 00:16:50 2025: XCD main fifo: Stopping
Sat Nov 29 00:16:50 2025: XCD main fifo: do_read error code: Operation canceled
Sat Nov 29 00:16:50 2025: XCD main fifo: bytes_transferred: 0
Sat Nov 29 00:16:50 2025: SERVER: destructor for server bound to port 46561
Sat Nov 29 00:16:50 2025: XCD main fifo: Good unlink of /tmp/xcdmain04a5f4a8-ea73-4ea6-be15-7e862910bb90
Sat Nov 29 00:16:50 2025: Server exiting with status 0.
Sat Nov 29 00:16:50 2025: Closing log file.
Sat Nov 29 00:22:45 2025: Running xcd server. This server was built by gradle.
Sat Nov 29 00:22:45 2025: Server was asked to start on port: '35231'
Sat Nov 29 00:22:45 2025: Server is using token UUID: '384cb2fe-37cb-4652-adf6-fd880175f37c'
Sat Nov 29 00:22:45 2025: SESSION_MGR: creating session with session uuid: '6d04a3e9-ade5-4ab9-8d63-1f78fcd2ec76' and name 'default'
Sat Nov 29 00:22:45 2025: Attempting to start server on port '35231'
Sat Nov 29 00:22:45 2025: XCD main fifo: created main fifo '/tmp/xcdmain384cb2fe-37cb-4652-adf6-fd880175f37c', fd read = 13
Sat Nov 29 00:22:45 2025: Running Dispatch Server
Sat Nov 29 00:22:45 2025: Version 2.2.0
Sat Nov 29 00:22:47 2025: Dispatch Server: Accepted socket connection from client
Sat Nov 29 00:22:47 2025: Starting Socket connection
Sat Nov 29 00:22:47 2025: EXCHANGE_TOKEN received, server token: 384cb2fe-37cb-4652-adf6-fd880175f37c, passed token: 384cb2fe-37cb-4652-adf6-fd880175f37c
Sat Nov 29 00:22:47 2025: DISPATCH_HANDLER: Adding handler from function makeHandler in library libxv_system_diagram
Sat Nov 29 00:22:47 2025: SESSION_MGR: creating session with session uuid: 'f21cd99b-5ff8-4c05-a56c-967109d46606' and name 'vitis-run_compile_matrixmul'
Sat Nov 29 00:22:47 2025: KERNEL_SVC: creating session with uuid: 'f21cd99b-5ff8-4c05-a56c-967109d46606' and name 'vitis-run_compile_matrixmul'
Sat Nov 29 00:22:47 2025: GUIDANCE_SMGR: creating guidance session with uuid: 'f21cd99b-5ff8-4c05-a56c-967109d46606' and name 'vitis-run_compile_matrixmul'
Sat Nov 29 00:22:47 2025: SYSTEM_DIAGRAM: creating session with uuid: 'f21cd99b-5ff8-4c05-a56c-967109d46606' and name 'vitis-run_compile_matrixmul'
Sat Nov 29 00:22:51 2025: Dispatch Server: Accepted socket connection from client
Sat Nov 29 00:22:51 2025: Starting Socket connection
Sat Nov 29 00:23:07 2025: SESSION_MGR: closing session for UUID 'f21cd99b-5ff8-4c05-a56c-967109d46606' with name 'vitis-run_compile_matrixmul'
Sat Nov 29 00:23:07 2025: KERNEL_SVC: closing session for UUID 'f21cd99b-5ff8-4c05-a56c-967109d46606' with name 'vitis-run_compile_matrixmul'
Sat Nov 29 00:23:07 2025: GUIDANCE_SMGR: closing session for UUID 'f21cd99b-5ff8-4c05-a56c-967109d46606' with name 'vitis-run_compile_matrixmul'
Sat Nov 29 00:23:07 2025: SYSTEM_DIAGRAM: closing session for UUID 'f21cd99b-5ff8-4c05-a56c-967109d46606' with name 'vitis-run_compile_matrixmul'
Sat Nov 29 00:23:07 2025: STOP_SERVER received, server token: 384cb2fe-37cb-4652-adf6-fd880175f37c, passed token: 384cb2fe-37cb-4652-adf6-fd880175f37c
Sat Nov 29 00:23:07 2025: Socket received request to stop server.
Sat Nov 29 00:23:07 2025: Dispatch Server: do_await_stop
Sat Nov 29 00:23:07 2025: Dispatch Server: stopping mainFifo_
Sat Nov 29 00:23:07 2025: XCD main fifo: Stopping
Sat Nov 29 00:23:07 2025: XCD main fifo: do_read error code: Operation canceled
Sat Nov 29 00:23:07 2025: XCD main fifo: bytes_transferred: 0
Sat Nov 29 00:23:07 2025: SERVER: destructor for server bound to port 35231
Sat Nov 29 00:23:07 2025: XCD main fifo: Good unlink of /tmp/xcdmain384cb2fe-37cb-4652-adf6-fd880175f37c
Sat Nov 29 00:23:07 2025: Server exiting with status 0.
Sat Nov 29 00:23:07 2025: Closing log file.
Sat Nov 29 00:28:42 2025: Running xcd server. This server was built by gradle.
Sat Nov 29 00:28:42 2025: Server was asked to start on port: '40435'
Sat Nov 29 00:28:42 2025: Server is using token UUID: 'd0fd5395-24aa-40ac-8381-4307d646f310'
Sat Nov 29 00:28:42 2025: SESSION_MGR: creating session with session uuid: '6d04a3e9-ade5-4ab9-8d63-1f78fcd2ec76' and name 'default'
Sat Nov 29 00:28:42 2025: Attempting to start server on port '40435'
Sat Nov 29 00:28:42 2025: XCD main fifo: created main fifo '/tmp/xcdmaind0fd5395-24aa-40ac-8381-4307d646f310', fd read = 13
Sat Nov 29 00:28:42 2025: Running Dispatch Server
Sat Nov 29 00:28:42 2025: Version 2.2.0
Sat Nov 29 00:28:44 2025: Dispatch Server: Accepted socket connection from client
Sat Nov 29 00:28:44 2025: Starting Socket connection
Sat Nov 29 00:28:44 2025: EXCHANGE_TOKEN received, server token: d0fd5395-24aa-40ac-8381-4307d646f310, passed token: d0fd5395-24aa-40ac-8381-4307d646f310
Sat Nov 29 00:28:44 2025: DISPATCH_HANDLER: Adding handler from function makeHandler in library libxv_system_diagram
Sat Nov 29 00:28:44 2025: SESSION_MGR: creating session with session uuid: '24953c29-cb83-4333-9fe8-8758cf1a8932' and name 'vitis-run_compile_matrixmul'
Sat Nov 29 00:28:44 2025: KERNEL_SVC: creating session with uuid: '24953c29-cb83-4333-9fe8-8758cf1a8932' and name 'vitis-run_compile_matrixmul'
Sat Nov 29 00:28:44 2025: GUIDANCE_SMGR: creating guidance session with uuid: '24953c29-cb83-4333-9fe8-8758cf1a8932' and name 'vitis-run_compile_matrixmul'
Sat Nov 29 00:28:44 2025: SYSTEM_DIAGRAM: creating session with uuid: '24953c29-cb83-4333-9fe8-8758cf1a8932' and name 'vitis-run_compile_matrixmul'
Sat Nov 29 00:28:48 2025: Dispatch Server: Accepted socket connection from client
Sat Nov 29 00:28:48 2025: Starting Socket connection
Sat Nov 29 00:32:30 2025: SESSION_MGR: closing session for UUID '24953c29-cb83-4333-9fe8-8758cf1a8932' with name 'vitis-run_compile_matrixmul'
Sat Nov 29 00:32:30 2025: KERNEL_SVC: closing session for UUID '24953c29-cb83-4333-9fe8-8758cf1a8932' with name 'vitis-run_compile_matrixmul'
Sat Nov 29 00:32:30 2025: GUIDANCE_SMGR: closing session for UUID '24953c29-cb83-4333-9fe8-8758cf1a8932' with name 'vitis-run_compile_matrixmul'
Sat Nov 29 00:32:30 2025: SYSTEM_DIAGRAM: closing session for UUID '24953c29-cb83-4333-9fe8-8758cf1a8932' with name 'vitis-run_compile_matrixmul'
Sat Nov 29 00:32:30 2025: STOP_SERVER received, server token: d0fd5395-24aa-40ac-8381-4307d646f310, passed token: d0fd5395-24aa-40ac-8381-4307d646f310
Sat Nov 29 00:32:30 2025: Socket received request to stop server.
Sat Nov 29 00:32:30 2025: Dispatch Server: do_await_stop
Sat Nov 29 00:32:30 2025: Dispatch Server: stopping mainFifo_
Sat Nov 29 00:32:30 2025: XCD main fifo: Stopping
Sat Nov 29 00:32:30 2025: XCD main fifo: do_read error code: Operation canceled
Sat Nov 29 00:32:30 2025: XCD main fifo: bytes_transferred: 0
Sat Nov 29 00:32:30 2025: SERVER: destructor for server bound to port 40435
Sat Nov 29 00:32:30 2025: XCD main fifo: Good unlink of /tmp/xcdmaind0fd5395-24aa-40ac-8381-4307d646f310
Sat Nov 29 00:32:30 2025: Server exiting with status 0.
Sat Nov 29 00:32:30 2025: Closing log file.
Sat Nov 29 00:33:16 2025: Running xcd server. This server was built by gradle.
Sat Nov 29 00:33:16 2025: Server was asked to start on port: '45751'
Sat Nov 29 00:33:16 2025: Server is using token UUID: '43d7e641-af2e-4dd5-966c-447cd14a784a'
Sat Nov 29 00:33:16 2025: SESSION_MGR: creating session with session uuid: '6d04a3e9-ade5-4ab9-8d63-1f78fcd2ec76' and name 'default'
Sat Nov 29 00:33:16 2025: Attempting to start server on port '45751'
Sat Nov 29 00:33:16 2025: XCD main fifo: created main fifo '/tmp/xcdmain43d7e641-af2e-4dd5-966c-447cd14a784a', fd read = 13
Sat Nov 29 00:33:16 2025: Running Dispatch Server
Sat Nov 29 00:33:16 2025: Version 2.2.0
Sat Nov 29 00:33:18 2025: Dispatch Server: Accepted socket connection from client
Sat Nov 29 00:33:18 2025: Starting Socket connection
Sat Nov 29 00:33:18 2025: EXCHANGE_TOKEN received, server token: 43d7e641-af2e-4dd5-966c-447cd14a784a, passed token: 43d7e641-af2e-4dd5-966c-447cd14a784a
Sat Nov 29 00:33:18 2025: DISPATCH_HANDLER: Adding handler from function makeHandler in library libxv_system_diagram
Sat Nov 29 00:33:18 2025: SESSION_MGR: creating session with session uuid: '5bafa916-d74b-460f-85e7-084a68110dfc' and name 'vitis-run_compile_matrixmul'
Sat Nov 29 00:33:18 2025: KERNEL_SVC: creating session with uuid: '5bafa916-d74b-460f-85e7-084a68110dfc' and name 'vitis-run_compile_matrixmul'
Sat Nov 29 00:33:18 2025: GUIDANCE_SMGR: creating guidance session with uuid: '5bafa916-d74b-460f-85e7-084a68110dfc' and name 'vitis-run_compile_matrixmul'
Sat Nov 29 00:33:18 2025: SYSTEM_DIAGRAM: creating session with uuid: '5bafa916-d74b-460f-85e7-084a68110dfc' and name 'vitis-run_compile_matrixmul'
Sat Nov 29 00:33:22 2025: Dispatch Server: Accepted socket connection from client
Sat Nov 29 00:33:22 2025: Starting Socket connection
Sat Nov 29 00:33:38 2025: SESSION_MGR: closing session for UUID '5bafa916-d74b-460f-85e7-084a68110dfc' with name 'vitis-run_compile_matrixmul'
Sat Nov 29 00:33:38 2025: KERNEL_SVC: closing session for UUID '5bafa916-d74b-460f-85e7-084a68110dfc' with name 'vitis-run_compile_matrixmul'
Sat Nov 29 00:33:38 2025: GUIDANCE_SMGR: closing session for UUID '5bafa916-d74b-460f-85e7-084a68110dfc' with name 'vitis-run_compile_matrixmul'
Sat Nov 29 00:33:38 2025: SYSTEM_DIAGRAM: closing session for UUID '5bafa916-d74b-460f-85e7-084a68110dfc' with name 'vitis-run_compile_matrixmul'
Sat Nov 29 00:33:38 2025: STOP_SERVER received, server token: 43d7e641-af2e-4dd5-966c-447cd14a784a, passed token: 43d7e641-af2e-4dd5-966c-447cd14a784a
Sat Nov 29 00:33:38 2025: Socket received request to stop server.
Sat Nov 29 00:33:38 2025: Dispatch Server: do_await_stop
Sat Nov 29 00:33:38 2025: Dispatch Server: stopping mainFifo_
Sat Nov 29 00:33:38 2025: XCD main fifo: Stopping
Sat Nov 29 00:33:38 2025: XCD main fifo: do_read error code: Operation canceled
Sat Nov 29 00:33:38 2025: XCD main fifo: bytes_transferred: 0
Sat Nov 29 00:33:38 2025: SERVER: destructor for server bound to port 45751
Sat Nov 29 00:33:38 2025: XCD main fifo: Good unlink of /tmp/xcdmain43d7e641-af2e-4dd5-966c-447cd14a784a
Sat Nov 29 00:33:38 2025: Server exiting with status 0.
Sat Nov 29 00:33:38 2025: Closing log file.
Sat Nov 29 00:34:53 2025: Running xcd server. This server was built by gradle.
Sat Nov 29 00:34:53 2025: Server was asked to start on port: '35891'
Sat Nov 29 00:34:53 2025: Server is using token UUID: 'b581d614-817b-40d6-b254-b78c562dbc4d'
Sat Nov 29 00:34:53 2025: SESSION_MGR: creating session with session uuid: '6d04a3e9-ade5-4ab9-8d63-1f78fcd2ec76' and name 'default'
Sat Nov 29 00:34:53 2025: Attempting to start server on port '35891'
Sat Nov 29 00:34:53 2025: XCD main fifo: created main fifo '/tmp/xcdmainb581d614-817b-40d6-b254-b78c562dbc4d', fd read = 13
Sat Nov 29 00:34:53 2025: Running Dispatch Server
Sat Nov 29 00:34:53 2025: Version 2.2.0
Sat Nov 29 00:34:54 2025: Dispatch Server: Accepted socket connection from client
Sat Nov 29 00:34:54 2025: Starting Socket connection
Sat Nov 29 00:34:54 2025: EXCHANGE_TOKEN received, server token: b581d614-817b-40d6-b254-b78c562dbc4d, passed token: b581d614-817b-40d6-b254-b78c562dbc4d
Sat Nov 29 00:34:55 2025: DISPATCH_HANDLER: Adding handler from function makeHandler in library libxv_system_diagram
Sat Nov 29 00:34:55 2025: SESSION_MGR: creating session with session uuid: '81aeb3c0-8c7c-491f-90fc-e1a9839fb403' and name 'vitis-run_compile_matrixmul'
Sat Nov 29 00:34:55 2025: KERNEL_SVC: creating session with uuid: '81aeb3c0-8c7c-491f-90fc-e1a9839fb403' and name 'vitis-run_compile_matrixmul'
Sat Nov 29 00:34:55 2025: GUIDANCE_SMGR: creating guidance session with uuid: '81aeb3c0-8c7c-491f-90fc-e1a9839fb403' and name 'vitis-run_compile_matrixmul'
Sat Nov 29 00:34:55 2025: SYSTEM_DIAGRAM: creating session with uuid: '81aeb3c0-8c7c-491f-90fc-e1a9839fb403' and name 'vitis-run_compile_matrixmul'
Sat Nov 29 00:34:58 2025: Dispatch Server: Accepted socket connection from client
Sat Nov 29 00:34:58 2025: Starting Socket connection
Sat Nov 29 00:35:30 2025: Dispatch Server: Accepted socket connection from client
Sat Nov 29 00:35:30 2025: Starting Socket connection
Sat Nov 29 00:36:10 2025: Dispatch Server: Accepted socket connection from client
Sat Nov 29 00:36:10 2025: Starting Socket connection
Sat Nov 29 00:37:01 2025: Dispatch Server: Accepted socket connection from client
Sat Nov 29 00:37:01 2025: Starting Socket connection
Sat Nov 29 00:38:00 2025: SESSION_MGR: closing session for UUID '81aeb3c0-8c7c-491f-90fc-e1a9839fb403' with name 'vitis-run_compile_matrixmul'
Sat Nov 29 00:38:00 2025: KERNEL_SVC: closing session for UUID '81aeb3c0-8c7c-491f-90fc-e1a9839fb403' with name 'vitis-run_compile_matrixmul'
Sat Nov 29 00:38:00 2025: GUIDANCE_SMGR: closing session for UUID '81aeb3c0-8c7c-491f-90fc-e1a9839fb403' with name 'vitis-run_compile_matrixmul'
Sat Nov 29 00:38:00 2025: SYSTEM_DIAGRAM: closing session for UUID '81aeb3c0-8c7c-491f-90fc-e1a9839fb403' with name 'vitis-run_compile_matrixmul'
Sat Nov 29 00:38:00 2025: STOP_SERVER received, server token: b581d614-817b-40d6-b254-b78c562dbc4d, passed token: b581d614-817b-40d6-b254-b78c562dbc4d
Sat Nov 29 00:38:00 2025: Socket received request to stop server.
Sat Nov 29 00:38:00 2025: Dispatch Server: do_await_stop
Sat Nov 29 00:38:00 2025: Dispatch Server: stopping mainFifo_
Sat Nov 29 00:38:00 2025: XCD main fifo: Stopping
Sat Nov 29 00:38:00 2025: XCD main fifo: do_read error code: Operation canceled
Sat Nov 29 00:38:00 2025: XCD main fifo: bytes_transferred: 0
Sat Nov 29 00:38:00 2025: SERVER: destructor for server bound to port 35891
Sat Nov 29 00:38:00 2025: XCD main fifo: Good unlink of /tmp/xcdmainb581d614-817b-40d6-b254-b78c562dbc4d
Sat Nov 29 00:38:00 2025: Server exiting with status 0.
Sat Nov 29 00:38:00 2025: Closing log file.
