

================================================================
== Vitis HLS Report for 'Conv77_Core_Pipeline_VITIS_LOOP_180_7'
================================================================
* Date:           Thu May  7 16:05:09 2026

* Version:        2024.2 (Build 5238294 on Nov  8 2024)
* Project:        prj
* Solution:       solution1 (Vitis Kernel Flow Target)
* Product family: zynquplus
* Target device:  xczu7ev-ffvc1156-2-e


================================================================
== Performance Estimates
================================================================
+ Timing: 
    * Summary: 
    +--------+---------+----------+------------+
    |  Clock |  Target | Estimated| Uncertainty|
    +--------+---------+----------+------------+
    |ap_clk  |  3.33 ns|  1.402 ns|     0.90 ns|
    +--------+---------+----------+------------+

+ Latency: 
    * Summary: 
    +---------+---------+-----------+-----------+-----+-----+------------------------------------------------+
    |  Latency (cycles) |   Latency (absolute)  |  Interval |                    Pipeline                    |
    |   min   |   max   |    min    |    max    | min | max |                      Type                      |
    +---------+---------+-----------+-----------+-----+-----+------------------------------------------------+
    |        5|        5|  16.665 ns|  16.665 ns|    4|    4|  loop auto-rewind stp (delay=0 clock cycles(s))|
    +---------+---------+-----------+-----------+-----+-----+------------------------------------------------+

    + Detail: 
        * Instance: 
        N/A

        * Loop: 
        +--------------------+---------+---------+----------+-----------+-----------+------+----------+
        |                    |  Latency (cycles) | Iteration|  Initiation Interval  | Trip |          |
        |      Loop Name     |   min   |   max   |  Latency |  achieved |   target  | Count| Pipelined|
        +--------------------+---------+---------+----------+-----------+-----------+------+----------+
        |- VITIS_LOOP_180_7  |        3|        3|         1|          1|          1|     3|       yes|
        +--------------------+---------+---------+----------+-----------+-----------+------+----------+



================================================================
== Utilization Estimates
================================================================
* Summary: 
+-----------------+---------+------+--------+--------+-----+
|       Name      | BRAM_18K|  DSP |   FF   |   LUT  | URAM|
+-----------------+---------+------+--------+--------+-----+
|DSP              |        -|     -|       -|       -|    -|
|Expression       |        -|     -|       0|      18|    -|
|FIFO             |        -|     -|       -|       -|    -|
|Instance         |        -|     -|       0|       9|    -|
|Memory           |        -|     -|       -|       -|    -|
|Multiplexer      |        -|     -|       0|      27|    -|
|Register         |        -|     -|      52|       -|    -|
+-----------------+---------+------+--------+--------+-----+
|Total            |        0|     0|      52|      54|    0|
+-----------------+---------+------+--------+--------+-----+
|Available        |      624|  1728|  460800|  230400|   96|
+-----------------+---------+------+--------+--------+-----+
|Utilization (%)  |        0|     0|      ~0|      ~0|    0|
+-----------------+---------+------+--------+--------+-----+

+ Detail: 
    * Instance: 
    +---------------------------+----------------------+---------+----+---+----+-----+
    |          Instance         |        Module        | BRAM_18K| DSP| FF| LUT| URAM|
    +---------------------------+----------------------+---------+----+---+----+-----+
    |sparsemux_7_2_16_1_1_U739  |sparsemux_7_2_16_1_1  |        0|   0|  0|   9|    0|
    +---------------------------+----------------------+---------+----+---+----+-----+
    |Total                      |                      |        0|   0|  0|   9|    0|
    +---------------------------+----------------------+---------+----+---+----+-----+

    * DSP: 
    N/A

    * Memory: 
    N/A

    * FIFO: 
    N/A

    * Expression: 
    +----------------------+----------+----+---+----+------------+------------+
    |     Variable Name    | Operation| DSP| FF| LUT| Bitwidth P0| Bitwidth P1|
    +----------------------+----------+----+---+----+------------+------------+
    |add_ln180_fu_115_p2   |         +|   0|  0|   9|           2|           1|
    |icmp_ln180_fu_109_p2  |      icmp|   0|  0|   9|           2|           2|
    +----------------------+----------+----+---+----+------------+------------+
    |Total                 |          |   0|  0|  18|           4|           3|
    +----------------------+----------+----+---+----+------------+------------+

    * Multiplexer: 
    +-----------------------+----+-----------+-----+-----------+
    |          Name         | LUT| Input Size| Bits| Total Bits|
    +-----------------------+----+-----------+-----+-----------+
    |ap_done_int            |   9|          2|    1|          2|
    |ap_sig_allocacmp_co_1  |   9|          2|    2|          4|
    |co_fu_46               |   9|          2|    2|          4|
    +-----------------------+----+-----------+-----+-----------+
    |Total                  |  27|          6|    5|         10|
    +-----------------------+----+-----------+-----+-----------+

    * Register: 
    +--------------+----+----+-----+-----------+
    |     Name     | FF | LUT| Bits| Const Bits|
    +--------------+----+----+-----+-----------+
    |acc_12_fu_50  |  16|   0|   16|          0|
    |acc_13_fu_54  |  16|   0|   16|          0|
    |acc_14_fu_58  |  16|   0|   16|          0|
    |ap_CS_fsm     |   1|   0|    1|          0|
    |ap_done_reg   |   1|   0|    1|          0|
    |co_fu_46      |   2|   0|    2|          0|
    +--------------+----+----+-----+-----------+
    |Total         |  52|   0|   52|          0|
    +--------------+----+----+-----+-----------+



================================================================
== Interface
================================================================
* Summary: 
+--------------------------+-----+-----+------------+---------------------------------------+--------------+
|         RTL Ports        | Dir | Bits|  Protocol  |             Source Object             |    C Type    |
+--------------------------+-----+-----+------------+---------------------------------------+--------------+
|ap_clk                    |   in|    1|  ap_ctrl_hs|  Conv77_Core_Pipeline_VITIS_LOOP_180_7|  return value|
|ap_rst                    |   in|    1|  ap_ctrl_hs|  Conv77_Core_Pipeline_VITIS_LOOP_180_7|  return value|
|ap_start                  |   in|    1|  ap_ctrl_hs|  Conv77_Core_Pipeline_VITIS_LOOP_180_7|  return value|
|ap_done                   |  out|    1|  ap_ctrl_hs|  Conv77_Core_Pipeline_VITIS_LOOP_180_7|  return value|
|ap_idle                   |  out|    1|  ap_ctrl_hs|  Conv77_Core_Pipeline_VITIS_LOOP_180_7|  return value|
|ap_ready                  |  out|    1|  ap_ctrl_hs|  Conv77_Core_Pipeline_VITIS_LOOP_180_7|  return value|
|mux_case_01251152_reload  |   in|   16|     ap_none|               mux_case_01251152_reload|        scalar|
|mux_case_11271157_reload  |   in|   16|     ap_none|               mux_case_11271157_reload|        scalar|
|mux_case_21291162_reload  |   in|   16|     ap_none|               mux_case_21291162_reload|        scalar|
|acc_14_out                |  out|   16|      ap_vld|                             acc_14_out|       pointer|
|acc_14_out_ap_vld         |  out|    1|      ap_vld|                             acc_14_out|       pointer|
|acc_13_out                |  out|   16|      ap_vld|                             acc_13_out|       pointer|
|acc_13_out_ap_vld         |  out|    1|      ap_vld|                             acc_13_out|       pointer|
|acc_12_out                |  out|   16|      ap_vld|                             acc_12_out|       pointer|
|acc_12_out_ap_vld         |  out|    1|      ap_vld|                             acc_12_out|       pointer|
+--------------------------+-----+-----+------------+---------------------------------------+--------------+

