

================================================================
== Vitis HLS Report for 'Conv77_Core_Pipeline_REDUCE'
================================================================
* Date:           Thu May  7 16:05:10 2026

* Version:        2024.2 (Build 5238294 on Nov  8 2024)
* Project:        prj
* Solution:       solution1 (Vitis Kernel Flow Target)
* Product family: zynquplus
* Target device:  xczu7ev-ffvc1156-2-e


================================================================
== Performance Estimates
================================================================
+ Timing: 
    * Summary: 
    +--------+---------+----------+------------+
    |  Clock |  Target | Estimated| Uncertainty|
    +--------+---------+----------+------------+
    |ap_clk  |  3.33 ns|  2.333 ns|     0.90 ns|
    +--------+---------+----------+------------+

+ Latency: 
    * Summary: 
    +---------+---------+----------+----------+-----+-----+------------------------------------------------+
    |  Latency (cycles) |  Latency (absolute) |  Interval |                    Pipeline                    |
    |   min   |   max   |    min   |    max   | min | max |                      Type                      |
    +---------+---------+----------+----------+-----+-----+------------------------------------------------+
    |      203|      203|  0.677 us|  0.677 us|  197|  197|  loop auto-rewind stp (delay=0 clock cycles(s))|
    +---------+---------+----------+----------+-----+-----+------------------------------------------------+

    + Detail: 
        * Instance: 
        N/A

        * Loop: 
        +----------+---------+---------+----------+-----------+-----------+------+----------+
        |          |  Latency (cycles) | Iteration|  Initiation Interval  | Trip |          |
        | Loop Name|   min   |   max   |  Latency |  achieved |   target  | Count| Pipelined|
        +----------+---------+---------+----------+-----------+-----------+------+----------+
        |- REDUCE  |      201|      201|         7|          1|          1|   196|       yes|
        +----------+---------+---------+----------+-----------+-----------+------+----------+



================================================================
== Utilization Estimates
================================================================
* Summary: 
+-----------------+---------+------+--------+--------+-----+
|       Name      | BRAM_18K|  DSP |   FF   |   LUT  | URAM|
+-----------------+---------+------+--------+--------+-----+
|DSP              |        -|     -|       -|       -|    -|
|Expression       |        -|     -|       0|      32|    -|
|FIFO             |        -|     -|       -|       -|    -|
|Instance         |        -|     -|       0|    3177|    -|
|Memory           |        -|     -|       -|       -|    -|
|Multiplexer      |        -|     -|       0|     252|    -|
|Register         |        -|     -|     489|      64|    -|
+-----------------+---------+------+--------+--------+-----+
|Total            |        0|     0|     489|    3525|    0|
+-----------------+---------+------+--------+--------+-----+
|Available        |      624|  1728|  460800|  230400|   96|
+-----------------+---------+------+--------+--------+-----+
|Utilization (%)  |        0|     0|      ~0|       1|    0|
+-----------------+---------+------+--------+--------+-----+

+ Detail: 
    * Instance: 
    +-----------------------------+------------------------+---------+----+---+------+-----+
    |           Instance          |         Module         | BRAM_18K| DSP| FF|  LUT | URAM|
    +-----------------------------+------------------------+---------+----+---+------+-----+
    |sparsemux_393_8_16_1_1_U750  |sparsemux_393_8_16_1_1  |        0|   0|  0|  1039|    0|
    |sparsemux_393_8_16_1_1_U752  |sparsemux_393_8_16_1_1  |        0|   0|  0|  1039|    0|
    |sparsemux_393_8_16_1_1_U753  |sparsemux_393_8_16_1_1  |        0|   0|  0|  1039|    0|
    |sparsemux_9_2_16_1_1_U751    |sparsemux_9_2_16_1_1    |        0|   0|  0|    20|    0|
    |sparsemux_9_2_16_1_1_U754    |sparsemux_9_2_16_1_1    |        0|   0|  0|    20|    0|
    |sparsemux_9_2_16_1_1_U755    |sparsemux_9_2_16_1_1    |        0|   0|  0|    20|    0|
    +-----------------------------+------------------------+---------+----+---+------+-----+
    |Total                        |                        |        0|   0|  0|  3177|    0|
    +-----------------------------+------------------------+---------+----+---+------+-----+

    * DSP: 
    N/A

    * Memory: 
    N/A

    * FIFO: 
    N/A

    * Expression: 
    +-----------------------+----------+----+---+----+------------+------------+
    |     Variable Name     | Operation| DSP| FF| LUT| Bitwidth P0| Bitwidth P1|
    +-----------------------+----------+----+---+----+------------+------------+
    |add_ln185_fu_5406_p2   |         +|   0|  0|  15|           8|           1|
    |icmp_ln185_fu_5400_p2  |      icmp|   0|  0|  15|           8|           7|
    |ap_enable_pp0          |       xor|   0|  0|   2|           1|           2|
    +-----------------------+----------+----+---+----+------------+------------+
    |Total                  |          |   0|  0|  32|          17|          10|
    +-----------------------+----------+----+---+----+------------+------------+

    * Multiplexer: 
    +--------------------------------+----+-----------+-----+-----------+
    |              Name              | LUT| Input Size| Bits| Total Bits|
    +--------------------------------+----+-----------+-----+-----------+
    |acc_10_fu_1646                  |   9|          2|   16|         32|
    |acc_11_fu_1642                  |   9|          2|   16|         32|
    |acc_1_fu_1682                   |   9|          2|   16|         32|
    |acc_2_fu_1678                   |   9|          2|   16|         32|
    |acc_3_fu_1674                   |   9|          2|   16|         32|
    |acc_4_fu_1670                   |   9|          2|   16|         32|
    |acc_5_fu_1666                   |   9|          2|   16|         32|
    |acc_6_fu_1662                   |   9|          2|   16|         32|
    |acc_7_fu_1658                   |   9|          2|   16|         32|
    |acc_8_fu_1654                   |   9|          2|   16|         32|
    |acc_9_fu_1650                   |   9|          2|   16|         32|
    |acc_fu_1686                     |   9|          2|   16|         32|
    |ap_done_int                     |   9|          2|    1|          2|
    |ap_enable_reg_pp0_iter1         |   9|          2|    1|          2|
    |ap_enable_reg_pp0_iter2         |   9|          2|    1|          2|
    |ap_sig_allocacmp_acc_10_load_1  |   9|          2|   16|         32|
    |ap_sig_allocacmp_acc_11_load_1  |   9|          2|   16|         32|
    |ap_sig_allocacmp_acc_1_load_1   |   9|          2|   16|         32|
    |ap_sig_allocacmp_acc_2_load_1   |   9|          2|   16|         32|
    |ap_sig_allocacmp_acc_3_load_1   |   9|          2|   16|         32|
    |ap_sig_allocacmp_acc_4_load_1   |   9|          2|   16|         32|
    |ap_sig_allocacmp_acc_5_load_1   |   9|          2|   16|         32|
    |ap_sig_allocacmp_acc_6_load_1   |   9|          2|   16|         32|
    |ap_sig_allocacmp_acc_7_load_1   |   9|          2|   16|         32|
    |ap_sig_allocacmp_acc_8_load_1   |   9|          2|   16|         32|
    |ap_sig_allocacmp_acc_9_load_1   |   9|          2|   16|         32|
    |ap_sig_allocacmp_acc_load_1     |   9|          2|   16|         32|
    |i_fu_1638                       |   9|          2|    8|         16|
    +--------------------------------+----+-----------+-----+-----------+
    |Total                           | 252|         56|  395|        790|
    +--------------------------------+----+-----------+-----+-----------+

    * Register: 
    +----------------------------------+----+----+-----+-----------+
    |               Name               | FF | LUT| Bits| Const Bits|
    +----------------------------------+----+----+-----+-----------+
    |acc_10_fu_1646                    |  16|   0|   16|          0|
    |acc_11_fu_1642                    |  16|   0|   16|          0|
    |acc_15_reg_10502                  |  16|   0|   16|          0|
    |acc_16_reg_10510                  |  16|   0|   16|          0|
    |acc_17_reg_10494                  |  16|   0|   16|          0|
    |acc_1_fu_1682                     |  16|   0|   16|          0|
    |acc_2_fu_1678                     |  16|   0|   16|          0|
    |acc_3_fu_1674                     |  16|   0|   16|          0|
    |acc_4_fu_1670                     |  16|   0|   16|          0|
    |acc_5_fu_1666                     |  16|   0|   16|          0|
    |acc_6_fu_1662                     |  16|   0|   16|          0|
    |acc_7_fu_1658                     |  16|   0|   16|          0|
    |acc_8_fu_1654                     |  16|   0|   16|          0|
    |acc_9_fu_1650                     |  16|   0|   16|          0|
    |acc_fu_1686                       |  16|   0|   16|          0|
    |ap_CS_fsm                         |   1|   0|    1|          0|
    |ap_done_reg                       |   1|   0|    1|          0|
    |ap_enable_reg_pp0_iter1           |   1|   0|    1|          0|
    |ap_enable_reg_pp0_iter2           |   1|   0|    1|          0|
    |ap_enable_reg_pp0_iter3           |   1|   0|    1|          0|
    |ap_enable_reg_pp0_iter4           |   1|   0|    1|          0|
    |ap_enable_reg_pp0_iter5           |   1|   0|    1|          0|
    |ap_enable_reg_pp0_iter6           |   1|   0|    1|          0|
    |ap_enable_reg_pp0_iter7           |   1|   0|    1|          0|
    |ap_loop_exit_ready_pp0_iter2_reg  |   1|   0|    1|          0|
    |ap_loop_exit_ready_pp0_iter3_reg  |   1|   0|    1|          0|
    |ap_loop_exit_ready_pp0_iter4_reg  |   1|   0|    1|          0|
    |ap_loop_exit_ready_pp0_iter5_reg  |   1|   0|    1|          0|
    |ap_loop_exit_ready_pp0_iter6_reg  |   1|   0|    1|          0|
    |i_fu_1638                         |   8|   0|    8|          0|
    |icmp_ln185_reg_10456              |   1|   0|    1|          0|
    |tmp_4_reg_10464                   |  16|   0|   16|          0|
    |tmp_5_reg_10469                   |  16|   0|   16|          0|
    |tmp_6_reg_10474                   |  16|   0|   16|          0|
    |tmp_7_reg_10479                   |  16|   0|   16|          0|
    |tmp_8_reg_10484                   |  16|   0|   16|          0|
    |tmp_9_reg_10489                   |  16|   0|   16|          0|
    |trunc_ln189_reg_10460             |   2|   0|    2|          0|
    |icmp_ln185_reg_10456              |  64|  32|    1|          0|
    |trunc_ln189_reg_10460             |  64|  32|    2|          0|
    +----------------------------------+----+----+-----+-----------+
    |Total                             | 489|  64|  364|          0|
    +----------------------------------+----+----+-----+-----------+



================================================================
== Interface
================================================================
* Summary: 
+-----------------------------+-----+-----+------------+-----------------------------+--------------+
|          RTL Ports          | Dir | Bits|  Protocol  |        Source Object        |    C Type    |
+-----------------------------+-----+-----+------------+-----------------------------+--------------+
|ap_clk                       |   in|    1|  ap_ctrl_hs|  Conv77_Core_Pipeline_REDUCE|  return value|
|ap_rst                       |   in|    1|  ap_ctrl_hs|  Conv77_Core_Pipeline_REDUCE|  return value|
|ap_start                     |   in|    1|  ap_ctrl_hs|  Conv77_Core_Pipeline_REDUCE|  return value|
|ap_done                      |  out|    1|  ap_ctrl_hs|  Conv77_Core_Pipeline_REDUCE|  return value|
|ap_idle                      |  out|    1|  ap_ctrl_hs|  Conv77_Core_Pipeline_REDUCE|  return value|
|ap_ready                     |  out|    1|  ap_ctrl_hs|  Conv77_Core_Pipeline_REDUCE|  return value|
|grp_fu_3993_p_din0           |  out|   16|  ap_ctrl_hs|  Conv77_Core_Pipeline_REDUCE|  return value|
|grp_fu_3993_p_din1           |  out|   16|  ap_ctrl_hs|  Conv77_Core_Pipeline_REDUCE|  return value|
|grp_fu_3993_p_dout0          |   in|   16|  ap_ctrl_hs|  Conv77_Core_Pipeline_REDUCE|  return value|
|grp_fu_3993_p_ce             |  out|    1|  ap_ctrl_hs|  Conv77_Core_Pipeline_REDUCE|  return value|
|grp_fu_3997_p_din0           |  out|   16|  ap_ctrl_hs|  Conv77_Core_Pipeline_REDUCE|  return value|
|grp_fu_3997_p_din1           |  out|   16|  ap_ctrl_hs|  Conv77_Core_Pipeline_REDUCE|  return value|
|grp_fu_3997_p_dout0          |   in|   16|  ap_ctrl_hs|  Conv77_Core_Pipeline_REDUCE|  return value|
|grp_fu_3997_p_ce             |  out|    1|  ap_ctrl_hs|  Conv77_Core_Pipeline_REDUCE|  return value|
|grp_fu_4001_p_din0           |  out|   16|  ap_ctrl_hs|  Conv77_Core_Pipeline_REDUCE|  return value|
|grp_fu_4001_p_din1           |  out|   16|  ap_ctrl_hs|  Conv77_Core_Pipeline_REDUCE|  return value|
|grp_fu_4001_p_dout0          |   in|   16|  ap_ctrl_hs|  Conv77_Core_Pipeline_REDUCE|  return value|
|grp_fu_4001_p_ce             |  out|    1|  ap_ctrl_hs|  Conv77_Core_Pipeline_REDUCE|  return value|
|mux_case_01311165_reload     |   in|   16|     ap_none|     mux_case_01311165_reload|        scalar|
|mux_case_11331168_reload     |   in|   16|     ap_none|     mux_case_11331168_reload|        scalar|
|mux_case_21351171_reload     |   in|   16|     ap_none|     mux_case_21351171_reload|        scalar|
|mux_case_31371174_reload     |   in|   16|     ap_none|     mux_case_31371174_reload|        scalar|
|mux_case_41177_reload        |   in|   16|     ap_none|        mux_case_41177_reload|        scalar|
|mux_case_51180_reload        |   in|   16|     ap_none|        mux_case_51180_reload|        scalar|
|mux_case_61183_reload        |   in|   16|     ap_none|        mux_case_61183_reload|        scalar|
|mux_case_71186_reload        |   in|   16|     ap_none|        mux_case_71186_reload|        scalar|
|mux_case_81189_reload        |   in|   16|     ap_none|        mux_case_81189_reload|        scalar|
|mux_case_91192_reload        |   in|   16|     ap_none|        mux_case_91192_reload|        scalar|
|mux_case_101195_reload       |   in|   16|     ap_none|       mux_case_101195_reload|        scalar|
|mux_case_111198_reload       |   in|   16|     ap_none|       mux_case_111198_reload|        scalar|
|mux_case_121201_reload       |   in|   16|     ap_none|       mux_case_121201_reload|        scalar|
|mux_case_131204_reload       |   in|   16|     ap_none|       mux_case_131204_reload|        scalar|
|mux_case_141207_reload       |   in|   16|     ap_none|       mux_case_141207_reload|        scalar|
|mux_case_151210_reload       |   in|   16|     ap_none|       mux_case_151210_reload|        scalar|
|mux_case_161213_reload       |   in|   16|     ap_none|       mux_case_161213_reload|        scalar|
|mux_case_171216_reload       |   in|   16|     ap_none|       mux_case_171216_reload|        scalar|
|mux_case_181219_reload       |   in|   16|     ap_none|       mux_case_181219_reload|        scalar|
|mux_case_191222_reload       |   in|   16|     ap_none|       mux_case_191222_reload|        scalar|
|mux_case_201225_reload       |   in|   16|     ap_none|       mux_case_201225_reload|        scalar|
|mux_case_211228_reload       |   in|   16|     ap_none|       mux_case_211228_reload|        scalar|
|mux_case_221231_reload       |   in|   16|     ap_none|       mux_case_221231_reload|        scalar|
|mux_case_231234_reload       |   in|   16|     ap_none|       mux_case_231234_reload|        scalar|
|mux_case_241237_reload       |   in|   16|     ap_none|       mux_case_241237_reload|        scalar|
|mux_case_251240_reload       |   in|   16|     ap_none|       mux_case_251240_reload|        scalar|
|mux_case_261243_reload       |   in|   16|     ap_none|       mux_case_261243_reload|        scalar|
|mux_case_271246_reload       |   in|   16|     ap_none|       mux_case_271246_reload|        scalar|
|mux_case_281249_reload       |   in|   16|     ap_none|       mux_case_281249_reload|        scalar|
|mux_case_291252_reload       |   in|   16|     ap_none|       mux_case_291252_reload|        scalar|
|mux_case_301255_reload       |   in|   16|     ap_none|       mux_case_301255_reload|        scalar|
|mux_case_311258_reload       |   in|   16|     ap_none|       mux_case_311258_reload|        scalar|
|mux_case_321261_reload       |   in|   16|     ap_none|       mux_case_321261_reload|        scalar|
|mux_case_331264_reload       |   in|   16|     ap_none|       mux_case_331264_reload|        scalar|
|mux_case_341267_reload       |   in|   16|     ap_none|       mux_case_341267_reload|        scalar|
|mux_case_351270_reload       |   in|   16|     ap_none|       mux_case_351270_reload|        scalar|
|mux_case_361273_reload       |   in|   16|     ap_none|       mux_case_361273_reload|        scalar|
|mux_case_371276_reload       |   in|   16|     ap_none|       mux_case_371276_reload|        scalar|
|mux_case_381279_reload       |   in|   16|     ap_none|       mux_case_381279_reload|        scalar|
|mux_case_391282_reload       |   in|   16|     ap_none|       mux_case_391282_reload|        scalar|
|mux_case_401285_reload       |   in|   16|     ap_none|       mux_case_401285_reload|        scalar|
|mux_case_411288_reload       |   in|   16|     ap_none|       mux_case_411288_reload|        scalar|
|mux_case_421291_reload       |   in|   16|     ap_none|       mux_case_421291_reload|        scalar|
|mux_case_431294_reload       |   in|   16|     ap_none|       mux_case_431294_reload|        scalar|
|mux_case_441297_reload       |   in|   16|     ap_none|       mux_case_441297_reload|        scalar|
|mux_case_451300_reload       |   in|   16|     ap_none|       mux_case_451300_reload|        scalar|
|mux_case_461303_reload       |   in|   16|     ap_none|       mux_case_461303_reload|        scalar|
|mux_case_471306_reload       |   in|   16|     ap_none|       mux_case_471306_reload|        scalar|
|mux_case_481309_reload       |   in|   16|     ap_none|       mux_case_481309_reload|        scalar|
|mux_case_491312_reload       |   in|   16|     ap_none|       mux_case_491312_reload|        scalar|
|mux_case_501315_reload       |   in|   16|     ap_none|       mux_case_501315_reload|        scalar|
|mux_case_511318_reload       |   in|   16|     ap_none|       mux_case_511318_reload|        scalar|
|mux_case_521321_reload       |   in|   16|     ap_none|       mux_case_521321_reload|        scalar|
|mux_case_531324_reload       |   in|   16|     ap_none|       mux_case_531324_reload|        scalar|
|mux_case_541327_reload       |   in|   16|     ap_none|       mux_case_541327_reload|        scalar|
|mux_case_551330_reload       |   in|   16|     ap_none|       mux_case_551330_reload|        scalar|
|mux_case_561333_reload       |   in|   16|     ap_none|       mux_case_561333_reload|        scalar|
|mux_case_571336_reload       |   in|   16|     ap_none|       mux_case_571336_reload|        scalar|
|mux_case_581339_reload       |   in|   16|     ap_none|       mux_case_581339_reload|        scalar|
|mux_case_591342_reload       |   in|   16|     ap_none|       mux_case_591342_reload|        scalar|
|mux_case_601345_reload       |   in|   16|     ap_none|       mux_case_601345_reload|        scalar|
|mux_case_611348_reload       |   in|   16|     ap_none|       mux_case_611348_reload|        scalar|
|mux_case_621351_reload       |   in|   16|     ap_none|       mux_case_621351_reload|        scalar|
|mux_case_631354_reload       |   in|   16|     ap_none|       mux_case_631354_reload|        scalar|
|mux_case_641357_reload       |   in|   16|     ap_none|       mux_case_641357_reload|        scalar|
|mux_case_651360_reload       |   in|   16|     ap_none|       mux_case_651360_reload|        scalar|
|mux_case_661363_reload       |   in|   16|     ap_none|       mux_case_661363_reload|        scalar|
|mux_case_671366_reload       |   in|   16|     ap_none|       mux_case_671366_reload|        scalar|
|mux_case_681369_reload       |   in|   16|     ap_none|       mux_case_681369_reload|        scalar|
|mux_case_691372_reload       |   in|   16|     ap_none|       mux_case_691372_reload|        scalar|
|mux_case_701375_reload       |   in|   16|     ap_none|       mux_case_701375_reload|        scalar|
|mux_case_711378_reload       |   in|   16|     ap_none|       mux_case_711378_reload|        scalar|
|mux_case_721381_reload       |   in|   16|     ap_none|       mux_case_721381_reload|        scalar|
|mux_case_731384_reload       |   in|   16|     ap_none|       mux_case_731384_reload|        scalar|
|mux_case_741387_reload       |   in|   16|     ap_none|       mux_case_741387_reload|        scalar|
|mux_case_751390_reload       |   in|   16|     ap_none|       mux_case_751390_reload|        scalar|
|mux_case_761393_reload       |   in|   16|     ap_none|       mux_case_761393_reload|        scalar|
|mux_case_771396_reload       |   in|   16|     ap_none|       mux_case_771396_reload|        scalar|
|mux_case_781399_reload       |   in|   16|     ap_none|       mux_case_781399_reload|        scalar|
|mux_case_791402_reload       |   in|   16|     ap_none|       mux_case_791402_reload|        scalar|
|mux_case_801405_reload       |   in|   16|     ap_none|       mux_case_801405_reload|        scalar|
|mux_case_811408_reload       |   in|   16|     ap_none|       mux_case_811408_reload|        scalar|
|mux_case_821411_reload       |   in|   16|     ap_none|       mux_case_821411_reload|        scalar|
|mux_case_831414_reload       |   in|   16|     ap_none|       mux_case_831414_reload|        scalar|
|mux_case_841417_reload       |   in|   16|     ap_none|       mux_case_841417_reload|        scalar|
|mux_case_851420_reload       |   in|   16|     ap_none|       mux_case_851420_reload|        scalar|
|mux_case_861423_reload       |   in|   16|     ap_none|       mux_case_861423_reload|        scalar|
|mux_case_871426_reload       |   in|   16|     ap_none|       mux_case_871426_reload|        scalar|
|mux_case_881429_reload       |   in|   16|     ap_none|       mux_case_881429_reload|        scalar|
|mux_case_891432_reload       |   in|   16|     ap_none|       mux_case_891432_reload|        scalar|
|mux_case_901435_reload       |   in|   16|     ap_none|       mux_case_901435_reload|        scalar|
|mux_case_911438_reload       |   in|   16|     ap_none|       mux_case_911438_reload|        scalar|
|mux_case_921441_reload       |   in|   16|     ap_none|       mux_case_921441_reload|        scalar|
|mux_case_931444_reload       |   in|   16|     ap_none|       mux_case_931444_reload|        scalar|
|mux_case_941447_reload       |   in|   16|     ap_none|       mux_case_941447_reload|        scalar|
|mux_case_951450_reload       |   in|   16|     ap_none|       mux_case_951450_reload|        scalar|
|mux_case_961453_reload       |   in|   16|     ap_none|       mux_case_961453_reload|        scalar|
|mux_case_971456_reload       |   in|   16|     ap_none|       mux_case_971456_reload|        scalar|
|mux_case_981459_reload       |   in|   16|     ap_none|       mux_case_981459_reload|        scalar|
|mux_case_991462_reload       |   in|   16|     ap_none|       mux_case_991462_reload|        scalar|
|mux_case_1001465_reload      |   in|   16|     ap_none|      mux_case_1001465_reload|        scalar|
|mux_case_1011468_reload      |   in|   16|     ap_none|      mux_case_1011468_reload|        scalar|
|mux_case_1021471_reload      |   in|   16|     ap_none|      mux_case_1021471_reload|        scalar|
|mux_case_1031474_reload      |   in|   16|     ap_none|      mux_case_1031474_reload|        scalar|
|mux_case_1041477_reload      |   in|   16|     ap_none|      mux_case_1041477_reload|        scalar|
|mux_case_1051480_reload      |   in|   16|     ap_none|      mux_case_1051480_reload|        scalar|
|mux_case_1061483_reload      |   in|   16|     ap_none|      mux_case_1061483_reload|        scalar|
|mux_case_1071486_reload      |   in|   16|     ap_none|      mux_case_1071486_reload|        scalar|
|mux_case_1081489_reload      |   in|   16|     ap_none|      mux_case_1081489_reload|        scalar|
|mux_case_1091492_reload      |   in|   16|     ap_none|      mux_case_1091492_reload|        scalar|
|mux_case_1101495_reload      |   in|   16|     ap_none|      mux_case_1101495_reload|        scalar|
|mux_case_1111498_reload      |   in|   16|     ap_none|      mux_case_1111498_reload|        scalar|
|mux_case_1121501_reload      |   in|   16|     ap_none|      mux_case_1121501_reload|        scalar|
|mux_case_1131504_reload      |   in|   16|     ap_none|      mux_case_1131504_reload|        scalar|
|mux_case_1141507_reload      |   in|   16|     ap_none|      mux_case_1141507_reload|        scalar|
|mux_case_1151510_reload      |   in|   16|     ap_none|      mux_case_1151510_reload|        scalar|
|mux_case_1161513_reload      |   in|   16|     ap_none|      mux_case_1161513_reload|        scalar|
|mux_case_1171516_reload      |   in|   16|     ap_none|      mux_case_1171516_reload|        scalar|
|mux_case_1181519_reload      |   in|   16|     ap_none|      mux_case_1181519_reload|        scalar|
|mux_case_1191522_reload      |   in|   16|     ap_none|      mux_case_1191522_reload|        scalar|
|mux_case_1201525_reload      |   in|   16|     ap_none|      mux_case_1201525_reload|        scalar|
|mux_case_1211528_reload      |   in|   16|     ap_none|      mux_case_1211528_reload|        scalar|
|mux_case_1221531_reload      |   in|   16|     ap_none|      mux_case_1221531_reload|        scalar|
|mux_case_1231534_reload      |   in|   16|     ap_none|      mux_case_1231534_reload|        scalar|
|mux_case_1241537_reload      |   in|   16|     ap_none|      mux_case_1241537_reload|        scalar|
|mux_case_1251540_reload      |   in|   16|     ap_none|      mux_case_1251540_reload|        scalar|
|mux_case_1261543_reload      |   in|   16|     ap_none|      mux_case_1261543_reload|        scalar|
|mux_case_1271546_reload      |   in|   16|     ap_none|      mux_case_1271546_reload|        scalar|
|mux_case_1281549_reload      |   in|   16|     ap_none|      mux_case_1281549_reload|        scalar|
|mux_case_1291552_reload      |   in|   16|     ap_none|      mux_case_1291552_reload|        scalar|
|mux_case_1301555_reload      |   in|   16|     ap_none|      mux_case_1301555_reload|        scalar|
|mux_case_1311558_reload      |   in|   16|     ap_none|      mux_case_1311558_reload|        scalar|
|mux_case_1321561_reload      |   in|   16|     ap_none|      mux_case_1321561_reload|        scalar|
|mux_case_1331564_reload      |   in|   16|     ap_none|      mux_case_1331564_reload|        scalar|
|mux_case_1341567_reload      |   in|   16|     ap_none|      mux_case_1341567_reload|        scalar|
|mux_case_1351570_reload      |   in|   16|     ap_none|      mux_case_1351570_reload|        scalar|
|mux_case_1361573_reload      |   in|   16|     ap_none|      mux_case_1361573_reload|        scalar|
|mux_case_1371576_reload      |   in|   16|     ap_none|      mux_case_1371576_reload|        scalar|
|mux_case_1381579_reload      |   in|   16|     ap_none|      mux_case_1381579_reload|        scalar|
|mux_case_1391582_reload      |   in|   16|     ap_none|      mux_case_1391582_reload|        scalar|
|mux_case_1401585_reload      |   in|   16|     ap_none|      mux_case_1401585_reload|        scalar|
|mux_case_1411588_reload      |   in|   16|     ap_none|      mux_case_1411588_reload|        scalar|
|mux_case_1421591_reload      |   in|   16|     ap_none|      mux_case_1421591_reload|        scalar|
|mux_case_1431594_reload      |   in|   16|     ap_none|      mux_case_1431594_reload|        scalar|
|mux_case_1441597_reload      |   in|   16|     ap_none|      mux_case_1441597_reload|        scalar|
|mux_case_1451600_reload      |   in|   16|     ap_none|      mux_case_1451600_reload|        scalar|
|mux_case_1461603_reload      |   in|   16|     ap_none|      mux_case_1461603_reload|        scalar|
|mux_case_1471606_reload      |   in|   16|     ap_none|      mux_case_1471606_reload|        scalar|
|mux_case_1481609_reload      |   in|   16|     ap_none|      mux_case_1481609_reload|        scalar|
|mux_case_1491612_reload      |   in|   16|     ap_none|      mux_case_1491612_reload|        scalar|
|mux_case_1501615_reload      |   in|   16|     ap_none|      mux_case_1501615_reload|        scalar|
|mux_case_1511618_reload      |   in|   16|     ap_none|      mux_case_1511618_reload|        scalar|
|mux_case_1521621_reload      |   in|   16|     ap_none|      mux_case_1521621_reload|        scalar|
|mux_case_1531624_reload      |   in|   16|     ap_none|      mux_case_1531624_reload|        scalar|
|mux_case_1541627_reload      |   in|   16|     ap_none|      mux_case_1541627_reload|        scalar|
|mux_case_1551630_reload      |   in|   16|     ap_none|      mux_case_1551630_reload|        scalar|
|mux_case_1561633_reload      |   in|   16|     ap_none|      mux_case_1561633_reload|        scalar|
|mux_case_1571636_reload      |   in|   16|     ap_none|      mux_case_1571636_reload|        scalar|
|mux_case_1581639_reload      |   in|   16|     ap_none|      mux_case_1581639_reload|        scalar|
|mux_case_1591642_reload      |   in|   16|     ap_none|      mux_case_1591642_reload|        scalar|
|mux_case_1601645_reload      |   in|   16|     ap_none|      mux_case_1601645_reload|        scalar|
|mux_case_1611648_reload      |   in|   16|     ap_none|      mux_case_1611648_reload|        scalar|
|mux_case_1621651_reload      |   in|   16|     ap_none|      mux_case_1621651_reload|        scalar|
|mux_case_1631654_reload      |   in|   16|     ap_none|      mux_case_1631654_reload|        scalar|
|mux_case_1641657_reload      |   in|   16|     ap_none|      mux_case_1641657_reload|        scalar|
|mux_case_1651660_reload      |   in|   16|     ap_none|      mux_case_1651660_reload|        scalar|
|mux_case_1661663_reload      |   in|   16|     ap_none|      mux_case_1661663_reload|        scalar|
|mux_case_1671666_reload      |   in|   16|     ap_none|      mux_case_1671666_reload|        scalar|
|mux_case_1681669_reload      |   in|   16|     ap_none|      mux_case_1681669_reload|        scalar|
|mux_case_1691672_reload      |   in|   16|     ap_none|      mux_case_1691672_reload|        scalar|
|mux_case_1701675_reload      |   in|   16|     ap_none|      mux_case_1701675_reload|        scalar|
|mux_case_1711678_reload      |   in|   16|     ap_none|      mux_case_1711678_reload|        scalar|
|mux_case_1721681_reload      |   in|   16|     ap_none|      mux_case_1721681_reload|        scalar|
|mux_case_1731684_reload      |   in|   16|     ap_none|      mux_case_1731684_reload|        scalar|
|mux_case_1741687_reload      |   in|   16|     ap_none|      mux_case_1741687_reload|        scalar|
|mux_case_1751690_reload      |   in|   16|     ap_none|      mux_case_1751690_reload|        scalar|
|mux_case_1761693_reload      |   in|   16|     ap_none|      mux_case_1761693_reload|        scalar|
|mux_case_1771696_reload      |   in|   16|     ap_none|      mux_case_1771696_reload|        scalar|
|mux_case_1781699_reload      |   in|   16|     ap_none|      mux_case_1781699_reload|        scalar|
|mux_case_1791702_reload      |   in|   16|     ap_none|      mux_case_1791702_reload|        scalar|
|mux_case_1801705_reload      |   in|   16|     ap_none|      mux_case_1801705_reload|        scalar|
|mux_case_1811708_reload      |   in|   16|     ap_none|      mux_case_1811708_reload|        scalar|
|mux_case_1821711_reload      |   in|   16|     ap_none|      mux_case_1821711_reload|        scalar|
|mux_case_1831714_reload      |   in|   16|     ap_none|      mux_case_1831714_reload|        scalar|
|mux_case_1841717_reload      |   in|   16|     ap_none|      mux_case_1841717_reload|        scalar|
|mux_case_1851720_reload      |   in|   16|     ap_none|      mux_case_1851720_reload|        scalar|
|mux_case_1861723_reload      |   in|   16|     ap_none|      mux_case_1861723_reload|        scalar|
|mux_case_1871726_reload      |   in|   16|     ap_none|      mux_case_1871726_reload|        scalar|
|mux_case_1881729_reload      |   in|   16|     ap_none|      mux_case_1881729_reload|        scalar|
|mux_case_1891732_reload      |   in|   16|     ap_none|      mux_case_1891732_reload|        scalar|
|mux_case_1901735_reload      |   in|   16|     ap_none|      mux_case_1901735_reload|        scalar|
|mux_case_1911738_reload      |   in|   16|     ap_none|      mux_case_1911738_reload|        scalar|
|mux_case_1921741_reload      |   in|   16|     ap_none|      mux_case_1921741_reload|        scalar|
|mux_case_1931744_reload      |   in|   16|     ap_none|      mux_case_1931744_reload|        scalar|
|mux_case_1941747_reload      |   in|   16|     ap_none|      mux_case_1941747_reload|        scalar|
|mux_case_1951750_reload      |   in|   16|     ap_none|      mux_case_1951750_reload|        scalar|
|mux_case_03391753_reload     |   in|   16|     ap_none|     mux_case_03391753_reload|        scalar|
|mux_case_13411756_reload     |   in|   16|     ap_none|     mux_case_13411756_reload|        scalar|
|mux_case_23431759_reload     |   in|   16|     ap_none|     mux_case_23431759_reload|        scalar|
|mux_case_33451762_reload     |   in|   16|     ap_none|     mux_case_33451762_reload|        scalar|
|mux_case_43471765_reload     |   in|   16|     ap_none|     mux_case_43471765_reload|        scalar|
|mux_case_53491768_reload     |   in|   16|     ap_none|     mux_case_53491768_reload|        scalar|
|mux_case_63511771_reload     |   in|   16|     ap_none|     mux_case_63511771_reload|        scalar|
|mux_case_73531774_reload     |   in|   16|     ap_none|     mux_case_73531774_reload|        scalar|
|mux_case_83551777_reload     |   in|   16|     ap_none|     mux_case_83551777_reload|        scalar|
|mux_case_93571780_reload     |   in|   16|     ap_none|     mux_case_93571780_reload|        scalar|
|mux_case_103591783_reload    |   in|   16|     ap_none|    mux_case_103591783_reload|        scalar|
|mux_case_113611786_reload    |   in|   16|     ap_none|    mux_case_113611786_reload|        scalar|
|mux_case_123631789_reload    |   in|   16|     ap_none|    mux_case_123631789_reload|        scalar|
|mux_case_133651792_reload    |   in|   16|     ap_none|    mux_case_133651792_reload|        scalar|
|mux_case_143671795_reload    |   in|   16|     ap_none|    mux_case_143671795_reload|        scalar|
|mux_case_153691798_reload    |   in|   16|     ap_none|    mux_case_153691798_reload|        scalar|
|mux_case_163711801_reload    |   in|   16|     ap_none|    mux_case_163711801_reload|        scalar|
|mux_case_173731804_reload    |   in|   16|     ap_none|    mux_case_173731804_reload|        scalar|
|mux_case_183751807_reload    |   in|   16|     ap_none|    mux_case_183751807_reload|        scalar|
|mux_case_193771810_reload    |   in|   16|     ap_none|    mux_case_193771810_reload|        scalar|
|mux_case_203791813_reload    |   in|   16|     ap_none|    mux_case_203791813_reload|        scalar|
|mux_case_213811816_reload    |   in|   16|     ap_none|    mux_case_213811816_reload|        scalar|
|mux_case_223831819_reload    |   in|   16|     ap_none|    mux_case_223831819_reload|        scalar|
|mux_case_233851822_reload    |   in|   16|     ap_none|    mux_case_233851822_reload|        scalar|
|mux_case_243871825_reload    |   in|   16|     ap_none|    mux_case_243871825_reload|        scalar|
|mux_case_253891828_reload    |   in|   16|     ap_none|    mux_case_253891828_reload|        scalar|
|mux_case_263911831_reload    |   in|   16|     ap_none|    mux_case_263911831_reload|        scalar|
|mux_case_273931834_reload    |   in|   16|     ap_none|    mux_case_273931834_reload|        scalar|
|mux_case_283951837_reload    |   in|   16|     ap_none|    mux_case_283951837_reload|        scalar|
|mux_case_293971840_reload    |   in|   16|     ap_none|    mux_case_293971840_reload|        scalar|
|mux_case_303991843_reload    |   in|   16|     ap_none|    mux_case_303991843_reload|        scalar|
|mux_case_314011846_reload    |   in|   16|     ap_none|    mux_case_314011846_reload|        scalar|
|mux_case_324031849_reload    |   in|   16|     ap_none|    mux_case_324031849_reload|        scalar|
|mux_case_334051852_reload    |   in|   16|     ap_none|    mux_case_334051852_reload|        scalar|
|mux_case_344071855_reload    |   in|   16|     ap_none|    mux_case_344071855_reload|        scalar|
|mux_case_354091858_reload    |   in|   16|     ap_none|    mux_case_354091858_reload|        scalar|
|mux_case_364111861_reload    |   in|   16|     ap_none|    mux_case_364111861_reload|        scalar|
|mux_case_374131864_reload    |   in|   16|     ap_none|    mux_case_374131864_reload|        scalar|
|mux_case_384151867_reload    |   in|   16|     ap_none|    mux_case_384151867_reload|        scalar|
|mux_case_394171870_reload    |   in|   16|     ap_none|    mux_case_394171870_reload|        scalar|
|mux_case_404191873_reload    |   in|   16|     ap_none|    mux_case_404191873_reload|        scalar|
|mux_case_414211876_reload    |   in|   16|     ap_none|    mux_case_414211876_reload|        scalar|
|mux_case_424231879_reload    |   in|   16|     ap_none|    mux_case_424231879_reload|        scalar|
|mux_case_434251882_reload    |   in|   16|     ap_none|    mux_case_434251882_reload|        scalar|
|mux_case_444271885_reload    |   in|   16|     ap_none|    mux_case_444271885_reload|        scalar|
|mux_case_454291888_reload    |   in|   16|     ap_none|    mux_case_454291888_reload|        scalar|
|mux_case_464311891_reload    |   in|   16|     ap_none|    mux_case_464311891_reload|        scalar|
|mux_case_474331894_reload    |   in|   16|     ap_none|    mux_case_474331894_reload|        scalar|
|mux_case_484351897_reload    |   in|   16|     ap_none|    mux_case_484351897_reload|        scalar|
|mux_case_494371900_reload    |   in|   16|     ap_none|    mux_case_494371900_reload|        scalar|
|mux_case_504391903_reload    |   in|   16|     ap_none|    mux_case_504391903_reload|        scalar|
|mux_case_514411906_reload    |   in|   16|     ap_none|    mux_case_514411906_reload|        scalar|
|mux_case_524431909_reload    |   in|   16|     ap_none|    mux_case_524431909_reload|        scalar|
|mux_case_534451912_reload    |   in|   16|     ap_none|    mux_case_534451912_reload|        scalar|
|mux_case_544471915_reload    |   in|   16|     ap_none|    mux_case_544471915_reload|        scalar|
|mux_case_554491918_reload    |   in|   16|     ap_none|    mux_case_554491918_reload|        scalar|
|mux_case_564511921_reload    |   in|   16|     ap_none|    mux_case_564511921_reload|        scalar|
|mux_case_574531924_reload    |   in|   16|     ap_none|    mux_case_574531924_reload|        scalar|
|mux_case_584551927_reload    |   in|   16|     ap_none|    mux_case_584551927_reload|        scalar|
|mux_case_594571930_reload    |   in|   16|     ap_none|    mux_case_594571930_reload|        scalar|
|mux_case_604591933_reload    |   in|   16|     ap_none|    mux_case_604591933_reload|        scalar|
|mux_case_614611936_reload    |   in|   16|     ap_none|    mux_case_614611936_reload|        scalar|
|mux_case_624631939_reload    |   in|   16|     ap_none|    mux_case_624631939_reload|        scalar|
|mux_case_634651942_reload    |   in|   16|     ap_none|    mux_case_634651942_reload|        scalar|
|mux_case_644671945_reload    |   in|   16|     ap_none|    mux_case_644671945_reload|        scalar|
|mux_case_654691948_reload    |   in|   16|     ap_none|    mux_case_654691948_reload|        scalar|
|mux_case_664711951_reload    |   in|   16|     ap_none|    mux_case_664711951_reload|        scalar|
|mux_case_674731954_reload    |   in|   16|     ap_none|    mux_case_674731954_reload|        scalar|
|mux_case_684751957_reload    |   in|   16|     ap_none|    mux_case_684751957_reload|        scalar|
|mux_case_694771960_reload    |   in|   16|     ap_none|    mux_case_694771960_reload|        scalar|
|mux_case_704791963_reload    |   in|   16|     ap_none|    mux_case_704791963_reload|        scalar|
|mux_case_714811966_reload    |   in|   16|     ap_none|    mux_case_714811966_reload|        scalar|
|mux_case_724831969_reload    |   in|   16|     ap_none|    mux_case_724831969_reload|        scalar|
|mux_case_734851972_reload    |   in|   16|     ap_none|    mux_case_734851972_reload|        scalar|
|mux_case_744871975_reload    |   in|   16|     ap_none|    mux_case_744871975_reload|        scalar|
|mux_case_754891978_reload    |   in|   16|     ap_none|    mux_case_754891978_reload|        scalar|
|mux_case_764911981_reload    |   in|   16|     ap_none|    mux_case_764911981_reload|        scalar|
|mux_case_774931984_reload    |   in|   16|     ap_none|    mux_case_774931984_reload|        scalar|
|mux_case_784951987_reload    |   in|   16|     ap_none|    mux_case_784951987_reload|        scalar|
|mux_case_794971990_reload    |   in|   16|     ap_none|    mux_case_794971990_reload|        scalar|
|mux_case_804991993_reload    |   in|   16|     ap_none|    mux_case_804991993_reload|        scalar|
|mux_case_815011996_reload    |   in|   16|     ap_none|    mux_case_815011996_reload|        scalar|
|mux_case_825031999_reload    |   in|   16|     ap_none|    mux_case_825031999_reload|        scalar|
|mux_case_835052002_reload    |   in|   16|     ap_none|    mux_case_835052002_reload|        scalar|
|mux_case_845072005_reload    |   in|   16|     ap_none|    mux_case_845072005_reload|        scalar|
|mux_case_855092008_reload    |   in|   16|     ap_none|    mux_case_855092008_reload|        scalar|
|mux_case_865112011_reload    |   in|   16|     ap_none|    mux_case_865112011_reload|        scalar|
|mux_case_875132014_reload    |   in|   16|     ap_none|    mux_case_875132014_reload|        scalar|
|mux_case_885152017_reload    |   in|   16|     ap_none|    mux_case_885152017_reload|        scalar|
|mux_case_895172020_reload    |   in|   16|     ap_none|    mux_case_895172020_reload|        scalar|
|mux_case_905192023_reload    |   in|   16|     ap_none|    mux_case_905192023_reload|        scalar|
|mux_case_915212026_reload    |   in|   16|     ap_none|    mux_case_915212026_reload|        scalar|
|mux_case_925232029_reload    |   in|   16|     ap_none|    mux_case_925232029_reload|        scalar|
|mux_case_935252032_reload    |   in|   16|     ap_none|    mux_case_935252032_reload|        scalar|
|mux_case_945272035_reload    |   in|   16|     ap_none|    mux_case_945272035_reload|        scalar|
|mux_case_955292038_reload    |   in|   16|     ap_none|    mux_case_955292038_reload|        scalar|
|mux_case_965312041_reload    |   in|   16|     ap_none|    mux_case_965312041_reload|        scalar|
|mux_case_975332044_reload    |   in|   16|     ap_none|    mux_case_975332044_reload|        scalar|
|mux_case_985352047_reload    |   in|   16|     ap_none|    mux_case_985352047_reload|        scalar|
|mux_case_995372050_reload    |   in|   16|     ap_none|    mux_case_995372050_reload|        scalar|
|mux_case_1005392053_reload   |   in|   16|     ap_none|   mux_case_1005392053_reload|        scalar|
|mux_case_1015412056_reload   |   in|   16|     ap_none|   mux_case_1015412056_reload|        scalar|
|mux_case_1025432059_reload   |   in|   16|     ap_none|   mux_case_1025432059_reload|        scalar|
|mux_case_1035452062_reload   |   in|   16|     ap_none|   mux_case_1035452062_reload|        scalar|
|mux_case_1045472065_reload   |   in|   16|     ap_none|   mux_case_1045472065_reload|        scalar|
|mux_case_1055492068_reload   |   in|   16|     ap_none|   mux_case_1055492068_reload|        scalar|
|mux_case_1065512071_reload   |   in|   16|     ap_none|   mux_case_1065512071_reload|        scalar|
|mux_case_1075532074_reload   |   in|   16|     ap_none|   mux_case_1075532074_reload|        scalar|
|mux_case_1085552077_reload   |   in|   16|     ap_none|   mux_case_1085552077_reload|        scalar|
|mux_case_1095572080_reload   |   in|   16|     ap_none|   mux_case_1095572080_reload|        scalar|
|mux_case_1105592083_reload   |   in|   16|     ap_none|   mux_case_1105592083_reload|        scalar|
|mux_case_1115612086_reload   |   in|   16|     ap_none|   mux_case_1115612086_reload|        scalar|
|mux_case_1125632089_reload   |   in|   16|     ap_none|   mux_case_1125632089_reload|        scalar|
|mux_case_1135652092_reload   |   in|   16|     ap_none|   mux_case_1135652092_reload|        scalar|
|mux_case_1145672095_reload   |   in|   16|     ap_none|   mux_case_1145672095_reload|        scalar|
|mux_case_1155692098_reload   |   in|   16|     ap_none|   mux_case_1155692098_reload|        scalar|
|mux_case_1165712101_reload   |   in|   16|     ap_none|   mux_case_1165712101_reload|        scalar|
|mux_case_1175732104_reload   |   in|   16|     ap_none|   mux_case_1175732104_reload|        scalar|
|mux_case_1185752107_reload   |   in|   16|     ap_none|   mux_case_1185752107_reload|        scalar|
|mux_case_1195772110_reload   |   in|   16|     ap_none|   mux_case_1195772110_reload|        scalar|
|mux_case_1205792113_reload   |   in|   16|     ap_none|   mux_case_1205792113_reload|        scalar|
|mux_case_1215812116_reload   |   in|   16|     ap_none|   mux_case_1215812116_reload|        scalar|
|mux_case_1225832119_reload   |   in|   16|     ap_none|   mux_case_1225832119_reload|        scalar|
|mux_case_1235852122_reload   |   in|   16|     ap_none|   mux_case_1235852122_reload|        scalar|
|mux_case_1245872125_reload   |   in|   16|     ap_none|   mux_case_1245872125_reload|        scalar|
|mux_case_1255892128_reload   |   in|   16|     ap_none|   mux_case_1255892128_reload|        scalar|
|mux_case_1265912131_reload   |   in|   16|     ap_none|   mux_case_1265912131_reload|        scalar|
|mux_case_1275932134_reload   |   in|   16|     ap_none|   mux_case_1275932134_reload|        scalar|
|mux_case_1285952137_reload   |   in|   16|     ap_none|   mux_case_1285952137_reload|        scalar|
|mux_case_1295972140_reload   |   in|   16|     ap_none|   mux_case_1295972140_reload|        scalar|
|mux_case_1305992143_reload   |   in|   16|     ap_none|   mux_case_1305992143_reload|        scalar|
|mux_case_1316012146_reload   |   in|   16|     ap_none|   mux_case_1316012146_reload|        scalar|
|mux_case_1326032149_reload   |   in|   16|     ap_none|   mux_case_1326032149_reload|        scalar|
|mux_case_1336052152_reload   |   in|   16|     ap_none|   mux_case_1336052152_reload|        scalar|
|mux_case_1346072155_reload   |   in|   16|     ap_none|   mux_case_1346072155_reload|        scalar|
|mux_case_1356092158_reload   |   in|   16|     ap_none|   mux_case_1356092158_reload|        scalar|
|mux_case_1366112161_reload   |   in|   16|     ap_none|   mux_case_1366112161_reload|        scalar|
|mux_case_1376132164_reload   |   in|   16|     ap_none|   mux_case_1376132164_reload|        scalar|
|mux_case_1386152167_reload   |   in|   16|     ap_none|   mux_case_1386152167_reload|        scalar|
|mux_case_1396172170_reload   |   in|   16|     ap_none|   mux_case_1396172170_reload|        scalar|
|mux_case_1406192173_reload   |   in|   16|     ap_none|   mux_case_1406192173_reload|        scalar|
|mux_case_1416212176_reload   |   in|   16|     ap_none|   mux_case_1416212176_reload|        scalar|
|mux_case_1426232179_reload   |   in|   16|     ap_none|   mux_case_1426232179_reload|        scalar|
|mux_case_1436252182_reload   |   in|   16|     ap_none|   mux_case_1436252182_reload|        scalar|
|mux_case_1446272185_reload   |   in|   16|     ap_none|   mux_case_1446272185_reload|        scalar|
|mux_case_1456292188_reload   |   in|   16|     ap_none|   mux_case_1456292188_reload|        scalar|
|mux_case_1466312191_reload   |   in|   16|     ap_none|   mux_case_1466312191_reload|        scalar|
|mux_case_1476332194_reload   |   in|   16|     ap_none|   mux_case_1476332194_reload|        scalar|
|mux_case_1486352197_reload   |   in|   16|     ap_none|   mux_case_1486352197_reload|        scalar|
|mux_case_1496372200_reload   |   in|   16|     ap_none|   mux_case_1496372200_reload|        scalar|
|mux_case_1506392203_reload   |   in|   16|     ap_none|   mux_case_1506392203_reload|        scalar|
|mux_case_1516412206_reload   |   in|   16|     ap_none|   mux_case_1516412206_reload|        scalar|
|mux_case_1526432209_reload   |   in|   16|     ap_none|   mux_case_1526432209_reload|        scalar|
|mux_case_1536452212_reload   |   in|   16|     ap_none|   mux_case_1536452212_reload|        scalar|
|mux_case_1546472215_reload   |   in|   16|     ap_none|   mux_case_1546472215_reload|        scalar|
|mux_case_1556492218_reload   |   in|   16|     ap_none|   mux_case_1556492218_reload|        scalar|
|mux_case_1566512221_reload   |   in|   16|     ap_none|   mux_case_1566512221_reload|        scalar|
|mux_case_1576532224_reload   |   in|   16|     ap_none|   mux_case_1576532224_reload|        scalar|
|mux_case_1586552227_reload   |   in|   16|     ap_none|   mux_case_1586552227_reload|        scalar|
|mux_case_1596572230_reload   |   in|   16|     ap_none|   mux_case_1596572230_reload|        scalar|
|mux_case_1606592233_reload   |   in|   16|     ap_none|   mux_case_1606592233_reload|        scalar|
|mux_case_1616612236_reload   |   in|   16|     ap_none|   mux_case_1616612236_reload|        scalar|
|mux_case_1626632239_reload   |   in|   16|     ap_none|   mux_case_1626632239_reload|        scalar|
|mux_case_1636652242_reload   |   in|   16|     ap_none|   mux_case_1636652242_reload|        scalar|
|mux_case_1646672245_reload   |   in|   16|     ap_none|   mux_case_1646672245_reload|        scalar|
|mux_case_1656692248_reload   |   in|   16|     ap_none|   mux_case_1656692248_reload|        scalar|
|mux_case_1666712251_reload   |   in|   16|     ap_none|   mux_case_1666712251_reload|        scalar|
|mux_case_1676732254_reload   |   in|   16|     ap_none|   mux_case_1676732254_reload|        scalar|
|mux_case_1686752257_reload   |   in|   16|     ap_none|   mux_case_1686752257_reload|        scalar|
|mux_case_1696772260_reload   |   in|   16|     ap_none|   mux_case_1696772260_reload|        scalar|
|mux_case_1706792263_reload   |   in|   16|     ap_none|   mux_case_1706792263_reload|        scalar|
|mux_case_1716812266_reload   |   in|   16|     ap_none|   mux_case_1716812266_reload|        scalar|
|mux_case_1726832269_reload   |   in|   16|     ap_none|   mux_case_1726832269_reload|        scalar|
|mux_case_1736852272_reload   |   in|   16|     ap_none|   mux_case_1736852272_reload|        scalar|
|mux_case_1746872275_reload   |   in|   16|     ap_none|   mux_case_1746872275_reload|        scalar|
|mux_case_1756892278_reload   |   in|   16|     ap_none|   mux_case_1756892278_reload|        scalar|
|mux_case_1766912281_reload   |   in|   16|     ap_none|   mux_case_1766912281_reload|        scalar|
|mux_case_1776932284_reload   |   in|   16|     ap_none|   mux_case_1776932284_reload|        scalar|
|mux_case_1786952287_reload   |   in|   16|     ap_none|   mux_case_1786952287_reload|        scalar|
|mux_case_1796972290_reload   |   in|   16|     ap_none|   mux_case_1796972290_reload|        scalar|
|mux_case_1806992293_reload   |   in|   16|     ap_none|   mux_case_1806992293_reload|        scalar|
|mux_case_1817012296_reload   |   in|   16|     ap_none|   mux_case_1817012296_reload|        scalar|
|mux_case_1827032299_reload   |   in|   16|     ap_none|   mux_case_1827032299_reload|        scalar|
|mux_case_1837052302_reload   |   in|   16|     ap_none|   mux_case_1837052302_reload|        scalar|
|mux_case_1847072305_reload   |   in|   16|     ap_none|   mux_case_1847072305_reload|        scalar|
|mux_case_1857092308_reload   |   in|   16|     ap_none|   mux_case_1857092308_reload|        scalar|
|mux_case_1867112311_reload   |   in|   16|     ap_none|   mux_case_1867112311_reload|        scalar|
|mux_case_1877132314_reload   |   in|   16|     ap_none|   mux_case_1877132314_reload|        scalar|
|mux_case_1887152317_reload   |   in|   16|     ap_none|   mux_case_1887152317_reload|        scalar|
|mux_case_1897172320_reload   |   in|   16|     ap_none|   mux_case_1897172320_reload|        scalar|
|mux_case_1907192323_reload   |   in|   16|     ap_none|   mux_case_1907192323_reload|        scalar|
|mux_case_1917212326_reload   |   in|   16|     ap_none|   mux_case_1917212326_reload|        scalar|
|mux_case_1927232329_reload   |   in|   16|     ap_none|   mux_case_1927232329_reload|        scalar|
|mux_case_1937252332_reload   |   in|   16|     ap_none|   mux_case_1937252332_reload|        scalar|
|mux_case_1947272335_reload   |   in|   16|     ap_none|   mux_case_1947272335_reload|        scalar|
|mux_case_1957292338_reload   |   in|   16|     ap_none|   mux_case_1957292338_reload|        scalar|
|mux_case_07312341_reload     |   in|   16|     ap_none|     mux_case_07312341_reload|        scalar|
|mux_case_17332344_reload     |   in|   16|     ap_none|     mux_case_17332344_reload|        scalar|
|mux_case_27352347_reload     |   in|   16|     ap_none|     mux_case_27352347_reload|        scalar|
|mux_case_37372350_reload     |   in|   16|     ap_none|     mux_case_37372350_reload|        scalar|
|mux_case_47392353_reload     |   in|   16|     ap_none|     mux_case_47392353_reload|        scalar|
|mux_case_57412356_reload     |   in|   16|     ap_none|     mux_case_57412356_reload|        scalar|
|mux_case_67432359_reload     |   in|   16|     ap_none|     mux_case_67432359_reload|        scalar|
|mux_case_77452362_reload     |   in|   16|     ap_none|     mux_case_77452362_reload|        scalar|
|mux_case_87472365_reload     |   in|   16|     ap_none|     mux_case_87472365_reload|        scalar|
|mux_case_97492368_reload     |   in|   16|     ap_none|     mux_case_97492368_reload|        scalar|
|mux_case_107512371_reload    |   in|   16|     ap_none|    mux_case_107512371_reload|        scalar|
|mux_case_117532374_reload    |   in|   16|     ap_none|    mux_case_117532374_reload|        scalar|
|mux_case_127552377_reload    |   in|   16|     ap_none|    mux_case_127552377_reload|        scalar|
|mux_case_137572380_reload    |   in|   16|     ap_none|    mux_case_137572380_reload|        scalar|
|mux_case_147592383_reload    |   in|   16|     ap_none|    mux_case_147592383_reload|        scalar|
|mux_case_157612386_reload    |   in|   16|     ap_none|    mux_case_157612386_reload|        scalar|
|mux_case_167632389_reload    |   in|   16|     ap_none|    mux_case_167632389_reload|        scalar|
|mux_case_177652392_reload    |   in|   16|     ap_none|    mux_case_177652392_reload|        scalar|
|mux_case_187672395_reload    |   in|   16|     ap_none|    mux_case_187672395_reload|        scalar|
|mux_case_197692398_reload    |   in|   16|     ap_none|    mux_case_197692398_reload|        scalar|
|mux_case_207712401_reload    |   in|   16|     ap_none|    mux_case_207712401_reload|        scalar|
|mux_case_217732404_reload    |   in|   16|     ap_none|    mux_case_217732404_reload|        scalar|
|mux_case_227752407_reload    |   in|   16|     ap_none|    mux_case_227752407_reload|        scalar|
|mux_case_237772410_reload    |   in|   16|     ap_none|    mux_case_237772410_reload|        scalar|
|mux_case_247792413_reload    |   in|   16|     ap_none|    mux_case_247792413_reload|        scalar|
|mux_case_257812416_reload    |   in|   16|     ap_none|    mux_case_257812416_reload|        scalar|
|mux_case_267832419_reload    |   in|   16|     ap_none|    mux_case_267832419_reload|        scalar|
|mux_case_277852422_reload    |   in|   16|     ap_none|    mux_case_277852422_reload|        scalar|
|mux_case_287872425_reload    |   in|   16|     ap_none|    mux_case_287872425_reload|        scalar|
|mux_case_297892428_reload    |   in|   16|     ap_none|    mux_case_297892428_reload|        scalar|
|mux_case_307912431_reload    |   in|   16|     ap_none|    mux_case_307912431_reload|        scalar|
|mux_case_317932434_reload    |   in|   16|     ap_none|    mux_case_317932434_reload|        scalar|
|mux_case_327952437_reload    |   in|   16|     ap_none|    mux_case_327952437_reload|        scalar|
|mux_case_337972440_reload    |   in|   16|     ap_none|    mux_case_337972440_reload|        scalar|
|mux_case_347992443_reload    |   in|   16|     ap_none|    mux_case_347992443_reload|        scalar|
|mux_case_358012446_reload    |   in|   16|     ap_none|    mux_case_358012446_reload|        scalar|
|mux_case_368032449_reload    |   in|   16|     ap_none|    mux_case_368032449_reload|        scalar|
|mux_case_378052452_reload    |   in|   16|     ap_none|    mux_case_378052452_reload|        scalar|
|mux_case_388072455_reload    |   in|   16|     ap_none|    mux_case_388072455_reload|        scalar|
|mux_case_398092458_reload    |   in|   16|     ap_none|    mux_case_398092458_reload|        scalar|
|mux_case_408112461_reload    |   in|   16|     ap_none|    mux_case_408112461_reload|        scalar|
|mux_case_418132464_reload    |   in|   16|     ap_none|    mux_case_418132464_reload|        scalar|
|mux_case_428152467_reload    |   in|   16|     ap_none|    mux_case_428152467_reload|        scalar|
|mux_case_438172470_reload    |   in|   16|     ap_none|    mux_case_438172470_reload|        scalar|
|mux_case_448192473_reload    |   in|   16|     ap_none|    mux_case_448192473_reload|        scalar|
|mux_case_458212476_reload    |   in|   16|     ap_none|    mux_case_458212476_reload|        scalar|
|mux_case_468232479_reload    |   in|   16|     ap_none|    mux_case_468232479_reload|        scalar|
|mux_case_478252482_reload    |   in|   16|     ap_none|    mux_case_478252482_reload|        scalar|
|mux_case_488272485_reload    |   in|   16|     ap_none|    mux_case_488272485_reload|        scalar|
|mux_case_498292488_reload    |   in|   16|     ap_none|    mux_case_498292488_reload|        scalar|
|mux_case_508312491_reload    |   in|   16|     ap_none|    mux_case_508312491_reload|        scalar|
|mux_case_518332494_reload    |   in|   16|     ap_none|    mux_case_518332494_reload|        scalar|
|mux_case_528352497_reload    |   in|   16|     ap_none|    mux_case_528352497_reload|        scalar|
|mux_case_538372500_reload    |   in|   16|     ap_none|    mux_case_538372500_reload|        scalar|
|mux_case_548392503_reload    |   in|   16|     ap_none|    mux_case_548392503_reload|        scalar|
|mux_case_558412506_reload    |   in|   16|     ap_none|    mux_case_558412506_reload|        scalar|
|mux_case_568432509_reload    |   in|   16|     ap_none|    mux_case_568432509_reload|        scalar|
|mux_case_578452512_reload    |   in|   16|     ap_none|    mux_case_578452512_reload|        scalar|
|mux_case_588472515_reload    |   in|   16|     ap_none|    mux_case_588472515_reload|        scalar|
|mux_case_598492518_reload    |   in|   16|     ap_none|    mux_case_598492518_reload|        scalar|
|mux_case_608512521_reload    |   in|   16|     ap_none|    mux_case_608512521_reload|        scalar|
|mux_case_618532524_reload    |   in|   16|     ap_none|    mux_case_618532524_reload|        scalar|
|mux_case_628552527_reload    |   in|   16|     ap_none|    mux_case_628552527_reload|        scalar|
|mux_case_638572530_reload    |   in|   16|     ap_none|    mux_case_638572530_reload|        scalar|
|mux_case_648592533_reload    |   in|   16|     ap_none|    mux_case_648592533_reload|        scalar|
|mux_case_658612536_reload    |   in|   16|     ap_none|    mux_case_658612536_reload|        scalar|
|mux_case_668632539_reload    |   in|   16|     ap_none|    mux_case_668632539_reload|        scalar|
|mux_case_678652542_reload    |   in|   16|     ap_none|    mux_case_678652542_reload|        scalar|
|mux_case_688672545_reload    |   in|   16|     ap_none|    mux_case_688672545_reload|        scalar|
|mux_case_698692548_reload    |   in|   16|     ap_none|    mux_case_698692548_reload|        scalar|
|mux_case_708712551_reload    |   in|   16|     ap_none|    mux_case_708712551_reload|        scalar|
|mux_case_718732554_reload    |   in|   16|     ap_none|    mux_case_718732554_reload|        scalar|
|mux_case_728752557_reload    |   in|   16|     ap_none|    mux_case_728752557_reload|        scalar|
|mux_case_738772560_reload    |   in|   16|     ap_none|    mux_case_738772560_reload|        scalar|
|mux_case_748792563_reload    |   in|   16|     ap_none|    mux_case_748792563_reload|        scalar|
|mux_case_758812566_reload    |   in|   16|     ap_none|    mux_case_758812566_reload|        scalar|
|mux_case_768832569_reload    |   in|   16|     ap_none|    mux_case_768832569_reload|        scalar|
|mux_case_778852572_reload    |   in|   16|     ap_none|    mux_case_778852572_reload|        scalar|
|mux_case_788872575_reload    |   in|   16|     ap_none|    mux_case_788872575_reload|        scalar|
|mux_case_798892578_reload    |   in|   16|     ap_none|    mux_case_798892578_reload|        scalar|
|mux_case_808912581_reload    |   in|   16|     ap_none|    mux_case_808912581_reload|        scalar|
|mux_case_818932584_reload    |   in|   16|     ap_none|    mux_case_818932584_reload|        scalar|
|mux_case_828952587_reload    |   in|   16|     ap_none|    mux_case_828952587_reload|        scalar|
|mux_case_838972590_reload    |   in|   16|     ap_none|    mux_case_838972590_reload|        scalar|
|mux_case_848992593_reload    |   in|   16|     ap_none|    mux_case_848992593_reload|        scalar|
|mux_case_859012596_reload    |   in|   16|     ap_none|    mux_case_859012596_reload|        scalar|
|mux_case_869032599_reload    |   in|   16|     ap_none|    mux_case_869032599_reload|        scalar|
|mux_case_879052602_reload    |   in|   16|     ap_none|    mux_case_879052602_reload|        scalar|
|mux_case_889072605_reload    |   in|   16|     ap_none|    mux_case_889072605_reload|        scalar|
|mux_case_899092608_reload    |   in|   16|     ap_none|    mux_case_899092608_reload|        scalar|
|mux_case_909112611_reload    |   in|   16|     ap_none|    mux_case_909112611_reload|        scalar|
|mux_case_919132614_reload    |   in|   16|     ap_none|    mux_case_919132614_reload|        scalar|
|mux_case_929152617_reload    |   in|   16|     ap_none|    mux_case_929152617_reload|        scalar|
|mux_case_939172620_reload    |   in|   16|     ap_none|    mux_case_939172620_reload|        scalar|
|mux_case_949192623_reload    |   in|   16|     ap_none|    mux_case_949192623_reload|        scalar|
|mux_case_959212626_reload    |   in|   16|     ap_none|    mux_case_959212626_reload|        scalar|
|mux_case_969232629_reload    |   in|   16|     ap_none|    mux_case_969232629_reload|        scalar|
|mux_case_979252632_reload    |   in|   16|     ap_none|    mux_case_979252632_reload|        scalar|
|mux_case_989272635_reload    |   in|   16|     ap_none|    mux_case_989272635_reload|        scalar|
|mux_case_999292638_reload    |   in|   16|     ap_none|    mux_case_999292638_reload|        scalar|
|mux_case_1009312641_reload   |   in|   16|     ap_none|   mux_case_1009312641_reload|        scalar|
|mux_case_1019332644_reload   |   in|   16|     ap_none|   mux_case_1019332644_reload|        scalar|
|mux_case_1029352647_reload   |   in|   16|     ap_none|   mux_case_1029352647_reload|        scalar|
|mux_case_1039372650_reload   |   in|   16|     ap_none|   mux_case_1039372650_reload|        scalar|
|mux_case_1049392653_reload   |   in|   16|     ap_none|   mux_case_1049392653_reload|        scalar|
|mux_case_1059412656_reload   |   in|   16|     ap_none|   mux_case_1059412656_reload|        scalar|
|mux_case_1069432659_reload   |   in|   16|     ap_none|   mux_case_1069432659_reload|        scalar|
|mux_case_1079452662_reload   |   in|   16|     ap_none|   mux_case_1079452662_reload|        scalar|
|mux_case_1089472665_reload   |   in|   16|     ap_none|   mux_case_1089472665_reload|        scalar|
|mux_case_1099492668_reload   |   in|   16|     ap_none|   mux_case_1099492668_reload|        scalar|
|mux_case_1109512671_reload   |   in|   16|     ap_none|   mux_case_1109512671_reload|        scalar|
|mux_case_1119532674_reload   |   in|   16|     ap_none|   mux_case_1119532674_reload|        scalar|
|mux_case_1129552677_reload   |   in|   16|     ap_none|   mux_case_1129552677_reload|        scalar|
|mux_case_1139572680_reload   |   in|   16|     ap_none|   mux_case_1139572680_reload|        scalar|
|mux_case_1149592683_reload   |   in|   16|     ap_none|   mux_case_1149592683_reload|        scalar|
|mux_case_1159612686_reload   |   in|   16|     ap_none|   mux_case_1159612686_reload|        scalar|
|mux_case_1169632689_reload   |   in|   16|     ap_none|   mux_case_1169632689_reload|        scalar|
|mux_case_1179652692_reload   |   in|   16|     ap_none|   mux_case_1179652692_reload|        scalar|
|mux_case_1189672695_reload   |   in|   16|     ap_none|   mux_case_1189672695_reload|        scalar|
|mux_case_1199692698_reload   |   in|   16|     ap_none|   mux_case_1199692698_reload|        scalar|
|mux_case_1209712701_reload   |   in|   16|     ap_none|   mux_case_1209712701_reload|        scalar|
|mux_case_1219732704_reload   |   in|   16|     ap_none|   mux_case_1219732704_reload|        scalar|
|mux_case_1229752707_reload   |   in|   16|     ap_none|   mux_case_1229752707_reload|        scalar|
|mux_case_1239772710_reload   |   in|   16|     ap_none|   mux_case_1239772710_reload|        scalar|
|mux_case_1249792713_reload   |   in|   16|     ap_none|   mux_case_1249792713_reload|        scalar|
|mux_case_1259812716_reload   |   in|   16|     ap_none|   mux_case_1259812716_reload|        scalar|
|mux_case_1269832719_reload   |   in|   16|     ap_none|   mux_case_1269832719_reload|        scalar|
|mux_case_1279852722_reload   |   in|   16|     ap_none|   mux_case_1279852722_reload|        scalar|
|mux_case_1289872725_reload   |   in|   16|     ap_none|   mux_case_1289872725_reload|        scalar|
|mux_case_1299892728_reload   |   in|   16|     ap_none|   mux_case_1299892728_reload|        scalar|
|mux_case_1309912731_reload   |   in|   16|     ap_none|   mux_case_1309912731_reload|        scalar|
|mux_case_1319932734_reload   |   in|   16|     ap_none|   mux_case_1319932734_reload|        scalar|
|mux_case_1329952737_reload   |   in|   16|     ap_none|   mux_case_1329952737_reload|        scalar|
|mux_case_1339972740_reload   |   in|   16|     ap_none|   mux_case_1339972740_reload|        scalar|
|mux_case_1349992743_reload   |   in|   16|     ap_none|   mux_case_1349992743_reload|        scalar|
|mux_case_13510012746_reload  |   in|   16|     ap_none|  mux_case_13510012746_reload|        scalar|
|mux_case_13610032749_reload  |   in|   16|     ap_none|  mux_case_13610032749_reload|        scalar|
|mux_case_13710052752_reload  |   in|   16|     ap_none|  mux_case_13710052752_reload|        scalar|
|mux_case_13810072755_reload  |   in|   16|     ap_none|  mux_case_13810072755_reload|        scalar|
|mux_case_13910092758_reload  |   in|   16|     ap_none|  mux_case_13910092758_reload|        scalar|
|mux_case_14010112761_reload  |   in|   16|     ap_none|  mux_case_14010112761_reload|        scalar|
|mux_case_14110132764_reload  |   in|   16|     ap_none|  mux_case_14110132764_reload|        scalar|
|mux_case_14210152767_reload  |   in|   16|     ap_none|  mux_case_14210152767_reload|        scalar|
|mux_case_14310172770_reload  |   in|   16|     ap_none|  mux_case_14310172770_reload|        scalar|
|mux_case_14410192773_reload  |   in|   16|     ap_none|  mux_case_14410192773_reload|        scalar|
|mux_case_14510212776_reload  |   in|   16|     ap_none|  mux_case_14510212776_reload|        scalar|
|mux_case_14610232779_reload  |   in|   16|     ap_none|  mux_case_14610232779_reload|        scalar|
|mux_case_14710252782_reload  |   in|   16|     ap_none|  mux_case_14710252782_reload|        scalar|
|mux_case_14810272785_reload  |   in|   16|     ap_none|  mux_case_14810272785_reload|        scalar|
|mux_case_14910292788_reload  |   in|   16|     ap_none|  mux_case_14910292788_reload|        scalar|
|mux_case_15010312791_reload  |   in|   16|     ap_none|  mux_case_15010312791_reload|        scalar|
|mux_case_15110332794_reload  |   in|   16|     ap_none|  mux_case_15110332794_reload|        scalar|
|mux_case_15210352797_reload  |   in|   16|     ap_none|  mux_case_15210352797_reload|        scalar|
|mux_case_15310372800_reload  |   in|   16|     ap_none|  mux_case_15310372800_reload|        scalar|
|mux_case_15410392803_reload  |   in|   16|     ap_none|  mux_case_15410392803_reload|        scalar|
|mux_case_15510412806_reload  |   in|   16|     ap_none|  mux_case_15510412806_reload|        scalar|
|mux_case_15610432809_reload  |   in|   16|     ap_none|  mux_case_15610432809_reload|        scalar|
|mux_case_15710452812_reload  |   in|   16|     ap_none|  mux_case_15710452812_reload|        scalar|
|mux_case_15810472815_reload  |   in|   16|     ap_none|  mux_case_15810472815_reload|        scalar|
|mux_case_15910492818_reload  |   in|   16|     ap_none|  mux_case_15910492818_reload|        scalar|
|mux_case_16010512821_reload  |   in|   16|     ap_none|  mux_case_16010512821_reload|        scalar|
|mux_case_16110532824_reload  |   in|   16|     ap_none|  mux_case_16110532824_reload|        scalar|
|mux_case_16210552827_reload  |   in|   16|     ap_none|  mux_case_16210552827_reload|        scalar|
|mux_case_16310572830_reload  |   in|   16|     ap_none|  mux_case_16310572830_reload|        scalar|
|mux_case_16410592833_reload  |   in|   16|     ap_none|  mux_case_16410592833_reload|        scalar|
|mux_case_16510612836_reload  |   in|   16|     ap_none|  mux_case_16510612836_reload|        scalar|
|mux_case_16610632839_reload  |   in|   16|     ap_none|  mux_case_16610632839_reload|        scalar|
|mux_case_16710652842_reload  |   in|   16|     ap_none|  mux_case_16710652842_reload|        scalar|
|mux_case_16810672845_reload  |   in|   16|     ap_none|  mux_case_16810672845_reload|        scalar|
|mux_case_16910692848_reload  |   in|   16|     ap_none|  mux_case_16910692848_reload|        scalar|
|mux_case_17010712851_reload  |   in|   16|     ap_none|  mux_case_17010712851_reload|        scalar|
|mux_case_17110732854_reload  |   in|   16|     ap_none|  mux_case_17110732854_reload|        scalar|
|mux_case_17210752857_reload  |   in|   16|     ap_none|  mux_case_17210752857_reload|        scalar|
|mux_case_17310772860_reload  |   in|   16|     ap_none|  mux_case_17310772860_reload|        scalar|
|mux_case_17410792863_reload  |   in|   16|     ap_none|  mux_case_17410792863_reload|        scalar|
|mux_case_17510812866_reload  |   in|   16|     ap_none|  mux_case_17510812866_reload|        scalar|
|mux_case_17610832869_reload  |   in|   16|     ap_none|  mux_case_17610832869_reload|        scalar|
|mux_case_17710852872_reload  |   in|   16|     ap_none|  mux_case_17710852872_reload|        scalar|
|mux_case_17810872875_reload  |   in|   16|     ap_none|  mux_case_17810872875_reload|        scalar|
|mux_case_17910892878_reload  |   in|   16|     ap_none|  mux_case_17910892878_reload|        scalar|
|mux_case_18010912881_reload  |   in|   16|     ap_none|  mux_case_18010912881_reload|        scalar|
|mux_case_18110932884_reload  |   in|   16|     ap_none|  mux_case_18110932884_reload|        scalar|
|mux_case_18210952887_reload  |   in|   16|     ap_none|  mux_case_18210952887_reload|        scalar|
|mux_case_18310972890_reload  |   in|   16|     ap_none|  mux_case_18310972890_reload|        scalar|
|mux_case_18410992893_reload  |   in|   16|     ap_none|  mux_case_18410992893_reload|        scalar|
|mux_case_18511012896_reload  |   in|   16|     ap_none|  mux_case_18511012896_reload|        scalar|
|mux_case_18611032899_reload  |   in|   16|     ap_none|  mux_case_18611032899_reload|        scalar|
|mux_case_18711052902_reload  |   in|   16|     ap_none|  mux_case_18711052902_reload|        scalar|
|mux_case_18811072905_reload  |   in|   16|     ap_none|  mux_case_18811072905_reload|        scalar|
|mux_case_18911092908_reload  |   in|   16|     ap_none|  mux_case_18911092908_reload|        scalar|
|mux_case_19011112911_reload  |   in|   16|     ap_none|  mux_case_19011112911_reload|        scalar|
|mux_case_19111132914_reload  |   in|   16|     ap_none|  mux_case_19111132914_reload|        scalar|
|mux_case_19211152917_reload  |   in|   16|     ap_none|  mux_case_19211152917_reload|        scalar|
|mux_case_19311172920_reload  |   in|   16|     ap_none|  mux_case_19311172920_reload|        scalar|
|mux_case_19411192923_reload  |   in|   16|     ap_none|  mux_case_19411192923_reload|        scalar|
|mux_case_19511212926_reload  |   in|   16|     ap_none|  mux_case_19511212926_reload|        scalar|
|acc_13_reload                |   in|   16|     ap_none|                acc_13_reload|        scalar|
|acc_12_reload                |   in|   16|     ap_none|                acc_12_reload|        scalar|
|acc_14_reload                |   in|   16|     ap_none|                acc_14_reload|        scalar|
|acc_load_out                 |  out|   16|      ap_vld|                 acc_load_out|       pointer|
|acc_load_out_ap_vld          |  out|    1|      ap_vld|                 acc_load_out|       pointer|
|acc_1_load_out               |  out|   16|      ap_vld|               acc_1_load_out|       pointer|
|acc_1_load_out_ap_vld        |  out|    1|      ap_vld|               acc_1_load_out|       pointer|
|acc_2_load_out               |  out|   16|      ap_vld|               acc_2_load_out|       pointer|
|acc_2_load_out_ap_vld        |  out|    1|      ap_vld|               acc_2_load_out|       pointer|
|acc_3_load_out               |  out|   16|      ap_vld|               acc_3_load_out|       pointer|
|acc_3_load_out_ap_vld        |  out|    1|      ap_vld|               acc_3_load_out|       pointer|
|acc_4_load_out               |  out|   16|      ap_vld|               acc_4_load_out|       pointer|
|acc_4_load_out_ap_vld        |  out|    1|      ap_vld|               acc_4_load_out|       pointer|
|acc_5_load_out               |  out|   16|      ap_vld|               acc_5_load_out|       pointer|
|acc_5_load_out_ap_vld        |  out|    1|      ap_vld|               acc_5_load_out|       pointer|
|acc_6_load_out               |  out|   16|      ap_vld|               acc_6_load_out|       pointer|
|acc_6_load_out_ap_vld        |  out|    1|      ap_vld|               acc_6_load_out|       pointer|
|acc_7_load_out               |  out|   16|      ap_vld|               acc_7_load_out|       pointer|
|acc_7_load_out_ap_vld        |  out|    1|      ap_vld|               acc_7_load_out|       pointer|
|acc_8_load_out               |  out|   16|      ap_vld|               acc_8_load_out|       pointer|
|acc_8_load_out_ap_vld        |  out|    1|      ap_vld|               acc_8_load_out|       pointer|
|acc_9_load_out               |  out|   16|      ap_vld|               acc_9_load_out|       pointer|
|acc_9_load_out_ap_vld        |  out|    1|      ap_vld|               acc_9_load_out|       pointer|
|acc_10_load_out              |  out|   16|      ap_vld|              acc_10_load_out|       pointer|
|acc_10_load_out_ap_vld       |  out|    1|      ap_vld|              acc_10_load_out|       pointer|
|acc_11_load_out              |  out|   16|      ap_vld|              acc_11_load_out|       pointer|
|acc_11_load_out_ap_vld       |  out|    1|      ap_vld|              acc_11_load_out|       pointer|
+-----------------------------+-----+-----+------------+-----------------------------+--------------+

