

================================================================
== Vitis HLS Report for 'Conv77_Core'
================================================================
* Date:           Thu May  7 16:05:10 2026

* Version:        2024.2 (Build 5238294 on Nov  8 2024)
* Project:        prj
* Solution:       solution1 (Vitis Kernel Flow Target)
* Product family: zynquplus
* Target device:  xczu7ev-ffvc1156-2-e


================================================================
== Performance Estimates
================================================================
+ Timing: 
    * Summary: 
    +--------+---------+----------+------------+
    |  Clock |  Target | Estimated| Uncertainty|
    +--------+---------+----------+------------+
    |ap_clk  |  3.33 ns|  2.554 ns|     0.90 ns|
    +--------+---------+----------+------------+

+ Latency: 
    * Summary: 
    +----------+----------+-----------+-----------+----------+----------+---------+
    |   Latency (cycles)  |   Latency (absolute)  |       Interval      | Pipeline|
    |    min   |    max   |    min    |    max    |    min   |    max   |   Type  |
    +----------+----------+-----------+-----------+----------+----------+---------+
    |  35594795|  35876139|  0.119 sec|  0.120 sec|  35594795|  35876139|       no|
    +----------+----------+-----------+-----------+----------+----------+---------+

    + Detail: 
        * Instance: 
        +----------------------------------------------------------------------------+----------------------------------------------------------------+---------+---------+-----------+-----------+------+------+------------------------------------------------+
        |                                                                            |                                                                |  Latency (cycles) |   Latency (absolute)  |   Interval  |                    Pipeline                    |
        |                                  Instance                                  |                             Module                             |   min   |   max   |    min    |    max    |  min |  max |                      Type                      |
        +----------------------------------------------------------------------------+----------------------------------------------------------------+---------+---------+-----------+-----------+------+------+------------------------------------------------+
        |grp_Conv77_Core_Pipeline_LOAD_W_VITIS_LOOP_101_1_VITIS_LOOP_102_2_fu_2722   |Conv77_Core_Pipeline_LOAD_W_VITIS_LOOP_101_1_VITIS_LOOP_102_2   |      592|      592|   1.973 us|   1.973 us|   589|   589|  loop auto-rewind stp (delay=0 clock cycles(s))|
        |grp_Conv77_Core_Pipeline_VITIS_LOOP_112_3_fu_2741                           |Conv77_Core_Pipeline_VITIS_LOOP_112_3                           |        5|        5|  16.665 ns|  16.665 ns|     4|     4|  loop auto-rewind stp (delay=0 clock cycles(s))|
        |grp_Conv77_Core_Pipeline_PRELOAD_VITIS_LOOP_117_4_VITIS_LOOP_118_5_fu_2749  |Conv77_Core_Pipeline_PRELOAD_VITIS_LOOP_117_4_VITIS_LOOP_118_5  |     7172|     7172|  23.904 us|  23.904 us|  7169|  7169|  loop auto-rewind stp (delay=0 clock cycles(s))|
        |grp_Conv77_Core_Pipeline_LOAD_ROW_VITIS_LOOP_132_6_fu_2758                  |Conv77_Core_Pipeline_LOAD_ROW_VITIS_LOOP_132_6                  |     1027|     1027|   3.423 us|   3.423 us|  1025|  1025|  loop auto-rewind stp (delay=0 clock cycles(s))|
        |grp_Conv77_Core_Pipeline_FLAT_LOOP_fu_2768                                  |Conv77_Core_Pipeline_FLAT_LOOP                                  |      320|      320|   1.067 us|   1.067 us|   197|   197|  loop auto-rewind stp (delay=0 clock cycles(s))|
        |grp_Conv77_Core_Pipeline_VITIS_LOOP_180_7_fu_3376                           |Conv77_Core_Pipeline_VITIS_LOOP_180_7                           |        5|        5|  16.665 ns|  16.665 ns|     4|     4|  loop auto-rewind stp (delay=0 clock cycles(s))|
        |grp_Conv77_Core_Pipeline_REDUCE_fu_3386                                     |Conv77_Core_Pipeline_REDUCE                                     |      203|      203|   0.677 us|   0.677 us|   197|   197|  loop auto-rewind stp (delay=0 clock cycles(s))|
        +----------------------------------------------------------------------------+----------------------------------------------------------------+---------+---------+-----------+-----------+------+------+------------------------------------------------+

        * Loop: 
        +------------+----------+----------+-----------------+-----------+-----------+------+----------+
        |            |   Latency (cycles)  |    Iteration    |  Initiation Interval  | Trip |          |
        |  Loop Name |    min   |    max   |     Latency     |  achieved |   target  | Count| Pipelined|
        +------------+----------+----------+-----------------+-----------+-----------+------+----------+
        |- HO_LOOP   |  35586816|  35868160|  139011 ~ 140110|          -|          -|   256|        no|
        | + WO_LOOP  |    139008|    139008|              543|          -|          -|   256|        no|
        +------------+----------+----------+-----------------+-----------+-----------+------+----------+



================================================================
== Utilization Estimates
================================================================
* Summary: 
+-----------------+---------+------+--------+--------+-----+
|       Name      | BRAM_18K|  DSP |   FF   |   LUT  | URAM|
+-----------------+---------+------+--------+--------+-----+
|DSP              |        -|     -|       -|       -|    -|
|Expression       |        -|     -|       0|     259|    -|
|FIFO             |        -|     -|       -|       -|    -|
|Instance         |        -|   192|   30981|   16069|    -|
|Memory           |       96|     -|       0|       0|    8|
|Multiplexer      |        -|     -|       0|    2801|    -|
|Register         |        -|     -|     910|       -|    -|
+-----------------+---------+------+--------+--------+-----+
|Total            |       96|   192|   31891|   19129|    8|
+-----------------+---------+------+--------+--------+-----+
|Available        |      624|  1728|  460800|  230400|   96|
+-----------------+---------+------+--------+--------+-----+
|Utilization (%)  |       15|    11|       6|       8|    8|
+-----------------+---------+------+--------+--------+-----+

+ Detail: 
    * Instance: 
    +----------------------------------------------------------------------------+----------------------------------------------------------------+---------+-----+-------+-------+-----+
    |                                  Instance                                  |                             Module                             | BRAM_18K| DSP |   FF  |  LUT  | URAM|
    +----------------------------------------------------------------------------+----------------------------------------------------------------+---------+-----+-------+-------+-----+
    |grp_Conv77_Core_Pipeline_FLAT_LOOP_fu_2768                                  |Conv77_Core_Pipeline_FLAT_LOOP                                  |        0|  186|  27279|  10451|    0|
    |grp_Conv77_Core_Pipeline_LOAD_ROW_VITIS_LOOP_132_6_fu_2758                  |Conv77_Core_Pipeline_LOAD_ROW_VITIS_LOOP_132_6                  |        0|    0|    819|    436|    0|
    |grp_Conv77_Core_Pipeline_LOAD_W_VITIS_LOOP_101_1_VITIS_LOOP_102_2_fu_2722   |Conv77_Core_Pipeline_LOAD_W_VITIS_LOOP_101_1_VITIS_LOOP_102_2   |        0|    0|    953|    544|    0|
    |grp_Conv77_Core_Pipeline_PRELOAD_VITIS_LOOP_117_4_VITIS_LOOP_118_5_fu_2749  |Conv77_Core_Pipeline_PRELOAD_VITIS_LOOP_117_4_VITIS_LOOP_118_5  |        0|    0|    904|    566|    0|
    |grp_Conv77_Core_Pipeline_REDUCE_fu_3386                                     |Conv77_Core_Pipeline_REDUCE                                     |        0|    0|    489|   3525|    0|
    |grp_Conv77_Core_Pipeline_VITIS_LOOP_112_3_fu_2741                           |Conv77_Core_Pipeline_VITIS_LOOP_112_3                           |        0|    0|     52|    113|    0|
    |grp_Conv77_Core_Pipeline_VITIS_LOOP_180_7_fu_3376                           |Conv77_Core_Pipeline_VITIS_LOOP_180_7                           |        0|    0|     52|     54|    0|
    |hadd_16ns_16ns_16_5_full_dsp_1_U1361                                        |hadd_16ns_16ns_16_5_full_dsp_1                                  |        0|    2|    109|    113|    0|
    |hadd_16ns_16ns_16_5_full_dsp_1_U1362                                        |hadd_16ns_16ns_16_5_full_dsp_1                                  |        0|    2|    109|    113|    0|
    |hadd_16ns_16ns_16_5_full_dsp_1_U1363                                        |hadd_16ns_16ns_16_5_full_dsp_1                                  |        0|    2|    109|    113|    0|
    |urem_8ns_4ns_3_12_seq_1_U1364                                               |urem_8ns_4ns_3_12_seq_1                                         |        0|    0|    106|     41|    0|
    +----------------------------------------------------------------------------+----------------------------------------------------------------+---------+-----+-------+-------+-----+
    |Total                                                                       |                                                                |        0|  192|  30981|  16069|    0|
    +----------------------------------------------------------------------------+----------------------------------------------------------------+---------+-----+-------+-------+-----+

    * DSP: 
    N/A

    * Memory: 
    +------------+----------------------------------------+---------+---+----+-----+------+-----+------+-------------+
    |   Memory   |                 Module                 | BRAM_18K| FF| LUT| URAM| Words| Bits| Banks| W*Bits*Banks|
    +------------+----------------------------------------+---------+---+----+-----+------+-----+------+-------------+
    |line_buf_U  |Conv77_Core_line_buf_RAM_T2P_URAM_1R1W  |        0|  0|   0|    8|  7168|  256|     1|      1835008|
    |w_buf_U     |Conv77_Core_w_buf_RAM_T2P_BRAM_1R1W     |        8|  0|   0|    0|    49|  256|     1|        12544|
    |w_buf_1_U   |Conv77_Core_w_buf_RAM_T2P_BRAM_1R1W     |        8|  0|   0|    0|    49|  256|     1|        12544|
    |w_buf_2_U   |Conv77_Core_w_buf_RAM_T2P_BRAM_1R1W     |        8|  0|   0|    0|    49|  256|     1|        12544|
    |w_buf_3_U   |Conv77_Core_w_buf_RAM_T2P_BRAM_1R1W     |        8|  0|   0|    0|    49|  256|     1|        12544|
    |w_buf_4_U   |Conv77_Core_w_buf_RAM_T2P_BRAM_1R1W     |        8|  0|   0|    0|    49|  256|     1|        12544|
    |w_buf_5_U   |Conv77_Core_w_buf_RAM_T2P_BRAM_1R1W     |        8|  0|   0|    0|    49|  256|     1|        12544|
    |w_buf_6_U   |Conv77_Core_w_buf_RAM_T2P_BRAM_1R1W     |        8|  0|   0|    0|    49|  256|     1|        12544|
    |w_buf_7_U   |Conv77_Core_w_buf_RAM_T2P_BRAM_1R1W     |        8|  0|   0|    0|    49|  256|     1|        12544|
    |w_buf_8_U   |Conv77_Core_w_buf_RAM_T2P_BRAM_1R1W     |        8|  0|   0|    0|    49|  256|     1|        12544|
    |w_buf_9_U   |Conv77_Core_w_buf_RAM_T2P_BRAM_1R1W     |        8|  0|   0|    0|    49|  256|     1|        12544|
    |w_buf_10_U  |Conv77_Core_w_buf_RAM_T2P_BRAM_1R1W     |        8|  0|   0|    0|    49|  256|     1|        12544|
    |w_buf_11_U  |Conv77_Core_w_buf_RAM_T2P_BRAM_1R1W     |        8|  0|   0|    0|    49|  256|     1|        12544|
    +------------+----------------------------------------+---------+---+----+-----+------+-----+------+-------------+
    |Total       |                                        |       96|  0|   0|    8|  7756| 3328|    13|      1985536|
    +------------+----------------------------------------+---------+---+----+-----+------+-----+------+-------------+

    * FIFO: 
    N/A

    * Expression: 
    +-----------------------------------+----------+----+---+----+------------+------------+
    |           Variable Name           | Operation| DSP| FF| LUT| Bitwidth P0| Bitwidth P1|
    +-----------------------------------+----------+----+---+----+------------+------------+
    |add_ln125_fu_4127_p2               |         +|   0|  0|  16|           9|           1|
    |add_ln128_1_fu_4159_p2             |         +|   0|  0|  71|          64|          64|
    |add_ln128_2_fu_4164_p2             |         +|   0|  0|  16|           9|           2|
    |add_ln128_fu_4149_p2               |         +|   0|  0|  31|          24|          17|
    |add_ln140_fu_4243_p2               |         +|   0|  0|  16|           9|           1|
    |and_ln129_fu_4190_p2               |       and|   0|  0|   2|           1|           1|
    |ap_block_state221_on_subcall_done  |       and|   0|  0|   2|           1|           1|
    |ap_block_state241_io               |       and|   0|  0|   2|           1|           1|
    |icmp_ln125_fu_4121_p2              |      icmp|   0|  0|  17|           9|          10|
    |icmp_ln129_fu_4170_p2              |      icmp|   0|  0|  16|           9|           3|
    |icmp_ln140_fu_4237_p2              |      icmp|   0|  0|  17|           9|          10|
    |ap_block_state1_io                 |        or|   0|  0|   2|           1|           1|
    |ap_block_state223_on_subcall_done  |        or|   0|  0|   2|           1|           1|
    |ap_block_state74_on_subcall_done   |        or|   0|  0|   2|           1|           1|
    |select_ln140_fu_6715_p3            |    select|   0|  0|  45|           1|           1|
    |xor_ln129_fu_4184_p2               |       xor|   0|  0|   2|           1|           2|
    +-----------------------------------+----------+----+---+----+------------+------------+
    |Total                              |          |   0|  0| 259|         150|         117|
    +-----------------------------------+----------+----+---+----+------------+------------+

    * Multiplexer: 
    +-------------------------+------+-----------+-----+-----------+
    |           Name          |  LUT | Input Size| Bits| Total Bits|
    +-------------------------+------+-----------+-----+-----------+
    |ap_NS_fsm                |  1642|        310|    1|        310|
    |gmem_b_blk_n_AR          |     9|          2|    1|          2|
    |gmem_b_blk_n_R           |     9|          2|    1|          2|
    |gmem_w_blk_n_AR          |     9|          2|    1|          2|
    |gmem_x_blk_n_AR          |     9|          2|    1|          2|
    |gmem_y_blk_n_AW          |     9|          2|    1|          2|
    |gmem_y_blk_n_B           |     9|          2|    1|          2|
    |gmem_y_blk_n_W           |     9|          2|    1|          2|
    |grp_fu_3993_ce           |    14|          3|    1|          3|
    |grp_fu_3993_p0           |    26|          5|   16|         80|
    |grp_fu_3993_p1           |    31|          6|   16|         96|
    |grp_fu_3997_ce           |    14|          3|    1|          3|
    |grp_fu_3997_p0           |    26|          5|   16|         80|
    |grp_fu_3997_p1           |    31|          6|   16|         96|
    |grp_fu_4001_ce           |    14|          3|    1|          3|
    |grp_fu_4001_p0           |    26|          5|   16|         80|
    |grp_fu_4001_p1           |    31|          6|   16|         96|
    |ho_fu_150                |     9|          2|    9|         18|
    |line_buf_address0        |    20|          4|   13|         52|
    |line_buf_ce0             |    20|          4|    1|          4|
    |line_buf_d0              |    14|          3|  256|        768|
    |line_buf_we0             |    14|          3|    1|          3|
    |m_axi_gmem_w_0_ARADDR    |    14|          3|   64|        192|
    |m_axi_gmem_w_0_ARBURST   |     9|          2|    2|          4|
    |m_axi_gmem_w_0_ARCACHE   |     9|          2|    4|          8|
    |m_axi_gmem_w_0_ARID      |     9|          2|    1|          2|
    |m_axi_gmem_w_0_ARLEN     |    14|          3|   32|         96|
    |m_axi_gmem_w_0_ARLOCK    |     9|          2|    2|          4|
    |m_axi_gmem_w_0_ARPROT    |     9|          2|    3|          6|
    |m_axi_gmem_w_0_ARQOS     |     9|          2|    4|          8|
    |m_axi_gmem_w_0_ARREGION  |     9|          2|    4|          8|
    |m_axi_gmem_w_0_ARSIZE    |     9|          2|    3|          6|
    |m_axi_gmem_w_0_ARUSER    |     9|          2|    1|          2|
    |m_axi_gmem_w_0_ARVALID   |    14|          3|    1|          3|
    |m_axi_gmem_w_0_RREADY    |     9|          2|    1|          2|
    |m_axi_gmem_x_0_ARADDR    |    26|          5|   64|        320|
    |m_axi_gmem_x_0_ARBURST   |    14|          3|    2|          6|
    |m_axi_gmem_x_0_ARCACHE   |    14|          3|    4|         12|
    |m_axi_gmem_x_0_ARID      |    14|          3|    1|          3|
    |m_axi_gmem_x_0_ARLEN     |    26|          5|   32|        160|
    |m_axi_gmem_x_0_ARLOCK    |    14|          3|    2|          6|
    |m_axi_gmem_x_0_ARPROT    |    14|          3|    3|          9|
    |m_axi_gmem_x_0_ARQOS     |    14|          3|    4|         12|
    |m_axi_gmem_x_0_ARREGION  |    14|          3|    4|         12|
    |m_axi_gmem_x_0_ARSIZE    |    14|          3|    3|          9|
    |m_axi_gmem_x_0_ARUSER    |    14|          3|    1|          3|
    |m_axi_gmem_x_0_ARVALID   |    20|          4|    1|          4|
    |m_axi_gmem_x_0_RREADY    |    14|          3|    1|          3|
    |phi_ln202_reg_2710       |     9|          2|   48|         96|
    |w_buf_10_address0        |    14|          3|    6|         18|
    |w_buf_10_ce0             |    14|          3|    1|          3|
    |w_buf_10_we0             |     9|          2|    1|          2|
    |w_buf_11_address0        |    14|          3|    6|         18|
    |w_buf_11_ce0             |    14|          3|    1|          3|
    |w_buf_11_we0             |     9|          2|    1|          2|
    |w_buf_1_address0         |    14|          3|    6|         18|
    |w_buf_1_ce0              |    14|          3|    1|          3|
    |w_buf_1_we0              |     9|          2|    1|          2|
    |w_buf_2_address0         |    14|          3|    6|         18|
    |w_buf_2_ce0              |    14|          3|    1|          3|
    |w_buf_2_we0              |     9|          2|    1|          2|
    |w_buf_3_address0         |    14|          3|    6|         18|
    |w_buf_3_ce0              |    14|          3|    1|          3|
    |w_buf_3_we0              |     9|          2|    1|          2|
    |w_buf_4_address0         |    14|          3|    6|         18|
    |w_buf_4_ce0              |    14|          3|    1|          3|
    |w_buf_4_we0              |     9|          2|    1|          2|
    |w_buf_5_address0         |    14|          3|    6|         18|
    |w_buf_5_ce0              |    14|          3|    1|          3|
    |w_buf_5_we0              |     9|          2|    1|          2|
    |w_buf_6_address0         |    14|          3|    6|         18|
    |w_buf_6_ce0              |    14|          3|    1|          3|
    |w_buf_6_we0              |     9|          2|    1|          2|
    |w_buf_7_address0         |    14|          3|    6|         18|
    |w_buf_7_ce0              |    14|          3|    1|          3|
    |w_buf_7_we0              |     9|          2|    1|          2|
    |w_buf_8_address0         |    14|          3|    6|         18|
    |w_buf_8_ce0              |    14|          3|    1|          3|
    |w_buf_8_we0              |     9|          2|    1|          2|
    |w_buf_9_address0         |    14|          3|    6|         18|
    |w_buf_9_ce0              |    14|          3|    1|          3|
    |w_buf_9_we0              |     9|          2|    1|          2|
    |w_buf_address0           |    14|          3|    6|         18|
    |w_buf_ce0                |    14|          3|    1|          3|
    |w_buf_we0                |     9|          2|    1|          2|
    |wo_reg_2699              |     9|          2|    9|         18|
    +-------------------------+------+-----------+-----+-----------+
    |Total                    |  2801|        555|  784|       2996|
    +-------------------------+------+-----------+-----+-----------+

    * Register: 
    +-----------------------------------------------------------------------------------------+-----+----+-----+-----------+
    |                                           Name                                          |  FF | LUT| Bits| Const Bits|
    +-----------------------------------------------------------------------------------------+-----+----+-----+-----------+
    |add_ln125_reg_10419                                                                      |    9|   0|    9|          0|
    |add_ln140_reg_10462                                                                      |    9|   0|    9|          0|
    |and_ln129_reg_10429                                                                      |    1|   0|    1|          0|
    |ap_CS_fsm                                                                                |  309|   0|  309|          0|
    |b_word_reg_10381                                                                         |  256|   0|  256|          0|
    |empty_294_reg_10472                                                                      |    8|   0|    8|          0|
    |grp_Conv77_Core_Pipeline_FLAT_LOOP_fu_2768_ap_start_reg                                  |    1|   0|    1|          0|
    |grp_Conv77_Core_Pipeline_LOAD_ROW_VITIS_LOOP_132_6_fu_2758_ap_start_reg                  |    1|   0|    1|          0|
    |grp_Conv77_Core_Pipeline_LOAD_W_VITIS_LOOP_101_1_VITIS_LOOP_102_2_fu_2722_ap_start_reg   |    1|   0|    1|          0|
    |grp_Conv77_Core_Pipeline_PRELOAD_VITIS_LOOP_117_4_VITIS_LOOP_118_5_fu_2749_ap_start_reg  |    1|   0|    1|          0|
    |grp_Conv77_Core_Pipeline_REDUCE_fu_3386_ap_start_reg                                     |    1|   0|    1|          0|
    |grp_Conv77_Core_Pipeline_VITIS_LOOP_112_3_fu_2741_ap_start_reg                           |    1|   0|    1|          0|
    |grp_Conv77_Core_Pipeline_VITIS_LOOP_180_7_fu_3376_ap_start_reg                           |    1|   0|    1|          0|
    |ho_fu_150                                                                                |    9|   0|    9|          0|
    |phi_ln202_reg_2710                                                                       |   48|   0|   48|          0|
    |reg_4005                                                                                 |   16|   0|   16|          0|
    |reg_4010                                                                                 |   16|   0|   16|          0|
    |reg_4015                                                                                 |   16|   0|   16|          0|
    |slot_reg_10449                                                                           |    3|   0|    3|          0|
    |tmp_s_reg_10454                                                                          |    3|   0|   11|          8|
    |trunc_ln128_reg_10424                                                                    |    8|   0|    8|          0|
    |trunc_ln130_reg_10433                                                                    |    8|   0|    8|          0|
    |trunc_ln140_reg_10467                                                                    |    1|   0|    1|          0|
    |trunc_ln3_reg_10391                                                                      |   58|   0|   58|          0|
    |trunc_ln9_reg_10438                                                                      |   58|   0|   58|          0|
    |trunc_ln_reg_10365                                                                       |   58|   0|   58|          0|
    |wo_reg_2699                                                                              |    9|   0|    9|          0|
    +-----------------------------------------------------------------------------------------+-----+----+-----+-----------+
    |Total                                                                                    |  910|   0|  918|          8|
    +-----------------------------------------------------------------------------------------+-----+----+-----+-----------+



================================================================
== Interface
================================================================
* Summary: 
+-------------------------+-----+-----+------------+--------------+--------------+
|        RTL Ports        | Dir | Bits|  Protocol  | Source Object|    C Type    |
+-------------------------+-----+-----+------------+--------------+--------------+
|ap_clk                   |   in|    1|  ap_ctrl_hs|   Conv77_Core|  return value|
|ap_rst                   |   in|    1|  ap_ctrl_hs|   Conv77_Core|  return value|
|ap_start                 |   in|    1|  ap_ctrl_hs|   Conv77_Core|  return value|
|ap_done                  |  out|    1|  ap_ctrl_hs|   Conv77_Core|  return value|
|ap_idle                  |  out|    1|  ap_ctrl_hs|   Conv77_Core|  return value|
|ap_ready                 |  out|    1|  ap_ctrl_hs|   Conv77_Core|  return value|
|m_axi_gmem_x_0_AWVALID   |  out|    1|       m_axi|        gmem_x|       pointer|
|m_axi_gmem_x_0_AWREADY   |   in|    1|       m_axi|        gmem_x|       pointer|
|m_axi_gmem_x_0_AWADDR    |  out|   64|       m_axi|        gmem_x|       pointer|
|m_axi_gmem_x_0_AWID      |  out|    1|       m_axi|        gmem_x|       pointer|
|m_axi_gmem_x_0_AWLEN     |  out|   32|       m_axi|        gmem_x|       pointer|
|m_axi_gmem_x_0_AWSIZE    |  out|    3|       m_axi|        gmem_x|       pointer|
|m_axi_gmem_x_0_AWBURST   |  out|    2|       m_axi|        gmem_x|       pointer|
|m_axi_gmem_x_0_AWLOCK    |  out|    2|       m_axi|        gmem_x|       pointer|
|m_axi_gmem_x_0_AWCACHE   |  out|    4|       m_axi|        gmem_x|       pointer|
|m_axi_gmem_x_0_AWPROT    |  out|    3|       m_axi|        gmem_x|       pointer|
|m_axi_gmem_x_0_AWQOS     |  out|    4|       m_axi|        gmem_x|       pointer|
|m_axi_gmem_x_0_AWREGION  |  out|    4|       m_axi|        gmem_x|       pointer|
|m_axi_gmem_x_0_AWUSER    |  out|    1|       m_axi|        gmem_x|       pointer|
|m_axi_gmem_x_0_WVALID    |  out|    1|       m_axi|        gmem_x|       pointer|
|m_axi_gmem_x_0_WREADY    |   in|    1|       m_axi|        gmem_x|       pointer|
|m_axi_gmem_x_0_WDATA     |  out|  512|       m_axi|        gmem_x|       pointer|
|m_axi_gmem_x_0_WSTRB     |  out|   64|       m_axi|        gmem_x|       pointer|
|m_axi_gmem_x_0_WLAST     |  out|    1|       m_axi|        gmem_x|       pointer|
|m_axi_gmem_x_0_WID       |  out|    1|       m_axi|        gmem_x|       pointer|
|m_axi_gmem_x_0_WUSER     |  out|    1|       m_axi|        gmem_x|       pointer|
|m_axi_gmem_x_0_ARVALID   |  out|    1|       m_axi|        gmem_x|       pointer|
|m_axi_gmem_x_0_ARREADY   |   in|    1|       m_axi|        gmem_x|       pointer|
|m_axi_gmem_x_0_ARADDR    |  out|   64|       m_axi|        gmem_x|       pointer|
|m_axi_gmem_x_0_ARID      |  out|    1|       m_axi|        gmem_x|       pointer|
|m_axi_gmem_x_0_ARLEN     |  out|   32|       m_axi|        gmem_x|       pointer|
|m_axi_gmem_x_0_ARSIZE    |  out|    3|       m_axi|        gmem_x|       pointer|
|m_axi_gmem_x_0_ARBURST   |  out|    2|       m_axi|        gmem_x|       pointer|
|m_axi_gmem_x_0_ARLOCK    |  out|    2|       m_axi|        gmem_x|       pointer|
|m_axi_gmem_x_0_ARCACHE   |  out|    4|       m_axi|        gmem_x|       pointer|
|m_axi_gmem_x_0_ARPROT    |  out|    3|       m_axi|        gmem_x|       pointer|
|m_axi_gmem_x_0_ARQOS     |  out|    4|       m_axi|        gmem_x|       pointer|
|m_axi_gmem_x_0_ARREGION  |  out|    4|       m_axi|        gmem_x|       pointer|
|m_axi_gmem_x_0_ARUSER    |  out|    1|       m_axi|        gmem_x|       pointer|
|m_axi_gmem_x_0_RVALID    |   in|    1|       m_axi|        gmem_x|       pointer|
|m_axi_gmem_x_0_RREADY    |  out|    1|       m_axi|        gmem_x|       pointer|
|m_axi_gmem_x_0_RDATA     |   in|  512|       m_axi|        gmem_x|       pointer|
|m_axi_gmem_x_0_RLAST     |   in|    1|       m_axi|        gmem_x|       pointer|
|m_axi_gmem_x_0_RID       |   in|    1|       m_axi|        gmem_x|       pointer|
|m_axi_gmem_x_0_RFIFONUM  |   in|   11|       m_axi|        gmem_x|       pointer|
|m_axi_gmem_x_0_RUSER     |   in|    1|       m_axi|        gmem_x|       pointer|
|m_axi_gmem_x_0_RRESP     |   in|    2|       m_axi|        gmem_x|       pointer|
|m_axi_gmem_x_0_BVALID    |   in|    1|       m_axi|        gmem_x|       pointer|
|m_axi_gmem_x_0_BREADY    |  out|    1|       m_axi|        gmem_x|       pointer|
|m_axi_gmem_x_0_BRESP     |   in|    2|       m_axi|        gmem_x|       pointer|
|m_axi_gmem_x_0_BID       |   in|    1|       m_axi|        gmem_x|       pointer|
|m_axi_gmem_x_0_BUSER     |   in|    1|       m_axi|        gmem_x|       pointer|
|X                        |   in|   64|     ap_none|             X|        scalar|
|m_axi_gmem_w_0_AWVALID   |  out|    1|       m_axi|        gmem_w|       pointer|
|m_axi_gmem_w_0_AWREADY   |   in|    1|       m_axi|        gmem_w|       pointer|
|m_axi_gmem_w_0_AWADDR    |  out|   64|       m_axi|        gmem_w|       pointer|
|m_axi_gmem_w_0_AWID      |  out|    1|       m_axi|        gmem_w|       pointer|
|m_axi_gmem_w_0_AWLEN     |  out|   32|       m_axi|        gmem_w|       pointer|
|m_axi_gmem_w_0_AWSIZE    |  out|    3|       m_axi|        gmem_w|       pointer|
|m_axi_gmem_w_0_AWBURST   |  out|    2|       m_axi|        gmem_w|       pointer|
|m_axi_gmem_w_0_AWLOCK    |  out|    2|       m_axi|        gmem_w|       pointer|
|m_axi_gmem_w_0_AWCACHE   |  out|    4|       m_axi|        gmem_w|       pointer|
|m_axi_gmem_w_0_AWPROT    |  out|    3|       m_axi|        gmem_w|       pointer|
|m_axi_gmem_w_0_AWQOS     |  out|    4|       m_axi|        gmem_w|       pointer|
|m_axi_gmem_w_0_AWREGION  |  out|    4|       m_axi|        gmem_w|       pointer|
|m_axi_gmem_w_0_AWUSER    |  out|    1|       m_axi|        gmem_w|       pointer|
|m_axi_gmem_w_0_WVALID    |  out|    1|       m_axi|        gmem_w|       pointer|
|m_axi_gmem_w_0_WREADY    |   in|    1|       m_axi|        gmem_w|       pointer|
|m_axi_gmem_w_0_WDATA     |  out|  512|       m_axi|        gmem_w|       pointer|
|m_axi_gmem_w_0_WSTRB     |  out|   64|       m_axi|        gmem_w|       pointer|
|m_axi_gmem_w_0_WLAST     |  out|    1|       m_axi|        gmem_w|       pointer|
|m_axi_gmem_w_0_WID       |  out|    1|       m_axi|        gmem_w|       pointer|
|m_axi_gmem_w_0_WUSER     |  out|    1|       m_axi|        gmem_w|       pointer|
|m_axi_gmem_w_0_ARVALID   |  out|    1|       m_axi|        gmem_w|       pointer|
|m_axi_gmem_w_0_ARREADY   |   in|    1|       m_axi|        gmem_w|       pointer|
|m_axi_gmem_w_0_ARADDR    |  out|   64|       m_axi|        gmem_w|       pointer|
|m_axi_gmem_w_0_ARID      |  out|    1|       m_axi|        gmem_w|       pointer|
|m_axi_gmem_w_0_ARLEN     |  out|   32|       m_axi|        gmem_w|       pointer|
|m_axi_gmem_w_0_ARSIZE    |  out|    3|       m_axi|        gmem_w|       pointer|
|m_axi_gmem_w_0_ARBURST   |  out|    2|       m_axi|        gmem_w|       pointer|
|m_axi_gmem_w_0_ARLOCK    |  out|    2|       m_axi|        gmem_w|       pointer|
|m_axi_gmem_w_0_ARCACHE   |  out|    4|       m_axi|        gmem_w|       pointer|
|m_axi_gmem_w_0_ARPROT    |  out|    3|       m_axi|        gmem_w|       pointer|
|m_axi_gmem_w_0_ARQOS     |  out|    4|       m_axi|        gmem_w|       pointer|
|m_axi_gmem_w_0_ARREGION  |  out|    4|       m_axi|        gmem_w|       pointer|
|m_axi_gmem_w_0_ARUSER    |  out|    1|       m_axi|        gmem_w|       pointer|
|m_axi_gmem_w_0_RVALID    |   in|    1|       m_axi|        gmem_w|       pointer|
|m_axi_gmem_w_0_RREADY    |  out|    1|       m_axi|        gmem_w|       pointer|
|m_axi_gmem_w_0_RDATA     |   in|  512|       m_axi|        gmem_w|       pointer|
|m_axi_gmem_w_0_RLAST     |   in|    1|       m_axi|        gmem_w|       pointer|
|m_axi_gmem_w_0_RID       |   in|    1|       m_axi|        gmem_w|       pointer|
|m_axi_gmem_w_0_RFIFONUM  |   in|   11|       m_axi|        gmem_w|       pointer|
|m_axi_gmem_w_0_RUSER     |   in|    1|       m_axi|        gmem_w|       pointer|
|m_axi_gmem_w_0_RRESP     |   in|    2|       m_axi|        gmem_w|       pointer|
|m_axi_gmem_w_0_BVALID    |   in|    1|       m_axi|        gmem_w|       pointer|
|m_axi_gmem_w_0_BREADY    |  out|    1|       m_axi|        gmem_w|       pointer|
|m_axi_gmem_w_0_BRESP     |   in|    2|       m_axi|        gmem_w|       pointer|
|m_axi_gmem_w_0_BID       |   in|    1|       m_axi|        gmem_w|       pointer|
|m_axi_gmem_w_0_BUSER     |   in|    1|       m_axi|        gmem_w|       pointer|
|W                        |   in|   64|     ap_none|             W|        scalar|
|m_axi_gmem_b_0_AWVALID   |  out|    1|       m_axi|        gmem_b|       pointer|
|m_axi_gmem_b_0_AWREADY   |   in|    1|       m_axi|        gmem_b|       pointer|
|m_axi_gmem_b_0_AWADDR    |  out|   64|       m_axi|        gmem_b|       pointer|
|m_axi_gmem_b_0_AWID      |  out|    1|       m_axi|        gmem_b|       pointer|
|m_axi_gmem_b_0_AWLEN     |  out|   32|       m_axi|        gmem_b|       pointer|
|m_axi_gmem_b_0_AWSIZE    |  out|    3|       m_axi|        gmem_b|       pointer|
|m_axi_gmem_b_0_AWBURST   |  out|    2|       m_axi|        gmem_b|       pointer|
|m_axi_gmem_b_0_AWLOCK    |  out|    2|       m_axi|        gmem_b|       pointer|
|m_axi_gmem_b_0_AWCACHE   |  out|    4|       m_axi|        gmem_b|       pointer|
|m_axi_gmem_b_0_AWPROT    |  out|    3|       m_axi|        gmem_b|       pointer|
|m_axi_gmem_b_0_AWQOS     |  out|    4|       m_axi|        gmem_b|       pointer|
|m_axi_gmem_b_0_AWREGION  |  out|    4|       m_axi|        gmem_b|       pointer|
|m_axi_gmem_b_0_AWUSER    |  out|    1|       m_axi|        gmem_b|       pointer|
|m_axi_gmem_b_0_WVALID    |  out|    1|       m_axi|        gmem_b|       pointer|
|m_axi_gmem_b_0_WREADY    |   in|    1|       m_axi|        gmem_b|       pointer|
|m_axi_gmem_b_0_WDATA     |  out|  256|       m_axi|        gmem_b|       pointer|
|m_axi_gmem_b_0_WSTRB     |  out|   32|       m_axi|        gmem_b|       pointer|
|m_axi_gmem_b_0_WLAST     |  out|    1|       m_axi|        gmem_b|       pointer|
|m_axi_gmem_b_0_WID       |  out|    1|       m_axi|        gmem_b|       pointer|
|m_axi_gmem_b_0_WUSER     |  out|    1|       m_axi|        gmem_b|       pointer|
|m_axi_gmem_b_0_ARVALID   |  out|    1|       m_axi|        gmem_b|       pointer|
|m_axi_gmem_b_0_ARREADY   |   in|    1|       m_axi|        gmem_b|       pointer|
|m_axi_gmem_b_0_ARADDR    |  out|   64|       m_axi|        gmem_b|       pointer|
|m_axi_gmem_b_0_ARID      |  out|    1|       m_axi|        gmem_b|       pointer|
|m_axi_gmem_b_0_ARLEN     |  out|   32|       m_axi|        gmem_b|       pointer|
|m_axi_gmem_b_0_ARSIZE    |  out|    3|       m_axi|        gmem_b|       pointer|
|m_axi_gmem_b_0_ARBURST   |  out|    2|       m_axi|        gmem_b|       pointer|
|m_axi_gmem_b_0_ARLOCK    |  out|    2|       m_axi|        gmem_b|       pointer|
|m_axi_gmem_b_0_ARCACHE   |  out|    4|       m_axi|        gmem_b|       pointer|
|m_axi_gmem_b_0_ARPROT    |  out|    3|       m_axi|        gmem_b|       pointer|
|m_axi_gmem_b_0_ARQOS     |  out|    4|       m_axi|        gmem_b|       pointer|
|m_axi_gmem_b_0_ARREGION  |  out|    4|       m_axi|        gmem_b|       pointer|
|m_axi_gmem_b_0_ARUSER    |  out|    1|       m_axi|        gmem_b|       pointer|
|m_axi_gmem_b_0_RVALID    |   in|    1|       m_axi|        gmem_b|       pointer|
|m_axi_gmem_b_0_RREADY    |  out|    1|       m_axi|        gmem_b|       pointer|
|m_axi_gmem_b_0_RDATA     |   in|  256|       m_axi|        gmem_b|       pointer|
|m_axi_gmem_b_0_RLAST     |   in|    1|       m_axi|        gmem_b|       pointer|
|m_axi_gmem_b_0_RID       |   in|    1|       m_axi|        gmem_b|       pointer|
|m_axi_gmem_b_0_RFIFONUM  |   in|   11|       m_axi|        gmem_b|       pointer|
|m_axi_gmem_b_0_RUSER     |   in|    1|       m_axi|        gmem_b|       pointer|
|m_axi_gmem_b_0_RRESP     |   in|    2|       m_axi|        gmem_b|       pointer|
|m_axi_gmem_b_0_BVALID    |   in|    1|       m_axi|        gmem_b|       pointer|
|m_axi_gmem_b_0_BREADY    |  out|    1|       m_axi|        gmem_b|       pointer|
|m_axi_gmem_b_0_BRESP     |   in|    2|       m_axi|        gmem_b|       pointer|
|m_axi_gmem_b_0_BID       |   in|    1|       m_axi|        gmem_b|       pointer|
|m_axi_gmem_b_0_BUSER     |   in|    1|       m_axi|        gmem_b|       pointer|
|B                        |   in|   64|     ap_none|             B|        scalar|
|m_axi_gmem_y_0_AWVALID   |  out|    1|       m_axi|        gmem_y|       pointer|
|m_axi_gmem_y_0_AWREADY   |   in|    1|       m_axi|        gmem_y|       pointer|
|m_axi_gmem_y_0_AWADDR    |  out|   64|       m_axi|        gmem_y|       pointer|
|m_axi_gmem_y_0_AWID      |  out|    1|       m_axi|        gmem_y|       pointer|
|m_axi_gmem_y_0_AWLEN     |  out|   32|       m_axi|        gmem_y|       pointer|
|m_axi_gmem_y_0_AWSIZE    |  out|    3|       m_axi|        gmem_y|       pointer|
|m_axi_gmem_y_0_AWBURST   |  out|    2|       m_axi|        gmem_y|       pointer|
|m_axi_gmem_y_0_AWLOCK    |  out|    2|       m_axi|        gmem_y|       pointer|
|m_axi_gmem_y_0_AWCACHE   |  out|    4|       m_axi|        gmem_y|       pointer|
|m_axi_gmem_y_0_AWPROT    |  out|    3|       m_axi|        gmem_y|       pointer|
|m_axi_gmem_y_0_AWQOS     |  out|    4|       m_axi|        gmem_y|       pointer|
|m_axi_gmem_y_0_AWREGION  |  out|    4|       m_axi|        gmem_y|       pointer|
|m_axi_gmem_y_0_AWUSER    |  out|    1|       m_axi|        gmem_y|       pointer|
|m_axi_gmem_y_0_WVALID    |  out|    1|       m_axi|        gmem_y|       pointer|
|m_axi_gmem_y_0_WREADY    |   in|    1|       m_axi|        gmem_y|       pointer|
|m_axi_gmem_y_0_WDATA     |  out|  512|       m_axi|        gmem_y|       pointer|
|m_axi_gmem_y_0_WSTRB     |  out|   64|       m_axi|        gmem_y|       pointer|
|m_axi_gmem_y_0_WLAST     |  out|    1|       m_axi|        gmem_y|       pointer|
|m_axi_gmem_y_0_WID       |  out|    1|       m_axi|        gmem_y|       pointer|
|m_axi_gmem_y_0_WUSER     |  out|    1|       m_axi|        gmem_y|       pointer|
|m_axi_gmem_y_0_ARVALID   |  out|    1|       m_axi|        gmem_y|       pointer|
|m_axi_gmem_y_0_ARREADY   |   in|    1|       m_axi|        gmem_y|       pointer|
|m_axi_gmem_y_0_ARADDR    |  out|   64|       m_axi|        gmem_y|       pointer|
|m_axi_gmem_y_0_ARID      |  out|    1|       m_axi|        gmem_y|       pointer|
|m_axi_gmem_y_0_ARLEN     |  out|   32|       m_axi|        gmem_y|       pointer|
|m_axi_gmem_y_0_ARSIZE    |  out|    3|       m_axi|        gmem_y|       pointer|
|m_axi_gmem_y_0_ARBURST   |  out|    2|       m_axi|        gmem_y|       pointer|
|m_axi_gmem_y_0_ARLOCK    |  out|    2|       m_axi|        gmem_y|       pointer|
|m_axi_gmem_y_0_ARCACHE   |  out|    4|       m_axi|        gmem_y|       pointer|
|m_axi_gmem_y_0_ARPROT    |  out|    3|       m_axi|        gmem_y|       pointer|
|m_axi_gmem_y_0_ARQOS     |  out|    4|       m_axi|        gmem_y|       pointer|
|m_axi_gmem_y_0_ARREGION  |  out|    4|       m_axi|        gmem_y|       pointer|
|m_axi_gmem_y_0_ARUSER    |  out|    1|       m_axi|        gmem_y|       pointer|
|m_axi_gmem_y_0_RVALID    |   in|    1|       m_axi|        gmem_y|       pointer|
|m_axi_gmem_y_0_RREADY    |  out|    1|       m_axi|        gmem_y|       pointer|
|m_axi_gmem_y_0_RDATA     |   in|  512|       m_axi|        gmem_y|       pointer|
|m_axi_gmem_y_0_RLAST     |   in|    1|       m_axi|        gmem_y|       pointer|
|m_axi_gmem_y_0_RID       |   in|    1|       m_axi|        gmem_y|       pointer|
|m_axi_gmem_y_0_RFIFONUM  |   in|    9|       m_axi|        gmem_y|       pointer|
|m_axi_gmem_y_0_RUSER     |   in|    1|       m_axi|        gmem_y|       pointer|
|m_axi_gmem_y_0_RRESP     |   in|    2|       m_axi|        gmem_y|       pointer|
|m_axi_gmem_y_0_BVALID    |   in|    1|       m_axi|        gmem_y|       pointer|
|m_axi_gmem_y_0_BREADY    |  out|    1|       m_axi|        gmem_y|       pointer|
|m_axi_gmem_y_0_BRESP     |   in|    2|       m_axi|        gmem_y|       pointer|
|m_axi_gmem_y_0_BID       |   in|    1|       m_axi|        gmem_y|       pointer|
|m_axi_gmem_y_0_BUSER     |   in|    1|       m_axi|        gmem_y|       pointer|
|Y                        |   in|   64|     ap_none|             Y|        scalar|
+-------------------------+-----+-----+------------+--------------+--------------+

