

================================================================
== Vitis HLS Report for 'Conv77_Core_Pipeline_VITIS_LOOP_112_3'
================================================================
* Date:           Thu May  7 16:05:01 2026

* Version:        2024.2 (Build 5238294 on Nov  8 2024)
* Project:        prj
* Solution:       solution1 (Vitis Kernel Flow Target)
* Product family: zynquplus
* Target device:  xczu7ev-ffvc1156-2-e


================================================================
== Performance Estimates
================================================================
+ Timing: 
    * Summary: 
    +--------+---------+----------+------------+
    |  Clock |  Target | Estimated| Uncertainty|
    +--------+---------+----------+------------+
    |ap_clk  |  3.33 ns|  1.402 ns|     0.90 ns|
    +--------+---------+----------+------------+

+ Latency: 
    * Summary: 
    +---------+---------+-----------+-----------+-----+-----+------------------------------------------------+
    |  Latency (cycles) |   Latency (absolute)  |  Interval |                    Pipeline                    |
    |   min   |   max   |    min    |    max    | min | max |                      Type                      |
    +---------+---------+-----------+-----------+-----+-----+------------------------------------------------+
    |        5|        5|  16.665 ns|  16.665 ns|    4|    4|  loop auto-rewind stp (delay=0 clock cycles(s))|
    +---------+---------+-----------+-----------+-----+-----+------------------------------------------------+

    + Detail: 
        * Instance: 
        N/A

        * Loop: 
        +--------------------+---------+---------+----------+-----------+-----------+------+----------+
        |                    |  Latency (cycles) | Iteration|  Initiation Interval  | Trip |          |
        |      Loop Name     |   min   |   max   |  Latency |  achieved |   target  | Count| Pipelined|
        +--------------------+---------+---------+----------+-----------+-----------+------+----------+
        |- VITIS_LOOP_112_3  |        3|        3|         1|          1|          1|     3|       yes|
        +--------------------+---------+---------+----------+-----------+-----------+------+----------+



================================================================
== Utilization Estimates
================================================================
* Summary: 
+-----------------+---------+------+--------+--------+-----+
|       Name      | BRAM_18K|  DSP |   FF   |   LUT  | URAM|
+-----------------+---------+------+--------+--------+-----+
|DSP              |        -|     -|       -|       -|    -|
|Expression       |        -|     -|       0|      18|    -|
|FIFO             |        -|     -|       -|       -|    -|
|Instance         |        -|     -|       0|      68|    -|
|Memory           |        -|     -|       -|       -|    -|
|Multiplexer      |        -|     -|       0|      27|    -|
|Register         |        -|     -|      52|       -|    -|
+-----------------+---------+------+--------+--------+-----+
|Total            |        0|     0|      52|     113|    0|
+-----------------+---------+------+--------+--------+-----+
|Available        |      624|  1728|  460800|  230400|   96|
+-----------------+---------+------+--------+--------+-----+
|Utilization (%)  |        0|     0|      ~0|      ~0|    0|
+-----------------+---------+------+--------+--------+-----+

+ Detail: 
    * Instance: 
    +---------------------------------------+-----------------------------------+---------+----+---+----+-----+
    |                Instance               |               Module              | BRAM_18K| DSP| FF| LUT| URAM|
    +---------------------------------------+-----------------------------------+---------+----+---+----+-----+
    |partselect_16ns_256ns_32ns_16_1_1_U15  |partselect_16ns_256ns_32ns_16_1_1  |        0|   0|  0|  68|    0|
    +---------------------------------------+-----------------------------------+---------+----+---+----+-----+
    |Total                                  |                                   |        0|   0|  0|  68|    0|
    +---------------------------------------+-----------------------------------+---------+----+---+----+-----+

    * DSP: 
    N/A

    * Memory: 
    N/A

    * FIFO: 
    N/A

    * Expression: 
    +---------------------+----------+----+---+----+------------+------------+
    |    Variable Name    | Operation| DSP| FF| LUT| Bitwidth P0| Bitwidth P1|
    +---------------------+----------+----+---+----+------------+------------+
    |add_ln112_fu_99_p2   |         +|   0|  0|   9|           2|           1|
    |icmp_ln112_fu_93_p2  |      icmp|   0|  0|   9|           2|           2|
    +---------------------+----------+----+---+----+------------+------------+
    |Total                |          |   0|  0|  18|           4|           3|
    +---------------------+----------+----+---+----+------------+------------+

    * Multiplexer: 
    +---------------------+----+-----------+-----+-----------+
    |         Name        | LUT| Input Size| Bits| Total Bits|
    +---------------------+----+-----------+-----+-----------+
    |ap_done_int          |   9|          2|    1|          2|
    |ap_sig_allocacmp_co  |   9|          2|    2|          4|
    |co_1_fu_42           |   9|          2|    2|          4|
    +---------------------+----+-----------+-----+-----------+
    |Total                |  27|          6|    5|         10|
    +---------------------+----+-----------+-----+-----------+

    * Register: 
    +-------------------------+----+----+-----+-----------+
    |           Name          | FF | LUT| Bits| Const Bits|
    +-------------------------+----+----+-----+-----------+
    |ap_CS_fsm                |   1|   0|    1|          0|
    |ap_done_reg              |   1|   0|    1|          0|
    |co_1_fu_42               |   2|   0|    2|          0|
    |mux_case_01251152_fu_46  |  16|   0|   16|          0|
    |mux_case_11271157_fu_50  |  16|   0|   16|          0|
    |mux_case_21291162_fu_54  |  16|   0|   16|          0|
    +-------------------------+----+----+-----+-----------+
    |Total                    |  52|   0|   52|          0|
    +-------------------------+----+----+-----+-----------+



================================================================
== Interface
================================================================
* Summary: 
+------------------------------+-----+-----+------------+---------------------------------------+--------------+
|           RTL Ports          | Dir | Bits|  Protocol  |             Source Object             |    C Type    |
+------------------------------+-----+-----+------------+---------------------------------------+--------------+
|ap_clk                        |   in|    1|  ap_ctrl_hs|  Conv77_Core_Pipeline_VITIS_LOOP_112_3|  return value|
|ap_rst                        |   in|    1|  ap_ctrl_hs|  Conv77_Core_Pipeline_VITIS_LOOP_112_3|  return value|
|ap_start                      |   in|    1|  ap_ctrl_hs|  Conv77_Core_Pipeline_VITIS_LOOP_112_3|  return value|
|ap_done                       |  out|    1|  ap_ctrl_hs|  Conv77_Core_Pipeline_VITIS_LOOP_112_3|  return value|
|ap_idle                       |  out|    1|  ap_ctrl_hs|  Conv77_Core_Pipeline_VITIS_LOOP_112_3|  return value|
|ap_ready                      |  out|    1|  ap_ctrl_hs|  Conv77_Core_Pipeline_VITIS_LOOP_112_3|  return value|
|b_word                        |   in|  256|     ap_none|                                 b_word|        scalar|
|mux_case_21291162_out         |  out|   16|      ap_vld|                  mux_case_21291162_out|       pointer|
|mux_case_21291162_out_ap_vld  |  out|    1|      ap_vld|                  mux_case_21291162_out|       pointer|
|mux_case_11271157_out         |  out|   16|      ap_vld|                  mux_case_11271157_out|       pointer|
|mux_case_11271157_out_ap_vld  |  out|    1|      ap_vld|                  mux_case_11271157_out|       pointer|
|mux_case_01251152_out         |  out|   16|      ap_vld|                  mux_case_01251152_out|       pointer|
|mux_case_01251152_out_ap_vld  |  out|    1|      ap_vld|                  mux_case_01251152_out|       pointer|
+------------------------------+-----+-----+------------+---------------------------------------+--------------+

