================================================================
== Design Size Report
================================================================

* Total Instructions per Compilation Phase
+---------------+-----------------------------+--------------+----------------------------------------------------------------------------------------+
| Phase         | Step                        | Instructions | Description                                                                            |
+---------------+-----------------------------+--------------+----------------------------------------------------------------------------------------+
| Compile/Link  |                             |   720        | After all functions are compiled and linked into a single design                       |
|               |                             |              |                                                                                        |
| Unroll/Inline |                             |              | After user unroll and inline pragmas are applied                                       |
|               | (1) unroll                  |   587        | user unroll pragmas are applied                                                        |
|               | (2) simplification          |   498        | simplification of applied user unroll pragmas                                          |
|               | (3) inline                  |   490        | user inline pragmas are applied                                                        |
|               | (4) simplification          |   490        | simplification of applied user inline pragmas                                          |
|               |                             |              |                                                                                        |
| Array/Struct  |                             |              | After user array partition and struct aggregate/disaggregate pragmas are applied       |
|               | (1) array partition         | 4,896        | user array partition pragmas are applied                                               |
|               | (2) simplification          | 2,067        | simplification of applied user array partition & struct aggregate/disaggregate pragmas |
|               | (3) aggregate/disaggregate  | 2,067        | user struct aggregate/disaggregate pragmas are applied                                 |
|               | (4) array reshape           | 2,067        | apply array reshape pragmas                                                            |
|               | (5) access patterns         | 2,746        | array access pattern optmizations                                                      |
|               |                             |              |                                                                                        |
| Performance   |                             |              | After transformations are applied to meet performance pragma targets                   |
|               | (1) loop simplification     | 2,714        | loop and instruction simplification                                                    |
|               | (2) parallelization         | 2,120        | loops are unrolled or pipelined to meet performance targets                            |
|               | (3) array partition         | 2,120        | arrays are partitioned to meet performance targets                                     |
|               | (4) simplification          | 2,120        | simplification of design after performance transformations                             |
|               |                             |              |                                                                                        |
| HW Transforms |                             |              | After hardware transfomations                                                          |
|               | (1) lowering                | 2,135        | initial conversion to HW specific instructions                                         |
|               | (2) optimizations           | 2,132        | high level synthesis optimizations                                                     |
+---------------+-----------------------------+--------------+----------------------------------------------------------------------------------------+

* Instructions per Function for each Compilation Phase
+--------------------------+--------------------------+---------------+---------------+--------------+-------------+---------------+
| Function                 | Location                 | Compile/Link  | Unroll/Inline | Array/Struct | Performance | HW Transforms |
+--------------------------+--------------------------+---------------+---------------+--------------+-------------+---------------+
| + conv77_core_top        | conv77_core_top.cpp:6    | 720           | 490           | 2,746        | 2,120       | 2,132         |
|  + Conv77_Core           | Hls_Layers_Conv77.tpp:71 | 709           | 478           | 2,734        | 2,108       | 2,111         |
|     bits_to_half<__fp16> | Hls_Layers_Conv77.tpp:34 |  54 (3 calls) |               |              |             |               |
|     reflect_pad          | Hls_Layers_Conv77.tpp:50 |  26 (2 calls) |               |              |             |               |
|     half_to_bits<__fp16> | Hls_Layers_Conv77.tpp:18 |  26           |               |              |             |               |
+--------------------------+--------------------------+---------------+---------------+--------------+-------------+---------------+

* Design Size Message Settings
+---------------------------------------------+--------+------------------------------------------------------------------+
| Message Setting                             | Value  | Description                                                      |
+---------------------------------------------+--------+------------------------------------------------------------------+
| config_compile -design_size_maximum_warning | 100000 | Show a warning when total design instructions exceeds this value |
+---------------------------------------------+--------+------------------------------------------------------------------+


