

================================================================
== Synthesis Summary Report of 'conv77_core_top'
================================================================
+ General Information: 
    * Date:           Thu May  7 16:05:11 2026
    * Version:        2024.2 (Build 5238294 on Nov  8 2024)
    * Project:        prj
    * Solution:       solution1 (Vitis Kernel Flow Target)
    * Product family: zynquplus
    * Target device:  xczu7ev-ffvc1156-2-e
    

+ Performance & Resource Estimates: 
    
    PS: '+' for module; 'o' for loop; '*' for dataflow
    +--------------------------------------------------------------------+--------+-------+----------+-----------+----------+----------+------+----------+-----------+-----------+------------+-------------+--------+
    |                               Modules                              |  Issue |       | Latency  |  Latency  | Iteration|          | Trip |          |           |           |            |             |        |
    |                               & Loops                              |  Type  | Slack | (cycles) |    (ns)   |  Latency | Interval | Count| Pipelined|   BRAM    |    DSP    |     FF     |     LUT     |  URAM  |
    +--------------------------------------------------------------------+--------+-------+----------+-----------+----------+----------+------+----------+-----------+-----------+------------+-------------+--------+
    |+ conv77_core_top                                                   |  Timing|  -0.12|  35876141|  1.196e+08|         -|  35876142|     -|        no|  198 (31%)|  192 (11%)|  38243 (8%)|  25838 (11%)|  8 (8%)|
    | + Conv77_Core                                                      |  Timing|  -0.12|  35876139|  1.196e+08|         -|  35876139|     -|        no|   96 (15%)|  192 (11%)|  31891 (6%)|   19129 (8%)|  8 (8%)|
    |  + Conv77_Core_Pipeline_LOAD_W_VITIS_LOOP_101_1_VITIS_LOOP_102_2   |  Timing|  -0.12|       592|  1.973e+03|         -|       592|     -|        no|          -|          -|   953 (~0%)|    544 (~0%)|       -|
    |   o LOAD_W_VITIS_LOOP_101_1_VITIS_LOOP_102_2                       |       -|   2.43|       590|  1.966e+03|         4|         1|   588|       yes|          -|          -|           -|            -|       -|
    |  + Conv77_Core_Pipeline_VITIS_LOOP_112_3                           |       -|   1.03|         5|     16.665|         -|         5|     -|        no|          -|          -|    52 (~0%)|    113 (~0%)|       -|
    |   o VITIS_LOOP_112_3                                               |       -|   2.43|         3|      9.999|         1|         1|     3|       yes|          -|          -|           -|            -|       -|
    |  + Conv77_Core_Pipeline_PRELOAD_VITIS_LOOP_117_4_VITIS_LOOP_118_5  |  Timing|  -0.12|      7172|  2.390e+04|         -|      7172|     -|        no|          -|          -|   904 (~0%)|    566 (~0%)|       -|
    |   o PRELOAD_VITIS_LOOP_117_4_VITIS_LOOP_118_5                      |       -|   2.43|      7170|  2.390e+04|         4|         1|  7168|       yes|          -|          -|           -|            -|       -|
    |  o HO_LOOP                                                         |       -|   2.43|  35868160|  1.195e+08|    140110|         -|   256|        no|          -|          -|           -|            -|       -|
    |   + Conv77_Core_Pipeline_LOAD_ROW_VITIS_LOOP_132_6                 |  Timing|  -0.00|      1027|  3.423e+03|         -|      1027|     -|        no|          -|          -|   819 (~0%)|    436 (~0%)|       -|
    |    o LOAD_ROW_VITIS_LOOP_132_6                                     |       -|   2.43|      1025|  3.416e+03|         3|         1|  1024|       yes|          -|          -|           -|            -|       -|
    |   o WO_LOOP                                                        |       -|   2.43|    139008|  4.633e+05|       543|         -|   256|        no|          -|          -|           -|            -|       -|
    |    + Conv77_Core_Pipeline_FLAT_LOOP                                |       -|   0.09|       320|  1.067e+03|         -|       320|     -|        no|          -|  186 (10%)|  27279 (5%)|   10451 (4%)|       -|
    |     o FLAT_LOOP                                                    |       -|   2.43|       318|  1.060e+03|       124|         1|   196|       yes|          -|          -|           -|            -|       -|
    |    + Conv77_Core_Pipeline_VITIS_LOOP_180_7                         |       -|   1.03|         5|     16.665|         -|         5|     -|        no|          -|          -|    52 (~0%)|     54 (~0%)|       -|
    |     o VITIS_LOOP_180_7                                             |       -|   2.43|         3|      9.999|         1|         1|     3|       yes|          -|          -|           -|            -|       -|
    |    + Conv77_Core_Pipeline_REDUCE                                   |       -|   0.10|       203|    676.599|         -|       203|     -|        no|          -|          -|   489 (~0%)|    3525 (1%)|       -|
    |     o REDUCE                                                       |       -|   2.43|       201|    669.933|         7|         1|   196|       yes|          -|          -|           -|            -|       -|
    +--------------------------------------------------------------------+--------+-------+----------+-----------+----------+----------+------+----------+-----------+-----------+------------+-------------+--------+


================================================================
== HW Interfaces
================================================================
* M_AXI
+--------------+------------+------------+---------------+---------+--------+----------+-----------+--------------+--------------+-------------+-------------+-------------------+
| Interface    | Read/Write | Data Width | Address Width | Latency | Offset | Register | Max Widen | Max Read     | Max Write    | Num Read    | Num Write   | Resource Estimate |
|              |            | (SW->HW)   |               |         |        |          | Bitwidth  | Burst Length | Burst Length | Outstanding | Outstanding |                   |
+--------------+------------+------------+---------------+---------+--------+----------+-----------+--------------+--------------+-------------+-------------+-------------------+
| m_axi_gmem_b | READ_ONLY  | 256 -> 256 | 64            | 64      | slave  | 0        | 512       | 64           | 16           | 16          | 16          | BRAM=15           |
| m_axi_gmem_w | READ_ONLY  | 256 -> 512 | 64            | 64      | slave  | 0        | 512       | 64           | 16           | 16          | 16          | BRAM=29           |
| m_axi_gmem_x | READ_ONLY  | 256 -> 512 | 64            | 64      | slave  | 0        | 512       | 64           | 16           | 16          | 16          | BRAM=29           |
| m_axi_gmem_y | WRITE_ONLY | 256 -> 512 | 64            | 64      | slave  | 0        | 512       | 16           | 64           | 16          | 16          | BRAM=29           |
+--------------+------------+------------+---------------+---------+--------+----------+-----------+--------------+--------------+-------------+-------------+-------------------+

* S_AXILITE Interfaces
+---------------+------------+---------------+--------+----------+
| Interface     | Data Width | Address Width | Offset | Register |
+---------------+------------+---------------+--------+----------+
| s_axi_control | 32         | 6             | 16     | 0        |
+---------------+------------+---------------+--------+----------+

* S_AXILITE Registers
+---------------+----------+--------+-------+--------+----------------------------------+------------------------------------------------------------------------------------+
| Interface     | Register | Offset | Width | Access | Description                      | Bit Fields                                                                         |
+---------------+----------+--------+-------+--------+----------------------------------+------------------------------------------------------------------------------------+
| s_axi_control | CTRL     | 0x00   | 32    | RW     | Control signals                  | 0=AP_START 1=AP_DONE 2=AP_IDLE 3=AP_READY 4=AP_CONTINUE 7=AUTO_RESTART 9=INTERRUPT |
| s_axi_control | GIER     | 0x04   | 32    | RW     | Global Interrupt Enable Register | 0=Enable                                                                           |
| s_axi_control | IP_IER   | 0x08   | 32    | RW     | IP Interrupt Enable Register     | 0=CHAN0_INT_EN 1=CHAN1_INT_EN                                                      |
| s_axi_control | IP_ISR   | 0x0c   | 32    | RW     | IP Interrupt Status Register     | 0=CHAN0_INT_ST 1=CHAN1_INT_ST                                                      |
| s_axi_control | X_1      | 0x10   | 32    | W      | Data signal of X                 |                                                                                    |
| s_axi_control | X_2      | 0x14   | 32    | W      | Data signal of X                 |                                                                                    |
| s_axi_control | W_1      | 0x1c   | 32    | W      | Data signal of W                 |                                                                                    |
| s_axi_control | W_2      | 0x20   | 32    | W      | Data signal of W                 |                                                                                    |
| s_axi_control | B_1      | 0x28   | 32    | W      | Data signal of B                 |                                                                                    |
| s_axi_control | B_2      | 0x2c   | 32    | W      | Data signal of B                 |                                                                                    |
| s_axi_control | Y_1      | 0x34   | 32    | W      | Data signal of Y                 |                                                                                    |
| s_axi_control | Y_2      | 0x38   | 32    | W      | Data signal of Y                 |                                                                                    |
+---------------+----------+--------+-------+--------+----------------------------------+------------------------------------------------------------------------------------+

* TOP LEVEL CONTROL
+-----------+---------------+-----------+
| Interface | Type          | Ports     |
+-----------+---------------+-----------+
| ap_clk    | clock         | ap_clk    |
| ap_rst_n  | reset         | ap_rst_n  |
| interrupt | interrupt     | interrupt |
| ap_ctrl   | ap_ctrl_chain |           |
+-----------+---------------+-----------+


================================================================
== SW I/O Information
================================================================
* Top Function Arguments
+----------+-----------+----------------------+
| Argument | Direction | Datatype             |
+----------+-----------+----------------------+
| X        | in        | ap_uint<256> const * |
| W        | in        | ap_uint<256> const * |
| B        | in        | ap_uint<256> const * |
| Y        | out       | ap_uint<256>*        |
+----------+-----------+----------------------+

* SW-to-HW Mapping
+----------+---------------+-----------+----------+-------------------------------+
| Argument | HW Interface  | HW Type   | HW Usage | HW Info                       |
+----------+---------------+-----------+----------+-------------------------------+
| X        | m_axi_gmem_x  | interface |          | channel=0                     |
| X        | s_axi_control | register  | offset   | name=X_1 offset=0x10 range=32 |
| X        | s_axi_control | register  | offset   | name=X_2 offset=0x14 range=32 |
| W        | m_axi_gmem_w  | interface |          | channel=0                     |
| W        | s_axi_control | register  | offset   | name=W_1 offset=0x1c range=32 |
| W        | s_axi_control | register  | offset   | name=W_2 offset=0x20 range=32 |
| B        | m_axi_gmem_b  | interface |          | channel=0                     |
| B        | s_axi_control | register  | offset   | name=B_1 offset=0x28 range=32 |
| B        | s_axi_control | register  | offset   | name=B_2 offset=0x2c range=32 |
| Y        | m_axi_gmem_y  | interface |          | channel=0                     |
| Y        | s_axi_control | register  | offset   | name=Y_1 offset=0x34 range=32 |
| Y        | s_axi_control | register  | offset   | name=Y_2 offset=0x38 range=32 |
+----------+---------------+-----------+----------+-------------------------------+


================================================================
== M_AXI Burst Information
================================================================
 Note: All burst requests might be further partitioned into multiple requests during RTL generation based on max_read_burst_length or max_write_burst_length settings.

* Inferred Burst Summary
+--------------+-----------+--------+-------+
| HW Interface | Direction | Length | Width |
+--------------+-----------+--------+-------+
| m_axi_gmem_w | read      | 294    | 512   |
| m_axi_gmem_x | read      | 3584   | 512   |
| m_axi_gmem_x | read      | 512    | 512   |
| m_axi_gmem_y | write     | 32768  | 512   |
+--------------+-----------+--------+-------+

* All M_AXI Variable Accesses
+--------------+----------+----------------------------------+-----------+--------------+--------+------------------+----------------------------------+------------+------------------------------------------+
| HW Interface | Variable | Access Location                  | Direction | Burst Status | Length | Loop             | Loop Location                    | Resolution | Problem                                  |
+--------------+----------+----------------------------------+-----------+--------------+--------+------------------+----------------------------------+------------+------------------------------------------+
| m_axi_gmem_w | W        | gen/Hls_Layers_Conv77.tpp:105:21 | read      | Widened      | 294    | VITIS_LOOP_102_2 | gen/Hls_Layers_Conv77.tpp:102:31 |            |                                          |
| m_axi_gmem_w | W        | gen/Hls_Layers_Conv77.tpp:105:21 | read      | Inferred     | 588    | LOAD_W           | gen/Hls_Layers_Conv77.tpp:100:10 |            |                                          |
| m_axi_gmem_x | X        | gen/Hls_Layers_Conv77.tpp:121:27 | read      | Widened      | 3584   | VITIS_LOOP_118_5 | gen/Hls_Layers_Conv77.tpp:118:31 |            |                                          |
| m_axi_gmem_x | X        | gen/Hls_Layers_Conv77.tpp:121:27 | read      | Inferred     | 7168   | PRELOAD          | gen/Hls_Layers_Conv77.tpp:116:14 |            |                                          |
| m_axi_gmem_x | X        | gen/Hls_Layers_Conv77.tpp:135:28 | read      | Widened      | 512    | VITIS_LOOP_132_6 | gen/Hls_Layers_Conv77.tpp:132:35 |            |                                          |
| m_axi_gmem_x | X        | gen/Hls_Layers_Conv77.tpp:135:28 | read      | Fail         |        | HO_LOOP          | gen/Hls_Layers_Conv77.tpp:125:14 | 214-232    | Access call is in the conditional branch |
| m_axi_gmem_x | X        | gen/Hls_Layers_Conv77.tpp:135:28 | read      | Inferred     | 1024   | LOAD_ROW         | gen/Hls_Layers_Conv77.tpp:131:23 |            |                                          |
| m_axi_gmem_y | Y        | gen/Hls_Layers_Conv77.tpp:202:31 | write     | Widened      | 32768  | WO_LOOP          | gen/Hls_Layers_Conv77.tpp:140:18 |            |                                          |
| m_axi_gmem_y | Y        | gen/Hls_Layers_Conv77.tpp:202:31 | write     | Inferred     | 65536  | HO_LOOP          | gen/Hls_Layers_Conv77.tpp:125:14 |            |                                          |
+--------------+----------+----------------------------------+-----------+--------------+--------+------------------+----------------------------------+------------+------------------------------------------+

    * Resolution URL: docs.xilinx.com/access/sources/dita/topic?Doc_Version=2024.2%20English&url=ug1448-hls-guidance&resourceid=XXX-YYY.html (replace XXX-YYY with column value)

================================================================
== Bind Op Report
================================================================
+--------------------------------------------------------------------+-----+--------+---------------------+------------+--------------------------+---------+
| Name                                                               | DSP | Pragma | Variable            | Op         | Impl                     | Latency |
+--------------------------------------------------------------------+-----+--------+---------------------+------------+--------------------------+---------+
| + conv77_core_top                                                  | 192 |        |                     |            |                          |         |
|  + Conv77_Core                                                     | 192 |        |                     |            |                          |         |
|    icmp_ln125_fu_4121_p2                                           |     |        | icmp_ln125          | seteq      | auto                     | 0       |
|    add_ln125_fu_4127_p2                                            |     |        | add_ln125           | add        | fabric                   | 0       |
|    add_ln128_fu_4149_p2                                            |     |        | add_ln128           | add        | fabric                   | 0       |
|    add_ln128_1_fu_4159_p2                                          |     |        | add_ln128_1         | add        | fabric                   | 0       |
|    add_ln128_2_fu_4164_p2                                          |     |        | add_ln128_2         | add        | fabric                   | 0       |
|    icmp_ln129_fu_4170_p2                                           |     |        | icmp_ln129          | setgt      | auto                     | 0       |
|    xor_ln129_fu_4184_p2                                            |     |        | xor_ln129           | xor        | auto                     | 0       |
|    and_ln129_fu_4190_p2                                            |     |        | and_ln129           | and        | auto                     | 0       |
|    urem_8ns_4ns_3_12_seq_1_U1364                                   |     |        | slot                | urem       | auto_seq                 | 11      |
|    icmp_ln140_fu_4237_p2                                           |     |        | icmp_ln140          | seteq      | auto                     | 0       |
|    add_ln140_fu_4243_p2                                            |     |        | add_ln140           | add        | fabric                   | 0       |
|    hadd_16ns_16ns_16_5_full_dsp_1_U1361                            | 2   |        | add                 | hadd       | fulldsp                  | 4       |
|    hadd_16ns_16ns_16_5_full_dsp_1_U1361                            | 2   |        | add1                | hadd       | fulldsp                  | 4       |
|    hadd_16ns_16ns_16_5_full_dsp_1_U1361                            | 2   |        | val                 | hadd       | fulldsp                  | 4       |
|    hadd_16ns_16ns_16_5_full_dsp_1_U1362                            | 2   |        | add229_1            | hadd       | fulldsp                  | 4       |
|    hadd_16ns_16ns_16_5_full_dsp_1_U1362                            | 2   |        | add233_1            | hadd       | fulldsp                  | 4       |
|    hadd_16ns_16ns_16_5_full_dsp_1_U1362                            | 2   |        | val_1               | hadd       | fulldsp                  | 4       |
|    hadd_16ns_16ns_16_5_full_dsp_1_U1363                            | 2   |        | add229_2            | hadd       | fulldsp                  | 4       |
|    hadd_16ns_16ns_16_5_full_dsp_1_U1363                            | 2   |        | add233_2            | hadd       | fulldsp                  | 4       |
|    hadd_16ns_16ns_16_5_full_dsp_1_U1363                            | 2   |        | val_2               | hadd       | fulldsp                  | 4       |
|    select_ln140_fu_6715_p3                                         |     |        | select_ln140        | select     | auto_sel                 | 0       |
|   + Conv77_Core_Pipeline_LOAD_W_VITIS_LOOP_101_1_VITIS_LOOP_102_2  | 0   |        |                     |            |                          |         |
|     icmp_ln100_fu_350_p2                                           |     |        | icmp_ln100          | seteq      | auto                     | 0       |
|     add_ln100_1_fu_356_p2                                          |     |        | add_ln100_1         | add        | fabric                   | 0       |
|     add_ln100_fu_365_p2                                            |     |        | add_ln100           | add        | fabric                   | 0       |
|     icmp_ln101_fu_371_p2                                           |     |        | icmp_ln101          | seteq      | auto                     | 0       |
|     select_ln100_fu_475_p3                                         |     |        | select_ln100        | select     | auto_sel                 | 0       |
|     xor_ln100_fu_417_p2                                            |     |        | xor_ln100           | xor        | auto                     | 0       |
|     icmp_ln102_fu_422_p2                                           |     |        | icmp_ln102          | seteq      | auto                     | 0       |
|     and_ln100_fu_428_p2                                            |     |        | and_ln100           | and        | auto                     | 0       |
|     select_ln100_1_fu_377_p3                                       |     |        | select_ln100_1      | select     | auto_sel                 | 0       |
|     add_ln101_fu_482_p2                                            |     |        | add_ln101           | add        | fabric                   | 0       |
|     empty_289_fu_434_p2                                            |     |        | empty_289           | or         | auto                     | 0       |
|     ci_w_mid2_fu_439_p3                                            |     |        | ci_w_mid2           | select     | auto_sel                 | 0       |
|     shiftreg118577_mid2_fu_503_p3                                  |     |        | shiftreg118577_mid2 | select     | auto_sel                 | 0       |
|     select_ln101_fu_488_p3                                         |     |        | select_ln101        | select     | auto_sel                 | 0       |
|     add_ln102_fu_455_p2                                            |     |        | add_ln102           | add        | fabric                   | 0       |
|     add_ln101_1_fu_385_p2                                          |     |        | add_ln101_1         | add        | fabric                   | 0       |
|     select_ln101_1_fu_391_p3                                       |     |        | select_ln101_1      | select     | auto_sel                 | 0       |
|   + Conv77_Core_Pipeline_VITIS_LOOP_112_3                          | 0   |        |                     |            |                          |         |
|     icmp_ln112_fu_93_p2                                            |     |        | icmp_ln112          | seteq      | auto                     | 0       |
|     add_ln112_fu_99_p2                                             |     |        | add_ln112           | add        | fabric                   | 0       |
|     partselect_16ns_256ns_32ns_16_1_1_U15                          |     |        | u                   | partselect | auto                     | 0       |
|   + Conv77_Core_Pipeline_PRELOAD_VITIS_LOOP_117_4_VITIS_LOOP_118_5 | 0   |        |                     |            |                          |         |
|     icmp_ln116_fu_187_p2                                           |     |        | icmp_ln116          | seteq      | auto                     | 0       |
|     add_ln116_1_fu_193_p2                                          |     |        | add_ln116_1         | add        | fabric                   | 0       |
|     add_ln116_fu_289_p2                                            |     |        | add_ln116           | add        | fabric                   | 0       |
|     icmp_ln117_fu_199_p2                                           |     |        | icmp_ln117          | seteq      | auto                     | 0       |
|     select_ln116_fu_295_p3                                         |     |        | select_ln116        | select     | auto_sel                 | 0       |
|     xor_ln116_fu_232_p2                                            |     |        | xor_ln116           | xor        | auto                     | 0       |
|     icmp_ln118_fu_237_p2                                           |     |        | icmp_ln118          | seteq      | auto                     | 0       |
|     and_ln116_fu_243_p2                                            |     |        | and_ln116           | and        | auto                     | 0       |
|     select_ln116_1_fu_302_p3                                       |     |        | select_ln116_1      | select     | auto_sel                 | 0       |
|     add_ln117_fu_309_p2                                            |     |        | add_ln117           | add        | fabric                   | 0       |
|     empty_288_fu_249_p2                                            |     |        | empty_288           | or         | auto                     | 0       |
|     ci_w_1_mid2_fu_254_p3                                          |     |        | ci_w_1_mid2         | select     | auto_sel                 | 0       |
|     shiftreg118575_mid2_fu_353_p3                                  |     |        | shiftreg118575_mid2 | select     | auto_sel                 | 0       |
|     select_ln117_fu_315_p3                                         |     |        | select_ln117        | select     | auto_sel                 | 0       |
|     add_ln121_fu_334_p2                                            |     |        | add_ln121           | add        | fabric                   | 0       |
|     add_ln121_1_fu_375_p2                                          |     |        | add_ln121_1         | add        | fabric                   | 0       |
|     add_ln118_fu_266_p2                                            |     |        | add_ln118           | add        | fabric                   | 0       |
|     add_ln117_1_fu_205_p2                                          |     |        | add_ln117_1         | add        | fabric                   | 0       |
|     select_ln117_1_fu_211_p3                                       |     |        | select_ln117_1      | select     | auto_sel                 | 0       |
|   + Conv77_Core_Pipeline_LOAD_ROW_VITIS_LOOP_132_6                 | 0   |        |                     |            |                          |         |
|     icmp_ln131_fu_164_p2                                           |     |        | icmp_ln131          | seteq      | auto                     | 0       |
|     add_ln131_1_fu_170_p2                                          |     |        | add_ln131_1         | add        | fabric                   | 0       |
|     add_ln131_fu_222_p2                                            |     |        | add_ln131           | add        | fabric                   | 0       |
|     icmp_ln132_fu_179_p2                                           |     |        | icmp_ln132          | seteq      | auto                     | 0       |
|     select_ln131_fu_185_p3                                         |     |        | select_ln131        | select     | auto_sel                 | 0       |
|     select_ln131_1_fu_252_p3                                       |     |        | select_ln131_1      | select     | auto_sel                 | 0       |
|     select_ln131_2_fu_228_p3                                       |     |        | select_ln131_2      | select     | auto_sel                 | 0       |
|     add_ln135_fu_239_p2                                            |     |        | add_ln135           | add        | fabric                   | 0       |
|     add_ln135_1_fu_274_p2                                          |     |        | add_ln135_1         | add        | fabric                   | 0       |
|     add_ln132_fu_197_p2                                            |     |        | add_ln132           | add        | fabric                   | 0       |
|   + Conv77_Core_Pipeline_FLAT_LOOP                                 | 186 |        |                     |            |                          |         |
|     icmp_ln149_fu_8764_p2                                          |     |        | icmp_ln149          | seteq      | auto                     | 0       |
|     add_ln149_fu_8770_p2                                           |     |        | add_ln149           | add        | fabric                   | 0       |
|     mul_6ns_8ns_13_1_1_U124                                        |     |        | mul_ln154           | mul        | auto                     | 0       |
|     urem_6ns_4ns_3_10_1_U126                                       |     |        | kw                  | urem       | auto                     | 9       |
|     add_ln156_fu_8815_p2                                           |     |        | add_ln156           | add        | fabric                   | 0       |
|     add_ln156_1_fu_8824_p2                                         |     |        | add_ln156_1         | add        | fabric                   | 0       |
|     sub_ln52_fu_8833_p2                                            |     |        | sub_ln52            | sub        | fabric                   | 0       |
|     icmp_ln53_fu_8849_p2                                           |     |        | icmp_ln53           | seteq      | auto                     | 0       |
|     sub_ln53_fu_8855_p2                                            |     |        | sub_ln53            | sub        | fabric                   | 0       |
|     select_ln53_fu_8868_p3                                         |     |        | select_ln53         | select     | auto_sel                 | 0       |
|     abs_row_fu_8873_p3                                             |     |        | abs_row             | select     | auto_sel                 | 0       |
|     urem_32s_4ns_3_36_1_U125                                       |     |        | row_slot            | urem       | auto                     | 35      |
|     add_ln158_fu_8899_p2                                           |     |        | add_ln158           | add        | fabric                   | 0       |
|     add_ln158_1_fu_8912_p2                                         |     |        | add_ln158_1         | add        | fabric                   | 0       |
|     sub_ln52_1_fu_8929_p2                                          |     |        | sub_ln52_1          | sub        | fabric                   | 0       |
|     icmp_ln53_1_fu_8945_p2                                         |     |        | icmp_ln53_1         | seteq      | auto                     | 0       |
|     sub_ln53_1_fu_8951_p2                                          |     |        | sub_ln53_1          | sub        | fabric                   | 0       |
|     select_ln53_1_fu_8957_p3                                       |     |        | select_ln53_1       | select     | auto_sel                 | 0       |
|     abs_col_fu_8965_p3                                             |     |        | abs_col             | select     | auto_sel                 | 0       |
|     add_ln160_fu_8985_p2                                           |     |        | add_ln160           | add        | fabric                   | 0       |
|     sparsemux_9_2_256_1_1_U127                                     |     |        | w_word              | sparsemux  | compactencoding_dontcare | 0       |
|     hmul_16ns_16ns_16_4_max_dsp_1_U76                              | 2   |        | mul                 | hmul       | maxdsp                   | 3       |
|     hmul_16ns_16ns_16_4_max_dsp_1_U77                              | 2   |        | mul156_s            | hmul       | maxdsp                   | 3       |
|     hadd_16ns_16ns_16_5_full_dsp_1_U31                             | 2   |        | dot_1               | hadd       | fulldsp                  | 4       |
|     hmul_16ns_16ns_16_4_max_dsp_1_U78                              | 2   |        | mul156_16           | hmul       | maxdsp                   | 3       |
|     hadd_16ns_16ns_16_5_full_dsp_1_U34                             | 2   |        | dot_2               | hadd       | fulldsp                  | 4       |
|     hmul_16ns_16ns_16_4_max_dsp_1_U79                              | 2   |        | mul156_3            | hmul       | maxdsp                   | 3       |
|     hadd_16ns_16ns_16_5_full_dsp_1_U37                             | 2   |        | dot_3               | hadd       | fulldsp                  | 4       |
|     hmul_16ns_16ns_16_4_max_dsp_1_U80                              | 2   |        | mul156_4            | hmul       | maxdsp                   | 3       |
|     hadd_16ns_16ns_16_5_full_dsp_1_U40                             | 2   |        | dot_4               | hadd       | fulldsp                  | 4       |
|     hmul_16ns_16ns_16_4_max_dsp_1_U81                              | 2   |        | mul156_5            | hmul       | maxdsp                   | 3       |
|     hadd_16ns_16ns_16_5_full_dsp_1_U43                             | 2   |        | dot_5               | hadd       | fulldsp                  | 4       |
|     hmul_16ns_16ns_16_4_max_dsp_1_U82                              | 2   |        | mul156_6            | hmul       | maxdsp                   | 3       |
|     hadd_16ns_16ns_16_5_full_dsp_1_U46                             | 2   |        | dot_6               | hadd       | fulldsp                  | 4       |
|     hmul_16ns_16ns_16_4_max_dsp_1_U83                              | 2   |        | mul156_7            | hmul       | maxdsp                   | 3       |
|     hadd_16ns_16ns_16_5_full_dsp_1_U49                             | 2   |        | dot_7               | hadd       | fulldsp                  | 4       |
|     hmul_16ns_16ns_16_4_max_dsp_1_U84                              | 2   |        | mul156_8            | hmul       | maxdsp                   | 3       |
|     hadd_16ns_16ns_16_5_full_dsp_1_U52                             | 2   |        | dot_8               | hadd       | fulldsp                  | 4       |
|     hmul_16ns_16ns_16_4_max_dsp_1_U85                              | 2   |        | mul156_9            | hmul       | maxdsp                   | 3       |
|     hadd_16ns_16ns_16_5_full_dsp_1_U55                             | 2   |        | dot_9               | hadd       | fulldsp                  | 4       |
|     hmul_16ns_16ns_16_4_max_dsp_1_U86                              | 2   |        | mul156_10           | hmul       | maxdsp                   | 3       |
|     hadd_16ns_16ns_16_5_full_dsp_1_U58                             | 2   |        | dot_10              | hadd       | fulldsp                  | 4       |
|     hmul_16ns_16ns_16_4_max_dsp_1_U87                              | 2   |        | mul156_11           | hmul       | maxdsp                   | 3       |
|     hadd_16ns_16ns_16_5_full_dsp_1_U61                             | 2   |        | dot_11              | hadd       | fulldsp                  | 4       |
|     hmul_16ns_16ns_16_4_max_dsp_1_U88                              | 2   |        | mul156_12           | hmul       | maxdsp                   | 3       |
|     hadd_16ns_16ns_16_5_full_dsp_1_U64                             | 2   |        | dot_12              | hadd       | fulldsp                  | 4       |
|     hmul_16ns_16ns_16_4_max_dsp_1_U89                              | 2   |        | mul156_13           | hmul       | maxdsp                   | 3       |
|     hadd_16ns_16ns_16_5_full_dsp_1_U67                             | 2   |        | dot_13              | hadd       | fulldsp                  | 4       |
|     hmul_16ns_16ns_16_4_max_dsp_1_U90                              | 2   |        | mul156_14           | hmul       | maxdsp                   | 3       |
|     hadd_16ns_16ns_16_5_full_dsp_1_U70                             | 2   |        | dot_14              | hadd       | fulldsp                  | 4       |
|     hmul_16ns_16ns_16_4_max_dsp_1_U91                              | 2   |        | mul156_15           | hmul       | maxdsp                   | 3       |
|     hadd_16ns_16ns_16_5_full_dsp_1_U73                             | 2   |        | dot_47              | hadd       | fulldsp                  | 4       |
|     sparsemux_9_2_256_1_1_U128                                     |     |        | w_word_1            | sparsemux  | compactencoding_dontcare | 0       |
|     hmul_16ns_16ns_16_4_max_dsp_1_U92                              | 2   |        | mul156_1            | hmul       | maxdsp                   | 3       |
|     hmul_16ns_16ns_16_4_max_dsp_1_U93                              | 2   |        | mul156_1_1          | hmul       | maxdsp                   | 3       |
|     hadd_16ns_16ns_16_5_full_dsp_1_U32                             | 2   |        | dot_16              | hadd       | fulldsp                  | 4       |
|     hmul_16ns_16ns_16_4_max_dsp_1_U94                              | 2   |        | mul156_1_2          | hmul       | maxdsp                   | 3       |
|     hadd_16ns_16ns_16_5_full_dsp_1_U35                             | 2   |        | dot_17              | hadd       | fulldsp                  | 4       |
|     hmul_16ns_16ns_16_4_max_dsp_1_U95                              | 2   |        | mul156_1_3          | hmul       | maxdsp                   | 3       |
|     hadd_16ns_16ns_16_5_full_dsp_1_U38                             | 2   |        | dot_18              | hadd       | fulldsp                  | 4       |
|     hmul_16ns_16ns_16_4_max_dsp_1_U96                              | 2   |        | mul156_1_4          | hmul       | maxdsp                   | 3       |
|     hadd_16ns_16ns_16_5_full_dsp_1_U41                             | 2   |        | dot_19              | hadd       | fulldsp                  | 4       |
|     hmul_16ns_16ns_16_4_max_dsp_1_U97                              | 2   |        | mul156_1_5          | hmul       | maxdsp                   | 3       |
|     hadd_16ns_16ns_16_5_full_dsp_1_U44                             | 2   |        | dot_20              | hadd       | fulldsp                  | 4       |
|     hmul_16ns_16ns_16_4_max_dsp_1_U98                              | 2   |        | mul156_1_6          | hmul       | maxdsp                   | 3       |
|     hadd_16ns_16ns_16_5_full_dsp_1_U47                             | 2   |        | dot_21              | hadd       | fulldsp                  | 4       |
|     hmul_16ns_16ns_16_4_max_dsp_1_U99                              | 2   |        | mul156_1_7          | hmul       | maxdsp                   | 3       |
|     hadd_16ns_16ns_16_5_full_dsp_1_U50                             | 2   |        | dot_22              | hadd       | fulldsp                  | 4       |
|     hmul_16ns_16ns_16_4_max_dsp_1_U100                             | 2   |        | mul156_1_8          | hmul       | maxdsp                   | 3       |
|     hadd_16ns_16ns_16_5_full_dsp_1_U53                             | 2   |        | dot_23              | hadd       | fulldsp                  | 4       |
|     hmul_16ns_16ns_16_4_max_dsp_1_U101                             | 2   |        | mul156_1_9          | hmul       | maxdsp                   | 3       |
|     hadd_16ns_16ns_16_5_full_dsp_1_U56                             | 2   |        | dot_24              | hadd       | fulldsp                  | 4       |
|     hmul_16ns_16ns_16_4_max_dsp_1_U102                             | 2   |        | mul156_1_s          | hmul       | maxdsp                   | 3       |
|     hadd_16ns_16ns_16_5_full_dsp_1_U59                             | 2   |        | dot_25              | hadd       | fulldsp                  | 4       |
|     hmul_16ns_16ns_16_4_max_dsp_1_U103                             | 2   |        | mul156_1_10         | hmul       | maxdsp                   | 3       |
|     hadd_16ns_16ns_16_5_full_dsp_1_U62                             | 2   |        | dot_26              | hadd       | fulldsp                  | 4       |
|     hmul_16ns_16ns_16_4_max_dsp_1_U104                             | 2   |        | mul156_1_11         | hmul       | maxdsp                   | 3       |
|     hadd_16ns_16ns_16_5_full_dsp_1_U65                             | 2   |        | dot_27              | hadd       | fulldsp                  | 4       |
|     hmul_16ns_16ns_16_4_max_dsp_1_U105                             | 2   |        | mul156_1_12         | hmul       | maxdsp                   | 3       |
|     hadd_16ns_16ns_16_5_full_dsp_1_U68                             | 2   |        | dot_28              | hadd       | fulldsp                  | 4       |
|     hmul_16ns_16ns_16_4_max_dsp_1_U106                             | 2   |        | mul156_1_13         | hmul       | maxdsp                   | 3       |
|     hadd_16ns_16ns_16_5_full_dsp_1_U71                             | 2   |        | dot_29              | hadd       | fulldsp                  | 4       |
|     hmul_16ns_16ns_16_4_max_dsp_1_U107                             | 2   |        | mul156_1_14         | hmul       | maxdsp                   | 3       |
|     hadd_16ns_16ns_16_5_full_dsp_1_U74                             | 2   |        | dot_49              | hadd       | fulldsp                  | 4       |
|     sparsemux_9_2_256_1_1_U129                                     |     |        | w_word_2            | sparsemux  | compactencoding_dontcare | 0       |
|     hmul_16ns_16ns_16_4_max_dsp_1_U108                             | 2   |        | mul156_2            | hmul       | maxdsp                   | 3       |
|     hmul_16ns_16ns_16_4_max_dsp_1_U109                             | 2   |        | mul156_2_1          | hmul       | maxdsp                   | 3       |
|     hadd_16ns_16ns_16_5_full_dsp_1_U33                             | 2   |        | dot_32              | hadd       | fulldsp                  | 4       |
|     hmul_16ns_16ns_16_4_max_dsp_1_U110                             | 2   |        | mul156_2_2          | hmul       | maxdsp                   | 3       |
|     hadd_16ns_16ns_16_5_full_dsp_1_U36                             | 2   |        | dot_33              | hadd       | fulldsp                  | 4       |
|     hmul_16ns_16ns_16_4_max_dsp_1_U111                             | 2   |        | mul156_2_3          | hmul       | maxdsp                   | 3       |
|     hadd_16ns_16ns_16_5_full_dsp_1_U39                             | 2   |        | dot_34              | hadd       | fulldsp                  | 4       |
|     hmul_16ns_16ns_16_4_max_dsp_1_U112                             | 2   |        | mul156_2_4          | hmul       | maxdsp                   | 3       |
|     hadd_16ns_16ns_16_5_full_dsp_1_U42                             | 2   |        | dot_35              | hadd       | fulldsp                  | 4       |
|     hmul_16ns_16ns_16_4_max_dsp_1_U113                             | 2   |        | mul156_2_5          | hmul       | maxdsp                   | 3       |
|     hadd_16ns_16ns_16_5_full_dsp_1_U45                             | 2   |        | dot_36              | hadd       | fulldsp                  | 4       |
|     hmul_16ns_16ns_16_4_max_dsp_1_U114                             | 2   |        | mul156_2_6          | hmul       | maxdsp                   | 3       |
|     hadd_16ns_16ns_16_5_full_dsp_1_U48                             | 2   |        | dot_37              | hadd       | fulldsp                  | 4       |
|     hmul_16ns_16ns_16_4_max_dsp_1_U115                             | 2   |        | mul156_2_7          | hmul       | maxdsp                   | 3       |
|     hadd_16ns_16ns_16_5_full_dsp_1_U51                             | 2   |        | dot_38              | hadd       | fulldsp                  | 4       |
|     hmul_16ns_16ns_16_4_max_dsp_1_U116                             | 2   |        | mul156_2_8          | hmul       | maxdsp                   | 3       |
|     hadd_16ns_16ns_16_5_full_dsp_1_U54                             | 2   |        | dot_39              | hadd       | fulldsp                  | 4       |
|     hmul_16ns_16ns_16_4_max_dsp_1_U117                             | 2   |        | mul156_2_9          | hmul       | maxdsp                   | 3       |
|     hadd_16ns_16ns_16_5_full_dsp_1_U57                             | 2   |        | dot_40              | hadd       | fulldsp                  | 4       |
|     hmul_16ns_16ns_16_4_max_dsp_1_U118                             | 2   |        | mul156_2_s          | hmul       | maxdsp                   | 3       |
|     hadd_16ns_16ns_16_5_full_dsp_1_U60                             | 2   |        | dot_41              | hadd       | fulldsp                  | 4       |
|     hmul_16ns_16ns_16_4_max_dsp_1_U119                             | 2   |        | mul156_2_10         | hmul       | maxdsp                   | 3       |
|     hadd_16ns_16ns_16_5_full_dsp_1_U63                             | 2   |        | dot_42              | hadd       | fulldsp                  | 4       |
|     hmul_16ns_16ns_16_4_max_dsp_1_U120                             | 2   |        | mul156_2_11         | hmul       | maxdsp                   | 3       |
|     hadd_16ns_16ns_16_5_full_dsp_1_U66                             | 2   |        | dot_43              | hadd       | fulldsp                  | 4       |
|     hmul_16ns_16ns_16_4_max_dsp_1_U121                             | 2   |        | mul156_2_12         | hmul       | maxdsp                   | 3       |
|     hadd_16ns_16ns_16_5_full_dsp_1_U69                             | 2   |        | dot_44              | hadd       | fulldsp                  | 4       |
|     hmul_16ns_16ns_16_4_max_dsp_1_U122                             | 2   |        | mul156_2_13         | hmul       | maxdsp                   | 3       |
|     hadd_16ns_16ns_16_5_full_dsp_1_U72                             | 2   |        | dot_45              | hadd       | fulldsp                  | 4       |
|     hmul_16ns_16ns_16_4_max_dsp_1_U123                             | 2   |        | mul156_2_14         | hmul       | maxdsp                   | 3       |
|     hadd_16ns_16ns_16_5_full_dsp_1_U75                             | 2   |        | dot_50              | hadd       | fulldsp                  | 4       |
|   + Conv77_Core_Pipeline_VITIS_LOOP_180_7                          | 0   |        |                     |            |                          |         |
|     icmp_ln180_fu_109_p2                                           |     |        | icmp_ln180          | seteq      | auto                     | 0       |
|     add_ln180_fu_115_p2                                            |     |        | add_ln180           | add        | fabric                   | 0       |
|     sparsemux_7_2_16_1_1_U739                                      |     |        | tmp                 | sparsemux  | onehotencoding_realdef   | 0       |
|   + Conv77_Core_Pipeline_REDUCE                                    | 0   |        |                     |            |                          |         |
|     icmp_ln185_fu_5400_p2                                          |     |        | icmp_ln185          | seteq      | auto                     | 0       |
|     add_ln185_fu_5406_p2                                           |     |        | add_ln185           | add        | fabric                   | 0       |
|     sparsemux_393_8_16_1_1_U750                                    |     |        | tmp_4               | sparsemux  | compactencoding_dontcare | 0       |
|     sparsemux_9_2_16_1_1_U751                                      |     |        | tmp_5               | sparsemux  | compactencoding_dontcare | 0       |
|     sparsemux_393_8_16_1_1_U752                                    |     |        | tmp_6               | sparsemux  | compactencoding_dontcare | 0       |
|     sparsemux_393_8_16_1_1_U753                                    |     |        | tmp_7               | sparsemux  | compactencoding_dontcare | 0       |
|     sparsemux_9_2_16_1_1_U754                                      |     |        | tmp_8               | sparsemux  | compactencoding_dontcare | 0       |
|     sparsemux_9_2_16_1_1_U755                                      |     |        | tmp_9               | sparsemux  | compactencoding_dontcare | 0       |
+--------------------------------------------------------------------+-----+--------+---------------------+------------+--------------------------+---------+


================================================================
== Storage Report
================================================================
+-------------------+---------------+-----------+------+------+--------+----------+------+---------+------------------+
| Name              | Usage         | Type      | BRAM | URAM | Pragma | Variable | Impl | Latency | Bitwidth, Depth, |
|                   |               |           |      |      |        |          |      |         | Banks            |
+-------------------+---------------+-----------+------+------+--------+----------+------+---------+------------------+
| + conv77_core_top |               |           | 198  | 8    |        |          |      |         |                  |
|   control_s_axi_U | interface     | s_axilite |      |      |        |          |      |         |                  |
|   gmem_b_m_axi_U  | interface     | m_axi     | 15   |      |        |          |      |         |                  |
|   gmem_w_m_axi_U  | interface     | m_axi     | 29   |      |        |          |      |         |                  |
|   gmem_x_m_axi_U  | interface     | m_axi     | 29   |      |        |          |      |         |                  |
|   gmem_y_m_axi_U  | interface     | m_axi     | 29   |      |        |          |      |         |                  |
|  + Conv77_Core    |               |           | 96   | 8    |        |          |      |         |                  |
|    w_buf_U        | ram_t2p array |           | 8    |      | yes    | w_buf    | bram | 1       | 256, 49, 1       |
|    w_buf_1_U      | ram_t2p array |           | 8    |      | yes    | w_buf_1  | bram | 1       | 256, 49, 1       |
|    w_buf_2_U      | ram_t2p array |           | 8    |      | yes    | w_buf_2  | bram | 1       | 256, 49, 1       |
|    w_buf_3_U      | ram_t2p array |           | 8    |      | yes    | w_buf_3  | bram | 1       | 256, 49, 1       |
|    w_buf_4_U      | ram_t2p array |           | 8    |      | yes    | w_buf_4  | bram | 1       | 256, 49, 1       |
|    w_buf_5_U      | ram_t2p array |           | 8    |      | yes    | w_buf_5  | bram | 1       | 256, 49, 1       |
|    w_buf_6_U      | ram_t2p array |           | 8    |      | yes    | w_buf_6  | bram | 1       | 256, 49, 1       |
|    w_buf_7_U      | ram_t2p array |           | 8    |      | yes    | w_buf_7  | bram | 1       | 256, 49, 1       |
|    w_buf_8_U      | ram_t2p array |           | 8    |      | yes    | w_buf_8  | bram | 1       | 256, 49, 1       |
|    w_buf_9_U      | ram_t2p array |           | 8    |      | yes    | w_buf_9  | bram | 1       | 256, 49, 1       |
|    w_buf_10_U     | ram_t2p array |           | 8    |      | yes    | w_buf_10 | bram | 1       | 256, 49, 1       |
|    w_buf_11_U     | ram_t2p array |           | 8    |      | yes    | w_buf_11 | bram | 1       | 256, 49, 1       |
|    line_buf_U     | ram_t2p       |           |      | 8    | pragma | line_buf | uram | 1       | 256, 7168, 1     |
+-------------------+---------------+-----------+------+------+--------+----------+------+---------+------------------+


================================================================
== Pragma Report
================================================================
* Valid Pragma Syntax
+-----------------+-------------------------------------------------------------------+-------------------------------------------------------+
| Type            | Options                                                           | Location                                              |
+-----------------+-------------------------------------------------------------------+-------------------------------------------------------+
| interface       | m_axi port=X offset=slave bundle=gmem_x max_read_burst_length=64  | gen/conv77_core_top.cpp:12 in conv77_core_top, X      |
| interface       | m_axi port=W offset=slave bundle=gmem_w max_read_burst_length=64  | gen/conv77_core_top.cpp:13 in conv77_core_top, W      |
| interface       | m_axi port=B offset=slave bundle=gmem_b max_read_burst_length=64  | gen/conv77_core_top.cpp:14 in conv77_core_top, B      |
| interface       | m_axi port=Y offset=slave bundle=gmem_y max_write_burst_length=64 | gen/conv77_core_top.cpp:15 in conv77_core_top, Y      |
| interface       | s_axilite port=X bundle=control                                   | gen/conv77_core_top.cpp:17 in conv77_core_top, X      |
| interface       | s_axilite port=W bundle=control                                   | gen/conv77_core_top.cpp:18 in conv77_core_top, W      |
| interface       | s_axilite port=B bundle=control                                   | gen/conv77_core_top.cpp:19 in conv77_core_top, B      |
| interface       | s_axilite port=Y bundle=control                                   | gen/conv77_core_top.cpp:20 in conv77_core_top, Y      |
| interface       | s_axilite port=return bundle=control                              | gen/conv77_core_top.cpp:21 in conv77_core_top, return |
| inline          |                                                                   | gen/Hls_Layers_Conv77.tpp:19 in half_to_bits          |
| inline          |                                                                   | gen/Hls_Layers_Conv77.tpp:35 in bits_to_half          |
| inline          |                                                                   | gen/Hls_Layers_Conv77.tpp:51 in reflect_pad           |
| inline          | off                                                               | gen/Hls_Layers_Conv77.tpp:77 in conv77_core           |
| bind_storage    | variable=line_buf type=ram_t2p impl=uram                          | gen/Hls_Layers_Conv77.tpp:91 in conv77_core, line_buf |
| bind_storage    | variable=w_buf type=ram_t2p impl=bram                             | gen/Hls_Layers_Conv77.tpp:95 in conv77_core, w_buf    |
| array_partition | variable=w_buf complete dim=1                                     | gen/Hls_Layers_Conv77.tpp:96 in conv77_core, w_buf    |
| array_partition | variable=w_buf complete dim=3                                     | gen/Hls_Layers_Conv77.tpp:97 in conv77_core, w_buf    |
| pipeline        | II=1                                                              | gen/Hls_Layers_Conv77.tpp:103 in conv77_core          |
| loop_tripcount  | min=4 max=4 avg=4                                                 | gen/Hls_Layers_Conv77.tpp:104 in conv77_core          |
| array_partition | variable=bias complete dim=1                                      | gen/Hls_Layers_Conv77.tpp:111 in conv77_core, bias    |
| pipeline        | II=1                                                              | gen/Hls_Layers_Conv77.tpp:119 in conv77_core          |
| loop_tripcount  | min=4 max=4 avg=4                                                 | gen/Hls_Layers_Conv77.tpp:120 in conv77_core          |
| loop_tripcount  | min=256 max=256 avg=256                                           | gen/Hls_Layers_Conv77.tpp:126 in conv77_core          |
| pipeline        | II=1                                                              | gen/Hls_Layers_Conv77.tpp:133 in conv77_core          |
| loop_tripcount  | min=4 max=4 avg=4                                                 | gen/Hls_Layers_Conv77.tpp:134 in conv77_core          |
| loop_tripcount  | min=256 max=256 avg=256                                           | gen/Hls_Layers_Conv77.tpp:141 in conv77_core          |
| pipeline        | off                                                               | gen/Hls_Layers_Conv77.tpp:142 in conv77_core          |
| array_partition | variable=psum complete dim=0                                      | gen/Hls_Layers_Conv77.tpp:147 in conv77_core, psum    |
| pipeline        | II=1                                                              | gen/Hls_Layers_Conv77.tpp:150 in conv77_core          |
| loop_tripcount  | min=196 max=196 avg=196                                           | gen/Hls_Layers_Conv77.tpp:151 in conv77_core          |
| unroll          |                                                                   | gen/Hls_Layers_Conv77.tpp:163 in conv77_core          |
| unroll          |                                                                   | gen/Hls_Layers_Conv77.tpp:167 in conv77_core          |
| array_partition | variable=acc complete dim=0                                       | gen/Hls_Layers_Conv77.tpp:179 in conv77_core, acc     |
| pipeline        | II=1                                                              | gen/Hls_Layers_Conv77.tpp:186 in conv77_core          |
| loop_tripcount  | min=196 max=196 avg=196                                           | gen/Hls_Layers_Conv77.tpp:187 in conv77_core          |
| dependence      | variable=acc type=inter false                                     | gen/Hls_Layers_Conv77.tpp:188 in conv77_core, acc     |
| unroll          |                                                                   | gen/Hls_Layers_Conv77.tpp:191 in conv77_core          |
| unroll          |                                                                   | gen/Hls_Layers_Conv77.tpp:198 in conv77_core          |
+-----------------+-------------------------------------------------------------------+-------------------------------------------------------+


