

================================================================
== Vitis HLS Report for 'Fused_Conv_CNorm_Act_16_960_960_half_Pipeline_PRELOAD_1_WEIGHT_PINGPONG'
================================================================
* Date:           Thu Apr 30 22:13:30 2026

* Version:        2024.2 (Build 5238294 on Nov  8 2024)
* Project:        resblock_top
* Solution:       hls (Vivado IP Flow Target)
* Product family: zynquplus
* Target device:  xczu7ev-ffvc1156-2-e


================================================================
== Performance Estimates
================================================================
+ Timing: 
    * Summary: 
    +--------+---------+----------+------------+
    |  Clock |  Target | Estimated| Uncertainty|
    +--------+---------+----------+------------+
    |ap_clk  |  4.00 ns|  2.920 ns|     1.08 ns|
    +--------+---------+----------+------------+

+ Latency: 
    * Summary: 
    +---------+---------+----------+----------+-----+-----+------------------------------------------------+
    |  Latency (cycles) |  Latency (absolute) |  Interval |                    Pipeline                    |
    |   min   |   max   |    min   |    max   | min | max |                      Type                      |
    +---------+---------+----------+----------+-----+-----+------------------------------------------------+
    |       63|       63|  0.252 us|  0.252 us|   61|   61|  loop auto-rewind stp (delay=0 clock cycles(s))|
    +---------+---------+----------+----------+-----+-----+------------------------------------------------+

    + Detail: 
        * Instance: 
        N/A

        * Loop: 
        +-----------------------------+---------+---------+----------+-----------+-----------+------+----------+
        |                             |  Latency (cycles) | Iteration|  Initiation Interval  | Trip |          |
        |          Loop Name          |   min   |   max   |  Latency |  achieved |   target  | Count| Pipelined|
        +-----------------------------+---------+---------+----------+-----------+-----------+------+----------+
        |- PRELOAD_1_WEIGHT_PINGPONG  |       61|       61|         3|          1|          1|    60|       yes|
        +-----------------------------+---------+---------+----------+-----------+-----------+------+----------+



================================================================
== Utilization Estimates
================================================================
* Summary: 
+-----------------+---------+------+--------+--------+-----+
|       Name      | BRAM_18K|  DSP |   FF   |   LUT  | URAM|
+-----------------+---------+------+--------+--------+-----+
|DSP              |        -|     -|       -|       -|    -|
|Expression       |        -|     -|       0|      30|    -|
|FIFO             |        -|     -|       -|       -|    -|
|Instance         |        -|     -|       -|       -|    -|
|Memory           |        -|     -|       -|       -|    -|
|Multiplexer      |        -|     -|       0|      45|    -|
|Register         |        -|     -|     280|       -|    -|
+-----------------+---------+------+--------+--------+-----+
|Total            |        0|     0|     280|      75|    0|
+-----------------+---------+------+--------+--------+-----+
|Available        |      624|  1728|  460800|  230400|   96|
+-----------------+---------+------+--------+--------+-----+
|Utilization (%)  |        0|     0|      ~0|      ~0|    0|
+-----------------+---------+------+--------+--------+-----+

+ Detail: 
    * Instance: 
    N/A

    * DSP: 
    N/A

    * Memory: 
    N/A

    * FIFO: 
    N/A

    * Expression: 
    +---------------------------+----------+----+---+----+------------+------------+
    |       Variable Name       | Operation| DSP| FF| LUT| Bitwidth P0| Bitwidth P1|
    +---------------------------+----------+----+---+----+------------+------------+
    |add_ln192_fu_98_p2         |         +|   0|  0|  13|           6|           1|
    |ap_block_pp0_stage0_11001  |       and|   0|  0|   2|           1|           1|
    |icmp_ln192_fu_92_p2        |      icmp|   0|  0|  13|           6|           4|
    |ap_enable_pp0              |       xor|   0|  0|   2|           1|           2|
    +---------------------------+----------+----+---+----+------------+------------+
    |Total                      |          |   0|  0|  30|          14|           8|
    +---------------------------+----------+----+---+----+------------+------------+

    * Multiplexer: 
    +-------------------------+----+-----------+-----+-----------+
    |           Name          | LUT| Input Size| Bits| Total Bits|
    +-------------------------+----+-----------+-----+-----------+
    |ap_done_int              |   9|          2|    1|          2|
    |ap_enable_reg_pp0_iter1  |   9|          2|    1|          2|
    |ap_sig_allocacmp_i_5     |   9|          2|    6|         12|
    |gmem_weight_blk_n_R      |   9|          2|    1|          2|
    |i_fu_52                  |   9|          2|    6|         12|
    +-------------------------+----+-----------+-----+-----------+
    |Total                    |  45|         10|   15|         30|
    +-------------------------+----+-----------+-----+-----------+

    * Register: 
    +-------------------------------------------+-----+----+-----+-----------+
    |                    Name                   |  FF | LUT| Bits| Const Bits|
    +-------------------------------------------+-----+----+-----+-----------+
    |ap_CS_fsm                                  |    1|   0|    1|          0|
    |ap_block_pp0_stage0_subdone_grp0_done_reg  |    1|   0|    1|          0|
    |ap_done_reg                                |    1|   0|    1|          0|
    |ap_enable_reg_pp0_iter1                    |    1|   0|    1|          0|
    |ap_enable_reg_pp0_iter2                    |    1|   0|    1|          0|
    |ap_loop_exit_ready_pp0_iter1_reg           |    1|   0|    1|          0|
    |gmem_weight_addr_read_reg_140              |  256|   0|  256|          0|
    |i_5_reg_131                                |    6|   0|    6|          0|
    |i_5_reg_131_pp0_iter1_reg                  |    6|   0|    6|          0|
    |i_fu_52                                    |    6|   0|    6|          0|
    +-------------------------------------------+-----+----+-----+-----------+
    |Total                                      |  280|   0|  280|          0|
    +-------------------------------------------+-----+----+-----+-----------+



================================================================
== Interface
================================================================
* Summary: 
+------------------------------+-----+-----+------------+-----------------------------------------------------------------------------+--------------+
|           RTL Ports          | Dir | Bits|  Protocol  |                                Source Object                                |    C Type    |
+------------------------------+-----+-----+------------+-----------------------------------------------------------------------------+--------------+
|ap_clk                        |   in|    1|  ap_ctrl_hs|  Fused_Conv_CNorm_Act<16, 960, 960, half>_Pipeline_PRELOAD_1_WEIGHT_PINGPONG|  return value|
|ap_rst                        |   in|    1|  ap_ctrl_hs|  Fused_Conv_CNorm_Act<16, 960, 960, half>_Pipeline_PRELOAD_1_WEIGHT_PINGPONG|  return value|
|ap_start                      |   in|    1|  ap_ctrl_hs|  Fused_Conv_CNorm_Act<16, 960, 960, half>_Pipeline_PRELOAD_1_WEIGHT_PINGPONG|  return value|
|ap_done                       |  out|    1|  ap_ctrl_hs|  Fused_Conv_CNorm_Act<16, 960, 960, half>_Pipeline_PRELOAD_1_WEIGHT_PINGPONG|  return value|
|ap_idle                       |  out|    1|  ap_ctrl_hs|  Fused_Conv_CNorm_Act<16, 960, 960, half>_Pipeline_PRELOAD_1_WEIGHT_PINGPONG|  return value|
|ap_ready                      |  out|    1|  ap_ctrl_hs|  Fused_Conv_CNorm_Act<16, 960, 960, half>_Pipeline_PRELOAD_1_WEIGHT_PINGPONG|  return value|
|m_axi_gmem_weight_0_AWVALID   |  out|    1|       m_axi|                                                                  gmem_weight|       pointer|
|m_axi_gmem_weight_0_AWREADY   |   in|    1|       m_axi|                                                                  gmem_weight|       pointer|
|m_axi_gmem_weight_0_AWADDR    |  out|   64|       m_axi|                                                                  gmem_weight|       pointer|
|m_axi_gmem_weight_0_AWID      |  out|    1|       m_axi|                                                                  gmem_weight|       pointer|
|m_axi_gmem_weight_0_AWLEN     |  out|   32|       m_axi|                                                                  gmem_weight|       pointer|
|m_axi_gmem_weight_0_AWSIZE    |  out|    3|       m_axi|                                                                  gmem_weight|       pointer|
|m_axi_gmem_weight_0_AWBURST   |  out|    2|       m_axi|                                                                  gmem_weight|       pointer|
|m_axi_gmem_weight_0_AWLOCK    |  out|    2|       m_axi|                                                                  gmem_weight|       pointer|
|m_axi_gmem_weight_0_AWCACHE   |  out|    4|       m_axi|                                                                  gmem_weight|       pointer|
|m_axi_gmem_weight_0_AWPROT    |  out|    3|       m_axi|                                                                  gmem_weight|       pointer|
|m_axi_gmem_weight_0_AWQOS     |  out|    4|       m_axi|                                                                  gmem_weight|       pointer|
|m_axi_gmem_weight_0_AWREGION  |  out|    4|       m_axi|                                                                  gmem_weight|       pointer|
|m_axi_gmem_weight_0_AWUSER    |  out|    1|       m_axi|                                                                  gmem_weight|       pointer|
|m_axi_gmem_weight_0_WVALID    |  out|    1|       m_axi|                                                                  gmem_weight|       pointer|
|m_axi_gmem_weight_0_WREADY    |   in|    1|       m_axi|                                                                  gmem_weight|       pointer|
|m_axi_gmem_weight_0_WDATA     |  out|  256|       m_axi|                                                                  gmem_weight|       pointer|
|m_axi_gmem_weight_0_WSTRB     |  out|   32|       m_axi|                                                                  gmem_weight|       pointer|
|m_axi_gmem_weight_0_WLAST     |  out|    1|       m_axi|                                                                  gmem_weight|       pointer|
|m_axi_gmem_weight_0_WID       |  out|    1|       m_axi|                                                                  gmem_weight|       pointer|
|m_axi_gmem_weight_0_WUSER     |  out|    1|       m_axi|                                                                  gmem_weight|       pointer|
|m_axi_gmem_weight_0_ARVALID   |  out|    1|       m_axi|                                                                  gmem_weight|       pointer|
|m_axi_gmem_weight_0_ARREADY   |   in|    1|       m_axi|                                                                  gmem_weight|       pointer|
|m_axi_gmem_weight_0_ARADDR    |  out|   64|       m_axi|                                                                  gmem_weight|       pointer|
|m_axi_gmem_weight_0_ARID      |  out|    1|       m_axi|                                                                  gmem_weight|       pointer|
|m_axi_gmem_weight_0_ARLEN     |  out|   32|       m_axi|                                                                  gmem_weight|       pointer|
|m_axi_gmem_weight_0_ARSIZE    |  out|    3|       m_axi|                                                                  gmem_weight|       pointer|
|m_axi_gmem_weight_0_ARBURST   |  out|    2|       m_axi|                                                                  gmem_weight|       pointer|
|m_axi_gmem_weight_0_ARLOCK    |  out|    2|       m_axi|                                                                  gmem_weight|       pointer|
|m_axi_gmem_weight_0_ARCACHE   |  out|    4|       m_axi|                                                                  gmem_weight|       pointer|
|m_axi_gmem_weight_0_ARPROT    |  out|    3|       m_axi|                                                                  gmem_weight|       pointer|
|m_axi_gmem_weight_0_ARQOS     |  out|    4|       m_axi|                                                                  gmem_weight|       pointer|
|m_axi_gmem_weight_0_ARREGION  |  out|    4|       m_axi|                                                                  gmem_weight|       pointer|
|m_axi_gmem_weight_0_ARUSER    |  out|    1|       m_axi|                                                                  gmem_weight|       pointer|
|m_axi_gmem_weight_0_RVALID    |   in|    1|       m_axi|                                                                  gmem_weight|       pointer|
|m_axi_gmem_weight_0_RREADY    |  out|    1|       m_axi|                                                                  gmem_weight|       pointer|
|m_axi_gmem_weight_0_RDATA     |   in|  256|       m_axi|                                                                  gmem_weight|       pointer|
|m_axi_gmem_weight_0_RLAST     |   in|    1|       m_axi|                                                                  gmem_weight|       pointer|
|m_axi_gmem_weight_0_RID       |   in|    1|       m_axi|                                                                  gmem_weight|       pointer|
|m_axi_gmem_weight_0_RFIFONUM  |   in|    8|       m_axi|                                                                  gmem_weight|       pointer|
|m_axi_gmem_weight_0_RUSER     |   in|    1|       m_axi|                                                                  gmem_weight|       pointer|
|m_axi_gmem_weight_0_RRESP     |   in|    2|       m_axi|                                                                  gmem_weight|       pointer|
|m_axi_gmem_weight_0_BVALID    |   in|    1|       m_axi|                                                                  gmem_weight|       pointer|
|m_axi_gmem_weight_0_BREADY    |  out|    1|       m_axi|                                                                  gmem_weight|       pointer|
|m_axi_gmem_weight_0_BRESP     |   in|    2|       m_axi|                                                                  gmem_weight|       pointer|
|m_axi_gmem_weight_0_BID       |   in|    1|       m_axi|                                                                  gmem_weight|       pointer|
|m_axi_gmem_weight_0_BUSER     |   in|    1|       m_axi|                                                                  gmem_weight|       pointer|
|p_cast_cast                   |   in|   59|     ap_none|                                                                  p_cast_cast|        scalar|
|w_buf_256_0_address0          |  out|    6|   ap_memory|                                                                  w_buf_256_0|         array|
|w_buf_256_0_ce0               |  out|    1|   ap_memory|                                                                  w_buf_256_0|         array|
|w_buf_256_0_we0               |  out|    1|   ap_memory|                                                                  w_buf_256_0|         array|
|w_buf_256_0_d0                |  out|  256|   ap_memory|                                                                  w_buf_256_0|         array|
+------------------------------+-----+-----+------------+-----------------------------------------------------------------------------+--------------+

============================================================
+ Verbose Summary: Synthesis Manager
============================================================
InlineROM: 1
ExposeGlobal: 0
============================================================
+ Verbose Summary: CDFG Model
============================================================
IsTopModel: 0
ResetActiveHigh: 1
IsCombinational: 2
IsDatapathOnly: 2
HasWiredReturn: 1
HasMFsm: 2
HasVarLatency: 1
IsPipeline: 0
IsRtlPipelined: 0
IsInstanceOverlapped: 0
IsDontTouch: 0
HasImplIP: 0
IsGatedGlobalClock: 0

+ Individual pipeline summary: 
  * Pipeline-0: initiation interval (II) = 1, depth = 3


============================================================
+ Verbose Summary: Schedule
============================================================
* Number of FSM states : 3
* Pipeline : 1
  Pipeline-0 : II = 1, D = 3, States = { 1 2 3 }
* Dataflow Pipeline: 0

* FSM state transitions: 
1 --> 2 
2 --> 3 
3 --> 

* FSM state operations: 

State 1 <SV = 0> <Delay = 1.63>
ST_1 : Operation 6 [1/1] (0.00ns)   --->   "%i = alloca i32 1" [/home/hoinguyen/Downloads/GAN_HLS_ver2/GAN_HLS/gen/Hls_Layers.tpp:192]   --->   Operation 6 'alloca' 'i' <Predicate = true> <Delay = 0.00>
ST_1 : Operation 7 [1/1] (0.00ns)   --->   "%p_cast_cast_read = read i59 @_ssdm_op_Read.ap_auto.i59, i59 %p_cast_cast"   --->   Operation 7 'read' 'p_cast_cast_read' <Predicate = true> <Delay = 0.00>
ST_1 : Operation 8 [1/1] (0.00ns)   --->   "%p_cast_cast_cast = sext i59 %p_cast_cast_read"   --->   Operation 8 'sext' 'p_cast_cast_cast' <Predicate = true> <Delay = 0.00>
ST_1 : Operation 9 [1/1] (0.00ns)   --->   "%specinterface_ln0 = specinterface void @_ssdm_op_SpecInterface, i256 %gmem_weight, void @empty_15, i32 0, i32 0, void @empty_13, i32 0, i32 518400, void @empty_1, void @empty_0, void @empty_13, i32 2, i32 16, i32 64, i32 16, void @empty_13, void @empty_13, i32 4294967295, i32 0, i32 0"   --->   Operation 9 'specinterface' 'specinterface_ln0' <Predicate = true> <Delay = 0.00>
ST_1 : Operation 10 [1/1] (0.42ns)   --->   "%store_ln192 = store i6 0, i6 %i" [/home/hoinguyen/Downloads/GAN_HLS_ver2/GAN_HLS/gen/Hls_Layers.tpp:192]   --->   Operation 10 'store' 'store_ln192' <Predicate = true> <Delay = 0.42>
ST_1 : Operation 11 [1/1] (0.00ns)   --->   "%br_ln0 = br void %for.inc18"   --->   Operation 11 'br' 'br_ln0' <Predicate = true> <Delay = 0.00>
ST_1 : Operation 12 [1/1] (0.00ns)   --->   "%i_5 = load i6 %i" [/home/hoinguyen/Downloads/GAN_HLS_ver2/GAN_HLS/gen/Hls_Layers.tpp:192]   --->   Operation 12 'load' 'i_5' <Predicate = true> <Delay = 0.00>
ST_1 : Operation 13 [1/1] (0.78ns)   --->   "%icmp_ln192 = icmp_eq  i6 %i_5, i6 60" [/home/hoinguyen/Downloads/GAN_HLS_ver2/GAN_HLS/gen/Hls_Layers.tpp:192]   --->   Operation 13 'icmp' 'icmp_ln192' <Predicate = true> <Delay = 0.78> <CoreInst = "Cmp">   --->   Core 9 'Cmp' <Latency = 0> <II = 1> <Delay = 0.78> <FuncUnit> <Opcode : 'seteq' 'setne' 'setle' 'setge' 'setlt' 'setgt'> <InPorts = 2> <OutPorts = 1>
ST_1 : Operation 14 [1/1] (0.78ns)   --->   "%add_ln192 = add i6 %i_5, i6 1" [/home/hoinguyen/Downloads/GAN_HLS_ver2/GAN_HLS/gen/Hls_Layers.tpp:192]   --->   Operation 14 'add' 'add_ln192' <Predicate = true> <Delay = 0.78> <CoreInst = "Adder">   --->   Core 1 'Adder' <Latency = 0> <II = 1> <Delay = 0.78> <FuncUnit> <Opcode : 'add' 'sub'> <InPorts = 2> <OutPorts = 1>
ST_1 : Operation 15 [1/1] (0.00ns)   --->   "%br_ln192 = br i1 %icmp_ln192, void %for.inc18.split, void %PASS_A.exitStub" [/home/hoinguyen/Downloads/GAN_HLS_ver2/GAN_HLS/gen/Hls_Layers.tpp:192]   --->   Operation 15 'br' 'br_ln192' <Predicate = true> <Delay = 0.00>
ST_1 : Operation 16 [1/1] (0.42ns)   --->   "%store_ln192 = store i6 %add_ln192, i6 %i" [/home/hoinguyen/Downloads/GAN_HLS_ver2/GAN_HLS/gen/Hls_Layers.tpp:192]   --->   Operation 16 'store' 'store_ln192' <Predicate = (!icmp_ln192)> <Delay = 0.42>

State 2 <SV = 1> <Delay = 2.92>
ST_2 : Operation 17 [1/1] (0.00ns)   --->   "%gmem_weight_addr = getelementptr i256 %gmem_weight, i64 %p_cast_cast_cast"   --->   Operation 17 'getelementptr' 'gmem_weight_addr' <Predicate = true> <Delay = 0.00>
ST_2 : Operation 18 [1/1] (2.92ns)   --->   "%gmem_weight_addr_read = read i256 @_ssdm_op_Read.m_axi.p1i256, i64 %gmem_weight_addr" [/home/hoinguyen/Downloads/GAN_HLS_ver2/GAN_HLS/gen/Hls_Layers.tpp:194]   --->   Operation 18 'read' 'gmem_weight_addr_read' <Predicate = true> <Delay = 2.92> <CoreInst = "m_axi">   --->   Core 119 'm_axi' <Latency = 3> <II = 1> <Delay = 1.00> <Adapter> <Opcode : 'read' 'write' 'readreq' 'writereq' 'writeresp'>
ST_2 : Operation 26 [1/1] (0.42ns)   --->   "%ret_ln0 = ret"   --->   Operation 26 'ret' 'ret_ln0' <Predicate = (icmp_ln192)> <Delay = 0.42>

State 3 <SV = 2> <Delay = 1.23>
ST_3 : Operation 19 [1/1] (0.00ns)   --->   "%zext_ln192 = zext i6 %i_5" [/home/hoinguyen/Downloads/GAN_HLS_ver2/GAN_HLS/gen/Hls_Layers.tpp:192]   --->   Operation 19 'zext' 'zext_ln192' <Predicate = true> <Delay = 0.00>
ST_3 : Operation 20 [1/1] (0.00ns)   --->   "%specpipeline_ln193 = specpipeline void @_ssdm_op_SpecPipeline, i32 1, i32 0, i32 0, i32 0, void @empty_13" [/home/hoinguyen/Downloads/GAN_HLS_ver2/GAN_HLS/gen/Hls_Layers.tpp:193]   --->   Operation 20 'specpipeline' 'specpipeline_ln193' <Predicate = true> <Delay = 0.00>
ST_3 : Operation 21 [1/1] (0.00ns)   --->   "%speclooptripcount_ln192 = speclooptripcount void @_ssdm_op_SpecLoopTripCount, i64 60, i64 60, i64 60" [/home/hoinguyen/Downloads/GAN_HLS_ver2/GAN_HLS/gen/Hls_Layers.tpp:192]   --->   Operation 21 'speclooptripcount' 'speclooptripcount_ln192' <Predicate = true> <Delay = 0.00>
ST_3 : Operation 22 [1/1] (0.00ns)   --->   "%specloopname_ln192 = specloopname void @_ssdm_op_SpecLoopName, void @empty_25" [/home/hoinguyen/Downloads/GAN_HLS_ver2/GAN_HLS/gen/Hls_Layers.tpp:192]   --->   Operation 22 'specloopname' 'specloopname_ln192' <Predicate = true> <Delay = 0.00>
ST_3 : Operation 23 [1/1] (0.00ns)   --->   "%w_buf_256_0_addr = getelementptr i256 %w_buf_256_0, i64 0, i64 %zext_ln192" [/home/hoinguyen/Downloads/GAN_HLS_ver2/GAN_HLS/gen/Hls_Layers.tpp:194]   --->   Operation 23 'getelementptr' 'w_buf_256_0_addr' <Predicate = true> <Delay = 0.00>
ST_3 : Operation 24 [1/1] ( I:1.23ns O:1.23ns )   --->   "%store_ln194 = store i256 %gmem_weight_addr_read, i6 %w_buf_256_0_addr" [/home/hoinguyen/Downloads/GAN_HLS_ver2/GAN_HLS/gen/Hls_Layers.tpp:194]   --->   Operation 24 'store' 'store_ln194' <Predicate = true> <Delay = 1.23> <CoreInst = "RAM">   --->   Core 82 'RAM' <Latency = 1> <II = 1> <Delay = 1.23> <Storage> <Opcode : 'load' 'store'> <Ports = 2> <Width = 256> <Depth = 60> <RAM>
ST_3 : Operation 25 [1/1] (0.00ns)   --->   "%br_ln192 = br void %for.inc18" [/home/hoinguyen/Downloads/GAN_HLS_ver2/GAN_HLS/gen/Hls_Layers.tpp:192]   --->   Operation 25 'br' 'br_ln192' <Predicate = true> <Delay = 0.00>


============================================================
+ Verbose Summary: Binding
============================================================
STG Binding: 
---------------- STG Properties BEGIN ----------------
- Is combinational: 0
- Is one-state seq: 0
- Is datapath-only: 0
- Is pipelined: 0
- Is top level: 0
Port [ Return ] is wired: 1; IO mode=ap_ctrl_hs:ce=0
Port [ gmem_weight]:  wired=1; compound=1; hidden=0; nouse=0; global=0; static=0; extern=0; dir=0; type=4; pingpong=0; private_global=0; IO mode=m_axi:ce=0
Port [ p_cast_cast]:  wired=1; compound=0; hidden=0; nouse=0; global=0; static=0; extern=0; dir=0; type=0; pingpong=0; private_global=0; IO mode=ap_none:ce=0
Port [ w_buf_256_0]:  wired=1; compound=1; hidden=0; nouse=0; global=0; static=0; extern=0; dir=1; type=1; pingpong=0; private_global=0; MemPort=[03]; IO mode=ap_memory:ce=0
---------------- STG Properties END ------------------

---------------- Datapath Model BEGIN ----------------

<LifeTime>
<method=bitvector/>
i                       (alloca           ) [ 0100]
p_cast_cast_read        (read             ) [ 0000]
p_cast_cast_cast        (sext             ) [ 0110]
specinterface_ln0       (specinterface    ) [ 0000]
store_ln192             (store            ) [ 0000]
br_ln0                  (br               ) [ 0000]
i_5                     (load             ) [ 0111]
icmp_ln192              (icmp             ) [ 0110]
add_ln192               (add              ) [ 0000]
br_ln192                (br               ) [ 0000]
store_ln192             (store            ) [ 0000]
gmem_weight_addr        (getelementptr    ) [ 0000]
gmem_weight_addr_read   (read             ) [ 0101]
zext_ln192              (zext             ) [ 0000]
specpipeline_ln193      (specpipeline     ) [ 0000]
speclooptripcount_ln192 (speclooptripcount) [ 0000]
specloopname_ln192      (specloopname     ) [ 0000]
w_buf_256_0_addr        (getelementptr    ) [ 0000]
store_ln194             (store            ) [ 0000]
br_ln192                (br               ) [ 0000]
ret_ln0                 (ret              ) [ 0000]
</LifeTime>

<model>

<comp_list>
<comp id="0" class="1000" name="gmem_weight">
<pin_list>
<pin id="1" dir="1" index="0" bw="1" slack="0"/>
</pin_list>
<bind>
<StgValue><ssdm name="gmem_weight"/><MemPortTyVec>0 </MemPortTyVec>
</StgValue>
</bind>
</comp>

<comp id="2" class="1000" name="p_cast_cast">
<pin_list>
<pin id="3" dir="1" index="0" bw="1" slack="0"/>
</pin_list>
<bind>
<StgValue><ssdm name="p_cast_cast"/></StgValue>
</bind>
</comp>

<comp id="4" class="1000" name="w_buf_256_0">
<pin_list>
<pin id="5" dir="1" index="0" bw="1" slack="0"/>
</pin_list>
<bind>
<StgValue><ssdm name="w_buf_256_0"/><MemPortTyVec>0 3 </MemPortTyVec>
</StgValue>
</bind>
</comp>

<comp id="6" class="1001" name="const_6">
<pin_list>
<pin id="7" dir="1" index="0" bw="1" slack="0"/>
</pin_list>
<bind>
<StgValue><ssdm name=""/></StgValue>
</bind>
</comp>

<comp id="8" class="1001" name="const_8">
<pin_list>
<pin id="9" dir="1" index="0" bw="1" slack="0"/>
</pin_list>
<bind>
<StgValue><ssdm name="_ssdm_op_Read.ap_auto.i59"/></StgValue>
</bind>
</comp>

<comp id="10" class="1001" name="const_10">
<pin_list>
<pin id="11" dir="1" index="0" bw="1" slack="2147483647"/>
</pin_list>
<bind>
<StgValue><ssdm name="_ssdm_op_SpecInterface"/></StgValue>
</bind>
</comp>

<comp id="12" class="1001" name="const_12">
<pin_list>
<pin id="13" dir="1" index="0" bw="1" slack="2147483647"/>
</pin_list>
<bind>
<StgValue><ssdm name="empty_15"/></StgValue>
</bind>
</comp>

<comp id="14" class="1001" name="const_14">
<pin_list>
<pin id="15" dir="1" index="0" bw="1" slack="2147483647"/>
</pin_list>
<bind>
<StgValue><ssdm name=""/></StgValue>
</bind>
</comp>

<comp id="16" class="1001" name="const_16">
<pin_list>
<pin id="17" dir="1" index="0" bw="1" slack="2147483647"/>
</pin_list>
<bind>
<StgValue><ssdm name="empty_13"/></StgValue>
</bind>
</comp>

<comp id="18" class="1001" name="const_18">
<pin_list>
<pin id="19" dir="1" index="0" bw="1" slack="2147483647"/>
</pin_list>
<bind>
<StgValue><ssdm name=""/></StgValue>
</bind>
</comp>

<comp id="20" class="1001" name="const_20">
<pin_list>
<pin id="21" dir="1" index="0" bw="1" slack="2147483647"/>
</pin_list>
<bind>
<StgValue><ssdm name="empty_1"/></StgValue>
</bind>
</comp>

<comp id="22" class="1001" name="const_22">
<pin_list>
<pin id="23" dir="1" index="0" bw="1" slack="2147483647"/>
</pin_list>
<bind>
<StgValue><ssdm name="empty_0"/></StgValue>
</bind>
</comp>

<comp id="24" class="1001" name="const_24">
<pin_list>
<pin id="25" dir="1" index="0" bw="1" slack="2147483647"/>
</pin_list>
<bind>
<StgValue><ssdm name=""/></StgValue>
</bind>
</comp>

<comp id="26" class="1001" name="const_26">
<pin_list>
<pin id="27" dir="1" index="0" bw="1" slack="2147483647"/>
</pin_list>
<bind>
<StgValue><ssdm name=""/></StgValue>
</bind>
</comp>

<comp id="28" class="1001" name="const_28">
<pin_list>
<pin id="29" dir="1" index="0" bw="1" slack="2147483647"/>
</pin_list>
<bind>
<StgValue><ssdm name=""/></StgValue>
</bind>
</comp>

<comp id="30" class="1001" name="const_30">
<pin_list>
<pin id="31" dir="1" index="0" bw="1" slack="2147483647"/>
</pin_list>
<bind>
<StgValue><ssdm name=""/></StgValue>
</bind>
</comp>

<comp id="32" class="1001" name="const_32">
<pin_list>
<pin id="33" dir="1" index="0" bw="1" slack="0"/>
</pin_list>
<bind>
<StgValue><ssdm name=""/></StgValue>
</bind>
</comp>

<comp id="34" class="1001" name="const_34">
<pin_list>
<pin id="35" dir="1" index="0" bw="1" slack="0"/>
</pin_list>
<bind>
<StgValue><ssdm name=""/></StgValue>
</bind>
</comp>

<comp id="36" class="1001" name="const_36">
<pin_list>
<pin id="37" dir="1" index="0" bw="1" slack="0"/>
</pin_list>
<bind>
<StgValue><ssdm name=""/></StgValue>
</bind>
</comp>

<comp id="38" class="1001" name="const_38">
<pin_list>
<pin id="39" dir="1" index="0" bw="1" slack="0"/>
</pin_list>
<bind>
<StgValue><ssdm name="_ssdm_op_Read.m_axi.p1i256"/></StgValue>
</bind>
</comp>

<comp id="40" class="1001" name="const_40">
<pin_list>
<pin id="41" dir="1" index="0" bw="1" slack="2147483647"/>
</pin_list>
<bind>
<StgValue><ssdm name="_ssdm_op_SpecPipeline"/></StgValue>
</bind>
</comp>

<comp id="42" class="1001" name="const_42">
<pin_list>
<pin id="43" dir="1" index="0" bw="1" slack="2147483647"/>
</pin_list>
<bind>
<StgValue><ssdm name="_ssdm_op_SpecLoopTripCount"/></StgValue>
</bind>
</comp>

<comp id="44" class="1001" name="const_44">
<pin_list>
<pin id="45" dir="1" index="0" bw="1" slack="2147483647"/>
</pin_list>
<bind>
<StgValue><ssdm name=""/></StgValue>
</bind>
</comp>

<comp id="46" class="1001" name="const_46">
<pin_list>
<pin id="47" dir="1" index="0" bw="1" slack="2147483647"/>
</pin_list>
<bind>
<StgValue><ssdm name="_ssdm_op_SpecLoopName"/></StgValue>
</bind>
</comp>

<comp id="48" class="1001" name="const_48">
<pin_list>
<pin id="49" dir="1" index="0" bw="1" slack="2147483647"/>
</pin_list>
<bind>
<StgValue><ssdm name="empty_25"/></StgValue>
</bind>
</comp>

<comp id="50" class="1001" name="const_50">
<pin_list>
<pin id="51" dir="1" index="0" bw="1" slack="0"/>
</pin_list>
<bind>
<StgValue><ssdm name=""/></StgValue>
</bind>
</comp>

<comp id="52" class="1004" name="i_fu_52">
<pin_list>
<pin id="53" dir="0" index="0" bw="1" slack="0"/>
<pin id="54" dir="1" index="1" bw="6" slack="0"/>
</pin_list>
<bind>
<opcode="alloca(26) " fcode="alloca"/>
<opset="i/1 "/>
</bind>
</comp>

<comp id="56" class="1004" name="p_cast_cast_read_read_fu_56">
<pin_list>
<pin id="57" dir="0" index="0" bw="59" slack="0"/>
<pin id="58" dir="0" index="1" bw="59" slack="0"/>
<pin id="59" dir="1" index="2" bw="59" slack="0"/>
</pin_list>
<bind>
<opcode="read(1150) " fcode="read"/>
<opset="p_cast_cast_read/1 "/>
</bind>
</comp>

<comp id="62" class="1004" name="gmem_weight_addr_read_read_fu_62">
<pin_list>
<pin id="63" dir="0" index="0" bw="256" slack="0"/>
<pin id="64" dir="0" index="1" bw="256" slack="0"/>
<pin id="65" dir="1" index="2" bw="256" slack="1"/>
</pin_list>
<bind>
<opcode="read(1150) " fcode="read"/>
<opset="gmem_weight_addr_read/2 "/>
</bind>
</comp>

<comp id="67" class="1004" name="w_buf_256_0_addr_gep_fu_67">
<pin_list>
<pin id="68" dir="0" index="0" bw="256" slack="0"/>
<pin id="69" dir="0" index="1" bw="1" slack="0"/>
<pin id="70" dir="0" index="2" bw="6" slack="0"/>
<pin id="71" dir="1" index="3" bw="6" slack="0"/>
</pin_list>
<bind>
<opcode="getelementptr(29) " fcode="getelementptr"/>
<opset="w_buf_256_0_addr/3 "/>
</bind>
</comp>

<comp id="74" class="1004" name="store_ln194_access_fu_74">
<pin_list>
<pin id="75" dir="0" index="0" bw="6" slack="0"/>
<pin id="76" dir="0" index="1" bw="256" slack="1"/>
<pin id="77" dir="0" index="2" bw="0" slack="2147483647"/>
<pin id="78" dir="1" index="3" bw="256" slack="2147483647"/>
</pin_list>
<bind>
<opcode="store(28) " fcode="store"/>
<opset="store_ln194/3 "/>
</bind>
</comp>

<comp id="80" class="1004" name="p_cast_cast_cast_fu_80">
<pin_list>
<pin id="81" dir="0" index="0" bw="59" slack="0"/>
<pin id="82" dir="1" index="1" bw="64" slack="1"/>
</pin_list>
<bind>
<opcode="sext(35) " fcode="sext"/>
<opset="p_cast_cast_cast/1 "/>
</bind>
</comp>

<comp id="84" class="1004" name="store_ln192_store_fu_84">
<pin_list>
<pin id="85" dir="0" index="0" bw="1" slack="0"/>
<pin id="86" dir="0" index="1" bw="6" slack="0"/>
<pin id="87" dir="1" index="2" bw="0" slack="2147483647"/>
</pin_list>
<bind>
<opcode="store(28) " fcode="store"/>
<opset="store_ln192/1 "/>
</bind>
</comp>

<comp id="89" class="1004" name="i_5_load_fu_89">
<pin_list>
<pin id="90" dir="0" index="0" bw="6" slack="0"/>
<pin id="91" dir="1" index="1" bw="6" slack="0"/>
</pin_list>
<bind>
<opcode="load(27) " fcode="load"/>
<opset="i_5/1 "/>
</bind>
</comp>

<comp id="92" class="1004" name="icmp_ln192_fu_92">
<pin_list>
<pin id="93" dir="0" index="0" bw="6" slack="0"/>
<pin id="94" dir="0" index="1" bw="6" slack="0"/>
<pin id="95" dir="1" index="2" bw="1" slack="1"/>
</pin_list>
<bind>
<opcode="icmp(45) " fcode="icmp"/>
<opset="icmp_ln192/1 "/>
</bind>
</comp>

<comp id="98" class="1004" name="add_ln192_fu_98">
<pin_list>
<pin id="99" dir="0" index="0" bw="6" slack="0"/>
<pin id="100" dir="0" index="1" bw="1" slack="0"/>
<pin id="101" dir="1" index="2" bw="6" slack="0"/>
</pin_list>
<bind>
<opcode="add(8) " fcode="add"/>
<opset="add_ln192/1 "/>
</bind>
</comp>

<comp id="104" class="1004" name="store_ln192_store_fu_104">
<pin_list>
<pin id="105" dir="0" index="0" bw="6" slack="0"/>
<pin id="106" dir="0" index="1" bw="6" slack="0"/>
<pin id="107" dir="1" index="2" bw="0" slack="2147483647"/>
</pin_list>
<bind>
<opcode="store(28) " fcode="store"/>
<opset="store_ln192/1 "/>
</bind>
</comp>

<comp id="109" class="1004" name="gmem_weight_addr_fu_109">
<pin_list>
<pin id="110" dir="0" index="0" bw="64" slack="0"/>
<pin id="111" dir="0" index="1" bw="64" slack="1"/>
<pin id="112" dir="1" index="2" bw="64" slack="0"/>
</pin_list>
<bind>
<opcode="getelementptr(29) " fcode="getelementptr"/>
<opset="gmem_weight_addr/2 "/>
</bind>
</comp>

<comp id="115" class="1004" name="zext_ln192_fu_115">
<pin_list>
<pin id="116" dir="0" index="0" bw="6" slack="2"/>
<pin id="117" dir="1" index="1" bw="64" slack="0"/>
</pin_list>
<bind>
<opcode="zext(34) " fcode="zext"/>
<opset="zext_ln192/3 "/>
</bind>
</comp>

<comp id="119" class="1005" name="i_reg_119">
<pin_list>
<pin id="120" dir="0" index="0" bw="6" slack="0"/>
<pin id="121" dir="1" index="1" bw="6" slack="0"/>
</pin_list>
<bind>
<opset="i "/>
</bind>
</comp>

<comp id="126" class="1005" name="p_cast_cast_cast_reg_126">
<pin_list>
<pin id="127" dir="0" index="0" bw="64" slack="1"/>
<pin id="128" dir="1" index="1" bw="64" slack="1"/>
</pin_list>
<bind>
<opset="p_cast_cast_cast "/>
</bind>
</comp>

<comp id="131" class="1005" name="i_5_reg_131">
<pin_list>
<pin id="132" dir="0" index="0" bw="6" slack="2"/>
<pin id="133" dir="1" index="1" bw="6" slack="2"/>
</pin_list>
<bind>
<opset="i_5 "/>
</bind>
</comp>

<comp id="136" class="1005" name="icmp_ln192_reg_136">
<pin_list>
<pin id="137" dir="0" index="0" bw="1" slack="1"/>
<pin id="138" dir="1" index="1" bw="1" slack="2147483647"/>
</pin_list>
<bind>
<opset="icmp_ln192 "/>
</bind>
</comp>

<comp id="140" class="1005" name="gmem_weight_addr_read_reg_140">
<pin_list>
<pin id="141" dir="0" index="0" bw="256" slack="1"/>
<pin id="142" dir="1" index="1" bw="256" slack="1"/>
</pin_list>
<bind>
<opset="gmem_weight_addr_read "/>
</bind>
</comp>

</comp_list>

<net_list>
<net id="55"><net_src comp="6" pin="0"/><net_sink comp="52" pin=0"/></net>

<net id="60"><net_src comp="8" pin="0"/><net_sink comp="56" pin=0"/></net>

<net id="61"><net_src comp="2" pin="0"/><net_sink comp="56" pin=1"/></net>

<net id="66"><net_src comp="38" pin="0"/><net_sink comp="62" pin=0"/></net>

<net id="72"><net_src comp="4" pin="0"/><net_sink comp="67" pin=0"/></net>

<net id="73"><net_src comp="50" pin="0"/><net_sink comp="67" pin=1"/></net>

<net id="79"><net_src comp="67" pin="3"/><net_sink comp="74" pin=0"/></net>

<net id="83"><net_src comp="56" pin="2"/><net_sink comp="80" pin=0"/></net>

<net id="88"><net_src comp="32" pin="0"/><net_sink comp="84" pin=0"/></net>

<net id="96"><net_src comp="89" pin="1"/><net_sink comp="92" pin=0"/></net>

<net id="97"><net_src comp="34" pin="0"/><net_sink comp="92" pin=1"/></net>

<net id="102"><net_src comp="89" pin="1"/><net_sink comp="98" pin=0"/></net>

<net id="103"><net_src comp="36" pin="0"/><net_sink comp="98" pin=1"/></net>

<net id="108"><net_src comp="98" pin="2"/><net_sink comp="104" pin=0"/></net>

<net id="113"><net_src comp="0" pin="0"/><net_sink comp="109" pin=0"/></net>

<net id="114"><net_src comp="109" pin="2"/><net_sink comp="62" pin=1"/></net>

<net id="118"><net_src comp="115" pin="1"/><net_sink comp="67" pin=2"/></net>

<net id="122"><net_src comp="52" pin="1"/><net_sink comp="119" pin=0"/></net>

<net id="123"><net_src comp="119" pin="1"/><net_sink comp="84" pin=1"/></net>

<net id="124"><net_src comp="119" pin="1"/><net_sink comp="89" pin=0"/></net>

<net id="125"><net_src comp="119" pin="1"/><net_sink comp="104" pin=1"/></net>

<net id="129"><net_src comp="80" pin="1"/><net_sink comp="126" pin=0"/></net>

<net id="130"><net_src comp="126" pin="1"/><net_sink comp="109" pin=1"/></net>

<net id="134"><net_src comp="89" pin="1"/><net_sink comp="131" pin=0"/></net>

<net id="135"><net_src comp="131" pin="1"/><net_sink comp="115" pin=0"/></net>

<net id="139"><net_src comp="92" pin="2"/><net_sink comp="136" pin=0"/></net>

<net id="143"><net_src comp="62" pin="2"/><net_sink comp="140" pin=0"/></net>

<net id="144"><net_src comp="140" pin="1"/><net_sink comp="74" pin=1"/></net>

</net_list>

</model> 
---------------- Datapath Model END ------------------

* FSMD analyzer results:
  - Output states:
	Port: gmem_weight | {}
	Port: w_buf_256_0 | {3 }
 - Input state : 
	Port: Fused_Conv_CNorm_Act<16, 960, 960, half>_Pipeline_PRELOAD_1_WEIGHT_PINGPONG : gmem_weight | {2 }
	Port: Fused_Conv_CNorm_Act<16, 960, 960, half>_Pipeline_PRELOAD_1_WEIGHT_PINGPONG : p_cast_cast | {1 }
	Port: Fused_Conv_CNorm_Act<16, 960, 960, half>_Pipeline_PRELOAD_1_WEIGHT_PINGPONG : w_buf_256_0 | {}
  - Chain level:
	State 1
		store_ln192 : 1
		i_5 : 1
		icmp_ln192 : 2
		add_ln192 : 2
		br_ln192 : 3
		store_ln192 : 3
	State 2
		gmem_weight_addr_read : 1
	State 3
		w_buf_256_0_addr : 1
		store_ln194 : 2


============================================================
+ Verbose Summary: Datapath Resource usage 
============================================================

* Functional unit list:
|----------|----------------------------------|---------|---------|
| Operation|          Functional Unit         |    FF   |   LUT   |
|----------|----------------------------------|---------|---------|
|   icmp   |         icmp_ln192_fu_92         |    0    |    13   |
|----------|----------------------------------|---------|---------|
|    add   |          add_ln192_fu_98         |    0    |    13   |
|----------|----------------------------------|---------|---------|
|   read   |    p_cast_cast_read_read_fu_56   |    0    |    0    |
|          | gmem_weight_addr_read_read_fu_62 |    0    |    0    |
|----------|----------------------------------|---------|---------|
|   sext   |      p_cast_cast_cast_fu_80      |    0    |    0    |
|----------|----------------------------------|---------|---------|
|   zext   |         zext_ln192_fu_115        |    0    |    0    |
|----------|----------------------------------|---------|---------|
|   Total  |                                  |    0    |    26   |
|----------|----------------------------------|---------|---------|

Memories:
N/A

* Register list:
+-----------------------------+--------+
|                             |   FF   |
+-----------------------------+--------+
|gmem_weight_addr_read_reg_140|   256  |
|         i_5_reg_131         |    6   |
|          i_reg_119          |    6   |
|      icmp_ln192_reg_136     |    1   |
|   p_cast_cast_cast_reg_126  |   64   |
+-----------------------------+--------+
|            Total            |   333  |
+-----------------------------+--------+

* Multiplexer (MUX) list: 
|--------|------|------|------|--------|
|  Comp  |  Pin | Size |  BW  | S x BW |
|--------|------|------|------|--------|
|  Total |      |      |      |    0   |
|--------|------|------|------|--------|



* Summary:
+-----------+--------+--------+
|           |   FF   |   LUT  |
+-----------+--------+--------+
|  Function |    0   |   26   |
|   Memory  |    -   |    -   |
|Multiplexer|    -   |    -   |
|  Register |   333  |    -   |
+-----------+--------+--------+
|   Total   |   333  |   26   |
+-----------+--------+--------+
