

================================================================
== Vitis HLS Report for 'Fused_Conv_CNorm_Act_16_960_960_half_Pipeline_FETCH_NEXT_SKIP_ROW'
================================================================
* Date:           Thu Apr 30 22:13:32 2026

* Version:        2024.2 (Build 5238294 on Nov  8 2024)
* Project:        resblock_top
* Solution:       hls (Vivado IP Flow Target)
* Product family: zynquplus
* Target device:  xczu7ev-ffvc1156-2-e


================================================================
== Performance Estimates
================================================================
+ Timing: 
    * Summary: 
    +--------+---------+----------+------------+
    |  Clock |  Target | Estimated| Uncertainty|
    +--------+---------+----------+------------+
    |ap_clk  |  4.00 ns|  2.429 ns|     1.08 ns|
    +--------+---------+----------+------------+

+ Latency: 
    * Summary: 
    +---------+---------+----------+----------+-----+-----+------------------------------------------------+
    |  Latency (cycles) |  Latency (absolute) |  Interval |                    Pipeline                    |
    |   min   |   max   |    min   |    max   | min | max |                      Type                      |
    +---------+---------+----------+----------+-----+-----+------------------------------------------------+
    |      963|      963|  3.852 us|  3.852 us|  961|  961|  loop auto-rewind stp (delay=0 clock cycles(s))|
    +---------+---------+----------+----------+-----+-----+------------------------------------------------+

    + Detail: 
        * Instance: 
        N/A

        * Loop: 
        +-----------------------+---------+---------+----------+-----------+-----------+------+----------+
        |                       |  Latency (cycles) | Iteration|  Initiation Interval  | Trip |          |
        |       Loop Name       |   min   |   max   |  Latency |  achieved |   target  | Count| Pipelined|
        +-----------------------+---------+---------+----------+-----------+-----------+------+----------+
        |- FETCH_NEXT_SKIP_ROW  |      961|      961|         3|          1|          1|   960|       yes|
        +-----------------------+---------+---------+----------+-----------+-----------+------+----------+



================================================================
== Utilization Estimates
================================================================
* Summary: 
+-----------------+---------+------+--------+--------+-----+
|       Name      | BRAM_18K|  DSP |   FF   |   LUT  | URAM|
+-----------------+---------+------+--------+--------+-----+
|DSP              |        -|     -|       -|       -|    -|
|Expression       |        -|     -|       0|     144|    -|
|FIFO             |        -|     -|       -|       -|    -|
|Instance         |        -|     -|       0|      65|    -|
|Memory           |        -|     -|       -|       -|    -|
|Multiplexer      |        -|     -|       0|      63|    -|
|Register         |        -|     -|     322|       -|    -|
+-----------------+---------+------+--------+--------+-----+
|Total            |        0|     0|     322|     272|    0|
+-----------------+---------+------+--------+--------+-----+
|Available        |      624|  1728|  460800|  230400|   96|
+-----------------+---------+------+--------+--------+-----+
|Utilization (%)  |        0|     0|      ~0|      ~0|    0|
+-----------------+---------+------+--------+--------+-----+

+ Detail: 
    * Instance: 
    +------------------------------+------------------------+---------+----+---+----+-----+
    |           Instance           |         Module         | BRAM_18K| DSP| FF| LUT| URAM|
    +------------------------------+------------------------+---------+----+---+----+-----+
    |sparsemux_33_4_256_1_1_U1009  |sparsemux_33_4_256_1_1  |        0|   0|  0|  65|    0|
    +------------------------------+------------------------+---------+----+---+----+-----+
    |Total                         |                        |        0|   0|  0|  65|    0|
    +------------------------------+------------------------+---------+----+---+----+-----+

    * DSP: 
    N/A

    * Memory: 
    N/A

    * FIFO: 
    N/A

    * Expression: 
    +------------------------+----------+----+---+----+------------+------------+
    |      Variable Name     | Operation| DSP| FF| LUT| Bitwidth P0| Bitwidth P1|
    +------------------------+----------+----+---+----+------------+------------+
    |add_ln345_1_fu_406_p2   |         +|   0|  0|  17|          10|           1|
    |add_ln345_fu_397_p2     |         +|   0|  0|  17|          10|           1|
    |add_ln347_1_fu_430_p2   |         +|   0|  0|  15|           8|           8|
    |add_ln347_2_fu_469_p2   |         +|   0|  0|  28|          21|          11|
    |add_ln347_fu_565_p2     |         +|   0|  0|  21|          14|          14|
    |icmp_ln345_1_fu_412_p2  |      icmp|   0|  0|  17|          10|           6|
    |icmp_ln345_fu_391_p2    |      icmp|   0|  0|  17|          10|           8|
    |select_ln345_fu_418_p3  |    select|   0|  0|  10|           1|           1|
    |ap_enable_pp0           |       xor|   0|  0|   2|           1|           2|
    +------------------------+----------+----+---+----+------------+------------+
    |Total                   |          |   0|  0| 144|          85|          52|
    +------------------------+----------+----+---+----+------------+------------+

    * Multiplexer: 
    +-----------------------------------+----+-----------+-----+-----------+
    |                Name               | LUT| Input Size| Bits| Total Bits|
    +-----------------------------------+----+-----------+-----+-----------+
    |ap_done_int                        |   9|          2|    1|          2|
    |ap_enable_reg_pp0_iter1            |   9|          2|    1|          2|
    |ap_sig_allocacmp_i                 |   9|          2|   10|         20|
    |ap_sig_allocacmp_phi_urem582_load  |   9|          2|   10|         20|
    |i_5_fu_132                         |   9|          2|   10|         20|
    |phi_mul580_fu_128                  |   9|          2|   21|         42|
    |phi_urem582_fu_124                 |   9|          2|   10|         20|
    +-----------------------------------+----+-----------+-----+-----------+
    |Total                              |  63|         14|   63|        126|
    +-----------------------------------+----+-----------+-----+-----------+

    * Register: 
    +----------------------------------+-----+----+-----+-----------+
    |               Name               |  FF | LUT| Bits| Const Bits|
    +----------------------------------+-----+----+-----+-----------+
    |ap_CS_fsm                         |    1|   0|    1|          0|
    |ap_done_reg                       |    1|   0|    1|          0|
    |ap_enable_reg_pp0_iter1           |    1|   0|    1|          0|
    |ap_enable_reg_pp0_iter2           |    1|   0|    1|          0|
    |ap_loop_exit_ready_pp0_iter1_reg  |    1|   0|    1|          0|
    |i_5_fu_132                        |   10|   0|   10|          0|
    |i_reg_601                         |   10|   0|   10|          0|
    |i_reg_601_pp0_iter1_reg           |   10|   0|   10|          0|
    |phi_mul580_fu_128                 |   21|   0|   21|          0|
    |phi_urem582_fu_124                |   10|   0|   10|          0|
    |tmp_30_reg_690                    |  256|   0|  256|          0|
    +----------------------------------+-----+----+-----+-----------+
    |Total                             |  322|   0|  322|          0|
    +----------------------------------+-----+----+-----+-----------+



================================================================
== Interface
================================================================
* Summary: 
+-----------------------+-----+-----+------------+-----------------------------------------------------------------------+--------------+
|       RTL Ports       | Dir | Bits|  Protocol  |                             Source Object                             |    C Type    |
+-----------------------+-----+-----+------------+-----------------------------------------------------------------------+--------------+
|ap_clk                 |   in|    1|  ap_ctrl_hs|  Fused_Conv_CNorm_Act<16, 960, 960, half>_Pipeline_FETCH_NEXT_SKIP_ROW|  return value|
|ap_rst                 |   in|    1|  ap_ctrl_hs|  Fused_Conv_CNorm_Act<16, 960, 960, half>_Pipeline_FETCH_NEXT_SKIP_ROW|  return value|
|ap_start               |   in|    1|  ap_ctrl_hs|  Fused_Conv_CNorm_Act<16, 960, 960, half>_Pipeline_FETCH_NEXT_SKIP_ROW|  return value|
|ap_done                |  out|    1|  ap_ctrl_hs|  Fused_Conv_CNorm_Act<16, 960, 960, half>_Pipeline_FETCH_NEXT_SKIP_ROW|  return value|
|ap_idle                |  out|    1|  ap_ctrl_hs|  Fused_Conv_CNorm_Act<16, 960, 960, half>_Pipeline_FETCH_NEXT_SKIP_ROW|  return value|
|ap_ready               |  out|    1|  ap_ctrl_hs|  Fused_Conv_CNorm_Act<16, 960, 960, half>_Pipeline_FETCH_NEXT_SKIP_ROW|  return value|
|mul_ln340              |   in|    8|     ap_none|                                                              mul_ln340|        scalar|
|x_buf_256_0_address0   |  out|    8|   ap_memory|                                                            x_buf_256_0|         array|
|x_buf_256_0_ce0        |  out|    1|   ap_memory|                                                            x_buf_256_0|         array|
|x_buf_256_0_q0         |   in|  256|   ap_memory|                                                            x_buf_256_0|         array|
|x_buf_256_1_address0   |  out|    8|   ap_memory|                                                            x_buf_256_1|         array|
|x_buf_256_1_ce0        |  out|    1|   ap_memory|                                                            x_buf_256_1|         array|
|x_buf_256_1_q0         |   in|  256|   ap_memory|                                                            x_buf_256_1|         array|
|x_buf_256_2_address0   |  out|    8|   ap_memory|                                                            x_buf_256_2|         array|
|x_buf_256_2_ce0        |  out|    1|   ap_memory|                                                            x_buf_256_2|         array|
|x_buf_256_2_q0         |   in|  256|   ap_memory|                                                            x_buf_256_2|         array|
|x_buf_256_3_address0   |  out|    8|   ap_memory|                                                            x_buf_256_3|         array|
|x_buf_256_3_ce0        |  out|    1|   ap_memory|                                                            x_buf_256_3|         array|
|x_buf_256_3_q0         |   in|  256|   ap_memory|                                                            x_buf_256_3|         array|
|x_buf_256_4_address0   |  out|    8|   ap_memory|                                                            x_buf_256_4|         array|
|x_buf_256_4_ce0        |  out|    1|   ap_memory|                                                            x_buf_256_4|         array|
|x_buf_256_4_q0         |   in|  256|   ap_memory|                                                            x_buf_256_4|         array|
|x_buf_256_5_address0   |  out|    8|   ap_memory|                                                            x_buf_256_5|         array|
|x_buf_256_5_ce0        |  out|    1|   ap_memory|                                                            x_buf_256_5|         array|
|x_buf_256_5_q0         |   in|  256|   ap_memory|                                                            x_buf_256_5|         array|
|x_buf_256_6_address0   |  out|    8|   ap_memory|                                                            x_buf_256_6|         array|
|x_buf_256_6_ce0        |  out|    1|   ap_memory|                                                            x_buf_256_6|         array|
|x_buf_256_6_q0         |   in|  256|   ap_memory|                                                            x_buf_256_6|         array|
|x_buf_256_7_address0   |  out|    8|   ap_memory|                                                            x_buf_256_7|         array|
|x_buf_256_7_ce0        |  out|    1|   ap_memory|                                                            x_buf_256_7|         array|
|x_buf_256_7_q0         |   in|  256|   ap_memory|                                                            x_buf_256_7|         array|
|x_buf_256_8_address0   |  out|    8|   ap_memory|                                                            x_buf_256_8|         array|
|x_buf_256_8_ce0        |  out|    1|   ap_memory|                                                            x_buf_256_8|         array|
|x_buf_256_8_q0         |   in|  256|   ap_memory|                                                            x_buf_256_8|         array|
|x_buf_256_9_address0   |  out|    8|   ap_memory|                                                            x_buf_256_9|         array|
|x_buf_256_9_ce0        |  out|    1|   ap_memory|                                                            x_buf_256_9|         array|
|x_buf_256_9_q0         |   in|  256|   ap_memory|                                                            x_buf_256_9|         array|
|x_buf_256_10_address0  |  out|    8|   ap_memory|                                                           x_buf_256_10|         array|
|x_buf_256_10_ce0       |  out|    1|   ap_memory|                                                           x_buf_256_10|         array|
|x_buf_256_10_q0        |   in|  256|   ap_memory|                                                           x_buf_256_10|         array|
|x_buf_256_11_address0  |  out|    8|   ap_memory|                                                           x_buf_256_11|         array|
|x_buf_256_11_ce0       |  out|    1|   ap_memory|                                                           x_buf_256_11|         array|
|x_buf_256_11_q0        |   in|  256|   ap_memory|                                                           x_buf_256_11|         array|
|x_buf_256_12_address0  |  out|    8|   ap_memory|                                                           x_buf_256_12|         array|
|x_buf_256_12_ce0       |  out|    1|   ap_memory|                                                           x_buf_256_12|         array|
|x_buf_256_12_q0        |   in|  256|   ap_memory|                                                           x_buf_256_12|         array|
|x_buf_256_13_address0  |  out|    8|   ap_memory|                                                           x_buf_256_13|         array|
|x_buf_256_13_ce0       |  out|    1|   ap_memory|                                                           x_buf_256_13|         array|
|x_buf_256_13_q0        |   in|  256|   ap_memory|                                                           x_buf_256_13|         array|
|x_buf_256_14_address0  |  out|    8|   ap_memory|                                                           x_buf_256_14|         array|
|x_buf_256_14_ce0       |  out|    1|   ap_memory|                                                           x_buf_256_14|         array|
|x_buf_256_14_q0        |   in|  256|   ap_memory|                                                           x_buf_256_14|         array|
|x_buf_256_15_address0  |  out|    8|   ap_memory|                                                           x_buf_256_15|         array|
|x_buf_256_15_ce0       |  out|    1|   ap_memory|                                                           x_buf_256_15|         array|
|x_buf_256_15_q0        |   in|  256|   ap_memory|                                                           x_buf_256_15|         array|
|mul_ln345              |   in|   14|     ap_none|                                                              mul_ln345|        scalar|
|skip_buf_256_address1  |  out|   14|   ap_memory|                                                           skip_buf_256|         array|
|skip_buf_256_ce1       |  out|    1|   ap_memory|                                                           skip_buf_256|         array|
|skip_buf_256_we1       |  out|    1|   ap_memory|                                                           skip_buf_256|         array|
|skip_buf_256_d1        |  out|  256|   ap_memory|                                                           skip_buf_256|         array|
+-----------------------+-----+-----+------------+-----------------------------------------------------------------------+--------------+

