

================================================================
== Vitis HLS Report for 'init_rows_16_960_false_half_s'
================================================================
* Date:           Thu Apr 30 22:13:33 2026

* Version:        2024.2 (Build 5238294 on Nov  8 2024)
* Project:        resblock_top
* Solution:       hls (Vivado IP Flow Target)
* Product family: zynquplus
* Target device:  xczu7ev-ffvc1156-2-e


================================================================
== Performance Estimates
================================================================
+ Timing: 
    * Summary: 
    +--------+---------+----------+------------+
    |  Clock |  Target | Estimated| Uncertainty|
    +--------+---------+----------+------------+
    |ap_clk  |  4.00 ns|  2.920 ns|     1.08 ns|
    +--------+---------+----------+------------+

+ Latency: 
    * Summary: 
    +---------+---------+-----------+-----------+------+------+------------------------------------------------+
    |  Latency (cycles) |   Latency (absolute)  |   Interval  |                    Pipeline                    |
    |   min   |   max   |    min    |    max    |  min |  max |                      Type                      |
    +---------+---------+-----------+-----------+------+------+------------------------------------------------+
    |     2895|     2895|  11.580 us|  11.580 us|  2881|  2881|  loop auto-rewind stp (delay=0 clock cycles(s))|
    +---------+---------+-----------+-----------+------+------+------------------------------------------------+

    + Detail: 
        * Instance: 
        N/A

        * Loop: 
        +--------------------------------------+---------+---------+----------+-----------+-----------+------+----------+
        |                                      |  Latency (cycles) | Iteration|  Initiation Interval  | Trip |          |
        |               Loop Name              |   min   |   max   |  Latency |  achieved |   target  | Count| Pipelined|
        +--------------------------------------+---------+---------+----------+-----------+-----------+------+----------+
        |- INIT_3_INPUT_ROWS_LOAD_1_INPUT_ROW  |     2893|     2893|        15|          1|          1|  2880|       yes|
        +--------------------------------------+---------+---------+----------+-----------+-----------+------+----------+



================================================================
== Utilization Estimates
================================================================
* Summary: 
+-----------------+---------+------+--------+--------+-----+
|       Name      | BRAM_18K|  DSP |   FF   |   LUT  | URAM|
+-----------------+---------+------+--------+--------+-----+
|DSP              |        -|     -|       -|       -|    -|
|Expression       |        -|     -|       0|     321|    -|
|FIFO             |        -|     -|       -|       -|    -|
|Instance         |        -|     1|     282|     199|    -|
|Memory           |        -|     -|       -|       -|    -|
|Multiplexer      |        -|     -|       0|      81|    -|
|Register         |        -|     -|     657|     128|    -|
+-----------------+---------+------+--------+--------+-----+
|Total            |        0|     1|     939|     729|    0|
+-----------------+---------+------+--------+--------+-----+
|Available        |      624|  1728|  460800|  230400|   96|
+-----------------+---------+------+--------+--------+-----+
|Utilization (%)  |        0|    ~0|      ~0|      ~0|    0|
+-----------------+---------+------+--------+--------+-----+

+ Detail: 
    * Instance: 
    +----------------------------+----------------------+---------+----+-----+-----+-----+
    |          Instance          |        Module        | BRAM_18K| DSP|  FF | LUT | URAM|
    +----------------------------+----------------------+---------+----+-----+-----+-----+
    |mul_10ns_12ns_21_1_1_U1429  |mul_10ns_12ns_21_1_1  |        0|   1|    0|    5|    0|
    |urem_10ns_7ns_8_14_1_U1428  |urem_10ns_7ns_8_14_1  |        0|   0|  282|  194|    0|
    +----------------------------+----------------------+---------+----+-----+-----+-----+
    |Total                       |                      |        0|   1|  282|  199|    0|
    +----------------------------+----------------------+---------+----+-----+-----+-----+

    * DSP: 
    N/A

    * Memory: 
    N/A

    * FIFO: 
    N/A

    * Expression: 
    +---------------------------+----------+----+---+----+------------+------------+
    |       Variable Name       | Operation| DSP| FF| LUT| Bitwidth P0| Bitwidth P1|
    +---------------------------+----------+----+---+----+------------+------------+
    |add_ln122_fu_502_p2        |         +|   0|  0|  19|          12|           1|
    |add_ln123_fu_569_p2        |         +|   0|  0|   9|           2|           2|
    |add_ln129_2_fu_537_p2      |         +|   0|  0|  17|          10|           1|
    |add_ln129_fu_704_p2        |         +|   0|  0|  71|          64|          64|
    |add_ln131_fu_757_p2        |         +|   0|  0|  19|           8|           8|
    |row_init_fu_556_p2         |         +|   0|  0|   9|           2|           1|
    |p_neg_fu_654_p2            |         -|   0|  0|  23|           1|          16|
    |p_neg_t_fu_669_p2          |         -|   0|  0|  19|           1|          12|
    |sub_ln125_fu_583_p2        |         -|   0|  0|   9|           1|           2|
    |sub_ln131_fu_747_p2        |         -|   0|  0|  19|           8|           8|
    |sub_ln53_fu_617_p2         |         -|   0|  0|  23|          16|          16|
    |ap_block_state4_io_grp1    |       and|   0|  0|   2|           1|           1|
    |first_iter_0_fu_525_p2     |      icmp|   0|  0|  17|          10|           1|
    |icmp_ln122_fu_496_p2       |      icmp|   0|  0|  19|          12|          12|
    |icmp_ln129_fu_511_p2       |      icmp|   0|  0|  17|          10|           8|
    |ap_block_pp0_stage0_11001  |        or|   0|  0|   2|           1|           1|
    |empty_56_fu_684_p3         |    select|   0|  0|  11|           1|          12|
    |select_ln122_1_fu_562_p3   |    select|   0|  0|   2|           1|           2|
    |select_ln122_fu_517_p3     |    select|   0|  0|  10|           1|           1|
    |select_ln125_fu_589_p3     |    select|   0|  0|   2|           1|           2|
    |ap_enable_pp0              |       xor|   0|  0|   2|           1|           2|
    +---------------------------+----------+----+---+----+------------+------------+
    |Total                      |          |   0|  0| 321|         164|         173|
    +---------------------------+----------+----+---+----+------------+------------+

    * Multiplexer: 
    +--------------------------------------+----+-----------+-----+-----------+
    |                 Name                 | LUT| Input Size| Bits| Total Bits|
    +--------------------------------------+----+-----------+-----+-----------+
    |ap_done_int                           |   9|          2|    1|          2|
    |ap_enable_reg_pp0_iter1               |   9|          2|    1|          2|
    |ap_sig_allocacmp_i_load               |   9|          2|   10|         20|
    |ap_sig_allocacmp_indvar_flatten_load  |   9|          2|   12|         24|
    |gmem_inout_blk_n_AR                   |   9|          2|    1|          2|
    |gmem_inout_blk_n_R                    |   9|          2|    1|          2|
    |i_fu_176                              |   9|          2|   10|         20|
    |indvar_flatten_fu_184                 |   9|          2|   12|         24|
    |slot_fu_180                           |   9|          2|    2|          4|
    +--------------------------------------+----+-----------+-----+-----------+
    |Total                                 |  81|         18|   50|        100|
    +--------------------------------------+----+-----------+-----+-----------+

    * Register: 
    +-------------------------------------------+-----+----+-----+-----------+
    |                    Name                   |  FF | LUT| Bits| Const Bits|
    +-------------------------------------------+-----+----+-----+-----------+
    |add_ln131_reg_875                          |    8|   0|    8|          0|
    |ap_CS_fsm                                  |    1|   0|    1|          0|
    |ap_block_pp0_stage0_subdone_grp0_done_reg  |    1|   0|    1|          0|
    |ap_done_reg                                |    1|   0|    1|          0|
    |ap_enable_reg_pp0_iter1                    |    1|   0|    1|          0|
    |ap_enable_reg_pp0_iter10                   |    1|   0|    1|          0|
    |ap_enable_reg_pp0_iter11                   |    1|   0|    1|          0|
    |ap_enable_reg_pp0_iter12                   |    1|   0|    1|          0|
    |ap_enable_reg_pp0_iter13                   |    1|   0|    1|          0|
    |ap_enable_reg_pp0_iter14                   |    1|   0|    1|          0|
    |ap_enable_reg_pp0_iter2                    |    1|   0|    1|          0|
    |ap_enable_reg_pp0_iter3                    |    1|   0|    1|          0|
    |ap_enable_reg_pp0_iter4                    |    1|   0|    1|          0|
    |ap_enable_reg_pp0_iter5                    |    1|   0|    1|          0|
    |ap_enable_reg_pp0_iter6                    |    1|   0|    1|          0|
    |ap_enable_reg_pp0_iter7                    |    1|   0|    1|          0|
    |ap_enable_reg_pp0_iter8                    |    1|   0|    1|          0|
    |ap_enable_reg_pp0_iter9                    |    1|   0|    1|          0|
    |ap_loop_exit_ready_pp0_iter10_reg          |    1|   0|    1|          0|
    |ap_loop_exit_ready_pp0_iter11_reg          |    1|   0|    1|          0|
    |ap_loop_exit_ready_pp0_iter12_reg          |    1|   0|    1|          0|
    |ap_loop_exit_ready_pp0_iter13_reg          |    1|   0|    1|          0|
    |ap_loop_exit_ready_pp0_iter1_reg           |    1|   0|    1|          0|
    |ap_loop_exit_ready_pp0_iter2_reg           |    1|   0|    1|          0|
    |ap_loop_exit_ready_pp0_iter3_reg           |    1|   0|    1|          0|
    |ap_loop_exit_ready_pp0_iter4_reg           |    1|   0|    1|          0|
    |ap_loop_exit_ready_pp0_iter5_reg           |    1|   0|    1|          0|
    |ap_loop_exit_ready_pp0_iter6_reg           |    1|   0|    1|          0|
    |ap_loop_exit_ready_pp0_iter7_reg           |    1|   0|    1|          0|
    |ap_loop_exit_ready_pp0_iter8_reg           |    1|   0|    1|          0|
    |ap_loop_exit_ready_pp0_iter9_reg           |    1|   0|    1|          0|
    |first_iter_0_reg_823                       |    1|   0|    1|          0|
    |gmem_inout_addr_read_reg_855               |  256|   0|  256|          0|
    |i_fu_176                                   |   10|   0|   10|          0|
    |icmp_ln129_reg_812                         |    1|   0|    1|          0|
    |indvar_flatten_fu_184                      |   12|   0|   12|          0|
    |select_ln122_1_reg_827                     |    2|   0|    2|          0|
    |select_ln122_reg_817                       |   10|   0|   10|          0|
    |slot_fu_180                                |    2|   0|    2|          0|
    |sub_ln53_reg_833                           |    6|   0|   16|         10|
    |trunc_ln131_2_reg_840                      |    4|   0|    4|          0|
    |trunc_ln_reg_844                           |   59|   0|   59|          0|
    |first_iter_0_reg_823                       |   64|  32|    1|          0|
    |gmem_inout_addr_read_reg_855               |   64|  32|  256|          0|
    |select_ln122_1_reg_827                     |   64|  32|    2|          0|
    |trunc_ln131_2_reg_840                      |   64|  32|    4|          0|
    +-------------------------------------------+-----+----+-----+-----------+
    |Total                                      |  657| 128|  674|         10|
    +-------------------------------------------+-----+----+-----+-----------+



================================================================
== Interface
================================================================
* Summary: 
+-----------------------------+-----+-----+------------+---------------------------------+--------------+
|          RTL Ports          | Dir | Bits|  Protocol  |          Source Object          |    C Type    |
+-----------------------------+-----+-----+------------+---------------------------------+--------------+
|ap_clk                       |   in|    1|  ap_ctrl_hs|  init_rows<16, 960, false, half>|  return value|
|ap_rst                       |   in|    1|  ap_ctrl_hs|  init_rows<16, 960, false, half>|  return value|
|ap_start                     |   in|    1|  ap_ctrl_hs|  init_rows<16, 960, false, half>|  return value|
|ap_done                      |  out|    1|  ap_ctrl_hs|  init_rows<16, 960, false, half>|  return value|
|ap_idle                      |  out|    1|  ap_ctrl_hs|  init_rows<16, 960, false, half>|  return value|
|ap_ready                     |  out|    1|  ap_ctrl_hs|  init_rows<16, 960, false, half>|  return value|
|m_axi_gmem_inout_0_AWVALID   |  out|    1|       m_axi|                       gmem_inout|       pointer|
|m_axi_gmem_inout_0_AWREADY   |   in|    1|       m_axi|                       gmem_inout|       pointer|
|m_axi_gmem_inout_0_AWADDR    |  out|   64|       m_axi|                       gmem_inout|       pointer|
|m_axi_gmem_inout_0_AWID      |  out|    1|       m_axi|                       gmem_inout|       pointer|
|m_axi_gmem_inout_0_AWLEN     |  out|   32|       m_axi|                       gmem_inout|       pointer|
|m_axi_gmem_inout_0_AWSIZE    |  out|    3|       m_axi|                       gmem_inout|       pointer|
|m_axi_gmem_inout_0_AWBURST   |  out|    2|       m_axi|                       gmem_inout|       pointer|
|m_axi_gmem_inout_0_AWLOCK    |  out|    2|       m_axi|                       gmem_inout|       pointer|
|m_axi_gmem_inout_0_AWCACHE   |  out|    4|       m_axi|                       gmem_inout|       pointer|
|m_axi_gmem_inout_0_AWPROT    |  out|    3|       m_axi|                       gmem_inout|       pointer|
|m_axi_gmem_inout_0_AWQOS     |  out|    4|       m_axi|                       gmem_inout|       pointer|
|m_axi_gmem_inout_0_AWREGION  |  out|    4|       m_axi|                       gmem_inout|       pointer|
|m_axi_gmem_inout_0_AWUSER    |  out|    1|       m_axi|                       gmem_inout|       pointer|
|m_axi_gmem_inout_0_WVALID    |  out|    1|       m_axi|                       gmem_inout|       pointer|
|m_axi_gmem_inout_0_WREADY    |   in|    1|       m_axi|                       gmem_inout|       pointer|
|m_axi_gmem_inout_0_WDATA     |  out|  256|       m_axi|                       gmem_inout|       pointer|
|m_axi_gmem_inout_0_WSTRB     |  out|   32|       m_axi|                       gmem_inout|       pointer|
|m_axi_gmem_inout_0_WLAST     |  out|    1|       m_axi|                       gmem_inout|       pointer|
|m_axi_gmem_inout_0_WID       |  out|    1|       m_axi|                       gmem_inout|       pointer|
|m_axi_gmem_inout_0_WUSER     |  out|    1|       m_axi|                       gmem_inout|       pointer|
|m_axi_gmem_inout_0_ARVALID   |  out|    1|       m_axi|                       gmem_inout|       pointer|
|m_axi_gmem_inout_0_ARREADY   |   in|    1|       m_axi|                       gmem_inout|       pointer|
|m_axi_gmem_inout_0_ARADDR    |  out|   64|       m_axi|                       gmem_inout|       pointer|
|m_axi_gmem_inout_0_ARID      |  out|    1|       m_axi|                       gmem_inout|       pointer|
|m_axi_gmem_inout_0_ARLEN     |  out|   32|       m_axi|                       gmem_inout|       pointer|
|m_axi_gmem_inout_0_ARSIZE    |  out|    3|       m_axi|                       gmem_inout|       pointer|
|m_axi_gmem_inout_0_ARBURST   |  out|    2|       m_axi|                       gmem_inout|       pointer|
|m_axi_gmem_inout_0_ARLOCK    |  out|    2|       m_axi|                       gmem_inout|       pointer|
|m_axi_gmem_inout_0_ARCACHE   |  out|    4|       m_axi|                       gmem_inout|       pointer|
|m_axi_gmem_inout_0_ARPROT    |  out|    3|       m_axi|                       gmem_inout|       pointer|
|m_axi_gmem_inout_0_ARQOS     |  out|    4|       m_axi|                       gmem_inout|       pointer|
|m_axi_gmem_inout_0_ARREGION  |  out|    4|       m_axi|                       gmem_inout|       pointer|
|m_axi_gmem_inout_0_ARUSER    |  out|    1|       m_axi|                       gmem_inout|       pointer|
|m_axi_gmem_inout_0_RVALID    |   in|    1|       m_axi|                       gmem_inout|       pointer|
|m_axi_gmem_inout_0_RREADY    |  out|    1|       m_axi|                       gmem_inout|       pointer|
|m_axi_gmem_inout_0_RDATA     |   in|  256|       m_axi|                       gmem_inout|       pointer|
|m_axi_gmem_inout_0_RLAST     |   in|    1|       m_axi|                       gmem_inout|       pointer|
|m_axi_gmem_inout_0_RID       |   in|    1|       m_axi|                       gmem_inout|       pointer|
|m_axi_gmem_inout_0_RFIFONUM  |   in|   11|       m_axi|                       gmem_inout|       pointer|
|m_axi_gmem_inout_0_RUSER     |   in|    1|       m_axi|                       gmem_inout|       pointer|
|m_axi_gmem_inout_0_RRESP     |   in|    2|       m_axi|                       gmem_inout|       pointer|
|m_axi_gmem_inout_0_BVALID    |   in|    1|       m_axi|                       gmem_inout|       pointer|
|m_axi_gmem_inout_0_BREADY    |  out|    1|       m_axi|                       gmem_inout|       pointer|
|m_axi_gmem_inout_0_BRESP     |   in|    2|       m_axi|                       gmem_inout|       pointer|
|m_axi_gmem_inout_0_BID       |   in|    1|       m_axi|                       gmem_inout|       pointer|
|m_axi_gmem_inout_0_BUSER     |   in|    1|       m_axi|                       gmem_inout|       pointer|
|X_ptr                        |   in|   64|     ap_none|                            X_ptr|        scalar|
|x_buf_256_0_address1         |  out|    8|   ap_memory|                      x_buf_256_0|         array|
|x_buf_256_0_ce1              |  out|    1|   ap_memory|                      x_buf_256_0|         array|
|x_buf_256_0_we1              |  out|    1|   ap_memory|                      x_buf_256_0|         array|
|x_buf_256_0_d1               |  out|  256|   ap_memory|                      x_buf_256_0|         array|
|x_buf_256_1_address1         |  out|    8|   ap_memory|                      x_buf_256_1|         array|
|x_buf_256_1_ce1              |  out|    1|   ap_memory|                      x_buf_256_1|         array|
|x_buf_256_1_we1              |  out|    1|   ap_memory|                      x_buf_256_1|         array|
|x_buf_256_1_d1               |  out|  256|   ap_memory|                      x_buf_256_1|         array|
|x_buf_256_2_address1         |  out|    8|   ap_memory|                      x_buf_256_2|         array|
|x_buf_256_2_ce1              |  out|    1|   ap_memory|                      x_buf_256_2|         array|
|x_buf_256_2_we1              |  out|    1|   ap_memory|                      x_buf_256_2|         array|
|x_buf_256_2_d1               |  out|  256|   ap_memory|                      x_buf_256_2|         array|
|x_buf_256_3_address1         |  out|    8|   ap_memory|                      x_buf_256_3|         array|
|x_buf_256_3_ce1              |  out|    1|   ap_memory|                      x_buf_256_3|         array|
|x_buf_256_3_we1              |  out|    1|   ap_memory|                      x_buf_256_3|         array|
|x_buf_256_3_d1               |  out|  256|   ap_memory|                      x_buf_256_3|         array|
|x_buf_256_4_address1         |  out|    8|   ap_memory|                      x_buf_256_4|         array|
|x_buf_256_4_ce1              |  out|    1|   ap_memory|                      x_buf_256_4|         array|
|x_buf_256_4_we1              |  out|    1|   ap_memory|                      x_buf_256_4|         array|
|x_buf_256_4_d1               |  out|  256|   ap_memory|                      x_buf_256_4|         array|
|x_buf_256_5_address1         |  out|    8|   ap_memory|                      x_buf_256_5|         array|
|x_buf_256_5_ce1              |  out|    1|   ap_memory|                      x_buf_256_5|         array|
|x_buf_256_5_we1              |  out|    1|   ap_memory|                      x_buf_256_5|         array|
|x_buf_256_5_d1               |  out|  256|   ap_memory|                      x_buf_256_5|         array|
|x_buf_256_6_address1         |  out|    8|   ap_memory|                      x_buf_256_6|         array|
|x_buf_256_6_ce1              |  out|    1|   ap_memory|                      x_buf_256_6|         array|
|x_buf_256_6_we1              |  out|    1|   ap_memory|                      x_buf_256_6|         array|
|x_buf_256_6_d1               |  out|  256|   ap_memory|                      x_buf_256_6|         array|
|x_buf_256_7_address1         |  out|    8|   ap_memory|                      x_buf_256_7|         array|
|x_buf_256_7_ce1              |  out|    1|   ap_memory|                      x_buf_256_7|         array|
|x_buf_256_7_we1              |  out|    1|   ap_memory|                      x_buf_256_7|         array|
|x_buf_256_7_d1               |  out|  256|   ap_memory|                      x_buf_256_7|         array|
|x_buf_256_8_address1         |  out|    8|   ap_memory|                      x_buf_256_8|         array|
|x_buf_256_8_ce1              |  out|    1|   ap_memory|                      x_buf_256_8|         array|
|x_buf_256_8_we1              |  out|    1|   ap_memory|                      x_buf_256_8|         array|
|x_buf_256_8_d1               |  out|  256|   ap_memory|                      x_buf_256_8|         array|
|x_buf_256_9_address1         |  out|    8|   ap_memory|                      x_buf_256_9|         array|
|x_buf_256_9_ce1              |  out|    1|   ap_memory|                      x_buf_256_9|         array|
|x_buf_256_9_we1              |  out|    1|   ap_memory|                      x_buf_256_9|         array|
|x_buf_256_9_d1               |  out|  256|   ap_memory|                      x_buf_256_9|         array|
|x_buf_256_10_address1        |  out|    8|   ap_memory|                     x_buf_256_10|         array|
|x_buf_256_10_ce1             |  out|    1|   ap_memory|                     x_buf_256_10|         array|
|x_buf_256_10_we1             |  out|    1|   ap_memory|                     x_buf_256_10|         array|
|x_buf_256_10_d1              |  out|  256|   ap_memory|                     x_buf_256_10|         array|
|x_buf_256_11_address1        |  out|    8|   ap_memory|                     x_buf_256_11|         array|
|x_buf_256_11_ce1             |  out|    1|   ap_memory|                     x_buf_256_11|         array|
|x_buf_256_11_we1             |  out|    1|   ap_memory|                     x_buf_256_11|         array|
|x_buf_256_11_d1              |  out|  256|   ap_memory|                     x_buf_256_11|         array|
|x_buf_256_12_address1        |  out|    8|   ap_memory|                     x_buf_256_12|         array|
|x_buf_256_12_ce1             |  out|    1|   ap_memory|                     x_buf_256_12|         array|
|x_buf_256_12_we1             |  out|    1|   ap_memory|                     x_buf_256_12|         array|
|x_buf_256_12_d1              |  out|  256|   ap_memory|                     x_buf_256_12|         array|
|x_buf_256_13_address1        |  out|    8|   ap_memory|                     x_buf_256_13|         array|
|x_buf_256_13_ce1             |  out|    1|   ap_memory|                     x_buf_256_13|         array|
|x_buf_256_13_we1             |  out|    1|   ap_memory|                     x_buf_256_13|         array|
|x_buf_256_13_d1              |  out|  256|   ap_memory|                     x_buf_256_13|         array|
|x_buf_256_14_address1        |  out|    8|   ap_memory|                     x_buf_256_14|         array|
|x_buf_256_14_ce1             |  out|    1|   ap_memory|                     x_buf_256_14|         array|
|x_buf_256_14_we1             |  out|    1|   ap_memory|                     x_buf_256_14|         array|
|x_buf_256_14_d1              |  out|  256|   ap_memory|                     x_buf_256_14|         array|
|x_buf_256_15_address1        |  out|    8|   ap_memory|                     x_buf_256_15|         array|
|x_buf_256_15_ce1             |  out|    1|   ap_memory|                     x_buf_256_15|         array|
|x_buf_256_15_we1             |  out|    1|   ap_memory|                     x_buf_256_15|         array|
|x_buf_256_15_d1              |  out|  256|   ap_memory|                     x_buf_256_15|         array|
+-----------------------------+-----+-----+------------+---------------------------------+--------------+

