

================================================================
== Synthesis Summary Report of 'mul32_hls'
================================================================
+ General Information: 
    * Date:           Wed Jan 14 17:13:56 2026
    * Version:        2024.2 (Build 5238294 on Nov  8 2024)
    * Project:        Mul32bit_component_HLS
    * Solution:       hls (Vivado IP Flow Target)
    * Product family: zynquplus
    * Target device:  xczu7ev-ffvc1156-2-e
    

+ Performance & Resource Estimates: 
    
    PS: '+' for module; 'o' for loop; '*' for dataflow
    +-------------+------+------+---------+--------+----------+---------+------+----------+------+---------+-----------+-----------+-----+
    |   Modules   | Issue|      | Latency | Latency| Iteration|         | Trip |          |      |         |           |           |     |
    |   & Loops   | Type | Slack| (cycles)|  (ns)  |  Latency | Interval| Count| Pipelined| BRAM |   DSP   |     FF    |    LUT    | URAM|
    +-------------+------+------+---------+--------+----------+---------+------+----------+------+---------+-----------+-----------+-----+
    |+ mul32_hls  |     -|  1.88|        0|   0.000|         -|        1|     -|       yes|     -|  4 (~0%)|  182 (~0%)|  316 (~0%)|    -|
    +-------------+------+------+---------+--------+----------+---------+------+----------+------+---------+-----------+-----------+-----+


================================================================
== HW Interfaces
================================================================
* S_AXILITE Interfaces
+------------+------------+---------------+--------+----------+
| Interface  | Data Width | Address Width | Offset | Register |
+------------+------------+---------------+--------+----------+
| s_axi_CTRL | 32         | 6             | 16     | 0        |
+------------+------------+---------------+--------+----------+

* S_AXILITE Registers
+------------+----------+--------+-------+--------+----------------------------------+----------------------------------------------------------------------+
| Interface  | Register | Offset | Width | Access | Description                      | Bit Fields                                                           |
+------------+----------+--------+-------+--------+----------------------------------+----------------------------------------------------------------------+
| s_axi_CTRL | CTRL     | 0x00   | 32    | RW     | Control signals                  | 0=AP_START 1=AP_DONE 2=AP_IDLE 3=AP_READY 7=AUTO_RESTART 9=INTERRUPT |
| s_axi_CTRL | GIER     | 0x04   | 32    | RW     | Global Interrupt Enable Register | 0=Enable                                                             |
| s_axi_CTRL | IP_IER   | 0x08   | 32    | RW     | IP Interrupt Enable Register     | 0=CHAN0_INT_EN 1=CHAN1_INT_EN                                        |
| s_axi_CTRL | IP_ISR   | 0x0c   | 32    | RW     | IP Interrupt Status Register     | 0=CHAN0_INT_ST 1=CHAN1_INT_ST                                        |
| s_axi_CTRL | a        | 0x10   | 32    | W      | Data signal of a                 |                                                                      |
| s_axi_CTRL | b        | 0x18   | 32    | W      | Data signal of b                 |                                                                      |
| s_axi_CTRL | p_1      | 0x20   | 32    | R      | Data signal of p                 |                                                                      |
| s_axi_CTRL | p_2      | 0x24   | 32    | R      | Data signal of p                 |                                                                      |
| s_axi_CTRL | p_ctrl   | 0x28   | 32    | R      | Control signal of p              | 0=p_ap_vld                                                           |
+------------+----------+--------+-------+--------+----------------------------------+----------------------------------------------------------------------+

* TOP LEVEL CONTROL
+-----------+------------+-----------+
| Interface | Type       | Ports     |
+-----------+------------+-----------+
| ap_clk    | clock      | ap_clk    |
| ap_rst_n  | reset      | ap_rst_n  |
| interrupt | interrupt  | interrupt |
| ap_ctrl   | ap_ctrl_hs |           |
+-----------+------------+-----------+


================================================================
== SW I/O Information
================================================================
* Top Function Arguments
+----------+-----------+----------+
| Argument | Direction | Datatype |
+----------+-----------+----------+
| a        | in        | pointer  |
| b        | in        | pointer  |
| p        | out       | pointer  |
+----------+-----------+----------+

* SW-to-HW Mapping
+----------+--------------+----------+----------------------------------+
| Argument | HW Interface | HW Type  | HW Info                          |
+----------+--------------+----------+----------------------------------+
| a        | s_axi_CTRL   | register | name=a offset=0x10 range=32      |
| b        | s_axi_CTRL   | register | name=b offset=0x18 range=32      |
| p        | s_axi_CTRL   | register | name=p_1 offset=0x20 range=32    |
| p        | s_axi_CTRL   | register | name=p_2 offset=0x24 range=32    |
| p        | s_axi_CTRL   | register | name=p_ctrl offset=0x28 range=32 |
+----------+--------------+----------+----------------------------------+


================================================================
== Bind Op Report
================================================================
+---------------------------+-----+--------+----------+-----+------+---------+
| Name                      | DSP | Pragma | Variable | Op  | Impl | Latency |
+---------------------------+-----+--------+----------+-----+------+---------+
| + mul32_hls               | 4   |        |          |     |      |         |
|   mul_32ns_32ns_64_1_1_U1 | 4   |        | vp       | mul | auto | 0       |
+---------------------------+-----+--------+----------+-----+------+---------+


================================================================
== Storage Report
================================================================
+----------------+-----------+-----------+------+------+--------+----------+------+---------+------------------+
| Name           | Usage     | Type      | BRAM | URAM | Pragma | Variable | Impl | Latency | Bitwidth, Depth, |
|                |           |           |      |      |        |          |      |         | Banks            |
+----------------+-----------+-----------+------+------+--------+----------+------+---------+------------------+
| + mul32_hls    |           |           | 0    | 0    |        |          |      |         |                  |
|   CTRL_s_axi_U | interface | s_axilite |      |      |        |          |      |         |                  |
+----------------+-----------+-----------+------+------+--------+----------+------+---------+------------------+


================================================================
== Pragma Report
================================================================
* Valid Pragma Syntax
+-----------+-----------------------------------+------------------------------------------+
| Type      | Options                           | Location                                 |
+-----------+-----------------------------------+------------------------------------------+
| interface | s_axilite port=a bundle=CTRL      | mul32bit_hls.cpp:9 in mul32_hls, a       |
| interface | s_axilite port=b bundle=CTRL      | mul32bit_hls.cpp:10 in mul32_hls, b      |
| interface | s_axilite port=p bundle=CTRL      | mul32bit_hls.cpp:11 in mul32_hls, p      |
| interface | s_axilite port=return bundle=CTRL | mul32bit_hls.cpp:12 in mul32_hls, return |
| pipeline  | II=1                              | mul32bit_hls.cpp:14 in mul32_hls         |
+-----------+-----------------------------------+------------------------------------------+


