

================================================================
== Vitis HLS Report for 'mul32_hls'
================================================================
* Date:           Wed Jan 14 17:13:56 2026

* Version:        2024.2 (Build 5238294 on Nov  8 2024)
* Project:        Mul32bit_component_HLS
* Solution:       hls (Vivado IP Flow Target)
* Product family: zynquplus
* Target device:  xczu7ev-ffvc1156-2-e


================================================================
== Performance Estimates
================================================================
+ Timing: 
    * Summary: 
    +--------+----------+----------+------------+
    |  Clock |  Target  | Estimated| Uncertainty|
    +--------+----------+----------+------------+
    |ap_clk  |  10.00 ns|  5.420 ns|     2.70 ns|
    +--------+----------+----------+------------+

+ Latency: 
    * Summary: 
    +---------+---------+----------+----------+-----+-----+---------+
    |  Latency (cycles) |  Latency (absolute) |  Interval | Pipeline|
    |   min   |   max   |    min   |    max   | min | max |   Type  |
    +---------+---------+----------+----------+-----+-----+---------+
    |        0|        0|      0 ns|      0 ns|    1|    1|      yes|
    +---------+---------+----------+----------+-----+-----+---------+

    + Detail: 
        * Instance: 
        N/A

        * Loop: 
        N/A



================================================================
== Utilization Estimates
================================================================
* Summary: 
+-----------------+---------+------+--------+--------+-----+
|       Name      | BRAM_18K|  DSP |   FF   |   LUT  | URAM|
+-----------------+---------+------+--------+--------+-----+
|DSP              |        -|     -|       -|       -|    -|
|Expression       |        -|     -|       -|       -|    -|
|FIFO             |        -|     -|       -|       -|    -|
|Instance         |        0|     4|     182|     316|    0|
|Memory           |        -|     -|       -|       -|    -|
|Multiplexer      |        -|     -|       -|       -|    -|
|Register         |        -|     -|       -|       -|    -|
+-----------------+---------+------+--------+--------+-----+
|Total            |        0|     4|     182|     316|    0|
+-----------------+---------+------+--------+--------+-----+
|Available        |      624|  1728|  460800|  230400|   96|
+-----------------+---------+------+--------+--------+-----+
|Utilization (%)  |        0|    ~0|      ~0|      ~0|    0|
+-----------------+---------+------+--------+--------+-----+

+ Detail: 
    * Instance: 
    +-------------------------+----------------------+---------+----+-----+-----+-----+
    |         Instance        |        Module        | BRAM_18K| DSP|  FF | LUT | URAM|
    +-------------------------+----------------------+---------+----+-----+-----+-----+
    |CTRL_s_axi_U             |CTRL_s_axi            |        0|   0|  182|  296|    0|
    |mul_32ns_32ns_64_1_1_U1  |mul_32ns_32ns_64_1_1  |        0|   4|    0|   20|    0|
    +-------------------------+----------------------+---------+----+-----+-----+-----+
    |Total                    |                      |        0|   4|  182|  316|    0|
    +-------------------------+----------------------+---------+----+-----+-----+-----+

    * DSP: 
    N/A

    * Memory: 
    N/A

    * FIFO: 
    N/A

    * Expression: 
    N/A

    * Multiplexer: 
    N/A

    * Register: 
    N/A



================================================================
== Interface
================================================================
* Summary: 
+--------------------+-----+-----+------------+--------------+--------------+
|      RTL Ports     | Dir | Bits|  Protocol  | Source Object|    C Type    |
+--------------------+-----+-----+------------+--------------+--------------+
|s_axi_CTRL_AWVALID  |   in|    1|       s_axi|          CTRL|       pointer|
|s_axi_CTRL_AWREADY  |  out|    1|       s_axi|          CTRL|       pointer|
|s_axi_CTRL_AWADDR   |   in|    6|       s_axi|          CTRL|       pointer|
|s_axi_CTRL_WVALID   |   in|    1|       s_axi|          CTRL|       pointer|
|s_axi_CTRL_WREADY   |  out|    1|       s_axi|          CTRL|       pointer|
|s_axi_CTRL_WDATA    |   in|   32|       s_axi|          CTRL|       pointer|
|s_axi_CTRL_WSTRB    |   in|    4|       s_axi|          CTRL|       pointer|
|s_axi_CTRL_ARVALID  |   in|    1|       s_axi|          CTRL|       pointer|
|s_axi_CTRL_ARREADY  |  out|    1|       s_axi|          CTRL|       pointer|
|s_axi_CTRL_ARADDR   |   in|    6|       s_axi|          CTRL|       pointer|
|s_axi_CTRL_RVALID   |  out|    1|       s_axi|          CTRL|       pointer|
|s_axi_CTRL_RREADY   |   in|    1|       s_axi|          CTRL|       pointer|
|s_axi_CTRL_RDATA    |  out|   32|       s_axi|          CTRL|       pointer|
|s_axi_CTRL_RRESP    |  out|    2|       s_axi|          CTRL|       pointer|
|s_axi_CTRL_BVALID   |  out|    1|       s_axi|          CTRL|       pointer|
|s_axi_CTRL_BREADY   |   in|    1|       s_axi|          CTRL|       pointer|
|s_axi_CTRL_BRESP    |  out|    2|       s_axi|          CTRL|       pointer|
|ap_clk              |   in|    1|  ap_ctrl_hs|     mul32_hls|  return value|
|ap_rst_n            |   in|    1|  ap_ctrl_hs|     mul32_hls|  return value|
|interrupt           |  out|    1|  ap_ctrl_hs|     mul32_hls|  return value|
+--------------------+-----+-----+------------+--------------+--------------+

