

================================================================
== Vitis HLS Report for 'dct'
================================================================
* Date:           Mon Dec  1 15:43:48 2025

* Version:        2024.2 (Build 5238294 on Nov  8 2024)
* Project:        dct
* Solution:       hls (Vivado IP Flow Target)
* Product family: zynq
* Target device:  xc7z020-clg400-1


================================================================
== Performance Estimates
================================================================
+ Timing: 
    * Summary: 
    +--------+----------+----------+------------+
    |  Clock |  Target  | Estimated| Uncertainty|
    +--------+----------+----------+------------+
    |ap_clk  |  10.00 ns|  6.508 ns|     2.70 ns|
    +--------+----------+----------+------------+

+ Latency: 
    * Summary: 
    +---------+---------+-----------+-----------+------+------+---------+
    |  Latency (cycles) |   Latency (absolute)  |   Interval  | Pipeline|
    |   min   |   max   |    min    |    max    |  min |  max |   Type  |
    +---------+---------+-----------+-----------+------+------+---------+
    |     5914|     5914|  59.140 us|  59.140 us|  5915|  5915|       no|
    +---------+---------+-----------+-----------+------+------+---------+

    + Detail: 
        * Instance: 
        +-------------------------------------------------+--------------------------------------+---------+---------+----------+----------+-----+-----+------------------------------------------------+
        |                                                 |                                      |  Latency (cycles) |  Latency (absolute) |  Interval |                    Pipeline                    |
        |                     Instance                    |                Module                |   min   |   max   |    min   |    max   | min | max |                      Type                      |
        +-------------------------------------------------+--------------------------------------+---------+---------+----------+----------+-----+-----+------------------------------------------------+
        |grp_dct_Pipeline_WR_Loop_Row_WR_Loop_Col_fu_340  |dct_Pipeline_WR_Loop_Row_WR_Loop_Col  |       68|       68|  0.680 us|  0.680 us|   65|   65|  loop auto-rewind stp (delay=0 clock cycles(s))|
        +-------------------------------------------------+--------------------------------------+---------+---------+----------+----------+-----+-----+------------------------------------------------+

        * Loop: 
        +-------------------------+---------+---------+----------+-----------+-----------+------+----------+
        |                         |  Latency (cycles) | Iteration|  Initiation Interval  | Trip |          |
        |        Loop Name        |   min   |   max   |  Latency |  achieved |   target  | Count| Pipelined|
        +-------------------------+---------+---------+----------+-----------+-----------+------+----------+
        |- RD_Loop_Row            |      144|      144|        18|          -|          -|     8|        no|
        | + RD_Loop_Col           |       16|       16|         2|          -|          -|     8|        no|
        |- Row_DCT_Loop           |     2704|     2704|       338|          -|          -|     8|        no|
        | + DCT_Outer_Loop        |      336|      336|        42|          -|          -|     8|        no|
        |  ++ DCT_Inner_Loop      |       40|       40|         5|          -|          -|     8|        no|
        |- Xpose_Row_Outer_Loop   |      144|      144|        18|          -|          -|     8|        no|
        | + Xpose_Row_Inner_Loop  |       16|       16|         2|          -|          -|     8|        no|
        |- Col_DCT_Loop           |     2704|     2704|       338|          -|          -|     8|        no|
        | + DCT_Outer_Loop        |      336|      336|        42|          -|          -|     8|        no|
        |  ++ DCT_Inner_Loop      |       40|       40|         5|          -|          -|     8|        no|
        |- Xpose_Col_Outer_Loop   |      144|      144|        18|          -|          -|     8|        no|
        | + Xpose_Col_Inner_Loop  |       16|       16|         2|          -|          -|     8|        no|
        +-------------------------+---------+---------+----------+-----------+-----------+------+----------+



================================================================
== Utilization Estimates
================================================================
* Summary: 
+-----------------+---------+-----+--------+-------+-----+
|       Name      | BRAM_18K| DSP |   FF   |  LUT  | URAM|
+-----------------+---------+-----+--------+-------+-----+
|DSP              |        -|    2|       -|      -|    -|
|Expression       |        -|    -|       0|    538|    -|
|FIFO             |        -|    -|       -|      -|    -|
|Instance         |        -|    -|      34|    146|    -|
|Memory           |        5|    -|      15|     15|    0|
|Multiplexer      |        -|    -|       0|    331|    -|
|Register         |        -|    -|     245|      -|    -|
+-----------------+---------+-----+--------+-------+-----+
|Total            |        5|    2|     294|   1030|    0|
+-----------------+---------+-----+--------+-------+-----+
|Available        |      280|  220|  106400|  53200|    0|
+-----------------+---------+-----+--------+-------+-----+
|Utilization (%)  |        1|   ~0|      ~0|      1|    0|
+-----------------+---------+-----+--------+-------+-----+

+ Detail: 
    * Instance: 
    +-------------------------------------------------+--------------------------------------+---------+----+----+-----+-----+
    |                     Instance                    |                Module                | BRAM_18K| DSP| FF | LUT | URAM|
    +-------------------------------------------------+--------------------------------------+---------+----+----+-----+-----+
    |grp_dct_Pipeline_WR_Loop_Row_WR_Loop_Col_fu_340  |dct_Pipeline_WR_Loop_Row_WR_Loop_Col  |        0|   0|  34|  146|    0|
    +-------------------------------------------------+--------------------------------------+---------+----+----+-----+-----+
    |Total                                            |                                      |        0|   0|  34|  146|    0|
    +-------------------------------------------------+--------------------------------------+---------+----+----+-----+-----+

    * DSP: 
    +----------------------------------+-------------------------------+--------------+
    |             Instance             |             Module            |  Expression  |
    +----------------------------------+-------------------------------+--------------+
    |mac_muladd_16s_15s_32s_32_4_1_U3  |mac_muladd_16s_15s_32s_32_4_1  |  i0 * i1 + i2|
    |mac_muladd_16s_15s_32s_32_4_1_U4  |mac_muladd_16s_15s_32s_32_4_1  |  i0 * i1 + i2|
    +----------------------------------+-------------------------------+--------------+

    * Memory: 
    +-------------------+-----------------------------+---------+----+----+-----+------+-----+------+-------------+
    |       Memory      |            Module           | BRAM_18K| FF | LUT| URAM| Words| Bits| Banks| W*Bits*Banks|
    +-------------------+-----------------------------+---------+----+----+-----+------+-----+------+-------------+
    |dct_coeff_table_U  |dct_coeff_table_ROM_AUTO_1R  |        0|  15|  15|    0|    64|   15|     1|          960|
    |row_outbuf_U       |row_outbuf_RAM_AUTO_1R1W     |        1|   0|   0|    0|    64|   16|     1|         1024|
    |col_outbuf_U       |row_outbuf_RAM_AUTO_1R1W     |        1|   0|   0|    0|    64|   16|     1|         1024|
    |col_inbuf_U        |row_outbuf_RAM_AUTO_1R1W     |        1|   0|   0|    0|    64|   16|     1|         1024|
    |buf_2d_in_U        |row_outbuf_RAM_AUTO_1R1W     |        1|   0|   0|    0|    64|   16|     1|         1024|
    |buf_2d_out_U       |row_outbuf_RAM_AUTO_1R1W     |        1|   0|   0|    0|    64|   16|     1|         1024|
    +-------------------+-----------------------------+---------+----+----+-----+------+-----+------+-------------+
    |Total              |                             |        5|  15|  15|    0|   384|   95|     6|         6080|
    +-------------------+-----------------------------+---------+----+----+-----+------+-----+------+-------------+

    * FIFO: 
    N/A

    * Expression: 
    +-----------------------+----------+----+---+----+------------+------------+
    |     Variable Name     | Operation| DSP| FF| LUT| Bitwidth P0| Bitwidth P1|
    +-----------------------+----------+----+---+----+------------+------------+
    |add_ln39_1_fu_678_p2   |         +|   0|  0|  13|           4|           1|
    |add_ln39_fu_452_p2     |         +|   0|  0|  13|           4|           1|
    |add_ln41_1_fu_720_p2   |         +|   0|  0|  13|           4|           1|
    |add_ln41_fu_494_p2     |         +|   0|  0|  13|           4|           1|
    |add_ln43_1_fu_730_p2   |         +|   0|  0|  14|           6|           6|
    |add_ln43_fu_504_p2     |         +|   0|  0|  14|           6|           6|
    |add_ln44_2_fu_740_p2   |         +|   0|  0|  14|           6|           6|
    |add_ln44_fu_514_p2     |         +|   0|  0|  14|           6|           6|
    |add_ln46_1_fu_754_p2   |         +|   0|  0|  36|          29|          13|
    |add_ln46_2_fu_474_p2   |         +|   0|  0|  14|           6|           6|
    |add_ln46_3_fu_700_p2   |         +|   0|  0|  14|           6|           6|
    |add_ln46_fu_528_p2     |         +|   0|  0|  36|          29|          13|
    |add_ln59_fu_423_p2     |         +|   0|  0|  13|           4|           1|
    |add_ln64_fu_562_p2     |         +|   0|  0|  13|           4|           1|
    |add_ln68_fu_595_p2     |         +|   0|  0|  13|           4|           1|
    |add_ln69_1_fu_627_p2   |         +|   0|  0|  14|           6|           6|
    |add_ln69_fu_617_p2     |         +|   0|  0|  14|           6|           6|
    |add_ln72_fu_649_p2     |         +|   0|  0|  13|           4|           1|
    |add_ln77_fu_788_p2     |         +|   0|  0|  13|           4|           1|
    |add_ln79_fu_816_p2     |         +|   0|  0|  13|           4|           1|
    |add_ln80_1_fu_848_p2   |         +|   0|  0|  14|           6|           6|
    |add_ln80_fu_838_p2     |         +|   0|  0|  14|           6|           6|
    |add_ln88_fu_361_p2     |         +|   0|  0|  13|           4|           1|
    |add_ln90_fu_390_p2     |         +|   0|  0|  13|           4|           1|
    |add_ln91_fu_400_p2     |         +|   0|  0|  14|           6|           6|
    |icmp_ln39_1_fu_672_p2  |      icmp|   0|  0|  13|           4|           5|
    |icmp_ln39_fu_446_p2    |      icmp|   0|  0|  13|           4|           5|
    |icmp_ln41_1_fu_714_p2  |      icmp|   0|  0|  13|           4|           5|
    |icmp_ln41_fu_488_p2    |      icmp|   0|  0|  13|           4|           5|
    |icmp_ln59_fu_417_p2    |      icmp|   0|  0|  13|           4|           5|
    |icmp_ln64_fu_556_p2    |      icmp|   0|  0|  13|           4|           5|
    |icmp_ln68_fu_589_p2    |      icmp|   0|  0|  13|           4|           5|
    |icmp_ln72_fu_643_p2    |      icmp|   0|  0|  13|           4|           5|
    |icmp_ln77_fu_782_p2    |      icmp|   0|  0|  13|           4|           5|
    |icmp_ln79_fu_810_p2    |      icmp|   0|  0|  13|           4|           5|
    |icmp_ln88_fu_355_p2    |      icmp|   0|  0|  13|           4|           5|
    |icmp_ln90_fu_384_p2    |      icmp|   0|  0|  13|           4|           5|
    +-----------------------+----------+----+---+----+------------+------------+
    |Total                  |          |   0|  0| 538|         220|         164|
    +-----------------------+----------+----+---+----+------------+------------+

    * Multiplexer: 
    +--------------------------------+-----+-----------+-----+-----------+
    |              Name              | LUT | Input Size| Bits| Total Bits|
    +--------------------------------+-----+-----------+-----+-----------+
    |ap_NS_fsm                       |  117|         26|    1|         26|
    |buf_2d_in_address0_local        |   14|          3|    6|         18|
    |buf_2d_out_address0             |    9|          2|    6|         12|
    |buf_2d_out_ce0                  |    9|          2|    1|          2|
    |c_reg_239                       |    9|          2|    4|          8|
    |col_inbuf_address0_local        |   14|          3|    6|         18|
    |col_outbuf_address0_local       |   14|          3|    6|         18|
    |dct_coeff_table_address0_local  |   14|          3|    6|         18|
    |i_1_fu_108                      |    9|          2|    4|          8|
    |i_2_reg_284                     |    9|          2|    4|          8|
    |i_3_reg_329                     |    9|          2|    4|          8|
    |i_fu_100                        |    9|          2|    4|          8|
    |j_1_fu_112                      |    9|          2|    4|          8|
    |j_fu_104                        |    9|          2|    4|          8|
    |k_1_reg_295                     |    9|          2|    4|          8|
    |k_reg_250                       |    9|          2|    4|          8|
    |n_1_reg_306                     |    9|          2|    4|          8|
    |n_reg_261                       |    9|          2|    4|          8|
    |r_fu_76                         |    9|          2|    4|          8|
    |row_outbuf_address0_local       |   14|          3|    6|         18|
    |tmp_2_reg_317                   |    9|          2|   32|         64|
    |tmp_reg_272                     |    9|          2|   32|         64|
    +--------------------------------+-----+-----------+-----+-----------+
    |Total                           |  331|         73|  150|        354|
    +--------------------------------+-----+-----------+-----+-----------+

    * Register: 
    +--------------------------------------------------------------+----+----+-----+-----------+
    |                             Name                             | FF | LUT| Bits| Const Bits|
    +--------------------------------------------------------------+----+----+-----+-----------+
    |add_ln39_1_reg_1061                                           |   4|   0|    4|          0|
    |add_ln39_reg_946                                              |   4|   0|    4|          0|
    |add_ln41_1_reg_1079                                           |   4|   0|    4|          0|
    |add_ln41_reg_964                                              |   4|   0|    4|          0|
    |add_ln59_reg_925                                              |   4|   0|    4|          0|
    |add_ln64_reg_997                                              |   4|   0|    4|          0|
    |add_ln68_reg_1022                                             |   4|   0|    4|          0|
    |add_ln69_1_reg_1032                                           |   6|   0|    6|          0|
    |add_ln72_reg_1040                                             |   4|   0|    4|          0|
    |add_ln77_reg_1112                                             |   4|   0|    4|          0|
    |add_ln79_reg_1130                                             |   4|   0|    4|          0|
    |add_ln80_1_reg_1140                                           |   6|   0|    6|          0|
    |add_ln88_reg_887                                              |   4|   0|    4|          0|
    |add_ln90_reg_907                                              |   4|   0|    4|          0|
    |ap_CS_fsm                                                     |  25|   0|   25|          0|
    |c_reg_239                                                     |   4|   0|    4|          0|
    |col_outbuf_addr_1_reg_1071                                    |   6|   0|    6|          0|
    |grp_dct_Pipeline_WR_Loop_Row_WR_Loop_Col_fu_340_ap_start_reg  |   1|   0|    1|          0|
    |i_1_fu_108                                                    |   4|   0|    4|          0|
    |i_2_reg_284                                                   |   4|   0|    4|          0|
    |i_3_reg_329                                                   |   4|   0|    4|          0|
    |i_fu_100                                                      |   4|   0|    4|          0|
    |j_1_fu_112                                                    |   4|   0|    4|          0|
    |j_fu_104                                                      |   4|   0|    4|          0|
    |k_1_reg_295                                                   |   4|   0|    4|          0|
    |k_reg_250                                                     |   4|   0|    4|          0|
    |n_1_reg_306                                                   |   4|   0|    4|          0|
    |n_reg_261                                                     |   4|   0|    4|          0|
    |r_fu_76                                                       |   4|   0|    4|          0|
    |row_outbuf_addr_1_reg_956                                     |   6|   0|    6|          0|
    |tmp_2_reg_317                                                 |  32|   0|   32|          0|
    |tmp_4_reg_892                                                 |   3|   0|    6|          3|
    |tmp_5_reg_1122                                                |   3|   0|    6|          3|
    |tmp_6_reg_1066                                                |   3|   0|    6|          3|
    |tmp_7_reg_930                                                 |   3|   0|    6|          3|
    |tmp_8_reg_1007                                                |   3|   0|    6|          3|
    |tmp_9_reg_951                                                 |   3|   0|    6|          3|
    |tmp_reg_272                                                   |  32|   0|   32|          0|
    |tmp_s_reg_1045                                                |   3|   0|    6|          3|
    |zext_ln69_reg_1002                                            |   4|   0|    6|          2|
    |zext_ln80_reg_1117                                            |   4|   0|    6|          2|
    |zext_ln91_1_reg_912                                           |   6|   0|   64|         58|
    +--------------------------------------------------------------+----+----+-----+-----------+
    |Total                                                         | 245|   0|  328|         83|
    +--------------------------------------------------------------+----+----+-----+-----------+



================================================================
== Interface
================================================================
* Summary: 
+-------------------+-----+-----+------------+--------------+--------------+
|     RTL Ports     | Dir | Bits|  Protocol  | Source Object|    C Type    |
+-------------------+-----+-----+------------+--------------+--------------+
|ap_clk             |   in|    1|  ap_ctrl_hs|           dct|  return value|
|ap_rst             |   in|    1|  ap_ctrl_hs|           dct|  return value|
|ap_start           |   in|    1|  ap_ctrl_hs|           dct|  return value|
|ap_done            |  out|    1|  ap_ctrl_hs|           dct|  return value|
|ap_idle            |  out|    1|  ap_ctrl_hs|           dct|  return value|
|ap_ready           |  out|    1|  ap_ctrl_hs|           dct|  return value|
|input_r_address0   |  out|    6|   ap_memory|       input_r|         array|
|input_r_ce0        |  out|    1|   ap_memory|       input_r|         array|
|input_r_q0         |   in|   16|   ap_memory|       input_r|         array|
|output_r_address0  |  out|    6|   ap_memory|      output_r|         array|
|output_r_ce0       |  out|    1|   ap_memory|      output_r|         array|
|output_r_we0       |  out|    1|   ap_memory|      output_r|         array|
|output_r_d0        |  out|   16|   ap_memory|      output_r|         array|
+-------------------+-----+-----+------------+--------------+--------------+

