

================================================================
== Vitis HLS Report for 'Conv3x3_Kernel_16_16_16_half_Pipeline_PREFETCH_NEXT_INPUT_ROW'
================================================================
* Date:           Tue Apr 14 09:39:17 2026

* Version:        2024.2 (Build 5238294 on Nov  8 2024)
* Project:        prj
* Solution:       solution1 (Vitis Kernel Flow Target)
* Product family: zynquplus
* Target device:  xczu7ev-ffvc1156-2-e


================================================================
== Performance Estimates
================================================================
+ Timing: 
    * Summary: 
    +--------+---------+----------+------------+
    |  Clock |  Target | Estimated| Uncertainty|
    +--------+---------+----------+------------+
    |ap_clk  |  3.33 ns|  2.433 ns|     0.90 ns|
    +--------+---------+----------+------------+

+ Latency: 
    * Summary: 
    +---------+---------+-----------+-----------+-----+-----+------------------------------------------------+
    |  Latency (cycles) |   Latency (absolute)  |  Interval |                    Pipeline                    |
    |   min   |   max   |    min    |    max    | min | max |                      Type                      |
    +---------+---------+-----------+-----------+-----+-----+------------------------------------------------+
    |       19|       19|  63.327 ns|  63.327 ns|   17|   17|  loop auto-rewind stp (delay=0 clock cycles(s))|
    +---------+---------+-----------+-----------+-----+-----+------------------------------------------------+

    + Detail: 
        * Instance: 
        N/A

        * Loop: 
        +---------------------------+---------+---------+----------+-----------+-----------+------+----------+
        |                           |  Latency (cycles) | Iteration|  Initiation Interval  | Trip |          |
        |         Loop Name         |   min   |   max   |  Latency |  achieved |   target  | Count| Pipelined|
        +---------------------------+---------+---------+----------+-----------+-----------+------+----------+
        |- PREFETCH_NEXT_INPUT_ROW  |       17|       17|         3|          1|          1|    16|       yes|
        +---------------------------+---------+---------+----------+-----------+-----------+------+----------+



================================================================
== Utilization Estimates
================================================================
* Summary: 
+-----------------+---------+------+--------+--------+-----+
|       Name      | BRAM_18K|  DSP |   FF   |   LUT  | URAM|
+-----------------+---------+------+--------+--------+-----+
|DSP              |        -|     -|       -|       -|    -|
|Expression       |        -|     -|       0|      33|    -|
|FIFO             |        -|     -|       -|       -|    -|
|Instance         |        -|     -|       -|       -|    -|
|Memory           |        -|     -|       -|       -|    -|
|Multiplexer      |        -|     -|       0|      68|    -|
|Register         |        -|     -|     792|       -|    -|
+-----------------+---------+------+--------+--------+-----+
|Total            |        0|     0|     792|     101|    0|
+-----------------+---------+------+--------+--------+-----+
|Available        |      624|  1728|  460800|  230400|   96|
+-----------------+---------+------+--------+--------+-----+
|Utilization (%)  |        0|     0|      ~0|      ~0|    0|
+-----------------+---------+------+--------+--------+-----+

+ Detail: 
    * Instance: 
    N/A

    * DSP: 
    N/A

    * Memory: 
    N/A

    * FIFO: 
    N/A

    * Expression: 
    +---------------------------------------+----------+----+---+----+------------+------------+
    |             Variable Name             | Operation| DSP| FF| LUT| Bitwidth P0| Bitwidth P1|
    +---------------------------------------+----------+----+---+----+------------+------------+
    |add_ln138_fu_461_p2                    |         +|   0|  0|  12|           5|           1|
    |ap_block_pp0_stage0_11001              |       and|   0|  0|   2|           1|           1|
    |ap_block_state2_pp0_stage0_iter1_grp1  |       and|   0|  0|   2|           1|           1|
    |ap_predicate_op41_read_state2          |       and|   0|  0|   2|           1|           1|
    |icmp_ln138_fu_455_p2                   |      icmp|   0|  0|  13|           5|           6|
    |ap_enable_pp0                          |       xor|   0|  0|   2|           1|           2|
    +---------------------------------------+----------+----+---+----+------------+------------+
    |Total                                  |          |   0|  0|  33|          14|          12|
    +---------------------------------------+----------+----+---+----+------------+------------+

    * Multiplexer: 
    +--------------------------------+----+-----------+-----+-----------+
    |              Name              | LUT| Input Size| Bits| Total Bits|
    +--------------------------------+----+-----------+-----+-----------+
    |ap_done_int                     |   9|          2|    1|          2|
    |ap_enable_reg_pp0_iter1         |   9|          2|    1|          2|
    |ap_phi_mux_empty_phi_fu_428_p4  |  14|          3|  512|       1536|
    |ap_sig_allocacmp_i_1            |   9|          2|    5|         10|
    |gmem_X_blk_n_R                  |   9|          2|    1|          2|
    |i_fu_132                        |   9|          2|    5|         10|
    |shiftreg3_i_fu_128              |   9|          2|  256|        512|
    +--------------------------------+----+-----------+-----+-----------+
    |Total                           |  68|         15|  781|       2074|
    +--------------------------------+----+-----------+-----+-----------+

    * Register: 
    +-------------------------------------+-----+----+-----+-----------+
    |                 Name                |  FF | LUT| Bits| Const Bits|
    +-------------------------------------+-----+----+-----+-----------+
    |ap_CS_fsm                            |    1|   0|    1|          0|
    |ap_done_reg                          |    1|   0|    1|          0|
    |ap_enable_reg_pp0_iter1              |    1|   0|    1|          0|
    |ap_enable_reg_pp0_iter2              |    1|   0|    1|          0|
    |ap_loop_exit_ready_pp0_iter1_reg     |    1|   0|    1|          0|
    |gmem_X_addr_read_reg_580             |  512|   0|  512|          0|
    |i_fu_132                             |    5|   0|    5|          0|
    |icmp_ln138_reg_568                   |    1|   0|    1|          0|
    |icmp_ln138_reg_568_pp0_iter1_reg     |    1|   0|    1|          0|
    |idxprom223_i1_cast_reg_548           |    2|   0|   64|         62|
    |shiftreg3_i_fu_128                   |  256|   0|  256|          0|
    |trunc_ln138_1_reg_576                |    1|   0|    1|          0|
    |trunc_ln138_1_reg_576_pp0_iter1_reg  |    1|   0|    1|          0|
    |trunc_ln138_reg_572                  |    4|   0|    4|          0|
    |trunc_ln138_reg_572_pp0_iter1_reg    |    4|   0|    4|          0|
    +-------------------------------------+-----+----+-----+-----------+
    |Total                                |  792|   0|  854|         62|
    +-------------------------------------+-----+----+-----+-----------+



================================================================
== Interface
================================================================
* Summary: 
+-------------------------+-----+-----+------------+-------------------------------------------------------------------+--------------+
|        RTL Ports        | Dir | Bits|  Protocol  |                           Source Object                           |    C Type    |
+-------------------------+-----+-----+------------+-------------------------------------------------------------------+--------------+
|ap_clk                   |   in|    1|  ap_ctrl_hs|  Conv3x3_Kernel<16, 16, 16, half>_Pipeline_PREFETCH_NEXT_INPUT_ROW|  return value|
|ap_rst                   |   in|    1|  ap_ctrl_hs|  Conv3x3_Kernel<16, 16, 16, half>_Pipeline_PREFETCH_NEXT_INPUT_ROW|  return value|
|ap_start                 |   in|    1|  ap_ctrl_hs|  Conv3x3_Kernel<16, 16, 16, half>_Pipeline_PREFETCH_NEXT_INPUT_ROW|  return value|
|ap_done                  |  out|    1|  ap_ctrl_hs|  Conv3x3_Kernel<16, 16, 16, half>_Pipeline_PREFETCH_NEXT_INPUT_ROW|  return value|
|ap_idle                  |  out|    1|  ap_ctrl_hs|  Conv3x3_Kernel<16, 16, 16, half>_Pipeline_PREFETCH_NEXT_INPUT_ROW|  return value|
|ap_ready                 |  out|    1|  ap_ctrl_hs|  Conv3x3_Kernel<16, 16, 16, half>_Pipeline_PREFETCH_NEXT_INPUT_ROW|  return value|
|m_axi_gmem_X_0_AWVALID   |  out|    1|       m_axi|                                                             gmem_X|       pointer|
|m_axi_gmem_X_0_AWREADY   |   in|    1|       m_axi|                                                             gmem_X|       pointer|
|m_axi_gmem_X_0_AWADDR    |  out|   64|       m_axi|                                                             gmem_X|       pointer|
|m_axi_gmem_X_0_AWID      |  out|    1|       m_axi|                                                             gmem_X|       pointer|
|m_axi_gmem_X_0_AWLEN     |  out|   32|       m_axi|                                                             gmem_X|       pointer|
|m_axi_gmem_X_0_AWSIZE    |  out|    3|       m_axi|                                                             gmem_X|       pointer|
|m_axi_gmem_X_0_AWBURST   |  out|    2|       m_axi|                                                             gmem_X|       pointer|
|m_axi_gmem_X_0_AWLOCK    |  out|    2|       m_axi|                                                             gmem_X|       pointer|
|m_axi_gmem_X_0_AWCACHE   |  out|    4|       m_axi|                                                             gmem_X|       pointer|
|m_axi_gmem_X_0_AWPROT    |  out|    3|       m_axi|                                                             gmem_X|       pointer|
|m_axi_gmem_X_0_AWQOS     |  out|    4|       m_axi|                                                             gmem_X|       pointer|
|m_axi_gmem_X_0_AWREGION  |  out|    4|       m_axi|                                                             gmem_X|       pointer|
|m_axi_gmem_X_0_AWUSER    |  out|    1|       m_axi|                                                             gmem_X|       pointer|
|m_axi_gmem_X_0_WVALID    |  out|    1|       m_axi|                                                             gmem_X|       pointer|
|m_axi_gmem_X_0_WREADY    |   in|    1|       m_axi|                                                             gmem_X|       pointer|
|m_axi_gmem_X_0_WDATA     |  out|  512|       m_axi|                                                             gmem_X|       pointer|
|m_axi_gmem_X_0_WSTRB     |  out|   64|       m_axi|                                                             gmem_X|       pointer|
|m_axi_gmem_X_0_WLAST     |  out|    1|       m_axi|                                                             gmem_X|       pointer|
|m_axi_gmem_X_0_WID       |  out|    1|       m_axi|                                                             gmem_X|       pointer|
|m_axi_gmem_X_0_WUSER     |  out|    1|       m_axi|                                                             gmem_X|       pointer|
|m_axi_gmem_X_0_ARVALID   |  out|    1|       m_axi|                                                             gmem_X|       pointer|
|m_axi_gmem_X_0_ARREADY   |   in|    1|       m_axi|                                                             gmem_X|       pointer|
|m_axi_gmem_X_0_ARADDR    |  out|   64|       m_axi|                                                             gmem_X|       pointer|
|m_axi_gmem_X_0_ARID      |  out|    1|       m_axi|                                                             gmem_X|       pointer|
|m_axi_gmem_X_0_ARLEN     |  out|   32|       m_axi|                                                             gmem_X|       pointer|
|m_axi_gmem_X_0_ARSIZE    |  out|    3|       m_axi|                                                             gmem_X|       pointer|
|m_axi_gmem_X_0_ARBURST   |  out|    2|       m_axi|                                                             gmem_X|       pointer|
|m_axi_gmem_X_0_ARLOCK    |  out|    2|       m_axi|                                                             gmem_X|       pointer|
|m_axi_gmem_X_0_ARCACHE   |  out|    4|       m_axi|                                                             gmem_X|       pointer|
|m_axi_gmem_X_0_ARPROT    |  out|    3|       m_axi|                                                             gmem_X|       pointer|
|m_axi_gmem_X_0_ARQOS     |  out|    4|       m_axi|                                                             gmem_X|       pointer|
|m_axi_gmem_X_0_ARREGION  |  out|    4|       m_axi|                                                             gmem_X|       pointer|
|m_axi_gmem_X_0_ARUSER    |  out|    1|       m_axi|                                                             gmem_X|       pointer|
|m_axi_gmem_X_0_RVALID    |   in|    1|       m_axi|                                                             gmem_X|       pointer|
|m_axi_gmem_X_0_RREADY    |  out|    1|       m_axi|                                                             gmem_X|       pointer|
|m_axi_gmem_X_0_RDATA     |   in|  512|       m_axi|                                                             gmem_X|       pointer|
|m_axi_gmem_X_0_RLAST     |   in|    1|       m_axi|                                                             gmem_X|       pointer|
|m_axi_gmem_X_0_RID       |   in|    1|       m_axi|                                                             gmem_X|       pointer|
|m_axi_gmem_X_0_RFIFONUM  |   in|   13|       m_axi|                                                             gmem_X|       pointer|
|m_axi_gmem_X_0_RUSER     |   in|    1|       m_axi|                                                             gmem_X|       pointer|
|m_axi_gmem_X_0_RRESP     |   in|    2|       m_axi|                                                             gmem_X|       pointer|
|m_axi_gmem_X_0_BVALID    |   in|    1|       m_axi|                                                             gmem_X|       pointer|
|m_axi_gmem_X_0_BREADY    |  out|    1|       m_axi|                                                             gmem_X|       pointer|
|m_axi_gmem_X_0_BRESP     |   in|    2|       m_axi|                                                             gmem_X|       pointer|
|m_axi_gmem_X_0_BID       |   in|    1|       m_axi|                                                             gmem_X|       pointer|
|m_axi_gmem_X_0_BUSER     |   in|    1|       m_axi|                                                             gmem_X|       pointer|
|x_buf_256_0_address1     |  out|    2|   ap_memory|                                                        x_buf_256_0|         array|
|x_buf_256_0_ce1          |  out|    1|   ap_memory|                                                        x_buf_256_0|         array|
|x_buf_256_0_we1          |  out|    1|   ap_memory|                                                        x_buf_256_0|         array|
|x_buf_256_0_d1           |  out|  256|   ap_memory|                                                        x_buf_256_0|         array|
|idxprom223_i1            |   in|    2|     ap_none|                                                      idxprom223_i1|        scalar|
|sext_ln138               |   in|   58|     ap_none|                                                         sext_ln138|        scalar|
|x_buf_256_1_address1     |  out|    2|   ap_memory|                                                        x_buf_256_1|         array|
|x_buf_256_1_ce1          |  out|    1|   ap_memory|                                                        x_buf_256_1|         array|
|x_buf_256_1_we1          |  out|    1|   ap_memory|                                                        x_buf_256_1|         array|
|x_buf_256_1_d1           |  out|  256|   ap_memory|                                                        x_buf_256_1|         array|
|x_buf_256_2_address1     |  out|    2|   ap_memory|                                                        x_buf_256_2|         array|
|x_buf_256_2_ce1          |  out|    1|   ap_memory|                                                        x_buf_256_2|         array|
|x_buf_256_2_we1          |  out|    1|   ap_memory|                                                        x_buf_256_2|         array|
|x_buf_256_2_d1           |  out|  256|   ap_memory|                                                        x_buf_256_2|         array|
|x_buf_256_3_address1     |  out|    2|   ap_memory|                                                        x_buf_256_3|         array|
|x_buf_256_3_ce1          |  out|    1|   ap_memory|                                                        x_buf_256_3|         array|
|x_buf_256_3_we1          |  out|    1|   ap_memory|                                                        x_buf_256_3|         array|
|x_buf_256_3_d1           |  out|  256|   ap_memory|                                                        x_buf_256_3|         array|
|x_buf_256_4_address1     |  out|    2|   ap_memory|                                                        x_buf_256_4|         array|
|x_buf_256_4_ce1          |  out|    1|   ap_memory|                                                        x_buf_256_4|         array|
|x_buf_256_4_we1          |  out|    1|   ap_memory|                                                        x_buf_256_4|         array|
|x_buf_256_4_d1           |  out|  256|   ap_memory|                                                        x_buf_256_4|         array|
|x_buf_256_5_address1     |  out|    2|   ap_memory|                                                        x_buf_256_5|         array|
|x_buf_256_5_ce1          |  out|    1|   ap_memory|                                                        x_buf_256_5|         array|
|x_buf_256_5_we1          |  out|    1|   ap_memory|                                                        x_buf_256_5|         array|
|x_buf_256_5_d1           |  out|  256|   ap_memory|                                                        x_buf_256_5|         array|
|x_buf_256_6_address1     |  out|    2|   ap_memory|                                                        x_buf_256_6|         array|
|x_buf_256_6_ce1          |  out|    1|   ap_memory|                                                        x_buf_256_6|         array|
|x_buf_256_6_we1          |  out|    1|   ap_memory|                                                        x_buf_256_6|         array|
|x_buf_256_6_d1           |  out|  256|   ap_memory|                                                        x_buf_256_6|         array|
|x_buf_256_7_address1     |  out|    2|   ap_memory|                                                        x_buf_256_7|         array|
|x_buf_256_7_ce1          |  out|    1|   ap_memory|                                                        x_buf_256_7|         array|
|x_buf_256_7_we1          |  out|    1|   ap_memory|                                                        x_buf_256_7|         array|
|x_buf_256_7_d1           |  out|  256|   ap_memory|                                                        x_buf_256_7|         array|
|x_buf_256_8_address1     |  out|    2|   ap_memory|                                                        x_buf_256_8|         array|
|x_buf_256_8_ce1          |  out|    1|   ap_memory|                                                        x_buf_256_8|         array|
|x_buf_256_8_we1          |  out|    1|   ap_memory|                                                        x_buf_256_8|         array|
|x_buf_256_8_d1           |  out|  256|   ap_memory|                                                        x_buf_256_8|         array|
|x_buf_256_9_address1     |  out|    2|   ap_memory|                                                        x_buf_256_9|         array|
|x_buf_256_9_ce1          |  out|    1|   ap_memory|                                                        x_buf_256_9|         array|
|x_buf_256_9_we1          |  out|    1|   ap_memory|                                                        x_buf_256_9|         array|
|x_buf_256_9_d1           |  out|  256|   ap_memory|                                                        x_buf_256_9|         array|
|x_buf_256_10_address1    |  out|    2|   ap_memory|                                                       x_buf_256_10|         array|
|x_buf_256_10_ce1         |  out|    1|   ap_memory|                                                       x_buf_256_10|         array|
|x_buf_256_10_we1         |  out|    1|   ap_memory|                                                       x_buf_256_10|         array|
|x_buf_256_10_d1          |  out|  256|   ap_memory|                                                       x_buf_256_10|         array|
|x_buf_256_11_address1    |  out|    2|   ap_memory|                                                       x_buf_256_11|         array|
|x_buf_256_11_ce1         |  out|    1|   ap_memory|                                                       x_buf_256_11|         array|
|x_buf_256_11_we1         |  out|    1|   ap_memory|                                                       x_buf_256_11|         array|
|x_buf_256_11_d1          |  out|  256|   ap_memory|                                                       x_buf_256_11|         array|
|x_buf_256_12_address1    |  out|    2|   ap_memory|                                                       x_buf_256_12|         array|
|x_buf_256_12_ce1         |  out|    1|   ap_memory|                                                       x_buf_256_12|         array|
|x_buf_256_12_we1         |  out|    1|   ap_memory|                                                       x_buf_256_12|         array|
|x_buf_256_12_d1          |  out|  256|   ap_memory|                                                       x_buf_256_12|         array|
|x_buf_256_13_address1    |  out|    2|   ap_memory|                                                       x_buf_256_13|         array|
|x_buf_256_13_ce1         |  out|    1|   ap_memory|                                                       x_buf_256_13|         array|
|x_buf_256_13_we1         |  out|    1|   ap_memory|                                                       x_buf_256_13|         array|
|x_buf_256_13_d1          |  out|  256|   ap_memory|                                                       x_buf_256_13|         array|
|x_buf_256_14_address1    |  out|    2|   ap_memory|                                                       x_buf_256_14|         array|
|x_buf_256_14_ce1         |  out|    1|   ap_memory|                                                       x_buf_256_14|         array|
|x_buf_256_14_we1         |  out|    1|   ap_memory|                                                       x_buf_256_14|         array|
|x_buf_256_14_d1          |  out|  256|   ap_memory|                                                       x_buf_256_14|         array|
|x_buf_256_15_address1    |  out|    2|   ap_memory|                                                       x_buf_256_15|         array|
|x_buf_256_15_ce1         |  out|    1|   ap_memory|                                                       x_buf_256_15|         array|
|x_buf_256_15_we1         |  out|    1|   ap_memory|                                                       x_buf_256_15|         array|
|x_buf_256_15_d1          |  out|  256|   ap_memory|                                                       x_buf_256_15|         array|
+-------------------------+-----+-----+------------+-------------------------------------------------------------------+--------------+

