================================================================
== Design Size Report
================================================================

* Total Instructions per Compilation Phase
+---------------+-----------------------------+--------------+----------------------------------------------------------------------------------------+
| Phase         | Step                        | Instructions | Description                                                                            |
+---------------+-----------------------------+--------------+----------------------------------------------------------------------------------------+
| Compile/Link  |                             | 1,831        | After all functions are compiled and linked into a single design                       |
|               |                             |              |                                                                                        |
| Unroll/Inline |                             |              | After user unroll and inline pragmas are applied                                       |
|               | (1) unroll                  | 1,523        | user unroll pragmas are applied                                                        |
|               | (2) simplification          | 1,265        | simplification of applied user unroll pragmas                                          |
|               | (3) inline                  | 1,120        | user inline pragmas are applied                                                        |
|               | (4) simplification          | 1,101        | simplification of applied user inline pragmas                                          |
|               |                             |              |                                                                                        |
| Array/Struct  |                             |              | After user array partition and struct aggregate/disaggregate pragmas are applied       |
|               | (1) array partition         | 3,081        | user array partition pragmas are applied                                               |
|               | (2) simplification          | 2,272        | simplification of applied user array partition & struct aggregate/disaggregate pragmas |
|               | (3) aggregate/disaggregate  | 2,272        | user struct aggregate/disaggregate pragmas are applied                                 |
|               | (4) array reshape           | 2,272        | apply array reshape pragmas                                                            |
|               | (5) access patterns         | 2,311        | array access pattern optmizations                                                      |
|               |                             |              |                                                                                        |
| Performance   |                             |              | After transformations are applied to meet performance pragma targets                   |
|               | (1) loop simplification     | 2,314        | loop and instruction simplification                                                    |
|               | (2) parallelization         | 2,303        | loops are unrolled or pipelined to meet performance targets                            |
|               | (3) array partition         | 2,301        | arrays are partitioned to meet performance targets                                     |
|               | (4) simplification          | 2,301        | simplification of design after performance transformations                             |
|               |                             |              |                                                                                        |
| HW Transforms |                             |              | After hardware transfomations                                                          |
|               | (1) lowering                | 2,268        | initial conversion to HW specific instructions                                         |
|               | (2) optimizations           | 1,866        | high level synthesis optimizations                                                     |
+---------------+-----------------------------+--------------+----------------------------------------------------------------------------------------+

* Instructions per Function for each Compilation Phase
+------------------------------------+--------------------------+----------------+---------------+--------------+-------------+---------------+
| Function                           | Location                 | Compile/Link   | Unroll/Inline | Array/Struct | Performance | HW Transforms |
+------------------------------------+--------------------------+----------------+---------------+--------------+-------------+---------------+
| + Conv3x3_IP                       | Conv3x3.cpp:5            | 1,831          | 1,101         | 2,311        | 2,301       | 1,866         |
|  + init_rows<16, 16, false, __f... | Hls_Layers.tpp:110       |   86           |   26          |  116         |  118        |  126          |
|     flat_idx                       | Hls_Layers.tpp:51        |    7           |               |              |             |               |
|  + Conv3x3_Kernel<16, 16, 16, _... | Hls_Layers_Conv3x3.tpp:6 | 1,681          | 1,031         | 1,976        | 1,967       |               |
|     w_flat_idx                     | Hls_Layers.tpp:57        |   21 (3 calls) |               |              |             |               |
|     bits_to_half<__fp16>           | Hls_Layers.tpp:36        |  162 (9 calls) |               |              |             |               |
|     flat_idx                       | Hls_Layers.tpp:51        |   14 (2 calls) |               |              |             |               |
|     half_to_bits<__fp16>           | Hls_Layers.tpp:20        |   26           |               |              |             |               |
+------------------------------------+--------------------------+----------------+---------------+--------------+-------------+---------------+

* Design Size Message Settings
+---------------------------------------------+--------+------------------------------------------------------------------+
| Message Setting                             | Value  | Description                                                      |
+---------------------------------------------+--------+------------------------------------------------------------------+
| config_compile -design_size_maximum_warning | 100000 | Show a warning when total design instructions exceeds this value |
+---------------------------------------------+--------+------------------------------------------------------------------+


