================================================================
== Design Size Report
================================================================

* Total Instructions per Compilation Phase
+---------------+-----------------------------+--------------+----------------------------------------------------------------------------------------+
| Phase         | Step                        | Instructions | Description                                                                            |
+---------------+-----------------------------+--------------+----------------------------------------------------------------------------------------+
| Compile/Link  |                             |  3,166       | After all functions are compiled and linked into a single design                       |
|               |                             |              |                                                                                        |
| Unroll/Inline |                             |              | After user unroll and inline pragmas are applied                                       |
|               | (1) unroll                  | 24,281       | user unroll pragmas are applied                                                        |
|               | (2) simplification          | 14,600       | simplification of applied user unroll pragmas                                          |
|               | (3) inline                  | 14,410       | user inline pragmas are applied                                                        |
|               | (4) simplification          | 13,863       | simplification of applied user inline pragmas                                          |
|               |                             |              |                                                                                        |
| Array/Struct  |                             |              | After user array partition and struct aggregate/disaggregate pragmas are applied       |
|               | (1) array partition         | 16,127       | user array partition pragmas are applied                                               |
|               | (2) simplification          | 15,009       | simplification of applied user array partition & struct aggregate/disaggregate pragmas |
|               | (3) aggregate/disaggregate  | 15,009       | user struct aggregate/disaggregate pragmas are applied                                 |
|               | (4) array reshape           | 14,993       | apply array reshape pragmas                                                            |
|               | (5) access patterns         | 15,035       | array access pattern optmizations                                                      |
|               |                             |              |                                                                                        |
| Performance   |                             |              | After transformations are applied to meet performance pragma targets                   |
|               | (1) loop simplification     | 15,044       | loop and instruction simplification                                                    |
|               | (2) parallelization         | 15,044       | loops are unrolled or pipelined to meet performance targets                            |
|               | (3) array partition         | 15,044       | arrays are partitioned to meet performance targets                                     |
|               | (4) simplification          | 15,040       | simplification of design after performance transformations                             |
|               |                             |              |                                                                                        |
| HW Transforms |                             |              | After hardware transfomations                                                          |
|               | (1) lowering                | 15,325       | initial conversion to HW specific instructions                                         |
|               | (2) optimizations           | 13,857       | high level synthesis optimizations                                                     |
+---------------+-----------------------------+--------------+----------------------------------------------------------------------------------------+

* Instructions per Function for each Compilation Phase
+------------------------------+------------------------+----------------+---------------+--------------+-------------+---------------+
| Function                     | Location               | Compile/Link   | Unroll/Inline | Array/Struct | Performance | HW Transforms |
+------------------------------+------------------------+----------------+---------------+--------------+-------------+---------------+
| + fp8_conv_top               | fp8_conv_top.cpp:8     | 3,166          | 13,863        | 15,035       | 15,040      | 13,857        |
|  + Fp8_Conv_Engine<16, 16>   | Hls_Layers_Fp8.tpp:234 | 3,150          | 13,845        | 15,017       | 15,022      | 13,831        |
|   + my_sqrt_f                | Hls_Layers_Fp8.tpp:51  |    8 (2 calls) |               |              |             |               |
|      sqrtf                   | sqrtfloat.cpp:11       |    4 (2 calls) |               |              |             |               |
|     flat_idx                 | Hls_Layers_Fp8.tpp:43  |    7           |               |              |             |               |
|   + fp8_mac_producer<16, 16> | Hls_Layers_Fp8.tpp:120 | 2,189          | 13,307        | 13,843       | 13,844      | 12,709        |
|      w_flat_idx              | Hls_Layers_Fp8.tpp:47  |   21 (3 calls) |               |              |             |               |
|    + hdot_fp8<16>            | Hls_Layers_Fp8.tpp:95  | 1,836          |               |              |             |               |
|     + fp8_mul_to_half        | Hls_Layers_Fp8.tpp:64  | 1,679          |               |              |             |               |
|        bits_to_half<__fp16>  | Hls_Layers_Fp8.tpp:35  |   18           |               |              |             |               |
|      half_to_bits<__fp16>    | Hls_Layers_Fp8.tpp:26  |   26           |               |              |             |               |
|   + fp8_reduce_consumer<16>  | Hls_Layers_Fp8.tpp:193 |  391           |   145         |   416        |   416       |   427         |
|      bits_to_half<__fp16>    | Hls_Layers_Fp8.tpp:35  |   36 (2 calls) |               |              |             |               |
|      half_to_bits<__fp16>    | Hls_Layers_Fp8.tpp:26  |   26           |               |              |             |               |
|     bits_to_half<__fp16>     | Hls_Layers_Fp8.tpp:35  |   54 (3 calls) |               |              |             |               |
|     half_to_bits<__fp16>     | Hls_Layers_Fp8.tpp:26  |   26           |               |              |             |               |
+------------------------------+------------------------+----------------+---------------+--------------+-------------+---------------+

* Design Size Message Settings
+---------------------------------------------+--------+------------------------------------------------------------------+
| Message Setting                             | Value  | Description                                                      |
+---------------------------------------------+--------+------------------------------------------------------------------+
| config_compile -design_size_maximum_warning | 100000 | Show a warning when total design instructions exceeds this value |
+---------------------------------------------+--------+------------------------------------------------------------------+


