

================================================================
== Vitis HLS Report for 'fp8_reduce_consumer_16_s'
================================================================
* Date:           Tue Jun 16 10:02:49 2026

* Version:        2024.2 (Build 5238294 on Nov  8 2024)
* Project:        prj_fp8_16
* Solution:       solution1 (Vitis Kernel Flow Target)
* Product family: zynquplus
* Target device:  xczu7ev-ffvc1156-2-e


================================================================
== Performance Estimates
================================================================
+ Timing: 
    * Summary: 
    +--------+---------+----------+------------+
    |  Clock |  Target | Estimated| Uncertainty|
    +--------+---------+----------+------------+
    |ap_clk  |  3.33 ns|  2.416 ns|     0.90 ns|
    +--------+---------+----------+------------+

+ Latency: 
    * Summary: 
    +---------+---------+-----------+-----------+-------+-------+---------+
    |  Latency (cycles) |   Latency (absolute)  |    Interval   | Pipeline|
    |   min   |   max   |    min    |    max    |  min  |  max  |   Type  |
    +---------+---------+-----------+-----------+-------+-------+---------+
    |    15449|    15449|  51.492 us|  51.492 us|  15449|  15449|       no|
    +---------+---------+-----------+-----------+-------+-------+---------+

    + Detail: 
        * Instance: 
        +-------------------------------------------------------------+--------------------------------------------------+---------+---------+-----------+-----------+-------+-------+------------------------------------------------+
        |                                                             |                                                  |  Latency (cycles) |   Latency (absolute)  |    Interval   |                    Pipeline                    |
        |                           Instance                          |                      Module                      |   min   |   max   |    min    |    max    |  min  |  max  |                      Type                      |
        +-------------------------------------------------------------+--------------------------------------------------+---------+---------+-----------+-----------+-------+-------+------------------------------------------------+
        |grp_fp8_reduce_consumer_16_Pipeline_VITIS_LOOP_201_1_fu_124  |fp8_reduce_consumer_16_Pipeline_VITIS_LOOP_201_1  |       18|       18|  59.994 ns|  59.994 ns|     17|     17|  loop auto-rewind stp (delay=0 clock cycles(s))|
        |grp_fp8_reduce_consumer_16_Pipeline_CONS_fu_192              |fp8_reduce_consumer_16_Pipeline_CONS              |    15428|    15428|  51.422 us|  51.422 us|  15361|  15361|  loop auto-rewind stp (delay=0 clock cycles(s))|
        +-------------------------------------------------------------+--------------------------------------------------+---------+---------+-----------+-----------+-------+-------+------------------------------------------------+

        * Loop: 
        N/A



================================================================
== Utilization Estimates
================================================================
* Summary: 
+-----------------+---------+------+--------+--------+-----+
|       Name      | BRAM_18K|  DSP |   FF   |   LUT  | URAM|
+-----------------+---------+------+--------+--------+-----+
|DSP              |        -|     -|       -|       -|    -|
|Expression       |        -|     -|       -|       -|    -|
|FIFO             |        -|     -|       -|       -|    -|
|Instance         |        -|     -|    3630|    5532|    -|
|Memory           |        -|     -|       -|       -|    -|
|Multiplexer      |        -|     -|       0|    1327|    -|
|Register         |        -|     -|    1030|       -|    -|
+-----------------+---------+------+--------+--------+-----+
|Total            |        0|     0|    4660|    6859|    0|
+-----------------+---------+------+--------+--------+-----+
|Available        |      624|  1728|  460800|  230400|   96|
+-----------------+---------+------+--------+--------+-----+
|Utilization (%)  |        0|     0|       1|       2|    0|
+-----------------+---------+------+--------+--------+-----+

+ Detail: 
    * Instance: 
    +-------------------------------------------------------------+--------------------------------------------------+---------+----+------+------+-----+
    |                           Instance                          |                      Module                      | BRAM_18K| DSP|  FF  |  LUT | URAM|
    +-------------------------------------------------------------+--------------------------------------------------+---------+----+------+------+-----+
    |grp_fp8_reduce_consumer_16_Pipeline_CONS_fu_192              |fp8_reduce_consumer_16_Pipeline_CONS              |        0|   0|  3623|  5480|    0|
    |grp_fp8_reduce_consumer_16_Pipeline_VITIS_LOOP_201_1_fu_124  |fp8_reduce_consumer_16_Pipeline_VITIS_LOOP_201_1  |        0|   0|     7|    52|    0|
    +-------------------------------------------------------------+--------------------------------------------------+---------+----+------+------+-----+
    |Total                                                        |                                                  |        0|   0|  3630|  5532|    0|
    +-------------------------------------------------------------+--------------------------------------------------+---------+----+------+------+-----+

    * DSP: 
    N/A

    * Memory: 
    N/A

    * FIFO: 
    N/A

    * Expression: 
    N/A

    * Multiplexer: 
    +-----------------------+----+-----------+-----+-----------+
    |          Name         | LUT| Input Size| Bits| Total Bits|
    +-----------------------+----+-----------+-----+-----------+
    |ap_NS_fsm              |  26|          5|    1|          5|
    |grp_fu_296_ce          |   9|          2|    1|          2|
    |grp_fu_300_ce          |   9|          2|    1|          2|
    |grp_fu_304_ce          |   9|          2|    1|          2|
    |grp_fu_308_ce          |   9|          2|    1|          2|
    |grp_fu_311_ce          |   9|          2|    1|          2|
    |grp_fu_315_ce          |   9|          2|    1|          2|
    |grp_fu_319_ce          |   9|          2|    1|          2|
    |grp_fu_323_ce          |   9|          2|    1|          2|
    |grp_fu_327_ce          |   9|          2|    1|          2|
    |grp_fu_331_ce          |   9|          2|    1|          2|
    |grp_fu_335_ce          |   9|          2|    1|          2|
    |grp_fu_339_ce          |   9|          2|    1|          2|
    |grp_fu_343_ce          |   9|          2|    1|          2|
    |sum_acc_0_o            |  14|          3|   32|         96|
    |sum_acc_0_o_ap_vld     |  14|          3|    1|          3|
    |sum_acc_0_o_reg        |   9|          2|   32|         64|
    |sum_acc_10_o           |  14|          3|   32|         96|
    |sum_acc_10_o_ap_vld    |  14|          3|    1|          3|
    |sum_acc_10_o_reg       |   9|          2|   32|         64|
    |sum_acc_11_o           |  14|          3|   32|         96|
    |sum_acc_11_o_ap_vld    |  14|          3|    1|          3|
    |sum_acc_11_o_reg       |   9|          2|   32|         64|
    |sum_acc_12_o           |  14|          3|   32|         96|
    |sum_acc_12_o_ap_vld    |  14|          3|    1|          3|
    |sum_acc_12_o_reg       |   9|          2|   32|         64|
    |sum_acc_13_o           |  14|          3|   32|         96|
    |sum_acc_13_o_ap_vld    |  14|          3|    1|          3|
    |sum_acc_13_o_reg       |   9|          2|   32|         64|
    |sum_acc_14_o           |  14|          3|   32|         96|
    |sum_acc_14_o_ap_vld    |  14|          3|    1|          3|
    |sum_acc_14_o_reg       |   9|          2|   32|         64|
    |sum_acc_15_o           |  14|          3|   32|         96|
    |sum_acc_15_o_ap_vld    |  14|          3|    1|          3|
    |sum_acc_15_o_reg       |   9|          2|   32|         64|
    |sum_acc_1_o            |  14|          3|   32|         96|
    |sum_acc_1_o_ap_vld     |  14|          3|    1|          3|
    |sum_acc_1_o_reg        |   9|          2|   32|         64|
    |sum_acc_2_o            |  14|          3|   32|         96|
    |sum_acc_2_o_ap_vld     |  14|          3|    1|          3|
    |sum_acc_2_o_reg        |   9|          2|   32|         64|
    |sum_acc_3_o            |  14|          3|   32|         96|
    |sum_acc_3_o_ap_vld     |  14|          3|    1|          3|
    |sum_acc_3_o_reg        |   9|          2|   32|         64|
    |sum_acc_4_o            |  14|          3|   32|         96|
    |sum_acc_4_o_ap_vld     |  14|          3|    1|          3|
    |sum_acc_4_o_reg        |   9|          2|   32|         64|
    |sum_acc_5_o            |  14|          3|   32|         96|
    |sum_acc_5_o_ap_vld     |  14|          3|    1|          3|
    |sum_acc_5_o_reg        |   9|          2|   32|         64|
    |sum_acc_6_o            |  14|          3|   32|         96|
    |sum_acc_6_o_ap_vld     |  14|          3|    1|          3|
    |sum_acc_6_o_reg        |   9|          2|   32|         64|
    |sum_acc_7_o            |  14|          3|   32|         96|
    |sum_acc_7_o_ap_vld     |  14|          3|    1|          3|
    |sum_acc_7_o_reg        |   9|          2|   32|         64|
    |sum_acc_8_o            |  14|          3|   32|         96|
    |sum_acc_8_o_ap_vld     |  14|          3|    1|          3|
    |sum_acc_8_o_reg        |   9|          2|   32|         64|
    |sum_acc_9_o            |  14|          3|   32|         96|
    |sum_acc_9_o_ap_vld     |  14|          3|    1|          3|
    |sum_acc_9_o_reg        |   9|          2|   32|         64|
    |sumsq_acc_0_o          |  14|          3|   32|         96|
    |sumsq_acc_0_o_ap_vld   |  14|          3|    1|          3|
    |sumsq_acc_0_o_reg      |   9|          2|   32|         64|
    |sumsq_acc_10_o         |  14|          3|   32|         96|
    |sumsq_acc_10_o_ap_vld  |  14|          3|    1|          3|
    |sumsq_acc_10_o_reg     |   9|          2|   32|         64|
    |sumsq_acc_11_o         |  14|          3|   32|         96|
    |sumsq_acc_11_o_ap_vld  |  14|          3|    1|          3|
    |sumsq_acc_11_o_reg     |   9|          2|   32|         64|
    |sumsq_acc_12_o         |  14|          3|   32|         96|
    |sumsq_acc_12_o_ap_vld  |  14|          3|    1|          3|
    |sumsq_acc_12_o_reg     |   9|          2|   32|         64|
    |sumsq_acc_13_o         |  14|          3|   32|         96|
    |sumsq_acc_13_o_ap_vld  |  14|          3|    1|          3|
    |sumsq_acc_13_o_reg     |   9|          2|   32|         64|
    |sumsq_acc_14_o         |  14|          3|   32|         96|
    |sumsq_acc_14_o_ap_vld  |  14|          3|    1|          3|
    |sumsq_acc_14_o_reg     |   9|          2|   32|         64|
    |sumsq_acc_15_o         |  14|          3|   32|         96|
    |sumsq_acc_15_o_ap_vld  |  14|          3|    1|          3|
    |sumsq_acc_15_o_reg     |   9|          2|   32|         64|
    |sumsq_acc_1_o          |  14|          3|   32|         96|
    |sumsq_acc_1_o_ap_vld   |  14|          3|    1|          3|
    |sumsq_acc_1_o_reg      |   9|          2|   32|         64|
    |sumsq_acc_2_o          |  14|          3|   32|         96|
    |sumsq_acc_2_o_ap_vld   |  14|          3|    1|          3|
    |sumsq_acc_2_o_reg      |   9|          2|   32|         64|
    |sumsq_acc_3_o          |  14|          3|   32|         96|
    |sumsq_acc_3_o_ap_vld   |  14|          3|    1|          3|
    |sumsq_acc_3_o_reg      |   9|          2|   32|         64|
    |sumsq_acc_4_o          |  14|          3|   32|         96|
    |sumsq_acc_4_o_ap_vld   |  14|          3|    1|          3|
    |sumsq_acc_4_o_reg      |   9|          2|   32|         64|
    |sumsq_acc_5_o          |  14|          3|   32|         96|
    |sumsq_acc_5_o_ap_vld   |  14|          3|    1|          3|
    |sumsq_acc_5_o_reg      |   9|          2|   32|         64|
    |sumsq_acc_6_o          |  14|          3|   32|         96|
    |sumsq_acc_6_o_ap_vld   |  14|          3|    1|          3|
    |sumsq_acc_6_o_reg      |   9|          2|   32|         64|
    |sumsq_acc_7_o          |  14|          3|   32|         96|
    |sumsq_acc_7_o_ap_vld   |  14|          3|    1|          3|
    |sumsq_acc_7_o_reg      |   9|          2|   32|         64|
    |sumsq_acc_8_o          |  14|          3|   32|         96|
    |sumsq_acc_8_o_ap_vld   |  14|          3|    1|          3|
    |sumsq_acc_8_o_reg      |   9|          2|   32|         64|
    |sumsq_acc_9_o          |  14|          3|   32|         96|
    |sumsq_acc_9_o_ap_vld   |  14|          3|    1|          3|
    |sumsq_acc_9_o_reg      |   9|          2|   32|         64|
    +-----------------------+----+-----------+-----+-----------+
    |Total                  |1327|        287| 2094|       5247|
    +-----------------------+----+-----------+-----+-----------+

    * Register: 
    +--------------------------------------------------------------------------+----+----+-----+-----------+
    |                                   Name                                   | FF | LUT| Bits| Const Bits|
    +--------------------------------------------------------------------------+----+----+-----+-----------+
    |ap_CS_fsm                                                                 |   4|   0|    4|          0|
    |grp_fp8_reduce_consumer_16_Pipeline_CONS_fu_192_ap_start_reg              |   1|   0|    1|          0|
    |grp_fp8_reduce_consumer_16_Pipeline_VITIS_LOOP_201_1_fu_124_ap_start_reg  |   1|   0|    1|          0|
    |sum_acc_0_o_reg                                                           |  32|   0|   32|          0|
    |sum_acc_10_o_reg                                                          |  32|   0|   32|          0|
    |sum_acc_11_o_reg                                                          |  32|   0|   32|          0|
    |sum_acc_12_o_reg                                                          |  32|   0|   32|          0|
    |sum_acc_13_o_reg                                                          |  32|   0|   32|          0|
    |sum_acc_14_o_reg                                                          |  32|   0|   32|          0|
    |sum_acc_15_o_reg                                                          |  32|   0|   32|          0|
    |sum_acc_1_o_reg                                                           |  32|   0|   32|          0|
    |sum_acc_2_o_reg                                                           |  32|   0|   32|          0|
    |sum_acc_3_o_reg                                                           |  32|   0|   32|          0|
    |sum_acc_4_o_reg                                                           |  32|   0|   32|          0|
    |sum_acc_5_o_reg                                                           |  32|   0|   32|          0|
    |sum_acc_6_o_reg                                                           |  32|   0|   32|          0|
    |sum_acc_7_o_reg                                                           |  32|   0|   32|          0|
    |sum_acc_8_o_reg                                                           |  32|   0|   32|          0|
    |sum_acc_9_o_reg                                                           |  32|   0|   32|          0|
    |sumsq_acc_0_o_reg                                                         |  32|   0|   32|          0|
    |sumsq_acc_10_o_reg                                                        |  32|   0|   32|          0|
    |sumsq_acc_11_o_reg                                                        |  32|   0|   32|          0|
    |sumsq_acc_12_o_reg                                                        |  32|   0|   32|          0|
    |sumsq_acc_13_o_reg                                                        |  32|   0|   32|          0|
    |sumsq_acc_14_o_reg                                                        |  32|   0|   32|          0|
    |sumsq_acc_15_o_reg                                                        |  32|   0|   32|          0|
    |sumsq_acc_1_o_reg                                                         |  32|   0|   32|          0|
    |sumsq_acc_2_o_reg                                                         |  32|   0|   32|          0|
    |sumsq_acc_3_o_reg                                                         |  32|   0|   32|          0|
    |sumsq_acc_4_o_reg                                                         |  32|   0|   32|          0|
    |sumsq_acc_5_o_reg                                                         |  32|   0|   32|          0|
    |sumsq_acc_6_o_reg                                                         |  32|   0|   32|          0|
    |sumsq_acc_7_o_reg                                                         |  32|   0|   32|          0|
    |sumsq_acc_8_o_reg                                                         |  32|   0|   32|          0|
    |sumsq_acc_9_o_reg                                                         |  32|   0|   32|          0|
    +--------------------------------------------------------------------------+----+----+-----+-----------+
    |Total                                                                     |1030|   0| 1030|          0|
    +--------------------------------------------------------------------------+----+----+-----+-----------+



================================================================
== Interface
================================================================
* Summary: 
+-----------------------+-----+------+------------+-------------------------+--------------+
|       RTL Ports       | Dir | Bits |  Protocol  |      Source Object      |    C Type    |
+-----------------------+-----+------+------------+-------------------------+--------------+
|ap_clk                 |   in|     1|  ap_ctrl_hs|  fp8_reduce_consumer<16>|  return value|
|ap_rst                 |   in|     1|  ap_ctrl_hs|  fp8_reduce_consumer<16>|  return value|
|ap_start               |   in|     1|  ap_ctrl_hs|  fp8_reduce_consumer<16>|  return value|
|ap_done                |  out|     1|  ap_ctrl_hs|  fp8_reduce_consumer<16>|  return value|
|ap_idle                |  out|     1|  ap_ctrl_hs|  fp8_reduce_consumer<16>|  return value|
|ap_ready               |  out|     1|  ap_ctrl_hs|  fp8_reduce_consumer<16>|  return value|
|grp_fu_1333_p_din0     |  out|    32|  ap_ctrl_hs|  fp8_reduce_consumer<16>|  return value|
|grp_fu_1333_p_din1     |  out|    32|  ap_ctrl_hs|  fp8_reduce_consumer<16>|  return value|
|grp_fu_1333_p_opcode   |  out|     1|  ap_ctrl_hs|  fp8_reduce_consumer<16>|  return value|
|grp_fu_1333_p_dout0    |   in|    32|  ap_ctrl_hs|  fp8_reduce_consumer<16>|  return value|
|grp_fu_1333_p_ce       |  out|     1|  ap_ctrl_hs|  fp8_reduce_consumer<16>|  return value|
|grp_fu_1337_p_din0     |  out|    32|  ap_ctrl_hs|  fp8_reduce_consumer<16>|  return value|
|grp_fu_1337_p_din1     |  out|    32|  ap_ctrl_hs|  fp8_reduce_consumer<16>|  return value|
|grp_fu_1337_p_opcode   |  out|     2|  ap_ctrl_hs|  fp8_reduce_consumer<16>|  return value|
|grp_fu_1337_p_dout0    |   in|    32|  ap_ctrl_hs|  fp8_reduce_consumer<16>|  return value|
|grp_fu_1337_p_ce       |  out|     1|  ap_ctrl_hs|  fp8_reduce_consumer<16>|  return value|
|grp_fu_1341_p_din0     |  out|    32|  ap_ctrl_hs|  fp8_reduce_consumer<16>|  return value|
|grp_fu_1341_p_din1     |  out|    32|  ap_ctrl_hs|  fp8_reduce_consumer<16>|  return value|
|grp_fu_1341_p_dout0    |   in|    32|  ap_ctrl_hs|  fp8_reduce_consumer<16>|  return value|
|grp_fu_1341_p_ce       |  out|     1|  ap_ctrl_hs|  fp8_reduce_consumer<16>|  return value|
|grp_fu_624_p_din0      |  out|    16|  ap_ctrl_hs|  fp8_reduce_consumer<16>|  return value|
|grp_fu_624_p_dout0     |   in|    32|  ap_ctrl_hs|  fp8_reduce_consumer<16>|  return value|
|grp_fu_624_p_ce        |  out|     1|  ap_ctrl_hs|  fp8_reduce_consumer<16>|  return value|
|grp_fu_1269_p_din0     |  out|    16|  ap_ctrl_hs|  fp8_reduce_consumer<16>|  return value|
|grp_fu_1269_p_din1     |  out|    16|  ap_ctrl_hs|  fp8_reduce_consumer<16>|  return value|
|grp_fu_1269_p_dout0    |   in|    16|  ap_ctrl_hs|  fp8_reduce_consumer<16>|  return value|
|grp_fu_1269_p_ce       |  out|     1|  ap_ctrl_hs|  fp8_reduce_consumer<16>|  return value|
|grp_fu_1273_p_din0     |  out|    16|  ap_ctrl_hs|  fp8_reduce_consumer<16>|  return value|
|grp_fu_1273_p_din1     |  out|    16|  ap_ctrl_hs|  fp8_reduce_consumer<16>|  return value|
|grp_fu_1273_p_dout0    |   in|    16|  ap_ctrl_hs|  fp8_reduce_consumer<16>|  return value|
|grp_fu_1273_p_ce       |  out|     1|  ap_ctrl_hs|  fp8_reduce_consumer<16>|  return value|
|grp_fu_1277_p_din0     |  out|    16|  ap_ctrl_hs|  fp8_reduce_consumer<16>|  return value|
|grp_fu_1277_p_din1     |  out|    16|  ap_ctrl_hs|  fp8_reduce_consumer<16>|  return value|
|grp_fu_1277_p_dout0    |   in|    16|  ap_ctrl_hs|  fp8_reduce_consumer<16>|  return value|
|grp_fu_1277_p_ce       |  out|     1|  ap_ctrl_hs|  fp8_reduce_consumer<16>|  return value|
|grp_fu_1281_p_din0     |  out|    16|  ap_ctrl_hs|  fp8_reduce_consumer<16>|  return value|
|grp_fu_1281_p_din1     |  out|    16|  ap_ctrl_hs|  fp8_reduce_consumer<16>|  return value|
|grp_fu_1281_p_dout0    |   in|    16|  ap_ctrl_hs|  fp8_reduce_consumer<16>|  return value|
|grp_fu_1281_p_ce       |  out|     1|  ap_ctrl_hs|  fp8_reduce_consumer<16>|  return value|
|grp_fu_1285_p_din0     |  out|    16|  ap_ctrl_hs|  fp8_reduce_consumer<16>|  return value|
|grp_fu_1285_p_din1     |  out|    16|  ap_ctrl_hs|  fp8_reduce_consumer<16>|  return value|
|grp_fu_1285_p_dout0    |   in|    16|  ap_ctrl_hs|  fp8_reduce_consumer<16>|  return value|
|grp_fu_1285_p_ce       |  out|     1|  ap_ctrl_hs|  fp8_reduce_consumer<16>|  return value|
|grp_fu_1289_p_din0     |  out|    16|  ap_ctrl_hs|  fp8_reduce_consumer<16>|  return value|
|grp_fu_1289_p_din1     |  out|    16|  ap_ctrl_hs|  fp8_reduce_consumer<16>|  return value|
|grp_fu_1289_p_dout0    |   in|    16|  ap_ctrl_hs|  fp8_reduce_consumer<16>|  return value|
|grp_fu_1289_p_ce       |  out|     1|  ap_ctrl_hs|  fp8_reduce_consumer<16>|  return value|
|grp_fu_1293_p_din0     |  out|    16|  ap_ctrl_hs|  fp8_reduce_consumer<16>|  return value|
|grp_fu_1293_p_din1     |  out|    16|  ap_ctrl_hs|  fp8_reduce_consumer<16>|  return value|
|grp_fu_1293_p_dout0    |   in|    16|  ap_ctrl_hs|  fp8_reduce_consumer<16>|  return value|
|grp_fu_1293_p_ce       |  out|     1|  ap_ctrl_hs|  fp8_reduce_consumer<16>|  return value|
|grp_fu_1297_p_din0     |  out|    16|  ap_ctrl_hs|  fp8_reduce_consumer<16>|  return value|
|grp_fu_1297_p_din1     |  out|    16|  ap_ctrl_hs|  fp8_reduce_consumer<16>|  return value|
|grp_fu_1297_p_dout0    |   in|    16|  ap_ctrl_hs|  fp8_reduce_consumer<16>|  return value|
|grp_fu_1297_p_ce       |  out|     1|  ap_ctrl_hs|  fp8_reduce_consumer<16>|  return value|
|grp_fu_1301_p_din0     |  out|    16|  ap_ctrl_hs|  fp8_reduce_consumer<16>|  return value|
|grp_fu_1301_p_din1     |  out|    16|  ap_ctrl_hs|  fp8_reduce_consumer<16>|  return value|
|grp_fu_1301_p_dout0    |   in|    16|  ap_ctrl_hs|  fp8_reduce_consumer<16>|  return value|
|grp_fu_1301_p_ce       |  out|     1|  ap_ctrl_hs|  fp8_reduce_consumer<16>|  return value|
|pstrm_dout             |   in|  2048|     ap_fifo|                    pstrm|       pointer|
|pstrm_empty_n          |   in|     1|     ap_fifo|                    pstrm|       pointer|
|pstrm_read             |  out|     1|     ap_fifo|                    pstrm|       pointer|
|b_buf_address0         |  out|     6|   ap_memory|                    b_buf|         array|
|b_buf_ce0              |  out|     1|   ap_memory|                    b_buf|         array|
|b_buf_q0               |   in|   256|   ap_memory|                    b_buf|         array|
|y_cache_0_address1     |  out|     6|   ap_memory|                y_cache_0|         array|
|y_cache_0_ce1          |  out|     1|   ap_memory|                y_cache_0|         array|
|y_cache_0_we1          |  out|     1|   ap_memory|                y_cache_0|         array|
|y_cache_0_d1           |  out|   256|   ap_memory|                y_cache_0|         array|
|y_cache_1_address1     |  out|     6|   ap_memory|                y_cache_1|         array|
|y_cache_1_ce1          |  out|     1|   ap_memory|                y_cache_1|         array|
|y_cache_1_we1          |  out|     1|   ap_memory|                y_cache_1|         array|
|y_cache_1_d1           |  out|   256|   ap_memory|                y_cache_1|         array|
|y_cache_2_address1     |  out|     6|   ap_memory|                y_cache_2|         array|
|y_cache_2_ce1          |  out|     1|   ap_memory|                y_cache_2|         array|
|y_cache_2_we1          |  out|     1|   ap_memory|                y_cache_2|         array|
|y_cache_2_d1           |  out|   256|   ap_memory|                y_cache_2|         array|
|y_cache_3_address1     |  out|     6|   ap_memory|                y_cache_3|         array|
|y_cache_3_ce1          |  out|     1|   ap_memory|                y_cache_3|         array|
|y_cache_3_we1          |  out|     1|   ap_memory|                y_cache_3|         array|
|y_cache_3_d1           |  out|   256|   ap_memory|                y_cache_3|         array|
|y_cache_4_address1     |  out|     6|   ap_memory|                y_cache_4|         array|
|y_cache_4_ce1          |  out|     1|   ap_memory|                y_cache_4|         array|
|y_cache_4_we1          |  out|     1|   ap_memory|                y_cache_4|         array|
|y_cache_4_d1           |  out|   256|   ap_memory|                y_cache_4|         array|
|y_cache_5_address1     |  out|     6|   ap_memory|                y_cache_5|         array|
|y_cache_5_ce1          |  out|     1|   ap_memory|                y_cache_5|         array|
|y_cache_5_we1          |  out|     1|   ap_memory|                y_cache_5|         array|
|y_cache_5_d1           |  out|   256|   ap_memory|                y_cache_5|         array|
|y_cache_6_address1     |  out|     6|   ap_memory|                y_cache_6|         array|
|y_cache_6_ce1          |  out|     1|   ap_memory|                y_cache_6|         array|
|y_cache_6_we1          |  out|     1|   ap_memory|                y_cache_6|         array|
|y_cache_6_d1           |  out|   256|   ap_memory|                y_cache_6|         array|
|y_cache_7_address1     |  out|     6|   ap_memory|                y_cache_7|         array|
|y_cache_7_ce1          |  out|     1|   ap_memory|                y_cache_7|         array|
|y_cache_7_we1          |  out|     1|   ap_memory|                y_cache_7|         array|
|y_cache_7_d1           |  out|   256|   ap_memory|                y_cache_7|         array|
|y_cache_8_address1     |  out|     6|   ap_memory|                y_cache_8|         array|
|y_cache_8_ce1          |  out|     1|   ap_memory|                y_cache_8|         array|
|y_cache_8_we1          |  out|     1|   ap_memory|                y_cache_8|         array|
|y_cache_8_d1           |  out|   256|   ap_memory|                y_cache_8|         array|
|y_cache_9_address1     |  out|     6|   ap_memory|                y_cache_9|         array|
|y_cache_9_ce1          |  out|     1|   ap_memory|                y_cache_9|         array|
|y_cache_9_we1          |  out|     1|   ap_memory|                y_cache_9|         array|
|y_cache_9_d1           |  out|   256|   ap_memory|                y_cache_9|         array|
|y_cache_10_address1    |  out|     6|   ap_memory|               y_cache_10|         array|
|y_cache_10_ce1         |  out|     1|   ap_memory|               y_cache_10|         array|
|y_cache_10_we1         |  out|     1|   ap_memory|               y_cache_10|         array|
|y_cache_10_d1          |  out|   256|   ap_memory|               y_cache_10|         array|
|y_cache_11_address1    |  out|     6|   ap_memory|               y_cache_11|         array|
|y_cache_11_ce1         |  out|     1|   ap_memory|               y_cache_11|         array|
|y_cache_11_we1         |  out|     1|   ap_memory|               y_cache_11|         array|
|y_cache_11_d1          |  out|   256|   ap_memory|               y_cache_11|         array|
|y_cache_12_address1    |  out|     6|   ap_memory|               y_cache_12|         array|
|y_cache_12_ce1         |  out|     1|   ap_memory|               y_cache_12|         array|
|y_cache_12_we1         |  out|     1|   ap_memory|               y_cache_12|         array|
|y_cache_12_d1          |  out|   256|   ap_memory|               y_cache_12|         array|
|y_cache_13_address1    |  out|     6|   ap_memory|               y_cache_13|         array|
|y_cache_13_ce1         |  out|     1|   ap_memory|               y_cache_13|         array|
|y_cache_13_we1         |  out|     1|   ap_memory|               y_cache_13|         array|
|y_cache_13_d1          |  out|   256|   ap_memory|               y_cache_13|         array|
|y_cache_14_address1    |  out|     6|   ap_memory|               y_cache_14|         array|
|y_cache_14_ce1         |  out|     1|   ap_memory|               y_cache_14|         array|
|y_cache_14_we1         |  out|     1|   ap_memory|               y_cache_14|         array|
|y_cache_14_d1          |  out|   256|   ap_memory|               y_cache_14|         array|
|y_cache_15_address1    |  out|     6|   ap_memory|               y_cache_15|         array|
|y_cache_15_ce1         |  out|     1|   ap_memory|               y_cache_15|         array|
|y_cache_15_we1         |  out|     1|   ap_memory|               y_cache_15|         array|
|y_cache_15_d1          |  out|   256|   ap_memory|               y_cache_15|         array|
|sum_acc_0_i            |   in|    32|     ap_ovld|                sum_acc_0|       pointer|
|sum_acc_0_o            |  out|    32|     ap_ovld|                sum_acc_0|       pointer|
|sum_acc_0_o_ap_vld     |  out|     1|     ap_ovld|                sum_acc_0|       pointer|
|sum_acc_1_i            |   in|    32|     ap_ovld|                sum_acc_1|       pointer|
|sum_acc_1_o            |  out|    32|     ap_ovld|                sum_acc_1|       pointer|
|sum_acc_1_o_ap_vld     |  out|     1|     ap_ovld|                sum_acc_1|       pointer|
|sum_acc_2_i            |   in|    32|     ap_ovld|                sum_acc_2|       pointer|
|sum_acc_2_o            |  out|    32|     ap_ovld|                sum_acc_2|       pointer|
|sum_acc_2_o_ap_vld     |  out|     1|     ap_ovld|                sum_acc_2|       pointer|
|sum_acc_3_i            |   in|    32|     ap_ovld|                sum_acc_3|       pointer|
|sum_acc_3_o            |  out|    32|     ap_ovld|                sum_acc_3|       pointer|
|sum_acc_3_o_ap_vld     |  out|     1|     ap_ovld|                sum_acc_3|       pointer|
|sum_acc_4_i            |   in|    32|     ap_ovld|                sum_acc_4|       pointer|
|sum_acc_4_o            |  out|    32|     ap_ovld|                sum_acc_4|       pointer|
|sum_acc_4_o_ap_vld     |  out|     1|     ap_ovld|                sum_acc_4|       pointer|
|sum_acc_5_i            |   in|    32|     ap_ovld|                sum_acc_5|       pointer|
|sum_acc_5_o            |  out|    32|     ap_ovld|                sum_acc_5|       pointer|
|sum_acc_5_o_ap_vld     |  out|     1|     ap_ovld|                sum_acc_5|       pointer|
|sum_acc_6_i            |   in|    32|     ap_ovld|                sum_acc_6|       pointer|
|sum_acc_6_o            |  out|    32|     ap_ovld|                sum_acc_6|       pointer|
|sum_acc_6_o_ap_vld     |  out|     1|     ap_ovld|                sum_acc_6|       pointer|
|sum_acc_7_i            |   in|    32|     ap_ovld|                sum_acc_7|       pointer|
|sum_acc_7_o            |  out|    32|     ap_ovld|                sum_acc_7|       pointer|
|sum_acc_7_o_ap_vld     |  out|     1|     ap_ovld|                sum_acc_7|       pointer|
|sum_acc_8_i            |   in|    32|     ap_ovld|                sum_acc_8|       pointer|
|sum_acc_8_o            |  out|    32|     ap_ovld|                sum_acc_8|       pointer|
|sum_acc_8_o_ap_vld     |  out|     1|     ap_ovld|                sum_acc_8|       pointer|
|sum_acc_9_i            |   in|    32|     ap_ovld|                sum_acc_9|       pointer|
|sum_acc_9_o            |  out|    32|     ap_ovld|                sum_acc_9|       pointer|
|sum_acc_9_o_ap_vld     |  out|     1|     ap_ovld|                sum_acc_9|       pointer|
|sum_acc_10_i           |   in|    32|     ap_ovld|               sum_acc_10|       pointer|
|sum_acc_10_o           |  out|    32|     ap_ovld|               sum_acc_10|       pointer|
|sum_acc_10_o_ap_vld    |  out|     1|     ap_ovld|               sum_acc_10|       pointer|
|sum_acc_11_i           |   in|    32|     ap_ovld|               sum_acc_11|       pointer|
|sum_acc_11_o           |  out|    32|     ap_ovld|               sum_acc_11|       pointer|
|sum_acc_11_o_ap_vld    |  out|     1|     ap_ovld|               sum_acc_11|       pointer|
|sum_acc_12_i           |   in|    32|     ap_ovld|               sum_acc_12|       pointer|
|sum_acc_12_o           |  out|    32|     ap_ovld|               sum_acc_12|       pointer|
|sum_acc_12_o_ap_vld    |  out|     1|     ap_ovld|               sum_acc_12|       pointer|
|sum_acc_13_i           |   in|    32|     ap_ovld|               sum_acc_13|       pointer|
|sum_acc_13_o           |  out|    32|     ap_ovld|               sum_acc_13|       pointer|
|sum_acc_13_o_ap_vld    |  out|     1|     ap_ovld|               sum_acc_13|       pointer|
|sum_acc_14_i           |   in|    32|     ap_ovld|               sum_acc_14|       pointer|
|sum_acc_14_o           |  out|    32|     ap_ovld|               sum_acc_14|       pointer|
|sum_acc_14_o_ap_vld    |  out|     1|     ap_ovld|               sum_acc_14|       pointer|
|sum_acc_15_i           |   in|    32|     ap_ovld|               sum_acc_15|       pointer|
|sum_acc_15_o           |  out|    32|     ap_ovld|               sum_acc_15|       pointer|
|sum_acc_15_o_ap_vld    |  out|     1|     ap_ovld|               sum_acc_15|       pointer|
|sumsq_acc_0_i          |   in|    32|     ap_ovld|              sumsq_acc_0|       pointer|
|sumsq_acc_0_o          |  out|    32|     ap_ovld|              sumsq_acc_0|       pointer|
|sumsq_acc_0_o_ap_vld   |  out|     1|     ap_ovld|              sumsq_acc_0|       pointer|
|sumsq_acc_1_i          |   in|    32|     ap_ovld|              sumsq_acc_1|       pointer|
|sumsq_acc_1_o          |  out|    32|     ap_ovld|              sumsq_acc_1|       pointer|
|sumsq_acc_1_o_ap_vld   |  out|     1|     ap_ovld|              sumsq_acc_1|       pointer|
|sumsq_acc_2_i          |   in|    32|     ap_ovld|              sumsq_acc_2|       pointer|
|sumsq_acc_2_o          |  out|    32|     ap_ovld|              sumsq_acc_2|       pointer|
|sumsq_acc_2_o_ap_vld   |  out|     1|     ap_ovld|              sumsq_acc_2|       pointer|
|sumsq_acc_3_i          |   in|    32|     ap_ovld|              sumsq_acc_3|       pointer|
|sumsq_acc_3_o          |  out|    32|     ap_ovld|              sumsq_acc_3|       pointer|
|sumsq_acc_3_o_ap_vld   |  out|     1|     ap_ovld|              sumsq_acc_3|       pointer|
|sumsq_acc_4_i          |   in|    32|     ap_ovld|              sumsq_acc_4|       pointer|
|sumsq_acc_4_o          |  out|    32|     ap_ovld|              sumsq_acc_4|       pointer|
|sumsq_acc_4_o_ap_vld   |  out|     1|     ap_ovld|              sumsq_acc_4|       pointer|
|sumsq_acc_5_i          |   in|    32|     ap_ovld|              sumsq_acc_5|       pointer|
|sumsq_acc_5_o          |  out|    32|     ap_ovld|              sumsq_acc_5|       pointer|
|sumsq_acc_5_o_ap_vld   |  out|     1|     ap_ovld|              sumsq_acc_5|       pointer|
|sumsq_acc_6_i          |   in|    32|     ap_ovld|              sumsq_acc_6|       pointer|
|sumsq_acc_6_o          |  out|    32|     ap_ovld|              sumsq_acc_6|       pointer|
|sumsq_acc_6_o_ap_vld   |  out|     1|     ap_ovld|              sumsq_acc_6|       pointer|
|sumsq_acc_7_i          |   in|    32|     ap_ovld|              sumsq_acc_7|       pointer|
|sumsq_acc_7_o          |  out|    32|     ap_ovld|              sumsq_acc_7|       pointer|
|sumsq_acc_7_o_ap_vld   |  out|     1|     ap_ovld|              sumsq_acc_7|       pointer|
|sumsq_acc_8_i          |   in|    32|     ap_ovld|              sumsq_acc_8|       pointer|
|sumsq_acc_8_o          |  out|    32|     ap_ovld|              sumsq_acc_8|       pointer|
|sumsq_acc_8_o_ap_vld   |  out|     1|     ap_ovld|              sumsq_acc_8|       pointer|
|sumsq_acc_9_i          |   in|    32|     ap_ovld|              sumsq_acc_9|       pointer|
|sumsq_acc_9_o          |  out|    32|     ap_ovld|              sumsq_acc_9|       pointer|
|sumsq_acc_9_o_ap_vld   |  out|     1|     ap_ovld|              sumsq_acc_9|       pointer|
|sumsq_acc_10_i         |   in|    32|     ap_ovld|             sumsq_acc_10|       pointer|
|sumsq_acc_10_o         |  out|    32|     ap_ovld|             sumsq_acc_10|       pointer|
|sumsq_acc_10_o_ap_vld  |  out|     1|     ap_ovld|             sumsq_acc_10|       pointer|
|sumsq_acc_11_i         |   in|    32|     ap_ovld|             sumsq_acc_11|       pointer|
|sumsq_acc_11_o         |  out|    32|     ap_ovld|             sumsq_acc_11|       pointer|
|sumsq_acc_11_o_ap_vld  |  out|     1|     ap_ovld|             sumsq_acc_11|       pointer|
|sumsq_acc_12_i         |   in|    32|     ap_ovld|             sumsq_acc_12|       pointer|
|sumsq_acc_12_o         |  out|    32|     ap_ovld|             sumsq_acc_12|       pointer|
|sumsq_acc_12_o_ap_vld  |  out|     1|     ap_ovld|             sumsq_acc_12|       pointer|
|sumsq_acc_13_i         |   in|    32|     ap_ovld|             sumsq_acc_13|       pointer|
|sumsq_acc_13_o         |  out|    32|     ap_ovld|             sumsq_acc_13|       pointer|
|sumsq_acc_13_o_ap_vld  |  out|     1|     ap_ovld|             sumsq_acc_13|       pointer|
|sumsq_acc_14_i         |   in|    32|     ap_ovld|             sumsq_acc_14|       pointer|
|sumsq_acc_14_o         |  out|    32|     ap_ovld|             sumsq_acc_14|       pointer|
|sumsq_acc_14_o_ap_vld  |  out|     1|     ap_ovld|             sumsq_acc_14|       pointer|
|sumsq_acc_15_i         |   in|    32|     ap_ovld|             sumsq_acc_15|       pointer|
|sumsq_acc_15_o         |  out|    32|     ap_ovld|             sumsq_acc_15|       pointer|
|sumsq_acc_15_o_ap_vld  |  out|     1|     ap_ovld|             sumsq_acc_15|       pointer|
+-----------------------+-----+------+------------+-------------------------+--------------+

