  **** HLS Build v2024.2 5238294
INFO: [HLS 200-2005] Using work_dir /home/rimurutempest/Code/LSI_Design_Contest/HLS_DesignFlow/Lab3/hls_component_dct/dct 
INFO: [HLS 200-1611] Setting target device to 'xc7z020-clg400-1'
INFO: [HLS 200-1505] Using default flow_target 'vivado'
Resolution: For help on HLS 200-1505 see docs.xilinx.com/access/sources/dita/topic?Doc_Version=2024.2%20English&url=ug1448-hls-guidance&resourceid=200-1505.html
WARNING: [HLS 200-1921] Skipping unknown ini [hls] entry 'csim.file=/path/to/in.dat' from /home/rimurutempest/Code/LSI_Design_Contest/HLS_DesignFlow/Lab3/hls_component_dct/hls_config.cfg(26)
WARNING: [HLS 200-1921] Skipping unknown ini [hls] entry 'csim.file=/path/to/out.golden.dat' from /home/rimurutempest/Code/LSI_Design_Contest/HLS_DesignFlow/Lab3/hls_component_dct/hls_config.cfg(27)
WARNING: [HLS 200-1921] Skipping unknown ini [hls] entry 'cosim.file=/path/to/in.dat' from /home/rimurutempest/Code/LSI_Design_Contest/HLS_DesignFlow/Lab3/hls_component_dct/hls_config.cfg(29)
WARNING: [HLS 200-1921] Skipping unknown ini [hls] entry 'cosim.file=/path/to/out.golden.dat' from /home/rimurutempest/Code/LSI_Design_Contest/HLS_DesignFlow/Lab3/hls_component_dct/hls_config.cfg(30)
INFO: [HLS 200-1465] Applying ini 'syn.file=/home/rimurutempest/Code/LSI_Design_Contest/HLS_DesignFlow/Lab3/source/dct.c' from /home/rimurutempest/Code/LSI_Design_Contest/HLS_DesignFlow/Lab3/hls_component_dct/hls_config.cfg(11)
INFO: [HLS 200-10] Adding design file '/home/rimurutempest/Code/LSI_Design_Contest/HLS_DesignFlow/Lab3/source/dct.c' to the project
INFO: [HLS 200-1465] Applying ini 'syn.file=/home/rimurutempest/Code/LSI_Design_Contest/HLS_DesignFlow/Lab3/source/dct.h' from /home/rimurutempest/Code/LSI_Design_Contest/HLS_DesignFlow/Lab3/hls_component_dct/hls_config.cfg(12)
INFO: [HLS 200-10] Adding design file '/home/rimurutempest/Code/LSI_Design_Contest/HLS_DesignFlow/Lab3/source/dct.h' to the project
INFO: [HLS 200-1465] Applying ini 'tb.file=/home/rimurutempest/Code/LSI_Design_Contest/HLS_DesignFlow/Lab3/source/dct_test.c' from /home/rimurutempest/Code/LSI_Design_Contest/HLS_DesignFlow/Lab3/hls_component_dct/hls_config.cfg(15)
INFO: [HLS 200-10] Adding test bench file '/home/rimurutempest/Code/LSI_Design_Contest/HLS_DesignFlow/Lab3/source/dct_test.c' to the project
INFO: [HLS 200-1465] Applying ini 'syn.top=dct' from /home/rimurutempest/Code/LSI_Design_Contest/HLS_DesignFlow/Lab3/hls_component_dct/hls_config.cfg(8)
INFO: [HLS 200-1465] Applying ini 'flow_target=vivado' from /home/rimurutempest/Code/LSI_Design_Contest/HLS_DesignFlow/Lab3/hls_component_dct/hls_config.cfg(4)
INFO: [HLS 200-1505] Using flow_target 'vivado'
Resolution: For help on HLS 200-1505 see docs.xilinx.com/access/sources/dita/topic?Doc_Version=2024.2%20English&url=ug1448-hls-guidance&resourceid=200-1505.html
INFO: [HLS 200-1465] Applying ini 'part=xc7z020clg400-1' from /home/rimurutempest/Code/LSI_Design_Contest/HLS_DesignFlow/Lab3/hls_component_dct/hls_config.cfg(1)
INFO: [HLS 200-1465] Applying ini 'clock=10ns' from /home/rimurutempest/Code/LSI_Design_Contest/HLS_DesignFlow/Lab3/hls_component_dct/hls_config.cfg(18)
INFO: [SYN 201-201] Setting up clock 'default' with a period of 10ns.
INFO: [HLS 200-1465] Applying ini 'package.output.format=ip_catalog' from /home/rimurutempest/Code/LSI_Design_Contest/HLS_DesignFlow/Lab3/hls_component_dct/hls_config.cfg(5)
INFO: [COSIM 212-47] Using XSIM for RTL simulation.
INFO: [COSIM 212-14] Instrumenting C test bench ...
   Build using "/home/rimurutempest/Tool/Xilinx/Vitis/2024.2/vcxx/libexec//clang++"
   Compiling apatb_dct.cpp
   Compiling dct.c_pre.c.tb.c
   Compiling dct_test.c_pre.c.tb.c
   Compiling apatb_dct_ir.ll
   Generating cosim.tv.exe
INFO: [COSIM 212-302] Starting C TB testing ... 
ERROR: [COSIM 212-360] Aborting co-simulation: C TB simulation failed.
ERROR: [COSIM 212-320] C TB testing failed, stop generating test vectors. Please check C TB or re-run cosim.
ERROR: [COSIM 212-5] *** C/RTL co-simulation file generation failed. ***
ERROR: [COSIM 212-4] *** C/RTL co-simulation finished: FAIL ***
ERROR: 
INFO: [HLS 200-112] Total CPU user time: 5.48 seconds. Total CPU system time: 1 seconds. Total elapsed time: 7.37 seconds; peak allocated memory: 304.602 MB.
