  **** HLS Build v2024.2 5238294
INFO: [HLS 200-2005] Using work_dir /home/rimurutempest/Code/LSI_Design_Contest/HLS_DesignFlow/Lab3/hls_component_dct/dct 
INFO: [HLS 200-1505] Using default flow_target 'vivado'
Resolution: For help on HLS 200-1505 see docs.xilinx.com/access/sources/dita/topic?Doc_Version=2024.2%20English&url=ug1448-hls-guidance&resourceid=200-1505.html
WARNING: [HLS 200-1921] Skipping unknown ini [hls] entry 'csim.file=/path/to/in.dat' from /home/rimurutempest/Code/LSI_Design_Contest/HLS_DesignFlow/Lab3/hls_component_dct/hls_config.cfg(12)
WARNING: [HLS 200-1921] Skipping unknown ini [hls] entry 'csim.file=/path/to/out.golden.dat' from /home/rimurutempest/Code/LSI_Design_Contest/HLS_DesignFlow/Lab3/hls_component_dct/hls_config.cfg(13)
INFO: [HLS 200-1465] Applying ini 'syn.file=/home/rimurutempest/Code/LSI_Design_Contest/HLS_DesignFlow/Lab3/source/dct.c' from /home/rimurutempest/Code/LSI_Design_Contest/HLS_DesignFlow/Lab3/hls_component_dct/hls_config.cfg(8)
INFO: [HLS 200-10] Adding design file '/home/rimurutempest/Code/LSI_Design_Contest/HLS_DesignFlow/Lab3/source/dct.c' to the project
INFO: [HLS 200-1465] Applying ini 'syn.file=/home/rimurutempest/Code/LSI_Design_Contest/HLS_DesignFlow/Lab3/source/dct.h' from /home/rimurutempest/Code/LSI_Design_Contest/HLS_DesignFlow/Lab3/hls_component_dct/hls_config.cfg(9)
INFO: [HLS 200-10] Adding design file '/home/rimurutempest/Code/LSI_Design_Contest/HLS_DesignFlow/Lab3/source/dct.h' to the project
INFO: [HLS 200-1465] Applying ini 'tb.file=/home/rimurutempest/Code/LSI_Design_Contest/HLS_DesignFlow/Lab3/source/dct_test.c' from /home/rimurutempest/Code/LSI_Design_Contest/HLS_DesignFlow/Lab3/hls_component_dct/hls_config.cfg(10)
INFO: [HLS 200-10] Adding test bench file '/home/rimurutempest/Code/LSI_Design_Contest/HLS_DesignFlow/Lab3/source/dct_test.c' to the project
INFO: [HLS 200-1465] Applying ini 'syn.top=dct' from /home/rimurutempest/Code/LSI_Design_Contest/HLS_DesignFlow/Lab3/hls_component_dct/hls_config.cfg(7)
INFO: [HLS 200-1465] Applying ini 'flow_target=vivado' from /home/rimurutempest/Code/LSI_Design_Contest/HLS_DesignFlow/Lab3/hls_component_dct/hls_config.cfg(4)
INFO: [HLS 200-1505] Using flow_target 'vivado'
Resolution: For help on HLS 200-1505 see docs.xilinx.com/access/sources/dita/topic?Doc_Version=2024.2%20English&url=ug1448-hls-guidance&resourceid=200-1505.html
INFO: [HLS 200-1465] Applying ini 'part=xc7z020clg400-1' from /home/rimurutempest/Code/LSI_Design_Contest/HLS_DesignFlow/Lab3/hls_component_dct/hls_config.cfg(1)
INFO: [HLS 200-1611] Setting target device to 'xc7z020-clg400-1'
INFO: [HLS 200-1465] Applying ini 'clock=10ns' from /home/rimurutempest/Code/LSI_Design_Contest/HLS_DesignFlow/Lab3/hls_component_dct/hls_config.cfg(11)
INFO: [SYN 201-201] Setting up clock 'default' with a period of 10ns.
INFO: [HLS 200-1465] Applying ini 'package.output.format=ip_catalog' from /home/rimurutempest/Code/LSI_Design_Contest/HLS_DesignFlow/Lab3/hls_component_dct/hls_config.cfg(5)
INFO: [HLS 200-111] Finished File checks and directory preparation: CPU user time: 2.62 seconds. CPU system time: 0.28 seconds. Elapsed time: 2.69 seconds; current allocated memory: 246.336 MB.
INFO: [HLS 200-10] Analyzing design file '../source/dct.c' ... 
INFO: [HLS 200-111] Finished Source Code Analysis and Preprocessing: CPU user time: 0.21 seconds. CPU system time: 0.39 seconds. Elapsed time: 0.73 seconds; current allocated memory: 247.984 MB.
INFO: [HLS 200-777] Using interface defaults for 'Vivado' flow target.
INFO: [HLS 200-1995] There were 242 instructions in the design after the 'Compile/Link' phase of compilation. See the Design Size Report for more details: /home/rimurutempest/Code/LSI_Design_Contest/HLS_DesignFlow/Lab3/hls_component_dct/dct/hls/syn/report/csynth_design_size.rpt
INFO: [HLS 200-1995] There were 178 instructions in the design after the 'Unroll/Inline (step 1)' phase of compilation. See the Design Size Report for more details: /home/rimurutempest/Code/LSI_Design_Contest/HLS_DesignFlow/Lab3/hls_component_dct/dct/hls/syn/report/csynth_design_size.rpt
INFO: [HLS 200-1995] There were 156 instructions in the design after the 'Unroll/Inline (step 2)' phase of compilation. See the Design Size Report for more details: /home/rimurutempest/Code/LSI_Design_Contest/HLS_DesignFlow/Lab3/hls_component_dct/dct/hls/syn/report/csynth_design_size.rpt
INFO: [HLS 200-1995] There were 142 instructions in the design after the 'Unroll/Inline (step 3)' phase of compilation. See the Design Size Report for more details: /home/rimurutempest/Code/LSI_Design_Contest/HLS_DesignFlow/Lab3/hls_component_dct/dct/hls/syn/report/csynth_design_size.rpt
INFO: [HLS 200-1995] There were 133 instructions in the design after the 'Unroll/Inline (step 4)' phase of compilation. See the Design Size Report for more details: /home/rimurutempest/Code/LSI_Design_Contest/HLS_DesignFlow/Lab3/hls_component_dct/dct/hls/syn/report/csynth_design_size.rpt
INFO: [HLS 200-1995] There were 133 instructions in the design after the 'Array/Struct (step 1)' phase of compilation. See the Design Size Report for more details: /home/rimurutempest/Code/LSI_Design_Contest/HLS_DesignFlow/Lab3/hls_component_dct/dct/hls/syn/report/csynth_design_size.rpt
INFO: [HLS 200-1995] There were 133 instructions in the design after the 'Array/Struct (step 2)' phase of compilation. See the Design Size Report for more details: /home/rimurutempest/Code/LSI_Design_Contest/HLS_DesignFlow/Lab3/hls_component_dct/dct/hls/syn/report/csynth_design_size.rpt
INFO: [HLS 200-1995] There were 133 instructions in the design after the 'Array/Struct (step 3)' phase of compilation. See the Design Size Report for more details: /home/rimurutempest/Code/LSI_Design_Contest/HLS_DesignFlow/Lab3/hls_component_dct/dct/hls/syn/report/csynth_design_size.rpt
INFO: [HLS 200-1995] There were 133 instructions in the design after the 'Array/Struct (step 4)' phase of compilation. See the Design Size Report for more details: /home/rimurutempest/Code/LSI_Design_Contest/HLS_DesignFlow/Lab3/hls_component_dct/dct/hls/syn/report/csynth_design_size.rpt
INFO: [HLS 200-1995] There were 135 instructions in the design after the 'Array/Struct (step 5)' phase of compilation. See the Design Size Report for more details: /home/rimurutempest/Code/LSI_Design_Contest/HLS_DesignFlow/Lab3/hls_component_dct/dct/hls/syn/report/csynth_design_size.rpt
INFO: [HLS 200-1995] There were 135 instructions in the design after the 'Performance (step 1)' phase of compilation. See the Design Size Report for more details: /home/rimurutempest/Code/LSI_Design_Contest/HLS_DesignFlow/Lab3/hls_component_dct/dct/hls/syn/report/csynth_design_size.rpt
INFO: [HLS 200-1995] There were 231 instructions in the design after the 'Performance (step 2)' phase of compilation. See the Design Size Report for more details: /home/rimurutempest/Code/LSI_Design_Contest/HLS_DesignFlow/Lab3/hls_component_dct/dct/hls/syn/report/csynth_design_size.rpt
INFO: [HLS 200-1995] There were 612 instructions in the design after the 'Performance (step 3)' phase of compilation. See the Design Size Report for more details: /home/rimurutempest/Code/LSI_Design_Contest/HLS_DesignFlow/Lab3/hls_component_dct/dct/hls/syn/report/csynth_design_size.rpt
INFO: [HLS 200-1995] There were 388 instructions in the design after the 'Performance (step 4)' phase of compilation. See the Design Size Report for more details: /home/rimurutempest/Code/LSI_Design_Contest/HLS_DesignFlow/Lab3/hls_component_dct/dct/hls/syn/report/csynth_design_size.rpt
INFO: [HLS 200-1995] There were 392 instructions in the design after the 'HW Transforms (step 1)' phase of compilation. See the Design Size Report for more details: /home/rimurutempest/Code/LSI_Design_Contest/HLS_DesignFlow/Lab3/hls_component_dct/dct/hls/syn/report/csynth_design_size.rpt
INFO: [HLS 200-1995] There were 405 instructions in the design after the 'HW Transforms (step 2)' phase of compilation. See the Design Size Report for more details: /home/rimurutempest/Code/LSI_Design_Contest/HLS_DesignFlow/Lab3/hls_component_dct/dct/hls/syn/report/csynth_design_size.rpt
INFO: [HLS 214-178] Inlining function 'dct_1d' into 'dct_2d' (../source/dct.c:51:0)
INFO: [HLS 214-178] Inlining function 'read_data' into 'dct' (../source/dct.c:105:0)
INFO: [HLS 214-178] Inlining function 'dct_2d' into 'dct' (../source/dct.c:105:0)
INFO: [HLS 214-178] Inlining function 'write_data' into 'dct' (../source/dct.c:105:0)
INFO: [HLS 214-376] automatically set the pipeline for Loop< RD_Loop_Col> at ../source/dct.c:87:7 
INFO: [HLS 214-376] automatically set the pipeline for Loop< DCT_Outer_Loop> at ../source/dct.c:39:4 
INFO: [HLS 214-376] automatically set the pipeline for Loop< Xpose_Row_Inner_Loop> at ../source/dct.c:65:7 
INFO: [HLS 214-376] automatically set the pipeline for Loop< Xpose_Col_Inner_Loop> at ../source/dct.c:76:7 
INFO: [HLS 214-376] automatically set the pipeline for Loop< WR_Loop_Col> at ../source/dct.c:99:7 
INFO: [HLS 214-291] Loop 'DCT_Inner_Loop' is marked as complete unroll implied by the pipeline pragma (../source/dct.c:41:7)
INFO: [HLS 214-186] Unrolling loop 'DCT_Inner_Loop' (../source/dct.c:41:7) in function 'dct' completely with a factor of 8 (../source/dct.c:105:0)
INFO: [HLS 214-449] Automatically partitioning array 'dct_1d.dct_coeff_table' dimension 2 completely based on constant index. (../source/dct.c:34:0)
INFO: [HLS 214-270] Inferring pragma 'array_partition type=complete dim=2' for array 'dct_1d.dct_coeff_table' due to pipeline pragma (../source/dct.c:34:0)
INFO: [HLS 214-270] Inferring pragma 'array_partition type=complete dim=2' for array 'col_inbuf.i' due to pipeline pragma (../source/dct.c:53:33)
INFO: [HLS 214-270] Inferring pragma 'array_partition type=complete dim=2' for array 'buf_2d_in' due to pipeline pragma (../source/dct.c:107:10)
INFO: [HLS 214-248] Applying array_partition to 'dct_1d.dct_coeff_table': Complete partitioning on dimension 2. (../source/dct.c:34:0)
INFO: [HLS 214-248] Applying array_partition to 'col_inbuf.i': Complete partitioning on dimension 2. (../source/dct.c:53:33)
INFO: [HLS 214-248] Applying array_partition to 'buf_2d_in': Complete partitioning on dimension 2. (../source/dct.c:107:10)
INFO: [HLS 200-111] Finished Compiling Optimization and Transform: CPU user time: 2.32 seconds. CPU system time: 0.57 seconds. Elapsed time: 7.48 seconds; current allocated memory: 250.230 MB.
INFO: [HLS 200-111] Finished Checking Pragmas: CPU user time: 0 seconds. CPU system time: 0 seconds. Elapsed time: 0.01 seconds; current allocated memory: 250.230 MB.
INFO: [HLS 200-10] Starting code transformations ...
INFO: [HLS 200-111] Finished Standard Transforms: CPU user time: 0.01 seconds. CPU system time: 0.01 seconds. Elapsed time: 0.03 seconds; current allocated memory: 250.820 MB.
INFO: [HLS 200-10] Checking synthesizability ...
INFO: [HLS 200-111] Finished Checking Synthesizability: CPU user time: 0.02 seconds. CPU system time: 0 seconds. Elapsed time: 0.02 seconds; current allocated memory: 250.887 MB.
INFO: [XFORM 203-11] Balancing expressions in function 'dct' (../source/dct.c:32:7)...16 expression(s) balanced.
INFO: [HLS 200-111] Finished Loop, function and other optimizations: CPU user time: 0.06 seconds. CPU system time: 0.01 seconds. Elapsed time: 0.07 seconds; current allocated memory: 273.750 MB.
INFO: [HLS 200-2061] Successfully converted nested loops 'RD_Loop_Row'(../source/dct.c:85:4) and 'RD_Loop_Col'(../source/dct.c:87:7) in function 'dct' into perfectly nested loops.
INFO: [HLS 200-2061] Successfully converted nested loops 'Row_DCT_Loop'(../source/dct.c:58:4) and 'DCT_Outer_Loop'(../source/dct.c:39:4) in function 'dct' into perfectly nested loops.
INFO: [HLS 200-2061] Successfully converted nested loops 'Xpose_Row_Outer_Loop'(../source/dct.c:63:4) and 'Xpose_Row_Inner_Loop'(../source/dct.c:65:7) in function 'dct' into perfectly nested loops.
INFO: [HLS 200-2061] Successfully converted nested loops 'Col_DCT_Loop'(../source/dct.c:69:4) and 'DCT_Outer_Loop'(../source/dct.c:39:4) in function 'dct' into perfectly nested loops.
INFO: [HLS 200-2061] Successfully converted nested loops 'Xpose_Col_Outer_Loop'(../source/dct.c:74:4) and 'Xpose_Col_Inner_Loop'(../source/dct.c:76:7) in function 'dct' into perfectly nested loops.
INFO: [HLS 200-2061] Successfully converted nested loops 'WR_Loop_Row'(../source/dct.c:97:4) and 'WR_Loop_Col'(../source/dct.c:99:7) in function 'dct' into perfectly nested loops.
INFO: [XFORM 203-541] Flattening a loop nest 'RD_Loop_Row' (../source/dct.c:85:4) in function 'dct'.
INFO: [XFORM 203-541] Flattening a loop nest 'Row_DCT_Loop' (../source/dct.c:58:4) in function 'dct'.
INFO: [XFORM 203-541] Flattening a loop nest 'Xpose_Row_Outer_Loop' (../source/dct.c:63:4) in function 'dct'.
INFO: [XFORM 203-541] Flattening a loop nest 'Col_DCT_Loop' (../source/dct.c:69:4) in function 'dct'.
INFO: [XFORM 203-541] Flattening a loop nest 'Xpose_Col_Outer_Loop' (../source/dct.c:74:4) in function 'dct'.
INFO: [XFORM 203-541] Flattening a loop nest 'WR_Loop_Row' (../source/dct.c:97:4) in function 'dct'.
INFO: [HLS 200-111] Finished Architecture Synthesis: CPU user time: 0.06 seconds. CPU system time: 0.02 seconds. Elapsed time: 0.09 seconds; current allocated memory: 321.395 MB.
INFO: [HLS 200-10] Starting hardware synthesis ...
INFO: [HLS 200-10] Synthesizing 'dct' ...
INFO: [HLS 200-10] ----------------------------------------------------------------
INFO: [HLS 200-42] -- Implementing module 'dct_Pipeline_RD_Loop_Row_RD_Loop_Col' 
INFO: [HLS 200-10] ----------------------------------------------------------------
INFO: [SCHED 204-11] Starting scheduling ...
INFO: [SCHED 204-61] Pipelining loop 'RD_Loop_Row_RD_Loop_Col'.
INFO: [HLS 200-1470] Pipelining result : Target II = NA, Final II = 1, Depth = 4, loop 'RD_Loop_Row_RD_Loop_Col'
INFO: [SCHED 204-11] Finished scheduling.
INFO: [HLS 200-111] Finished Scheduling: CPU user time: 0.03 seconds. CPU system time: 0.01 seconds. Elapsed time: 0.06 seconds; current allocated memory: 322.402 MB.
INFO: [BIND 205-100] Starting micro-architecture generation ...
INFO: [BIND 205-101] Performing variable lifetime analysis.
INFO: [BIND 205-101] Exploring resource sharing.
INFO: [BIND 205-101] Binding ...
INFO: [BIND 205-100] Finished micro-architecture generation.
INFO: [HLS 200-111] Finished Binding: CPU user time: 0.01 seconds. CPU system time: 0.01 seconds. Elapsed time: 0.01 seconds; current allocated memory: 322.402 MB.
INFO: [HLS 200-10] ----------------------------------------------------------------
INFO: [HLS 200-42] -- Implementing module 'dct_Pipeline_Row_DCT_Loop_DCT_Outer_Loop' 
INFO: [HLS 200-10] ----------------------------------------------------------------
INFO: [SCHED 204-11] Starting scheduling ...
INFO: [HLS 200-486] Changing DSP latency (root=add_ln45_5) to 3 in order to utilize available DSP registers.
INFO: [HLS 200-486] Changing DSP latency (root=add_ln45_4) to 3 in order to utilize available DSP registers.
INFO: [HLS 200-486] Changing DSP latency (root=add_ln45_3) to 3 in order to utilize available DSP registers.
INFO: [HLS 200-486] Changing DSP latency (root=add_ln45_1) to 3 in order to utilize available DSP registers.
INFO: [HLS 200-486] Changing DSP latency (root=add_ln45) to 3 in order to utilize available DSP registers.
INFO: [SCHED 204-61] Pipelining loop 'Row_DCT_Loop_DCT_Outer_Loop'.
INFO: [HLS 200-1470] Pipelining result : Target II = NA, Final II = 1, Depth = 9, loop 'Row_DCT_Loop_DCT_Outer_Loop'
INFO: [SCHED 204-11] Finished scheduling.
INFO: [HLS 200-111] Finished Scheduling: CPU user time: 0.04 seconds. CPU system time: 0 seconds. Elapsed time: 0.04 seconds; current allocated memory: 322.402 MB.
INFO: [BIND 205-100] Starting micro-architecture generation ...
INFO: [BIND 205-101] Performing variable lifetime analysis.
INFO: [BIND 205-101] Exploring resource sharing.
INFO: [BIND 205-101] Binding ...
INFO: [BIND 205-100] Finished micro-architecture generation.
INFO: [HLS 200-111] Finished Binding: CPU user time: 0.01 seconds. CPU system time: 0 seconds. Elapsed time: 0.02 seconds; current allocated memory: 322.402 MB.
INFO: [HLS 200-10] ----------------------------------------------------------------
INFO: [HLS 200-42] -- Implementing module 'dct_Pipeline_Xpose_Row_Outer_Loop_Xpose_Row_Inner_Loop' 
INFO: [HLS 200-10] ----------------------------------------------------------------
INFO: [SCHED 204-11] Starting scheduling ...
INFO: [SCHED 204-61] Pipelining loop 'Xpose_Row_Outer_Loop_Xpose_Row_Inner_Loop'.
INFO: [HLS 200-1470] Pipelining result : Target II = NA, Final II = 1, Depth = 4, loop 'Xpose_Row_Outer_Loop_Xpose_Row_Inner_Loop'
INFO: [SCHED 204-11] Finished scheduling.
INFO: [HLS 200-111] Finished Scheduling: CPU user time: 0.03 seconds. CPU system time: 0 seconds. Elapsed time: 0.03 seconds; current allocated memory: 322.406 MB.
INFO: [BIND 205-100] Starting micro-architecture generation ...
INFO: [BIND 205-101] Performing variable lifetime analysis.
INFO: [BIND 205-101] Exploring resource sharing.
INFO: [BIND 205-101] Binding ...
INFO: [BIND 205-100] Finished micro-architecture generation.
INFO: [HLS 200-111] Finished Binding: CPU user time: 0.01 seconds. CPU system time: 0.01 seconds. Elapsed time: 0.02 seconds; current allocated memory: 322.406 MB.
INFO: [HLS 200-10] ----------------------------------------------------------------
INFO: [HLS 200-42] -- Implementing module 'dct_Pipeline_Col_DCT_Loop_DCT_Outer_Loop' 
INFO: [HLS 200-10] ----------------------------------------------------------------
INFO: [SCHED 204-11] Starting scheduling ...
INFO: [HLS 200-486] Changing DSP latency (root=add_ln45_13) to 3 in order to utilize available DSP registers.
INFO: [HLS 200-486] Changing DSP latency (root=add_ln45_12) to 3 in order to utilize available DSP registers.
INFO: [HLS 200-486] Changing DSP latency (root=add_ln45_11) to 3 in order to utilize available DSP registers.
INFO: [HLS 200-486] Changing DSP latency (root=add_ln45_9) to 3 in order to utilize available DSP registers.
INFO: [HLS 200-486] Changing DSP latency (root=add_ln45_8) to 3 in order to utilize available DSP registers.
INFO: [SCHED 204-61] Pipelining loop 'Col_DCT_Loop_DCT_Outer_Loop'.
INFO: [HLS 200-1470] Pipelining result : Target II = NA, Final II = 1, Depth = 9, loop 'Col_DCT_Loop_DCT_Outer_Loop'
INFO: [SCHED 204-11] Finished scheduling.
INFO: [HLS 200-111] Finished Scheduling: CPU user time: 0.04 seconds. CPU system time: 0 seconds. Elapsed time: 0.04 seconds; current allocated memory: 322.828 MB.
INFO: [BIND 205-100] Starting micro-architecture generation ...
INFO: [BIND 205-101] Performing variable lifetime analysis.
INFO: [BIND 205-101] Exploring resource sharing.
INFO: [BIND 205-101] Binding ...
INFO: [BIND 205-100] Finished micro-architecture generation.
INFO: [HLS 200-111] Finished Binding: CPU user time: 0.02 seconds. CPU system time: 0 seconds. Elapsed time: 0.02 seconds; current allocated memory: 322.828 MB.
INFO: [HLS 200-10] ----------------------------------------------------------------
INFO: [HLS 200-42] -- Implementing module 'dct_Pipeline_Xpose_Col_Outer_Loop_Xpose_Col_Inner_Loop' 
INFO: [HLS 200-10] ----------------------------------------------------------------
INFO: [SCHED 204-11] Starting scheduling ...
INFO: [SCHED 204-61] Pipelining loop 'Xpose_Col_Outer_Loop_Xpose_Col_Inner_Loop'.
INFO: [HLS 200-1470] Pipelining result : Target II = NA, Final II = 1, Depth = 4, loop 'Xpose_Col_Outer_Loop_Xpose_Col_Inner_Loop'
INFO: [SCHED 204-11] Finished scheduling.
INFO: [HLS 200-111] Finished Scheduling: CPU user time: 0.02 seconds. CPU system time: 0 seconds. Elapsed time: 0.03 seconds; current allocated memory: 323.293 MB.
INFO: [BIND 205-100] Starting micro-architecture generation ...
INFO: [BIND 205-101] Performing variable lifetime analysis.
INFO: [BIND 205-101] Exploring resource sharing.
INFO: [BIND 205-101] Binding ...
INFO: [BIND 205-100] Finished micro-architecture generation.
INFO: [HLS 200-111] Finished Binding: CPU user time: 0.02 seconds. CPU system time: 0 seconds. Elapsed time: 0.01 seconds; current allocated memory: 323.293 MB.
INFO: [HLS 200-10] ----------------------------------------------------------------
INFO: [HLS 200-42] -- Implementing module 'dct_Pipeline_WR_Loop_Row_WR_Loop_Col' 
INFO: [HLS 200-10] ----------------------------------------------------------------
INFO: [SCHED 204-11] Starting scheduling ...
INFO: [SCHED 204-61] Pipelining loop 'WR_Loop_Row_WR_Loop_Col'.
INFO: [HLS 200-1470] Pipelining result : Target II = NA, Final II = 1, Depth = 4, loop 'WR_Loop_Row_WR_Loop_Col'
INFO: [SCHED 204-11] Finished scheduling.
INFO: [HLS 200-111] Finished Scheduling: CPU user time: 0.01 seconds. CPU system time: 0 seconds. Elapsed time: 0.02 seconds; current allocated memory: 323.691 MB.
INFO: [BIND 205-100] Starting micro-architecture generation ...
INFO: [BIND 205-101] Performing variable lifetime analysis.
INFO: [BIND 205-101] Exploring resource sharing.
INFO: [BIND 205-101] Binding ...
INFO: [BIND 205-100] Finished micro-architecture generation.
INFO: [HLS 200-111] Finished Binding: CPU user time: 0.02 seconds. CPU system time: 0 seconds. Elapsed time: 0.01 seconds; current allocated memory: 323.691 MB.
INFO: [HLS 200-10] ----------------------------------------------------------------
INFO: [HLS 200-42] -- Implementing module 'dct' 
INFO: [HLS 200-10] ----------------------------------------------------------------
INFO: [SCHED 204-11] Starting scheduling ...
INFO: [SCHED 204-11] Finished scheduling.
INFO: [HLS 200-111] Finished Scheduling: CPU user time: 0.01 seconds. CPU system time: 0 seconds. Elapsed time: 0.02 seconds; current allocated memory: 324.020 MB.
INFO: [BIND 205-100] Starting micro-architecture generation ...
INFO: [BIND 205-101] Performing variable lifetime analysis.
INFO: [BIND 205-101] Exploring resource sharing.
INFO: [BIND 205-101] Binding ...
INFO: [BIND 205-100] Finished micro-architecture generation.
INFO: [HLS 200-111] Finished Binding: CPU user time: 0.01 seconds. CPU system time: 0 seconds. Elapsed time: 0.01 seconds; current allocated memory: 324.020 MB.
INFO: [HLS 200-10] ----------------------------------------------------------------
INFO: [HLS 200-10] -- Generating RTL for module 'dct_Pipeline_RD_Loop_Row_RD_Loop_Col' 
INFO: [HLS 200-10] ----------------------------------------------------------------
INFO: [HLS 200-1030] Apply Unified Pipeline Control on module 'dct_Pipeline_RD_Loop_Row_RD_Loop_Col' pipeline 'RD_Loop_Row_RD_Loop_Col' pipeline type 'loop pipeline'
INFO: [RTGEN 206-100] Finished creating RTL model for 'dct_Pipeline_RD_Loop_Row_RD_Loop_Col'.
INFO: [HLS 200-111] Finished Creating RTL model: CPU user time: 0.03 seconds. CPU system time: 0.01 seconds. Elapsed time: 0.03 seconds; current allocated memory: 324.020 MB.
INFO: [HLS 200-10] ----------------------------------------------------------------
INFO: [HLS 200-10] -- Generating RTL for module 'dct_Pipeline_Row_DCT_Loop_DCT_Outer_Loop' 
INFO: [HLS 200-10] ----------------------------------------------------------------
INFO: [HLS 200-1030] Apply Unified Pipeline Control on module 'dct_Pipeline_Row_DCT_Loop_DCT_Outer_Loop' pipeline 'Row_DCT_Loop_DCT_Outer_Loop' pipeline type 'loop pipeline'
INFO: [RTGEN 206-100] Generating core module 'mac_muladd_16s_15s_13ns_29_4_1': 1 instance(s).
INFO: [RTGEN 206-100] Generating core module 'mac_muladd_16s_15s_29ns_29_4_1': 1 instance(s).
INFO: [RTGEN 206-100] Generating core module 'mac_muladd_16s_15s_29s_29_4_1': 3 instance(s).
INFO: [RTGEN 206-100] Generating core module 'mul_14ns_16s_29_1_1': 1 instance(s).
INFO: [RTGEN 206-100] Generating core module 'mul_15s_16s_29_1_1': 2 instance(s).
INFO: [RTGEN 206-100] Finished creating RTL model for 'dct_Pipeline_Row_DCT_Loop_DCT_Outer_Loop'.
INFO: [HLS 200-111] Finished Creating RTL model: CPU user time: 0.05 seconds. CPU system time: 0.01 seconds. Elapsed time: 0.07 seconds; current allocated memory: 326.234 MB.
INFO: [HLS 200-10] ----------------------------------------------------------------
INFO: [HLS 200-10] -- Generating RTL for module 'dct_Pipeline_Xpose_Row_Outer_Loop_Xpose_Row_Inner_Loop' 
INFO: [HLS 200-10] ----------------------------------------------------------------
INFO: [HLS 200-1030] Apply Unified Pipeline Control on module 'dct_Pipeline_Xpose_Row_Outer_Loop_Xpose_Row_Inner_Loop' pipeline 'Xpose_Row_Outer_Loop_Xpose_Row_Inner_Loop' pipeline type 'loop pipeline'
INFO: [RTGEN 206-100] Finished creating RTL model for 'dct_Pipeline_Xpose_Row_Outer_Loop_Xpose_Row_Inner_Loop'.
INFO: [HLS 200-111] Finished Creating RTL model: CPU user time: 0.05 seconds. CPU system time: 0.01 seconds. Elapsed time: 0.06 seconds; current allocated memory: 328.668 MB.
INFO: [HLS 200-10] ----------------------------------------------------------------
INFO: [HLS 200-10] -- Generating RTL for module 'dct_Pipeline_Col_DCT_Loop_DCT_Outer_Loop' 
INFO: [HLS 200-10] ----------------------------------------------------------------
INFO: [HLS 200-1030] Apply Unified Pipeline Control on module 'dct_Pipeline_Col_DCT_Loop_DCT_Outer_Loop' pipeline 'Col_DCT_Loop_DCT_Outer_Loop' pipeline type 'loop pipeline'
INFO: [RTGEN 206-100] Generating core module 'mac_muladd_16s_15s_13ns_29_4_1': 1 instance(s).
INFO: [RTGEN 206-100] Generating core module 'mac_muladd_16s_15s_29ns_29_4_1': 1 instance(s).
INFO: [RTGEN 206-100] Generating core module 'mac_muladd_16s_15s_29s_29_4_1': 3 instance(s).
INFO: [RTGEN 206-100] Generating core module 'mul_14ns_16s_29_1_1': 1 instance(s).
INFO: [RTGEN 206-100] Generating core module 'mul_15s_16s_29_1_1': 2 instance(s).
INFO: [RTGEN 206-100] Finished creating RTL model for 'dct_Pipeline_Col_DCT_Loop_DCT_Outer_Loop'.
INFO: [HLS 200-111] Finished Creating RTL model: CPU user time: 0.05 seconds. CPU system time: 0.01 seconds. Elapsed time: 0.05 seconds; current allocated memory: 330.938 MB.
INFO: [HLS 200-10] ----------------------------------------------------------------
INFO: [HLS 200-10] -- Generating RTL for module 'dct_Pipeline_Xpose_Col_Outer_Loop_Xpose_Col_Inner_Loop' 
INFO: [HLS 200-10] ----------------------------------------------------------------
INFO: [HLS 200-1030] Apply Unified Pipeline Control on module 'dct_Pipeline_Xpose_Col_Outer_Loop_Xpose_Col_Inner_Loop' pipeline 'Xpose_Col_Outer_Loop_Xpose_Col_Inner_Loop' pipeline type 'loop pipeline'
INFO: [RTGEN 206-100] Finished creating RTL model for 'dct_Pipeline_Xpose_Col_Outer_Loop_Xpose_Col_Inner_Loop'.
INFO: [HLS 200-111] Finished Creating RTL model: CPU user time: 0.04 seconds. CPU system time: 0.01 seconds. Elapsed time: 0.06 seconds; current allocated memory: 333.152 MB.
INFO: [HLS 200-10] ----------------------------------------------------------------
INFO: [HLS 200-10] -- Generating RTL for module 'dct_Pipeline_WR_Loop_Row_WR_Loop_Col' 
INFO: [HLS 200-10] ----------------------------------------------------------------
INFO: [HLS 200-1030] Apply Unified Pipeline Control on module 'dct_Pipeline_WR_Loop_Row_WR_Loop_Col' pipeline 'WR_Loop_Row_WR_Loop_Col' pipeline type 'loop pipeline'
INFO: [RTGEN 206-100] Finished creating RTL model for 'dct_Pipeline_WR_Loop_Row_WR_Loop_Col'.
INFO: [HLS 200-111] Finished Creating RTL model: CPU user time: 0.03 seconds. CPU system time: 0 seconds. Elapsed time: 0.04 seconds; current allocated memory: 334.270 MB.
INFO: [HLS 200-10] ----------------------------------------------------------------
INFO: [HLS 200-10] -- Generating RTL for module 'dct' 
INFO: [HLS 200-10] ----------------------------------------------------------------
INFO: [RTGEN 206-500] Setting interface mode on port 'dct/input_r' to 'ap_memory'.
INFO: [RTGEN 206-500] Setting interface mode on port 'dct/output_r' to 'ap_memory'.
INFO: [RTGEN 206-500] Setting interface mode on function 'dct' to 'ap_ctrl_hs'.
INFO: [RTGEN 206-100] Finished creating RTL model for 'dct'.
INFO: [RTMG 210-279] Implementing memory 'dct_dct_1d_dct_coeff_table_0_ROM_AUTO_1R' using auto ROMs.
INFO: [RTMG 210-279] Implementing memory 'dct_dct_1d_dct_coeff_table_1_ROM_AUTO_1R' using auto ROMs.
INFO: [RTMG 210-279] Implementing memory 'dct_dct_1d_dct_coeff_table_2_ROM_AUTO_1R' using auto ROMs.
INFO: [RTMG 210-279] Implementing memory 'dct_dct_1d_dct_coeff_table_3_ROM_AUTO_1R' using auto ROMs.
INFO: [RTMG 210-279] Implementing memory 'dct_dct_1d_dct_coeff_table_4_ROM_AUTO_1R' using auto ROMs.
INFO: [RTMG 210-279] Implementing memory 'dct_dct_1d_dct_coeff_table_5_ROM_AUTO_1R' using auto ROMs.
INFO: [RTMG 210-279] Implementing memory 'dct_dct_1d_dct_coeff_table_6_ROM_AUTO_1R' using auto ROMs.
INFO: [RTMG 210-279] Implementing memory 'dct_dct_1d_dct_coeff_table_7_ROM_AUTO_1R' using auto ROMs.
INFO: [RTMG 210-278] Implementing memory 'dct_row_outbuf_RAM_AUTO_1R1W' using auto RAMs.
INFO: [RTMG 210-278] Implementing memory 'dct_col_inbuf_RAM_AUTO_1R1W' using auto RAMs.
INFO: [HLS 200-111] Finished Creating RTL model: CPU user time: 0.05 seconds. CPU system time: 0.01 seconds. Elapsed time: 0.06 seconds; current allocated memory: 336.914 MB.
INFO: [HLS 200-111] Finished Generating all RTL models: CPU user time: 0.13 seconds. CPU system time: 0.03 seconds. Elapsed time: 0.15 seconds; current allocated memory: 340.207 MB.
INFO: [HLS 200-111] Finished Updating report files: CPU user time: 0.19 seconds. CPU system time: 0.03 seconds. Elapsed time: 0.22 seconds; current allocated memory: 344.820 MB.
INFO: [VHDL 208-304] Generating VHDL RTL for dct.
INFO: [VLOG 209-307] Generating Verilog RTL for dct.
INFO: [HLS 200-790] **** Loop Constraint Status: All loop constraints were satisfied.
INFO: [HLS 200-789] **** Estimated Fmax: 153.66 MHz
INFO: [HLS 200-112] Total CPU user time: 6.26 seconds. Total CPU system time: 1.44 seconds. Total elapsed time: 12.25 seconds; peak allocated memory: 345.262 MB.
INFO: [v++ 60-791] Total elapsed time: 0h 0m 15s
