

================================================================
== Vitis HLS Report for 'Universal_Engine_Kernel_16_half_Pipeline_CBI_STATS'
================================================================
* Date:           Thu May 14 22:54:11 2026

* Version:        2024.2 (Build 5238294 on Nov  8 2024)
* Project:        prj
* Solution:       solution1 (Vitis Kernel Flow Target)
* Product family: zynquplus
* Target device:  xczu7ev-ffvc1156-2-e


================================================================
== Performance Estimates
================================================================
+ Timing: 
    * Summary: 
    +--------+---------+----------+------------+
    |  Clock |  Target | Estimated| Uncertainty|
    +--------+---------+----------+------------+
    |ap_clk  |  3.33 ns|  2.433 ns|     0.90 ns|
    +--------+---------+----------+------------+

+ Latency: 
    * Summary: 
    +---------+---------+----------+----------+-----+-----+------------------------------------------------+
    |  Latency (cycles) |  Latency (absolute) |  Interval |                    Pipeline                    |
    |   min   |   max   |    min   |    max   | min | max |                      Type                      |
    +---------+---------+----------+----------+-----+-----+------------------------------------------------+
    |      176|      176|  0.587 us|  0.587 us|   15|   15|  loop auto-rewind stp (delay=0 clock cycles(s))|
    +---------+---------+----------+----------+-----+-----+------------------------------------------------+

    + Detail: 
        * Instance: 
        N/A

        * Loop: 
        +-------------+---------+---------+----------+-----------+-----------+------+----------+
        |             |  Latency (cycles) | Iteration|  Initiation Interval  | Trip |          |
        |  Loop Name  |   min   |   max   |  Latency |  achieved |   target  | Count| Pipelined|
        +-------------+---------+---------+----------+-----------+-----------+------+----------+
        |- CBI_STATS  |      174|      174|       162|          1|          1|    14|       yes|
        +-------------+---------+---------+----------+-----------+-----------+------+----------+



================================================================
== Utilization Estimates
================================================================
* Summary: 
+-----------------+---------+------+--------+--------+-----+
|       Name      | BRAM_18K|  DSP |   FF   |   LUT  | URAM|
+-----------------+---------+------+--------+--------+-----+
|DSP              |        -|     -|       -|       -|    -|
|Expression       |        -|     -|       0|    2470|    -|
|FIFO             |        -|     -|       -|       -|    -|
|Instance         |        -|     -|       -|       -|    -|
|Memory           |        -|     -|       -|       -|    -|
|Multiplexer      |        -|     -|       0|      54|    -|
|Register         |        -|     -|    4078|     672|    -|
+-----------------+---------+------+--------+--------+-----+
|Total            |        0|     0|    4078|    3196|    0|
+-----------------+---------+------+--------+--------+-----+
|Available        |      624|  1728|  460800|  230400|   96|
+-----------------+---------+------+--------+--------+-----+
|Utilization (%)  |        0|     0|      ~0|       1|    0|
+-----------------+---------+------+--------+--------+-----+

+ Detail: 
    * Instance: 
    N/A

    * DSP: 
    N/A

    * Memory: 
    N/A

    * FIFO: 
    N/A

    * Expression: 
    +---------------------------+----------+----+---+------+------------+------------+
    |       Variable Name       | Operation| DSP| FF|  LUT | Bitwidth P0| Bitwidth P1|
    +---------------------------+----------+----+---+------+------------+------------+
    |add_ln192_fu_777_p2        |         +|   0|  0|    12|           4|           1|
    |add_ln194_1_fu_795_p2      |         +|   0|  0|    64|          64|          64|
    |add_ln194_fu_801_p2        |         +|   0|  0|    64|          64|          64|
    |icmp_ln192_fu_771_p2       |      icmp|   0|  0|    12|           4|           3|
    |icmp_ln198_fu_1027_p2      |      icmp|   0|  0|    15|           8|           7|
    |lshr_ln194_fu_847_p2       |      lshr|   0|  0|  2171|         512|         512|
    |ap_block_pp0_stage0_11001  |        or|   0|  0|     2|           1|           1|
    |s_local_13_fu_1105_p3      |    select|   0|  0|    16|           1|          16|
    |s_local_15_fu_1121_p3      |    select|   0|  0|    16|           1|          16|
    |s_local_17_fu_1137_p3      |    select|   0|  0|    16|           1|          16|
    |s_local_20_fu_1153_p3      |    select|   0|  0|    16|           1|          16|
    |sq_local_13_fu_1116_p3     |    select|   0|  0|    16|           1|          16|
    |sq_local_15_fu_1132_p3     |    select|   0|  0|    16|           1|          16|
    |sq_local_17_fu_1148_p3     |    select|   0|  0|    16|           1|          16|
    |sq_local_20_fu_1228_p3     |    select|   0|  0|    16|           1|          16|
    |ap_enable_pp0              |       xor|   0|  0|     2|           1|           2|
    +---------------------------+----------+----+---+------+------------+------------+
    |Total                      |          |   0|  0|  2470|         666|         782|
    +---------------------------+----------+----+---+------+------------+------------+

    * Multiplexer: 
    +-------------------------+----+-----------+-----+-----------+
    |           Name          | LUT| Input Size| Bits| Total Bits|
    +-------------------------+----+-----------+-----+-----------+
    |ap_done_int              |   9|          2|    1|          2|
    |ap_enable_reg_pp0_iter1  |   9|          2|    1|          2|
    |ap_sig_allocacmp_j       |   9|          2|    4|          8|
    |gmem_data_blk_n_AR       |   9|          2|    1|          2|
    |gmem_data_blk_n_R        |   9|          2|    1|          2|
    |j_1_fu_212               |   9|          2|    4|          8|
    +-------------------------+----+-----------+-----+-----------+
    |Total                    |  54|         12|   12|         24|
    +-------------------------+----+-----------+-----+-----------+

    * Register: 
    +-------------------------------------------+-----+----+-----+-----------+
    |                    Name                   |  FF | LUT| Bits| Const Bits|
    +-------------------------------------------+-----+----+-----+-----------+
    |ap_CS_fsm                                  |    1|   0|    1|          0|
    |ap_block_pp0_stage0_subdone_grp0_done_reg  |    1|   0|    1|          0|
    |ap_done_reg                                |    1|   0|    1|          0|
    |ap_enable_reg_pp0_iter1                    |    1|   0|    1|          0|
    |ap_enable_reg_pp0_iter10                   |    1|   0|    1|          0|
    |ap_enable_reg_pp0_iter100                  |    1|   0|    1|          0|
    |ap_enable_reg_pp0_iter101                  |    1|   0|    1|          0|
    |ap_enable_reg_pp0_iter102                  |    1|   0|    1|          0|
    |ap_enable_reg_pp0_iter103                  |    1|   0|    1|          0|
    |ap_enable_reg_pp0_iter104                  |    1|   0|    1|          0|
    |ap_enable_reg_pp0_iter105                  |    1|   0|    1|          0|
    |ap_enable_reg_pp0_iter106                  |    1|   0|    1|          0|
    |ap_enable_reg_pp0_iter107                  |    1|   0|    1|          0|
    |ap_enable_reg_pp0_iter108                  |    1|   0|    1|          0|
    |ap_enable_reg_pp0_iter109                  |    1|   0|    1|          0|
    |ap_enable_reg_pp0_iter11                   |    1|   0|    1|          0|
    |ap_enable_reg_pp0_iter110                  |    1|   0|    1|          0|
    |ap_enable_reg_pp0_iter111                  |    1|   0|    1|          0|
    |ap_enable_reg_pp0_iter112                  |    1|   0|    1|          0|
    |ap_enable_reg_pp0_iter113                  |    1|   0|    1|          0|
    |ap_enable_reg_pp0_iter114                  |    1|   0|    1|          0|
    |ap_enable_reg_pp0_iter115                  |    1|   0|    1|          0|
    |ap_enable_reg_pp0_iter116                  |    1|   0|    1|          0|
    |ap_enable_reg_pp0_iter117                  |    1|   0|    1|          0|
    |ap_enable_reg_pp0_iter118                  |    1|   0|    1|          0|
    |ap_enable_reg_pp0_iter119                  |    1|   0|    1|          0|
    |ap_enable_reg_pp0_iter12                   |    1|   0|    1|          0|
    |ap_enable_reg_pp0_iter120                  |    1|   0|    1|          0|
    |ap_enable_reg_pp0_iter121                  |    1|   0|    1|          0|
    |ap_enable_reg_pp0_iter122                  |    1|   0|    1|          0|
    |ap_enable_reg_pp0_iter123                  |    1|   0|    1|          0|
    |ap_enable_reg_pp0_iter124                  |    1|   0|    1|          0|
    |ap_enable_reg_pp0_iter125                  |    1|   0|    1|          0|
    |ap_enable_reg_pp0_iter126                  |    1|   0|    1|          0|
    |ap_enable_reg_pp0_iter127                  |    1|   0|    1|          0|
    |ap_enable_reg_pp0_iter128                  |    1|   0|    1|          0|
    |ap_enable_reg_pp0_iter129                  |    1|   0|    1|          0|
    |ap_enable_reg_pp0_iter13                   |    1|   0|    1|          0|
    |ap_enable_reg_pp0_iter130                  |    1|   0|    1|          0|
    |ap_enable_reg_pp0_iter131                  |    1|   0|    1|          0|
    |ap_enable_reg_pp0_iter132                  |    1|   0|    1|          0|
    |ap_enable_reg_pp0_iter133                  |    1|   0|    1|          0|
    |ap_enable_reg_pp0_iter134                  |    1|   0|    1|          0|
    |ap_enable_reg_pp0_iter135                  |    1|   0|    1|          0|
    |ap_enable_reg_pp0_iter136                  |    1|   0|    1|          0|
    |ap_enable_reg_pp0_iter137                  |    1|   0|    1|          0|
    |ap_enable_reg_pp0_iter138                  |    1|   0|    1|          0|
    |ap_enable_reg_pp0_iter139                  |    1|   0|    1|          0|
    |ap_enable_reg_pp0_iter14                   |    1|   0|    1|          0|
    |ap_enable_reg_pp0_iter140                  |    1|   0|    1|          0|
    |ap_enable_reg_pp0_iter141                  |    1|   0|    1|          0|
    |ap_enable_reg_pp0_iter142                  |    1|   0|    1|          0|
    |ap_enable_reg_pp0_iter143                  |    1|   0|    1|          0|
    |ap_enable_reg_pp0_iter144                  |    1|   0|    1|          0|
    |ap_enable_reg_pp0_iter145                  |    1|   0|    1|          0|
    |ap_enable_reg_pp0_iter146                  |    1|   0|    1|          0|
    |ap_enable_reg_pp0_iter147                  |    1|   0|    1|          0|
    |ap_enable_reg_pp0_iter148                  |    1|   0|    1|          0|
    |ap_enable_reg_pp0_iter149                  |    1|   0|    1|          0|
    |ap_enable_reg_pp0_iter15                   |    1|   0|    1|          0|
    |ap_enable_reg_pp0_iter150                  |    1|   0|    1|          0|
    |ap_enable_reg_pp0_iter151                  |    1|   0|    1|          0|
    |ap_enable_reg_pp0_iter152                  |    1|   0|    1|          0|
    |ap_enable_reg_pp0_iter153                  |    1|   0|    1|          0|
    |ap_enable_reg_pp0_iter154                  |    1|   0|    1|          0|
    |ap_enable_reg_pp0_iter155                  |    1|   0|    1|          0|
    |ap_enable_reg_pp0_iter156                  |    1|   0|    1|          0|
    |ap_enable_reg_pp0_iter157                  |    1|   0|    1|          0|
    |ap_enable_reg_pp0_iter158                  |    1|   0|    1|          0|
    |ap_enable_reg_pp0_iter159                  |    1|   0|    1|          0|
    |ap_enable_reg_pp0_iter16                   |    1|   0|    1|          0|
    |ap_enable_reg_pp0_iter160                  |    1|   0|    1|          0|
    |ap_enable_reg_pp0_iter161                  |    1|   0|    1|          0|
    |ap_enable_reg_pp0_iter17                   |    1|   0|    1|          0|
    |ap_enable_reg_pp0_iter18                   |    1|   0|    1|          0|
    |ap_enable_reg_pp0_iter19                   |    1|   0|    1|          0|
    |ap_enable_reg_pp0_iter2                    |    1|   0|    1|          0|
    |ap_enable_reg_pp0_iter20                   |    1|   0|    1|          0|
    |ap_enable_reg_pp0_iter21                   |    1|   0|    1|          0|
    |ap_enable_reg_pp0_iter22                   |    1|   0|    1|          0|
    |ap_enable_reg_pp0_iter23                   |    1|   0|    1|          0|
    |ap_enable_reg_pp0_iter24                   |    1|   0|    1|          0|
    |ap_enable_reg_pp0_iter25                   |    1|   0|    1|          0|
    |ap_enable_reg_pp0_iter26                   |    1|   0|    1|          0|
    |ap_enable_reg_pp0_iter27                   |    1|   0|    1|          0|
    |ap_enable_reg_pp0_iter28                   |    1|   0|    1|          0|
    |ap_enable_reg_pp0_iter29                   |    1|   0|    1|          0|
    |ap_enable_reg_pp0_iter3                    |    1|   0|    1|          0|
    |ap_enable_reg_pp0_iter30                   |    1|   0|    1|          0|
    |ap_enable_reg_pp0_iter31                   |    1|   0|    1|          0|
    |ap_enable_reg_pp0_iter32                   |    1|   0|    1|          0|
    |ap_enable_reg_pp0_iter33                   |    1|   0|    1|          0|
    |ap_enable_reg_pp0_iter34                   |    1|   0|    1|          0|
    |ap_enable_reg_pp0_iter35                   |    1|   0|    1|          0|
    |ap_enable_reg_pp0_iter36                   |    1|   0|    1|          0|
    |ap_enable_reg_pp0_iter37                   |    1|   0|    1|          0|
    |ap_enable_reg_pp0_iter38                   |    1|   0|    1|          0|
    |ap_enable_reg_pp0_iter39                   |    1|   0|    1|          0|
    |ap_enable_reg_pp0_iter4                    |    1|   0|    1|          0|
    |ap_enable_reg_pp0_iter40                   |    1|   0|    1|          0|
    |ap_enable_reg_pp0_iter41                   |    1|   0|    1|          0|
    |ap_enable_reg_pp0_iter42                   |    1|   0|    1|          0|
    |ap_enable_reg_pp0_iter43                   |    1|   0|    1|          0|
    |ap_enable_reg_pp0_iter44                   |    1|   0|    1|          0|
    |ap_enable_reg_pp0_iter45                   |    1|   0|    1|          0|
    |ap_enable_reg_pp0_iter46                   |    1|   0|    1|          0|
    |ap_enable_reg_pp0_iter47                   |    1|   0|    1|          0|
    |ap_enable_reg_pp0_iter48                   |    1|   0|    1|          0|
    |ap_enable_reg_pp0_iter49                   |    1|   0|    1|          0|
    |ap_enable_reg_pp0_iter5                    |    1|   0|    1|          0|
    |ap_enable_reg_pp0_iter50                   |    1|   0|    1|          0|
    |ap_enable_reg_pp0_iter51                   |    1|   0|    1|          0|
    |ap_enable_reg_pp0_iter52                   |    1|   0|    1|          0|
    |ap_enable_reg_pp0_iter53                   |    1|   0|    1|          0|
    |ap_enable_reg_pp0_iter54                   |    1|   0|    1|          0|
    |ap_enable_reg_pp0_iter55                   |    1|   0|    1|          0|
    |ap_enable_reg_pp0_iter56                   |    1|   0|    1|          0|
    |ap_enable_reg_pp0_iter57                   |    1|   0|    1|          0|
    |ap_enable_reg_pp0_iter58                   |    1|   0|    1|          0|
    |ap_enable_reg_pp0_iter59                   |    1|   0|    1|          0|
    |ap_enable_reg_pp0_iter6                    |    1|   0|    1|          0|
    |ap_enable_reg_pp0_iter60                   |    1|   0|    1|          0|
    |ap_enable_reg_pp0_iter61                   |    1|   0|    1|          0|
    |ap_enable_reg_pp0_iter62                   |    1|   0|    1|          0|
    |ap_enable_reg_pp0_iter63                   |    1|   0|    1|          0|
    |ap_enable_reg_pp0_iter64                   |    1|   0|    1|          0|
    |ap_enable_reg_pp0_iter65                   |    1|   0|    1|          0|
    |ap_enable_reg_pp0_iter66                   |    1|   0|    1|          0|
    |ap_enable_reg_pp0_iter67                   |    1|   0|    1|          0|
    |ap_enable_reg_pp0_iter68                   |    1|   0|    1|          0|
    |ap_enable_reg_pp0_iter69                   |    1|   0|    1|          0|
    |ap_enable_reg_pp0_iter7                    |    1|   0|    1|          0|
    |ap_enable_reg_pp0_iter70                   |    1|   0|    1|          0|
    |ap_enable_reg_pp0_iter71                   |    1|   0|    1|          0|
    |ap_enable_reg_pp0_iter72                   |    1|   0|    1|          0|
    |ap_enable_reg_pp0_iter73                   |    1|   0|    1|          0|
    |ap_enable_reg_pp0_iter74                   |    1|   0|    1|          0|
    |ap_enable_reg_pp0_iter75                   |    1|   0|    1|          0|
    |ap_enable_reg_pp0_iter76                   |    1|   0|    1|          0|
    |ap_enable_reg_pp0_iter77                   |    1|   0|    1|          0|
    |ap_enable_reg_pp0_iter78                   |    1|   0|    1|          0|
    |ap_enable_reg_pp0_iter79                   |    1|   0|    1|          0|
    |ap_enable_reg_pp0_iter8                    |    1|   0|    1|          0|
    |ap_enable_reg_pp0_iter80                   |    1|   0|    1|          0|
    |ap_enable_reg_pp0_iter81                   |    1|   0|    1|          0|
    |ap_enable_reg_pp0_iter82                   |    1|   0|    1|          0|
    |ap_enable_reg_pp0_iter83                   |    1|   0|    1|          0|
    |ap_enable_reg_pp0_iter84                   |    1|   0|    1|          0|
    |ap_enable_reg_pp0_iter85                   |    1|   0|    1|          0|
    |ap_enable_reg_pp0_iter86                   |    1|   0|    1|          0|
    |ap_enable_reg_pp0_iter87                   |    1|   0|    1|          0|
    |ap_enable_reg_pp0_iter88                   |    1|   0|    1|          0|
    |ap_enable_reg_pp0_iter89                   |    1|   0|    1|          0|
    |ap_enable_reg_pp0_iter9                    |    1|   0|    1|          0|
    |ap_enable_reg_pp0_iter90                   |    1|   0|    1|          0|
    |ap_enable_reg_pp0_iter91                   |    1|   0|    1|          0|
    |ap_enable_reg_pp0_iter92                   |    1|   0|    1|          0|
    |ap_enable_reg_pp0_iter93                   |    1|   0|    1|          0|
    |ap_enable_reg_pp0_iter94                   |    1|   0|    1|          0|
    |ap_enable_reg_pp0_iter95                   |    1|   0|    1|          0|
    |ap_enable_reg_pp0_iter96                   |    1|   0|    1|          0|
    |ap_enable_reg_pp0_iter97                   |    1|   0|    1|          0|
    |ap_enable_reg_pp0_iter98                   |    1|   0|    1|          0|
    |ap_enable_reg_pp0_iter99                   |    1|   0|    1|          0|
    |ap_loop_exit_ready_pp0_iter100_reg         |    1|   0|    1|          0|
    |ap_loop_exit_ready_pp0_iter101_reg         |    1|   0|    1|          0|
    |ap_loop_exit_ready_pp0_iter102_reg         |    1|   0|    1|          0|
    |ap_loop_exit_ready_pp0_iter103_reg         |    1|   0|    1|          0|
    |ap_loop_exit_ready_pp0_iter104_reg         |    1|   0|    1|          0|
    |ap_loop_exit_ready_pp0_iter105_reg         |    1|   0|    1|          0|
    |ap_loop_exit_ready_pp0_iter106_reg         |    1|   0|    1|          0|
    |ap_loop_exit_ready_pp0_iter107_reg         |    1|   0|    1|          0|
    |ap_loop_exit_ready_pp0_iter108_reg         |    1|   0|    1|          0|
    |ap_loop_exit_ready_pp0_iter109_reg         |    1|   0|    1|          0|
    |ap_loop_exit_ready_pp0_iter10_reg          |    1|   0|    1|          0|
    |ap_loop_exit_ready_pp0_iter110_reg         |    1|   0|    1|          0|
    |ap_loop_exit_ready_pp0_iter111_reg         |    1|   0|    1|          0|
    |ap_loop_exit_ready_pp0_iter112_reg         |    1|   0|    1|          0|
    |ap_loop_exit_ready_pp0_iter113_reg         |    1|   0|    1|          0|
    |ap_loop_exit_ready_pp0_iter114_reg         |    1|   0|    1|          0|
    |ap_loop_exit_ready_pp0_iter115_reg         |    1|   0|    1|          0|
    |ap_loop_exit_ready_pp0_iter116_reg         |    1|   0|    1|          0|
    |ap_loop_exit_ready_pp0_iter117_reg         |    1|   0|    1|          0|
    |ap_loop_exit_ready_pp0_iter118_reg         |    1|   0|    1|          0|
    |ap_loop_exit_ready_pp0_iter119_reg         |    1|   0|    1|          0|
    |ap_loop_exit_ready_pp0_iter11_reg          |    1|   0|    1|          0|
    |ap_loop_exit_ready_pp0_iter120_reg         |    1|   0|    1|          0|
    |ap_loop_exit_ready_pp0_iter121_reg         |    1|   0|    1|          0|
    |ap_loop_exit_ready_pp0_iter122_reg         |    1|   0|    1|          0|
    |ap_loop_exit_ready_pp0_iter123_reg         |    1|   0|    1|          0|
    |ap_loop_exit_ready_pp0_iter124_reg         |    1|   0|    1|          0|
    |ap_loop_exit_ready_pp0_iter125_reg         |    1|   0|    1|          0|
    |ap_loop_exit_ready_pp0_iter126_reg         |    1|   0|    1|          0|
    |ap_loop_exit_ready_pp0_iter127_reg         |    1|   0|    1|          0|
    |ap_loop_exit_ready_pp0_iter128_reg         |    1|   0|    1|          0|
    |ap_loop_exit_ready_pp0_iter129_reg         |    1|   0|    1|          0|
    |ap_loop_exit_ready_pp0_iter12_reg          |    1|   0|    1|          0|
    |ap_loop_exit_ready_pp0_iter130_reg         |    1|   0|    1|          0|
    |ap_loop_exit_ready_pp0_iter131_reg         |    1|   0|    1|          0|
    |ap_loop_exit_ready_pp0_iter132_reg         |    1|   0|    1|          0|
    |ap_loop_exit_ready_pp0_iter133_reg         |    1|   0|    1|          0|
    |ap_loop_exit_ready_pp0_iter134_reg         |    1|   0|    1|          0|
    |ap_loop_exit_ready_pp0_iter135_reg         |    1|   0|    1|          0|
    |ap_loop_exit_ready_pp0_iter136_reg         |    1|   0|    1|          0|
    |ap_loop_exit_ready_pp0_iter137_reg         |    1|   0|    1|          0|
    |ap_loop_exit_ready_pp0_iter138_reg         |    1|   0|    1|          0|
    |ap_loop_exit_ready_pp0_iter139_reg         |    1|   0|    1|          0|
    |ap_loop_exit_ready_pp0_iter13_reg          |    1|   0|    1|          0|
    |ap_loop_exit_ready_pp0_iter140_reg         |    1|   0|    1|          0|
    |ap_loop_exit_ready_pp0_iter141_reg         |    1|   0|    1|          0|
    |ap_loop_exit_ready_pp0_iter142_reg         |    1|   0|    1|          0|
    |ap_loop_exit_ready_pp0_iter143_reg         |    1|   0|    1|          0|
    |ap_loop_exit_ready_pp0_iter144_reg         |    1|   0|    1|          0|
    |ap_loop_exit_ready_pp0_iter145_reg         |    1|   0|    1|          0|
    |ap_loop_exit_ready_pp0_iter146_reg         |    1|   0|    1|          0|
    |ap_loop_exit_ready_pp0_iter147_reg         |    1|   0|    1|          0|
    |ap_loop_exit_ready_pp0_iter148_reg         |    1|   0|    1|          0|
    |ap_loop_exit_ready_pp0_iter149_reg         |    1|   0|    1|          0|
    |ap_loop_exit_ready_pp0_iter14_reg          |    1|   0|    1|          0|
    |ap_loop_exit_ready_pp0_iter150_reg         |    1|   0|    1|          0|
    |ap_loop_exit_ready_pp0_iter151_reg         |    1|   0|    1|          0|
    |ap_loop_exit_ready_pp0_iter152_reg         |    1|   0|    1|          0|
    |ap_loop_exit_ready_pp0_iter153_reg         |    1|   0|    1|          0|
    |ap_loop_exit_ready_pp0_iter154_reg         |    1|   0|    1|          0|
    |ap_loop_exit_ready_pp0_iter155_reg         |    1|   0|    1|          0|
    |ap_loop_exit_ready_pp0_iter156_reg         |    1|   0|    1|          0|
    |ap_loop_exit_ready_pp0_iter157_reg         |    1|   0|    1|          0|
    |ap_loop_exit_ready_pp0_iter158_reg         |    1|   0|    1|          0|
    |ap_loop_exit_ready_pp0_iter159_reg         |    1|   0|    1|          0|
    |ap_loop_exit_ready_pp0_iter15_reg          |    1|   0|    1|          0|
    |ap_loop_exit_ready_pp0_iter160_reg         |    1|   0|    1|          0|
    |ap_loop_exit_ready_pp0_iter16_reg          |    1|   0|    1|          0|
    |ap_loop_exit_ready_pp0_iter17_reg          |    1|   0|    1|          0|
    |ap_loop_exit_ready_pp0_iter18_reg          |    1|   0|    1|          0|
    |ap_loop_exit_ready_pp0_iter19_reg          |    1|   0|    1|          0|
    |ap_loop_exit_ready_pp0_iter1_reg           |    1|   0|    1|          0|
    |ap_loop_exit_ready_pp0_iter20_reg          |    1|   0|    1|          0|
    |ap_loop_exit_ready_pp0_iter21_reg          |    1|   0|    1|          0|
    |ap_loop_exit_ready_pp0_iter22_reg          |    1|   0|    1|          0|
    |ap_loop_exit_ready_pp0_iter23_reg          |    1|   0|    1|          0|
    |ap_loop_exit_ready_pp0_iter24_reg          |    1|   0|    1|          0|
    |ap_loop_exit_ready_pp0_iter25_reg          |    1|   0|    1|          0|
    |ap_loop_exit_ready_pp0_iter26_reg          |    1|   0|    1|          0|
    |ap_loop_exit_ready_pp0_iter27_reg          |    1|   0|    1|          0|
    |ap_loop_exit_ready_pp0_iter28_reg          |    1|   0|    1|          0|
    |ap_loop_exit_ready_pp0_iter29_reg          |    1|   0|    1|          0|
    |ap_loop_exit_ready_pp0_iter2_reg           |    1|   0|    1|          0|
    |ap_loop_exit_ready_pp0_iter30_reg          |    1|   0|    1|          0|
    |ap_loop_exit_ready_pp0_iter31_reg          |    1|   0|    1|          0|
    |ap_loop_exit_ready_pp0_iter32_reg          |    1|   0|    1|          0|
    |ap_loop_exit_ready_pp0_iter33_reg          |    1|   0|    1|          0|
    |ap_loop_exit_ready_pp0_iter34_reg          |    1|   0|    1|          0|
    |ap_loop_exit_ready_pp0_iter35_reg          |    1|   0|    1|          0|
    |ap_loop_exit_ready_pp0_iter36_reg          |    1|   0|    1|          0|
    |ap_loop_exit_ready_pp0_iter37_reg          |    1|   0|    1|          0|
    |ap_loop_exit_ready_pp0_iter38_reg          |    1|   0|    1|          0|
    |ap_loop_exit_ready_pp0_iter39_reg          |    1|   0|    1|          0|
    |ap_loop_exit_ready_pp0_iter3_reg           |    1|   0|    1|          0|
    |ap_loop_exit_ready_pp0_iter40_reg          |    1|   0|    1|          0|
    |ap_loop_exit_ready_pp0_iter41_reg          |    1|   0|    1|          0|
    |ap_loop_exit_ready_pp0_iter42_reg          |    1|   0|    1|          0|
    |ap_loop_exit_ready_pp0_iter43_reg          |    1|   0|    1|          0|
    |ap_loop_exit_ready_pp0_iter44_reg          |    1|   0|    1|          0|
    |ap_loop_exit_ready_pp0_iter45_reg          |    1|   0|    1|          0|
    |ap_loop_exit_ready_pp0_iter46_reg          |    1|   0|    1|          0|
    |ap_loop_exit_ready_pp0_iter47_reg          |    1|   0|    1|          0|
    |ap_loop_exit_ready_pp0_iter48_reg          |    1|   0|    1|          0|
    |ap_loop_exit_ready_pp0_iter49_reg          |    1|   0|    1|          0|
    |ap_loop_exit_ready_pp0_iter4_reg           |    1|   0|    1|          0|
    |ap_loop_exit_ready_pp0_iter50_reg          |    1|   0|    1|          0|
    |ap_loop_exit_ready_pp0_iter51_reg          |    1|   0|    1|          0|
    |ap_loop_exit_ready_pp0_iter52_reg          |    1|   0|    1|          0|
    |ap_loop_exit_ready_pp0_iter53_reg          |    1|   0|    1|          0|
    |ap_loop_exit_ready_pp0_iter54_reg          |    1|   0|    1|          0|
    |ap_loop_exit_ready_pp0_iter55_reg          |    1|   0|    1|          0|
    |ap_loop_exit_ready_pp0_iter56_reg          |    1|   0|    1|          0|
    |ap_loop_exit_ready_pp0_iter57_reg          |    1|   0|    1|          0|
    |ap_loop_exit_ready_pp0_iter58_reg          |    1|   0|    1|          0|
    |ap_loop_exit_ready_pp0_iter59_reg          |    1|   0|    1|          0|
    |ap_loop_exit_ready_pp0_iter5_reg           |    1|   0|    1|          0|
    |ap_loop_exit_ready_pp0_iter60_reg          |    1|   0|    1|          0|
    |ap_loop_exit_ready_pp0_iter61_reg          |    1|   0|    1|          0|
    |ap_loop_exit_ready_pp0_iter62_reg          |    1|   0|    1|          0|
    |ap_loop_exit_ready_pp0_iter63_reg          |    1|   0|    1|          0|
    |ap_loop_exit_ready_pp0_iter64_reg          |    1|   0|    1|          0|
    |ap_loop_exit_ready_pp0_iter65_reg          |    1|   0|    1|          0|
    |ap_loop_exit_ready_pp0_iter66_reg          |    1|   0|    1|          0|
    |ap_loop_exit_ready_pp0_iter67_reg          |    1|   0|    1|          0|
    |ap_loop_exit_ready_pp0_iter68_reg          |    1|   0|    1|          0|
    |ap_loop_exit_ready_pp0_iter69_reg          |    1|   0|    1|          0|
    |ap_loop_exit_ready_pp0_iter6_reg           |    1|   0|    1|          0|
    |ap_loop_exit_ready_pp0_iter70_reg          |    1|   0|    1|          0|
    |ap_loop_exit_ready_pp0_iter71_reg          |    1|   0|    1|          0|
    |ap_loop_exit_ready_pp0_iter72_reg          |    1|   0|    1|          0|
    |ap_loop_exit_ready_pp0_iter73_reg          |    1|   0|    1|          0|
    |ap_loop_exit_ready_pp0_iter74_reg          |    1|   0|    1|          0|
    |ap_loop_exit_ready_pp0_iter75_reg          |    1|   0|    1|          0|
    |ap_loop_exit_ready_pp0_iter76_reg          |    1|   0|    1|          0|
    |ap_loop_exit_ready_pp0_iter77_reg          |    1|   0|    1|          0|
    |ap_loop_exit_ready_pp0_iter78_reg          |    1|   0|    1|          0|
    |ap_loop_exit_ready_pp0_iter79_reg          |    1|   0|    1|          0|
    |ap_loop_exit_ready_pp0_iter7_reg           |    1|   0|    1|          0|
    |ap_loop_exit_ready_pp0_iter80_reg          |    1|   0|    1|          0|
    |ap_loop_exit_ready_pp0_iter81_reg          |    1|   0|    1|          0|
    |ap_loop_exit_ready_pp0_iter82_reg          |    1|   0|    1|          0|
    |ap_loop_exit_ready_pp0_iter83_reg          |    1|   0|    1|          0|
    |ap_loop_exit_ready_pp0_iter84_reg          |    1|   0|    1|          0|
    |ap_loop_exit_ready_pp0_iter85_reg          |    1|   0|    1|          0|
    |ap_loop_exit_ready_pp0_iter86_reg          |    1|   0|    1|          0|
    |ap_loop_exit_ready_pp0_iter87_reg          |    1|   0|    1|          0|
    |ap_loop_exit_ready_pp0_iter88_reg          |    1|   0|    1|          0|
    |ap_loop_exit_ready_pp0_iter89_reg          |    1|   0|    1|          0|
    |ap_loop_exit_ready_pp0_iter8_reg           |    1|   0|    1|          0|
    |ap_loop_exit_ready_pp0_iter90_reg          |    1|   0|    1|          0|
    |ap_loop_exit_ready_pp0_iter91_reg          |    1|   0|    1|          0|
    |ap_loop_exit_ready_pp0_iter92_reg          |    1|   0|    1|          0|
    |ap_loop_exit_ready_pp0_iter93_reg          |    1|   0|    1|          0|
    |ap_loop_exit_ready_pp0_iter94_reg          |    1|   0|    1|          0|
    |ap_loop_exit_ready_pp0_iter95_reg          |    1|   0|    1|          0|
    |ap_loop_exit_ready_pp0_iter96_reg          |    1|   0|    1|          0|
    |ap_loop_exit_ready_pp0_iter97_reg          |    1|   0|    1|          0|
    |ap_loop_exit_ready_pp0_iter98_reg          |    1|   0|    1|          0|
    |ap_loop_exit_ready_pp0_iter99_reg          |    1|   0|    1|          0|
    |ap_loop_exit_ready_pp0_iter9_reg           |    1|   0|    1|          0|
    |gmem_data_addr_read_reg_1616               |  512|   0|  512|          0|
    |icmp_ln192_reg_1596                        |    1|   0|    1|          0|
    |icmp_ln198_reg_1713                        |    1|   0|    1|          0|
    |j_1_fu_212                                 |    4|   0|    4|          0|
    |j_reg_1590                                 |    4|   0|    4|          0|
    |mul2_reg_1725                              |   16|   0|   16|          0|
    |mul98_10_reg_1967                          |   16|   0|   16|          0|
    |mul98_11_reg_1997                          |   16|   0|   16|          0|
    |mul98_12_reg_2029                          |   16|   0|   16|          0|
    |mul98_13_reg_2061                          |   16|   0|   16|          0|
    |mul98_14_reg_2093                          |   16|   0|   16|          0|
    |mul98_1_reg_1747                           |   16|   0|   16|          0|
    |mul98_2_reg_1769                           |   16|   0|   16|          0|
    |mul98_3_reg_1791                           |   16|   0|   16|          0|
    |mul98_4_reg_1813                           |   16|   0|   16|          0|
    |mul98_5_reg_1835                           |   16|   0|   16|          0|
    |mul98_6_reg_1857                           |   16|   0|   16|          0|
    |mul98_7_reg_1879                           |   16|   0|   16|          0|
    |mul98_8_reg_1901                           |   16|   0|   16|          0|
    |mul98_9_reg_1923                           |   16|   0|   16|          0|
    |mul98_s_reg_1945                           |   16|   0|   16|          0|
    |mux_case_01167_fu_216                      |   16|   0|   16|          0|
    |mux_case_0641209_fu_272                    |   16|   0|   16|          0|
    |mux_case_101197_fu_256                     |   16|   0|   16|          0|
    |mux_case_10841239_fu_312                   |   16|   0|   16|          0|
    |mux_case_111200_fu_260                     |   16|   0|   16|          0|
    |mux_case_11170_fu_220                      |   16|   0|   16|          0|
    |mux_case_11861242_fu_316                   |   16|   0|   16|          0|
    |mux_case_121203_fu_264                     |   16|   0|   16|          0|
    |mux_case_12881245_fu_320                   |   16|   0|   16|          0|
    |mux_case_131206_fu_268                     |   16|   0|   16|          0|
    |mux_case_13901248_fu_324                   |   16|   0|   16|          0|
    |mux_case_1661212_fu_276                    |   16|   0|   16|          0|
    |mux_case_21173_fu_224                      |   16|   0|   16|          0|
    |mux_case_2681215_fu_280                    |   16|   0|   16|          0|
    |mux_case_31176_fu_228                      |   16|   0|   16|          0|
    |mux_case_3701218_fu_284                    |   16|   0|   16|          0|
    |mux_case_41179_fu_232                      |   16|   0|   16|          0|
    |mux_case_4721221_fu_288                    |   16|   0|   16|          0|
    |mux_case_51182_fu_236                      |   16|   0|   16|          0|
    |mux_case_5741224_fu_292                    |   16|   0|   16|          0|
    |mux_case_61185_fu_240                      |   16|   0|   16|          0|
    |mux_case_6761227_fu_296                    |   16|   0|   16|          0|
    |mux_case_71188_fu_244                      |   16|   0|   16|          0|
    |mux_case_7781230_fu_300                    |   16|   0|   16|          0|
    |mux_case_81191_fu_248                      |   16|   0|   16|          0|
    |mux_case_8801233_fu_304                    |   16|   0|   16|          0|
    |mux_case_91194_fu_252                      |   16|   0|   16|          0|
    |mux_case_9821236_fu_308                    |   16|   0|   16|          0|
    |s_local_10_reg_1950                        |   16|   0|   16|          0|
    |s_local_11_reg_1972                        |   16|   0|   16|          0|
    |s_local_12_reg_2002                        |   16|   0|   16|          0|
    |s_local_13_reg_2007                        |   16|   0|   16|          0|
    |s_local_14_reg_2034                        |   16|   0|   16|          0|
    |s_local_15_reg_2039                        |   16|   0|   16|          0|
    |s_local_16_reg_2066                        |   16|   0|   16|          0|
    |s_local_17_reg_2071                        |   16|   0|   16|          0|
    |s_local_18_reg_2098                        |   16|   0|   16|          0|
    |s_local_1_reg_1752                         |   16|   0|   16|          0|
    |s_local_2_reg_1774                         |   16|   0|   16|          0|
    |s_local_3_reg_1796                         |   16|   0|   16|          0|
    |s_local_4_reg_1818                         |   16|   0|   16|          0|
    |s_local_5_reg_1840                         |   16|   0|   16|          0|
    |s_local_6_reg_1862                         |   16|   0|   16|          0|
    |s_local_7_reg_1884                         |   16|   0|   16|          0|
    |s_local_8_reg_1906                         |   16|   0|   16|          0|
    |s_local_9_reg_1928                         |   16|   0|   16|          0|
    |s_local_reg_1730                           |   16|   0|   16|          0|
    |sq_local_10_reg_1962                       |   16|   0|   16|          0|
    |sq_local_11_reg_1988                       |   16|   0|   16|          0|
    |sq_local_12_reg_2019                       |   16|   0|   16|          0|
    |sq_local_13_reg_2024                       |   16|   0|   16|          0|
    |sq_local_14_reg_2051                       |   16|   0|   16|          0|
    |sq_local_15_reg_2056                       |   16|   0|   16|          0|
    |sq_local_16_reg_2083                       |   16|   0|   16|          0|
    |sq_local_17_reg_2088                       |   16|   0|   16|          0|
    |sq_local_18_reg_2103                       |   16|   0|   16|          0|
    |sq_local_1_reg_1764                        |   16|   0|   16|          0|
    |sq_local_2_reg_1786                        |   16|   0|   16|          0|
    |sq_local_3_reg_1808                        |   16|   0|   16|          0|
    |sq_local_4_reg_1830                        |   16|   0|   16|          0|
    |sq_local_5_reg_1852                        |   16|   0|   16|          0|
    |sq_local_6_reg_1874                        |   16|   0|   16|          0|
    |sq_local_7_reg_1896                        |   16|   0|   16|          0|
    |sq_local_8_reg_1918                        |   16|   0|   16|          0|
    |sq_local_9_reg_1940                        |   16|   0|   16|          0|
    |sq_local_reg_1742                          |   16|   0|   16|          0|
    |trunc_ln194_1_reg_1600                     |   58|   0|   58|          0|
    |trunc_ln194_reg_1605                       |    6|   0|    6|          0|
    |u_10_reg_1676                              |   16|   0|   16|          0|
    |u_11_reg_1681                              |   16|   0|   16|          0|
    |u_12_reg_1686                              |   16|   0|   16|          0|
    |u_13_reg_1691                              |   16|   0|   16|          0|
    |u_14_reg_1696                              |   16|   0|   16|          0|
    |u_15_reg_1701                              |   16|   0|   16|          0|
    |u_1_reg_1631                               |   16|   0|   16|          0|
    |u_2_reg_1636                               |   16|   0|   16|          0|
    |u_3_reg_1641                               |   16|   0|   16|          0|
    |u_4_reg_1646                               |   16|   0|   16|          0|
    |u_5_reg_1651                               |   16|   0|   16|          0|
    |u_6_reg_1656                               |   16|   0|   16|          0|
    |u_7_reg_1661                               |   16|   0|   16|          0|
    |u_8_reg_1666                               |   16|   0|   16|          0|
    |u_9_reg_1671                               |   16|   0|   16|          0|
    |u_reg_1626                                 |   16|   0|   16|          0|
    |word_reg_1621                              |  256|   0|  256|          0|
    |icmp_ln192_reg_1596                        |   64|  32|    1|          0|
    |icmp_ln198_reg_1713                        |   64|  32|    1|          0|
    |j_reg_1590                                 |   64|  32|    4|          0|
    |s_local_11_reg_1972                        |   64|  32|   16|          0|
    |sq_local_11_reg_1988                       |   64|  32|   16|          0|
    |trunc_ln194_reg_1605                       |   64|  32|    6|          0|
    |u_10_reg_1676                              |   64|  32|   16|          0|
    |u_11_reg_1681                              |   64|  32|   16|          0|
    |u_12_reg_1686                              |   64|  32|   16|          0|
    |u_13_reg_1691                              |   64|  32|   16|          0|
    |u_14_reg_1696                              |   64|  32|   16|          0|
    |u_15_reg_1701                              |   64|  32|   16|          0|
    |u_1_reg_1631                               |   64|  32|   16|          0|
    |u_2_reg_1636                               |   64|  32|   16|          0|
    |u_3_reg_1641                               |   64|  32|   16|          0|
    |u_4_reg_1646                               |   64|  32|   16|          0|
    |u_5_reg_1651                               |   64|  32|   16|          0|
    |u_6_reg_1656                               |   64|  32|   16|          0|
    |u_7_reg_1661                               |   64|  32|   16|          0|
    |u_8_reg_1666                               |   64|  32|   16|          0|
    |u_9_reg_1671                               |   64|  32|   16|          0|
    +-------------------------------------------+-----+----+-----+-----------+
    |Total                                      | 4078| 672| 3018|          0|
    +-------------------------------------------+-----+----+-----+-----------+



================================================================
== Interface
================================================================
* Summary: 
+------------------------------+-----+-----+------------+------------------------------------------------------+--------------+
|           RTL Ports          | Dir | Bits|  Protocol  |                     Source Object                    |    C Type    |
+------------------------------+-----+-----+------------+------------------------------------------------------+--------------+
|ap_clk                        |   in|    1|  ap_ctrl_hs|  Universal_Engine_Kernel<16, half>_Pipeline_CBI_STATS|  return value|
|ap_rst                        |   in|    1|  ap_ctrl_hs|  Universal_Engine_Kernel<16, half>_Pipeline_CBI_STATS|  return value|
|ap_start                      |   in|    1|  ap_ctrl_hs|  Universal_Engine_Kernel<16, half>_Pipeline_CBI_STATS|  return value|
|ap_done                       |  out|    1|  ap_ctrl_hs|  Universal_Engine_Kernel<16, half>_Pipeline_CBI_STATS|  return value|
|ap_idle                       |  out|    1|  ap_ctrl_hs|  Universal_Engine_Kernel<16, half>_Pipeline_CBI_STATS|  return value|
|ap_ready                      |  out|    1|  ap_ctrl_hs|  Universal_Engine_Kernel<16, half>_Pipeline_CBI_STATS|  return value|
|grp_fu_1421_p_din0            |  out|   16|  ap_ctrl_hs|  Universal_Engine_Kernel<16, half>_Pipeline_CBI_STATS|  return value|
|grp_fu_1421_p_din1            |  out|   16|  ap_ctrl_hs|  Universal_Engine_Kernel<16, half>_Pipeline_CBI_STATS|  return value|
|grp_fu_1421_p_dout0           |   in|   16|  ap_ctrl_hs|  Universal_Engine_Kernel<16, half>_Pipeline_CBI_STATS|  return value|
|grp_fu_1421_p_ce              |  out|    1|  ap_ctrl_hs|  Universal_Engine_Kernel<16, half>_Pipeline_CBI_STATS|  return value|
|grp_fu_1425_p_din0            |  out|   16|  ap_ctrl_hs|  Universal_Engine_Kernel<16, half>_Pipeline_CBI_STATS|  return value|
|grp_fu_1425_p_din1            |  out|   16|  ap_ctrl_hs|  Universal_Engine_Kernel<16, half>_Pipeline_CBI_STATS|  return value|
|grp_fu_1425_p_dout0           |   in|   16|  ap_ctrl_hs|  Universal_Engine_Kernel<16, half>_Pipeline_CBI_STATS|  return value|
|grp_fu_1425_p_ce              |  out|    1|  ap_ctrl_hs|  Universal_Engine_Kernel<16, half>_Pipeline_CBI_STATS|  return value|
|grp_fu_1429_p_din0            |  out|   16|  ap_ctrl_hs|  Universal_Engine_Kernel<16, half>_Pipeline_CBI_STATS|  return value|
|grp_fu_1429_p_din1            |  out|   16|  ap_ctrl_hs|  Universal_Engine_Kernel<16, half>_Pipeline_CBI_STATS|  return value|
|grp_fu_1429_p_dout0           |   in|   16|  ap_ctrl_hs|  Universal_Engine_Kernel<16, half>_Pipeline_CBI_STATS|  return value|
|grp_fu_1429_p_ce              |  out|    1|  ap_ctrl_hs|  Universal_Engine_Kernel<16, half>_Pipeline_CBI_STATS|  return value|
|grp_fu_1433_p_din0            |  out|   16|  ap_ctrl_hs|  Universal_Engine_Kernel<16, half>_Pipeline_CBI_STATS|  return value|
|grp_fu_1433_p_din1            |  out|   16|  ap_ctrl_hs|  Universal_Engine_Kernel<16, half>_Pipeline_CBI_STATS|  return value|
|grp_fu_1433_p_dout0           |   in|   16|  ap_ctrl_hs|  Universal_Engine_Kernel<16, half>_Pipeline_CBI_STATS|  return value|
|grp_fu_1433_p_ce              |  out|    1|  ap_ctrl_hs|  Universal_Engine_Kernel<16, half>_Pipeline_CBI_STATS|  return value|
|grp_fu_1437_p_din0            |  out|   16|  ap_ctrl_hs|  Universal_Engine_Kernel<16, half>_Pipeline_CBI_STATS|  return value|
|grp_fu_1437_p_din1            |  out|   16|  ap_ctrl_hs|  Universal_Engine_Kernel<16, half>_Pipeline_CBI_STATS|  return value|
|grp_fu_1437_p_dout0           |   in|   16|  ap_ctrl_hs|  Universal_Engine_Kernel<16, half>_Pipeline_CBI_STATS|  return value|
|grp_fu_1437_p_ce              |  out|    1|  ap_ctrl_hs|  Universal_Engine_Kernel<16, half>_Pipeline_CBI_STATS|  return value|
|grp_fu_1441_p_din0            |  out|   16|  ap_ctrl_hs|  Universal_Engine_Kernel<16, half>_Pipeline_CBI_STATS|  return value|
|grp_fu_1441_p_din1            |  out|   16|  ap_ctrl_hs|  Universal_Engine_Kernel<16, half>_Pipeline_CBI_STATS|  return value|
|grp_fu_1441_p_dout0           |   in|   16|  ap_ctrl_hs|  Universal_Engine_Kernel<16, half>_Pipeline_CBI_STATS|  return value|
|grp_fu_1441_p_ce              |  out|    1|  ap_ctrl_hs|  Universal_Engine_Kernel<16, half>_Pipeline_CBI_STATS|  return value|
|grp_fu_1445_p_din0            |  out|   16|  ap_ctrl_hs|  Universal_Engine_Kernel<16, half>_Pipeline_CBI_STATS|  return value|
|grp_fu_1445_p_din1            |  out|   16|  ap_ctrl_hs|  Universal_Engine_Kernel<16, half>_Pipeline_CBI_STATS|  return value|
|grp_fu_1445_p_dout0           |   in|   16|  ap_ctrl_hs|  Universal_Engine_Kernel<16, half>_Pipeline_CBI_STATS|  return value|
|grp_fu_1445_p_ce              |  out|    1|  ap_ctrl_hs|  Universal_Engine_Kernel<16, half>_Pipeline_CBI_STATS|  return value|
|grp_fu_1449_p_din0            |  out|   16|  ap_ctrl_hs|  Universal_Engine_Kernel<16, half>_Pipeline_CBI_STATS|  return value|
|grp_fu_1449_p_din1            |  out|   16|  ap_ctrl_hs|  Universal_Engine_Kernel<16, half>_Pipeline_CBI_STATS|  return value|
|grp_fu_1449_p_dout0           |   in|   16|  ap_ctrl_hs|  Universal_Engine_Kernel<16, half>_Pipeline_CBI_STATS|  return value|
|grp_fu_1449_p_ce              |  out|    1|  ap_ctrl_hs|  Universal_Engine_Kernel<16, half>_Pipeline_CBI_STATS|  return value|
|grp_fu_1453_p_din0            |  out|   16|  ap_ctrl_hs|  Universal_Engine_Kernel<16, half>_Pipeline_CBI_STATS|  return value|
|grp_fu_1453_p_din1            |  out|   16|  ap_ctrl_hs|  Universal_Engine_Kernel<16, half>_Pipeline_CBI_STATS|  return value|
|grp_fu_1453_p_dout0           |   in|   16|  ap_ctrl_hs|  Universal_Engine_Kernel<16, half>_Pipeline_CBI_STATS|  return value|
|grp_fu_1453_p_ce              |  out|    1|  ap_ctrl_hs|  Universal_Engine_Kernel<16, half>_Pipeline_CBI_STATS|  return value|
|grp_fu_1457_p_din0            |  out|   16|  ap_ctrl_hs|  Universal_Engine_Kernel<16, half>_Pipeline_CBI_STATS|  return value|
|grp_fu_1457_p_din1            |  out|   16|  ap_ctrl_hs|  Universal_Engine_Kernel<16, half>_Pipeline_CBI_STATS|  return value|
|grp_fu_1457_p_dout0           |   in|   16|  ap_ctrl_hs|  Universal_Engine_Kernel<16, half>_Pipeline_CBI_STATS|  return value|
|grp_fu_1457_p_ce              |  out|    1|  ap_ctrl_hs|  Universal_Engine_Kernel<16, half>_Pipeline_CBI_STATS|  return value|
|grp_fu_1461_p_din0            |  out|   16|  ap_ctrl_hs|  Universal_Engine_Kernel<16, half>_Pipeline_CBI_STATS|  return value|
|grp_fu_1461_p_din1            |  out|   16|  ap_ctrl_hs|  Universal_Engine_Kernel<16, half>_Pipeline_CBI_STATS|  return value|
|grp_fu_1461_p_dout0           |   in|   16|  ap_ctrl_hs|  Universal_Engine_Kernel<16, half>_Pipeline_CBI_STATS|  return value|
|grp_fu_1461_p_ce              |  out|    1|  ap_ctrl_hs|  Universal_Engine_Kernel<16, half>_Pipeline_CBI_STATS|  return value|
|grp_fu_1465_p_din0            |  out|   16|  ap_ctrl_hs|  Universal_Engine_Kernel<16, half>_Pipeline_CBI_STATS|  return value|
|grp_fu_1465_p_din1            |  out|   16|  ap_ctrl_hs|  Universal_Engine_Kernel<16, half>_Pipeline_CBI_STATS|  return value|
|grp_fu_1465_p_dout0           |   in|   16|  ap_ctrl_hs|  Universal_Engine_Kernel<16, half>_Pipeline_CBI_STATS|  return value|
|grp_fu_1465_p_ce              |  out|    1|  ap_ctrl_hs|  Universal_Engine_Kernel<16, half>_Pipeline_CBI_STATS|  return value|
|grp_fu_1469_p_din0            |  out|   16|  ap_ctrl_hs|  Universal_Engine_Kernel<16, half>_Pipeline_CBI_STATS|  return value|
|grp_fu_1469_p_din1            |  out|   16|  ap_ctrl_hs|  Universal_Engine_Kernel<16, half>_Pipeline_CBI_STATS|  return value|
|grp_fu_1469_p_dout0           |   in|   16|  ap_ctrl_hs|  Universal_Engine_Kernel<16, half>_Pipeline_CBI_STATS|  return value|
|grp_fu_1469_p_ce              |  out|    1|  ap_ctrl_hs|  Universal_Engine_Kernel<16, half>_Pipeline_CBI_STATS|  return value|
|grp_fu_1473_p_din0            |  out|   16|  ap_ctrl_hs|  Universal_Engine_Kernel<16, half>_Pipeline_CBI_STATS|  return value|
|grp_fu_1473_p_din1            |  out|   16|  ap_ctrl_hs|  Universal_Engine_Kernel<16, half>_Pipeline_CBI_STATS|  return value|
|grp_fu_1473_p_dout0           |   in|   16|  ap_ctrl_hs|  Universal_Engine_Kernel<16, half>_Pipeline_CBI_STATS|  return value|
|grp_fu_1473_p_ce              |  out|    1|  ap_ctrl_hs|  Universal_Engine_Kernel<16, half>_Pipeline_CBI_STATS|  return value|
|grp_fu_1477_p_din0            |  out|   16|  ap_ctrl_hs|  Universal_Engine_Kernel<16, half>_Pipeline_CBI_STATS|  return value|
|grp_fu_1477_p_din1            |  out|   16|  ap_ctrl_hs|  Universal_Engine_Kernel<16, half>_Pipeline_CBI_STATS|  return value|
|grp_fu_1477_p_dout0           |   in|   16|  ap_ctrl_hs|  Universal_Engine_Kernel<16, half>_Pipeline_CBI_STATS|  return value|
|grp_fu_1477_p_ce              |  out|    1|  ap_ctrl_hs|  Universal_Engine_Kernel<16, half>_Pipeline_CBI_STATS|  return value|
|grp_fu_1481_p_din0            |  out|   16|  ap_ctrl_hs|  Universal_Engine_Kernel<16, half>_Pipeline_CBI_STATS|  return value|
|grp_fu_1481_p_din1            |  out|   16|  ap_ctrl_hs|  Universal_Engine_Kernel<16, half>_Pipeline_CBI_STATS|  return value|
|grp_fu_1481_p_dout0           |   in|   16|  ap_ctrl_hs|  Universal_Engine_Kernel<16, half>_Pipeline_CBI_STATS|  return value|
|grp_fu_1481_p_ce              |  out|    1|  ap_ctrl_hs|  Universal_Engine_Kernel<16, half>_Pipeline_CBI_STATS|  return value|
|grp_fu_1485_p_din0            |  out|   16|  ap_ctrl_hs|  Universal_Engine_Kernel<16, half>_Pipeline_CBI_STATS|  return value|
|grp_fu_1485_p_din1            |  out|   16|  ap_ctrl_hs|  Universal_Engine_Kernel<16, half>_Pipeline_CBI_STATS|  return value|
|grp_fu_1485_p_dout0           |   in|   16|  ap_ctrl_hs|  Universal_Engine_Kernel<16, half>_Pipeline_CBI_STATS|  return value|
|grp_fu_1485_p_ce              |  out|    1|  ap_ctrl_hs|  Universal_Engine_Kernel<16, half>_Pipeline_CBI_STATS|  return value|
|grp_fu_1489_p_din0            |  out|   16|  ap_ctrl_hs|  Universal_Engine_Kernel<16, half>_Pipeline_CBI_STATS|  return value|
|grp_fu_1489_p_din1            |  out|   16|  ap_ctrl_hs|  Universal_Engine_Kernel<16, half>_Pipeline_CBI_STATS|  return value|
|grp_fu_1489_p_dout0           |   in|   16|  ap_ctrl_hs|  Universal_Engine_Kernel<16, half>_Pipeline_CBI_STATS|  return value|
|grp_fu_1489_p_ce              |  out|    1|  ap_ctrl_hs|  Universal_Engine_Kernel<16, half>_Pipeline_CBI_STATS|  return value|
|grp_fu_1493_p_din0            |  out|   16|  ap_ctrl_hs|  Universal_Engine_Kernel<16, half>_Pipeline_CBI_STATS|  return value|
|grp_fu_1493_p_din1            |  out|   16|  ap_ctrl_hs|  Universal_Engine_Kernel<16, half>_Pipeline_CBI_STATS|  return value|
|grp_fu_1493_p_dout0           |   in|   16|  ap_ctrl_hs|  Universal_Engine_Kernel<16, half>_Pipeline_CBI_STATS|  return value|
|grp_fu_1493_p_ce              |  out|    1|  ap_ctrl_hs|  Universal_Engine_Kernel<16, half>_Pipeline_CBI_STATS|  return value|
|grp_fu_1497_p_din0            |  out|   16|  ap_ctrl_hs|  Universal_Engine_Kernel<16, half>_Pipeline_CBI_STATS|  return value|
|grp_fu_1497_p_din1            |  out|   16|  ap_ctrl_hs|  Universal_Engine_Kernel<16, half>_Pipeline_CBI_STATS|  return value|
|grp_fu_1497_p_dout0           |   in|   16|  ap_ctrl_hs|  Universal_Engine_Kernel<16, half>_Pipeline_CBI_STATS|  return value|
|grp_fu_1497_p_ce              |  out|    1|  ap_ctrl_hs|  Universal_Engine_Kernel<16, half>_Pipeline_CBI_STATS|  return value|
|grp_fu_1501_p_din0            |  out|   16|  ap_ctrl_hs|  Universal_Engine_Kernel<16, half>_Pipeline_CBI_STATS|  return value|
|grp_fu_1501_p_din1            |  out|   16|  ap_ctrl_hs|  Universal_Engine_Kernel<16, half>_Pipeline_CBI_STATS|  return value|
|grp_fu_1501_p_dout0           |   in|   16|  ap_ctrl_hs|  Universal_Engine_Kernel<16, half>_Pipeline_CBI_STATS|  return value|
|grp_fu_1501_p_ce              |  out|    1|  ap_ctrl_hs|  Universal_Engine_Kernel<16, half>_Pipeline_CBI_STATS|  return value|
|grp_fu_1505_p_din0            |  out|   16|  ap_ctrl_hs|  Universal_Engine_Kernel<16, half>_Pipeline_CBI_STATS|  return value|
|grp_fu_1505_p_din1            |  out|   16|  ap_ctrl_hs|  Universal_Engine_Kernel<16, half>_Pipeline_CBI_STATS|  return value|
|grp_fu_1505_p_dout0           |   in|   16|  ap_ctrl_hs|  Universal_Engine_Kernel<16, half>_Pipeline_CBI_STATS|  return value|
|grp_fu_1505_p_ce              |  out|    1|  ap_ctrl_hs|  Universal_Engine_Kernel<16, half>_Pipeline_CBI_STATS|  return value|
|grp_fu_1509_p_din0            |  out|   16|  ap_ctrl_hs|  Universal_Engine_Kernel<16, half>_Pipeline_CBI_STATS|  return value|
|grp_fu_1509_p_din1            |  out|   16|  ap_ctrl_hs|  Universal_Engine_Kernel<16, half>_Pipeline_CBI_STATS|  return value|
|grp_fu_1509_p_dout0           |   in|   16|  ap_ctrl_hs|  Universal_Engine_Kernel<16, half>_Pipeline_CBI_STATS|  return value|
|grp_fu_1509_p_ce              |  out|    1|  ap_ctrl_hs|  Universal_Engine_Kernel<16, half>_Pipeline_CBI_STATS|  return value|
|grp_fu_1513_p_din0            |  out|   16|  ap_ctrl_hs|  Universal_Engine_Kernel<16, half>_Pipeline_CBI_STATS|  return value|
|grp_fu_1513_p_din1            |  out|   16|  ap_ctrl_hs|  Universal_Engine_Kernel<16, half>_Pipeline_CBI_STATS|  return value|
|grp_fu_1513_p_dout0           |   in|   16|  ap_ctrl_hs|  Universal_Engine_Kernel<16, half>_Pipeline_CBI_STATS|  return value|
|grp_fu_1513_p_ce              |  out|    1|  ap_ctrl_hs|  Universal_Engine_Kernel<16, half>_Pipeline_CBI_STATS|  return value|
|grp_fu_1517_p_din0            |  out|   16|  ap_ctrl_hs|  Universal_Engine_Kernel<16, half>_Pipeline_CBI_STATS|  return value|
|grp_fu_1517_p_din1            |  out|   16|  ap_ctrl_hs|  Universal_Engine_Kernel<16, half>_Pipeline_CBI_STATS|  return value|
|grp_fu_1517_p_dout0           |   in|   16|  ap_ctrl_hs|  Universal_Engine_Kernel<16, half>_Pipeline_CBI_STATS|  return value|
|grp_fu_1517_p_ce              |  out|    1|  ap_ctrl_hs|  Universal_Engine_Kernel<16, half>_Pipeline_CBI_STATS|  return value|
|grp_fu_1521_p_din0            |  out|   16|  ap_ctrl_hs|  Universal_Engine_Kernel<16, half>_Pipeline_CBI_STATS|  return value|
|grp_fu_1521_p_din1            |  out|   16|  ap_ctrl_hs|  Universal_Engine_Kernel<16, half>_Pipeline_CBI_STATS|  return value|
|grp_fu_1521_p_dout0           |   in|   16|  ap_ctrl_hs|  Universal_Engine_Kernel<16, half>_Pipeline_CBI_STATS|  return value|
|grp_fu_1521_p_ce              |  out|    1|  ap_ctrl_hs|  Universal_Engine_Kernel<16, half>_Pipeline_CBI_STATS|  return value|
|grp_fu_1525_p_din0            |  out|   16|  ap_ctrl_hs|  Universal_Engine_Kernel<16, half>_Pipeline_CBI_STATS|  return value|
|grp_fu_1525_p_din1            |  out|   16|  ap_ctrl_hs|  Universal_Engine_Kernel<16, half>_Pipeline_CBI_STATS|  return value|
|grp_fu_1525_p_dout0           |   in|   16|  ap_ctrl_hs|  Universal_Engine_Kernel<16, half>_Pipeline_CBI_STATS|  return value|
|grp_fu_1525_p_ce              |  out|    1|  ap_ctrl_hs|  Universal_Engine_Kernel<16, half>_Pipeline_CBI_STATS|  return value|
|grp_fu_1529_p_din0            |  out|   16|  ap_ctrl_hs|  Universal_Engine_Kernel<16, half>_Pipeline_CBI_STATS|  return value|
|grp_fu_1529_p_din1            |  out|   16|  ap_ctrl_hs|  Universal_Engine_Kernel<16, half>_Pipeline_CBI_STATS|  return value|
|grp_fu_1529_p_dout0           |   in|   16|  ap_ctrl_hs|  Universal_Engine_Kernel<16, half>_Pipeline_CBI_STATS|  return value|
|grp_fu_1529_p_ce              |  out|    1|  ap_ctrl_hs|  Universal_Engine_Kernel<16, half>_Pipeline_CBI_STATS|  return value|
|grp_fu_1533_p_din0            |  out|   16|  ap_ctrl_hs|  Universal_Engine_Kernel<16, half>_Pipeline_CBI_STATS|  return value|
|grp_fu_1533_p_din1            |  out|   16|  ap_ctrl_hs|  Universal_Engine_Kernel<16, half>_Pipeline_CBI_STATS|  return value|
|grp_fu_1533_p_dout0           |   in|   16|  ap_ctrl_hs|  Universal_Engine_Kernel<16, half>_Pipeline_CBI_STATS|  return value|
|grp_fu_1533_p_ce              |  out|    1|  ap_ctrl_hs|  Universal_Engine_Kernel<16, half>_Pipeline_CBI_STATS|  return value|
|grp_fu_1537_p_din0            |  out|   16|  ap_ctrl_hs|  Universal_Engine_Kernel<16, half>_Pipeline_CBI_STATS|  return value|
|grp_fu_1537_p_din1            |  out|   16|  ap_ctrl_hs|  Universal_Engine_Kernel<16, half>_Pipeline_CBI_STATS|  return value|
|grp_fu_1537_p_dout0           |   in|   16|  ap_ctrl_hs|  Universal_Engine_Kernel<16, half>_Pipeline_CBI_STATS|  return value|
|grp_fu_1537_p_ce              |  out|    1|  ap_ctrl_hs|  Universal_Engine_Kernel<16, half>_Pipeline_CBI_STATS|  return value|
|grp_fu_1541_p_din0            |  out|   16|  ap_ctrl_hs|  Universal_Engine_Kernel<16, half>_Pipeline_CBI_STATS|  return value|
|grp_fu_1541_p_din1            |  out|   16|  ap_ctrl_hs|  Universal_Engine_Kernel<16, half>_Pipeline_CBI_STATS|  return value|
|grp_fu_1541_p_dout0           |   in|   16|  ap_ctrl_hs|  Universal_Engine_Kernel<16, half>_Pipeline_CBI_STATS|  return value|
|grp_fu_1541_p_ce              |  out|    1|  ap_ctrl_hs|  Universal_Engine_Kernel<16, half>_Pipeline_CBI_STATS|  return value|
|grp_fu_1545_p_din0            |  out|   16|  ap_ctrl_hs|  Universal_Engine_Kernel<16, half>_Pipeline_CBI_STATS|  return value|
|grp_fu_1545_p_din1            |  out|   16|  ap_ctrl_hs|  Universal_Engine_Kernel<16, half>_Pipeline_CBI_STATS|  return value|
|grp_fu_1545_p_dout0           |   in|   16|  ap_ctrl_hs|  Universal_Engine_Kernel<16, half>_Pipeline_CBI_STATS|  return value|
|grp_fu_1545_p_ce              |  out|    1|  ap_ctrl_hs|  Universal_Engine_Kernel<16, half>_Pipeline_CBI_STATS|  return value|
|grp_fu_1549_p_din0            |  out|   16|  ap_ctrl_hs|  Universal_Engine_Kernel<16, half>_Pipeline_CBI_STATS|  return value|
|grp_fu_1549_p_din1            |  out|   16|  ap_ctrl_hs|  Universal_Engine_Kernel<16, half>_Pipeline_CBI_STATS|  return value|
|grp_fu_1549_p_dout0           |   in|   16|  ap_ctrl_hs|  Universal_Engine_Kernel<16, half>_Pipeline_CBI_STATS|  return value|
|grp_fu_1549_p_ce              |  out|    1|  ap_ctrl_hs|  Universal_Engine_Kernel<16, half>_Pipeline_CBI_STATS|  return value|
|grp_fu_1553_p_din0            |  out|   16|  ap_ctrl_hs|  Universal_Engine_Kernel<16, half>_Pipeline_CBI_STATS|  return value|
|grp_fu_1553_p_din1            |  out|   16|  ap_ctrl_hs|  Universal_Engine_Kernel<16, half>_Pipeline_CBI_STATS|  return value|
|grp_fu_1553_p_dout0           |   in|   16|  ap_ctrl_hs|  Universal_Engine_Kernel<16, half>_Pipeline_CBI_STATS|  return value|
|grp_fu_1553_p_ce              |  out|    1|  ap_ctrl_hs|  Universal_Engine_Kernel<16, half>_Pipeline_CBI_STATS|  return value|
|grp_fu_1557_p_din0            |  out|   16|  ap_ctrl_hs|  Universal_Engine_Kernel<16, half>_Pipeline_CBI_STATS|  return value|
|grp_fu_1557_p_din1            |  out|   16|  ap_ctrl_hs|  Universal_Engine_Kernel<16, half>_Pipeline_CBI_STATS|  return value|
|grp_fu_1557_p_dout0           |   in|   16|  ap_ctrl_hs|  Universal_Engine_Kernel<16, half>_Pipeline_CBI_STATS|  return value|
|grp_fu_1557_p_ce              |  out|    1|  ap_ctrl_hs|  Universal_Engine_Kernel<16, half>_Pipeline_CBI_STATS|  return value|
|grp_fu_1561_p_din0            |  out|   16|  ap_ctrl_hs|  Universal_Engine_Kernel<16, half>_Pipeline_CBI_STATS|  return value|
|grp_fu_1561_p_din1            |  out|   16|  ap_ctrl_hs|  Universal_Engine_Kernel<16, half>_Pipeline_CBI_STATS|  return value|
|grp_fu_1561_p_dout0           |   in|   16|  ap_ctrl_hs|  Universal_Engine_Kernel<16, half>_Pipeline_CBI_STATS|  return value|
|grp_fu_1561_p_ce              |  out|    1|  ap_ctrl_hs|  Universal_Engine_Kernel<16, half>_Pipeline_CBI_STATS|  return value|
|grp_fu_1565_p_din0            |  out|   16|  ap_ctrl_hs|  Universal_Engine_Kernel<16, half>_Pipeline_CBI_STATS|  return value|
|grp_fu_1565_p_din1            |  out|   16|  ap_ctrl_hs|  Universal_Engine_Kernel<16, half>_Pipeline_CBI_STATS|  return value|
|grp_fu_1565_p_dout0           |   in|   16|  ap_ctrl_hs|  Universal_Engine_Kernel<16, half>_Pipeline_CBI_STATS|  return value|
|grp_fu_1565_p_ce              |  out|    1|  ap_ctrl_hs|  Universal_Engine_Kernel<16, half>_Pipeline_CBI_STATS|  return value|
|grp_fu_1569_p_din0            |  out|   16|  ap_ctrl_hs|  Universal_Engine_Kernel<16, half>_Pipeline_CBI_STATS|  return value|
|grp_fu_1569_p_din1            |  out|   16|  ap_ctrl_hs|  Universal_Engine_Kernel<16, half>_Pipeline_CBI_STATS|  return value|
|grp_fu_1569_p_dout0           |   in|   16|  ap_ctrl_hs|  Universal_Engine_Kernel<16, half>_Pipeline_CBI_STATS|  return value|
|grp_fu_1569_p_ce              |  out|    1|  ap_ctrl_hs|  Universal_Engine_Kernel<16, half>_Pipeline_CBI_STATS|  return value|
|grp_fu_1573_p_din0            |  out|   16|  ap_ctrl_hs|  Universal_Engine_Kernel<16, half>_Pipeline_CBI_STATS|  return value|
|grp_fu_1573_p_din1            |  out|   16|  ap_ctrl_hs|  Universal_Engine_Kernel<16, half>_Pipeline_CBI_STATS|  return value|
|grp_fu_1573_p_dout0           |   in|   16|  ap_ctrl_hs|  Universal_Engine_Kernel<16, half>_Pipeline_CBI_STATS|  return value|
|grp_fu_1573_p_ce              |  out|    1|  ap_ctrl_hs|  Universal_Engine_Kernel<16, half>_Pipeline_CBI_STATS|  return value|
|grp_fu_1577_p_din0            |  out|   16|  ap_ctrl_hs|  Universal_Engine_Kernel<16, half>_Pipeline_CBI_STATS|  return value|
|grp_fu_1577_p_din1            |  out|   16|  ap_ctrl_hs|  Universal_Engine_Kernel<16, half>_Pipeline_CBI_STATS|  return value|
|grp_fu_1577_p_dout0           |   in|   16|  ap_ctrl_hs|  Universal_Engine_Kernel<16, half>_Pipeline_CBI_STATS|  return value|
|grp_fu_1577_p_ce              |  out|    1|  ap_ctrl_hs|  Universal_Engine_Kernel<16, half>_Pipeline_CBI_STATS|  return value|
|grp_fu_1581_p_din0            |  out|   16|  ap_ctrl_hs|  Universal_Engine_Kernel<16, half>_Pipeline_CBI_STATS|  return value|
|grp_fu_1581_p_din1            |  out|   16|  ap_ctrl_hs|  Universal_Engine_Kernel<16, half>_Pipeline_CBI_STATS|  return value|
|grp_fu_1581_p_dout0           |   in|   16|  ap_ctrl_hs|  Universal_Engine_Kernel<16, half>_Pipeline_CBI_STATS|  return value|
|grp_fu_1581_p_ce              |  out|    1|  ap_ctrl_hs|  Universal_Engine_Kernel<16, half>_Pipeline_CBI_STATS|  return value|
|grp_fu_1585_p_din0            |  out|   16|  ap_ctrl_hs|  Universal_Engine_Kernel<16, half>_Pipeline_CBI_STATS|  return value|
|grp_fu_1585_p_din1            |  out|   16|  ap_ctrl_hs|  Universal_Engine_Kernel<16, half>_Pipeline_CBI_STATS|  return value|
|grp_fu_1585_p_dout0           |   in|   16|  ap_ctrl_hs|  Universal_Engine_Kernel<16, half>_Pipeline_CBI_STATS|  return value|
|grp_fu_1585_p_ce              |  out|    1|  ap_ctrl_hs|  Universal_Engine_Kernel<16, half>_Pipeline_CBI_STATS|  return value|
|grp_fu_1589_p_din0            |  out|   16|  ap_ctrl_hs|  Universal_Engine_Kernel<16, half>_Pipeline_CBI_STATS|  return value|
|grp_fu_1589_p_din1            |  out|   16|  ap_ctrl_hs|  Universal_Engine_Kernel<16, half>_Pipeline_CBI_STATS|  return value|
|grp_fu_1589_p_dout0           |   in|   16|  ap_ctrl_hs|  Universal_Engine_Kernel<16, half>_Pipeline_CBI_STATS|  return value|
|grp_fu_1589_p_ce              |  out|    1|  ap_ctrl_hs|  Universal_Engine_Kernel<16, half>_Pipeline_CBI_STATS|  return value|
|grp_fu_1593_p_din0            |  out|   16|  ap_ctrl_hs|  Universal_Engine_Kernel<16, half>_Pipeline_CBI_STATS|  return value|
|grp_fu_1593_p_din1            |  out|   16|  ap_ctrl_hs|  Universal_Engine_Kernel<16, half>_Pipeline_CBI_STATS|  return value|
|grp_fu_1593_p_dout0           |   in|   16|  ap_ctrl_hs|  Universal_Engine_Kernel<16, half>_Pipeline_CBI_STATS|  return value|
|grp_fu_1593_p_ce              |  out|    1|  ap_ctrl_hs|  Universal_Engine_Kernel<16, half>_Pipeline_CBI_STATS|  return value|
|grp_fu_1597_p_din0            |  out|   16|  ap_ctrl_hs|  Universal_Engine_Kernel<16, half>_Pipeline_CBI_STATS|  return value|
|grp_fu_1597_p_din1            |  out|   16|  ap_ctrl_hs|  Universal_Engine_Kernel<16, half>_Pipeline_CBI_STATS|  return value|
|grp_fu_1597_p_dout0           |   in|   16|  ap_ctrl_hs|  Universal_Engine_Kernel<16, half>_Pipeline_CBI_STATS|  return value|
|grp_fu_1597_p_ce              |  out|    1|  ap_ctrl_hs|  Universal_Engine_Kernel<16, half>_Pipeline_CBI_STATS|  return value|
|grp_fu_1601_p_din0            |  out|   16|  ap_ctrl_hs|  Universal_Engine_Kernel<16, half>_Pipeline_CBI_STATS|  return value|
|grp_fu_1601_p_din1            |  out|   16|  ap_ctrl_hs|  Universal_Engine_Kernel<16, half>_Pipeline_CBI_STATS|  return value|
|grp_fu_1601_p_dout0           |   in|   16|  ap_ctrl_hs|  Universal_Engine_Kernel<16, half>_Pipeline_CBI_STATS|  return value|
|grp_fu_1601_p_ce              |  out|    1|  ap_ctrl_hs|  Universal_Engine_Kernel<16, half>_Pipeline_CBI_STATS|  return value|
|grp_fu_1605_p_din0            |  out|   16|  ap_ctrl_hs|  Universal_Engine_Kernel<16, half>_Pipeline_CBI_STATS|  return value|
|grp_fu_1605_p_din1            |  out|   16|  ap_ctrl_hs|  Universal_Engine_Kernel<16, half>_Pipeline_CBI_STATS|  return value|
|grp_fu_1605_p_dout0           |   in|   16|  ap_ctrl_hs|  Universal_Engine_Kernel<16, half>_Pipeline_CBI_STATS|  return value|
|grp_fu_1605_p_ce              |  out|    1|  ap_ctrl_hs|  Universal_Engine_Kernel<16, half>_Pipeline_CBI_STATS|  return value|
|grp_fu_1609_p_din0            |  out|   16|  ap_ctrl_hs|  Universal_Engine_Kernel<16, half>_Pipeline_CBI_STATS|  return value|
|grp_fu_1609_p_din1            |  out|   16|  ap_ctrl_hs|  Universal_Engine_Kernel<16, half>_Pipeline_CBI_STATS|  return value|
|grp_fu_1609_p_dout0           |   in|   16|  ap_ctrl_hs|  Universal_Engine_Kernel<16, half>_Pipeline_CBI_STATS|  return value|
|grp_fu_1609_p_ce              |  out|    1|  ap_ctrl_hs|  Universal_Engine_Kernel<16, half>_Pipeline_CBI_STATS|  return value|
|m_axi_gmem_data_0_AWVALID     |  out|    1|       m_axi|                                             gmem_data|       pointer|
|m_axi_gmem_data_0_AWREADY     |   in|    1|       m_axi|                                             gmem_data|       pointer|
|m_axi_gmem_data_0_AWADDR      |  out|   64|       m_axi|                                             gmem_data|       pointer|
|m_axi_gmem_data_0_AWID        |  out|    1|       m_axi|                                             gmem_data|       pointer|
|m_axi_gmem_data_0_AWLEN       |  out|   32|       m_axi|                                             gmem_data|       pointer|
|m_axi_gmem_data_0_AWSIZE      |  out|    3|       m_axi|                                             gmem_data|       pointer|
|m_axi_gmem_data_0_AWBURST     |  out|    2|       m_axi|                                             gmem_data|       pointer|
|m_axi_gmem_data_0_AWLOCK      |  out|    2|       m_axi|                                             gmem_data|       pointer|
|m_axi_gmem_data_0_AWCACHE     |  out|    4|       m_axi|                                             gmem_data|       pointer|
|m_axi_gmem_data_0_AWPROT      |  out|    3|       m_axi|                                             gmem_data|       pointer|
|m_axi_gmem_data_0_AWQOS       |  out|    4|       m_axi|                                             gmem_data|       pointer|
|m_axi_gmem_data_0_AWREGION    |  out|    4|       m_axi|                                             gmem_data|       pointer|
|m_axi_gmem_data_0_AWUSER      |  out|    1|       m_axi|                                             gmem_data|       pointer|
|m_axi_gmem_data_0_WVALID      |  out|    1|       m_axi|                                             gmem_data|       pointer|
|m_axi_gmem_data_0_WREADY      |   in|    1|       m_axi|                                             gmem_data|       pointer|
|m_axi_gmem_data_0_WDATA       |  out|  512|       m_axi|                                             gmem_data|       pointer|
|m_axi_gmem_data_0_WSTRB       |  out|   64|       m_axi|                                             gmem_data|       pointer|
|m_axi_gmem_data_0_WLAST       |  out|    1|       m_axi|                                             gmem_data|       pointer|
|m_axi_gmem_data_0_WID         |  out|    1|       m_axi|                                             gmem_data|       pointer|
|m_axi_gmem_data_0_WUSER       |  out|    1|       m_axi|                                             gmem_data|       pointer|
|m_axi_gmem_data_0_ARVALID     |  out|    1|       m_axi|                                             gmem_data|       pointer|
|m_axi_gmem_data_0_ARREADY     |   in|    1|       m_axi|                                             gmem_data|       pointer|
|m_axi_gmem_data_0_ARADDR      |  out|   64|       m_axi|                                             gmem_data|       pointer|
|m_axi_gmem_data_0_ARID        |  out|    1|       m_axi|                                             gmem_data|       pointer|
|m_axi_gmem_data_0_ARLEN       |  out|   32|       m_axi|                                             gmem_data|       pointer|
|m_axi_gmem_data_0_ARSIZE      |  out|    3|       m_axi|                                             gmem_data|       pointer|
|m_axi_gmem_data_0_ARBURST     |  out|    2|       m_axi|                                             gmem_data|       pointer|
|m_axi_gmem_data_0_ARLOCK      |  out|    2|       m_axi|                                             gmem_data|       pointer|
|m_axi_gmem_data_0_ARCACHE     |  out|    4|       m_axi|                                             gmem_data|       pointer|
|m_axi_gmem_data_0_ARPROT      |  out|    3|       m_axi|                                             gmem_data|       pointer|
|m_axi_gmem_data_0_ARQOS       |  out|    4|       m_axi|                                             gmem_data|       pointer|
|m_axi_gmem_data_0_ARREGION    |  out|    4|       m_axi|                                             gmem_data|       pointer|
|m_axi_gmem_data_0_ARUSER      |  out|    1|       m_axi|                                             gmem_data|       pointer|
|m_axi_gmem_data_0_RVALID      |   in|    1|       m_axi|                                             gmem_data|       pointer|
|m_axi_gmem_data_0_RREADY      |  out|    1|       m_axi|                                             gmem_data|       pointer|
|m_axi_gmem_data_0_RDATA       |   in|  512|       m_axi|                                             gmem_data|       pointer|
|m_axi_gmem_data_0_RLAST       |   in|    1|       m_axi|                                             gmem_data|       pointer|
|m_axi_gmem_data_0_RID         |   in|    1|       m_axi|                                             gmem_data|       pointer|
|m_axi_gmem_data_0_RFIFONUM    |   in|   11|       m_axi|                                             gmem_data|       pointer|
|m_axi_gmem_data_0_RUSER       |   in|    1|       m_axi|                                             gmem_data|       pointer|
|m_axi_gmem_data_0_RRESP       |   in|    2|       m_axi|                                             gmem_data|       pointer|
|m_axi_gmem_data_0_BVALID      |   in|    1|       m_axi|                                             gmem_data|       pointer|
|m_axi_gmem_data_0_BREADY      |  out|    1|       m_axi|                                             gmem_data|       pointer|
|m_axi_gmem_data_0_BRESP       |   in|    2|       m_axi|                                             gmem_data|       pointer|
|m_axi_gmem_data_0_BID         |   in|    1|       m_axi|                                             gmem_data|       pointer|
|m_axi_gmem_data_0_BUSER       |   in|    1|       m_axi|                                             gmem_data|       pointer|
|X_ptr                         |   in|   64|     ap_none|                                                 X_ptr|        scalar|
|zext_ln192                    |   in|   20|     ap_none|                                            zext_ln192|        scalar|
|pix_address0                  |  out|    4|   ap_memory|                                                   pix|         array|
|pix_ce0                       |  out|    1|   ap_memory|                                                   pix|         array|
|pix_we0                       |  out|    1|   ap_memory|                                                   pix|         array|
|pix_d0                        |  out|  256|   ap_memory|                                                   pix|         array|
|mux_case_13901248_out         |  out|   16|      ap_vld|                                 mux_case_13901248_out|       pointer|
|mux_case_13901248_out_ap_vld  |  out|    1|      ap_vld|                                 mux_case_13901248_out|       pointer|
|mux_case_12881245_out         |  out|   16|      ap_vld|                                 mux_case_12881245_out|       pointer|
|mux_case_12881245_out_ap_vld  |  out|    1|      ap_vld|                                 mux_case_12881245_out|       pointer|
|mux_case_11861242_out         |  out|   16|      ap_vld|                                 mux_case_11861242_out|       pointer|
|mux_case_11861242_out_ap_vld  |  out|    1|      ap_vld|                                 mux_case_11861242_out|       pointer|
|mux_case_10841239_out         |  out|   16|      ap_vld|                                 mux_case_10841239_out|       pointer|
|mux_case_10841239_out_ap_vld  |  out|    1|      ap_vld|                                 mux_case_10841239_out|       pointer|
|mux_case_9821236_out          |  out|   16|      ap_vld|                                  mux_case_9821236_out|       pointer|
|mux_case_9821236_out_ap_vld   |  out|    1|      ap_vld|                                  mux_case_9821236_out|       pointer|
|mux_case_8801233_out          |  out|   16|      ap_vld|                                  mux_case_8801233_out|       pointer|
|mux_case_8801233_out_ap_vld   |  out|    1|      ap_vld|                                  mux_case_8801233_out|       pointer|
|mux_case_7781230_out          |  out|   16|      ap_vld|                                  mux_case_7781230_out|       pointer|
|mux_case_7781230_out_ap_vld   |  out|    1|      ap_vld|                                  mux_case_7781230_out|       pointer|
|mux_case_6761227_out          |  out|   16|      ap_vld|                                  mux_case_6761227_out|       pointer|
|mux_case_6761227_out_ap_vld   |  out|    1|      ap_vld|                                  mux_case_6761227_out|       pointer|
|mux_case_5741224_out          |  out|   16|      ap_vld|                                  mux_case_5741224_out|       pointer|
|mux_case_5741224_out_ap_vld   |  out|    1|      ap_vld|                                  mux_case_5741224_out|       pointer|
|mux_case_4721221_out          |  out|   16|      ap_vld|                                  mux_case_4721221_out|       pointer|
|mux_case_4721221_out_ap_vld   |  out|    1|      ap_vld|                                  mux_case_4721221_out|       pointer|
|mux_case_3701218_out          |  out|   16|      ap_vld|                                  mux_case_3701218_out|       pointer|
|mux_case_3701218_out_ap_vld   |  out|    1|      ap_vld|                                  mux_case_3701218_out|       pointer|
|mux_case_2681215_out          |  out|   16|      ap_vld|                                  mux_case_2681215_out|       pointer|
|mux_case_2681215_out_ap_vld   |  out|    1|      ap_vld|                                  mux_case_2681215_out|       pointer|
|mux_case_1661212_out          |  out|   16|      ap_vld|                                  mux_case_1661212_out|       pointer|
|mux_case_1661212_out_ap_vld   |  out|    1|      ap_vld|                                  mux_case_1661212_out|       pointer|
|mux_case_0641209_out          |  out|   16|      ap_vld|                                  mux_case_0641209_out|       pointer|
|mux_case_0641209_out_ap_vld   |  out|    1|      ap_vld|                                  mux_case_0641209_out|       pointer|
|mux_case_131206_out           |  out|   16|      ap_vld|                                   mux_case_131206_out|       pointer|
|mux_case_131206_out_ap_vld    |  out|    1|      ap_vld|                                   mux_case_131206_out|       pointer|
|mux_case_121203_out           |  out|   16|      ap_vld|                                   mux_case_121203_out|       pointer|
|mux_case_121203_out_ap_vld    |  out|    1|      ap_vld|                                   mux_case_121203_out|       pointer|
|mux_case_111200_out           |  out|   16|      ap_vld|                                   mux_case_111200_out|       pointer|
|mux_case_111200_out_ap_vld    |  out|    1|      ap_vld|                                   mux_case_111200_out|       pointer|
|mux_case_101197_out           |  out|   16|      ap_vld|                                   mux_case_101197_out|       pointer|
|mux_case_101197_out_ap_vld    |  out|    1|      ap_vld|                                   mux_case_101197_out|       pointer|
|mux_case_91194_out            |  out|   16|      ap_vld|                                    mux_case_91194_out|       pointer|
|mux_case_91194_out_ap_vld     |  out|    1|      ap_vld|                                    mux_case_91194_out|       pointer|
|mux_case_81191_out            |  out|   16|      ap_vld|                                    mux_case_81191_out|       pointer|
|mux_case_81191_out_ap_vld     |  out|    1|      ap_vld|                                    mux_case_81191_out|       pointer|
|mux_case_71188_out            |  out|   16|      ap_vld|                                    mux_case_71188_out|       pointer|
|mux_case_71188_out_ap_vld     |  out|    1|      ap_vld|                                    mux_case_71188_out|       pointer|
|mux_case_61185_out            |  out|   16|      ap_vld|                                    mux_case_61185_out|       pointer|
|mux_case_61185_out_ap_vld     |  out|    1|      ap_vld|                                    mux_case_61185_out|       pointer|
|mux_case_51182_out            |  out|   16|      ap_vld|                                    mux_case_51182_out|       pointer|
|mux_case_51182_out_ap_vld     |  out|    1|      ap_vld|                                    mux_case_51182_out|       pointer|
|mux_case_41179_out            |  out|   16|      ap_vld|                                    mux_case_41179_out|       pointer|
|mux_case_41179_out_ap_vld     |  out|    1|      ap_vld|                                    mux_case_41179_out|       pointer|
|mux_case_31176_out            |  out|   16|      ap_vld|                                    mux_case_31176_out|       pointer|
|mux_case_31176_out_ap_vld     |  out|    1|      ap_vld|                                    mux_case_31176_out|       pointer|
|mux_case_21173_out            |  out|   16|      ap_vld|                                    mux_case_21173_out|       pointer|
|mux_case_21173_out_ap_vld     |  out|    1|      ap_vld|                                    mux_case_21173_out|       pointer|
|mux_case_11170_out            |  out|   16|      ap_vld|                                    mux_case_11170_out|       pointer|
|mux_case_11170_out_ap_vld     |  out|    1|      ap_vld|                                    mux_case_11170_out|       pointer|
|mux_case_01167_out            |  out|   16|      ap_vld|                                    mux_case_01167_out|       pointer|
|mux_case_01167_out_ap_vld     |  out|    1|      ap_vld|                                    mux_case_01167_out|       pointer|
+------------------------------+-----+-----+------------+------------------------------------------------------+--------------+

