

================================================================
== Vitis HLS Report for 'Universal_Engine_Kernel_16_half_Pipeline_CBI_NORM'
================================================================
* Date:           Thu May 14 22:54:11 2026

* Version:        2024.2 (Build 5238294 on Nov  8 2024)
* Project:        prj
* Solution:       solution1 (Vitis Kernel Flow Target)
* Product family: zynquplus
* Target device:  xczu7ev-ffvc1156-2-e


================================================================
== Performance Estimates
================================================================
+ Timing: 
    * Summary: 
    +--------+---------+----------+------------+
    |  Clock |  Target | Estimated| Uncertainty|
    +--------+---------+----------+------------+
    |ap_clk  |  3.33 ns|  2.333 ns|     0.90 ns|
    +--------+---------+----------+------------+

+ Latency: 
    * Summary: 
    +---------+---------+----------+----------+-----+-----+------------------------------------------------+
    |  Latency (cycles) |  Latency (absolute) |  Interval |                    Pipeline                    |
    |   min   |   max   |    min   |    max   | min | max |                      Type                      |
    +---------+---------+----------+----------+-----+-----+------------------------------------------------+
    |       36|       36|  0.120 us|  0.120 us|   15|   15|  loop auto-rewind stp (delay=0 clock cycles(s))|
    +---------+---------+----------+----------+-----+-----+------------------------------------------------+

    + Detail: 
        * Instance: 
        N/A

        * Loop: 
        +------------+---------+---------+----------+-----------+-----------+------+----------+
        |            |  Latency (cycles) | Iteration|  Initiation Interval  | Trip |          |
        |  Loop Name |   min   |   max   |  Latency |  achieved |   target  | Count| Pipelined|
        +------------+---------+---------+----------+-----------+-----------+------+----------+
        |- CBI_NORM  |       34|       34|        22|          1|          1|    14|       yes|
        +------------+---------+---------+----------+-----------+-----------+------+----------+



================================================================
== Utilization Estimates
================================================================
* Summary: 
+-----------------+---------+------+--------+--------+-----+
|       Name      | BRAM_18K|  DSP |   FF   |   LUT  | URAM|
+-----------------+---------+------+--------+--------+-----+
|DSP              |        -|     -|       -|       -|    -|
|Expression       |        -|     -|       0|     847|    -|
|FIFO             |        -|     -|       -|       -|    -|
|Instance         |        -|     -|       -|       -|    -|
|Memory           |        -|     -|       -|       -|    -|
|Multiplexer      |        -|     -|       0|      36|    -|
|Register         |        -|     -|    2296|      96|    -|
+-----------------+---------+------+--------+--------+-----+
|Total            |        0|     0|    2296|     979|    0|
+-----------------+---------+------+--------+--------+-----+
|Available        |      624|  1728|  460800|  230400|   96|
+-----------------+---------+------+--------+--------+-----+
|Utilization (%)  |        0|     0|      ~0|      ~0|    0|
+-----------------+---------+------+--------+--------+-----+

+ Detail: 
    * Instance: 
    N/A

    * DSP: 
    N/A

    * Memory: 
    N/A

    * FIFO: 
    N/A

    * Expression: 
    +----------------------+----------+----+---+-----+------------+------------+
    |     Variable Name    | Operation| DSP| FF| LUT | Bitwidth P0| Bitwidth P1|
    +----------------------+----------+----+---+-----+------------+------------+
    |add_ln211_fu_763_p2   |         +|   0|  0|   12|           4|           1|
    |add_ln223_fu_1535_p2  |         +|   0|  0|   15|           8|           8|
    |out_w_7_fu_1515_p4    |      1003|   0|  0|    2|         256|          16|
    |icmp_ln211_fu_757_p2  |      icmp|   0|  0|   12|           4|           3|
    |icmp_ln216_fu_878_p2  |      icmp|   0|  0|   15|           8|           7|
    |out_w_2_fu_1457_p3    |    select|   0|  0|  181|           1|         208|
    |out_w_4_fu_1483_p3    |    select|   0|  0|  192|           1|         224|
    |out_w_6_fu_1505_p3    |    select|   0|  0|  208|           1|         256|
    |out_w_8_fu_1525_p3    |    select|   0|  0|  208|           1|         256|
    |ap_enable_pp0         |       xor|   0|  0|    2|           1|           2|
    +----------------------+----------+----+---+-----+------------+------------+
    |Total                 |          |   0|  0|  847|         285|         981|
    +----------------------+----------+----+---+-----+------------+------------+

    * Multiplexer: 
    +-------------------------+----+-----------+-----+-----------+
    |           Name          | LUT| Input Size| Bits| Total Bits|
    +-------------------------+----+-----------+-----+-----------+
    |ap_done_int              |   9|          2|    1|          2|
    |ap_enable_reg_pp0_iter1  |   9|          2|    1|          2|
    |ap_sig_allocacmp_j_3     |   9|          2|    4|          8|
    |j_fu_154                 |   9|          2|    4|          8|
    +-------------------------+----+-----------+-----+-----------+
    |Total                    |  36|          8|   10|         20|
    +-------------------------+----+-----------+-----+-----------+

    * Register: 
    +-----------------------------------+-----+----+-----+-----------+
    |                Name               |  FF | LUT| Bits| Const Bits|
    +-----------------------------------+-----+----+-----+-----------+
    |ap_CS_fsm                          |    1|   0|    1|          0|
    |ap_done_reg                        |    1|   0|    1|          0|
    |ap_enable_reg_pp0_iter1            |    1|   0|    1|          0|
    |ap_enable_reg_pp0_iter10           |    1|   0|    1|          0|
    |ap_enable_reg_pp0_iter11           |    1|   0|    1|          0|
    |ap_enable_reg_pp0_iter12           |    1|   0|    1|          0|
    |ap_enable_reg_pp0_iter13           |    1|   0|    1|          0|
    |ap_enable_reg_pp0_iter14           |    1|   0|    1|          0|
    |ap_enable_reg_pp0_iter15           |    1|   0|    1|          0|
    |ap_enable_reg_pp0_iter16           |    1|   0|    1|          0|
    |ap_enable_reg_pp0_iter17           |    1|   0|    1|          0|
    |ap_enable_reg_pp0_iter18           |    1|   0|    1|          0|
    |ap_enable_reg_pp0_iter19           |    1|   0|    1|          0|
    |ap_enable_reg_pp0_iter2            |    1|   0|    1|          0|
    |ap_enable_reg_pp0_iter20           |    1|   0|    1|          0|
    |ap_enable_reg_pp0_iter21           |    1|   0|    1|          0|
    |ap_enable_reg_pp0_iter3            |    1|   0|    1|          0|
    |ap_enable_reg_pp0_iter4            |    1|   0|    1|          0|
    |ap_enable_reg_pp0_iter5            |    1|   0|    1|          0|
    |ap_enable_reg_pp0_iter6            |    1|   0|    1|          0|
    |ap_enable_reg_pp0_iter7            |    1|   0|    1|          0|
    |ap_enable_reg_pp0_iter8            |    1|   0|    1|          0|
    |ap_enable_reg_pp0_iter9            |    1|   0|    1|          0|
    |ap_loop_exit_ready_pp0_iter10_reg  |    1|   0|    1|          0|
    |ap_loop_exit_ready_pp0_iter11_reg  |    1|   0|    1|          0|
    |ap_loop_exit_ready_pp0_iter12_reg  |    1|   0|    1|          0|
    |ap_loop_exit_ready_pp0_iter13_reg  |    1|   0|    1|          0|
    |ap_loop_exit_ready_pp0_iter14_reg  |    1|   0|    1|          0|
    |ap_loop_exit_ready_pp0_iter15_reg  |    1|   0|    1|          0|
    |ap_loop_exit_ready_pp0_iter16_reg  |    1|   0|    1|          0|
    |ap_loop_exit_ready_pp0_iter17_reg  |    1|   0|    1|          0|
    |ap_loop_exit_ready_pp0_iter18_reg  |    1|   0|    1|          0|
    |ap_loop_exit_ready_pp0_iter19_reg  |    1|   0|    1|          0|
    |ap_loop_exit_ready_pp0_iter1_reg   |    1|   0|    1|          0|
    |ap_loop_exit_ready_pp0_iter20_reg  |    1|   0|    1|          0|
    |ap_loop_exit_ready_pp0_iter2_reg   |    1|   0|    1|          0|
    |ap_loop_exit_ready_pp0_iter3_reg   |    1|   0|    1|          0|
    |ap_loop_exit_ready_pp0_iter4_reg   |    1|   0|    1|          0|
    |ap_loop_exit_ready_pp0_iter5_reg   |    1|   0|    1|          0|
    |ap_loop_exit_ready_pp0_iter6_reg   |    1|   0|    1|          0|
    |ap_loop_exit_ready_pp0_iter7_reg   |    1|   0|    1|          0|
    |ap_loop_exit_ready_pp0_iter8_reg   |    1|   0|    1|          0|
    |ap_loop_exit_ready_pp0_iter9_reg   |    1|   0|    1|          0|
    |icmp_ln216_reg_1697                |    1|   0|    1|          0|
    |j_3_reg_1616                       |    4|   0|    4|          0|
    |j_fu_154                           |    4|   0|    4|          0|
    |mul178_10_reg_2005                 |   16|   0|   16|          0|
    |mul178_11_reg_2015                 |   16|   0|   16|          0|
    |mul178_12_reg_2025                 |   16|   0|   16|          0|
    |mul178_13_reg_2035                 |   16|   0|   16|          0|
    |mul178_14_reg_2045                 |   16|   0|   16|          0|
    |mul178_1_reg_1905                  |   16|   0|   16|          0|
    |mul178_2_reg_1915                  |   16|   0|   16|          0|
    |mul178_3_reg_1925                  |   16|   0|   16|          0|
    |mul178_4_reg_1935                  |   16|   0|   16|          0|
    |mul178_5_reg_1945                  |   16|   0|   16|          0|
    |mul178_6_reg_1955                  |   16|   0|   16|          0|
    |mul178_7_reg_1965                  |   16|   0|   16|          0|
    |mul178_8_reg_1975                  |   16|   0|   16|          0|
    |mul178_9_reg_1985                  |   16|   0|   16|          0|
    |mul178_s_reg_1995                  |   16|   0|   16|          0|
    |mul179_10_reg_2250                 |   16|   0|   16|          0|
    |mul179_11_reg_2260                 |   16|   0|   16|          0|
    |mul179_12_reg_2270                 |   16|   0|   16|          0|
    |mul179_13_reg_2280                 |   16|   0|   16|          0|
    |mul179_14_reg_2290                 |   16|   0|   16|          0|
    |mul179_1_reg_2150                  |   16|   0|   16|          0|
    |mul179_2_reg_2160                  |   16|   0|   16|          0|
    |mul179_3_reg_2170                  |   16|   0|   16|          0|
    |mul179_4_reg_2180                  |   16|   0|   16|          0|
    |mul179_5_reg_2190                  |   16|   0|   16|          0|
    |mul179_6_reg_2200                  |   16|   0|   16|          0|
    |mul179_7_reg_2210                  |   16|   0|   16|          0|
    |mul179_8_reg_2220                  |   16|   0|   16|          0|
    |mul179_9_reg_2230                  |   16|   0|   16|          0|
    |mul179_s_reg_2240                  |   16|   0|   16|          0|
    |mul7_reg_1895                      |   16|   0|   16|          0|
    |mul8_reg_2140                      |   16|   0|   16|          0|
    |out_w_8_reg_2455                   |  256|   0|  256|          0|
    |sub177_10_reg_1860                 |   16|   0|   16|          0|
    |sub177_11_reg_1865                 |   16|   0|   16|          0|
    |sub177_12_reg_1870                 |   16|   0|   16|          0|
    |sub177_13_reg_1875                 |   16|   0|   16|          0|
    |sub177_14_reg_1880                 |   16|   0|   16|          0|
    |sub177_1_reg_1810                  |   16|   0|   16|          0|
    |sub177_2_reg_1815                  |   16|   0|   16|          0|
    |sub177_3_reg_1820                  |   16|   0|   16|          0|
    |sub177_4_reg_1825                  |   16|   0|   16|          0|
    |sub177_5_reg_1830                  |   16|   0|   16|          0|
    |sub177_6_reg_1835                  |   16|   0|   16|          0|
    |sub177_7_reg_1840                  |   16|   0|   16|          0|
    |sub177_8_reg_1845                  |   16|   0|   16|          0|
    |sub177_9_reg_1850                  |   16|   0|   16|          0|
    |sub177_s_reg_1855                  |   16|   0|   16|          0|
    |sub3_reg_1805                      |   16|   0|   16|          0|
    |u_100_reg_1970                     |   16|   0|   16|          0|
    |u_101_reg_2215                     |   16|   0|   16|          0|
    |u_102_reg_2415                     |   16|   0|   16|          0|
    |u_103_reg_1682                     |   16|   0|   16|          0|
    |u_104_reg_1980                     |   16|   0|   16|          0|
    |u_105_reg_2225                     |   16|   0|   16|          0|
    |u_106_reg_2420                     |   16|   0|   16|          0|
    |u_107_reg_1687                     |   16|   0|   16|          0|
    |u_108_reg_1990                     |   16|   0|   16|          0|
    |u_109_reg_2235                     |   16|   0|   16|          0|
    |u_110_reg_2425                     |   16|   0|   16|          0|
    |u_111_reg_1692                     |   16|   0|   16|          0|
    |u_112_reg_2000                     |   16|   0|   16|          0|
    |u_113_reg_2245                     |   16|   0|   16|          0|
    |u_114_reg_2430                     |   16|   0|   16|          0|
    |u_115_reg_1705                     |   16|   0|   16|          0|
    |u_116_reg_2010                     |   16|   0|   16|          0|
    |u_117_reg_2255                     |   16|   0|   16|          0|
    |u_118_reg_2435                     |   16|   0|   16|          0|
    |u_119_reg_1710                     |   16|   0|   16|          0|
    |u_120_reg_2020                     |   16|   0|   16|          0|
    |u_121_reg_2265                     |   16|   0|   16|          0|
    |u_122_reg_2440                     |   16|   0|   16|          0|
    |u_123_reg_1715                     |   16|   0|   16|          0|
    |u_124_reg_2030                     |   16|   0|   16|          0|
    |u_125_reg_2275                     |   16|   0|   16|          0|
    |u_126_reg_2445                     |   16|   0|   16|          0|
    |u_127_reg_1720                     |   16|   0|   16|          0|
    |u_128_reg_2040                     |   16|   0|   16|          0|
    |u_129_reg_2285                     |   16|   0|   16|          0|
    |u_130_reg_2450                     |   16|   0|   16|          0|
    |u_183_reg_1890                     |   16|   0|   16|          0|
    |u_184_reg_2135                     |   16|   0|   16|          0|
    |u_70_reg_2375                      |   16|   0|   16|          0|
    |u_71_reg_1642                      |   16|   0|   16|          0|
    |u_72_reg_1900                      |   16|   0|   16|          0|
    |u_73_reg_2145                      |   16|   0|   16|          0|
    |u_74_reg_2380                      |   16|   0|   16|          0|
    |u_75_reg_1647                      |   16|   0|   16|          0|
    |u_76_reg_1910                      |   16|   0|   16|          0|
    |u_77_reg_2155                      |   16|   0|   16|          0|
    |u_78_reg_2385                      |   16|   0|   16|          0|
    |u_79_reg_1652                      |   16|   0|   16|          0|
    |u_80_reg_1920                      |   16|   0|   16|          0|
    |u_81_reg_2165                      |   16|   0|   16|          0|
    |u_82_reg_2390                      |   16|   0|   16|          0|
    |u_83_reg_1657                      |   16|   0|   16|          0|
    |u_84_reg_1930                      |   16|   0|   16|          0|
    |u_85_reg_2175                      |   16|   0|   16|          0|
    |u_86_reg_2395                      |   16|   0|   16|          0|
    |u_87_reg_1662                      |   16|   0|   16|          0|
    |u_88_reg_1940                      |   16|   0|   16|          0|
    |u_89_reg_2185                      |   16|   0|   16|          0|
    |u_90_reg_2400                      |   16|   0|   16|          0|
    |u_91_reg_1667                      |   16|   0|   16|          0|
    |u_92_reg_1950                      |   16|   0|   16|          0|
    |u_93_reg_2195                      |   16|   0|   16|          0|
    |u_94_reg_2405                      |   16|   0|   16|          0|
    |u_95_reg_1672                      |   16|   0|   16|          0|
    |u_96_reg_1960                      |   16|   0|   16|          0|
    |u_97_reg_2205                      |   16|   0|   16|          0|
    |u_98_reg_2410                      |   16|   0|   16|          0|
    |u_99_reg_1677                      |   16|   0|   16|          0|
    |u_reg_1637                         |   16|   0|   16|          0|
    |zext_ln211_reg_1626                |    4|   0|   64|         60|
    |icmp_ln216_reg_1697                |   64|  32|    1|          0|
    |j_3_reg_1616                       |   64|  32|    4|          0|
    |zext_ln211_reg_1626                |   64|  32|   64|         60|
    +-----------------------------------+-----+----+-----+-----------+
    |Total                              | 2296|  96| 2233|        120|
    +-----------------------------------+-----+----+-----+-----------+



================================================================
== Interface
================================================================
* Summary: 
+----------------------------------------------------------------------------------------------+-----+-----+------------+-------------------------------------------------------------------------------------+--------------+
|                                           RTL Ports                                          | Dir | Bits|  Protocol  |                                    Source Object                                    |    C Type    |
+----------------------------------------------------------------------------------------------+-----+-----+------------+-------------------------------------------------------------------------------------+--------------+
|ap_clk                                                                                        |   in|    1|  ap_ctrl_hs|                                  Universal_Engine_Kernel<16, half>_Pipeline_CBI_NORM|  return value|
|ap_rst                                                                                        |   in|    1|  ap_ctrl_hs|                                  Universal_Engine_Kernel<16, half>_Pipeline_CBI_NORM|  return value|
|ap_start                                                                                      |   in|    1|  ap_ctrl_hs|                                  Universal_Engine_Kernel<16, half>_Pipeline_CBI_NORM|  return value|
|ap_done                                                                                       |  out|    1|  ap_ctrl_hs|                                  Universal_Engine_Kernel<16, half>_Pipeline_CBI_NORM|  return value|
|ap_idle                                                                                       |  out|    1|  ap_ctrl_hs|                                  Universal_Engine_Kernel<16, half>_Pipeline_CBI_NORM|  return value|
|ap_ready                                                                                      |  out|    1|  ap_ctrl_hs|                                  Universal_Engine_Kernel<16, half>_Pipeline_CBI_NORM|  return value|
|grp_fu_1421_p_din0                                                                            |  out|   16|  ap_ctrl_hs|                                  Universal_Engine_Kernel<16, half>_Pipeline_CBI_NORM|  return value|
|grp_fu_1421_p_din1                                                                            |  out|   16|  ap_ctrl_hs|                                  Universal_Engine_Kernel<16, half>_Pipeline_CBI_NORM|  return value|
|grp_fu_1421_p_dout0                                                                           |   in|   16|  ap_ctrl_hs|                                  Universal_Engine_Kernel<16, half>_Pipeline_CBI_NORM|  return value|
|grp_fu_1421_p_ce                                                                              |  out|    1|  ap_ctrl_hs|                                  Universal_Engine_Kernel<16, half>_Pipeline_CBI_NORM|  return value|
|grp_fu_1425_p_din0                                                                            |  out|   16|  ap_ctrl_hs|                                  Universal_Engine_Kernel<16, half>_Pipeline_CBI_NORM|  return value|
|grp_fu_1425_p_din1                                                                            |  out|   16|  ap_ctrl_hs|                                  Universal_Engine_Kernel<16, half>_Pipeline_CBI_NORM|  return value|
|grp_fu_1425_p_dout0                                                                           |   in|   16|  ap_ctrl_hs|                                  Universal_Engine_Kernel<16, half>_Pipeline_CBI_NORM|  return value|
|grp_fu_1425_p_ce                                                                              |  out|    1|  ap_ctrl_hs|                                  Universal_Engine_Kernel<16, half>_Pipeline_CBI_NORM|  return value|
|grp_fu_1429_p_din0                                                                            |  out|   16|  ap_ctrl_hs|                                  Universal_Engine_Kernel<16, half>_Pipeline_CBI_NORM|  return value|
|grp_fu_1429_p_din1                                                                            |  out|   16|  ap_ctrl_hs|                                  Universal_Engine_Kernel<16, half>_Pipeline_CBI_NORM|  return value|
|grp_fu_1429_p_dout0                                                                           |   in|   16|  ap_ctrl_hs|                                  Universal_Engine_Kernel<16, half>_Pipeline_CBI_NORM|  return value|
|grp_fu_1429_p_ce                                                                              |  out|    1|  ap_ctrl_hs|                                  Universal_Engine_Kernel<16, half>_Pipeline_CBI_NORM|  return value|
|grp_fu_1433_p_din0                                                                            |  out|   16|  ap_ctrl_hs|                                  Universal_Engine_Kernel<16, half>_Pipeline_CBI_NORM|  return value|
|grp_fu_1433_p_din1                                                                            |  out|   16|  ap_ctrl_hs|                                  Universal_Engine_Kernel<16, half>_Pipeline_CBI_NORM|  return value|
|grp_fu_1433_p_dout0                                                                           |   in|   16|  ap_ctrl_hs|                                  Universal_Engine_Kernel<16, half>_Pipeline_CBI_NORM|  return value|
|grp_fu_1433_p_ce                                                                              |  out|    1|  ap_ctrl_hs|                                  Universal_Engine_Kernel<16, half>_Pipeline_CBI_NORM|  return value|
|grp_fu_1437_p_din0                                                                            |  out|   16|  ap_ctrl_hs|                                  Universal_Engine_Kernel<16, half>_Pipeline_CBI_NORM|  return value|
|grp_fu_1437_p_din1                                                                            |  out|   16|  ap_ctrl_hs|                                  Universal_Engine_Kernel<16, half>_Pipeline_CBI_NORM|  return value|
|grp_fu_1437_p_dout0                                                                           |   in|   16|  ap_ctrl_hs|                                  Universal_Engine_Kernel<16, half>_Pipeline_CBI_NORM|  return value|
|grp_fu_1437_p_ce                                                                              |  out|    1|  ap_ctrl_hs|                                  Universal_Engine_Kernel<16, half>_Pipeline_CBI_NORM|  return value|
|grp_fu_1441_p_din0                                                                            |  out|   16|  ap_ctrl_hs|                                  Universal_Engine_Kernel<16, half>_Pipeline_CBI_NORM|  return value|
|grp_fu_1441_p_din1                                                                            |  out|   16|  ap_ctrl_hs|                                  Universal_Engine_Kernel<16, half>_Pipeline_CBI_NORM|  return value|
|grp_fu_1441_p_dout0                                                                           |   in|   16|  ap_ctrl_hs|                                  Universal_Engine_Kernel<16, half>_Pipeline_CBI_NORM|  return value|
|grp_fu_1441_p_ce                                                                              |  out|    1|  ap_ctrl_hs|                                  Universal_Engine_Kernel<16, half>_Pipeline_CBI_NORM|  return value|
|grp_fu_1445_p_din0                                                                            |  out|   16|  ap_ctrl_hs|                                  Universal_Engine_Kernel<16, half>_Pipeline_CBI_NORM|  return value|
|grp_fu_1445_p_din1                                                                            |  out|   16|  ap_ctrl_hs|                                  Universal_Engine_Kernel<16, half>_Pipeline_CBI_NORM|  return value|
|grp_fu_1445_p_dout0                                                                           |   in|   16|  ap_ctrl_hs|                                  Universal_Engine_Kernel<16, half>_Pipeline_CBI_NORM|  return value|
|grp_fu_1445_p_ce                                                                              |  out|    1|  ap_ctrl_hs|                                  Universal_Engine_Kernel<16, half>_Pipeline_CBI_NORM|  return value|
|grp_fu_1449_p_din0                                                                            |  out|   16|  ap_ctrl_hs|                                  Universal_Engine_Kernel<16, half>_Pipeline_CBI_NORM|  return value|
|grp_fu_1449_p_din1                                                                            |  out|   16|  ap_ctrl_hs|                                  Universal_Engine_Kernel<16, half>_Pipeline_CBI_NORM|  return value|
|grp_fu_1449_p_dout0                                                                           |   in|   16|  ap_ctrl_hs|                                  Universal_Engine_Kernel<16, half>_Pipeline_CBI_NORM|  return value|
|grp_fu_1449_p_ce                                                                              |  out|    1|  ap_ctrl_hs|                                  Universal_Engine_Kernel<16, half>_Pipeline_CBI_NORM|  return value|
|grp_fu_1453_p_din0                                                                            |  out|   16|  ap_ctrl_hs|                                  Universal_Engine_Kernel<16, half>_Pipeline_CBI_NORM|  return value|
|grp_fu_1453_p_din1                                                                            |  out|   16|  ap_ctrl_hs|                                  Universal_Engine_Kernel<16, half>_Pipeline_CBI_NORM|  return value|
|grp_fu_1453_p_dout0                                                                           |   in|   16|  ap_ctrl_hs|                                  Universal_Engine_Kernel<16, half>_Pipeline_CBI_NORM|  return value|
|grp_fu_1453_p_ce                                                                              |  out|    1|  ap_ctrl_hs|                                  Universal_Engine_Kernel<16, half>_Pipeline_CBI_NORM|  return value|
|grp_fu_1457_p_din0                                                                            |  out|   16|  ap_ctrl_hs|                                  Universal_Engine_Kernel<16, half>_Pipeline_CBI_NORM|  return value|
|grp_fu_1457_p_din1                                                                            |  out|   16|  ap_ctrl_hs|                                  Universal_Engine_Kernel<16, half>_Pipeline_CBI_NORM|  return value|
|grp_fu_1457_p_dout0                                                                           |   in|   16|  ap_ctrl_hs|                                  Universal_Engine_Kernel<16, half>_Pipeline_CBI_NORM|  return value|
|grp_fu_1457_p_ce                                                                              |  out|    1|  ap_ctrl_hs|                                  Universal_Engine_Kernel<16, half>_Pipeline_CBI_NORM|  return value|
|grp_fu_1461_p_din0                                                                            |  out|   16|  ap_ctrl_hs|                                  Universal_Engine_Kernel<16, half>_Pipeline_CBI_NORM|  return value|
|grp_fu_1461_p_din1                                                                            |  out|   16|  ap_ctrl_hs|                                  Universal_Engine_Kernel<16, half>_Pipeline_CBI_NORM|  return value|
|grp_fu_1461_p_dout0                                                                           |   in|   16|  ap_ctrl_hs|                                  Universal_Engine_Kernel<16, half>_Pipeline_CBI_NORM|  return value|
|grp_fu_1461_p_ce                                                                              |  out|    1|  ap_ctrl_hs|                                  Universal_Engine_Kernel<16, half>_Pipeline_CBI_NORM|  return value|
|grp_fu_1465_p_din0                                                                            |  out|   16|  ap_ctrl_hs|                                  Universal_Engine_Kernel<16, half>_Pipeline_CBI_NORM|  return value|
|grp_fu_1465_p_din1                                                                            |  out|   16|  ap_ctrl_hs|                                  Universal_Engine_Kernel<16, half>_Pipeline_CBI_NORM|  return value|
|grp_fu_1465_p_dout0                                                                           |   in|   16|  ap_ctrl_hs|                                  Universal_Engine_Kernel<16, half>_Pipeline_CBI_NORM|  return value|
|grp_fu_1465_p_ce                                                                              |  out|    1|  ap_ctrl_hs|                                  Universal_Engine_Kernel<16, half>_Pipeline_CBI_NORM|  return value|
|grp_fu_1469_p_din0                                                                            |  out|   16|  ap_ctrl_hs|                                  Universal_Engine_Kernel<16, half>_Pipeline_CBI_NORM|  return value|
|grp_fu_1469_p_din1                                                                            |  out|   16|  ap_ctrl_hs|                                  Universal_Engine_Kernel<16, half>_Pipeline_CBI_NORM|  return value|
|grp_fu_1469_p_dout0                                                                           |   in|   16|  ap_ctrl_hs|                                  Universal_Engine_Kernel<16, half>_Pipeline_CBI_NORM|  return value|
|grp_fu_1469_p_ce                                                                              |  out|    1|  ap_ctrl_hs|                                  Universal_Engine_Kernel<16, half>_Pipeline_CBI_NORM|  return value|
|grp_fu_1473_p_din0                                                                            |  out|   16|  ap_ctrl_hs|                                  Universal_Engine_Kernel<16, half>_Pipeline_CBI_NORM|  return value|
|grp_fu_1473_p_din1                                                                            |  out|   16|  ap_ctrl_hs|                                  Universal_Engine_Kernel<16, half>_Pipeline_CBI_NORM|  return value|
|grp_fu_1473_p_dout0                                                                           |   in|   16|  ap_ctrl_hs|                                  Universal_Engine_Kernel<16, half>_Pipeline_CBI_NORM|  return value|
|grp_fu_1473_p_ce                                                                              |  out|    1|  ap_ctrl_hs|                                  Universal_Engine_Kernel<16, half>_Pipeline_CBI_NORM|  return value|
|grp_fu_1477_p_din0                                                                            |  out|   16|  ap_ctrl_hs|                                  Universal_Engine_Kernel<16, half>_Pipeline_CBI_NORM|  return value|
|grp_fu_1477_p_din1                                                                            |  out|   16|  ap_ctrl_hs|                                  Universal_Engine_Kernel<16, half>_Pipeline_CBI_NORM|  return value|
|grp_fu_1477_p_dout0                                                                           |   in|   16|  ap_ctrl_hs|                                  Universal_Engine_Kernel<16, half>_Pipeline_CBI_NORM|  return value|
|grp_fu_1477_p_ce                                                                              |  out|    1|  ap_ctrl_hs|                                  Universal_Engine_Kernel<16, half>_Pipeline_CBI_NORM|  return value|
|grp_fu_1481_p_din0                                                                            |  out|   16|  ap_ctrl_hs|                                  Universal_Engine_Kernel<16, half>_Pipeline_CBI_NORM|  return value|
|grp_fu_1481_p_din1                                                                            |  out|   16|  ap_ctrl_hs|                                  Universal_Engine_Kernel<16, half>_Pipeline_CBI_NORM|  return value|
|grp_fu_1481_p_dout0                                                                           |   in|   16|  ap_ctrl_hs|                                  Universal_Engine_Kernel<16, half>_Pipeline_CBI_NORM|  return value|
|grp_fu_1481_p_ce                                                                              |  out|    1|  ap_ctrl_hs|                                  Universal_Engine_Kernel<16, half>_Pipeline_CBI_NORM|  return value|
|grp_fu_1616_p_din0                                                                            |  out|   16|  ap_ctrl_hs|                                  Universal_Engine_Kernel<16, half>_Pipeline_CBI_NORM|  return value|
|grp_fu_1616_p_din1                                                                            |  out|   16|  ap_ctrl_hs|                                  Universal_Engine_Kernel<16, half>_Pipeline_CBI_NORM|  return value|
|grp_fu_1616_p_dout0                                                                           |   in|   16|  ap_ctrl_hs|                                  Universal_Engine_Kernel<16, half>_Pipeline_CBI_NORM|  return value|
|grp_fu_1616_p_ce                                                                              |  out|    1|  ap_ctrl_hs|                                  Universal_Engine_Kernel<16, half>_Pipeline_CBI_NORM|  return value|
|grp_fu_1620_p_din0                                                                            |  out|   16|  ap_ctrl_hs|                                  Universal_Engine_Kernel<16, half>_Pipeline_CBI_NORM|  return value|
|grp_fu_1620_p_din1                                                                            |  out|   16|  ap_ctrl_hs|                                  Universal_Engine_Kernel<16, half>_Pipeline_CBI_NORM|  return value|
|grp_fu_1620_p_dout0                                                                           |   in|   16|  ap_ctrl_hs|                                  Universal_Engine_Kernel<16, half>_Pipeline_CBI_NORM|  return value|
|grp_fu_1620_p_ce                                                                              |  out|    1|  ap_ctrl_hs|                                  Universal_Engine_Kernel<16, half>_Pipeline_CBI_NORM|  return value|
|grp_fu_1624_p_din0                                                                            |  out|   16|  ap_ctrl_hs|                                  Universal_Engine_Kernel<16, half>_Pipeline_CBI_NORM|  return value|
|grp_fu_1624_p_din1                                                                            |  out|   16|  ap_ctrl_hs|                                  Universal_Engine_Kernel<16, half>_Pipeline_CBI_NORM|  return value|
|grp_fu_1624_p_dout0                                                                           |   in|   16|  ap_ctrl_hs|                                  Universal_Engine_Kernel<16, half>_Pipeline_CBI_NORM|  return value|
|grp_fu_1624_p_ce                                                                              |  out|    1|  ap_ctrl_hs|                                  Universal_Engine_Kernel<16, half>_Pipeline_CBI_NORM|  return value|
|grp_fu_1628_p_din0                                                                            |  out|   16|  ap_ctrl_hs|                                  Universal_Engine_Kernel<16, half>_Pipeline_CBI_NORM|  return value|
|grp_fu_1628_p_din1                                                                            |  out|   16|  ap_ctrl_hs|                                  Universal_Engine_Kernel<16, half>_Pipeline_CBI_NORM|  return value|
|grp_fu_1628_p_dout0                                                                           |   in|   16|  ap_ctrl_hs|                                  Universal_Engine_Kernel<16, half>_Pipeline_CBI_NORM|  return value|
|grp_fu_1628_p_ce                                                                              |  out|    1|  ap_ctrl_hs|                                  Universal_Engine_Kernel<16, half>_Pipeline_CBI_NORM|  return value|
|grp_fu_1632_p_din0                                                                            |  out|   16|  ap_ctrl_hs|                                  Universal_Engine_Kernel<16, half>_Pipeline_CBI_NORM|  return value|
|grp_fu_1632_p_din1                                                                            |  out|   16|  ap_ctrl_hs|                                  Universal_Engine_Kernel<16, half>_Pipeline_CBI_NORM|  return value|
|grp_fu_1632_p_dout0                                                                           |   in|   16|  ap_ctrl_hs|                                  Universal_Engine_Kernel<16, half>_Pipeline_CBI_NORM|  return value|
|grp_fu_1632_p_ce                                                                              |  out|    1|  ap_ctrl_hs|                                  Universal_Engine_Kernel<16, half>_Pipeline_CBI_NORM|  return value|
|grp_fu_1636_p_din0                                                                            |  out|   16|  ap_ctrl_hs|                                  Universal_Engine_Kernel<16, half>_Pipeline_CBI_NORM|  return value|
|grp_fu_1636_p_din1                                                                            |  out|   16|  ap_ctrl_hs|                                  Universal_Engine_Kernel<16, half>_Pipeline_CBI_NORM|  return value|
|grp_fu_1636_p_dout0                                                                           |   in|   16|  ap_ctrl_hs|                                  Universal_Engine_Kernel<16, half>_Pipeline_CBI_NORM|  return value|
|grp_fu_1636_p_ce                                                                              |  out|    1|  ap_ctrl_hs|                                  Universal_Engine_Kernel<16, half>_Pipeline_CBI_NORM|  return value|
|grp_fu_1640_p_din0                                                                            |  out|   16|  ap_ctrl_hs|                                  Universal_Engine_Kernel<16, half>_Pipeline_CBI_NORM|  return value|
|grp_fu_1640_p_din1                                                                            |  out|   16|  ap_ctrl_hs|                                  Universal_Engine_Kernel<16, half>_Pipeline_CBI_NORM|  return value|
|grp_fu_1640_p_dout0                                                                           |   in|   16|  ap_ctrl_hs|                                  Universal_Engine_Kernel<16, half>_Pipeline_CBI_NORM|  return value|
|grp_fu_1640_p_ce                                                                              |  out|    1|  ap_ctrl_hs|                                  Universal_Engine_Kernel<16, half>_Pipeline_CBI_NORM|  return value|
|grp_fu_1644_p_din0                                                                            |  out|   16|  ap_ctrl_hs|                                  Universal_Engine_Kernel<16, half>_Pipeline_CBI_NORM|  return value|
|grp_fu_1644_p_din1                                                                            |  out|   16|  ap_ctrl_hs|                                  Universal_Engine_Kernel<16, half>_Pipeline_CBI_NORM|  return value|
|grp_fu_1644_p_dout0                                                                           |   in|   16|  ap_ctrl_hs|                                  Universal_Engine_Kernel<16, half>_Pipeline_CBI_NORM|  return value|
|grp_fu_1644_p_ce                                                                              |  out|    1|  ap_ctrl_hs|                                  Universal_Engine_Kernel<16, half>_Pipeline_CBI_NORM|  return value|
|grp_fu_1648_p_din0                                                                            |  out|   16|  ap_ctrl_hs|                                  Universal_Engine_Kernel<16, half>_Pipeline_CBI_NORM|  return value|
|grp_fu_1648_p_din1                                                                            |  out|   16|  ap_ctrl_hs|                                  Universal_Engine_Kernel<16, half>_Pipeline_CBI_NORM|  return value|
|grp_fu_1648_p_dout0                                                                           |   in|   16|  ap_ctrl_hs|                                  Universal_Engine_Kernel<16, half>_Pipeline_CBI_NORM|  return value|
|grp_fu_1648_p_ce                                                                              |  out|    1|  ap_ctrl_hs|                                  Universal_Engine_Kernel<16, half>_Pipeline_CBI_NORM|  return value|
|grp_fu_1652_p_din0                                                                            |  out|   16|  ap_ctrl_hs|                                  Universal_Engine_Kernel<16, half>_Pipeline_CBI_NORM|  return value|
|grp_fu_1652_p_din1                                                                            |  out|   16|  ap_ctrl_hs|                                  Universal_Engine_Kernel<16, half>_Pipeline_CBI_NORM|  return value|
|grp_fu_1652_p_dout0                                                                           |   in|   16|  ap_ctrl_hs|                                  Universal_Engine_Kernel<16, half>_Pipeline_CBI_NORM|  return value|
|grp_fu_1652_p_ce                                                                              |  out|    1|  ap_ctrl_hs|                                  Universal_Engine_Kernel<16, half>_Pipeline_CBI_NORM|  return value|
|grp_fu_1656_p_din0                                                                            |  out|   16|  ap_ctrl_hs|                                  Universal_Engine_Kernel<16, half>_Pipeline_CBI_NORM|  return value|
|grp_fu_1656_p_din1                                                                            |  out|   16|  ap_ctrl_hs|                                  Universal_Engine_Kernel<16, half>_Pipeline_CBI_NORM|  return value|
|grp_fu_1656_p_dout0                                                                           |   in|   16|  ap_ctrl_hs|                                  Universal_Engine_Kernel<16, half>_Pipeline_CBI_NORM|  return value|
|grp_fu_1656_p_ce                                                                              |  out|    1|  ap_ctrl_hs|                                  Universal_Engine_Kernel<16, half>_Pipeline_CBI_NORM|  return value|
|grp_fu_1660_p_din0                                                                            |  out|   16|  ap_ctrl_hs|                                  Universal_Engine_Kernel<16, half>_Pipeline_CBI_NORM|  return value|
|grp_fu_1660_p_din1                                                                            |  out|   16|  ap_ctrl_hs|                                  Universal_Engine_Kernel<16, half>_Pipeline_CBI_NORM|  return value|
|grp_fu_1660_p_dout0                                                                           |   in|   16|  ap_ctrl_hs|                                  Universal_Engine_Kernel<16, half>_Pipeline_CBI_NORM|  return value|
|grp_fu_1660_p_ce                                                                              |  out|    1|  ap_ctrl_hs|                                  Universal_Engine_Kernel<16, half>_Pipeline_CBI_NORM|  return value|
|grp_fu_1664_p_din0                                                                            |  out|   16|  ap_ctrl_hs|                                  Universal_Engine_Kernel<16, half>_Pipeline_CBI_NORM|  return value|
|grp_fu_1664_p_din1                                                                            |  out|   16|  ap_ctrl_hs|                                  Universal_Engine_Kernel<16, half>_Pipeline_CBI_NORM|  return value|
|grp_fu_1664_p_dout0                                                                           |   in|   16|  ap_ctrl_hs|                                  Universal_Engine_Kernel<16, half>_Pipeline_CBI_NORM|  return value|
|grp_fu_1664_p_ce                                                                              |  out|    1|  ap_ctrl_hs|                                  Universal_Engine_Kernel<16, half>_Pipeline_CBI_NORM|  return value|
|grp_fu_1668_p_din0                                                                            |  out|   16|  ap_ctrl_hs|                                  Universal_Engine_Kernel<16, half>_Pipeline_CBI_NORM|  return value|
|grp_fu_1668_p_din1                                                                            |  out|   16|  ap_ctrl_hs|                                  Universal_Engine_Kernel<16, half>_Pipeline_CBI_NORM|  return value|
|grp_fu_1668_p_dout0                                                                           |   in|   16|  ap_ctrl_hs|                                  Universal_Engine_Kernel<16, half>_Pipeline_CBI_NORM|  return value|
|grp_fu_1668_p_ce                                                                              |  out|    1|  ap_ctrl_hs|                                  Universal_Engine_Kernel<16, half>_Pipeline_CBI_NORM|  return value|
|grp_fu_1672_p_din0                                                                            |  out|   16|  ap_ctrl_hs|                                  Universal_Engine_Kernel<16, half>_Pipeline_CBI_NORM|  return value|
|grp_fu_1672_p_din1                                                                            |  out|   16|  ap_ctrl_hs|                                  Universal_Engine_Kernel<16, half>_Pipeline_CBI_NORM|  return value|
|grp_fu_1672_p_dout0                                                                           |   in|   16|  ap_ctrl_hs|                                  Universal_Engine_Kernel<16, half>_Pipeline_CBI_NORM|  return value|
|grp_fu_1672_p_ce                                                                              |  out|    1|  ap_ctrl_hs|                                  Universal_Engine_Kernel<16, half>_Pipeline_CBI_NORM|  return value|
|grp_fu_1676_p_din0                                                                            |  out|   16|  ap_ctrl_hs|                                  Universal_Engine_Kernel<16, half>_Pipeline_CBI_NORM|  return value|
|grp_fu_1676_p_din1                                                                            |  out|   16|  ap_ctrl_hs|                                  Universal_Engine_Kernel<16, half>_Pipeline_CBI_NORM|  return value|
|grp_fu_1676_p_dout0                                                                           |   in|   16|  ap_ctrl_hs|                                  Universal_Engine_Kernel<16, half>_Pipeline_CBI_NORM|  return value|
|grp_fu_1676_p_ce                                                                              |  out|    1|  ap_ctrl_hs|                                  Universal_Engine_Kernel<16, half>_Pipeline_CBI_NORM|  return value|
|grp_fu_1549_p_din0                                                                            |  out|   16|  ap_ctrl_hs|                                  Universal_Engine_Kernel<16, half>_Pipeline_CBI_NORM|  return value|
|grp_fu_1549_p_din1                                                                            |  out|   16|  ap_ctrl_hs|                                  Universal_Engine_Kernel<16, half>_Pipeline_CBI_NORM|  return value|
|grp_fu_1549_p_dout0                                                                           |   in|   16|  ap_ctrl_hs|                                  Universal_Engine_Kernel<16, half>_Pipeline_CBI_NORM|  return value|
|grp_fu_1549_p_ce                                                                              |  out|    1|  ap_ctrl_hs|                                  Universal_Engine_Kernel<16, half>_Pipeline_CBI_NORM|  return value|
|grp_fu_1553_p_din0                                                                            |  out|   16|  ap_ctrl_hs|                                  Universal_Engine_Kernel<16, half>_Pipeline_CBI_NORM|  return value|
|grp_fu_1553_p_din1                                                                            |  out|   16|  ap_ctrl_hs|                                  Universal_Engine_Kernel<16, half>_Pipeline_CBI_NORM|  return value|
|grp_fu_1553_p_dout0                                                                           |   in|   16|  ap_ctrl_hs|                                  Universal_Engine_Kernel<16, half>_Pipeline_CBI_NORM|  return value|
|grp_fu_1553_p_ce                                                                              |  out|    1|  ap_ctrl_hs|                                  Universal_Engine_Kernel<16, half>_Pipeline_CBI_NORM|  return value|
|grp_fu_1557_p_din0                                                                            |  out|   16|  ap_ctrl_hs|                                  Universal_Engine_Kernel<16, half>_Pipeline_CBI_NORM|  return value|
|grp_fu_1557_p_din1                                                                            |  out|   16|  ap_ctrl_hs|                                  Universal_Engine_Kernel<16, half>_Pipeline_CBI_NORM|  return value|
|grp_fu_1557_p_dout0                                                                           |   in|   16|  ap_ctrl_hs|                                  Universal_Engine_Kernel<16, half>_Pipeline_CBI_NORM|  return value|
|grp_fu_1557_p_ce                                                                              |  out|    1|  ap_ctrl_hs|                                  Universal_Engine_Kernel<16, half>_Pipeline_CBI_NORM|  return value|
|grp_fu_1561_p_din0                                                                            |  out|   16|  ap_ctrl_hs|                                  Universal_Engine_Kernel<16, half>_Pipeline_CBI_NORM|  return value|
|grp_fu_1561_p_din1                                                                            |  out|   16|  ap_ctrl_hs|                                  Universal_Engine_Kernel<16, half>_Pipeline_CBI_NORM|  return value|
|grp_fu_1561_p_dout0                                                                           |   in|   16|  ap_ctrl_hs|                                  Universal_Engine_Kernel<16, half>_Pipeline_CBI_NORM|  return value|
|grp_fu_1561_p_ce                                                                              |  out|    1|  ap_ctrl_hs|                                  Universal_Engine_Kernel<16, half>_Pipeline_CBI_NORM|  return value|
|grp_fu_1565_p_din0                                                                            |  out|   16|  ap_ctrl_hs|                                  Universal_Engine_Kernel<16, half>_Pipeline_CBI_NORM|  return value|
|grp_fu_1565_p_din1                                                                            |  out|   16|  ap_ctrl_hs|                                  Universal_Engine_Kernel<16, half>_Pipeline_CBI_NORM|  return value|
|grp_fu_1565_p_dout0                                                                           |   in|   16|  ap_ctrl_hs|                                  Universal_Engine_Kernel<16, half>_Pipeline_CBI_NORM|  return value|
|grp_fu_1565_p_ce                                                                              |  out|    1|  ap_ctrl_hs|                                  Universal_Engine_Kernel<16, half>_Pipeline_CBI_NORM|  return value|
|grp_fu_1569_p_din0                                                                            |  out|   16|  ap_ctrl_hs|                                  Universal_Engine_Kernel<16, half>_Pipeline_CBI_NORM|  return value|
|grp_fu_1569_p_din1                                                                            |  out|   16|  ap_ctrl_hs|                                  Universal_Engine_Kernel<16, half>_Pipeline_CBI_NORM|  return value|
|grp_fu_1569_p_dout0                                                                           |   in|   16|  ap_ctrl_hs|                                  Universal_Engine_Kernel<16, half>_Pipeline_CBI_NORM|  return value|
|grp_fu_1569_p_ce                                                                              |  out|    1|  ap_ctrl_hs|                                  Universal_Engine_Kernel<16, half>_Pipeline_CBI_NORM|  return value|
|grp_fu_1573_p_din0                                                                            |  out|   16|  ap_ctrl_hs|                                  Universal_Engine_Kernel<16, half>_Pipeline_CBI_NORM|  return value|
|grp_fu_1573_p_din1                                                                            |  out|   16|  ap_ctrl_hs|                                  Universal_Engine_Kernel<16, half>_Pipeline_CBI_NORM|  return value|
|grp_fu_1573_p_dout0                                                                           |   in|   16|  ap_ctrl_hs|                                  Universal_Engine_Kernel<16, half>_Pipeline_CBI_NORM|  return value|
|grp_fu_1573_p_ce                                                                              |  out|    1|  ap_ctrl_hs|                                  Universal_Engine_Kernel<16, half>_Pipeline_CBI_NORM|  return value|
|grp_fu_1577_p_din0                                                                            |  out|   16|  ap_ctrl_hs|                                  Universal_Engine_Kernel<16, half>_Pipeline_CBI_NORM|  return value|
|grp_fu_1577_p_din1                                                                            |  out|   16|  ap_ctrl_hs|                                  Universal_Engine_Kernel<16, half>_Pipeline_CBI_NORM|  return value|
|grp_fu_1577_p_dout0                                                                           |   in|   16|  ap_ctrl_hs|                                  Universal_Engine_Kernel<16, half>_Pipeline_CBI_NORM|  return value|
|grp_fu_1577_p_ce                                                                              |  out|    1|  ap_ctrl_hs|                                  Universal_Engine_Kernel<16, half>_Pipeline_CBI_NORM|  return value|
|grp_fu_1581_p_din0                                                                            |  out|   16|  ap_ctrl_hs|                                  Universal_Engine_Kernel<16, half>_Pipeline_CBI_NORM|  return value|
|grp_fu_1581_p_din1                                                                            |  out|   16|  ap_ctrl_hs|                                  Universal_Engine_Kernel<16, half>_Pipeline_CBI_NORM|  return value|
|grp_fu_1581_p_dout0                                                                           |   in|   16|  ap_ctrl_hs|                                  Universal_Engine_Kernel<16, half>_Pipeline_CBI_NORM|  return value|
|grp_fu_1581_p_ce                                                                              |  out|    1|  ap_ctrl_hs|                                  Universal_Engine_Kernel<16, half>_Pipeline_CBI_NORM|  return value|
|grp_fu_1585_p_din0                                                                            |  out|   16|  ap_ctrl_hs|                                  Universal_Engine_Kernel<16, half>_Pipeline_CBI_NORM|  return value|
|grp_fu_1585_p_din1                                                                            |  out|   16|  ap_ctrl_hs|                                  Universal_Engine_Kernel<16, half>_Pipeline_CBI_NORM|  return value|
|grp_fu_1585_p_dout0                                                                           |   in|   16|  ap_ctrl_hs|                                  Universal_Engine_Kernel<16, half>_Pipeline_CBI_NORM|  return value|
|grp_fu_1585_p_ce                                                                              |  out|    1|  ap_ctrl_hs|                                  Universal_Engine_Kernel<16, half>_Pipeline_CBI_NORM|  return value|
|grp_fu_1589_p_din0                                                                            |  out|   16|  ap_ctrl_hs|                                  Universal_Engine_Kernel<16, half>_Pipeline_CBI_NORM|  return value|
|grp_fu_1589_p_din1                                                                            |  out|   16|  ap_ctrl_hs|                                  Universal_Engine_Kernel<16, half>_Pipeline_CBI_NORM|  return value|
|grp_fu_1589_p_dout0                                                                           |   in|   16|  ap_ctrl_hs|                                  Universal_Engine_Kernel<16, half>_Pipeline_CBI_NORM|  return value|
|grp_fu_1589_p_ce                                                                              |  out|    1|  ap_ctrl_hs|                                  Universal_Engine_Kernel<16, half>_Pipeline_CBI_NORM|  return value|
|grp_fu_1593_p_din0                                                                            |  out|   16|  ap_ctrl_hs|                                  Universal_Engine_Kernel<16, half>_Pipeline_CBI_NORM|  return value|
|grp_fu_1593_p_din1                                                                            |  out|   16|  ap_ctrl_hs|                                  Universal_Engine_Kernel<16, half>_Pipeline_CBI_NORM|  return value|
|grp_fu_1593_p_dout0                                                                           |   in|   16|  ap_ctrl_hs|                                  Universal_Engine_Kernel<16, half>_Pipeline_CBI_NORM|  return value|
|grp_fu_1593_p_ce                                                                              |  out|    1|  ap_ctrl_hs|                                  Universal_Engine_Kernel<16, half>_Pipeline_CBI_NORM|  return value|
|grp_fu_1597_p_din0                                                                            |  out|   16|  ap_ctrl_hs|                                  Universal_Engine_Kernel<16, half>_Pipeline_CBI_NORM|  return value|
|grp_fu_1597_p_din1                                                                            |  out|   16|  ap_ctrl_hs|                                  Universal_Engine_Kernel<16, half>_Pipeline_CBI_NORM|  return value|
|grp_fu_1597_p_dout0                                                                           |   in|   16|  ap_ctrl_hs|                                  Universal_Engine_Kernel<16, half>_Pipeline_CBI_NORM|  return value|
|grp_fu_1597_p_ce                                                                              |  out|    1|  ap_ctrl_hs|                                  Universal_Engine_Kernel<16, half>_Pipeline_CBI_NORM|  return value|
|grp_fu_1601_p_din0                                                                            |  out|   16|  ap_ctrl_hs|                                  Universal_Engine_Kernel<16, half>_Pipeline_CBI_NORM|  return value|
|grp_fu_1601_p_din1                                                                            |  out|   16|  ap_ctrl_hs|                                  Universal_Engine_Kernel<16, half>_Pipeline_CBI_NORM|  return value|
|grp_fu_1601_p_dout0                                                                           |   in|   16|  ap_ctrl_hs|                                  Universal_Engine_Kernel<16, half>_Pipeline_CBI_NORM|  return value|
|grp_fu_1601_p_ce                                                                              |  out|    1|  ap_ctrl_hs|                                  Universal_Engine_Kernel<16, half>_Pipeline_CBI_NORM|  return value|
|grp_fu_1605_p_din0                                                                            |  out|   16|  ap_ctrl_hs|                                  Universal_Engine_Kernel<16, half>_Pipeline_CBI_NORM|  return value|
|grp_fu_1605_p_din1                                                                            |  out|   16|  ap_ctrl_hs|                                  Universal_Engine_Kernel<16, half>_Pipeline_CBI_NORM|  return value|
|grp_fu_1605_p_dout0                                                                           |   in|   16|  ap_ctrl_hs|                                  Universal_Engine_Kernel<16, half>_Pipeline_CBI_NORM|  return value|
|grp_fu_1605_p_ce                                                                              |  out|    1|  ap_ctrl_hs|                                  Universal_Engine_Kernel<16, half>_Pipeline_CBI_NORM|  return value|
|grp_fu_1609_p_din0                                                                            |  out|   16|  ap_ctrl_hs|                                  Universal_Engine_Kernel<16, half>_Pipeline_CBI_NORM|  return value|
|grp_fu_1609_p_din1                                                                            |  out|   16|  ap_ctrl_hs|                                  Universal_Engine_Kernel<16, half>_Pipeline_CBI_NORM|  return value|
|grp_fu_1609_p_dout0                                                                           |   in|   16|  ap_ctrl_hs|                                  Universal_Engine_Kernel<16, half>_Pipeline_CBI_NORM|  return value|
|grp_fu_1609_p_ce                                                                              |  out|    1|  ap_ctrl_hs|                                  Universal_Engine_Kernel<16, half>_Pipeline_CBI_NORM|  return value|
|grp_fu_1680_p_din0                                                                            |  out|   16|  ap_ctrl_hs|                                  Universal_Engine_Kernel<16, half>_Pipeline_CBI_NORM|  return value|
|grp_fu_1680_p_din1                                                                            |  out|   16|  ap_ctrl_hs|                                  Universal_Engine_Kernel<16, half>_Pipeline_CBI_NORM|  return value|
|grp_fu_1680_p_dout0                                                                           |   in|   16|  ap_ctrl_hs|                                  Universal_Engine_Kernel<16, half>_Pipeline_CBI_NORM|  return value|
|grp_fu_1680_p_ce                                                                              |  out|    1|  ap_ctrl_hs|                                  Universal_Engine_Kernel<16, half>_Pipeline_CBI_NORM|  return value|
|grp_fu_1684_p_din0                                                                            |  out|   16|  ap_ctrl_hs|                                  Universal_Engine_Kernel<16, half>_Pipeline_CBI_NORM|  return value|
|grp_fu_1684_p_din1                                                                            |  out|   16|  ap_ctrl_hs|                                  Universal_Engine_Kernel<16, half>_Pipeline_CBI_NORM|  return value|
|grp_fu_1684_p_dout0                                                                           |   in|   16|  ap_ctrl_hs|                                  Universal_Engine_Kernel<16, half>_Pipeline_CBI_NORM|  return value|
|grp_fu_1684_p_ce                                                                              |  out|    1|  ap_ctrl_hs|                                  Universal_Engine_Kernel<16, half>_Pipeline_CBI_NORM|  return value|
|grp_fu_1688_p_din0                                                                            |  out|   16|  ap_ctrl_hs|                                  Universal_Engine_Kernel<16, half>_Pipeline_CBI_NORM|  return value|
|grp_fu_1688_p_din1                                                                            |  out|   16|  ap_ctrl_hs|                                  Universal_Engine_Kernel<16, half>_Pipeline_CBI_NORM|  return value|
|grp_fu_1688_p_dout0                                                                           |   in|   16|  ap_ctrl_hs|                                  Universal_Engine_Kernel<16, half>_Pipeline_CBI_NORM|  return value|
|grp_fu_1688_p_ce                                                                              |  out|    1|  ap_ctrl_hs|                                  Universal_Engine_Kernel<16, half>_Pipeline_CBI_NORM|  return value|
|grp_fu_1692_p_din0                                                                            |  out|   16|  ap_ctrl_hs|                                  Universal_Engine_Kernel<16, half>_Pipeline_CBI_NORM|  return value|
|grp_fu_1692_p_din1                                                                            |  out|   16|  ap_ctrl_hs|                                  Universal_Engine_Kernel<16, half>_Pipeline_CBI_NORM|  return value|
|grp_fu_1692_p_dout0                                                                           |   in|   16|  ap_ctrl_hs|                                  Universal_Engine_Kernel<16, half>_Pipeline_CBI_NORM|  return value|
|grp_fu_1692_p_ce                                                                              |  out|    1|  ap_ctrl_hs|                                  Universal_Engine_Kernel<16, half>_Pipeline_CBI_NORM|  return value|
|grp_fu_1696_p_din0                                                                            |  out|   16|  ap_ctrl_hs|                                  Universal_Engine_Kernel<16, half>_Pipeline_CBI_NORM|  return value|
|grp_fu_1696_p_din1                                                                            |  out|   16|  ap_ctrl_hs|                                  Universal_Engine_Kernel<16, half>_Pipeline_CBI_NORM|  return value|
|grp_fu_1696_p_dout0                                                                           |   in|   16|  ap_ctrl_hs|                                  Universal_Engine_Kernel<16, half>_Pipeline_CBI_NORM|  return value|
|grp_fu_1696_p_ce                                                                              |  out|    1|  ap_ctrl_hs|                                  Universal_Engine_Kernel<16, half>_Pipeline_CBI_NORM|  return value|
|grp_fu_1700_p_din0                                                                            |  out|   16|  ap_ctrl_hs|                                  Universal_Engine_Kernel<16, half>_Pipeline_CBI_NORM|  return value|
|grp_fu_1700_p_din1                                                                            |  out|   16|  ap_ctrl_hs|                                  Universal_Engine_Kernel<16, half>_Pipeline_CBI_NORM|  return value|
|grp_fu_1700_p_dout0                                                                           |   in|   16|  ap_ctrl_hs|                                  Universal_Engine_Kernel<16, half>_Pipeline_CBI_NORM|  return value|
|grp_fu_1700_p_ce                                                                              |  out|    1|  ap_ctrl_hs|                                  Universal_Engine_Kernel<16, half>_Pipeline_CBI_NORM|  return value|
|grp_fu_1704_p_din0                                                                            |  out|   16|  ap_ctrl_hs|                                  Universal_Engine_Kernel<16, half>_Pipeline_CBI_NORM|  return value|
|grp_fu_1704_p_din1                                                                            |  out|   16|  ap_ctrl_hs|                                  Universal_Engine_Kernel<16, half>_Pipeline_CBI_NORM|  return value|
|grp_fu_1704_p_dout0                                                                           |   in|   16|  ap_ctrl_hs|                                  Universal_Engine_Kernel<16, half>_Pipeline_CBI_NORM|  return value|
|grp_fu_1704_p_ce                                                                              |  out|    1|  ap_ctrl_hs|                                  Universal_Engine_Kernel<16, half>_Pipeline_CBI_NORM|  return value|
|grp_fu_1708_p_din0                                                                            |  out|   16|  ap_ctrl_hs|                                  Universal_Engine_Kernel<16, half>_Pipeline_CBI_NORM|  return value|
|grp_fu_1708_p_din1                                                                            |  out|   16|  ap_ctrl_hs|                                  Universal_Engine_Kernel<16, half>_Pipeline_CBI_NORM|  return value|
|grp_fu_1708_p_dout0                                                                           |   in|   16|  ap_ctrl_hs|                                  Universal_Engine_Kernel<16, half>_Pipeline_CBI_NORM|  return value|
|grp_fu_1708_p_ce                                                                              |  out|    1|  ap_ctrl_hs|                                  Universal_Engine_Kernel<16, half>_Pipeline_CBI_NORM|  return value|
|grp_fu_1712_p_din0                                                                            |  out|   16|  ap_ctrl_hs|                                  Universal_Engine_Kernel<16, half>_Pipeline_CBI_NORM|  return value|
|grp_fu_1712_p_din1                                                                            |  out|   16|  ap_ctrl_hs|                                  Universal_Engine_Kernel<16, half>_Pipeline_CBI_NORM|  return value|
|grp_fu_1712_p_dout0                                                                           |   in|   16|  ap_ctrl_hs|                                  Universal_Engine_Kernel<16, half>_Pipeline_CBI_NORM|  return value|
|grp_fu_1712_p_ce                                                                              |  out|    1|  ap_ctrl_hs|                                  Universal_Engine_Kernel<16, half>_Pipeline_CBI_NORM|  return value|
|grp_fu_1716_p_din0                                                                            |  out|   16|  ap_ctrl_hs|                                  Universal_Engine_Kernel<16, half>_Pipeline_CBI_NORM|  return value|
|grp_fu_1716_p_din1                                                                            |  out|   16|  ap_ctrl_hs|                                  Universal_Engine_Kernel<16, half>_Pipeline_CBI_NORM|  return value|
|grp_fu_1716_p_dout0                                                                           |   in|   16|  ap_ctrl_hs|                                  Universal_Engine_Kernel<16, half>_Pipeline_CBI_NORM|  return value|
|grp_fu_1716_p_ce                                                                              |  out|    1|  ap_ctrl_hs|                                  Universal_Engine_Kernel<16, half>_Pipeline_CBI_NORM|  return value|
|grp_fu_1720_p_din0                                                                            |  out|   16|  ap_ctrl_hs|                                  Universal_Engine_Kernel<16, half>_Pipeline_CBI_NORM|  return value|
|grp_fu_1720_p_din1                                                                            |  out|   16|  ap_ctrl_hs|                                  Universal_Engine_Kernel<16, half>_Pipeline_CBI_NORM|  return value|
|grp_fu_1720_p_dout0                                                                           |   in|   16|  ap_ctrl_hs|                                  Universal_Engine_Kernel<16, half>_Pipeline_CBI_NORM|  return value|
|grp_fu_1720_p_ce                                                                              |  out|    1|  ap_ctrl_hs|                                  Universal_Engine_Kernel<16, half>_Pipeline_CBI_NORM|  return value|
|grp_fu_1724_p_din0                                                                            |  out|   16|  ap_ctrl_hs|                                  Universal_Engine_Kernel<16, half>_Pipeline_CBI_NORM|  return value|
|grp_fu_1724_p_din1                                                                            |  out|   16|  ap_ctrl_hs|                                  Universal_Engine_Kernel<16, half>_Pipeline_CBI_NORM|  return value|
|grp_fu_1724_p_dout0                                                                           |   in|   16|  ap_ctrl_hs|                                  Universal_Engine_Kernel<16, half>_Pipeline_CBI_NORM|  return value|
|grp_fu_1724_p_ce                                                                              |  out|    1|  ap_ctrl_hs|                                  Universal_Engine_Kernel<16, half>_Pipeline_CBI_NORM|  return value|
|grp_fu_1728_p_din0                                                                            |  out|   16|  ap_ctrl_hs|                                  Universal_Engine_Kernel<16, half>_Pipeline_CBI_NORM|  return value|
|grp_fu_1728_p_din1                                                                            |  out|   16|  ap_ctrl_hs|                                  Universal_Engine_Kernel<16, half>_Pipeline_CBI_NORM|  return value|
|grp_fu_1728_p_dout0                                                                           |   in|   16|  ap_ctrl_hs|                                  Universal_Engine_Kernel<16, half>_Pipeline_CBI_NORM|  return value|
|grp_fu_1728_p_ce                                                                              |  out|    1|  ap_ctrl_hs|                                  Universal_Engine_Kernel<16, half>_Pipeline_CBI_NORM|  return value|
|grp_fu_1732_p_din0                                                                            |  out|   16|  ap_ctrl_hs|                                  Universal_Engine_Kernel<16, half>_Pipeline_CBI_NORM|  return value|
|grp_fu_1732_p_din1                                                                            |  out|   16|  ap_ctrl_hs|                                  Universal_Engine_Kernel<16, half>_Pipeline_CBI_NORM|  return value|
|grp_fu_1732_p_dout0                                                                           |   in|   16|  ap_ctrl_hs|                                  Universal_Engine_Kernel<16, half>_Pipeline_CBI_NORM|  return value|
|grp_fu_1732_p_ce                                                                              |  out|    1|  ap_ctrl_hs|                                  Universal_Engine_Kernel<16, half>_Pipeline_CBI_NORM|  return value|
|grp_fu_1736_p_din0                                                                            |  out|   16|  ap_ctrl_hs|                                  Universal_Engine_Kernel<16, half>_Pipeline_CBI_NORM|  return value|
|grp_fu_1736_p_din1                                                                            |  out|   16|  ap_ctrl_hs|                                  Universal_Engine_Kernel<16, half>_Pipeline_CBI_NORM|  return value|
|grp_fu_1736_p_dout0                                                                           |   in|   16|  ap_ctrl_hs|                                  Universal_Engine_Kernel<16, half>_Pipeline_CBI_NORM|  return value|
|grp_fu_1736_p_ce                                                                              |  out|    1|  ap_ctrl_hs|                                  Universal_Engine_Kernel<16, half>_Pipeline_CBI_NORM|  return value|
|grp_fu_1740_p_din0                                                                            |  out|   16|  ap_ctrl_hs|                                  Universal_Engine_Kernel<16, half>_Pipeline_CBI_NORM|  return value|
|grp_fu_1740_p_din1                                                                            |  out|   16|  ap_ctrl_hs|                                  Universal_Engine_Kernel<16, half>_Pipeline_CBI_NORM|  return value|
|grp_fu_1740_p_dout0                                                                           |   in|   16|  ap_ctrl_hs|                                  Universal_Engine_Kernel<16, half>_Pipeline_CBI_NORM|  return value|
|grp_fu_1740_p_ce                                                                              |  out|    1|  ap_ctrl_hs|                                  Universal_Engine_Kernel<16, half>_Pipeline_CBI_NORM|  return value|
|mul_ln223                                                                                     |   in|    8|     ap_none|                                                                            mul_ln223|        scalar|
|pix_address0                                                                                  |  out|    4|   ap_memory|                                                                                  pix|         array|
|pix_ce0                                                                                       |  out|    1|   ap_memory|                                                                                  pix|         array|
|pix_q0                                                                                        |   in|  256|   ap_memory|                                                                                  pix|         array|
|g_in_buf_address0                                                                             |  out|    4|   ap_memory|                                                                             g_in_buf|         array|
|g_in_buf_ce0                                                                                  |  out|    1|   ap_memory|                                                                             g_in_buf|         array|
|g_in_buf_q0                                                                                   |   in|  256|   ap_memory|                                                                             g_in_buf|         array|
|be_in_buf_address0                                                                            |  out|    4|   ap_memory|                                                                            be_in_buf|         array|
|be_in_buf_ce0                                                                                 |  out|    1|   ap_memory|                                                                            be_in_buf|         array|
|be_in_buf_q0                                                                                  |   in|  256|   ap_memory|                                                                            be_in_buf|         array|
|conv5                                                                                         |   in|   16|     ap_none|                                                                                conv5|        scalar|
|inv_std                                                                                       |   in|   16|     ap_none|                                                                              inv_std|        scalar|
|w                                                                                             |   in|    4|     ap_none|                                                                                    w|        scalar|
|void_Universal_Engine_Kernel_ap_uint_const_ap_uint_const_ap_uint_const_ap_uin_9_address1      |  out|    8|   ap_memory|      void_Universal_Engine_Kernel_ap_uint_const_ap_uint_const_ap_uint_const_ap_uin_9|         array|
|void_Universal_Engine_Kernel_ap_uint_const_ap_uint_const_ap_uint_const_ap_uin_9_ce1           |  out|    1|   ap_memory|      void_Universal_Engine_Kernel_ap_uint_const_ap_uint_const_ap_uint_const_ap_uin_9|         array|
|void_Universal_Engine_Kernel_ap_uint_const_ap_uint_const_ap_uint_const_ap_uin_9_we1           |  out|    1|   ap_memory|      void_Universal_Engine_Kernel_ap_uint_const_ap_uint_const_ap_uint_const_ap_uin_9|         array|
|void_Universal_Engine_Kernel_ap_uint_const_ap_uint_const_ap_uint_const_ap_uin_9_d1            |  out|  256|   ap_memory|      void_Universal_Engine_Kernel_ap_uint_const_ap_uint_const_ap_uint_const_ap_uin_9|         array|
|void_Universal_Engine_Kernel_ap_uint_const_ap_uint_const_ap_uint_const_ap_uin_8_address1      |  out|    8|   ap_memory|      void_Universal_Engine_Kernel_ap_uint_const_ap_uint_const_ap_uint_const_ap_uin_8|         array|
|void_Universal_Engine_Kernel_ap_uint_const_ap_uint_const_ap_uint_const_ap_uin_8_ce1           |  out|    1|   ap_memory|      void_Universal_Engine_Kernel_ap_uint_const_ap_uint_const_ap_uint_const_ap_uin_8|         array|
|void_Universal_Engine_Kernel_ap_uint_const_ap_uint_const_ap_uint_const_ap_uin_8_we1           |  out|    1|   ap_memory|      void_Universal_Engine_Kernel_ap_uint_const_ap_uint_const_ap_uint_const_ap_uin_8|         array|
|void_Universal_Engine_Kernel_ap_uint_const_ap_uint_const_ap_uint_const_ap_uin_8_d1            |  out|  256|   ap_memory|      void_Universal_Engine_Kernel_ap_uint_const_ap_uint_const_ap_uint_const_ap_uin_8|         array|
|void_Universal_Engine_Kernel_ap_uint_const_ap_uint_const_ap_uint_const_ap_uin_7_address1      |  out|    8|   ap_memory|      void_Universal_Engine_Kernel_ap_uint_const_ap_uint_const_ap_uint_const_ap_uin_7|         array|
|void_Universal_Engine_Kernel_ap_uint_const_ap_uint_const_ap_uint_const_ap_uin_7_ce1           |  out|    1|   ap_memory|      void_Universal_Engine_Kernel_ap_uint_const_ap_uint_const_ap_uint_const_ap_uin_7|         array|
|void_Universal_Engine_Kernel_ap_uint_const_ap_uint_const_ap_uint_const_ap_uin_7_we1           |  out|    1|   ap_memory|      void_Universal_Engine_Kernel_ap_uint_const_ap_uint_const_ap_uint_const_ap_uin_7|         array|
|void_Universal_Engine_Kernel_ap_uint_const_ap_uint_const_ap_uint_const_ap_uin_7_d1            |  out|  256|   ap_memory|      void_Universal_Engine_Kernel_ap_uint_const_ap_uint_const_ap_uint_const_ap_uin_7|         array|
|void_Universal_Engine_Kernel_ap_uint_const_ap_uint_const_ap_uint_const_ap_uin_6_address1      |  out|    8|   ap_memory|      void_Universal_Engine_Kernel_ap_uint_const_ap_uint_const_ap_uint_const_ap_uin_6|         array|
|void_Universal_Engine_Kernel_ap_uint_const_ap_uint_const_ap_uint_const_ap_uin_6_ce1           |  out|    1|   ap_memory|      void_Universal_Engine_Kernel_ap_uint_const_ap_uint_const_ap_uint_const_ap_uin_6|         array|
|void_Universal_Engine_Kernel_ap_uint_const_ap_uint_const_ap_uint_const_ap_uin_6_we1           |  out|    1|   ap_memory|      void_Universal_Engine_Kernel_ap_uint_const_ap_uint_const_ap_uint_const_ap_uin_6|         array|
|void_Universal_Engine_Kernel_ap_uint_const_ap_uint_const_ap_uint_const_ap_uin_6_d1            |  out|  256|   ap_memory|      void_Universal_Engine_Kernel_ap_uint_const_ap_uint_const_ap_uint_const_ap_uin_6|         array|
|void_Universal_Engine_Kernel_ap_uint_const_ap_uint_const_ap_uint_const_ap_uin_5_address1      |  out|    8|   ap_memory|      void_Universal_Engine_Kernel_ap_uint_const_ap_uint_const_ap_uint_const_ap_uin_5|         array|
|void_Universal_Engine_Kernel_ap_uint_const_ap_uint_const_ap_uint_const_ap_uin_5_ce1           |  out|    1|   ap_memory|      void_Universal_Engine_Kernel_ap_uint_const_ap_uint_const_ap_uint_const_ap_uin_5|         array|
|void_Universal_Engine_Kernel_ap_uint_const_ap_uint_const_ap_uint_const_ap_uin_5_we1           |  out|    1|   ap_memory|      void_Universal_Engine_Kernel_ap_uint_const_ap_uint_const_ap_uint_const_ap_uin_5|         array|
|void_Universal_Engine_Kernel_ap_uint_const_ap_uint_const_ap_uint_const_ap_uin_5_d1            |  out|  256|   ap_memory|      void_Universal_Engine_Kernel_ap_uint_const_ap_uint_const_ap_uint_const_ap_uin_5|         array|
|void_Universal_Engine_Kernel_ap_uint_const_ap_uint_const_ap_uint_const_ap_uin_4_address1      |  out|    8|   ap_memory|      void_Universal_Engine_Kernel_ap_uint_const_ap_uint_const_ap_uint_const_ap_uin_4|         array|
|void_Universal_Engine_Kernel_ap_uint_const_ap_uint_const_ap_uint_const_ap_uin_4_ce1           |  out|    1|   ap_memory|      void_Universal_Engine_Kernel_ap_uint_const_ap_uint_const_ap_uint_const_ap_uin_4|         array|
|void_Universal_Engine_Kernel_ap_uint_const_ap_uint_const_ap_uint_const_ap_uin_4_we1           |  out|    1|   ap_memory|      void_Universal_Engine_Kernel_ap_uint_const_ap_uint_const_ap_uint_const_ap_uin_4|         array|
|void_Universal_Engine_Kernel_ap_uint_const_ap_uint_const_ap_uint_const_ap_uin_4_d1            |  out|  256|   ap_memory|      void_Universal_Engine_Kernel_ap_uint_const_ap_uint_const_ap_uint_const_ap_uin_4|         array|
|void_Universal_Engine_Kernel_ap_uint_const_ap_uint_const_ap_uint_const_ap_uin_3_address1      |  out|    8|   ap_memory|      void_Universal_Engine_Kernel_ap_uint_const_ap_uint_const_ap_uint_const_ap_uin_3|         array|
|void_Universal_Engine_Kernel_ap_uint_const_ap_uint_const_ap_uint_const_ap_uin_3_ce1           |  out|    1|   ap_memory|      void_Universal_Engine_Kernel_ap_uint_const_ap_uint_const_ap_uint_const_ap_uin_3|         array|
|void_Universal_Engine_Kernel_ap_uint_const_ap_uint_const_ap_uint_const_ap_uin_3_we1           |  out|    1|   ap_memory|      void_Universal_Engine_Kernel_ap_uint_const_ap_uint_const_ap_uint_const_ap_uin_3|         array|
|void_Universal_Engine_Kernel_ap_uint_const_ap_uint_const_ap_uint_const_ap_uin_3_d1            |  out|  256|   ap_memory|      void_Universal_Engine_Kernel_ap_uint_const_ap_uint_const_ap_uint_const_ap_uin_3|         array|
|void_Universal_Engine_Kernel_ap_uint_const_ap_uint_const_ap_uint_const_ap_uin_2_address1      |  out|    8|   ap_memory|      void_Universal_Engine_Kernel_ap_uint_const_ap_uint_const_ap_uint_const_ap_uin_2|         array|
|void_Universal_Engine_Kernel_ap_uint_const_ap_uint_const_ap_uint_const_ap_uin_2_ce1           |  out|    1|   ap_memory|      void_Universal_Engine_Kernel_ap_uint_const_ap_uint_const_ap_uint_const_ap_uin_2|         array|
|void_Universal_Engine_Kernel_ap_uint_const_ap_uint_const_ap_uint_const_ap_uin_2_we1           |  out|    1|   ap_memory|      void_Universal_Engine_Kernel_ap_uint_const_ap_uint_const_ap_uint_const_ap_uin_2|         array|
|void_Universal_Engine_Kernel_ap_uint_const_ap_uint_const_ap_uint_const_ap_uin_2_d1            |  out|  256|   ap_memory|      void_Universal_Engine_Kernel_ap_uint_const_ap_uint_const_ap_uint_const_ap_uin_2|         array|
|void_Universal_Engine_Kernel_ap_uint_const_ap_uint_const_ap_uint_const_ap_uin_1_address1      |  out|    8|   ap_memory|      void_Universal_Engine_Kernel_ap_uint_const_ap_uint_const_ap_uint_const_ap_uin_1|         array|
|void_Universal_Engine_Kernel_ap_uint_const_ap_uint_const_ap_uint_const_ap_uin_1_ce1           |  out|    1|   ap_memory|      void_Universal_Engine_Kernel_ap_uint_const_ap_uint_const_ap_uint_const_ap_uin_1|         array|
|void_Universal_Engine_Kernel_ap_uint_const_ap_uint_const_ap_uint_const_ap_uin_1_we1           |  out|    1|   ap_memory|      void_Universal_Engine_Kernel_ap_uint_const_ap_uint_const_ap_uint_const_ap_uin_1|         array|
|void_Universal_Engine_Kernel_ap_uint_const_ap_uint_const_ap_uint_const_ap_uin_1_d1            |  out|  256|   ap_memory|      void_Universal_Engine_Kernel_ap_uint_const_ap_uint_const_ap_uint_const_ap_uin_1|         array|
|void_Universal_Engine_Kernel_ap_uint_const_ap_uint_const_ap_uint_const_ap_uin_address1        |  out|    8|   ap_memory|        void_Universal_Engine_Kernel_ap_uint_const_ap_uint_const_ap_uint_const_ap_uin|         array|
|void_Universal_Engine_Kernel_ap_uint_const_ap_uint_const_ap_uint_const_ap_uin_ce1             |  out|    1|   ap_memory|        void_Universal_Engine_Kernel_ap_uint_const_ap_uint_const_ap_uint_const_ap_uin|         array|
|void_Universal_Engine_Kernel_ap_uint_const_ap_uint_const_ap_uint_const_ap_uin_we1             |  out|    1|   ap_memory|        void_Universal_Engine_Kernel_ap_uint_const_ap_uint_const_ap_uint_const_ap_uin|         array|
|void_Universal_Engine_Kernel_ap_uint_const_ap_uint_const_ap_uint_const_ap_uin_d1              |  out|  256|   ap_memory|        void_Universal_Engine_Kernel_ap_uint_const_ap_uint_const_ap_uint_const_ap_uin|         array|
|p_ZZL23Universal_Engine_KernelILi16EDhEvPK7ap_uintILi256EES3_S3_S3_S3_S3_S3_PS1_S_5_address1  |  out|    8|   ap_memory|  p_ZZL23Universal_Engine_KernelILi16EDhEvPK7ap_uintILi256EES3_S3_S3_S3_S3_S3_PS1_S_5|         array|
|p_ZZL23Universal_Engine_KernelILi16EDhEvPK7ap_uintILi256EES3_S3_S3_S3_S3_S3_PS1_S_5_ce1       |  out|    1|   ap_memory|  p_ZZL23Universal_Engine_KernelILi16EDhEvPK7ap_uintILi256EES3_S3_S3_S3_S3_S3_PS1_S_5|         array|
|p_ZZL23Universal_Engine_KernelILi16EDhEvPK7ap_uintILi256EES3_S3_S3_S3_S3_S3_PS1_S_5_we1       |  out|    1|   ap_memory|  p_ZZL23Universal_Engine_KernelILi16EDhEvPK7ap_uintILi256EES3_S3_S3_S3_S3_S3_PS1_S_5|         array|
|p_ZZL23Universal_Engine_KernelILi16EDhEvPK7ap_uintILi256EES3_S3_S3_S3_S3_S3_PS1_S_5_d1        |  out|  256|   ap_memory|  p_ZZL23Universal_Engine_KernelILi16EDhEvPK7ap_uintILi256EES3_S3_S3_S3_S3_S3_PS1_S_5|         array|
|p_ZZL23Universal_Engine_KernelILi16EDhEvPK7ap_uintILi256EES3_S3_S3_S3_S3_S3_PS1_S_4_address1  |  out|    8|   ap_memory|  p_ZZL23Universal_Engine_KernelILi16EDhEvPK7ap_uintILi256EES3_S3_S3_S3_S3_S3_PS1_S_4|         array|
|p_ZZL23Universal_Engine_KernelILi16EDhEvPK7ap_uintILi256EES3_S3_S3_S3_S3_S3_PS1_S_4_ce1       |  out|    1|   ap_memory|  p_ZZL23Universal_Engine_KernelILi16EDhEvPK7ap_uintILi256EES3_S3_S3_S3_S3_S3_PS1_S_4|         array|
|p_ZZL23Universal_Engine_KernelILi16EDhEvPK7ap_uintILi256EES3_S3_S3_S3_S3_S3_PS1_S_4_we1       |  out|    1|   ap_memory|  p_ZZL23Universal_Engine_KernelILi16EDhEvPK7ap_uintILi256EES3_S3_S3_S3_S3_S3_PS1_S_4|         array|
|p_ZZL23Universal_Engine_KernelILi16EDhEvPK7ap_uintILi256EES3_S3_S3_S3_S3_S3_PS1_S_4_d1        |  out|  256|   ap_memory|  p_ZZL23Universal_Engine_KernelILi16EDhEvPK7ap_uintILi256EES3_S3_S3_S3_S3_S3_PS1_S_4|         array|
|p_ZZL23Universal_Engine_KernelILi16EDhEvPK7ap_uintILi256EES3_S3_S3_S3_S3_S3_PS1_S_3_address1  |  out|    8|   ap_memory|  p_ZZL23Universal_Engine_KernelILi16EDhEvPK7ap_uintILi256EES3_S3_S3_S3_S3_S3_PS1_S_3|         array|
|p_ZZL23Universal_Engine_KernelILi16EDhEvPK7ap_uintILi256EES3_S3_S3_S3_S3_S3_PS1_S_3_ce1       |  out|    1|   ap_memory|  p_ZZL23Universal_Engine_KernelILi16EDhEvPK7ap_uintILi256EES3_S3_S3_S3_S3_S3_PS1_S_3|         array|
|p_ZZL23Universal_Engine_KernelILi16EDhEvPK7ap_uintILi256EES3_S3_S3_S3_S3_S3_PS1_S_3_we1       |  out|    1|   ap_memory|  p_ZZL23Universal_Engine_KernelILi16EDhEvPK7ap_uintILi256EES3_S3_S3_S3_S3_S3_PS1_S_3|         array|
|p_ZZL23Universal_Engine_KernelILi16EDhEvPK7ap_uintILi256EES3_S3_S3_S3_S3_S3_PS1_S_3_d1        |  out|  256|   ap_memory|  p_ZZL23Universal_Engine_KernelILi16EDhEvPK7ap_uintILi256EES3_S3_S3_S3_S3_S3_PS1_S_3|         array|
|p_ZZL23Universal_Engine_KernelILi16EDhEvPK7ap_uintILi256EES3_S3_S3_S3_S3_S3_PS1_S_2_address1  |  out|    8|   ap_memory|  p_ZZL23Universal_Engine_KernelILi16EDhEvPK7ap_uintILi256EES3_S3_S3_S3_S3_S3_PS1_S_2|         array|
|p_ZZL23Universal_Engine_KernelILi16EDhEvPK7ap_uintILi256EES3_S3_S3_S3_S3_S3_PS1_S_2_ce1       |  out|    1|   ap_memory|  p_ZZL23Universal_Engine_KernelILi16EDhEvPK7ap_uintILi256EES3_S3_S3_S3_S3_S3_PS1_S_2|         array|
|p_ZZL23Universal_Engine_KernelILi16EDhEvPK7ap_uintILi256EES3_S3_S3_S3_S3_S3_PS1_S_2_we1       |  out|    1|   ap_memory|  p_ZZL23Universal_Engine_KernelILi16EDhEvPK7ap_uintILi256EES3_S3_S3_S3_S3_S3_PS1_S_2|         array|
|p_ZZL23Universal_Engine_KernelILi16EDhEvPK7ap_uintILi256EES3_S3_S3_S3_S3_S3_PS1_S_2_d1        |  out|  256|   ap_memory|  p_ZZL23Universal_Engine_KernelILi16EDhEvPK7ap_uintILi256EES3_S3_S3_S3_S3_S3_PS1_S_2|         array|
|p_ZZL23Universal_Engine_KernelILi16EDhEvPK7ap_uintILi256EES3_S3_S3_S3_S3_S3_PS1_S_1_address1  |  out|    8|   ap_memory|  p_ZZL23Universal_Engine_KernelILi16EDhEvPK7ap_uintILi256EES3_S3_S3_S3_S3_S3_PS1_S_1|         array|
|p_ZZL23Universal_Engine_KernelILi16EDhEvPK7ap_uintILi256EES3_S3_S3_S3_S3_S3_PS1_S_1_ce1       |  out|    1|   ap_memory|  p_ZZL23Universal_Engine_KernelILi16EDhEvPK7ap_uintILi256EES3_S3_S3_S3_S3_S3_PS1_S_1|         array|
|p_ZZL23Universal_Engine_KernelILi16EDhEvPK7ap_uintILi256EES3_S3_S3_S3_S3_S3_PS1_S_1_we1       |  out|    1|   ap_memory|  p_ZZL23Universal_Engine_KernelILi16EDhEvPK7ap_uintILi256EES3_S3_S3_S3_S3_S3_PS1_S_1|         array|
|p_ZZL23Universal_Engine_KernelILi16EDhEvPK7ap_uintILi256EES3_S3_S3_S3_S3_S3_PS1_S_1_d1        |  out|  256|   ap_memory|  p_ZZL23Universal_Engine_KernelILi16EDhEvPK7ap_uintILi256EES3_S3_S3_S3_S3_S3_PS1_S_1|         array|
|p_ZZL23Universal_Engine_KernelILi16EDhEvPK7ap_uintILi256EES3_S3_S3_S3_S3_S3_PS1_S_address1    |  out|    8|   ap_memory|    p_ZZL23Universal_Engine_KernelILi16EDhEvPK7ap_uintILi256EES3_S3_S3_S3_S3_S3_PS1_S|         array|
|p_ZZL23Universal_Engine_KernelILi16EDhEvPK7ap_uintILi256EES3_S3_S3_S3_S3_S3_PS1_S_ce1         |  out|    1|   ap_memory|    p_ZZL23Universal_Engine_KernelILi16EDhEvPK7ap_uintILi256EES3_S3_S3_S3_S3_S3_PS1_S|         array|
|p_ZZL23Universal_Engine_KernelILi16EDhEvPK7ap_uintILi256EES3_S3_S3_S3_S3_S3_PS1_S_we1         |  out|    1|   ap_memory|    p_ZZL23Universal_Engine_KernelILi16EDhEvPK7ap_uintILi256EES3_S3_S3_S3_S3_S3_PS1_S|         array|
|p_ZZL23Universal_Engine_KernelILi16EDhEvPK7ap_uintILi256EES3_S3_S3_S3_S3_S3_PS1_S_d1          |  out|  256|   ap_memory|    p_ZZL23Universal_Engine_KernelILi16EDhEvPK7ap_uintILi256EES3_S3_S3_S3_S3_S3_PS1_S|         array|
+----------------------------------------------------------------------------------------------+-----+-----+------------+-------------------------------------------------------------------------------------+--------------+

