#-----------------------------------------------------------
# Vivado v2024.2 (64-bit)
# SW Build 5239630 on Fri Nov 08 22:34:34 MST 2024
# IP Build 5239520 on Sun Nov 10 16:12:51 MST 2024
# SharedData Build 5239561 on Fri Nov 08 14:39:27 MST 2024
# Start of session at: Sat Nov 29 00:35:00 2025
# Process ID         : 22356
# Current directory  : /home/rimurutempest/Code/LSI_Design_Contest/HLS_DesignFlow/Lab1/matrixmul/matrixmul/hls/impl/ip
# Command line       : vivado -notrace -mode batch -source run_ippack.tcl
# Log file           : /home/rimurutempest/Code/LSI_Design_Contest/HLS_DesignFlow/Lab1/matrixmul/matrixmul/hls/impl/ip/vivado.log
# Journal file       : /home/rimurutempest/Code/LSI_Design_Contest/HLS_DesignFlow/Lab1/matrixmul/matrixmul/hls/impl/ip/vivado.jou
# Running On         : RimuruLenovo
# Platform           : Ubuntu
# Operating System   : Ubuntu 24.04.3 LTS
# Processor Detail   : AMD Ryzen 5 5600H with Radeon Graphics
# CPU Frequency      : 4015.267 MHz
# CPU Physical cores : 6
# CPU Logical cores  : 12
# Host memory        : 16612 MB
# Swap memory        : 4294 MB
# Total Virtual      : 20907 MB
# Available Virtual  : 6525 MB
#-----------------------------------------------------------
source run_ippack.tcl -notrace
INFO: calling package_hls_ip ip_types=vitis sysgen json_file=/home/rimurutempest/Code/LSI_Design_Contest/HLS_DesignFlow/Lab1/matrixmul/matrixmul/hls/hls_data.json outdir=/home/rimurutempest/Code/LSI_Design_Contest/HLS_DesignFlow/Lab1/matrixmul/matrixmul/hls/impl/ip srcdir=/home/rimurutempest/Code/LSI_Design_Contest/HLS_DesignFlow/Lab1/matrixmul/matrixmul/hls sort_interfaces_ports=false
INFO: Copied 1 ipmisc file(s) to /home/rimurutempest/Code/LSI_Design_Contest/HLS_DesignFlow/Lab1/matrixmul/matrixmul/hls/impl/ip/misc
INFO: Copied 5 verilog file(s) to /home/rimurutempest/Code/LSI_Design_Contest/HLS_DesignFlow/Lab1/matrixmul/matrixmul/hls/impl/ip/hdl/verilog
INFO: Copied 5 vhdl file(s) to /home/rimurutempest/Code/LSI_Design_Contest/HLS_DesignFlow/Lab1/matrixmul/matrixmul/hls/impl/ip/hdl/vhdl
INFO: Import ports from HDL: /home/rimurutempest/Code/LSI_Design_Contest/HLS_DesignFlow/Lab1/matrixmul/matrixmul/hls/impl/ip/hdl/vhdl/matrixmul.vhd (matrixmul)
INFO: Add clock interface ap_clk
INFO: Add reset interface ap_rst
INFO: Add ap_ctrl interface ap_ctrl
INFO: Add data interface a_address0
INFO: [IP_Flow 19-234] Refreshing IP repositories
INFO: [IP_Flow 19-1704] No user IP repositories specified
INFO: [IP_Flow 19-2313] Loaded Vivado IP repository '/home/rimurutempest/Tool/Xilinx/Vivado/2024.2/data/ip'.
INFO: Add data interface a_q0
INFO: Add data interface a_address1
INFO: Add data interface a_q1
INFO: Add data interface b_address0
INFO: Add data interface b_q0
INFO: Add data interface b_address1
INFO: Add data interface b_q1
INFO: Add data interface res_address0
INFO: Add data interface res_d0
INFO: Calling post_process_vitis to specialize IP
INFO: Calling post_process_sysgen to specialize IP
Generating sysgen info xml from json file
INFO: Created IP /home/rimurutempest/Code/LSI_Design_Contest/HLS_DesignFlow/Lab1/matrixmul/matrixmul/hls/impl/ip/component.xml
INFO: Created IP archive /home/rimurutempest/Code/LSI_Design_Contest/HLS_DesignFlow/Lab1/matrixmul/matrixmul/hls/impl/ip/xilinx_com_hls_matrixmul_1_0.zip
INFO: [Common 17-206] Exiting Vivado at Sat Nov 29 00:35:04 2025...
