  **** HLS Build v2024.2 5238294
INFO: [HLS 200-2005] Using work_dir /home/rimurutempest/Code/LSI_Design_Contest/HLS/Adder32bit/Adder32bit_HLS_Component/adder32 
INFO: [HLS 200-1611] Setting target device to 'xczu7ev-ffvc1156-2-e'
INFO: [HLS 200-1505] Using default flow_target 'vivado'
Resolution: For help on HLS 200-1505 see docs.xilinx.com/access/sources/dita/topic?Doc_Version=2024.2%20English&url=ug1448-hls-guidance&resourceid=200-1505.html
INFO: [HLS 200-1465] Applying ini 'syn.file=/home/rimurutempest/Code/LSI_Design_Contest/HLS/Adder32bit/PL/adder32.cpp' from /home/rimurutempest/Code/LSI_Design_Contest/HLS/Adder32bit/Adder32bit_HLS_Component/hls_config.cfg(8)
INFO: [HLS 200-10] Adding design file '/home/rimurutempest/Code/LSI_Design_Contest/HLS/Adder32bit/PL/adder32.cpp' to the project
INFO: [HLS 200-1465] Applying ini 'tb.file=/home/rimurutempest/Code/LSI_Design_Contest/HLS/Adder32bit/PL/adder32_tb.cpp' from /home/rimurutempest/Code/LSI_Design_Contest/HLS/Adder32bit/Adder32bit_HLS_Component/hls_config.cfg(9)
INFO: [HLS 200-10] Adding test bench file '/home/rimurutempest/Code/LSI_Design_Contest/HLS/Adder32bit/PL/adder32_tb.cpp' to the project
INFO: [HLS 200-1465] Applying ini 'syn.top=adder32' from /home/rimurutempest/Code/LSI_Design_Contest/HLS/Adder32bit/Adder32bit_HLS_Component/hls_config.cfg(7)
INFO: [HLS 200-1465] Applying ini 'flow_target=vivado' from /home/rimurutempest/Code/LSI_Design_Contest/HLS/Adder32bit/Adder32bit_HLS_Component/hls_config.cfg(4)
INFO: [HLS 200-1505] Using flow_target 'vivado'
Resolution: For help on HLS 200-1505 see docs.xilinx.com/access/sources/dita/topic?Doc_Version=2024.2%20English&url=ug1448-hls-guidance&resourceid=200-1505.html
INFO: [HLS 200-1465] Applying ini 'part=xczu7ev-ffvc1156-2-e' from /home/rimurutempest/Code/LSI_Design_Contest/HLS/Adder32bit/Adder32bit_HLS_Component/hls_config.cfg(1)
INFO: [HLS 200-1465] Applying ini 'package.output.format=ip_catalog' from /home/rimurutempest/Code/LSI_Design_Contest/HLS/Adder32bit/Adder32bit_HLS_Component/hls_config.cfg(5)
INFO: [IMPL 213-8] Exporting RTL as a Vivado IP.
WARNING: /home/rimurutempest/Tool/Xilinx/Vivado/2024.2/tps/lnx64/jre11.0.16_1 does not exist.

****** Vivado v2024.2 (64-bit)
  **** SW Build 5239630 on Fri Nov 08 22:34:34 MST 2024
  **** IP Build 5239520 on Sun Nov 10 16:12:51 MST 2024
  **** SharedData Build 5239561 on Fri Nov 08 14:39:27 MST 2024
  **** Start of session at: Sun Jan 11 16:16:14 2026
    ** Copyright 1986-2022 Xilinx, Inc. All Rights Reserved.
    ** Copyright 2022-2024 Advanced Micro Devices, Inc. All Rights Reserved.

source run_ippack.tcl -notrace
INFO: calling package_hls_ip ip_types=vitis sysgen json_file=/home/rimurutempest/Code/LSI_Design_Contest/HLS/Adder32bit/Adder32bit_HLS_Component/adder32/hls/hls_data.json outdir=/home/rimurutempest/Code/LSI_Design_Contest/HLS/Adder32bit/Adder32bit_HLS_Component/adder32/hls/impl/ip srcdir=/home/rimurutempest/Code/LSI_Design_Contest/HLS/Adder32bit/Adder32bit_HLS_Component/adder32/hls sort_interfaces_ports=false
INFO: Copied 1 ipmisc file(s) to /home/rimurutempest/Code/LSI_Design_Contest/HLS/Adder32bit/Adder32bit_HLS_Component/adder32/hls/impl/ip/misc
INFO: Copied 3 verilog file(s) to /home/rimurutempest/Code/LSI_Design_Contest/HLS/Adder32bit/Adder32bit_HLS_Component/adder32/hls/impl/ip/hdl/verilog
INFO: Copied 2 vhdl file(s) to /home/rimurutempest/Code/LSI_Design_Contest/HLS/Adder32bit/Adder32bit_HLS_Component/adder32/hls/impl/ip/hdl/vhdl
INFO: Copied 10 swdriver file(s) to /home/rimurutempest/Code/LSI_Design_Contest/HLS/Adder32bit/Adder32bit_HLS_Component/adder32/hls/impl/ip/drivers
INFO: Import ports from HDL: /home/rimurutempest/Code/LSI_Design_Contest/HLS/Adder32bit/Adder32bit_HLS_Component/adder32/hls/impl/ip/hdl/vhdl/adder32.vhd (adder32)
INFO: Add axi4lite interface s_axi_CTRL
INFO: Add clock interface ap_clk
INFO: Add reset interface ap_rst_n
INFO: Add interrupt interface interrupt
INFO: [IP_Flow 19-234] Refreshing IP repositories
INFO: [IP_Flow 19-1704] No user IP repositories specified
INFO: [IP_Flow 19-2313] Loaded Vivado IP repository '/home/rimurutempest/Tool/Xilinx/Vivado/2024.2/data/ip'.
INFO: Calling post_process_vitis to specialize IP
INFO: Calling post_process_sysgen to specialize IP
Generating sysgen info xml from json file
INFO: Created IP /home/rimurutempest/Code/LSI_Design_Contest/HLS/Adder32bit/Adder32bit_HLS_Component/adder32/hls/impl/ip/component.xml
INFO: Created IP archive /home/rimurutempest/Code/LSI_Design_Contest/HLS/Adder32bit/Adder32bit_HLS_Component/adder32/hls/impl/ip/xilinx_com_hls_adder32_1_0.zip
INFO: [Common 17-206] Exiting Vivado at Sun Jan 11 16:16:18 2026...
INFO: [HLS 200-802] Generated output file adder32/adder32.zip
INFO: [HLS 200-112] Total CPU user time: 8.58 seconds. Total CPU system time: 0.96 seconds. Total elapsed time: 18.48 seconds; peak allocated memory: 306.914 MB.
INFO: [vitis-run 60-791] Total elapsed time: 0h 0m 22s
