  **** HLS Build v2024.2 5238294
INFO: [HLS 200-2005] Using work_dir /home/rimurutempest/Code/LSI_Design_Contest/HLS/Adder32bit_HLS_Component/adder32 
INFO: [HLS 200-1505] Using default flow_target 'vivado'
Resolution: For help on HLS 200-1505 see docs.xilinx.com/access/sources/dita/topic?Doc_Version=2024.2%20English&url=ug1448-hls-guidance&resourceid=200-1505.html
INFO: [HLS 200-1465] Applying ini 'syn.file=/home/rimurutempest/Code/LSI_Design_Contest/HLS/Adder32bit/PL/adder32.cpp' from /home/rimurutempest/Code/LSI_Design_Contest/HLS/Adder32bit_HLS_Component/hls_config.cfg(8)
INFO: [HLS 200-10] Adding design file '/home/rimurutempest/Code/LSI_Design_Contest/HLS/Adder32bit/PL/adder32.cpp' to the project
INFO: [HLS 200-1465] Applying ini 'tb.file=/home/rimurutempest/Code/LSI_Design_Contest/HLS/Adder32bit/PL/adder32_tb.cpp' from /home/rimurutempest/Code/LSI_Design_Contest/HLS/Adder32bit_HLS_Component/hls_config.cfg(9)
INFO: [HLS 200-10] Adding test bench file '/home/rimurutempest/Code/LSI_Design_Contest/HLS/Adder32bit/PL/adder32_tb.cpp' to the project
INFO: [HLS 200-1465] Applying ini 'syn.top=adder32' from /home/rimurutempest/Code/LSI_Design_Contest/HLS/Adder32bit_HLS_Component/hls_config.cfg(7)
INFO: [HLS 200-1465] Applying ini 'flow_target=vivado' from /home/rimurutempest/Code/LSI_Design_Contest/HLS/Adder32bit_HLS_Component/hls_config.cfg(4)
INFO: [HLS 200-1505] Using flow_target 'vivado'
Resolution: For help on HLS 200-1505 see docs.xilinx.com/access/sources/dita/topic?Doc_Version=2024.2%20English&url=ug1448-hls-guidance&resourceid=200-1505.html
INFO: [HLS 200-1465] Applying ini 'part=xczu7ev-ffvc1156-2-e' from /home/rimurutempest/Code/LSI_Design_Contest/HLS/Adder32bit_HLS_Component/hls_config.cfg(1)
INFO: [HLS 200-1611] Setting target device to 'xczu7ev-ffvc1156-2-e'
INFO: [HLS 200-1465] Applying ini 'package.output.format=ip_catalog' from /home/rimurutempest/Code/LSI_Design_Contest/HLS/Adder32bit_HLS_Component/hls_config.cfg(5)
INFO: [SIM 211-2] *************** CSIM start ***************
INFO: [SIM 211-4] CSIM will launch CLANG as the compiler.
INFO: [HLS 200-2036] Building debug C Simulation binaries
   Compiling ../../../../../Adder32bit/PL/adder32_tb.cpp in debug mode
   Compiling ../../../../../Adder32bit/PL/adder32.cpp in debug mode
   Generating csim.exe
===== HLS ADDER32 TESTBENCH =====
a = 0, b = 0, sum = 0
a = 10, b = 3, sum = 13
a = 20, b = 6, sum = 26
a = 30, b = 9, sum = 39
a = 40, b = 12, sum = 52
a = 50, b = 15, sum = 65
a = 60, b = 18, sum = 78
a = 70, b = 21, sum = 91
a = 80, b = 24, sum = 104
a = 90, b = 27, sum = 117
✅ TEST PASSED
INFO: [SIM 211-1] CSim done with 0 errors.
INFO: [SIM 211-3] *************** CSIM finish ***************
INFO: [HLS 200-112] Total CPU user time: 6.06 seconds. Total CPU system time: 0.8 seconds. Total elapsed time: 6.83 seconds; peak allocated memory: 246.512 MB.
INFO: [vitis-run 60-791] Total elapsed time: 0h 0m 10s
