Sun Jan 11 15:43:36 2026: Running xcd server. This server was built by gradle.
Sun Jan 11 15:43:36 2026: Server was asked to start on port: '39203'
Sun Jan 11 15:43:36 2026: Server is using token UUID: '29eefaaa-e30a-4cb4-96e0-a96c29dbfefc'
Sun Jan 11 15:43:36 2026: SESSION_MGR: creating session with session uuid: '6d04a3e9-ade5-4ab9-8d63-1f78fcd2ec76' and name 'default'
Sun Jan 11 15:43:36 2026: Attempting to start server on port '39203'
Sun Jan 11 15:43:36 2026: XCD main fifo: created main fifo '/tmp/xcdmain29eefaaa-e30a-4cb4-96e0-a96c29dbfefc', fd read = 13
Sun Jan 11 15:43:36 2026: Running Dispatch Server
Sun Jan 11 15:43:36 2026: Version 2.2.0
Sun Jan 11 15:43:38 2026: Dispatch Server: Accepted socket connection from client
Sun Jan 11 15:43:38 2026: Starting Socket connection
Sun Jan 11 15:43:38 2026: EXCHANGE_TOKEN received, server token: 29eefaaa-e30a-4cb4-96e0-a96c29dbfefc, passed token: 29eefaaa-e30a-4cb4-96e0-a96c29dbfefc
Sun Jan 11 15:43:38 2026: DISPATCH_HANDLER: Adding handler from function makeHandler in library libxv_system_diagram
Sun Jan 11 15:43:38 2026: SESSION_MGR: creating session with session uuid: '75ca10c3-5018-4992-923a-773685dfdc71' and name 'vitis-run_compile_adder32'
Sun Jan 11 15:43:38 2026: KERNEL_SVC: creating session with uuid: '75ca10c3-5018-4992-923a-773685dfdc71' and name 'vitis-run_compile_adder32'
Sun Jan 11 15:43:38 2026: GUIDANCE_SMGR: creating guidance session with uuid: '75ca10c3-5018-4992-923a-773685dfdc71' and name 'vitis-run_compile_adder32'
Sun Jan 11 15:43:38 2026: SYSTEM_DIAGRAM: creating session with uuid: '75ca10c3-5018-4992-923a-773685dfdc71' and name 'vitis-run_compile_adder32'
Sun Jan 11 15:43:42 2026: Dispatch Server: Accepted socket connection from client
Sun Jan 11 15:43:42 2026: Starting Socket connection
Sun Jan 11 15:43:46 2026: SESSION_MGR: closing session for UUID '75ca10c3-5018-4992-923a-773685dfdc71' with name 'vitis-run_compile_adder32'
Sun Jan 11 15:43:46 2026: KERNEL_SVC: closing session for UUID '75ca10c3-5018-4992-923a-773685dfdc71' with name 'vitis-run_compile_adder32'
Sun Jan 11 15:43:46 2026: GUIDANCE_SMGR: closing session for UUID '75ca10c3-5018-4992-923a-773685dfdc71' with name 'vitis-run_compile_adder32'
Sun Jan 11 15:43:46 2026: SYSTEM_DIAGRAM: closing session for UUID '75ca10c3-5018-4992-923a-773685dfdc71' with name 'vitis-run_compile_adder32'
Sun Jan 11 15:43:46 2026: STOP_SERVER received, server token: 29eefaaa-e30a-4cb4-96e0-a96c29dbfefc, passed token: 29eefaaa-e30a-4cb4-96e0-a96c29dbfefc
Sun Jan 11 15:43:46 2026: Socket received request to stop server.
Sun Jan 11 15:43:46 2026: Dispatch Server: do_await_stop
Sun Jan 11 15:43:46 2026: Dispatch Server: stopping mainFifo_
Sun Jan 11 15:43:46 2026: XCD main fifo: Stopping
Sun Jan 11 15:43:46 2026: XCD main fifo: do_read error code: Operation canceled
Sun Jan 11 15:43:46 2026: XCD main fifo: bytes_transferred: 0
Sun Jan 11 15:43:46 2026: SERVER: destructor for server bound to port 39203
Sun Jan 11 15:43:46 2026: XCD main fifo: Good unlink of /tmp/xcdmain29eefaaa-e30a-4cb4-96e0-a96c29dbfefc
Sun Jan 11 15:43:46 2026: Server exiting with status 0.
Sun Jan 11 15:43:46 2026: Closing log file.
Sun Jan 11 15:43:52 2026: Running xcd server. This server was built by gradle.
Sun Jan 11 15:43:52 2026: Server was asked to start on port: '46599'
Sun Jan 11 15:43:52 2026: Server is using token UUID: '571c50e8-fe3a-4551-981c-6a2b25871652'
Sun Jan 11 15:43:52 2026: SESSION_MGR: creating session with session uuid: '6d04a3e9-ade5-4ab9-8d63-1f78fcd2ec76' and name 'default'
Sun Jan 11 15:43:52 2026: Attempting to start server on port '46599'
Sun Jan 11 15:43:52 2026: XCD main fifo: created main fifo '/tmp/xcdmain571c50e8-fe3a-4551-981c-6a2b25871652', fd read = 13
Sun Jan 11 15:43:52 2026: Running Dispatch Server
Sun Jan 11 15:43:52 2026: Version 2.2.0
Sun Jan 11 15:43:54 2026: Dispatch Server: Accepted socket connection from client
Sun Jan 11 15:43:54 2026: Starting Socket connection
Sun Jan 11 15:43:54 2026: EXCHANGE_TOKEN received, server token: 571c50e8-fe3a-4551-981c-6a2b25871652, passed token: 571c50e8-fe3a-4551-981c-6a2b25871652
Sun Jan 11 15:43:54 2026: DISPATCH_HANDLER: Adding handler from function makeHandler in library libxv_system_diagram
Sun Jan 11 15:43:54 2026: SESSION_MGR: creating session with session uuid: '9d237077-0f83-45bd-b4ea-1f87587d4ff9' and name 'v++_compile_adder32'
Sun Jan 11 15:43:54 2026: KERNEL_SVC: creating session with uuid: '9d237077-0f83-45bd-b4ea-1f87587d4ff9' and name 'v++_compile_adder32'
Sun Jan 11 15:43:54 2026: GUIDANCE_SMGR: creating guidance session with uuid: '9d237077-0f83-45bd-b4ea-1f87587d4ff9' and name 'v++_compile_adder32'
Sun Jan 11 15:43:54 2026: SYSTEM_DIAGRAM: creating session with uuid: '9d237077-0f83-45bd-b4ea-1f87587d4ff9' and name 'v++_compile_adder32'
Sun Jan 11 15:43:58 2026: Dispatch Server: Accepted socket connection from client
Sun Jan 11 15:43:58 2026: Starting Socket connection
Sun Jan 11 15:44:11 2026: SESSION_MGR: closing session for UUID '9d237077-0f83-45bd-b4ea-1f87587d4ff9' with name 'v++_compile_adder32'
Sun Jan 11 15:44:11 2026: KERNEL_SVC: closing session for UUID '9d237077-0f83-45bd-b4ea-1f87587d4ff9' with name 'v++_compile_adder32'
Sun Jan 11 15:44:11 2026: GUIDANCE_SMGR: closing session for UUID '9d237077-0f83-45bd-b4ea-1f87587d4ff9' with name 'v++_compile_adder32'
Sun Jan 11 15:44:11 2026: SYSTEM_DIAGRAM: closing session for UUID '9d237077-0f83-45bd-b4ea-1f87587d4ff9' with name 'v++_compile_adder32'
Sun Jan 11 15:44:11 2026: STOP_SERVER received, server token: 571c50e8-fe3a-4551-981c-6a2b25871652, passed token: 571c50e8-fe3a-4551-981c-6a2b25871652
Sun Jan 11 15:44:11 2026: Socket received request to stop server.
Sun Jan 11 15:44:11 2026: Dispatch Server: do_await_stop
Sun Jan 11 15:44:11 2026: Dispatch Server: stopping mainFifo_
Sun Jan 11 15:44:11 2026: XCD main fifo: Stopping
Sun Jan 11 15:44:11 2026: XCD main fifo: do_read error code: Operation canceled
Sun Jan 11 15:44:11 2026: XCD main fifo: bytes_transferred: 0
Sun Jan 11 15:44:11 2026: SERVER: destructor for server bound to port 46599
Sun Jan 11 15:44:11 2026: XCD main fifo: Good unlink of /tmp/xcdmain571c50e8-fe3a-4551-981c-6a2b25871652
Sun Jan 11 15:44:11 2026: Server exiting with status 0.
Sun Jan 11 15:44:11 2026: Closing log file.
Sun Jan 11 15:50:26 2026: Running xcd server. This server was built by gradle.
Sun Jan 11 15:50:26 2026: Server was asked to start on port: '46117'
Sun Jan 11 15:50:26 2026: Server is using token UUID: '9d397358-c6a9-448d-b735-f58ab5d93e29'
Sun Jan 11 15:50:26 2026: SESSION_MGR: creating session with session uuid: '6d04a3e9-ade5-4ab9-8d63-1f78fcd2ec76' and name 'default'
Sun Jan 11 15:50:26 2026: Attempting to start server on port '46117'
Sun Jan 11 15:50:26 2026: XCD main fifo: created main fifo '/tmp/xcdmain9d397358-c6a9-448d-b735-f58ab5d93e29', fd read = 13
Sun Jan 11 15:50:26 2026: Running Dispatch Server
Sun Jan 11 15:50:26 2026: Version 2.2.0
Sun Jan 11 15:50:27 2026: Dispatch Server: Accepted socket connection from client
Sun Jan 11 15:50:27 2026: Starting Socket connection
Sun Jan 11 15:50:27 2026: EXCHANGE_TOKEN received, server token: 9d397358-c6a9-448d-b735-f58ab5d93e29, passed token: 9d397358-c6a9-448d-b735-f58ab5d93e29
Sun Jan 11 15:50:28 2026: DISPATCH_HANDLER: Adding handler from function makeHandler in library libxv_system_diagram
Sun Jan 11 15:50:28 2026: SESSION_MGR: creating session with session uuid: '7929cd86-97ce-46f0-b0fa-9c4937aecd72' and name 'vitis-run_compile_adder32'
Sun Jan 11 15:50:28 2026: KERNEL_SVC: creating session with uuid: '7929cd86-97ce-46f0-b0fa-9c4937aecd72' and name 'vitis-run_compile_adder32'
Sun Jan 11 15:50:28 2026: GUIDANCE_SMGR: creating guidance session with uuid: '7929cd86-97ce-46f0-b0fa-9c4937aecd72' and name 'vitis-run_compile_adder32'
Sun Jan 11 15:50:28 2026: SYSTEM_DIAGRAM: creating session with uuid: '7929cd86-97ce-46f0-b0fa-9c4937aecd72' and name 'vitis-run_compile_adder32'
Sun Jan 11 15:50:31 2026: Dispatch Server: Accepted socket connection from client
Sun Jan 11 15:50:31 2026: Starting Socket connection
Sun Jan 11 15:50:51 2026: SESSION_MGR: closing session for UUID '7929cd86-97ce-46f0-b0fa-9c4937aecd72' with name 'vitis-run_compile_adder32'
Sun Jan 11 15:50:51 2026: KERNEL_SVC: closing session for UUID '7929cd86-97ce-46f0-b0fa-9c4937aecd72' with name 'vitis-run_compile_adder32'
Sun Jan 11 15:50:51 2026: GUIDANCE_SMGR: closing session for UUID '7929cd86-97ce-46f0-b0fa-9c4937aecd72' with name 'vitis-run_compile_adder32'
Sun Jan 11 15:50:51 2026: SYSTEM_DIAGRAM: closing session for UUID '7929cd86-97ce-46f0-b0fa-9c4937aecd72' with name 'vitis-run_compile_adder32'
Sun Jan 11 15:50:51 2026: STOP_SERVER received, server token: 9d397358-c6a9-448d-b735-f58ab5d93e29, passed token: 9d397358-c6a9-448d-b735-f58ab5d93e29
Sun Jan 11 15:50:51 2026: Socket received request to stop server.
Sun Jan 11 15:50:51 2026: Dispatch Server: do_await_stop
Sun Jan 11 15:50:51 2026: Dispatch Server: stopping mainFifo_
Sun Jan 11 15:50:51 2026: XCD main fifo: Stopping
Sun Jan 11 15:50:51 2026: XCD main fifo: do_read error code: Operation canceled
Sun Jan 11 15:50:51 2026: XCD main fifo: bytes_transferred: 0
Sun Jan 11 15:50:51 2026: SERVER: destructor for server bound to port 46117
Sun Jan 11 15:50:51 2026: XCD main fifo: Good unlink of /tmp/xcdmain9d397358-c6a9-448d-b735-f58ab5d93e29
Sun Jan 11 15:50:51 2026: Server exiting with status 0.
Sun Jan 11 15:50:51 2026: Closing log file.
Sun Jan 11 15:53:05 2026: Running xcd server. This server was built by gradle.
Sun Jan 11 15:53:05 2026: Server was asked to start on port: '45845'
Sun Jan 11 15:53:05 2026: Server is using token UUID: '97b49803-f50b-4c9a-861e-f3ac35a4eab5'
Sun Jan 11 15:53:05 2026: SESSION_MGR: creating session with session uuid: '6d04a3e9-ade5-4ab9-8d63-1f78fcd2ec76' and name 'default'
Sun Jan 11 15:53:05 2026: Attempting to start server on port '45845'
Sun Jan 11 15:53:05 2026: XCD main fifo: created main fifo '/tmp/xcdmain97b49803-f50b-4c9a-861e-f3ac35a4eab5', fd read = 13
Sun Jan 11 15:53:05 2026: Running Dispatch Server
Sun Jan 11 15:53:05 2026: Version 2.2.0
Sun Jan 11 15:53:06 2026: Dispatch Server: Accepted socket connection from client
Sun Jan 11 15:53:06 2026: Starting Socket connection
Sun Jan 11 15:53:06 2026: EXCHANGE_TOKEN received, server token: 97b49803-f50b-4c9a-861e-f3ac35a4eab5, passed token: 97b49803-f50b-4c9a-861e-f3ac35a4eab5
Sun Jan 11 15:53:07 2026: DISPATCH_HANDLER: Adding handler from function makeHandler in library libxv_system_diagram
Sun Jan 11 15:53:07 2026: SESSION_MGR: creating session with session uuid: '0ffd10fb-a7e1-40ab-9a3e-8c5941601c9f' and name 'vitis-run_compile_adder32'
Sun Jan 11 15:53:07 2026: KERNEL_SVC: creating session with uuid: '0ffd10fb-a7e1-40ab-9a3e-8c5941601c9f' and name 'vitis-run_compile_adder32'
Sun Jan 11 15:53:07 2026: GUIDANCE_SMGR: creating guidance session with uuid: '0ffd10fb-a7e1-40ab-9a3e-8c5941601c9f' and name 'vitis-run_compile_adder32'
Sun Jan 11 15:53:07 2026: SYSTEM_DIAGRAM: creating session with uuid: '0ffd10fb-a7e1-40ab-9a3e-8c5941601c9f' and name 'vitis-run_compile_adder32'
Sun Jan 11 15:53:10 2026: Dispatch Server: Accepted socket connection from client
Sun Jan 11 15:53:10 2026: Starting Socket connection
Sun Jan 11 15:53:26 2026: SESSION_MGR: closing session for UUID '0ffd10fb-a7e1-40ab-9a3e-8c5941601c9f' with name 'vitis-run_compile_adder32'
Sun Jan 11 15:53:26 2026: KERNEL_SVC: closing session for UUID '0ffd10fb-a7e1-40ab-9a3e-8c5941601c9f' with name 'vitis-run_compile_adder32'
Sun Jan 11 15:53:26 2026: GUIDANCE_SMGR: closing session for UUID '0ffd10fb-a7e1-40ab-9a3e-8c5941601c9f' with name 'vitis-run_compile_adder32'
Sun Jan 11 15:53:26 2026: SYSTEM_DIAGRAM: closing session for UUID '0ffd10fb-a7e1-40ab-9a3e-8c5941601c9f' with name 'vitis-run_compile_adder32'
Sun Jan 11 15:53:26 2026: STOP_SERVER received, server token: 97b49803-f50b-4c9a-861e-f3ac35a4eab5, passed token: 97b49803-f50b-4c9a-861e-f3ac35a4eab5
Sun Jan 11 15:53:26 2026: Socket received request to stop server.
Sun Jan 11 15:53:26 2026: Dispatch Server: do_await_stop
Sun Jan 11 15:53:26 2026: Dispatch Server: stopping mainFifo_
Sun Jan 11 15:53:26 2026: XCD main fifo: Stopping
Sun Jan 11 15:53:26 2026: XCD main fifo: do_read error code: Operation canceled
Sun Jan 11 15:53:26 2026: XCD main fifo: bytes_transferred: 0
Sun Jan 11 15:53:26 2026: SERVER: destructor for server bound to port 45845
Sun Jan 11 15:53:26 2026: XCD main fifo: Good unlink of /tmp/xcdmain97b49803-f50b-4c9a-861e-f3ac35a4eab5
Sun Jan 11 15:53:26 2026: Server exiting with status 0.
Sun Jan 11 15:53:26 2026: Closing log file.
Sun Jan 11 15:53:32 2026: Running xcd server. This server was built by gradle.
Sun Jan 11 15:53:32 2026: Server was asked to start on port: '36561'
Sun Jan 11 15:53:32 2026: Server is using token UUID: 'b511744f-843f-482f-aa2a-3e990a9abc65'
Sun Jan 11 15:53:32 2026: SESSION_MGR: creating session with session uuid: '6d04a3e9-ade5-4ab9-8d63-1f78fcd2ec76' and name 'default'
Sun Jan 11 15:53:32 2026: Attempting to start server on port '36561'
Sun Jan 11 15:53:32 2026: XCD main fifo: created main fifo '/tmp/xcdmainb511744f-843f-482f-aa2a-3e990a9abc65', fd read = 13
Sun Jan 11 15:53:32 2026: Running Dispatch Server
Sun Jan 11 15:53:32 2026: Version 2.2.0
Sun Jan 11 15:53:34 2026: Dispatch Server: Accepted socket connection from client
Sun Jan 11 15:53:34 2026: Starting Socket connection
Sun Jan 11 15:53:34 2026: EXCHANGE_TOKEN received, server token: b511744f-843f-482f-aa2a-3e990a9abc65, passed token: b511744f-843f-482f-aa2a-3e990a9abc65
Sun Jan 11 15:53:34 2026: DISPATCH_HANDLER: Adding handler from function makeHandler in library libxv_system_diagram
Sun Jan 11 15:53:34 2026: SESSION_MGR: creating session with session uuid: 'd5011cb9-dfd1-442c-ad3b-35fc1aa70428' and name 'vitis-run_compile_adder32'
Sun Jan 11 15:53:34 2026: KERNEL_SVC: creating session with uuid: 'd5011cb9-dfd1-442c-ad3b-35fc1aa70428' and name 'vitis-run_compile_adder32'
Sun Jan 11 15:53:34 2026: GUIDANCE_SMGR: creating guidance session with uuid: 'd5011cb9-dfd1-442c-ad3b-35fc1aa70428' and name 'vitis-run_compile_adder32'
Sun Jan 11 15:53:34 2026: SYSTEM_DIAGRAM: creating session with uuid: 'd5011cb9-dfd1-442c-ad3b-35fc1aa70428' and name 'vitis-run_compile_adder32'
Sun Jan 11 15:53:38 2026: Dispatch Server: Accepted socket connection from client
Sun Jan 11 15:53:38 2026: Starting Socket connection
Sun Jan 11 15:54:09 2026: Dispatch Server: Accepted socket connection from client
Sun Jan 11 15:54:09 2026: Starting Socket connection
Sun Jan 11 15:54:53 2026: Dispatch Server: Accepted socket connection from client
Sun Jan 11 15:54:53 2026: Starting Socket connection
Sun Jan 11 15:56:08 2026: Dispatch Server: Accepted socket connection from client
Sun Jan 11 15:56:08 2026: Starting Socket connection
Sun Jan 11 15:57:56 2026: SESSION_MGR: closing session for UUID 'd5011cb9-dfd1-442c-ad3b-35fc1aa70428' with name 'vitis-run_compile_adder32'
Sun Jan 11 15:57:56 2026: KERNEL_SVC: closing session for UUID 'd5011cb9-dfd1-442c-ad3b-35fc1aa70428' with name 'vitis-run_compile_adder32'
Sun Jan 11 15:57:56 2026: GUIDANCE_SMGR: closing session for UUID 'd5011cb9-dfd1-442c-ad3b-35fc1aa70428' with name 'vitis-run_compile_adder32'
Sun Jan 11 15:57:56 2026: SYSTEM_DIAGRAM: closing session for UUID 'd5011cb9-dfd1-442c-ad3b-35fc1aa70428' with name 'vitis-run_compile_adder32'
Sun Jan 11 15:57:56 2026: STOP_SERVER received, server token: b511744f-843f-482f-aa2a-3e990a9abc65, passed token: b511744f-843f-482f-aa2a-3e990a9abc65
Sun Jan 11 15:57:56 2026: Socket received request to stop server.
Sun Jan 11 15:57:56 2026: Dispatch Server: do_await_stop
Sun Jan 11 15:57:56 2026: Dispatch Server: stopping mainFifo_
Sun Jan 11 15:57:56 2026: XCD main fifo: Stopping
Sun Jan 11 15:57:56 2026: XCD main fifo: do_read error code: Operation canceled
Sun Jan 11 15:57:56 2026: XCD main fifo: bytes_transferred: 0
Sun Jan 11 15:57:56 2026: SERVER: destructor for server bound to port 36561
Sun Jan 11 15:57:56 2026: XCD main fifo: Good unlink of /tmp/xcdmainb511744f-843f-482f-aa2a-3e990a9abc65
Sun Jan 11 15:57:56 2026: Server exiting with status 0.
Sun Jan 11 15:57:57 2026: Closing log file.
Sun Jan 11 16:16:07 2026: Running xcd server. This server was built by gradle.
Sun Jan 11 16:16:07 2026: Server was asked to start on port: '37215'
Sun Jan 11 16:16:07 2026: Server is using token UUID: 'b2c31f6f-0395-458f-bdb8-d11fe1b4e067'
Sun Jan 11 16:16:07 2026: SESSION_MGR: creating session with session uuid: '6d04a3e9-ade5-4ab9-8d63-1f78fcd2ec76' and name 'default'
Sun Jan 11 16:16:07 2026: Attempting to start server on port '37215'
Sun Jan 11 16:16:07 2026: XCD main fifo: created main fifo '/tmp/xcdmainb2c31f6f-0395-458f-bdb8-d11fe1b4e067', fd read = 13
Sun Jan 11 16:16:07 2026: Running Dispatch Server
Sun Jan 11 16:16:07 2026: Version 2.2.0
Sun Jan 11 16:16:09 2026: Dispatch Server: Accepted socket connection from client
Sun Jan 11 16:16:09 2026: Starting Socket connection
Sun Jan 11 16:16:09 2026: EXCHANGE_TOKEN received, server token: b2c31f6f-0395-458f-bdb8-d11fe1b4e067, passed token: b2c31f6f-0395-458f-bdb8-d11fe1b4e067
Sun Jan 11 16:16:09 2026: DISPATCH_HANDLER: Adding handler from function makeHandler in library libxv_system_diagram
Sun Jan 11 16:16:09 2026: SESSION_MGR: creating session with session uuid: '03ec82fd-05ce-42ed-9569-55fc1d20e1ff' and name 'vitis-run_compile_adder32'
Sun Jan 11 16:16:09 2026: KERNEL_SVC: creating session with uuid: '03ec82fd-05ce-42ed-9569-55fc1d20e1ff' and name 'vitis-run_compile_adder32'
Sun Jan 11 16:16:09 2026: GUIDANCE_SMGR: creating guidance session with uuid: '03ec82fd-05ce-42ed-9569-55fc1d20e1ff' and name 'vitis-run_compile_adder32'
Sun Jan 11 16:16:09 2026: SYSTEM_DIAGRAM: creating session with uuid: '03ec82fd-05ce-42ed-9569-55fc1d20e1ff' and name 'vitis-run_compile_adder32'
Sun Jan 11 16:16:13 2026: Dispatch Server: Accepted socket connection from client
Sun Jan 11 16:16:13 2026: Starting Socket connection
Sun Jan 11 16:16:29 2026: SESSION_MGR: closing session for UUID '03ec82fd-05ce-42ed-9569-55fc1d20e1ff' with name 'vitis-run_compile_adder32'
Sun Jan 11 16:16:29 2026: KERNEL_SVC: closing session for UUID '03ec82fd-05ce-42ed-9569-55fc1d20e1ff' with name 'vitis-run_compile_adder32'
Sun Jan 11 16:16:29 2026: GUIDANCE_SMGR: closing session for UUID '03ec82fd-05ce-42ed-9569-55fc1d20e1ff' with name 'vitis-run_compile_adder32'
Sun Jan 11 16:16:29 2026: SYSTEM_DIAGRAM: closing session for UUID '03ec82fd-05ce-42ed-9569-55fc1d20e1ff' with name 'vitis-run_compile_adder32'
Sun Jan 11 16:16:29 2026: STOP_SERVER received, server token: b2c31f6f-0395-458f-bdb8-d11fe1b4e067, passed token: b2c31f6f-0395-458f-bdb8-d11fe1b4e067
Sun Jan 11 16:16:29 2026: Socket received request to stop server.
Sun Jan 11 16:16:29 2026: Dispatch Server: do_await_stop
Sun Jan 11 16:16:29 2026: Dispatch Server: stopping mainFifo_
Sun Jan 11 16:16:29 2026: XCD main fifo: Stopping
Sun Jan 11 16:16:29 2026: XCD main fifo: do_read error code: Operation canceled
Sun Jan 11 16:16:29 2026: XCD main fifo: bytes_transferred: 0
Sun Jan 11 16:16:29 2026: SERVER: destructor for server bound to port 37215
Sun Jan 11 16:16:29 2026: XCD main fifo: Good unlink of /tmp/xcdmainb2c31f6f-0395-458f-bdb8-d11fe1b4e067
Sun Jan 11 16:16:29 2026: Server exiting with status 0.
Sun Jan 11 16:16:29 2026: Closing log file.
