

================================================================
== Vitis HLS Report for 'GlobalAdd_Kernel_16_s'
================================================================
* Date:           Mon May 18 07:09:36 2026

* Version:        2024.2 (Build 5238294 on Nov  8 2024)
* Project:        prj
* Solution:       solution1 (Vitis Kernel Flow Target)
* Product family: zynquplus
* Target device:  xczu7ev-ffvc1156-2-e


================================================================
== Performance Estimates
================================================================
+ Timing: 
    * Summary: 
    +--------+---------+----------+------------+
    |  Clock |  Target | Estimated| Uncertainty|
    +--------+---------+----------+------------+
    |ap_clk  |  3.33 ns|  2.433 ns|     0.90 ns|
    +--------+---------+----------+------------+

+ Latency: 
    * Summary: 
    +---------+---------+-----------+-----------+-------+-------+------------------------------------------------+
    |  Latency (cycles) |   Latency (absolute)  |    Interval   |                    Pipeline                    |
    |   min   |   max   |    min    |    max    |  min  |  max  |                      Type                      |
    +---------+---------+-----------+-----------+-------+-------+------------------------------------------------+
    |    15507|    15507|  51.685 us|  51.685 us|  15361|  15361|  loop auto-rewind stp (delay=0 clock cycles(s))|
    +---------+---------+-----------+-----------+-------+-------+------------------------------------------------+

    + Detail: 
        * Instance: 
        N/A

        * Loop: 
        +-------------------+---------+---------+----------+-----------+-----------+-------+----------+
        |                   |  Latency (cycles) | Iteration|  Initiation Interval  |  Trip |          |
        |     Loop Name     |   min   |   max   |  Latency |  achieved |   target  | Count | Pipelined|
        +-------------------+---------+---------+----------+-----------+-----------+-------+----------+
        |- VITIS_LOOP_85_1  |    15505|    15505|       147|          1|          1|  15360|       yes|
        +-------------------+---------+---------+----------+-----------+-----------+-------+----------+



================================================================
== Utilization Estimates
================================================================
* Summary: 
+-----------------+---------+------+--------+--------+-----+
|       Name      | BRAM_18K|  DSP |   FF   |   LUT  | URAM|
+-----------------+---------+------+--------+--------+-----+
|DSP              |        -|     -|       -|       -|    -|
|Expression       |        -|     -|       0|     119|    -|
|FIFO             |        -|     -|       -|       -|    -|
|Instance         |        -|    32|    1744|    1808|    -|
|Memory           |        -|     -|       -|       -|    -|
|Multiplexer      |        -|     -|       0|      81|    -|
|Register         |        -|     -|    1340|      64|    -|
+-----------------+---------+------+--------+--------+-----+
|Total            |        0|    32|    3084|    2072|    0|
+-----------------+---------+------+--------+--------+-----+
|Available        |      624|  1728|  460800|  230400|   96|
+-----------------+---------+------+--------+--------+-----+
|Utilization (%)  |        0|     1|      ~0|      ~0|    0|
+-----------------+---------+------+--------+--------+-----+

+ Detail: 
    * Instance: 
    +--------------------------------------+--------------------------------+---------+----+-----+-----+-----+
    |               Instance               |             Module             | BRAM_18K| DSP|  FF | LUT | URAM|
    +--------------------------------------+--------------------------------+---------+----+-----+-----+-----+
    |hadd_16ns_16ns_16_5_full_dsp_1_U1657  |hadd_16ns_16ns_16_5_full_dsp_1  |        0|   2|  109|  113|    0|
    |hadd_16ns_16ns_16_5_full_dsp_1_U1658  |hadd_16ns_16ns_16_5_full_dsp_1  |        0|   2|  109|  113|    0|
    |hadd_16ns_16ns_16_5_full_dsp_1_U1659  |hadd_16ns_16ns_16_5_full_dsp_1  |        0|   2|  109|  113|    0|
    |hadd_16ns_16ns_16_5_full_dsp_1_U1660  |hadd_16ns_16ns_16_5_full_dsp_1  |        0|   2|  109|  113|    0|
    |hadd_16ns_16ns_16_5_full_dsp_1_U1661  |hadd_16ns_16ns_16_5_full_dsp_1  |        0|   2|  109|  113|    0|
    |hadd_16ns_16ns_16_5_full_dsp_1_U1662  |hadd_16ns_16ns_16_5_full_dsp_1  |        0|   2|  109|  113|    0|
    |hadd_16ns_16ns_16_5_full_dsp_1_U1663  |hadd_16ns_16ns_16_5_full_dsp_1  |        0|   2|  109|  113|    0|
    |hadd_16ns_16ns_16_5_full_dsp_1_U1664  |hadd_16ns_16ns_16_5_full_dsp_1  |        0|   2|  109|  113|    0|
    |hadd_16ns_16ns_16_5_full_dsp_1_U1665  |hadd_16ns_16ns_16_5_full_dsp_1  |        0|   2|  109|  113|    0|
    |hadd_16ns_16ns_16_5_full_dsp_1_U1666  |hadd_16ns_16ns_16_5_full_dsp_1  |        0|   2|  109|  113|    0|
    |hadd_16ns_16ns_16_5_full_dsp_1_U1667  |hadd_16ns_16ns_16_5_full_dsp_1  |        0|   2|  109|  113|    0|
    |hadd_16ns_16ns_16_5_full_dsp_1_U1668  |hadd_16ns_16ns_16_5_full_dsp_1  |        0|   2|  109|  113|    0|
    |hadd_16ns_16ns_16_5_full_dsp_1_U1669  |hadd_16ns_16ns_16_5_full_dsp_1  |        0|   2|  109|  113|    0|
    |hadd_16ns_16ns_16_5_full_dsp_1_U1670  |hadd_16ns_16ns_16_5_full_dsp_1  |        0|   2|  109|  113|    0|
    |hadd_16ns_16ns_16_5_full_dsp_1_U1671  |hadd_16ns_16ns_16_5_full_dsp_1  |        0|   2|  109|  113|    0|
    |hadd_16ns_16ns_16_5_full_dsp_1_U1672  |hadd_16ns_16ns_16_5_full_dsp_1  |        0|   2|  109|  113|    0|
    +--------------------------------------+--------------------------------+---------+----+-----+-----+-----+
    |Total                                 |                                |        0|  32| 1744| 1808|    0|
    +--------------------------------------+--------------------------------+---------+----+-----+-----+-----+

    * DSP: 
    N/A

    * Memory: 
    N/A

    * FIFO: 
    N/A

    * Expression: 
    +--------------------------------+----------+----+---+----+------------+------------+
    |          Variable Name         | Operation| DSP| FF| LUT| Bitwidth P0| Bitwidth P1|
    +--------------------------------+----------+----+---+----+------------+------------+
    |add_ln85_fu_231_p2              |         +|   0|  0|  21|          14|           1|
    |add_ln87_fu_249_p2              |         +|   0|  0|  71|          64|          64|
    |icmp_ln85_fu_225_p2             |      icmp|   0|  0|  21|          14|          12|
    |ap_block_pp0_stage0_01001_grp1  |        or|   0|  0|   2|           1|           1|
    |ap_block_pp0_stage0_11001       |        or|   0|  0|   2|           1|           1|
    |ap_enable_pp0                   |       xor|   0|  0|   2|           1|           2|
    +--------------------------------+----------+----+---+----+------------+------------+
    |Total                           |          |   0|  0| 119|          95|          81|
    +--------------------------------+----------+----+---+----+------------+------------+

    * Multiplexer: 
    +-------------------------+----+-----------+-----+-----------+
    |           Name          | LUT| Input Size| Bits| Total Bits|
    +-------------------------+----+-----------+-----+-----------+
    |ap_done_int              |   9|          2|    1|          2|
    |ap_enable_reg_pp0_iter1  |   9|          2|    1|          2|
    |ap_sig_allocacmp_i_5     |   9|          2|   14|         28|
    |gmem_x_blk_n_AR          |   9|          2|    1|          2|
    |gmem_x_blk_n_AW          |   9|          2|    1|          2|
    |gmem_x_blk_n_B           |   9|          2|    1|          2|
    |gmem_x_blk_n_R           |   9|          2|    1|          2|
    |gmem_x_blk_n_W           |   9|          2|    1|          2|
    |i_fu_108                 |   9|          2|   14|         28|
    +-------------------------+----+-----------+-----+-----------+
    |Total                    |  81|         18|   35|         70|
    +-------------------------+----+-----------+-----+-----------+

    * Register: 
    +------------------------------------+----+----+-----+-----------+
    |                Name                | FF | LUT| Bits| Const Bits|
    +------------------------------------+----+----+-----+-----------+
    |ap_CS_fsm                           |   1|   0|    1|          0|
    |ap_done_reg                         |   1|   0|    1|          0|
    |ap_enable_reg_pp0_iter1             |   1|   0|    1|          0|
    |ap_enable_reg_pp0_iter10            |   1|   0|    1|          0|
    |ap_enable_reg_pp0_iter100           |   1|   0|    1|          0|
    |ap_enable_reg_pp0_iter101           |   1|   0|    1|          0|
    |ap_enable_reg_pp0_iter102           |   1|   0|    1|          0|
    |ap_enable_reg_pp0_iter103           |   1|   0|    1|          0|
    |ap_enable_reg_pp0_iter104           |   1|   0|    1|          0|
    |ap_enable_reg_pp0_iter105           |   1|   0|    1|          0|
    |ap_enable_reg_pp0_iter106           |   1|   0|    1|          0|
    |ap_enable_reg_pp0_iter107           |   1|   0|    1|          0|
    |ap_enable_reg_pp0_iter108           |   1|   0|    1|          0|
    |ap_enable_reg_pp0_iter109           |   1|   0|    1|          0|
    |ap_enable_reg_pp0_iter11            |   1|   0|    1|          0|
    |ap_enable_reg_pp0_iter110           |   1|   0|    1|          0|
    |ap_enable_reg_pp0_iter111           |   1|   0|    1|          0|
    |ap_enable_reg_pp0_iter112           |   1|   0|    1|          0|
    |ap_enable_reg_pp0_iter113           |   1|   0|    1|          0|
    |ap_enable_reg_pp0_iter114           |   1|   0|    1|          0|
    |ap_enable_reg_pp0_iter115           |   1|   0|    1|          0|
    |ap_enable_reg_pp0_iter116           |   1|   0|    1|          0|
    |ap_enable_reg_pp0_iter117           |   1|   0|    1|          0|
    |ap_enable_reg_pp0_iter118           |   1|   0|    1|          0|
    |ap_enable_reg_pp0_iter119           |   1|   0|    1|          0|
    |ap_enable_reg_pp0_iter12            |   1|   0|    1|          0|
    |ap_enable_reg_pp0_iter120           |   1|   0|    1|          0|
    |ap_enable_reg_pp0_iter121           |   1|   0|    1|          0|
    |ap_enable_reg_pp0_iter122           |   1|   0|    1|          0|
    |ap_enable_reg_pp0_iter123           |   1|   0|    1|          0|
    |ap_enable_reg_pp0_iter124           |   1|   0|    1|          0|
    |ap_enable_reg_pp0_iter125           |   1|   0|    1|          0|
    |ap_enable_reg_pp0_iter126           |   1|   0|    1|          0|
    |ap_enable_reg_pp0_iter127           |   1|   0|    1|          0|
    |ap_enable_reg_pp0_iter128           |   1|   0|    1|          0|
    |ap_enable_reg_pp0_iter129           |   1|   0|    1|          0|
    |ap_enable_reg_pp0_iter13            |   1|   0|    1|          0|
    |ap_enable_reg_pp0_iter130           |   1|   0|    1|          0|
    |ap_enable_reg_pp0_iter131           |   1|   0|    1|          0|
    |ap_enable_reg_pp0_iter132           |   1|   0|    1|          0|
    |ap_enable_reg_pp0_iter133           |   1|   0|    1|          0|
    |ap_enable_reg_pp0_iter134           |   1|   0|    1|          0|
    |ap_enable_reg_pp0_iter135           |   1|   0|    1|          0|
    |ap_enable_reg_pp0_iter136           |   1|   0|    1|          0|
    |ap_enable_reg_pp0_iter137           |   1|   0|    1|          0|
    |ap_enable_reg_pp0_iter138           |   1|   0|    1|          0|
    |ap_enable_reg_pp0_iter139           |   1|   0|    1|          0|
    |ap_enable_reg_pp0_iter14            |   1|   0|    1|          0|
    |ap_enable_reg_pp0_iter140           |   1|   0|    1|          0|
    |ap_enable_reg_pp0_iter141           |   1|   0|    1|          0|
    |ap_enable_reg_pp0_iter142           |   1|   0|    1|          0|
    |ap_enable_reg_pp0_iter143           |   1|   0|    1|          0|
    |ap_enable_reg_pp0_iter144           |   1|   0|    1|          0|
    |ap_enable_reg_pp0_iter145           |   1|   0|    1|          0|
    |ap_enable_reg_pp0_iter146           |   1|   0|    1|          0|
    |ap_enable_reg_pp0_iter15            |   1|   0|    1|          0|
    |ap_enable_reg_pp0_iter16            |   1|   0|    1|          0|
    |ap_enable_reg_pp0_iter17            |   1|   0|    1|          0|
    |ap_enable_reg_pp0_iter18            |   1|   0|    1|          0|
    |ap_enable_reg_pp0_iter19            |   1|   0|    1|          0|
    |ap_enable_reg_pp0_iter2             |   1|   0|    1|          0|
    |ap_enable_reg_pp0_iter20            |   1|   0|    1|          0|
    |ap_enable_reg_pp0_iter21            |   1|   0|    1|          0|
    |ap_enable_reg_pp0_iter22            |   1|   0|    1|          0|
    |ap_enable_reg_pp0_iter23            |   1|   0|    1|          0|
    |ap_enable_reg_pp0_iter24            |   1|   0|    1|          0|
    |ap_enable_reg_pp0_iter25            |   1|   0|    1|          0|
    |ap_enable_reg_pp0_iter26            |   1|   0|    1|          0|
    |ap_enable_reg_pp0_iter27            |   1|   0|    1|          0|
    |ap_enable_reg_pp0_iter28            |   1|   0|    1|          0|
    |ap_enable_reg_pp0_iter29            |   1|   0|    1|          0|
    |ap_enable_reg_pp0_iter3             |   1|   0|    1|          0|
    |ap_enable_reg_pp0_iter30            |   1|   0|    1|          0|
    |ap_enable_reg_pp0_iter31            |   1|   0|    1|          0|
    |ap_enable_reg_pp0_iter32            |   1|   0|    1|          0|
    |ap_enable_reg_pp0_iter33            |   1|   0|    1|          0|
    |ap_enable_reg_pp0_iter34            |   1|   0|    1|          0|
    |ap_enable_reg_pp0_iter35            |   1|   0|    1|          0|
    |ap_enable_reg_pp0_iter36            |   1|   0|    1|          0|
    |ap_enable_reg_pp0_iter37            |   1|   0|    1|          0|
    |ap_enable_reg_pp0_iter38            |   1|   0|    1|          0|
    |ap_enable_reg_pp0_iter39            |   1|   0|    1|          0|
    |ap_enable_reg_pp0_iter4             |   1|   0|    1|          0|
    |ap_enable_reg_pp0_iter40            |   1|   0|    1|          0|
    |ap_enable_reg_pp0_iter41            |   1|   0|    1|          0|
    |ap_enable_reg_pp0_iter42            |   1|   0|    1|          0|
    |ap_enable_reg_pp0_iter43            |   1|   0|    1|          0|
    |ap_enable_reg_pp0_iter44            |   1|   0|    1|          0|
    |ap_enable_reg_pp0_iter45            |   1|   0|    1|          0|
    |ap_enable_reg_pp0_iter46            |   1|   0|    1|          0|
    |ap_enable_reg_pp0_iter47            |   1|   0|    1|          0|
    |ap_enable_reg_pp0_iter48            |   1|   0|    1|          0|
    |ap_enable_reg_pp0_iter49            |   1|   0|    1|          0|
    |ap_enable_reg_pp0_iter5             |   1|   0|    1|          0|
    |ap_enable_reg_pp0_iter50            |   1|   0|    1|          0|
    |ap_enable_reg_pp0_iter51            |   1|   0|    1|          0|
    |ap_enable_reg_pp0_iter52            |   1|   0|    1|          0|
    |ap_enable_reg_pp0_iter53            |   1|   0|    1|          0|
    |ap_enable_reg_pp0_iter54            |   1|   0|    1|          0|
    |ap_enable_reg_pp0_iter55            |   1|   0|    1|          0|
    |ap_enable_reg_pp0_iter56            |   1|   0|    1|          0|
    |ap_enable_reg_pp0_iter57            |   1|   0|    1|          0|
    |ap_enable_reg_pp0_iter58            |   1|   0|    1|          0|
    |ap_enable_reg_pp0_iter59            |   1|   0|    1|          0|
    |ap_enable_reg_pp0_iter6             |   1|   0|    1|          0|
    |ap_enable_reg_pp0_iter60            |   1|   0|    1|          0|
    |ap_enable_reg_pp0_iter61            |   1|   0|    1|          0|
    |ap_enable_reg_pp0_iter62            |   1|   0|    1|          0|
    |ap_enable_reg_pp0_iter63            |   1|   0|    1|          0|
    |ap_enable_reg_pp0_iter64            |   1|   0|    1|          0|
    |ap_enable_reg_pp0_iter65            |   1|   0|    1|          0|
    |ap_enable_reg_pp0_iter66            |   1|   0|    1|          0|
    |ap_enable_reg_pp0_iter67            |   1|   0|    1|          0|
    |ap_enable_reg_pp0_iter68            |   1|   0|    1|          0|
    |ap_enable_reg_pp0_iter69            |   1|   0|    1|          0|
    |ap_enable_reg_pp0_iter7             |   1|   0|    1|          0|
    |ap_enable_reg_pp0_iter70            |   1|   0|    1|          0|
    |ap_enable_reg_pp0_iter71            |   1|   0|    1|          0|
    |ap_enable_reg_pp0_iter72            |   1|   0|    1|          0|
    |ap_enable_reg_pp0_iter73            |   1|   0|    1|          0|
    |ap_enable_reg_pp0_iter74            |   1|   0|    1|          0|
    |ap_enable_reg_pp0_iter75            |   1|   0|    1|          0|
    |ap_enable_reg_pp0_iter76            |   1|   0|    1|          0|
    |ap_enable_reg_pp0_iter77            |   1|   0|    1|          0|
    |ap_enable_reg_pp0_iter78            |   1|   0|    1|          0|
    |ap_enable_reg_pp0_iter79            |   1|   0|    1|          0|
    |ap_enable_reg_pp0_iter8             |   1|   0|    1|          0|
    |ap_enable_reg_pp0_iter80            |   1|   0|    1|          0|
    |ap_enable_reg_pp0_iter81            |   1|   0|    1|          0|
    |ap_enable_reg_pp0_iter82            |   1|   0|    1|          0|
    |ap_enable_reg_pp0_iter83            |   1|   0|    1|          0|
    |ap_enable_reg_pp0_iter84            |   1|   0|    1|          0|
    |ap_enable_reg_pp0_iter85            |   1|   0|    1|          0|
    |ap_enable_reg_pp0_iter86            |   1|   0|    1|          0|
    |ap_enable_reg_pp0_iter87            |   1|   0|    1|          0|
    |ap_enable_reg_pp0_iter88            |   1|   0|    1|          0|
    |ap_enable_reg_pp0_iter89            |   1|   0|    1|          0|
    |ap_enable_reg_pp0_iter9             |   1|   0|    1|          0|
    |ap_enable_reg_pp0_iter90            |   1|   0|    1|          0|
    |ap_enable_reg_pp0_iter91            |   1|   0|    1|          0|
    |ap_enable_reg_pp0_iter92            |   1|   0|    1|          0|
    |ap_enable_reg_pp0_iter93            |   1|   0|    1|          0|
    |ap_enable_reg_pp0_iter94            |   1|   0|    1|          0|
    |ap_enable_reg_pp0_iter95            |   1|   0|    1|          0|
    |ap_enable_reg_pp0_iter96            |   1|   0|    1|          0|
    |ap_enable_reg_pp0_iter97            |   1|   0|    1|          0|
    |ap_enable_reg_pp0_iter98            |   1|   0|    1|          0|
    |ap_enable_reg_pp0_iter99            |   1|   0|    1|          0|
    |ap_loop_exit_ready_pp0_iter100_reg  |   1|   0|    1|          0|
    |ap_loop_exit_ready_pp0_iter101_reg  |   1|   0|    1|          0|
    |ap_loop_exit_ready_pp0_iter102_reg  |   1|   0|    1|          0|
    |ap_loop_exit_ready_pp0_iter103_reg  |   1|   0|    1|          0|
    |ap_loop_exit_ready_pp0_iter104_reg  |   1|   0|    1|          0|
    |ap_loop_exit_ready_pp0_iter105_reg  |   1|   0|    1|          0|
    |ap_loop_exit_ready_pp0_iter106_reg  |   1|   0|    1|          0|
    |ap_loop_exit_ready_pp0_iter107_reg  |   1|   0|    1|          0|
    |ap_loop_exit_ready_pp0_iter108_reg  |   1|   0|    1|          0|
    |ap_loop_exit_ready_pp0_iter109_reg  |   1|   0|    1|          0|
    |ap_loop_exit_ready_pp0_iter10_reg   |   1|   0|    1|          0|
    |ap_loop_exit_ready_pp0_iter110_reg  |   1|   0|    1|          0|
    |ap_loop_exit_ready_pp0_iter111_reg  |   1|   0|    1|          0|
    |ap_loop_exit_ready_pp0_iter112_reg  |   1|   0|    1|          0|
    |ap_loop_exit_ready_pp0_iter113_reg  |   1|   0|    1|          0|
    |ap_loop_exit_ready_pp0_iter114_reg  |   1|   0|    1|          0|
    |ap_loop_exit_ready_pp0_iter115_reg  |   1|   0|    1|          0|
    |ap_loop_exit_ready_pp0_iter116_reg  |   1|   0|    1|          0|
    |ap_loop_exit_ready_pp0_iter117_reg  |   1|   0|    1|          0|
    |ap_loop_exit_ready_pp0_iter118_reg  |   1|   0|    1|          0|
    |ap_loop_exit_ready_pp0_iter119_reg  |   1|   0|    1|          0|
    |ap_loop_exit_ready_pp0_iter11_reg   |   1|   0|    1|          0|
    |ap_loop_exit_ready_pp0_iter120_reg  |   1|   0|    1|          0|
    |ap_loop_exit_ready_pp0_iter121_reg  |   1|   0|    1|          0|
    |ap_loop_exit_ready_pp0_iter122_reg  |   1|   0|    1|          0|
    |ap_loop_exit_ready_pp0_iter123_reg  |   1|   0|    1|          0|
    |ap_loop_exit_ready_pp0_iter124_reg  |   1|   0|    1|          0|
    |ap_loop_exit_ready_pp0_iter125_reg  |   1|   0|    1|          0|
    |ap_loop_exit_ready_pp0_iter126_reg  |   1|   0|    1|          0|
    |ap_loop_exit_ready_pp0_iter127_reg  |   1|   0|    1|          0|
    |ap_loop_exit_ready_pp0_iter128_reg  |   1|   0|    1|          0|
    |ap_loop_exit_ready_pp0_iter129_reg  |   1|   0|    1|          0|
    |ap_loop_exit_ready_pp0_iter12_reg   |   1|   0|    1|          0|
    |ap_loop_exit_ready_pp0_iter130_reg  |   1|   0|    1|          0|
    |ap_loop_exit_ready_pp0_iter131_reg  |   1|   0|    1|          0|
    |ap_loop_exit_ready_pp0_iter132_reg  |   1|   0|    1|          0|
    |ap_loop_exit_ready_pp0_iter133_reg  |   1|   0|    1|          0|
    |ap_loop_exit_ready_pp0_iter134_reg  |   1|   0|    1|          0|
    |ap_loop_exit_ready_pp0_iter135_reg  |   1|   0|    1|          0|
    |ap_loop_exit_ready_pp0_iter136_reg  |   1|   0|    1|          0|
    |ap_loop_exit_ready_pp0_iter137_reg  |   1|   0|    1|          0|
    |ap_loop_exit_ready_pp0_iter138_reg  |   1|   0|    1|          0|
    |ap_loop_exit_ready_pp0_iter139_reg  |   1|   0|    1|          0|
    |ap_loop_exit_ready_pp0_iter13_reg   |   1|   0|    1|          0|
    |ap_loop_exit_ready_pp0_iter140_reg  |   1|   0|    1|          0|
    |ap_loop_exit_ready_pp0_iter141_reg  |   1|   0|    1|          0|
    |ap_loop_exit_ready_pp0_iter142_reg  |   1|   0|    1|          0|
    |ap_loop_exit_ready_pp0_iter143_reg  |   1|   0|    1|          0|
    |ap_loop_exit_ready_pp0_iter144_reg  |   1|   0|    1|          0|
    |ap_loop_exit_ready_pp0_iter145_reg  |   1|   0|    1|          0|
    |ap_loop_exit_ready_pp0_iter14_reg   |   1|   0|    1|          0|
    |ap_loop_exit_ready_pp0_iter15_reg   |   1|   0|    1|          0|
    |ap_loop_exit_ready_pp0_iter16_reg   |   1|   0|    1|          0|
    |ap_loop_exit_ready_pp0_iter17_reg   |   1|   0|    1|          0|
    |ap_loop_exit_ready_pp0_iter18_reg   |   1|   0|    1|          0|
    |ap_loop_exit_ready_pp0_iter19_reg   |   1|   0|    1|          0|
    |ap_loop_exit_ready_pp0_iter1_reg    |   1|   0|    1|          0|
    |ap_loop_exit_ready_pp0_iter20_reg   |   1|   0|    1|          0|
    |ap_loop_exit_ready_pp0_iter21_reg   |   1|   0|    1|          0|
    |ap_loop_exit_ready_pp0_iter22_reg   |   1|   0|    1|          0|
    |ap_loop_exit_ready_pp0_iter23_reg   |   1|   0|    1|          0|
    |ap_loop_exit_ready_pp0_iter24_reg   |   1|   0|    1|          0|
    |ap_loop_exit_ready_pp0_iter25_reg   |   1|   0|    1|          0|
    |ap_loop_exit_ready_pp0_iter26_reg   |   1|   0|    1|          0|
    |ap_loop_exit_ready_pp0_iter27_reg   |   1|   0|    1|          0|
    |ap_loop_exit_ready_pp0_iter28_reg   |   1|   0|    1|          0|
    |ap_loop_exit_ready_pp0_iter29_reg   |   1|   0|    1|          0|
    |ap_loop_exit_ready_pp0_iter2_reg    |   1|   0|    1|          0|
    |ap_loop_exit_ready_pp0_iter30_reg   |   1|   0|    1|          0|
    |ap_loop_exit_ready_pp0_iter31_reg   |   1|   0|    1|          0|
    |ap_loop_exit_ready_pp0_iter32_reg   |   1|   0|    1|          0|
    |ap_loop_exit_ready_pp0_iter33_reg   |   1|   0|    1|          0|
    |ap_loop_exit_ready_pp0_iter34_reg   |   1|   0|    1|          0|
    |ap_loop_exit_ready_pp0_iter35_reg   |   1|   0|    1|          0|
    |ap_loop_exit_ready_pp0_iter36_reg   |   1|   0|    1|          0|
    |ap_loop_exit_ready_pp0_iter37_reg   |   1|   0|    1|          0|
    |ap_loop_exit_ready_pp0_iter38_reg   |   1|   0|    1|          0|
    |ap_loop_exit_ready_pp0_iter39_reg   |   1|   0|    1|          0|
    |ap_loop_exit_ready_pp0_iter3_reg    |   1|   0|    1|          0|
    |ap_loop_exit_ready_pp0_iter40_reg   |   1|   0|    1|          0|
    |ap_loop_exit_ready_pp0_iter41_reg   |   1|   0|    1|          0|
    |ap_loop_exit_ready_pp0_iter42_reg   |   1|   0|    1|          0|
    |ap_loop_exit_ready_pp0_iter43_reg   |   1|   0|    1|          0|
    |ap_loop_exit_ready_pp0_iter44_reg   |   1|   0|    1|          0|
    |ap_loop_exit_ready_pp0_iter45_reg   |   1|   0|    1|          0|
    |ap_loop_exit_ready_pp0_iter46_reg   |   1|   0|    1|          0|
    |ap_loop_exit_ready_pp0_iter47_reg   |   1|   0|    1|          0|
    |ap_loop_exit_ready_pp0_iter48_reg   |   1|   0|    1|          0|
    |ap_loop_exit_ready_pp0_iter49_reg   |   1|   0|    1|          0|
    |ap_loop_exit_ready_pp0_iter4_reg    |   1|   0|    1|          0|
    |ap_loop_exit_ready_pp0_iter50_reg   |   1|   0|    1|          0|
    |ap_loop_exit_ready_pp0_iter51_reg   |   1|   0|    1|          0|
    |ap_loop_exit_ready_pp0_iter52_reg   |   1|   0|    1|          0|
    |ap_loop_exit_ready_pp0_iter53_reg   |   1|   0|    1|          0|
    |ap_loop_exit_ready_pp0_iter54_reg   |   1|   0|    1|          0|
    |ap_loop_exit_ready_pp0_iter55_reg   |   1|   0|    1|          0|
    |ap_loop_exit_ready_pp0_iter56_reg   |   1|   0|    1|          0|
    |ap_loop_exit_ready_pp0_iter57_reg   |   1|   0|    1|          0|
    |ap_loop_exit_ready_pp0_iter58_reg   |   1|   0|    1|          0|
    |ap_loop_exit_ready_pp0_iter59_reg   |   1|   0|    1|          0|
    |ap_loop_exit_ready_pp0_iter5_reg    |   1|   0|    1|          0|
    |ap_loop_exit_ready_pp0_iter60_reg   |   1|   0|    1|          0|
    |ap_loop_exit_ready_pp0_iter61_reg   |   1|   0|    1|          0|
    |ap_loop_exit_ready_pp0_iter62_reg   |   1|   0|    1|          0|
    |ap_loop_exit_ready_pp0_iter63_reg   |   1|   0|    1|          0|
    |ap_loop_exit_ready_pp0_iter64_reg   |   1|   0|    1|          0|
    |ap_loop_exit_ready_pp0_iter65_reg   |   1|   0|    1|          0|
    |ap_loop_exit_ready_pp0_iter66_reg   |   1|   0|    1|          0|
    |ap_loop_exit_ready_pp0_iter67_reg   |   1|   0|    1|          0|
    |ap_loop_exit_ready_pp0_iter68_reg   |   1|   0|    1|          0|
    |ap_loop_exit_ready_pp0_iter69_reg   |   1|   0|    1|          0|
    |ap_loop_exit_ready_pp0_iter6_reg    |   1|   0|    1|          0|
    |ap_loop_exit_ready_pp0_iter70_reg   |   1|   0|    1|          0|
    |ap_loop_exit_ready_pp0_iter71_reg   |   1|   0|    1|          0|
    |ap_loop_exit_ready_pp0_iter72_reg   |   1|   0|    1|          0|
    |ap_loop_exit_ready_pp0_iter73_reg   |   1|   0|    1|          0|
    |ap_loop_exit_ready_pp0_iter74_reg   |   1|   0|    1|          0|
    |ap_loop_exit_ready_pp0_iter75_reg   |   1|   0|    1|          0|
    |ap_loop_exit_ready_pp0_iter76_reg   |   1|   0|    1|          0|
    |ap_loop_exit_ready_pp0_iter77_reg   |   1|   0|    1|          0|
    |ap_loop_exit_ready_pp0_iter78_reg   |   1|   0|    1|          0|
    |ap_loop_exit_ready_pp0_iter79_reg   |   1|   0|    1|          0|
    |ap_loop_exit_ready_pp0_iter7_reg    |   1|   0|    1|          0|
    |ap_loop_exit_ready_pp0_iter80_reg   |   1|   0|    1|          0|
    |ap_loop_exit_ready_pp0_iter81_reg   |   1|   0|    1|          0|
    |ap_loop_exit_ready_pp0_iter82_reg   |   1|   0|    1|          0|
    |ap_loop_exit_ready_pp0_iter83_reg   |   1|   0|    1|          0|
    |ap_loop_exit_ready_pp0_iter84_reg   |   1|   0|    1|          0|
    |ap_loop_exit_ready_pp0_iter85_reg   |   1|   0|    1|          0|
    |ap_loop_exit_ready_pp0_iter86_reg   |   1|   0|    1|          0|
    |ap_loop_exit_ready_pp0_iter87_reg   |   1|   0|    1|          0|
    |ap_loop_exit_ready_pp0_iter88_reg   |   1|   0|    1|          0|
    |ap_loop_exit_ready_pp0_iter89_reg   |   1|   0|    1|          0|
    |ap_loop_exit_ready_pp0_iter8_reg    |   1|   0|    1|          0|
    |ap_loop_exit_ready_pp0_iter90_reg   |   1|   0|    1|          0|
    |ap_loop_exit_ready_pp0_iter91_reg   |   1|   0|    1|          0|
    |ap_loop_exit_ready_pp0_iter92_reg   |   1|   0|    1|          0|
    |ap_loop_exit_ready_pp0_iter93_reg   |   1|   0|    1|          0|
    |ap_loop_exit_ready_pp0_iter94_reg   |   1|   0|    1|          0|
    |ap_loop_exit_ready_pp0_iter95_reg   |   1|   0|    1|          0|
    |ap_loop_exit_ready_pp0_iter96_reg   |   1|   0|    1|          0|
    |ap_loop_exit_ready_pp0_iter97_reg   |   1|   0|    1|          0|
    |ap_loop_exit_ready_pp0_iter98_reg   |   1|   0|    1|          0|
    |ap_loop_exit_ready_pp0_iter99_reg   |   1|   0|    1|          0|
    |ap_loop_exit_ready_pp0_iter9_reg    |   1|   0|    1|          0|
    |gmem_x_addr_reg_766                 |  64|   0|   64|          0|
    |i_5_reg_752                         |  14|   0|   14|          0|
    |i_fu_108                            |  14|   0|   14|          0|
    |res_10_reg_1148                     |  16|   0|   16|          0|
    |res_11_reg_1153                     |  16|   0|   16|          0|
    |res_12_reg_1158                     |  16|   0|   16|          0|
    |res_13_reg_1163                     |  16|   0|   16|          0|
    |res_14_reg_1168                     |  16|   0|   16|          0|
    |res_15_reg_1173                     |  16|   0|   16|          0|
    |res_1_reg_1103                      |  16|   0|   16|          0|
    |res_2_reg_1108                      |  16|   0|   16|          0|
    |res_3_reg_1113                      |  16|   0|   16|          0|
    |res_4_reg_1118                      |  16|   0|   16|          0|
    |res_5_reg_1123                      |  16|   0|   16|          0|
    |res_6_reg_1128                      |  16|   0|   16|          0|
    |res_7_reg_1133                      |  16|   0|   16|          0|
    |res_8_reg_1138                      |  16|   0|   16|          0|
    |res_9_reg_1143                      |  16|   0|   16|          0|
    |res_reg_1098                        |  16|   0|   16|          0|
    |trunc_ln_reg_761                    |  59|   0|   59|          0|
    |u_351_reg_783                       |  16|   0|   16|          0|
    |u_353_reg_788                       |  16|   0|   16|          0|
    |u_354_reg_793                       |  16|   0|   16|          0|
    |u_356_reg_798                       |  16|   0|   16|          0|
    |u_357_reg_803                       |  16|   0|   16|          0|
    |u_359_reg_808                       |  16|   0|   16|          0|
    |u_360_reg_813                       |  16|   0|   16|          0|
    |u_362_reg_818                       |  16|   0|   16|          0|
    |u_363_reg_823                       |  16|   0|   16|          0|
    |u_365_reg_828                       |  16|   0|   16|          0|
    |u_366_reg_833                       |  16|   0|   16|          0|
    |u_368_reg_838                       |  16|   0|   16|          0|
    |u_369_reg_843                       |  16|   0|   16|          0|
    |u_371_reg_848                       |  16|   0|   16|          0|
    |u_372_reg_853                       |  16|   0|   16|          0|
    |u_374_reg_858                       |  16|   0|   16|          0|
    |u_375_reg_863                       |  16|   0|   16|          0|
    |u_377_reg_868                       |  16|   0|   16|          0|
    |u_378_reg_873                       |  16|   0|   16|          0|
    |u_380_reg_878                       |  16|   0|   16|          0|
    |u_381_reg_883                       |  16|   0|   16|          0|
    |u_383_reg_888                       |  16|   0|   16|          0|
    |u_384_reg_893                       |  16|   0|   16|          0|
    |u_386_reg_898                       |  16|   0|   16|          0|
    |u_387_reg_903                       |  16|   0|   16|          0|
    |u_389_reg_908                       |  16|   0|   16|          0|
    |u_390_reg_913                       |  16|   0|   16|          0|
    |u_392_reg_918                       |  16|   0|   16|          0|
    |u_393_reg_923                       |  16|   0|   16|          0|
    |u_395_reg_928                       |  16|   0|   16|          0|
    |u_396_reg_933                       |  16|   0|   16|          0|
    |u_reg_778                           |  16|   0|   16|          0|
    |gmem_x_addr_reg_766                 |  64|  32|   64|          0|
    |i_5_reg_752                         |  64|  32|   14|          0|
    +------------------------------------+----+----+-----+-----------+
    |Total                               |1340|  64| 1290|          0|
    +------------------------------------+----+----+-----+-----------+



================================================================
== Interface
================================================================
* Summary: 
+-------------------------+-----+-----+------------+----------------------+--------------+
|        RTL Ports        | Dir | Bits|  Protocol  |     Source Object    |    C Type    |
+-------------------------+-----+-----+------------+----------------------+--------------+
|ap_clk                   |   in|    1|  ap_ctrl_hs|  GlobalAdd_Kernel<16>|  return value|
|ap_rst                   |   in|    1|  ap_ctrl_hs|  GlobalAdd_Kernel<16>|  return value|
|ap_start                 |   in|    1|  ap_ctrl_hs|  GlobalAdd_Kernel<16>|  return value|
|ap_done                  |  out|    1|  ap_ctrl_hs|  GlobalAdd_Kernel<16>|  return value|
|ap_idle                  |  out|    1|  ap_ctrl_hs|  GlobalAdd_Kernel<16>|  return value|
|ap_ready                 |  out|    1|  ap_ctrl_hs|  GlobalAdd_Kernel<16>|  return value|
|m_axi_gmem_x_0_AWVALID   |  out|    1|       m_axi|                gmem_x|       pointer|
|m_axi_gmem_x_0_AWREADY   |   in|    1|       m_axi|                gmem_x|       pointer|
|m_axi_gmem_x_0_AWADDR    |  out|   64|       m_axi|                gmem_x|       pointer|
|m_axi_gmem_x_0_AWID      |  out|    1|       m_axi|                gmem_x|       pointer|
|m_axi_gmem_x_0_AWLEN     |  out|   32|       m_axi|                gmem_x|       pointer|
|m_axi_gmem_x_0_AWSIZE    |  out|    3|       m_axi|                gmem_x|       pointer|
|m_axi_gmem_x_0_AWBURST   |  out|    2|       m_axi|                gmem_x|       pointer|
|m_axi_gmem_x_0_AWLOCK    |  out|    2|       m_axi|                gmem_x|       pointer|
|m_axi_gmem_x_0_AWCACHE   |  out|    4|       m_axi|                gmem_x|       pointer|
|m_axi_gmem_x_0_AWPROT    |  out|    3|       m_axi|                gmem_x|       pointer|
|m_axi_gmem_x_0_AWQOS     |  out|    4|       m_axi|                gmem_x|       pointer|
|m_axi_gmem_x_0_AWREGION  |  out|    4|       m_axi|                gmem_x|       pointer|
|m_axi_gmem_x_0_AWUSER    |  out|    1|       m_axi|                gmem_x|       pointer|
|m_axi_gmem_x_0_WVALID    |  out|    1|       m_axi|                gmem_x|       pointer|
|m_axi_gmem_x_0_WREADY    |   in|    1|       m_axi|                gmem_x|       pointer|
|m_axi_gmem_x_0_WDATA     |  out|  256|       m_axi|                gmem_x|       pointer|
|m_axi_gmem_x_0_WSTRB     |  out|   32|       m_axi|                gmem_x|       pointer|
|m_axi_gmem_x_0_WLAST     |  out|    1|       m_axi|                gmem_x|       pointer|
|m_axi_gmem_x_0_WID       |  out|    1|       m_axi|                gmem_x|       pointer|
|m_axi_gmem_x_0_WUSER     |  out|    1|       m_axi|                gmem_x|       pointer|
|m_axi_gmem_x_0_ARVALID   |  out|    1|       m_axi|                gmem_x|       pointer|
|m_axi_gmem_x_0_ARREADY   |   in|    1|       m_axi|                gmem_x|       pointer|
|m_axi_gmem_x_0_ARADDR    |  out|   64|       m_axi|                gmem_x|       pointer|
|m_axi_gmem_x_0_ARID      |  out|    1|       m_axi|                gmem_x|       pointer|
|m_axi_gmem_x_0_ARLEN     |  out|   32|       m_axi|                gmem_x|       pointer|
|m_axi_gmem_x_0_ARSIZE    |  out|    3|       m_axi|                gmem_x|       pointer|
|m_axi_gmem_x_0_ARBURST   |  out|    2|       m_axi|                gmem_x|       pointer|
|m_axi_gmem_x_0_ARLOCK    |  out|    2|       m_axi|                gmem_x|       pointer|
|m_axi_gmem_x_0_ARCACHE   |  out|    4|       m_axi|                gmem_x|       pointer|
|m_axi_gmem_x_0_ARPROT    |  out|    3|       m_axi|                gmem_x|       pointer|
|m_axi_gmem_x_0_ARQOS     |  out|    4|       m_axi|                gmem_x|       pointer|
|m_axi_gmem_x_0_ARREGION  |  out|    4|       m_axi|                gmem_x|       pointer|
|m_axi_gmem_x_0_ARUSER    |  out|    1|       m_axi|                gmem_x|       pointer|
|m_axi_gmem_x_0_RVALID    |   in|    1|       m_axi|                gmem_x|       pointer|
|m_axi_gmem_x_0_RREADY    |  out|    1|       m_axi|                gmem_x|       pointer|
|m_axi_gmem_x_0_RDATA     |   in|  256|       m_axi|                gmem_x|       pointer|
|m_axi_gmem_x_0_RLAST     |   in|    1|       m_axi|                gmem_x|       pointer|
|m_axi_gmem_x_0_RID       |   in|    1|       m_axi|                gmem_x|       pointer|
|m_axi_gmem_x_0_RFIFONUM  |   in|   11|       m_axi|                gmem_x|       pointer|
|m_axi_gmem_x_0_RUSER     |   in|    1|       m_axi|                gmem_x|       pointer|
|m_axi_gmem_x_0_RRESP     |   in|    2|       m_axi|                gmem_x|       pointer|
|m_axi_gmem_x_0_BVALID    |   in|    1|       m_axi|                gmem_x|       pointer|
|m_axi_gmem_x_0_BREADY    |  out|    1|       m_axi|                gmem_x|       pointer|
|m_axi_gmem_x_0_BRESP     |   in|    2|       m_axi|                gmem_x|       pointer|
|m_axi_gmem_x_0_BID       |   in|    1|       m_axi|                gmem_x|       pointer|
|m_axi_gmem_x_0_BUSER     |   in|    1|       m_axi|                gmem_x|       pointer|
|X                        |   in|   64|     ap_none|                     X|        scalar|
|global_buf_address0      |  out|   14|   ap_memory|            global_buf|         array|
|global_buf_ce0           |  out|    1|   ap_memory|            global_buf|         array|
|global_buf_q0            |   in|  256|   ap_memory|            global_buf|         array|
+-------------------------+-----+-----+------------+----------------------+--------------+

