

================================================================
== Vitis HLS Report for 'run_upconv_block_Pipeline_LOAD_ROW_VITIS_LOOP_110_2'
================================================================
* Date:           Fri May 22 08:50:32 2026

* Version:        2024.2 (Build 5238294 on Nov  8 2024)
* Project:        prj
* Solution:       solution1 (Vitis Kernel Flow Target)
* Product family: zynquplus
* Target device:  xczu7ev-ffvc1156-2-e


================================================================
== Performance Estimates
================================================================
+ Timing: 
    * Summary: 
    +--------+---------+----------+------------+
    |  Clock |  Target | Estimated| Uncertainty|
    +--------+---------+----------+------------+
    |ap_clk  |  3.33 ns|  2.692 ns|     0.90 ns|
    +--------+---------+----------+------------+

+ Latency: 
    * Summary: 
    +---------+---------+----------+-----------+-----+------+------------------------------------------------+
    |  Latency (cycles) |  Latency (absolute)  |  Interval  |                    Pipeline                    |
    |   min   |   max   |    min   |    max    | min |  max |                      Type                      |
    +---------+---------+----------+-----------+-----+------+------------------------------------------------+
    |      134|     7686|  0.447 us|  25.617 us|  129|  7681|  loop auto-rewind stp (delay=0 clock cycles(s))|
    +---------+---------+----------+-----------+-----+------+------------------------------------------------+

    + Detail: 
        * Instance: 
        N/A

        * Loop: 
        +-----------------------------+---------+---------+----------+-----------+-----------+------------+----------+
        |                             |  Latency (cycles) | Iteration|  Initiation Interval  |    Trip    |          |
        |          Loop Name          |   min   |   max   |  Latency |  achieved |   target  |    Count   | Pipelined|
        +-----------------------------+---------+---------+----------+-----------+-----------+------------+----------+
        |- LOAD_ROW_VITIS_LOOP_110_2  |      132|     7684|         6|          1|          1|  128 ~ 7680|       yes|
        +-----------------------------+---------+---------+----------+-----------+-----------+------------+----------+



================================================================
== Utilization Estimates
================================================================
* Summary: 
+-----------------+---------+------+--------+--------+-----+
|       Name      | BRAM_18K|  DSP |   FF   |   LUT  | URAM|
+-----------------+---------+------+--------+--------+-----+
|DSP              |        -|     1|       -|       -|    -|
|Expression       |        -|     -|       0|     114|    -|
|FIFO             |        -|     -|       -|       -|    -|
|Instance         |        -|     -|       -|       -|    -|
|Memory           |        -|     -|       -|       -|    -|
|Multiplexer      |        -|     -|       0|      86|    -|
|Register         |        -|     -|     700|      64|    -|
+-----------------+---------+------+--------+--------+-----+
|Total            |        0|     1|     700|     264|    0|
+-----------------+---------+------+--------+--------+-----+
|Available        |      624|  1728|  460800|  230400|   96|
+-----------------+---------+------+--------+--------+-----+
|Utilization (%)  |        0|    ~0|      ~0|      ~0|    0|
+-----------------+---------+------+--------+--------+-----+

+ Detail: 
    * Instance: 
    N/A

    * DSP: 
    +--------------------------------------------+--------------------------------------+---------------------+
    |                  Instance                  |                Module                |      Expression     |
    +--------------------------------------------+--------------------------------------+---------------------+
    |ama_addmuladd_8ns_8ns_6ns_6ns_11_4_1_U2369  |ama_addmuladd_8ns_8ns_6ns_6ns_11_4_1  |  i0 + (i1 + i2) * i3|
    +--------------------------------------------+--------------------------------------+---------------------+

    * Memory: 
    N/A

    * FIFO: 
    N/A

    * Expression: 
    +---------------------------------------+----------+----+---+----+------------+------------+
    |             Variable Name             | Operation| DSP| FF| LUT| Bitwidth P0| Bitwidth P1|
    +---------------------------------------+----------+----+---+----+------------+------------+
    |add_ln108_1_fu_225_p2                  |         +|   0|  0|  20|          13|           1|
    |add_ln108_fu_242_p2                    |         +|   0|  0|  15|           8|           1|
    |add_ln110_fu_269_p2                    |         +|   0|  0|  13|           6|           1|
    |ap_block_pp0_stage0_11001              |       and|   0|  0|   2|           1|           1|
    |ap_predicate_op54_read_state5          |       and|   0|  0|   2|           1|           1|
    |ap_predicate_op55_read_state5          |       and|   0|  0|   2|           1|           1|
    |icmp_ln108_fu_219_p2                   |      icmp|   0|  0|  20|          13|          13|
    |icmp_ln110_fu_248_p2                   |      icmp|   0|  0|  13|           6|           6|
    |icmp_ln92_fu_195_p2                    |      icmp|   0|  0|   9|           2|           1|
    |ap_block_state5_pp0_stage0_iter4_grp1  |        or|   0|  0|   2|           1|           1|
    |select_ln108_1_fu_261_p3               |    select|   0|  0|   8|           1|           8|
    |select_ln108_fu_253_p3                 |    select|   0|  0|   6|           1|           1|
    |ap_enable_pp0                          |       xor|   0|  0|   2|           1|           2|
    +---------------------------------------+----------+----+---+----+------------+------------+
    |Total                                  |          |   0|  0| 114|          55|          38|
    +---------------------------------------+----------+----+---+----+------------+------------+

    * Multiplexer: 
    +---------------------------------------+----+-----------+-----+-----------+
    |                  Name                 | LUT| Input Size| Bits| Total Bits|
    +---------------------------------------+----+-----------+-----+-----------+
    |ap_done_int                            |   9|          2|    1|          2|
    |ap_enable_reg_pp0_iter1                |   9|          2|    1|          2|
    |ap_phi_mux_empty_107_phi_fu_176_p4     |  14|          3|  256|        768|
    |ap_sig_allocacmp_indvar_flatten6_load  |   9|          2|   13|         26|
    |ciw_fu_96                              |   9|          2|    6|         12|
    |gmem_x_blk_n_R                         |   9|          2|    1|          2|
    |gmem_y_blk_n_R                         |   9|          2|    1|          2|
    |indvar_flatten6_fu_104                 |   9|          2|   13|         26|
    |wi_fu_100                              |   9|          2|    8|         16|
    +---------------------------------------+----+-----------+-----+-----------+
    |Total                                  |  86|         19|  300|        856|
    +---------------------------------------+----+-----------+-----+-----------+

    * Register: 
    +----------------------------------+-----+----+-----+-----------+
    |               Name               |  FF | LUT| Bits| Const Bits|
    +----------------------------------+-----+----+-----+-----------+
    |ap_CS_fsm                         |    1|   0|    1|          0|
    |ap_done_reg                       |    1|   0|    1|          0|
    |ap_enable_reg_pp0_iter1           |    1|   0|    1|          0|
    |ap_enable_reg_pp0_iter2           |    1|   0|    1|          0|
    |ap_enable_reg_pp0_iter3           |    1|   0|    1|          0|
    |ap_enable_reg_pp0_iter4           |    1|   0|    1|          0|
    |ap_enable_reg_pp0_iter5           |    1|   0|    1|          0|
    |ap_loop_exit_ready_pp0_iter1_reg  |    1|   0|    1|          0|
    |ap_loop_exit_ready_pp0_iter2_reg  |    1|   0|    1|          0|
    |ap_loop_exit_ready_pp0_iter3_reg  |    1|   0|    1|          0|
    |ap_loop_exit_ready_pp0_iter4_reg  |    1|   0|    1|          0|
    |ciw_fu_96                         |    6|   0|    6|          0|
    |gmem_x_addr_read_reg_386          |  256|   0|  256|          0|
    |gmem_y_addr_read_reg_381          |  256|   0|  256|          0|
    |icmp_ln108_reg_362                |    1|   0|    1|          0|
    |icmp_ln92_reg_358                 |    1|   0|    1|          0|
    |indvar_flatten6_fu_104            |   13|   0|   13|          0|
    |p_cast_reg_343                    |    6|   0|   11|          5|
    |select_ln108_1_reg_371            |    8|   0|    8|          0|
    |select_ln108_reg_366              |    6|   0|    6|          0|
    |wi_fu_100                         |    8|   0|    8|          0|
    |icmp_ln108_reg_362                |   64|  32|    1|          0|
    |select_ln108_reg_366              |   64|  32|    6|          0|
    +----------------------------------+-----+----+-----+-----------+
    |Total                             |  700|  64|  584|          5|
    +----------------------------------+-----+----+-----+-----------+



================================================================
== Interface
================================================================
* Summary: 
+-------------------------+-----+-----+------------+-----------------------------------------------------+--------------+
|        RTL Ports        | Dir | Bits|  Protocol  |                    Source Object                    |    C Type    |
+-------------------------+-----+-----+------------+-----------------------------------------------------+--------------+
|ap_clk                   |   in|    1|  ap_ctrl_hs|  run_upconv_block_Pipeline_LOAD_ROW_VITIS_LOOP_110_2|  return value|
|ap_rst                   |   in|    1|  ap_ctrl_hs|  run_upconv_block_Pipeline_LOAD_ROW_VITIS_LOOP_110_2|  return value|
|ap_start                 |   in|    1|  ap_ctrl_hs|  run_upconv_block_Pipeline_LOAD_ROW_VITIS_LOOP_110_2|  return value|
|ap_done                  |  out|    1|  ap_ctrl_hs|  run_upconv_block_Pipeline_LOAD_ROW_VITIS_LOOP_110_2|  return value|
|ap_idle                  |  out|    1|  ap_ctrl_hs|  run_upconv_block_Pipeline_LOAD_ROW_VITIS_LOOP_110_2|  return value|
|ap_ready                 |  out|    1|  ap_ctrl_hs|  run_upconv_block_Pipeline_LOAD_ROW_VITIS_LOOP_110_2|  return value|
|m_axi_gmem_y_0_AWVALID   |  out|    1|       m_axi|                                               gmem_y|       pointer|
|m_axi_gmem_y_0_AWREADY   |   in|    1|       m_axi|                                               gmem_y|       pointer|
|m_axi_gmem_y_0_AWADDR    |  out|   64|       m_axi|                                               gmem_y|       pointer|
|m_axi_gmem_y_0_AWID      |  out|    1|       m_axi|                                               gmem_y|       pointer|
|m_axi_gmem_y_0_AWLEN     |  out|   32|       m_axi|                                               gmem_y|       pointer|
|m_axi_gmem_y_0_AWSIZE    |  out|    3|       m_axi|                                               gmem_y|       pointer|
|m_axi_gmem_y_0_AWBURST   |  out|    2|       m_axi|                                               gmem_y|       pointer|
|m_axi_gmem_y_0_AWLOCK    |  out|    2|       m_axi|                                               gmem_y|       pointer|
|m_axi_gmem_y_0_AWCACHE   |  out|    4|       m_axi|                                               gmem_y|       pointer|
|m_axi_gmem_y_0_AWPROT    |  out|    3|       m_axi|                                               gmem_y|       pointer|
|m_axi_gmem_y_0_AWQOS     |  out|    4|       m_axi|                                               gmem_y|       pointer|
|m_axi_gmem_y_0_AWREGION  |  out|    4|       m_axi|                                               gmem_y|       pointer|
|m_axi_gmem_y_0_AWUSER    |  out|    1|       m_axi|                                               gmem_y|       pointer|
|m_axi_gmem_y_0_WVALID    |  out|    1|       m_axi|                                               gmem_y|       pointer|
|m_axi_gmem_y_0_WREADY    |   in|    1|       m_axi|                                               gmem_y|       pointer|
|m_axi_gmem_y_0_WDATA     |  out|  256|       m_axi|                                               gmem_y|       pointer|
|m_axi_gmem_y_0_WSTRB     |  out|   32|       m_axi|                                               gmem_y|       pointer|
|m_axi_gmem_y_0_WLAST     |  out|    1|       m_axi|                                               gmem_y|       pointer|
|m_axi_gmem_y_0_WID       |  out|    1|       m_axi|                                               gmem_y|       pointer|
|m_axi_gmem_y_0_WUSER     |  out|    1|       m_axi|                                               gmem_y|       pointer|
|m_axi_gmem_y_0_ARVALID   |  out|    1|       m_axi|                                               gmem_y|       pointer|
|m_axi_gmem_y_0_ARREADY   |   in|    1|       m_axi|                                               gmem_y|       pointer|
|m_axi_gmem_y_0_ARADDR    |  out|   64|       m_axi|                                               gmem_y|       pointer|
|m_axi_gmem_y_0_ARID      |  out|    1|       m_axi|                                               gmem_y|       pointer|
|m_axi_gmem_y_0_ARLEN     |  out|   32|       m_axi|                                               gmem_y|       pointer|
|m_axi_gmem_y_0_ARSIZE    |  out|    3|       m_axi|                                               gmem_y|       pointer|
|m_axi_gmem_y_0_ARBURST   |  out|    2|       m_axi|                                               gmem_y|       pointer|
|m_axi_gmem_y_0_ARLOCK    |  out|    2|       m_axi|                                               gmem_y|       pointer|
|m_axi_gmem_y_0_ARCACHE   |  out|    4|       m_axi|                                               gmem_y|       pointer|
|m_axi_gmem_y_0_ARPROT    |  out|    3|       m_axi|                                               gmem_y|       pointer|
|m_axi_gmem_y_0_ARQOS     |  out|    4|       m_axi|                                               gmem_y|       pointer|
|m_axi_gmem_y_0_ARREGION  |  out|    4|       m_axi|                                               gmem_y|       pointer|
|m_axi_gmem_y_0_ARUSER    |  out|    1|       m_axi|                                               gmem_y|       pointer|
|m_axi_gmem_y_0_RVALID    |   in|    1|       m_axi|                                               gmem_y|       pointer|
|m_axi_gmem_y_0_RREADY    |  out|    1|       m_axi|                                               gmem_y|       pointer|
|m_axi_gmem_y_0_RDATA     |   in|  256|       m_axi|                                               gmem_y|       pointer|
|m_axi_gmem_y_0_RLAST     |   in|    1|       m_axi|                                               gmem_y|       pointer|
|m_axi_gmem_y_0_RID       |   in|    1|       m_axi|                                               gmem_y|       pointer|
|m_axi_gmem_y_0_RFIFONUM  |   in|   11|       m_axi|                                               gmem_y|       pointer|
|m_axi_gmem_y_0_RUSER     |   in|    1|       m_axi|                                               gmem_y|       pointer|
|m_axi_gmem_y_0_RRESP     |   in|    2|       m_axi|                                               gmem_y|       pointer|
|m_axi_gmem_y_0_BVALID    |   in|    1|       m_axi|                                               gmem_y|       pointer|
|m_axi_gmem_y_0_BREADY    |  out|    1|       m_axi|                                               gmem_y|       pointer|
|m_axi_gmem_y_0_BRESP     |   in|    2|       m_axi|                                               gmem_y|       pointer|
|m_axi_gmem_y_0_BID       |   in|    1|       m_axi|                                               gmem_y|       pointer|
|m_axi_gmem_y_0_BUSER     |   in|    1|       m_axi|                                               gmem_y|       pointer|
|m_axi_gmem_x_0_AWVALID   |  out|    1|       m_axi|                                               gmem_x|       pointer|
|m_axi_gmem_x_0_AWREADY   |   in|    1|       m_axi|                                               gmem_x|       pointer|
|m_axi_gmem_x_0_AWADDR    |  out|   64|       m_axi|                                               gmem_x|       pointer|
|m_axi_gmem_x_0_AWID      |  out|    1|       m_axi|                                               gmem_x|       pointer|
|m_axi_gmem_x_0_AWLEN     |  out|   32|       m_axi|                                               gmem_x|       pointer|
|m_axi_gmem_x_0_AWSIZE    |  out|    3|       m_axi|                                               gmem_x|       pointer|
|m_axi_gmem_x_0_AWBURST   |  out|    2|       m_axi|                                               gmem_x|       pointer|
|m_axi_gmem_x_0_AWLOCK    |  out|    2|       m_axi|                                               gmem_x|       pointer|
|m_axi_gmem_x_0_AWCACHE   |  out|    4|       m_axi|                                               gmem_x|       pointer|
|m_axi_gmem_x_0_AWPROT    |  out|    3|       m_axi|                                               gmem_x|       pointer|
|m_axi_gmem_x_0_AWQOS     |  out|    4|       m_axi|                                               gmem_x|       pointer|
|m_axi_gmem_x_0_AWREGION  |  out|    4|       m_axi|                                               gmem_x|       pointer|
|m_axi_gmem_x_0_AWUSER    |  out|    1|       m_axi|                                               gmem_x|       pointer|
|m_axi_gmem_x_0_WVALID    |  out|    1|       m_axi|                                               gmem_x|       pointer|
|m_axi_gmem_x_0_WREADY    |   in|    1|       m_axi|                                               gmem_x|       pointer|
|m_axi_gmem_x_0_WDATA     |  out|  256|       m_axi|                                               gmem_x|       pointer|
|m_axi_gmem_x_0_WSTRB     |  out|   32|       m_axi|                                               gmem_x|       pointer|
|m_axi_gmem_x_0_WLAST     |  out|    1|       m_axi|                                               gmem_x|       pointer|
|m_axi_gmem_x_0_WID       |  out|    1|       m_axi|                                               gmem_x|       pointer|
|m_axi_gmem_x_0_WUSER     |  out|    1|       m_axi|                                               gmem_x|       pointer|
|m_axi_gmem_x_0_ARVALID   |  out|    1|       m_axi|                                               gmem_x|       pointer|
|m_axi_gmem_x_0_ARREADY   |   in|    1|       m_axi|                                               gmem_x|       pointer|
|m_axi_gmem_x_0_ARADDR    |  out|   64|       m_axi|                                               gmem_x|       pointer|
|m_axi_gmem_x_0_ARID      |  out|    1|       m_axi|                                               gmem_x|       pointer|
|m_axi_gmem_x_0_ARLEN     |  out|   32|       m_axi|                                               gmem_x|       pointer|
|m_axi_gmem_x_0_ARSIZE    |  out|    3|       m_axi|                                               gmem_x|       pointer|
|m_axi_gmem_x_0_ARBURST   |  out|    2|       m_axi|                                               gmem_x|       pointer|
|m_axi_gmem_x_0_ARLOCK    |  out|    2|       m_axi|                                               gmem_x|       pointer|
|m_axi_gmem_x_0_ARCACHE   |  out|    4|       m_axi|                                               gmem_x|       pointer|
|m_axi_gmem_x_0_ARPROT    |  out|    3|       m_axi|                                               gmem_x|       pointer|
|m_axi_gmem_x_0_ARQOS     |  out|    4|       m_axi|                                               gmem_x|       pointer|
|m_axi_gmem_x_0_ARREGION  |  out|    4|       m_axi|                                               gmem_x|       pointer|
|m_axi_gmem_x_0_ARUSER    |  out|    1|       m_axi|                                               gmem_x|       pointer|
|m_axi_gmem_x_0_RVALID    |   in|    1|       m_axi|                                               gmem_x|       pointer|
|m_axi_gmem_x_0_RREADY    |  out|    1|       m_axi|                                               gmem_x|       pointer|
|m_axi_gmem_x_0_RDATA     |   in|  256|       m_axi|                                               gmem_x|       pointer|
|m_axi_gmem_x_0_RLAST     |   in|    1|       m_axi|                                               gmem_x|       pointer|
|m_axi_gmem_x_0_RID       |   in|    1|       m_axi|                                               gmem_x|       pointer|
|m_axi_gmem_x_0_RFIFONUM  |   in|   11|       m_axi|                                               gmem_x|       pointer|
|m_axi_gmem_x_0_RUSER     |   in|    1|       m_axi|                                               gmem_x|       pointer|
|m_axi_gmem_x_0_RRESP     |   in|    2|       m_axi|                                               gmem_x|       pointer|
|m_axi_gmem_x_0_BVALID    |   in|    1|       m_axi|                                               gmem_x|       pointer|
|m_axi_gmem_x_0_BREADY    |  out|    1|       m_axi|                                               gmem_x|       pointer|
|m_axi_gmem_x_0_BRESP     |   in|    2|       m_axi|                                               gmem_x|       pointer|
|m_axi_gmem_x_0_BID       |   in|    1|       m_axi|                                               gmem_x|       pointer|
|m_axi_gmem_x_0_BUSER     |   in|    1|       m_axi|                                               gmem_x|       pointer|
|mul_ln95                 |   in|   13|     ap_none|                                             mul_ln95|        scalar|
|sext_ln108               |   in|   59|     ap_none|                                           sext_ln108|        scalar|
|sext_ln108_1             |   in|   59|     ap_none|                                         sext_ln108_1|        scalar|
|ci_words                 |   in|    6|     ap_none|                                             ci_words|        scalar|
|mul57                    |   in|    8|     ap_none|                                                mul57|        scalar|
|empty                    |   in|    6|     ap_none|                                                empty|        scalar|
|mode                     |   in|    2|     ap_none|                                                 mode|        scalar|
|x_buf_address0           |  out|   11|   ap_memory|                                                x_buf|         array|
|x_buf_ce0                |  out|    1|   ap_memory|                                                x_buf|         array|
|x_buf_we0                |  out|    1|   ap_memory|                                                x_buf|         array|
|x_buf_d0                 |  out|  256|   ap_memory|                                                x_buf|         array|
+-------------------------+-----+-----+------------+-----------------------------------------------------+--------------+

