

================================================================
== Vitis HLS Report for 'run_upconv_block_Pipeline_LOAD_ROW0_VITIS_LOOP_97_1'
================================================================
* Date:           Mon May 18 07:09:37 2026

* Version:        2024.2 (Build 5238294 on Nov  8 2024)
* Project:        prj
* Solution:       solution1 (Vitis Kernel Flow Target)
* Product family: zynquplus
* Target device:  xczu7ev-ffvc1156-2-e


================================================================
== Performance Estimates
================================================================
+ Timing: 
    * Summary: 
    +--------+---------+----------+------------+
    |  Clock |  Target | Estimated| Uncertainty|
    +--------+---------+----------+------------+
    |ap_clk  |  3.33 ns|  2.433 ns|     0.90 ns|
    +--------+---------+----------+------------+

+ Latency: 
    * Summary: 
    +---------+---------+----------+-----------+-----+------+------------------------------------------------+
    |  Latency (cycles) |  Latency (absolute)  |  Interval  |                    Pipeline                    |
    |   min   |   max   |    min   |    max    | min |  max |                      Type                      |
    +---------+---------+----------+-----------+-----+------+------------------------------------------------+
    |      133|     7685|  0.443 us|  25.614 us|  129|  7681|  loop auto-rewind stp (delay=0 clock cycles(s))|
    +---------+---------+----------+-----------+-----+------+------------------------------------------------+

    + Detail: 
        * Instance: 
        N/A

        * Loop: 
        +-----------------------------+---------+---------+----------+-----------+-----------+------------+----------+
        |                             |  Latency (cycles) | Iteration|  Initiation Interval  |    Trip    |          |
        |          Loop Name          |   min   |   max   |  Latency |  achieved |   target  |    Count   | Pipelined|
        +-----------------------------+---------+---------+----------+-----------+-----------+------------+----------+
        |- LOAD_ROW0_VITIS_LOOP_97_1  |      131|     7683|         5|          1|          1|  128 ~ 7680|       yes|
        +-----------------------------+---------+---------+----------+-----------+-----------+------------+----------+



================================================================
== Utilization Estimates
================================================================
* Summary: 
+-----------------+---------+------+--------+--------+-----+
|       Name      | BRAM_18K|  DSP |   FF   |   LUT  | URAM|
+-----------------+---------+------+--------+--------+-----+
|DSP              |        -|     1|       -|       -|    -|
|Expression       |        -|     -|       0|     114|    -|
|FIFO             |        -|     -|       -|       -|    -|
|Instance         |        -|     -|       -|       -|    -|
|Memory           |        -|     -|       -|       -|    -|
|Multiplexer      |        -|     -|       0|      86|    -|
|Register         |        -|     -|     632|      32|    -|
+-----------------+---------+------+--------+--------+-----+
|Total            |        0|     1|     632|     232|    0|
+-----------------+---------+------+--------+--------+-----+
|Available        |      624|  1728|  460800|  230400|   96|
+-----------------+---------+------+--------+--------+-----+
|Utilization (%)  |        0|    ~0|      ~0|      ~0|    0|
+-----------------+---------+------+--------+--------+-----+

+ Detail: 
    * Instance: 
    N/A

    * DSP: 
    +-------------------------------------+-------------------------------+--------------+
    |               Instance              |             Module            |  Expression  |
    +-------------------------------------+-------------------------------+--------------+
    |mac_muladd_8ns_6ns_6ns_13_4_1_U1676  |mac_muladd_8ns_6ns_6ns_13_4_1  |  i0 + i1 * i2|
    +-------------------------------------+-------------------------------+--------------+

    * Memory: 
    N/A

    * FIFO: 
    N/A

    * Expression: 
    +---------------------------------------+----------+----+---+----+------------+------------+
    |             Variable Name             | Operation| DSP| FF| LUT| Bitwidth P0| Bitwidth P1|
    +---------------------------------------+----------+----+---+----+------------+------------+
    |add_ln95_1_fu_232_p2                   |         +|   0|  0|  15|           8|           1|
    |add_ln95_fu_215_p2                     |         +|   0|  0|  20|          13|           1|
    |add_ln97_fu_263_p2                     |         +|   0|  0|  13|           6|           1|
    |ap_block_pp0_stage0_11001              |       and|   0|  0|   2|           1|           1|
    |ap_predicate_op51_read_state4          |       and|   0|  0|   2|           1|           1|
    |ap_predicate_op52_read_state4          |       and|   0|  0|   2|           1|           1|
    |icmp_ln92_fu_185_p2                    |      icmp|   0|  0|   9|           2|           1|
    |icmp_ln95_fu_209_p2                    |      icmp|   0|  0|  20|          13|          13|
    |icmp_ln97_fu_238_p2                    |      icmp|   0|  0|  13|           6|           6|
    |ap_block_state4_pp0_stage0_iter3_grp1  |        or|   0|  0|   2|           1|           1|
    |select_ln95_1_fu_251_p3                |    select|   0|  0|   8|           1|           8|
    |select_ln95_fu_243_p3                  |    select|   0|  0|   6|           1|           1|
    |ap_enable_pp0                          |       xor|   0|  0|   2|           1|           2|
    +---------------------------------------+----------+----+---+----+------------+------------+
    |Total                                  |          |   0|  0| 114|          55|          38|
    +---------------------------------------+----------+----+---+----+------------+------------+

    * Multiplexer: 
    +--------------------------------------+----+-----------+-----+-----------+
    |                 Name                 | LUT| Input Size| Bits| Total Bits|
    +--------------------------------------+----+-----------+-----+-----------+
    |ap_done_int                           |   9|          2|    1|          2|
    |ap_enable_reg_pp0_iter1               |   9|          2|    1|          2|
    |ap_phi_mux_empty_109_phi_fu_166_p4    |  14|          3|  256|        768|
    |ap_sig_allocacmp_indvar_flatten_load  |   9|          2|   13|         26|
    |ciw_fu_92                             |   9|          2|    6|         12|
    |gmem_x_blk_n_R                        |   9|          2|    1|          2|
    |gmem_y_blk_n_R                        |   9|          2|    1|          2|
    |indvar_flatten_fu_100                 |   9|          2|   13|         26|
    |wi_fu_96                              |   9|          2|    8|         16|
    +--------------------------------------+----+-----------+-----+-----------+
    |Total                                 |  86|         19|  300|        856|
    +--------------------------------------+----+-----------+-----+-----------+

    * Register: 
    +-----------------------------------+-----+----+-----+-----------+
    |                Name               |  FF | LUT| Bits| Const Bits|
    +-----------------------------------+-----+----+-----+-----------+
    |ap_CS_fsm                          |    1|   0|    1|          0|
    |ap_done_reg                        |    1|   0|    1|          0|
    |ap_enable_reg_pp0_iter1            |    1|   0|    1|          0|
    |ap_enable_reg_pp0_iter2            |    1|   0|    1|          0|
    |ap_enable_reg_pp0_iter3            |    1|   0|    1|          0|
    |ap_enable_reg_pp0_iter4            |    1|   0|    1|          0|
    |ap_loop_exit_ready_pp0_iter1_reg   |    1|   0|    1|          0|
    |ap_loop_exit_ready_pp0_iter2_reg   |    1|   0|    1|          0|
    |ap_loop_exit_ready_pp0_iter3_reg   |    1|   0|    1|          0|
    |ciw_fu_92                          |    6|   0|    6|          0|
    |gmem_x_addr_read_reg_375           |  256|   0|  256|          0|
    |gmem_y_addr_read_reg_370           |  256|   0|  256|          0|
    |icmp_ln92_reg_347                  |    1|   0|    1|          0|
    |icmp_ln95_reg_351                  |    1|   0|    1|          0|
    |indvar_flatten_fu_100              |   13|   0|   13|          0|
    |p_cast_reg_332                     |    6|   0|   13|          7|
    |select_ln95_reg_355                |    6|   0|    6|          0|
    |select_ln95_reg_355_pp0_iter2_reg  |    6|   0|    6|          0|
    |wi_fu_96                           |    8|   0|    8|          0|
    |icmp_ln95_reg_351                  |   64|  32|    1|          0|
    +-----------------------------------+-----+----+-----+-----------+
    |Total                              |  632|  32|  576|          7|
    +-----------------------------------+-----+----+-----+-----------+



================================================================
== Interface
================================================================
* Summary: 
+-------------------------+-----+-----+------------+-----------------------------------------------------+--------------+
|        RTL Ports        | Dir | Bits|  Protocol  |                    Source Object                    |    C Type    |
+-------------------------+-----+-----+------------+-----------------------------------------------------+--------------+
|ap_clk                   |   in|    1|  ap_ctrl_hs|  run_upconv_block_Pipeline_LOAD_ROW0_VITIS_LOOP_97_1|  return value|
|ap_rst                   |   in|    1|  ap_ctrl_hs|  run_upconv_block_Pipeline_LOAD_ROW0_VITIS_LOOP_97_1|  return value|
|ap_start                 |   in|    1|  ap_ctrl_hs|  run_upconv_block_Pipeline_LOAD_ROW0_VITIS_LOOP_97_1|  return value|
|ap_done                  |  out|    1|  ap_ctrl_hs|  run_upconv_block_Pipeline_LOAD_ROW0_VITIS_LOOP_97_1|  return value|
|ap_idle                  |  out|    1|  ap_ctrl_hs|  run_upconv_block_Pipeline_LOAD_ROW0_VITIS_LOOP_97_1|  return value|
|ap_ready                 |  out|    1|  ap_ctrl_hs|  run_upconv_block_Pipeline_LOAD_ROW0_VITIS_LOOP_97_1|  return value|
|m_axi_gmem_y_0_AWVALID   |  out|    1|       m_axi|                                               gmem_y|       pointer|
|m_axi_gmem_y_0_AWREADY   |   in|    1|       m_axi|                                               gmem_y|       pointer|
|m_axi_gmem_y_0_AWADDR    |  out|   64|       m_axi|                                               gmem_y|       pointer|
|m_axi_gmem_y_0_AWID      |  out|    1|       m_axi|                                               gmem_y|       pointer|
|m_axi_gmem_y_0_AWLEN     |  out|   32|       m_axi|                                               gmem_y|       pointer|
|m_axi_gmem_y_0_AWSIZE    |  out|    3|       m_axi|                                               gmem_y|       pointer|
|m_axi_gmem_y_0_AWBURST   |  out|    2|       m_axi|                                               gmem_y|       pointer|
|m_axi_gmem_y_0_AWLOCK    |  out|    2|       m_axi|                                               gmem_y|       pointer|
|m_axi_gmem_y_0_AWCACHE   |  out|    4|       m_axi|                                               gmem_y|       pointer|
|m_axi_gmem_y_0_AWPROT    |  out|    3|       m_axi|                                               gmem_y|       pointer|
|m_axi_gmem_y_0_AWQOS     |  out|    4|       m_axi|                                               gmem_y|       pointer|
|m_axi_gmem_y_0_AWREGION  |  out|    4|       m_axi|                                               gmem_y|       pointer|
|m_axi_gmem_y_0_AWUSER    |  out|    1|       m_axi|                                               gmem_y|       pointer|
|m_axi_gmem_y_0_WVALID    |  out|    1|       m_axi|                                               gmem_y|       pointer|
|m_axi_gmem_y_0_WREADY    |   in|    1|       m_axi|                                               gmem_y|       pointer|
|m_axi_gmem_y_0_WDATA     |  out|  256|       m_axi|                                               gmem_y|       pointer|
|m_axi_gmem_y_0_WSTRB     |  out|   32|       m_axi|                                               gmem_y|       pointer|
|m_axi_gmem_y_0_WLAST     |  out|    1|       m_axi|                                               gmem_y|       pointer|
|m_axi_gmem_y_0_WID       |  out|    1|       m_axi|                                               gmem_y|       pointer|
|m_axi_gmem_y_0_WUSER     |  out|    1|       m_axi|                                               gmem_y|       pointer|
|m_axi_gmem_y_0_ARVALID   |  out|    1|       m_axi|                                               gmem_y|       pointer|
|m_axi_gmem_y_0_ARREADY   |   in|    1|       m_axi|                                               gmem_y|       pointer|
|m_axi_gmem_y_0_ARADDR    |  out|   64|       m_axi|                                               gmem_y|       pointer|
|m_axi_gmem_y_0_ARID      |  out|    1|       m_axi|                                               gmem_y|       pointer|
|m_axi_gmem_y_0_ARLEN     |  out|   32|       m_axi|                                               gmem_y|       pointer|
|m_axi_gmem_y_0_ARSIZE    |  out|    3|       m_axi|                                               gmem_y|       pointer|
|m_axi_gmem_y_0_ARBURST   |  out|    2|       m_axi|                                               gmem_y|       pointer|
|m_axi_gmem_y_0_ARLOCK    |  out|    2|       m_axi|                                               gmem_y|       pointer|
|m_axi_gmem_y_0_ARCACHE   |  out|    4|       m_axi|                                               gmem_y|       pointer|
|m_axi_gmem_y_0_ARPROT    |  out|    3|       m_axi|                                               gmem_y|       pointer|
|m_axi_gmem_y_0_ARQOS     |  out|    4|       m_axi|                                               gmem_y|       pointer|
|m_axi_gmem_y_0_ARREGION  |  out|    4|       m_axi|                                               gmem_y|       pointer|
|m_axi_gmem_y_0_ARUSER    |  out|    1|       m_axi|                                               gmem_y|       pointer|
|m_axi_gmem_y_0_RVALID    |   in|    1|       m_axi|                                               gmem_y|       pointer|
|m_axi_gmem_y_0_RREADY    |  out|    1|       m_axi|                                               gmem_y|       pointer|
|m_axi_gmem_y_0_RDATA     |   in|  256|       m_axi|                                               gmem_y|       pointer|
|m_axi_gmem_y_0_RLAST     |   in|    1|       m_axi|                                               gmem_y|       pointer|
|m_axi_gmem_y_0_RID       |   in|    1|       m_axi|                                               gmem_y|       pointer|
|m_axi_gmem_y_0_RFIFONUM  |   in|   11|       m_axi|                                               gmem_y|       pointer|
|m_axi_gmem_y_0_RUSER     |   in|    1|       m_axi|                                               gmem_y|       pointer|
|m_axi_gmem_y_0_RRESP     |   in|    2|       m_axi|                                               gmem_y|       pointer|
|m_axi_gmem_y_0_BVALID    |   in|    1|       m_axi|                                               gmem_y|       pointer|
|m_axi_gmem_y_0_BREADY    |  out|    1|       m_axi|                                               gmem_y|       pointer|
|m_axi_gmem_y_0_BRESP     |   in|    2|       m_axi|                                               gmem_y|       pointer|
|m_axi_gmem_y_0_BID       |   in|    1|       m_axi|                                               gmem_y|       pointer|
|m_axi_gmem_y_0_BUSER     |   in|    1|       m_axi|                                               gmem_y|       pointer|
|m_axi_gmem_x_0_AWVALID   |  out|    1|       m_axi|                                               gmem_x|       pointer|
|m_axi_gmem_x_0_AWREADY   |   in|    1|       m_axi|                                               gmem_x|       pointer|
|m_axi_gmem_x_0_AWADDR    |  out|   64|       m_axi|                                               gmem_x|       pointer|
|m_axi_gmem_x_0_AWID      |  out|    1|       m_axi|                                               gmem_x|       pointer|
|m_axi_gmem_x_0_AWLEN     |  out|   32|       m_axi|                                               gmem_x|       pointer|
|m_axi_gmem_x_0_AWSIZE    |  out|    3|       m_axi|                                               gmem_x|       pointer|
|m_axi_gmem_x_0_AWBURST   |  out|    2|       m_axi|                                               gmem_x|       pointer|
|m_axi_gmem_x_0_AWLOCK    |  out|    2|       m_axi|                                               gmem_x|       pointer|
|m_axi_gmem_x_0_AWCACHE   |  out|    4|       m_axi|                                               gmem_x|       pointer|
|m_axi_gmem_x_0_AWPROT    |  out|    3|       m_axi|                                               gmem_x|       pointer|
|m_axi_gmem_x_0_AWQOS     |  out|    4|       m_axi|                                               gmem_x|       pointer|
|m_axi_gmem_x_0_AWREGION  |  out|    4|       m_axi|                                               gmem_x|       pointer|
|m_axi_gmem_x_0_AWUSER    |  out|    1|       m_axi|                                               gmem_x|       pointer|
|m_axi_gmem_x_0_WVALID    |  out|    1|       m_axi|                                               gmem_x|       pointer|
|m_axi_gmem_x_0_WREADY    |   in|    1|       m_axi|                                               gmem_x|       pointer|
|m_axi_gmem_x_0_WDATA     |  out|  256|       m_axi|                                               gmem_x|       pointer|
|m_axi_gmem_x_0_WSTRB     |  out|   32|       m_axi|                                               gmem_x|       pointer|
|m_axi_gmem_x_0_WLAST     |  out|    1|       m_axi|                                               gmem_x|       pointer|
|m_axi_gmem_x_0_WID       |  out|    1|       m_axi|                                               gmem_x|       pointer|
|m_axi_gmem_x_0_WUSER     |  out|    1|       m_axi|                                               gmem_x|       pointer|
|m_axi_gmem_x_0_ARVALID   |  out|    1|       m_axi|                                               gmem_x|       pointer|
|m_axi_gmem_x_0_ARREADY   |   in|    1|       m_axi|                                               gmem_x|       pointer|
|m_axi_gmem_x_0_ARADDR    |  out|   64|       m_axi|                                               gmem_x|       pointer|
|m_axi_gmem_x_0_ARID      |  out|    1|       m_axi|                                               gmem_x|       pointer|
|m_axi_gmem_x_0_ARLEN     |  out|   32|       m_axi|                                               gmem_x|       pointer|
|m_axi_gmem_x_0_ARSIZE    |  out|    3|       m_axi|                                               gmem_x|       pointer|
|m_axi_gmem_x_0_ARBURST   |  out|    2|       m_axi|                                               gmem_x|       pointer|
|m_axi_gmem_x_0_ARLOCK    |  out|    2|       m_axi|                                               gmem_x|       pointer|
|m_axi_gmem_x_0_ARCACHE   |  out|    4|       m_axi|                                               gmem_x|       pointer|
|m_axi_gmem_x_0_ARPROT    |  out|    3|       m_axi|                                               gmem_x|       pointer|
|m_axi_gmem_x_0_ARQOS     |  out|    4|       m_axi|                                               gmem_x|       pointer|
|m_axi_gmem_x_0_ARREGION  |  out|    4|       m_axi|                                               gmem_x|       pointer|
|m_axi_gmem_x_0_ARUSER    |  out|    1|       m_axi|                                               gmem_x|       pointer|
|m_axi_gmem_x_0_RVALID    |   in|    1|       m_axi|                                               gmem_x|       pointer|
|m_axi_gmem_x_0_RREADY    |  out|    1|       m_axi|                                               gmem_x|       pointer|
|m_axi_gmem_x_0_RDATA     |   in|  256|       m_axi|                                               gmem_x|       pointer|
|m_axi_gmem_x_0_RLAST     |   in|    1|       m_axi|                                               gmem_x|       pointer|
|m_axi_gmem_x_0_RID       |   in|    1|       m_axi|                                               gmem_x|       pointer|
|m_axi_gmem_x_0_RFIFONUM  |   in|   11|       m_axi|                                               gmem_x|       pointer|
|m_axi_gmem_x_0_RUSER     |   in|    1|       m_axi|                                               gmem_x|       pointer|
|m_axi_gmem_x_0_RRESP     |   in|    2|       m_axi|                                               gmem_x|       pointer|
|m_axi_gmem_x_0_BVALID    |   in|    1|       m_axi|                                               gmem_x|       pointer|
|m_axi_gmem_x_0_BREADY    |  out|    1|       m_axi|                                               gmem_x|       pointer|
|m_axi_gmem_x_0_BRESP     |   in|    2|       m_axi|                                               gmem_x|       pointer|
|m_axi_gmem_x_0_BID       |   in|    1|       m_axi|                                               gmem_x|       pointer|
|m_axi_gmem_x_0_BUSER     |   in|    1|       m_axi|                                               gmem_x|       pointer|
|mul_ln95                 |   in|   13|     ap_none|                                             mul_ln95|        scalar|
|sext_ln95                |   in|   59|     ap_none|                                            sext_ln95|        scalar|
|sext_ln95_1              |   in|   59|     ap_none|                                          sext_ln95_1|        scalar|
|ci_words                 |   in|    6|     ap_none|                                             ci_words|        scalar|
|empty                    |   in|    6|     ap_none|                                                empty|        scalar|
|mode                     |   in|    2|     ap_none|                                                 mode|        scalar|
|x_buf_address0           |  out|   14|   ap_memory|                                                x_buf|         array|
|x_buf_ce0                |  out|    1|   ap_memory|                                                x_buf|         array|
|x_buf_we0                |  out|    1|   ap_memory|                                                x_buf|         array|
|x_buf_d0                 |  out|  256|   ap_memory|                                                x_buf|         array|
+-------------------------+-----+-----+------------+-----------------------------------------------------+--------------+

