

================================================================
== Vitis HLS Report for 'Universal_Engine_Kernel_16_half_Pipeline_CBI_NORM'
================================================================
* Date:           Mon May 18 07:09:30 2026

* Version:        2024.2 (Build 5238294 on Nov  8 2024)
* Project:        prj
* Solution:       solution1 (Vitis Kernel Flow Target)
* Product family: zynquplus
* Target device:  xczu7ev-ffvc1156-2-e


================================================================
== Performance Estimates
================================================================
+ Timing: 
    * Summary: 
    +--------+---------+----------+------------+
    |  Clock |  Target | Estimated| Uncertainty|
    +--------+---------+----------+------------+
    |ap_clk  |  3.33 ns|  2.333 ns|     0.90 ns|
    +--------+---------+----------+------------+

+ Latency: 
    * Summary: 
    +---------+---------+----------+----------+-----+-----+------------------------------------------------+
    |  Latency (cycles) |  Latency (absolute) |  Interval |                    Pipeline                    |
    |   min   |   max   |    min   |    max   | min | max |                      Type                      |
    +---------+---------+----------+----------+-----+-----+------------------------------------------------+
    |       36|       36|  0.120 us|  0.120 us|   15|   15|  loop auto-rewind stp (delay=0 clock cycles(s))|
    +---------+---------+----------+----------+-----+-----+------------------------------------------------+

    + Detail: 
        * Instance: 
        N/A

        * Loop: 
        +------------+---------+---------+----------+-----------+-----------+------+----------+
        |            |  Latency (cycles) | Iteration|  Initiation Interval  | Trip |          |
        |  Loop Name |   min   |   max   |  Latency |  achieved |   target  | Count| Pipelined|
        +------------+---------+---------+----------+-----------+-----------+------+----------+
        |- CBI_NORM  |       34|       34|        22|          1|          1|    14|       yes|
        +------------+---------+---------+----------+-----------+-----------+------+----------+



================================================================
== Utilization Estimates
================================================================
* Summary: 
+-----------------+---------+------+--------+--------+-----+
|       Name      | BRAM_18K|  DSP |   FF   |   LUT  | URAM|
+-----------------+---------+------+--------+--------+-----+
|DSP              |        -|     -|       -|       -|    -|
|Expression       |        -|     -|       0|     847|    -|
|FIFO             |        -|     -|       -|       -|    -|
|Instance         |        -|     -|       -|       -|    -|
|Memory           |        -|     -|       -|       -|    -|
|Multiplexer      |        -|     -|       0|      36|    -|
|Register         |        -|     -|    2296|      96|    -|
+-----------------+---------+------+--------+--------+-----+
|Total            |        0|     0|    2296|     979|    0|
+-----------------+---------+------+--------+--------+-----+
|Available        |      624|  1728|  460800|  230400|   96|
+-----------------+---------+------+--------+--------+-----+
|Utilization (%)  |        0|     0|      ~0|      ~0|    0|
+-----------------+---------+------+--------+--------+-----+

+ Detail: 
    * Instance: 
    N/A

    * DSP: 
    N/A

    * Memory: 
    N/A

    * FIFO: 
    N/A

    * Expression: 
    +----------------------+----------+----+---+-----+------------+------------+
    |     Variable Name    | Operation| DSP| FF| LUT | Bitwidth P0| Bitwidth P1|
    +----------------------+----------+----+---+-----+------------+------------+
    |add_ln211_fu_763_p2   |         +|   0|  0|   12|           4|           1|
    |add_ln223_fu_1535_p2  |         +|   0|  0|   15|           8|           8|
    |out_w_7_fu_1515_p4    |      1003|   0|  0|    2|         256|          16|
    |icmp_ln211_fu_757_p2  |      icmp|   0|  0|   12|           4|           3|
    |icmp_ln216_fu_878_p2  |      icmp|   0|  0|   15|           8|           7|
    |out_w_2_fu_1457_p3    |    select|   0|  0|  181|           1|         208|
    |out_w_4_fu_1483_p3    |    select|   0|  0|  192|           1|         224|
    |out_w_6_fu_1505_p3    |    select|   0|  0|  208|           1|         256|
    |out_w_8_fu_1525_p3    |    select|   0|  0|  208|           1|         256|
    |ap_enable_pp0         |       xor|   0|  0|    2|           1|           2|
    +----------------------+----------+----+---+-----+------------+------------+
    |Total                 |          |   0|  0|  847|         285|         981|
    +----------------------+----------+----+---+-----+------------+------------+

    * Multiplexer: 
    +-------------------------+----+-----------+-----+-----------+
    |           Name          | LUT| Input Size| Bits| Total Bits|
    +-------------------------+----+-----------+-----+-----------+
    |ap_done_int              |   9|          2|    1|          2|
    |ap_enable_reg_pp0_iter1  |   9|          2|    1|          2|
    |ap_sig_allocacmp_j_3     |   9|          2|    4|          8|
    |j_fu_154                 |   9|          2|    4|          8|
    +-------------------------+----+-----------+-----+-----------+
    |Total                    |  36|          8|   10|         20|
    +-------------------------+----+-----------+-----+-----------+

    * Register: 
    +-----------------------------------+-----+----+-----+-----------+
    |                Name               |  FF | LUT| Bits| Const Bits|
    +-----------------------------------+-----+----+-----+-----------+
    |ap_CS_fsm                          |    1|   0|    1|          0|
    |ap_done_reg                        |    1|   0|    1|          0|
    |ap_enable_reg_pp0_iter1            |    1|   0|    1|          0|
    |ap_enable_reg_pp0_iter10           |    1|   0|    1|          0|
    |ap_enable_reg_pp0_iter11           |    1|   0|    1|          0|
    |ap_enable_reg_pp0_iter12           |    1|   0|    1|          0|
    |ap_enable_reg_pp0_iter13           |    1|   0|    1|          0|
    |ap_enable_reg_pp0_iter14           |    1|   0|    1|          0|
    |ap_enable_reg_pp0_iter15           |    1|   0|    1|          0|
    |ap_enable_reg_pp0_iter16           |    1|   0|    1|          0|
    |ap_enable_reg_pp0_iter17           |    1|   0|    1|          0|
    |ap_enable_reg_pp0_iter18           |    1|   0|    1|          0|
    |ap_enable_reg_pp0_iter19           |    1|   0|    1|          0|
    |ap_enable_reg_pp0_iter2            |    1|   0|    1|          0|
    |ap_enable_reg_pp0_iter20           |    1|   0|    1|          0|
    |ap_enable_reg_pp0_iter21           |    1|   0|    1|          0|
    |ap_enable_reg_pp0_iter3            |    1|   0|    1|          0|
    |ap_enable_reg_pp0_iter4            |    1|   0|    1|          0|
    |ap_enable_reg_pp0_iter5            |    1|   0|    1|          0|
    |ap_enable_reg_pp0_iter6            |    1|   0|    1|          0|
    |ap_enable_reg_pp0_iter7            |    1|   0|    1|          0|
    |ap_enable_reg_pp0_iter8            |    1|   0|    1|          0|
    |ap_enable_reg_pp0_iter9            |    1|   0|    1|          0|
    |ap_loop_exit_ready_pp0_iter10_reg  |    1|   0|    1|          0|
    |ap_loop_exit_ready_pp0_iter11_reg  |    1|   0|    1|          0|
    |ap_loop_exit_ready_pp0_iter12_reg  |    1|   0|    1|          0|
    |ap_loop_exit_ready_pp0_iter13_reg  |    1|   0|    1|          0|
    |ap_loop_exit_ready_pp0_iter14_reg  |    1|   0|    1|          0|
    |ap_loop_exit_ready_pp0_iter15_reg  |    1|   0|    1|          0|
    |ap_loop_exit_ready_pp0_iter16_reg  |    1|   0|    1|          0|
    |ap_loop_exit_ready_pp0_iter17_reg  |    1|   0|    1|          0|
    |ap_loop_exit_ready_pp0_iter18_reg  |    1|   0|    1|          0|
    |ap_loop_exit_ready_pp0_iter19_reg  |    1|   0|    1|          0|
    |ap_loop_exit_ready_pp0_iter1_reg   |    1|   0|    1|          0|
    |ap_loop_exit_ready_pp0_iter20_reg  |    1|   0|    1|          0|
    |ap_loop_exit_ready_pp0_iter2_reg   |    1|   0|    1|          0|
    |ap_loop_exit_ready_pp0_iter3_reg   |    1|   0|    1|          0|
    |ap_loop_exit_ready_pp0_iter4_reg   |    1|   0|    1|          0|
    |ap_loop_exit_ready_pp0_iter5_reg   |    1|   0|    1|          0|
    |ap_loop_exit_ready_pp0_iter6_reg   |    1|   0|    1|          0|
    |ap_loop_exit_ready_pp0_iter7_reg   |    1|   0|    1|          0|
    |ap_loop_exit_ready_pp0_iter8_reg   |    1|   0|    1|          0|
    |ap_loop_exit_ready_pp0_iter9_reg   |    1|   0|    1|          0|
    |icmp_ln216_reg_1697                |    1|   0|    1|          0|
    |j_3_reg_1616                       |    4|   0|    4|          0|
    |j_fu_154                           |    4|   0|    4|          0|
    |mul178_10_reg_2005                 |   16|   0|   16|          0|
    |mul178_11_reg_2015                 |   16|   0|   16|          0|
    |mul178_12_reg_2025                 |   16|   0|   16|          0|
    |mul178_13_reg_2035                 |   16|   0|   16|          0|
    |mul178_14_reg_2045                 |   16|   0|   16|          0|
    |mul178_1_reg_1905                  |   16|   0|   16|          0|
    |mul178_2_reg_1915                  |   16|   0|   16|          0|
    |mul178_3_reg_1925                  |   16|   0|   16|          0|
    |mul178_4_reg_1935                  |   16|   0|   16|          0|
    |mul178_5_reg_1945                  |   16|   0|   16|          0|
    |mul178_6_reg_1955                  |   16|   0|   16|          0|
    |mul178_7_reg_1965                  |   16|   0|   16|          0|
    |mul178_8_reg_1975                  |   16|   0|   16|          0|
    |mul178_9_reg_1985                  |   16|   0|   16|          0|
    |mul178_s_reg_1995                  |   16|   0|   16|          0|
    |mul179_10_reg_2250                 |   16|   0|   16|          0|
    |mul179_11_reg_2260                 |   16|   0|   16|          0|
    |mul179_12_reg_2270                 |   16|   0|   16|          0|
    |mul179_13_reg_2280                 |   16|   0|   16|          0|
    |mul179_14_reg_2290                 |   16|   0|   16|          0|
    |mul179_1_reg_2150                  |   16|   0|   16|          0|
    |mul179_2_reg_2160                  |   16|   0|   16|          0|
    |mul179_3_reg_2170                  |   16|   0|   16|          0|
    |mul179_4_reg_2180                  |   16|   0|   16|          0|
    |mul179_5_reg_2190                  |   16|   0|   16|          0|
    |mul179_6_reg_2200                  |   16|   0|   16|          0|
    |mul179_7_reg_2210                  |   16|   0|   16|          0|
    |mul179_8_reg_2220                  |   16|   0|   16|          0|
    |mul179_9_reg_2230                  |   16|   0|   16|          0|
    |mul179_s_reg_2240                  |   16|   0|   16|          0|
    |mul2_reg_1895                      |   16|   0|   16|          0|
    |mul3_reg_2140                      |   16|   0|   16|          0|
    |out_w_8_reg_2455                   |  256|   0|  256|          0|
    |sub177_10_reg_1860                 |   16|   0|   16|          0|
    |sub177_11_reg_1865                 |   16|   0|   16|          0|
    |sub177_12_reg_1870                 |   16|   0|   16|          0|
    |sub177_13_reg_1875                 |   16|   0|   16|          0|
    |sub177_14_reg_1880                 |   16|   0|   16|          0|
    |sub177_1_reg_1810                  |   16|   0|   16|          0|
    |sub177_2_reg_1815                  |   16|   0|   16|          0|
    |sub177_3_reg_1820                  |   16|   0|   16|          0|
    |sub177_4_reg_1825                  |   16|   0|   16|          0|
    |sub177_5_reg_1830                  |   16|   0|   16|          0|
    |sub177_6_reg_1835                  |   16|   0|   16|          0|
    |sub177_7_reg_1840                  |   16|   0|   16|          0|
    |sub177_8_reg_1845                  |   16|   0|   16|          0|
    |sub177_9_reg_1850                  |   16|   0|   16|          0|
    |sub177_s_reg_1855                  |   16|   0|   16|          0|
    |sub3_reg_1805                      |   16|   0|   16|          0|
    |u_246_reg_2375                     |   16|   0|   16|          0|
    |u_247_reg_1642                     |   16|   0|   16|          0|
    |u_248_reg_1900                     |   16|   0|   16|          0|
    |u_249_reg_2145                     |   16|   0|   16|          0|
    |u_250_reg_2380                     |   16|   0|   16|          0|
    |u_251_reg_1647                     |   16|   0|   16|          0|
    |u_252_reg_1910                     |   16|   0|   16|          0|
    |u_253_reg_2155                     |   16|   0|   16|          0|
    |u_254_reg_2385                     |   16|   0|   16|          0|
    |u_255_reg_1652                     |   16|   0|   16|          0|
    |u_256_reg_1920                     |   16|   0|   16|          0|
    |u_257_reg_2165                     |   16|   0|   16|          0|
    |u_258_reg_2390                     |   16|   0|   16|          0|
    |u_259_reg_1657                     |   16|   0|   16|          0|
    |u_260_reg_1930                     |   16|   0|   16|          0|
    |u_261_reg_2175                     |   16|   0|   16|          0|
    |u_262_reg_2395                     |   16|   0|   16|          0|
    |u_263_reg_1662                     |   16|   0|   16|          0|
    |u_264_reg_1940                     |   16|   0|   16|          0|
    |u_265_reg_2185                     |   16|   0|   16|          0|
    |u_266_reg_2400                     |   16|   0|   16|          0|
    |u_267_reg_1667                     |   16|   0|   16|          0|
    |u_268_reg_1950                     |   16|   0|   16|          0|
    |u_269_reg_2195                     |   16|   0|   16|          0|
    |u_270_reg_2405                     |   16|   0|   16|          0|
    |u_271_reg_1672                     |   16|   0|   16|          0|
    |u_272_reg_1960                     |   16|   0|   16|          0|
    |u_273_reg_2205                     |   16|   0|   16|          0|
    |u_274_reg_2410                     |   16|   0|   16|          0|
    |u_275_reg_1677                     |   16|   0|   16|          0|
    |u_276_reg_1970                     |   16|   0|   16|          0|
    |u_277_reg_2215                     |   16|   0|   16|          0|
    |u_278_reg_2415                     |   16|   0|   16|          0|
    |u_279_reg_1682                     |   16|   0|   16|          0|
    |u_280_reg_1980                     |   16|   0|   16|          0|
    |u_281_reg_2225                     |   16|   0|   16|          0|
    |u_282_reg_2420                     |   16|   0|   16|          0|
    |u_283_reg_1687                     |   16|   0|   16|          0|
    |u_284_reg_1990                     |   16|   0|   16|          0|
    |u_285_reg_2235                     |   16|   0|   16|          0|
    |u_286_reg_2425                     |   16|   0|   16|          0|
    |u_287_reg_1692                     |   16|   0|   16|          0|
    |u_288_reg_2000                     |   16|   0|   16|          0|
    |u_289_reg_2245                     |   16|   0|   16|          0|
    |u_290_reg_2430                     |   16|   0|   16|          0|
    |u_291_reg_1705                     |   16|   0|   16|          0|
    |u_292_reg_2010                     |   16|   0|   16|          0|
    |u_293_reg_2255                     |   16|   0|   16|          0|
    |u_294_reg_2435                     |   16|   0|   16|          0|
    |u_295_reg_1710                     |   16|   0|   16|          0|
    |u_296_reg_2020                     |   16|   0|   16|          0|
    |u_297_reg_2265                     |   16|   0|   16|          0|
    |u_298_reg_2440                     |   16|   0|   16|          0|
    |u_299_reg_1715                     |   16|   0|   16|          0|
    |u_300_reg_2030                     |   16|   0|   16|          0|
    |u_301_reg_2275                     |   16|   0|   16|          0|
    |u_302_reg_2445                     |   16|   0|   16|          0|
    |u_345_reg_1890                     |   16|   0|   16|          0|
    |u_346_reg_2135                     |   16|   0|   16|          0|
    |u_347_reg_1720                     |   16|   0|   16|          0|
    |u_348_reg_2040                     |   16|   0|   16|          0|
    |u_349_reg_2285                     |   16|   0|   16|          0|
    |u_350_reg_2450                     |   16|   0|   16|          0|
    |u_reg_1637                         |   16|   0|   16|          0|
    |zext_ln211_reg_1626                |    4|   0|   64|         60|
    |icmp_ln216_reg_1697                |   64|  32|    1|          0|
    |j_3_reg_1616                       |   64|  32|    4|          0|
    |zext_ln211_reg_1626                |   64|  32|   64|         60|
    +-----------------------------------+-----+----+-----+-----------+
    |Total                              | 2296|  96| 2233|        120|
    +-----------------------------------+-----+----+-----+-----------+



================================================================
== Interface
================================================================
* Summary: 
+----------------------------------------------------------------------------------------------+-----+-----+------------+-------------------------------------------------------------------------------------+--------------+
|                                           RTL Ports                                          | Dir | Bits|  Protocol  |                                    Source Object                                    |    C Type    |
+----------------------------------------------------------------------------------------------+-----+-----+------------+-------------------------------------------------------------------------------------+--------------+
|ap_clk                                                                                        |   in|    1|  ap_ctrl_hs|                                  Universal_Engine_Kernel<16, half>_Pipeline_CBI_NORM|  return value|
|ap_rst                                                                                        |   in|    1|  ap_ctrl_hs|                                  Universal_Engine_Kernel<16, half>_Pipeline_CBI_NORM|  return value|
|ap_start                                                                                      |   in|    1|  ap_ctrl_hs|                                  Universal_Engine_Kernel<16, half>_Pipeline_CBI_NORM|  return value|
|ap_done                                                                                       |  out|    1|  ap_ctrl_hs|                                  Universal_Engine_Kernel<16, half>_Pipeline_CBI_NORM|  return value|
|ap_idle                                                                                       |  out|    1|  ap_ctrl_hs|                                  Universal_Engine_Kernel<16, half>_Pipeline_CBI_NORM|  return value|
|ap_ready                                                                                      |  out|    1|  ap_ctrl_hs|                                  Universal_Engine_Kernel<16, half>_Pipeline_CBI_NORM|  return value|
|grp_fu_1454_p_din0                                                                            |  out|   16|  ap_ctrl_hs|                                  Universal_Engine_Kernel<16, half>_Pipeline_CBI_NORM|  return value|
|grp_fu_1454_p_din1                                                                            |  out|   16|  ap_ctrl_hs|                                  Universal_Engine_Kernel<16, half>_Pipeline_CBI_NORM|  return value|
|grp_fu_1454_p_dout0                                                                           |   in|   16|  ap_ctrl_hs|                                  Universal_Engine_Kernel<16, half>_Pipeline_CBI_NORM|  return value|
|grp_fu_1454_p_ce                                                                              |  out|    1|  ap_ctrl_hs|                                  Universal_Engine_Kernel<16, half>_Pipeline_CBI_NORM|  return value|
|grp_fu_1458_p_din0                                                                            |  out|   16|  ap_ctrl_hs|                                  Universal_Engine_Kernel<16, half>_Pipeline_CBI_NORM|  return value|
|grp_fu_1458_p_din1                                                                            |  out|   16|  ap_ctrl_hs|                                  Universal_Engine_Kernel<16, half>_Pipeline_CBI_NORM|  return value|
|grp_fu_1458_p_dout0                                                                           |   in|   16|  ap_ctrl_hs|                                  Universal_Engine_Kernel<16, half>_Pipeline_CBI_NORM|  return value|
|grp_fu_1458_p_ce                                                                              |  out|    1|  ap_ctrl_hs|                                  Universal_Engine_Kernel<16, half>_Pipeline_CBI_NORM|  return value|
|grp_fu_1462_p_din0                                                                            |  out|   16|  ap_ctrl_hs|                                  Universal_Engine_Kernel<16, half>_Pipeline_CBI_NORM|  return value|
|grp_fu_1462_p_din1                                                                            |  out|   16|  ap_ctrl_hs|                                  Universal_Engine_Kernel<16, half>_Pipeline_CBI_NORM|  return value|
|grp_fu_1462_p_dout0                                                                           |   in|   16|  ap_ctrl_hs|                                  Universal_Engine_Kernel<16, half>_Pipeline_CBI_NORM|  return value|
|grp_fu_1462_p_ce                                                                              |  out|    1|  ap_ctrl_hs|                                  Universal_Engine_Kernel<16, half>_Pipeline_CBI_NORM|  return value|
|grp_fu_1466_p_din0                                                                            |  out|   16|  ap_ctrl_hs|                                  Universal_Engine_Kernel<16, half>_Pipeline_CBI_NORM|  return value|
|grp_fu_1466_p_din1                                                                            |  out|   16|  ap_ctrl_hs|                                  Universal_Engine_Kernel<16, half>_Pipeline_CBI_NORM|  return value|
|grp_fu_1466_p_dout0                                                                           |   in|   16|  ap_ctrl_hs|                                  Universal_Engine_Kernel<16, half>_Pipeline_CBI_NORM|  return value|
|grp_fu_1466_p_ce                                                                              |  out|    1|  ap_ctrl_hs|                                  Universal_Engine_Kernel<16, half>_Pipeline_CBI_NORM|  return value|
|grp_fu_1470_p_din0                                                                            |  out|   16|  ap_ctrl_hs|                                  Universal_Engine_Kernel<16, half>_Pipeline_CBI_NORM|  return value|
|grp_fu_1470_p_din1                                                                            |  out|   16|  ap_ctrl_hs|                                  Universal_Engine_Kernel<16, half>_Pipeline_CBI_NORM|  return value|
|grp_fu_1470_p_dout0                                                                           |   in|   16|  ap_ctrl_hs|                                  Universal_Engine_Kernel<16, half>_Pipeline_CBI_NORM|  return value|
|grp_fu_1470_p_ce                                                                              |  out|    1|  ap_ctrl_hs|                                  Universal_Engine_Kernel<16, half>_Pipeline_CBI_NORM|  return value|
|grp_fu_1474_p_din0                                                                            |  out|   16|  ap_ctrl_hs|                                  Universal_Engine_Kernel<16, half>_Pipeline_CBI_NORM|  return value|
|grp_fu_1474_p_din1                                                                            |  out|   16|  ap_ctrl_hs|                                  Universal_Engine_Kernel<16, half>_Pipeline_CBI_NORM|  return value|
|grp_fu_1474_p_dout0                                                                           |   in|   16|  ap_ctrl_hs|                                  Universal_Engine_Kernel<16, half>_Pipeline_CBI_NORM|  return value|
|grp_fu_1474_p_ce                                                                              |  out|    1|  ap_ctrl_hs|                                  Universal_Engine_Kernel<16, half>_Pipeline_CBI_NORM|  return value|
|grp_fu_1478_p_din0                                                                            |  out|   16|  ap_ctrl_hs|                                  Universal_Engine_Kernel<16, half>_Pipeline_CBI_NORM|  return value|
|grp_fu_1478_p_din1                                                                            |  out|   16|  ap_ctrl_hs|                                  Universal_Engine_Kernel<16, half>_Pipeline_CBI_NORM|  return value|
|grp_fu_1478_p_dout0                                                                           |   in|   16|  ap_ctrl_hs|                                  Universal_Engine_Kernel<16, half>_Pipeline_CBI_NORM|  return value|
|grp_fu_1478_p_ce                                                                              |  out|    1|  ap_ctrl_hs|                                  Universal_Engine_Kernel<16, half>_Pipeline_CBI_NORM|  return value|
|grp_fu_1482_p_din0                                                                            |  out|   16|  ap_ctrl_hs|                                  Universal_Engine_Kernel<16, half>_Pipeline_CBI_NORM|  return value|
|grp_fu_1482_p_din1                                                                            |  out|   16|  ap_ctrl_hs|                                  Universal_Engine_Kernel<16, half>_Pipeline_CBI_NORM|  return value|
|grp_fu_1482_p_dout0                                                                           |   in|   16|  ap_ctrl_hs|                                  Universal_Engine_Kernel<16, half>_Pipeline_CBI_NORM|  return value|
|grp_fu_1482_p_ce                                                                              |  out|    1|  ap_ctrl_hs|                                  Universal_Engine_Kernel<16, half>_Pipeline_CBI_NORM|  return value|
|grp_fu_1486_p_din0                                                                            |  out|   16|  ap_ctrl_hs|                                  Universal_Engine_Kernel<16, half>_Pipeline_CBI_NORM|  return value|
|grp_fu_1486_p_din1                                                                            |  out|   16|  ap_ctrl_hs|                                  Universal_Engine_Kernel<16, half>_Pipeline_CBI_NORM|  return value|
|grp_fu_1486_p_dout0                                                                           |   in|   16|  ap_ctrl_hs|                                  Universal_Engine_Kernel<16, half>_Pipeline_CBI_NORM|  return value|
|grp_fu_1486_p_ce                                                                              |  out|    1|  ap_ctrl_hs|                                  Universal_Engine_Kernel<16, half>_Pipeline_CBI_NORM|  return value|
|grp_fu_1490_p_din0                                                                            |  out|   16|  ap_ctrl_hs|                                  Universal_Engine_Kernel<16, half>_Pipeline_CBI_NORM|  return value|
|grp_fu_1490_p_din1                                                                            |  out|   16|  ap_ctrl_hs|                                  Universal_Engine_Kernel<16, half>_Pipeline_CBI_NORM|  return value|
|grp_fu_1490_p_dout0                                                                           |   in|   16|  ap_ctrl_hs|                                  Universal_Engine_Kernel<16, half>_Pipeline_CBI_NORM|  return value|
|grp_fu_1490_p_ce                                                                              |  out|    1|  ap_ctrl_hs|                                  Universal_Engine_Kernel<16, half>_Pipeline_CBI_NORM|  return value|
|grp_fu_1494_p_din0                                                                            |  out|   16|  ap_ctrl_hs|                                  Universal_Engine_Kernel<16, half>_Pipeline_CBI_NORM|  return value|
|grp_fu_1494_p_din1                                                                            |  out|   16|  ap_ctrl_hs|                                  Universal_Engine_Kernel<16, half>_Pipeline_CBI_NORM|  return value|
|grp_fu_1494_p_dout0                                                                           |   in|   16|  ap_ctrl_hs|                                  Universal_Engine_Kernel<16, half>_Pipeline_CBI_NORM|  return value|
|grp_fu_1494_p_ce                                                                              |  out|    1|  ap_ctrl_hs|                                  Universal_Engine_Kernel<16, half>_Pipeline_CBI_NORM|  return value|
|grp_fu_1498_p_din0                                                                            |  out|   16|  ap_ctrl_hs|                                  Universal_Engine_Kernel<16, half>_Pipeline_CBI_NORM|  return value|
|grp_fu_1498_p_din1                                                                            |  out|   16|  ap_ctrl_hs|                                  Universal_Engine_Kernel<16, half>_Pipeline_CBI_NORM|  return value|
|grp_fu_1498_p_dout0                                                                           |   in|   16|  ap_ctrl_hs|                                  Universal_Engine_Kernel<16, half>_Pipeline_CBI_NORM|  return value|
|grp_fu_1498_p_ce                                                                              |  out|    1|  ap_ctrl_hs|                                  Universal_Engine_Kernel<16, half>_Pipeline_CBI_NORM|  return value|
|grp_fu_1502_p_din0                                                                            |  out|   16|  ap_ctrl_hs|                                  Universal_Engine_Kernel<16, half>_Pipeline_CBI_NORM|  return value|
|grp_fu_1502_p_din1                                                                            |  out|   16|  ap_ctrl_hs|                                  Universal_Engine_Kernel<16, half>_Pipeline_CBI_NORM|  return value|
|grp_fu_1502_p_dout0                                                                           |   in|   16|  ap_ctrl_hs|                                  Universal_Engine_Kernel<16, half>_Pipeline_CBI_NORM|  return value|
|grp_fu_1502_p_ce                                                                              |  out|    1|  ap_ctrl_hs|                                  Universal_Engine_Kernel<16, half>_Pipeline_CBI_NORM|  return value|
|grp_fu_1506_p_din0                                                                            |  out|   16|  ap_ctrl_hs|                                  Universal_Engine_Kernel<16, half>_Pipeline_CBI_NORM|  return value|
|grp_fu_1506_p_din1                                                                            |  out|   16|  ap_ctrl_hs|                                  Universal_Engine_Kernel<16, half>_Pipeline_CBI_NORM|  return value|
|grp_fu_1506_p_dout0                                                                           |   in|   16|  ap_ctrl_hs|                                  Universal_Engine_Kernel<16, half>_Pipeline_CBI_NORM|  return value|
|grp_fu_1506_p_ce                                                                              |  out|    1|  ap_ctrl_hs|                                  Universal_Engine_Kernel<16, half>_Pipeline_CBI_NORM|  return value|
|grp_fu_1510_p_din0                                                                            |  out|   16|  ap_ctrl_hs|                                  Universal_Engine_Kernel<16, half>_Pipeline_CBI_NORM|  return value|
|grp_fu_1510_p_din1                                                                            |  out|   16|  ap_ctrl_hs|                                  Universal_Engine_Kernel<16, half>_Pipeline_CBI_NORM|  return value|
|grp_fu_1510_p_dout0                                                                           |   in|   16|  ap_ctrl_hs|                                  Universal_Engine_Kernel<16, half>_Pipeline_CBI_NORM|  return value|
|grp_fu_1510_p_ce                                                                              |  out|    1|  ap_ctrl_hs|                                  Universal_Engine_Kernel<16, half>_Pipeline_CBI_NORM|  return value|
|grp_fu_1514_p_din0                                                                            |  out|   16|  ap_ctrl_hs|                                  Universal_Engine_Kernel<16, half>_Pipeline_CBI_NORM|  return value|
|grp_fu_1514_p_din1                                                                            |  out|   16|  ap_ctrl_hs|                                  Universal_Engine_Kernel<16, half>_Pipeline_CBI_NORM|  return value|
|grp_fu_1514_p_dout0                                                                           |   in|   16|  ap_ctrl_hs|                                  Universal_Engine_Kernel<16, half>_Pipeline_CBI_NORM|  return value|
|grp_fu_1514_p_ce                                                                              |  out|    1|  ap_ctrl_hs|                                  Universal_Engine_Kernel<16, half>_Pipeline_CBI_NORM|  return value|
|grp_fu_1649_p_din0                                                                            |  out|   16|  ap_ctrl_hs|                                  Universal_Engine_Kernel<16, half>_Pipeline_CBI_NORM|  return value|
|grp_fu_1649_p_din1                                                                            |  out|   16|  ap_ctrl_hs|                                  Universal_Engine_Kernel<16, half>_Pipeline_CBI_NORM|  return value|
|grp_fu_1649_p_dout0                                                                           |   in|   16|  ap_ctrl_hs|                                  Universal_Engine_Kernel<16, half>_Pipeline_CBI_NORM|  return value|
|grp_fu_1649_p_ce                                                                              |  out|    1|  ap_ctrl_hs|                                  Universal_Engine_Kernel<16, half>_Pipeline_CBI_NORM|  return value|
|grp_fu_1653_p_din0                                                                            |  out|   16|  ap_ctrl_hs|                                  Universal_Engine_Kernel<16, half>_Pipeline_CBI_NORM|  return value|
|grp_fu_1653_p_din1                                                                            |  out|   16|  ap_ctrl_hs|                                  Universal_Engine_Kernel<16, half>_Pipeline_CBI_NORM|  return value|
|grp_fu_1653_p_dout0                                                                           |   in|   16|  ap_ctrl_hs|                                  Universal_Engine_Kernel<16, half>_Pipeline_CBI_NORM|  return value|
|grp_fu_1653_p_ce                                                                              |  out|    1|  ap_ctrl_hs|                                  Universal_Engine_Kernel<16, half>_Pipeline_CBI_NORM|  return value|
|grp_fu_1657_p_din0                                                                            |  out|   16|  ap_ctrl_hs|                                  Universal_Engine_Kernel<16, half>_Pipeline_CBI_NORM|  return value|
|grp_fu_1657_p_din1                                                                            |  out|   16|  ap_ctrl_hs|                                  Universal_Engine_Kernel<16, half>_Pipeline_CBI_NORM|  return value|
|grp_fu_1657_p_dout0                                                                           |   in|   16|  ap_ctrl_hs|                                  Universal_Engine_Kernel<16, half>_Pipeline_CBI_NORM|  return value|
|grp_fu_1657_p_ce                                                                              |  out|    1|  ap_ctrl_hs|                                  Universal_Engine_Kernel<16, half>_Pipeline_CBI_NORM|  return value|
|grp_fu_1661_p_din0                                                                            |  out|   16|  ap_ctrl_hs|                                  Universal_Engine_Kernel<16, half>_Pipeline_CBI_NORM|  return value|
|grp_fu_1661_p_din1                                                                            |  out|   16|  ap_ctrl_hs|                                  Universal_Engine_Kernel<16, half>_Pipeline_CBI_NORM|  return value|
|grp_fu_1661_p_dout0                                                                           |   in|   16|  ap_ctrl_hs|                                  Universal_Engine_Kernel<16, half>_Pipeline_CBI_NORM|  return value|
|grp_fu_1661_p_ce                                                                              |  out|    1|  ap_ctrl_hs|                                  Universal_Engine_Kernel<16, half>_Pipeline_CBI_NORM|  return value|
|grp_fu_1665_p_din0                                                                            |  out|   16|  ap_ctrl_hs|                                  Universal_Engine_Kernel<16, half>_Pipeline_CBI_NORM|  return value|
|grp_fu_1665_p_din1                                                                            |  out|   16|  ap_ctrl_hs|                                  Universal_Engine_Kernel<16, half>_Pipeline_CBI_NORM|  return value|
|grp_fu_1665_p_dout0                                                                           |   in|   16|  ap_ctrl_hs|                                  Universal_Engine_Kernel<16, half>_Pipeline_CBI_NORM|  return value|
|grp_fu_1665_p_ce                                                                              |  out|    1|  ap_ctrl_hs|                                  Universal_Engine_Kernel<16, half>_Pipeline_CBI_NORM|  return value|
|grp_fu_1669_p_din0                                                                            |  out|   16|  ap_ctrl_hs|                                  Universal_Engine_Kernel<16, half>_Pipeline_CBI_NORM|  return value|
|grp_fu_1669_p_din1                                                                            |  out|   16|  ap_ctrl_hs|                                  Universal_Engine_Kernel<16, half>_Pipeline_CBI_NORM|  return value|
|grp_fu_1669_p_dout0                                                                           |   in|   16|  ap_ctrl_hs|                                  Universal_Engine_Kernel<16, half>_Pipeline_CBI_NORM|  return value|
|grp_fu_1669_p_ce                                                                              |  out|    1|  ap_ctrl_hs|                                  Universal_Engine_Kernel<16, half>_Pipeline_CBI_NORM|  return value|
|grp_fu_1673_p_din0                                                                            |  out|   16|  ap_ctrl_hs|                                  Universal_Engine_Kernel<16, half>_Pipeline_CBI_NORM|  return value|
|grp_fu_1673_p_din1                                                                            |  out|   16|  ap_ctrl_hs|                                  Universal_Engine_Kernel<16, half>_Pipeline_CBI_NORM|  return value|
|grp_fu_1673_p_dout0                                                                           |   in|   16|  ap_ctrl_hs|                                  Universal_Engine_Kernel<16, half>_Pipeline_CBI_NORM|  return value|
|grp_fu_1673_p_ce                                                                              |  out|    1|  ap_ctrl_hs|                                  Universal_Engine_Kernel<16, half>_Pipeline_CBI_NORM|  return value|
|grp_fu_1677_p_din0                                                                            |  out|   16|  ap_ctrl_hs|                                  Universal_Engine_Kernel<16, half>_Pipeline_CBI_NORM|  return value|
|grp_fu_1677_p_din1                                                                            |  out|   16|  ap_ctrl_hs|                                  Universal_Engine_Kernel<16, half>_Pipeline_CBI_NORM|  return value|
|grp_fu_1677_p_dout0                                                                           |   in|   16|  ap_ctrl_hs|                                  Universal_Engine_Kernel<16, half>_Pipeline_CBI_NORM|  return value|
|grp_fu_1677_p_ce                                                                              |  out|    1|  ap_ctrl_hs|                                  Universal_Engine_Kernel<16, half>_Pipeline_CBI_NORM|  return value|
|grp_fu_1681_p_din0                                                                            |  out|   16|  ap_ctrl_hs|                                  Universal_Engine_Kernel<16, half>_Pipeline_CBI_NORM|  return value|
|grp_fu_1681_p_din1                                                                            |  out|   16|  ap_ctrl_hs|                                  Universal_Engine_Kernel<16, half>_Pipeline_CBI_NORM|  return value|
|grp_fu_1681_p_dout0                                                                           |   in|   16|  ap_ctrl_hs|                                  Universal_Engine_Kernel<16, half>_Pipeline_CBI_NORM|  return value|
|grp_fu_1681_p_ce                                                                              |  out|    1|  ap_ctrl_hs|                                  Universal_Engine_Kernel<16, half>_Pipeline_CBI_NORM|  return value|
|grp_fu_1685_p_din0                                                                            |  out|   16|  ap_ctrl_hs|                                  Universal_Engine_Kernel<16, half>_Pipeline_CBI_NORM|  return value|
|grp_fu_1685_p_din1                                                                            |  out|   16|  ap_ctrl_hs|                                  Universal_Engine_Kernel<16, half>_Pipeline_CBI_NORM|  return value|
|grp_fu_1685_p_dout0                                                                           |   in|   16|  ap_ctrl_hs|                                  Universal_Engine_Kernel<16, half>_Pipeline_CBI_NORM|  return value|
|grp_fu_1685_p_ce                                                                              |  out|    1|  ap_ctrl_hs|                                  Universal_Engine_Kernel<16, half>_Pipeline_CBI_NORM|  return value|
|grp_fu_1689_p_din0                                                                            |  out|   16|  ap_ctrl_hs|                                  Universal_Engine_Kernel<16, half>_Pipeline_CBI_NORM|  return value|
|grp_fu_1689_p_din1                                                                            |  out|   16|  ap_ctrl_hs|                                  Universal_Engine_Kernel<16, half>_Pipeline_CBI_NORM|  return value|
|grp_fu_1689_p_dout0                                                                           |   in|   16|  ap_ctrl_hs|                                  Universal_Engine_Kernel<16, half>_Pipeline_CBI_NORM|  return value|
|grp_fu_1689_p_ce                                                                              |  out|    1|  ap_ctrl_hs|                                  Universal_Engine_Kernel<16, half>_Pipeline_CBI_NORM|  return value|
|grp_fu_1693_p_din0                                                                            |  out|   16|  ap_ctrl_hs|                                  Universal_Engine_Kernel<16, half>_Pipeline_CBI_NORM|  return value|
|grp_fu_1693_p_din1                                                                            |  out|   16|  ap_ctrl_hs|                                  Universal_Engine_Kernel<16, half>_Pipeline_CBI_NORM|  return value|
|grp_fu_1693_p_dout0                                                                           |   in|   16|  ap_ctrl_hs|                                  Universal_Engine_Kernel<16, half>_Pipeline_CBI_NORM|  return value|
|grp_fu_1693_p_ce                                                                              |  out|    1|  ap_ctrl_hs|                                  Universal_Engine_Kernel<16, half>_Pipeline_CBI_NORM|  return value|
|grp_fu_1697_p_din0                                                                            |  out|   16|  ap_ctrl_hs|                                  Universal_Engine_Kernel<16, half>_Pipeline_CBI_NORM|  return value|
|grp_fu_1697_p_din1                                                                            |  out|   16|  ap_ctrl_hs|                                  Universal_Engine_Kernel<16, half>_Pipeline_CBI_NORM|  return value|
|grp_fu_1697_p_dout0                                                                           |   in|   16|  ap_ctrl_hs|                                  Universal_Engine_Kernel<16, half>_Pipeline_CBI_NORM|  return value|
|grp_fu_1697_p_ce                                                                              |  out|    1|  ap_ctrl_hs|                                  Universal_Engine_Kernel<16, half>_Pipeline_CBI_NORM|  return value|
|grp_fu_1701_p_din0                                                                            |  out|   16|  ap_ctrl_hs|                                  Universal_Engine_Kernel<16, half>_Pipeline_CBI_NORM|  return value|
|grp_fu_1701_p_din1                                                                            |  out|   16|  ap_ctrl_hs|                                  Universal_Engine_Kernel<16, half>_Pipeline_CBI_NORM|  return value|
|grp_fu_1701_p_dout0                                                                           |   in|   16|  ap_ctrl_hs|                                  Universal_Engine_Kernel<16, half>_Pipeline_CBI_NORM|  return value|
|grp_fu_1701_p_ce                                                                              |  out|    1|  ap_ctrl_hs|                                  Universal_Engine_Kernel<16, half>_Pipeline_CBI_NORM|  return value|
|grp_fu_1705_p_din0                                                                            |  out|   16|  ap_ctrl_hs|                                  Universal_Engine_Kernel<16, half>_Pipeline_CBI_NORM|  return value|
|grp_fu_1705_p_din1                                                                            |  out|   16|  ap_ctrl_hs|                                  Universal_Engine_Kernel<16, half>_Pipeline_CBI_NORM|  return value|
|grp_fu_1705_p_dout0                                                                           |   in|   16|  ap_ctrl_hs|                                  Universal_Engine_Kernel<16, half>_Pipeline_CBI_NORM|  return value|
|grp_fu_1705_p_ce                                                                              |  out|    1|  ap_ctrl_hs|                                  Universal_Engine_Kernel<16, half>_Pipeline_CBI_NORM|  return value|
|grp_fu_1709_p_din0                                                                            |  out|   16|  ap_ctrl_hs|                                  Universal_Engine_Kernel<16, half>_Pipeline_CBI_NORM|  return value|
|grp_fu_1709_p_din1                                                                            |  out|   16|  ap_ctrl_hs|                                  Universal_Engine_Kernel<16, half>_Pipeline_CBI_NORM|  return value|
|grp_fu_1709_p_dout0                                                                           |   in|   16|  ap_ctrl_hs|                                  Universal_Engine_Kernel<16, half>_Pipeline_CBI_NORM|  return value|
|grp_fu_1709_p_ce                                                                              |  out|    1|  ap_ctrl_hs|                                  Universal_Engine_Kernel<16, half>_Pipeline_CBI_NORM|  return value|
|grp_fu_1582_p_din0                                                                            |  out|   16|  ap_ctrl_hs|                                  Universal_Engine_Kernel<16, half>_Pipeline_CBI_NORM|  return value|
|grp_fu_1582_p_din1                                                                            |  out|   16|  ap_ctrl_hs|                                  Universal_Engine_Kernel<16, half>_Pipeline_CBI_NORM|  return value|
|grp_fu_1582_p_dout0                                                                           |   in|   16|  ap_ctrl_hs|                                  Universal_Engine_Kernel<16, half>_Pipeline_CBI_NORM|  return value|
|grp_fu_1582_p_ce                                                                              |  out|    1|  ap_ctrl_hs|                                  Universal_Engine_Kernel<16, half>_Pipeline_CBI_NORM|  return value|
|grp_fu_1586_p_din0                                                                            |  out|   16|  ap_ctrl_hs|                                  Universal_Engine_Kernel<16, half>_Pipeline_CBI_NORM|  return value|
|grp_fu_1586_p_din1                                                                            |  out|   16|  ap_ctrl_hs|                                  Universal_Engine_Kernel<16, half>_Pipeline_CBI_NORM|  return value|
|grp_fu_1586_p_dout0                                                                           |   in|   16|  ap_ctrl_hs|                                  Universal_Engine_Kernel<16, half>_Pipeline_CBI_NORM|  return value|
|grp_fu_1586_p_ce                                                                              |  out|    1|  ap_ctrl_hs|                                  Universal_Engine_Kernel<16, half>_Pipeline_CBI_NORM|  return value|
|grp_fu_1590_p_din0                                                                            |  out|   16|  ap_ctrl_hs|                                  Universal_Engine_Kernel<16, half>_Pipeline_CBI_NORM|  return value|
|grp_fu_1590_p_din1                                                                            |  out|   16|  ap_ctrl_hs|                                  Universal_Engine_Kernel<16, half>_Pipeline_CBI_NORM|  return value|
|grp_fu_1590_p_dout0                                                                           |   in|   16|  ap_ctrl_hs|                                  Universal_Engine_Kernel<16, half>_Pipeline_CBI_NORM|  return value|
|grp_fu_1590_p_ce                                                                              |  out|    1|  ap_ctrl_hs|                                  Universal_Engine_Kernel<16, half>_Pipeline_CBI_NORM|  return value|
|grp_fu_1594_p_din0                                                                            |  out|   16|  ap_ctrl_hs|                                  Universal_Engine_Kernel<16, half>_Pipeline_CBI_NORM|  return value|
|grp_fu_1594_p_din1                                                                            |  out|   16|  ap_ctrl_hs|                                  Universal_Engine_Kernel<16, half>_Pipeline_CBI_NORM|  return value|
|grp_fu_1594_p_dout0                                                                           |   in|   16|  ap_ctrl_hs|                                  Universal_Engine_Kernel<16, half>_Pipeline_CBI_NORM|  return value|
|grp_fu_1594_p_ce                                                                              |  out|    1|  ap_ctrl_hs|                                  Universal_Engine_Kernel<16, half>_Pipeline_CBI_NORM|  return value|
|grp_fu_1598_p_din0                                                                            |  out|   16|  ap_ctrl_hs|                                  Universal_Engine_Kernel<16, half>_Pipeline_CBI_NORM|  return value|
|grp_fu_1598_p_din1                                                                            |  out|   16|  ap_ctrl_hs|                                  Universal_Engine_Kernel<16, half>_Pipeline_CBI_NORM|  return value|
|grp_fu_1598_p_dout0                                                                           |   in|   16|  ap_ctrl_hs|                                  Universal_Engine_Kernel<16, half>_Pipeline_CBI_NORM|  return value|
|grp_fu_1598_p_ce                                                                              |  out|    1|  ap_ctrl_hs|                                  Universal_Engine_Kernel<16, half>_Pipeline_CBI_NORM|  return value|
|grp_fu_1602_p_din0                                                                            |  out|   16|  ap_ctrl_hs|                                  Universal_Engine_Kernel<16, half>_Pipeline_CBI_NORM|  return value|
|grp_fu_1602_p_din1                                                                            |  out|   16|  ap_ctrl_hs|                                  Universal_Engine_Kernel<16, half>_Pipeline_CBI_NORM|  return value|
|grp_fu_1602_p_dout0                                                                           |   in|   16|  ap_ctrl_hs|                                  Universal_Engine_Kernel<16, half>_Pipeline_CBI_NORM|  return value|
|grp_fu_1602_p_ce                                                                              |  out|    1|  ap_ctrl_hs|                                  Universal_Engine_Kernel<16, half>_Pipeline_CBI_NORM|  return value|
|grp_fu_1606_p_din0                                                                            |  out|   16|  ap_ctrl_hs|                                  Universal_Engine_Kernel<16, half>_Pipeline_CBI_NORM|  return value|
|grp_fu_1606_p_din1                                                                            |  out|   16|  ap_ctrl_hs|                                  Universal_Engine_Kernel<16, half>_Pipeline_CBI_NORM|  return value|
|grp_fu_1606_p_dout0                                                                           |   in|   16|  ap_ctrl_hs|                                  Universal_Engine_Kernel<16, half>_Pipeline_CBI_NORM|  return value|
|grp_fu_1606_p_ce                                                                              |  out|    1|  ap_ctrl_hs|                                  Universal_Engine_Kernel<16, half>_Pipeline_CBI_NORM|  return value|
|grp_fu_1610_p_din0                                                                            |  out|   16|  ap_ctrl_hs|                                  Universal_Engine_Kernel<16, half>_Pipeline_CBI_NORM|  return value|
|grp_fu_1610_p_din1                                                                            |  out|   16|  ap_ctrl_hs|                                  Universal_Engine_Kernel<16, half>_Pipeline_CBI_NORM|  return value|
|grp_fu_1610_p_dout0                                                                           |   in|   16|  ap_ctrl_hs|                                  Universal_Engine_Kernel<16, half>_Pipeline_CBI_NORM|  return value|
|grp_fu_1610_p_ce                                                                              |  out|    1|  ap_ctrl_hs|                                  Universal_Engine_Kernel<16, half>_Pipeline_CBI_NORM|  return value|
|grp_fu_1614_p_din0                                                                            |  out|   16|  ap_ctrl_hs|                                  Universal_Engine_Kernel<16, half>_Pipeline_CBI_NORM|  return value|
|grp_fu_1614_p_din1                                                                            |  out|   16|  ap_ctrl_hs|                                  Universal_Engine_Kernel<16, half>_Pipeline_CBI_NORM|  return value|
|grp_fu_1614_p_dout0                                                                           |   in|   16|  ap_ctrl_hs|                                  Universal_Engine_Kernel<16, half>_Pipeline_CBI_NORM|  return value|
|grp_fu_1614_p_ce                                                                              |  out|    1|  ap_ctrl_hs|                                  Universal_Engine_Kernel<16, half>_Pipeline_CBI_NORM|  return value|
|grp_fu_1618_p_din0                                                                            |  out|   16|  ap_ctrl_hs|                                  Universal_Engine_Kernel<16, half>_Pipeline_CBI_NORM|  return value|
|grp_fu_1618_p_din1                                                                            |  out|   16|  ap_ctrl_hs|                                  Universal_Engine_Kernel<16, half>_Pipeline_CBI_NORM|  return value|
|grp_fu_1618_p_dout0                                                                           |   in|   16|  ap_ctrl_hs|                                  Universal_Engine_Kernel<16, half>_Pipeline_CBI_NORM|  return value|
|grp_fu_1618_p_ce                                                                              |  out|    1|  ap_ctrl_hs|                                  Universal_Engine_Kernel<16, half>_Pipeline_CBI_NORM|  return value|
|grp_fu_1622_p_din0                                                                            |  out|   16|  ap_ctrl_hs|                                  Universal_Engine_Kernel<16, half>_Pipeline_CBI_NORM|  return value|
|grp_fu_1622_p_din1                                                                            |  out|   16|  ap_ctrl_hs|                                  Universal_Engine_Kernel<16, half>_Pipeline_CBI_NORM|  return value|
|grp_fu_1622_p_dout0                                                                           |   in|   16|  ap_ctrl_hs|                                  Universal_Engine_Kernel<16, half>_Pipeline_CBI_NORM|  return value|
|grp_fu_1622_p_ce                                                                              |  out|    1|  ap_ctrl_hs|                                  Universal_Engine_Kernel<16, half>_Pipeline_CBI_NORM|  return value|
|grp_fu_1626_p_din0                                                                            |  out|   16|  ap_ctrl_hs|                                  Universal_Engine_Kernel<16, half>_Pipeline_CBI_NORM|  return value|
|grp_fu_1626_p_din1                                                                            |  out|   16|  ap_ctrl_hs|                                  Universal_Engine_Kernel<16, half>_Pipeline_CBI_NORM|  return value|
|grp_fu_1626_p_dout0                                                                           |   in|   16|  ap_ctrl_hs|                                  Universal_Engine_Kernel<16, half>_Pipeline_CBI_NORM|  return value|
|grp_fu_1626_p_ce                                                                              |  out|    1|  ap_ctrl_hs|                                  Universal_Engine_Kernel<16, half>_Pipeline_CBI_NORM|  return value|
|grp_fu_1630_p_din0                                                                            |  out|   16|  ap_ctrl_hs|                                  Universal_Engine_Kernel<16, half>_Pipeline_CBI_NORM|  return value|
|grp_fu_1630_p_din1                                                                            |  out|   16|  ap_ctrl_hs|                                  Universal_Engine_Kernel<16, half>_Pipeline_CBI_NORM|  return value|
|grp_fu_1630_p_dout0                                                                           |   in|   16|  ap_ctrl_hs|                                  Universal_Engine_Kernel<16, half>_Pipeline_CBI_NORM|  return value|
|grp_fu_1630_p_ce                                                                              |  out|    1|  ap_ctrl_hs|                                  Universal_Engine_Kernel<16, half>_Pipeline_CBI_NORM|  return value|
|grp_fu_1634_p_din0                                                                            |  out|   16|  ap_ctrl_hs|                                  Universal_Engine_Kernel<16, half>_Pipeline_CBI_NORM|  return value|
|grp_fu_1634_p_din1                                                                            |  out|   16|  ap_ctrl_hs|                                  Universal_Engine_Kernel<16, half>_Pipeline_CBI_NORM|  return value|
|grp_fu_1634_p_dout0                                                                           |   in|   16|  ap_ctrl_hs|                                  Universal_Engine_Kernel<16, half>_Pipeline_CBI_NORM|  return value|
|grp_fu_1634_p_ce                                                                              |  out|    1|  ap_ctrl_hs|                                  Universal_Engine_Kernel<16, half>_Pipeline_CBI_NORM|  return value|
|grp_fu_1638_p_din0                                                                            |  out|   16|  ap_ctrl_hs|                                  Universal_Engine_Kernel<16, half>_Pipeline_CBI_NORM|  return value|
|grp_fu_1638_p_din1                                                                            |  out|   16|  ap_ctrl_hs|                                  Universal_Engine_Kernel<16, half>_Pipeline_CBI_NORM|  return value|
|grp_fu_1638_p_dout0                                                                           |   in|   16|  ap_ctrl_hs|                                  Universal_Engine_Kernel<16, half>_Pipeline_CBI_NORM|  return value|
|grp_fu_1638_p_ce                                                                              |  out|    1|  ap_ctrl_hs|                                  Universal_Engine_Kernel<16, half>_Pipeline_CBI_NORM|  return value|
|grp_fu_1642_p_din0                                                                            |  out|   16|  ap_ctrl_hs|                                  Universal_Engine_Kernel<16, half>_Pipeline_CBI_NORM|  return value|
|grp_fu_1642_p_din1                                                                            |  out|   16|  ap_ctrl_hs|                                  Universal_Engine_Kernel<16, half>_Pipeline_CBI_NORM|  return value|
|grp_fu_1642_p_dout0                                                                           |   in|   16|  ap_ctrl_hs|                                  Universal_Engine_Kernel<16, half>_Pipeline_CBI_NORM|  return value|
|grp_fu_1642_p_ce                                                                              |  out|    1|  ap_ctrl_hs|                                  Universal_Engine_Kernel<16, half>_Pipeline_CBI_NORM|  return value|
|grp_fu_1713_p_din0                                                                            |  out|   16|  ap_ctrl_hs|                                  Universal_Engine_Kernel<16, half>_Pipeline_CBI_NORM|  return value|
|grp_fu_1713_p_din1                                                                            |  out|   16|  ap_ctrl_hs|                                  Universal_Engine_Kernel<16, half>_Pipeline_CBI_NORM|  return value|
|grp_fu_1713_p_dout0                                                                           |   in|   16|  ap_ctrl_hs|                                  Universal_Engine_Kernel<16, half>_Pipeline_CBI_NORM|  return value|
|grp_fu_1713_p_ce                                                                              |  out|    1|  ap_ctrl_hs|                                  Universal_Engine_Kernel<16, half>_Pipeline_CBI_NORM|  return value|
|grp_fu_1717_p_din0                                                                            |  out|   16|  ap_ctrl_hs|                                  Universal_Engine_Kernel<16, half>_Pipeline_CBI_NORM|  return value|
|grp_fu_1717_p_din1                                                                            |  out|   16|  ap_ctrl_hs|                                  Universal_Engine_Kernel<16, half>_Pipeline_CBI_NORM|  return value|
|grp_fu_1717_p_dout0                                                                           |   in|   16|  ap_ctrl_hs|                                  Universal_Engine_Kernel<16, half>_Pipeline_CBI_NORM|  return value|
|grp_fu_1717_p_ce                                                                              |  out|    1|  ap_ctrl_hs|                                  Universal_Engine_Kernel<16, half>_Pipeline_CBI_NORM|  return value|
|grp_fu_1721_p_din0                                                                            |  out|   16|  ap_ctrl_hs|                                  Universal_Engine_Kernel<16, half>_Pipeline_CBI_NORM|  return value|
|grp_fu_1721_p_din1                                                                            |  out|   16|  ap_ctrl_hs|                                  Universal_Engine_Kernel<16, half>_Pipeline_CBI_NORM|  return value|
|grp_fu_1721_p_dout0                                                                           |   in|   16|  ap_ctrl_hs|                                  Universal_Engine_Kernel<16, half>_Pipeline_CBI_NORM|  return value|
|grp_fu_1721_p_ce                                                                              |  out|    1|  ap_ctrl_hs|                                  Universal_Engine_Kernel<16, half>_Pipeline_CBI_NORM|  return value|
|grp_fu_1725_p_din0                                                                            |  out|   16|  ap_ctrl_hs|                                  Universal_Engine_Kernel<16, half>_Pipeline_CBI_NORM|  return value|
|grp_fu_1725_p_din1                                                                            |  out|   16|  ap_ctrl_hs|                                  Universal_Engine_Kernel<16, half>_Pipeline_CBI_NORM|  return value|
|grp_fu_1725_p_dout0                                                                           |   in|   16|  ap_ctrl_hs|                                  Universal_Engine_Kernel<16, half>_Pipeline_CBI_NORM|  return value|
|grp_fu_1725_p_ce                                                                              |  out|    1|  ap_ctrl_hs|                                  Universal_Engine_Kernel<16, half>_Pipeline_CBI_NORM|  return value|
|grp_fu_1729_p_din0                                                                            |  out|   16|  ap_ctrl_hs|                                  Universal_Engine_Kernel<16, half>_Pipeline_CBI_NORM|  return value|
|grp_fu_1729_p_din1                                                                            |  out|   16|  ap_ctrl_hs|                                  Universal_Engine_Kernel<16, half>_Pipeline_CBI_NORM|  return value|
|grp_fu_1729_p_dout0                                                                           |   in|   16|  ap_ctrl_hs|                                  Universal_Engine_Kernel<16, half>_Pipeline_CBI_NORM|  return value|
|grp_fu_1729_p_ce                                                                              |  out|    1|  ap_ctrl_hs|                                  Universal_Engine_Kernel<16, half>_Pipeline_CBI_NORM|  return value|
|grp_fu_1733_p_din0                                                                            |  out|   16|  ap_ctrl_hs|                                  Universal_Engine_Kernel<16, half>_Pipeline_CBI_NORM|  return value|
|grp_fu_1733_p_din1                                                                            |  out|   16|  ap_ctrl_hs|                                  Universal_Engine_Kernel<16, half>_Pipeline_CBI_NORM|  return value|
|grp_fu_1733_p_dout0                                                                           |   in|   16|  ap_ctrl_hs|                                  Universal_Engine_Kernel<16, half>_Pipeline_CBI_NORM|  return value|
|grp_fu_1733_p_ce                                                                              |  out|    1|  ap_ctrl_hs|                                  Universal_Engine_Kernel<16, half>_Pipeline_CBI_NORM|  return value|
|grp_fu_1737_p_din0                                                                            |  out|   16|  ap_ctrl_hs|                                  Universal_Engine_Kernel<16, half>_Pipeline_CBI_NORM|  return value|
|grp_fu_1737_p_din1                                                                            |  out|   16|  ap_ctrl_hs|                                  Universal_Engine_Kernel<16, half>_Pipeline_CBI_NORM|  return value|
|grp_fu_1737_p_dout0                                                                           |   in|   16|  ap_ctrl_hs|                                  Universal_Engine_Kernel<16, half>_Pipeline_CBI_NORM|  return value|
|grp_fu_1737_p_ce                                                                              |  out|    1|  ap_ctrl_hs|                                  Universal_Engine_Kernel<16, half>_Pipeline_CBI_NORM|  return value|
|grp_fu_1741_p_din0                                                                            |  out|   16|  ap_ctrl_hs|                                  Universal_Engine_Kernel<16, half>_Pipeline_CBI_NORM|  return value|
|grp_fu_1741_p_din1                                                                            |  out|   16|  ap_ctrl_hs|                                  Universal_Engine_Kernel<16, half>_Pipeline_CBI_NORM|  return value|
|grp_fu_1741_p_dout0                                                                           |   in|   16|  ap_ctrl_hs|                                  Universal_Engine_Kernel<16, half>_Pipeline_CBI_NORM|  return value|
|grp_fu_1741_p_ce                                                                              |  out|    1|  ap_ctrl_hs|                                  Universal_Engine_Kernel<16, half>_Pipeline_CBI_NORM|  return value|
|grp_fu_1745_p_din0                                                                            |  out|   16|  ap_ctrl_hs|                                  Universal_Engine_Kernel<16, half>_Pipeline_CBI_NORM|  return value|
|grp_fu_1745_p_din1                                                                            |  out|   16|  ap_ctrl_hs|                                  Universal_Engine_Kernel<16, half>_Pipeline_CBI_NORM|  return value|
|grp_fu_1745_p_dout0                                                                           |   in|   16|  ap_ctrl_hs|                                  Universal_Engine_Kernel<16, half>_Pipeline_CBI_NORM|  return value|
|grp_fu_1745_p_ce                                                                              |  out|    1|  ap_ctrl_hs|                                  Universal_Engine_Kernel<16, half>_Pipeline_CBI_NORM|  return value|
|grp_fu_1749_p_din0                                                                            |  out|   16|  ap_ctrl_hs|                                  Universal_Engine_Kernel<16, half>_Pipeline_CBI_NORM|  return value|
|grp_fu_1749_p_din1                                                                            |  out|   16|  ap_ctrl_hs|                                  Universal_Engine_Kernel<16, half>_Pipeline_CBI_NORM|  return value|
|grp_fu_1749_p_dout0                                                                           |   in|   16|  ap_ctrl_hs|                                  Universal_Engine_Kernel<16, half>_Pipeline_CBI_NORM|  return value|
|grp_fu_1749_p_ce                                                                              |  out|    1|  ap_ctrl_hs|                                  Universal_Engine_Kernel<16, half>_Pipeline_CBI_NORM|  return value|
|grp_fu_1753_p_din0                                                                            |  out|   16|  ap_ctrl_hs|                                  Universal_Engine_Kernel<16, half>_Pipeline_CBI_NORM|  return value|
|grp_fu_1753_p_din1                                                                            |  out|   16|  ap_ctrl_hs|                                  Universal_Engine_Kernel<16, half>_Pipeline_CBI_NORM|  return value|
|grp_fu_1753_p_dout0                                                                           |   in|   16|  ap_ctrl_hs|                                  Universal_Engine_Kernel<16, half>_Pipeline_CBI_NORM|  return value|
|grp_fu_1753_p_ce                                                                              |  out|    1|  ap_ctrl_hs|                                  Universal_Engine_Kernel<16, half>_Pipeline_CBI_NORM|  return value|
|grp_fu_1757_p_din0                                                                            |  out|   16|  ap_ctrl_hs|                                  Universal_Engine_Kernel<16, half>_Pipeline_CBI_NORM|  return value|
|grp_fu_1757_p_din1                                                                            |  out|   16|  ap_ctrl_hs|                                  Universal_Engine_Kernel<16, half>_Pipeline_CBI_NORM|  return value|
|grp_fu_1757_p_dout0                                                                           |   in|   16|  ap_ctrl_hs|                                  Universal_Engine_Kernel<16, half>_Pipeline_CBI_NORM|  return value|
|grp_fu_1757_p_ce                                                                              |  out|    1|  ap_ctrl_hs|                                  Universal_Engine_Kernel<16, half>_Pipeline_CBI_NORM|  return value|
|grp_fu_1761_p_din0                                                                            |  out|   16|  ap_ctrl_hs|                                  Universal_Engine_Kernel<16, half>_Pipeline_CBI_NORM|  return value|
|grp_fu_1761_p_din1                                                                            |  out|   16|  ap_ctrl_hs|                                  Universal_Engine_Kernel<16, half>_Pipeline_CBI_NORM|  return value|
|grp_fu_1761_p_dout0                                                                           |   in|   16|  ap_ctrl_hs|                                  Universal_Engine_Kernel<16, half>_Pipeline_CBI_NORM|  return value|
|grp_fu_1761_p_ce                                                                              |  out|    1|  ap_ctrl_hs|                                  Universal_Engine_Kernel<16, half>_Pipeline_CBI_NORM|  return value|
|grp_fu_1765_p_din0                                                                            |  out|   16|  ap_ctrl_hs|                                  Universal_Engine_Kernel<16, half>_Pipeline_CBI_NORM|  return value|
|grp_fu_1765_p_din1                                                                            |  out|   16|  ap_ctrl_hs|                                  Universal_Engine_Kernel<16, half>_Pipeline_CBI_NORM|  return value|
|grp_fu_1765_p_dout0                                                                           |   in|   16|  ap_ctrl_hs|                                  Universal_Engine_Kernel<16, half>_Pipeline_CBI_NORM|  return value|
|grp_fu_1765_p_ce                                                                              |  out|    1|  ap_ctrl_hs|                                  Universal_Engine_Kernel<16, half>_Pipeline_CBI_NORM|  return value|
|grp_fu_1769_p_din0                                                                            |  out|   16|  ap_ctrl_hs|                                  Universal_Engine_Kernel<16, half>_Pipeline_CBI_NORM|  return value|
|grp_fu_1769_p_din1                                                                            |  out|   16|  ap_ctrl_hs|                                  Universal_Engine_Kernel<16, half>_Pipeline_CBI_NORM|  return value|
|grp_fu_1769_p_dout0                                                                           |   in|   16|  ap_ctrl_hs|                                  Universal_Engine_Kernel<16, half>_Pipeline_CBI_NORM|  return value|
|grp_fu_1769_p_ce                                                                              |  out|    1|  ap_ctrl_hs|                                  Universal_Engine_Kernel<16, half>_Pipeline_CBI_NORM|  return value|
|grp_fu_1773_p_din0                                                                            |  out|   16|  ap_ctrl_hs|                                  Universal_Engine_Kernel<16, half>_Pipeline_CBI_NORM|  return value|
|grp_fu_1773_p_din1                                                                            |  out|   16|  ap_ctrl_hs|                                  Universal_Engine_Kernel<16, half>_Pipeline_CBI_NORM|  return value|
|grp_fu_1773_p_dout0                                                                           |   in|   16|  ap_ctrl_hs|                                  Universal_Engine_Kernel<16, half>_Pipeline_CBI_NORM|  return value|
|grp_fu_1773_p_ce                                                                              |  out|    1|  ap_ctrl_hs|                                  Universal_Engine_Kernel<16, half>_Pipeline_CBI_NORM|  return value|
|mul_ln223                                                                                     |   in|    8|     ap_none|                                                                            mul_ln223|        scalar|
|pix_address0                                                                                  |  out|    4|   ap_memory|                                                                                  pix|         array|
|pix_ce0                                                                                       |  out|    1|   ap_memory|                                                                                  pix|         array|
|pix_q0                                                                                        |   in|  256|   ap_memory|                                                                                  pix|         array|
|g_in_buf_address0                                                                             |  out|    4|   ap_memory|                                                                             g_in_buf|         array|
|g_in_buf_ce0                                                                                  |  out|    1|   ap_memory|                                                                             g_in_buf|         array|
|g_in_buf_q0                                                                                   |   in|  256|   ap_memory|                                                                             g_in_buf|         array|
|be_in_buf_address0                                                                            |  out|    4|   ap_memory|                                                                            be_in_buf|         array|
|be_in_buf_ce0                                                                                 |  out|    1|   ap_memory|                                                                            be_in_buf|         array|
|be_in_buf_q0                                                                                  |   in|  256|   ap_memory|                                                                            be_in_buf|         array|
|conv9                                                                                         |   in|   16|     ap_none|                                                                                conv9|        scalar|
|inv_std                                                                                       |   in|   16|     ap_none|                                                                              inv_std|        scalar|
|w                                                                                             |   in|    4|     ap_none|                                                                                    w|        scalar|
|void_Universal_Engine_Kernel_ap_uint_const_ap_uint_const_ap_uint_const_ap_uin_9_address1      |  out|    8|   ap_memory|      void_Universal_Engine_Kernel_ap_uint_const_ap_uint_const_ap_uint_const_ap_uin_9|         array|
|void_Universal_Engine_Kernel_ap_uint_const_ap_uint_const_ap_uint_const_ap_uin_9_ce1           |  out|    1|   ap_memory|      void_Universal_Engine_Kernel_ap_uint_const_ap_uint_const_ap_uint_const_ap_uin_9|         array|
|void_Universal_Engine_Kernel_ap_uint_const_ap_uint_const_ap_uint_const_ap_uin_9_we1           |  out|    1|   ap_memory|      void_Universal_Engine_Kernel_ap_uint_const_ap_uint_const_ap_uint_const_ap_uin_9|         array|
|void_Universal_Engine_Kernel_ap_uint_const_ap_uint_const_ap_uint_const_ap_uin_9_d1            |  out|  256|   ap_memory|      void_Universal_Engine_Kernel_ap_uint_const_ap_uint_const_ap_uint_const_ap_uin_9|         array|
|void_Universal_Engine_Kernel_ap_uint_const_ap_uint_const_ap_uint_const_ap_uin_8_address1      |  out|    8|   ap_memory|      void_Universal_Engine_Kernel_ap_uint_const_ap_uint_const_ap_uint_const_ap_uin_8|         array|
|void_Universal_Engine_Kernel_ap_uint_const_ap_uint_const_ap_uint_const_ap_uin_8_ce1           |  out|    1|   ap_memory|      void_Universal_Engine_Kernel_ap_uint_const_ap_uint_const_ap_uint_const_ap_uin_8|         array|
|void_Universal_Engine_Kernel_ap_uint_const_ap_uint_const_ap_uint_const_ap_uin_8_we1           |  out|    1|   ap_memory|      void_Universal_Engine_Kernel_ap_uint_const_ap_uint_const_ap_uint_const_ap_uin_8|         array|
|void_Universal_Engine_Kernel_ap_uint_const_ap_uint_const_ap_uint_const_ap_uin_8_d1            |  out|  256|   ap_memory|      void_Universal_Engine_Kernel_ap_uint_const_ap_uint_const_ap_uint_const_ap_uin_8|         array|
|void_Universal_Engine_Kernel_ap_uint_const_ap_uint_const_ap_uint_const_ap_uin_7_address1      |  out|    8|   ap_memory|      void_Universal_Engine_Kernel_ap_uint_const_ap_uint_const_ap_uint_const_ap_uin_7|         array|
|void_Universal_Engine_Kernel_ap_uint_const_ap_uint_const_ap_uint_const_ap_uin_7_ce1           |  out|    1|   ap_memory|      void_Universal_Engine_Kernel_ap_uint_const_ap_uint_const_ap_uint_const_ap_uin_7|         array|
|void_Universal_Engine_Kernel_ap_uint_const_ap_uint_const_ap_uint_const_ap_uin_7_we1           |  out|    1|   ap_memory|      void_Universal_Engine_Kernel_ap_uint_const_ap_uint_const_ap_uint_const_ap_uin_7|         array|
|void_Universal_Engine_Kernel_ap_uint_const_ap_uint_const_ap_uint_const_ap_uin_7_d1            |  out|  256|   ap_memory|      void_Universal_Engine_Kernel_ap_uint_const_ap_uint_const_ap_uint_const_ap_uin_7|         array|
|void_Universal_Engine_Kernel_ap_uint_const_ap_uint_const_ap_uint_const_ap_uin_6_address1      |  out|    8|   ap_memory|      void_Universal_Engine_Kernel_ap_uint_const_ap_uint_const_ap_uint_const_ap_uin_6|         array|
|void_Universal_Engine_Kernel_ap_uint_const_ap_uint_const_ap_uint_const_ap_uin_6_ce1           |  out|    1|   ap_memory|      void_Universal_Engine_Kernel_ap_uint_const_ap_uint_const_ap_uint_const_ap_uin_6|         array|
|void_Universal_Engine_Kernel_ap_uint_const_ap_uint_const_ap_uint_const_ap_uin_6_we1           |  out|    1|   ap_memory|      void_Universal_Engine_Kernel_ap_uint_const_ap_uint_const_ap_uint_const_ap_uin_6|         array|
|void_Universal_Engine_Kernel_ap_uint_const_ap_uint_const_ap_uint_const_ap_uin_6_d1            |  out|  256|   ap_memory|      void_Universal_Engine_Kernel_ap_uint_const_ap_uint_const_ap_uint_const_ap_uin_6|         array|
|void_Universal_Engine_Kernel_ap_uint_const_ap_uint_const_ap_uint_const_ap_uin_5_address1      |  out|    8|   ap_memory|      void_Universal_Engine_Kernel_ap_uint_const_ap_uint_const_ap_uint_const_ap_uin_5|         array|
|void_Universal_Engine_Kernel_ap_uint_const_ap_uint_const_ap_uint_const_ap_uin_5_ce1           |  out|    1|   ap_memory|      void_Universal_Engine_Kernel_ap_uint_const_ap_uint_const_ap_uint_const_ap_uin_5|         array|
|void_Universal_Engine_Kernel_ap_uint_const_ap_uint_const_ap_uint_const_ap_uin_5_we1           |  out|    1|   ap_memory|      void_Universal_Engine_Kernel_ap_uint_const_ap_uint_const_ap_uint_const_ap_uin_5|         array|
|void_Universal_Engine_Kernel_ap_uint_const_ap_uint_const_ap_uint_const_ap_uin_5_d1            |  out|  256|   ap_memory|      void_Universal_Engine_Kernel_ap_uint_const_ap_uint_const_ap_uint_const_ap_uin_5|         array|
|void_Universal_Engine_Kernel_ap_uint_const_ap_uint_const_ap_uint_const_ap_uin_4_address1      |  out|    8|   ap_memory|      void_Universal_Engine_Kernel_ap_uint_const_ap_uint_const_ap_uint_const_ap_uin_4|         array|
|void_Universal_Engine_Kernel_ap_uint_const_ap_uint_const_ap_uint_const_ap_uin_4_ce1           |  out|    1|   ap_memory|      void_Universal_Engine_Kernel_ap_uint_const_ap_uint_const_ap_uint_const_ap_uin_4|         array|
|void_Universal_Engine_Kernel_ap_uint_const_ap_uint_const_ap_uint_const_ap_uin_4_we1           |  out|    1|   ap_memory|      void_Universal_Engine_Kernel_ap_uint_const_ap_uint_const_ap_uint_const_ap_uin_4|         array|
|void_Universal_Engine_Kernel_ap_uint_const_ap_uint_const_ap_uint_const_ap_uin_4_d1            |  out|  256|   ap_memory|      void_Universal_Engine_Kernel_ap_uint_const_ap_uint_const_ap_uint_const_ap_uin_4|         array|
|void_Universal_Engine_Kernel_ap_uint_const_ap_uint_const_ap_uint_const_ap_uin_3_address1      |  out|    8|   ap_memory|      void_Universal_Engine_Kernel_ap_uint_const_ap_uint_const_ap_uint_const_ap_uin_3|         array|
|void_Universal_Engine_Kernel_ap_uint_const_ap_uint_const_ap_uint_const_ap_uin_3_ce1           |  out|    1|   ap_memory|      void_Universal_Engine_Kernel_ap_uint_const_ap_uint_const_ap_uint_const_ap_uin_3|         array|
|void_Universal_Engine_Kernel_ap_uint_const_ap_uint_const_ap_uint_const_ap_uin_3_we1           |  out|    1|   ap_memory|      void_Universal_Engine_Kernel_ap_uint_const_ap_uint_const_ap_uint_const_ap_uin_3|         array|
|void_Universal_Engine_Kernel_ap_uint_const_ap_uint_const_ap_uint_const_ap_uin_3_d1            |  out|  256|   ap_memory|      void_Universal_Engine_Kernel_ap_uint_const_ap_uint_const_ap_uint_const_ap_uin_3|         array|
|void_Universal_Engine_Kernel_ap_uint_const_ap_uint_const_ap_uint_const_ap_uin_2_address1      |  out|    8|   ap_memory|      void_Universal_Engine_Kernel_ap_uint_const_ap_uint_const_ap_uint_const_ap_uin_2|         array|
|void_Universal_Engine_Kernel_ap_uint_const_ap_uint_const_ap_uint_const_ap_uin_2_ce1           |  out|    1|   ap_memory|      void_Universal_Engine_Kernel_ap_uint_const_ap_uint_const_ap_uint_const_ap_uin_2|         array|
|void_Universal_Engine_Kernel_ap_uint_const_ap_uint_const_ap_uint_const_ap_uin_2_we1           |  out|    1|   ap_memory|      void_Universal_Engine_Kernel_ap_uint_const_ap_uint_const_ap_uint_const_ap_uin_2|         array|
|void_Universal_Engine_Kernel_ap_uint_const_ap_uint_const_ap_uint_const_ap_uin_2_d1            |  out|  256|   ap_memory|      void_Universal_Engine_Kernel_ap_uint_const_ap_uint_const_ap_uint_const_ap_uin_2|         array|
|void_Universal_Engine_Kernel_ap_uint_const_ap_uint_const_ap_uint_const_ap_uin_1_address1      |  out|    8|   ap_memory|      void_Universal_Engine_Kernel_ap_uint_const_ap_uint_const_ap_uint_const_ap_uin_1|         array|
|void_Universal_Engine_Kernel_ap_uint_const_ap_uint_const_ap_uint_const_ap_uin_1_ce1           |  out|    1|   ap_memory|      void_Universal_Engine_Kernel_ap_uint_const_ap_uint_const_ap_uint_const_ap_uin_1|         array|
|void_Universal_Engine_Kernel_ap_uint_const_ap_uint_const_ap_uint_const_ap_uin_1_we1           |  out|    1|   ap_memory|      void_Universal_Engine_Kernel_ap_uint_const_ap_uint_const_ap_uint_const_ap_uin_1|         array|
|void_Universal_Engine_Kernel_ap_uint_const_ap_uint_const_ap_uint_const_ap_uin_1_d1            |  out|  256|   ap_memory|      void_Universal_Engine_Kernel_ap_uint_const_ap_uint_const_ap_uint_const_ap_uin_1|         array|
|void_Universal_Engine_Kernel_ap_uint_const_ap_uint_const_ap_uint_const_ap_uin_address1        |  out|    8|   ap_memory|        void_Universal_Engine_Kernel_ap_uint_const_ap_uint_const_ap_uint_const_ap_uin|         array|
|void_Universal_Engine_Kernel_ap_uint_const_ap_uint_const_ap_uint_const_ap_uin_ce1             |  out|    1|   ap_memory|        void_Universal_Engine_Kernel_ap_uint_const_ap_uint_const_ap_uint_const_ap_uin|         array|
|void_Universal_Engine_Kernel_ap_uint_const_ap_uint_const_ap_uint_const_ap_uin_we1             |  out|    1|   ap_memory|        void_Universal_Engine_Kernel_ap_uint_const_ap_uint_const_ap_uint_const_ap_uin|         array|
|void_Universal_Engine_Kernel_ap_uint_const_ap_uint_const_ap_uint_const_ap_uin_d1              |  out|  256|   ap_memory|        void_Universal_Engine_Kernel_ap_uint_const_ap_uint_const_ap_uint_const_ap_uin|         array|
|p_ZZL23Universal_Engine_KernelILi16EDhEvPK7ap_uintILi256EES3_S3_S3_S3_S3_S3_PS1_S_5_address1  |  out|    8|   ap_memory|  p_ZZL23Universal_Engine_KernelILi16EDhEvPK7ap_uintILi256EES3_S3_S3_S3_S3_S3_PS1_S_5|         array|
|p_ZZL23Universal_Engine_KernelILi16EDhEvPK7ap_uintILi256EES3_S3_S3_S3_S3_S3_PS1_S_5_ce1       |  out|    1|   ap_memory|  p_ZZL23Universal_Engine_KernelILi16EDhEvPK7ap_uintILi256EES3_S3_S3_S3_S3_S3_PS1_S_5|         array|
|p_ZZL23Universal_Engine_KernelILi16EDhEvPK7ap_uintILi256EES3_S3_S3_S3_S3_S3_PS1_S_5_we1       |  out|    1|   ap_memory|  p_ZZL23Universal_Engine_KernelILi16EDhEvPK7ap_uintILi256EES3_S3_S3_S3_S3_S3_PS1_S_5|         array|
|p_ZZL23Universal_Engine_KernelILi16EDhEvPK7ap_uintILi256EES3_S3_S3_S3_S3_S3_PS1_S_5_d1        |  out|  256|   ap_memory|  p_ZZL23Universal_Engine_KernelILi16EDhEvPK7ap_uintILi256EES3_S3_S3_S3_S3_S3_PS1_S_5|         array|
|p_ZZL23Universal_Engine_KernelILi16EDhEvPK7ap_uintILi256EES3_S3_S3_S3_S3_S3_PS1_S_4_address1  |  out|    8|   ap_memory|  p_ZZL23Universal_Engine_KernelILi16EDhEvPK7ap_uintILi256EES3_S3_S3_S3_S3_S3_PS1_S_4|         array|
|p_ZZL23Universal_Engine_KernelILi16EDhEvPK7ap_uintILi256EES3_S3_S3_S3_S3_S3_PS1_S_4_ce1       |  out|    1|   ap_memory|  p_ZZL23Universal_Engine_KernelILi16EDhEvPK7ap_uintILi256EES3_S3_S3_S3_S3_S3_PS1_S_4|         array|
|p_ZZL23Universal_Engine_KernelILi16EDhEvPK7ap_uintILi256EES3_S3_S3_S3_S3_S3_PS1_S_4_we1       |  out|    1|   ap_memory|  p_ZZL23Universal_Engine_KernelILi16EDhEvPK7ap_uintILi256EES3_S3_S3_S3_S3_S3_PS1_S_4|         array|
|p_ZZL23Universal_Engine_KernelILi16EDhEvPK7ap_uintILi256EES3_S3_S3_S3_S3_S3_PS1_S_4_d1        |  out|  256|   ap_memory|  p_ZZL23Universal_Engine_KernelILi16EDhEvPK7ap_uintILi256EES3_S3_S3_S3_S3_S3_PS1_S_4|         array|
|p_ZZL23Universal_Engine_KernelILi16EDhEvPK7ap_uintILi256EES3_S3_S3_S3_S3_S3_PS1_S_3_address1  |  out|    8|   ap_memory|  p_ZZL23Universal_Engine_KernelILi16EDhEvPK7ap_uintILi256EES3_S3_S3_S3_S3_S3_PS1_S_3|         array|
|p_ZZL23Universal_Engine_KernelILi16EDhEvPK7ap_uintILi256EES3_S3_S3_S3_S3_S3_PS1_S_3_ce1       |  out|    1|   ap_memory|  p_ZZL23Universal_Engine_KernelILi16EDhEvPK7ap_uintILi256EES3_S3_S3_S3_S3_S3_PS1_S_3|         array|
|p_ZZL23Universal_Engine_KernelILi16EDhEvPK7ap_uintILi256EES3_S3_S3_S3_S3_S3_PS1_S_3_we1       |  out|    1|   ap_memory|  p_ZZL23Universal_Engine_KernelILi16EDhEvPK7ap_uintILi256EES3_S3_S3_S3_S3_S3_PS1_S_3|         array|
|p_ZZL23Universal_Engine_KernelILi16EDhEvPK7ap_uintILi256EES3_S3_S3_S3_S3_S3_PS1_S_3_d1        |  out|  256|   ap_memory|  p_ZZL23Universal_Engine_KernelILi16EDhEvPK7ap_uintILi256EES3_S3_S3_S3_S3_S3_PS1_S_3|         array|
|p_ZZL23Universal_Engine_KernelILi16EDhEvPK7ap_uintILi256EES3_S3_S3_S3_S3_S3_PS1_S_2_address1  |  out|    8|   ap_memory|  p_ZZL23Universal_Engine_KernelILi16EDhEvPK7ap_uintILi256EES3_S3_S3_S3_S3_S3_PS1_S_2|         array|
|p_ZZL23Universal_Engine_KernelILi16EDhEvPK7ap_uintILi256EES3_S3_S3_S3_S3_S3_PS1_S_2_ce1       |  out|    1|   ap_memory|  p_ZZL23Universal_Engine_KernelILi16EDhEvPK7ap_uintILi256EES3_S3_S3_S3_S3_S3_PS1_S_2|         array|
|p_ZZL23Universal_Engine_KernelILi16EDhEvPK7ap_uintILi256EES3_S3_S3_S3_S3_S3_PS1_S_2_we1       |  out|    1|   ap_memory|  p_ZZL23Universal_Engine_KernelILi16EDhEvPK7ap_uintILi256EES3_S3_S3_S3_S3_S3_PS1_S_2|         array|
|p_ZZL23Universal_Engine_KernelILi16EDhEvPK7ap_uintILi256EES3_S3_S3_S3_S3_S3_PS1_S_2_d1        |  out|  256|   ap_memory|  p_ZZL23Universal_Engine_KernelILi16EDhEvPK7ap_uintILi256EES3_S3_S3_S3_S3_S3_PS1_S_2|         array|
|p_ZZL23Universal_Engine_KernelILi16EDhEvPK7ap_uintILi256EES3_S3_S3_S3_S3_S3_PS1_S_1_address1  |  out|    8|   ap_memory|  p_ZZL23Universal_Engine_KernelILi16EDhEvPK7ap_uintILi256EES3_S3_S3_S3_S3_S3_PS1_S_1|         array|
|p_ZZL23Universal_Engine_KernelILi16EDhEvPK7ap_uintILi256EES3_S3_S3_S3_S3_S3_PS1_S_1_ce1       |  out|    1|   ap_memory|  p_ZZL23Universal_Engine_KernelILi16EDhEvPK7ap_uintILi256EES3_S3_S3_S3_S3_S3_PS1_S_1|         array|
|p_ZZL23Universal_Engine_KernelILi16EDhEvPK7ap_uintILi256EES3_S3_S3_S3_S3_S3_PS1_S_1_we1       |  out|    1|   ap_memory|  p_ZZL23Universal_Engine_KernelILi16EDhEvPK7ap_uintILi256EES3_S3_S3_S3_S3_S3_PS1_S_1|         array|
|p_ZZL23Universal_Engine_KernelILi16EDhEvPK7ap_uintILi256EES3_S3_S3_S3_S3_S3_PS1_S_1_d1        |  out|  256|   ap_memory|  p_ZZL23Universal_Engine_KernelILi16EDhEvPK7ap_uintILi256EES3_S3_S3_S3_S3_S3_PS1_S_1|         array|
|p_ZZL23Universal_Engine_KernelILi16EDhEvPK7ap_uintILi256EES3_S3_S3_S3_S3_S3_PS1_S_address1    |  out|    8|   ap_memory|    p_ZZL23Universal_Engine_KernelILi16EDhEvPK7ap_uintILi256EES3_S3_S3_S3_S3_S3_PS1_S|         array|
|p_ZZL23Universal_Engine_KernelILi16EDhEvPK7ap_uintILi256EES3_S3_S3_S3_S3_S3_PS1_S_ce1         |  out|    1|   ap_memory|    p_ZZL23Universal_Engine_KernelILi16EDhEvPK7ap_uintILi256EES3_S3_S3_S3_S3_S3_PS1_S|         array|
|p_ZZL23Universal_Engine_KernelILi16EDhEvPK7ap_uintILi256EES3_S3_S3_S3_S3_S3_PS1_S_we1         |  out|    1|   ap_memory|    p_ZZL23Universal_Engine_KernelILi16EDhEvPK7ap_uintILi256EES3_S3_S3_S3_S3_S3_PS1_S|         array|
|p_ZZL23Universal_Engine_KernelILi16EDhEvPK7ap_uintILi256EES3_S3_S3_S3_S3_S3_PS1_S_d1          |  out|  256|   ap_memory|    p_ZZL23Universal_Engine_KernelILi16EDhEvPK7ap_uintILi256EES3_S3_S3_S3_S3_S3_PS1_S|         array|
+----------------------------------------------------------------------------------------------+-----+-----+------------+-------------------------------------------------------------------------------------+--------------+

