

================================================================
== Vitis HLS Report for 'Universal_Engine_Kernel_16_half_Pipeline_LOAD_CBI_PARAMS'
================================================================
* Date:           Fri May 22 08:50:19 2026

* Version:        2024.2 (Build 5238294 on Nov  8 2024)
* Project:        prj
* Solution:       solution1 (Vitis Kernel Flow Target)
* Product family: zynquplus
* Target device:  xczu7ev-ffvc1156-2-e


================================================================
== Performance Estimates
================================================================
+ Timing: 
    * Summary: 
    +--------+---------+----------+------------+
    |  Clock |  Target | Estimated| Uncertainty|
    +--------+---------+----------+------------+
    |ap_clk  |  3.33 ns|  2.433 ns|     0.90 ns|
    +--------+---------+----------+------------+

+ Latency: 
    * Summary: 
    +---------+---------+----------+----------+-----+-----+------------------------------------------------+
    |  Latency (cycles) |  Latency (absolute) |  Interval |                    Pipeline                    |
    |   min   |   max   |    min   |    max   | min | max |                      Type                      |
    +---------+---------+----------+----------+-----+-----+------------------------------------------------+
    |      102|      102|  0.340 us|  0.340 us|   30|   30|  loop auto-rewind stp (delay=0 clock cycles(s))|
    +---------+---------+----------+----------+-----+-----+------------------------------------------------+

    + Detail: 
        * Instance: 
        N/A

        * Loop: 
        +-------------------+---------+---------+----------+-----------+-----------+------+----------+
        |                   |  Latency (cycles) | Iteration|  Initiation Interval  | Trip |          |
        |     Loop Name     |   min   |   max   |  Latency |  achieved |   target  | Count| Pipelined|
        +-------------------+---------+---------+----------+-----------+-----------+------+----------+
        |- LOAD_CBI_PARAMS  |      100|      100|        75|          2|          1|    14|       yes|
        +-------------------+---------+---------+----------+-----------+-----------+------+----------+



================================================================
== Utilization Estimates
================================================================
* Summary: 
+-----------------+---------+------+--------+--------+-----+
|       Name      | BRAM_18K|  DSP |   FF   |   LUT  | URAM|
+-----------------+---------+------+--------+--------+-----+
|DSP              |        -|     -|       -|       -|    -|
|Expression       |        -|     -|       0|     211|    -|
|FIFO             |        -|     -|       -|       -|    -|
|Instance         |        -|     -|       -|       -|    -|
|Memory           |        -|     -|       -|       -|    -|
|Multiplexer      |        -|     -|       0|     424|    -|
|Register         |        -|     -|     854|      64|    -|
+-----------------+---------+------+--------+--------+-----+
|Total            |        0|     0|     854|     699|    0|
+-----------------+---------+------+--------+--------+-----+
|Available        |      624|  1728|  460800|  230400|   96|
+-----------------+---------+------+--------+--------+-----+
|Utilization (%)  |        0|     0|      ~0|      ~0|    0|
+-----------------+---------+------+--------+--------+-----+

+ Detail: 
    * Instance: 
    N/A

    * DSP: 
    N/A

    * Memory: 
    N/A

    * FIFO: 
    N/A

    * Expression: 
    +--------------------------------+----------+----+---+----+------------+------------+
    |          Variable Name         | Operation| DSP| FF| LUT| Bitwidth P0| Bitwidth P1|
    +--------------------------------+----------+----+---+----+------------+------------+
    |add_ln160_fu_170_p2             |         +|   0|  0|  12|           4|           1|
    |add_ln162_1_fu_198_p2           |         +|   0|  0|  71|          64|          64|
    |add_ln162_2_fu_232_p2           |         +|   0|  0|  14|           7|           7|
    |add_ln162_3_fu_253_p2           |         +|   0|  0|  71|          64|          64|
    |add_ln162_fu_180_p2             |         +|   0|  0|  15|           8|           8|
    |ap_block_pp0_stage0_11001_grp2  |       and|   0|  0|   2|           1|           1|
    |ap_block_pp0_stage0_11001_grp3  |       and|   0|  0|   2|           1|           1|
    |ap_block_pp0_stage1_11001_grp1  |       and|   0|  0|   2|           1|           1|
    |ap_block_pp0_stage1_11001_grp4  |       and|   0|  0|   2|           1|           1|
    |ap_block_state2_io_grp1         |       and|   0|  0|   2|           1|           1|
    |icmp_ln160_fu_164_p2            |      icmp|   0|  0|  12|           4|           3|
    |ap_block_pp0_stage0_11001       |        or|   0|  0|   2|           1|           1|
    |ap_block_pp0_stage1_11001       |        or|   0|  0|   2|           1|           1|
    |ap_enable_pp0                   |       xor|   0|  0|   2|           1|           2|
    +--------------------------------+----------+----+---+----+------------+------------+
    |Total                           |          |   0|  0| 211|         159|         156|
    +--------------------------------+----------+----+---+----+------------+------------+

    * Multiplexer: 
    +-----------------------------------+----+-----------+-----+-----------+
    |                Name               | LUT| Input Size| Bits| Total Bits|
    +-----------------------------------+----+-----------+-----+-----------+
    |ap_NS_fsm                          |  14|          3|    1|          3|
    |ap_done_int                        |   9|          2|    1|          2|
    |ap_enable_reg_pp0_iter0            |   9|          2|    1|          2|
    |ap_enable_reg_pp0_iter1            |   9|          2|    1|          2|
    |ap_enable_reg_pp0_iter37           |   9|          2|    1|          2|
    |ap_loop_exit_ready_pp0_iter10_reg  |   9|          2|    1|          2|
    |ap_loop_exit_ready_pp0_iter11_reg  |   9|          2|    1|          2|
    |ap_loop_exit_ready_pp0_iter12_reg  |   9|          2|    1|          2|
    |ap_loop_exit_ready_pp0_iter13_reg  |   9|          2|    1|          2|
    |ap_loop_exit_ready_pp0_iter14_reg  |   9|          2|    1|          2|
    |ap_loop_exit_ready_pp0_iter15_reg  |   9|          2|    1|          2|
    |ap_loop_exit_ready_pp0_iter16_reg  |   9|          2|    1|          2|
    |ap_loop_exit_ready_pp0_iter17_reg  |   9|          2|    1|          2|
    |ap_loop_exit_ready_pp0_iter18_reg  |   9|          2|    1|          2|
    |ap_loop_exit_ready_pp0_iter19_reg  |   9|          2|    1|          2|
    |ap_loop_exit_ready_pp0_iter1_reg   |   9|          2|    1|          2|
    |ap_loop_exit_ready_pp0_iter20_reg  |   9|          2|    1|          2|
    |ap_loop_exit_ready_pp0_iter21_reg  |   9|          2|    1|          2|
    |ap_loop_exit_ready_pp0_iter22_reg  |   9|          2|    1|          2|
    |ap_loop_exit_ready_pp0_iter23_reg  |   9|          2|    1|          2|
    |ap_loop_exit_ready_pp0_iter24_reg  |   9|          2|    1|          2|
    |ap_loop_exit_ready_pp0_iter25_reg  |   9|          2|    1|          2|
    |ap_loop_exit_ready_pp0_iter26_reg  |   9|          2|    1|          2|
    |ap_loop_exit_ready_pp0_iter27_reg  |   9|          2|    1|          2|
    |ap_loop_exit_ready_pp0_iter28_reg  |   9|          2|    1|          2|
    |ap_loop_exit_ready_pp0_iter29_reg  |   9|          2|    1|          2|
    |ap_loop_exit_ready_pp0_iter2_reg   |   9|          2|    1|          2|
    |ap_loop_exit_ready_pp0_iter30_reg  |   9|          2|    1|          2|
    |ap_loop_exit_ready_pp0_iter31_reg  |   9|          2|    1|          2|
    |ap_loop_exit_ready_pp0_iter32_reg  |   9|          2|    1|          2|
    |ap_loop_exit_ready_pp0_iter33_reg  |   9|          2|    1|          2|
    |ap_loop_exit_ready_pp0_iter34_reg  |   9|          2|    1|          2|
    |ap_loop_exit_ready_pp0_iter35_reg  |   9|          2|    1|          2|
    |ap_loop_exit_ready_pp0_iter36_reg  |   9|          2|    1|          2|
    |ap_loop_exit_ready_pp0_iter3_reg   |   9|          2|    1|          2|
    |ap_loop_exit_ready_pp0_iter4_reg   |   9|          2|    1|          2|
    |ap_loop_exit_ready_pp0_iter5_reg   |   9|          2|    1|          2|
    |ap_loop_exit_ready_pp0_iter6_reg   |   9|          2|    1|          2|
    |ap_loop_exit_ready_pp0_iter7_reg   |   9|          2|    1|          2|
    |ap_loop_exit_ready_pp0_iter8_reg   |   9|          2|    1|          2|
    |ap_loop_exit_ready_pp0_iter9_reg   |   9|          2|    1|          2|
    |ap_sig_allocacmp_i                 |   9|          2|    4|          8|
    |gmem_pf_blk_n_AR                   |   9|          2|    1|          2|
    |gmem_pf_blk_n_R                    |   9|          2|    1|          2|
    |i_1_fu_78                          |   9|          2|    4|          8|
    |m_axi_gmem_pf_0_ARADDR             |  14|          3|   64|        192|
    +-----------------------------------+----+-----------+-----+-----------+
    |Total                              | 424|         94|  115|        295|
    +-----------------------------------+----+-----------+-----+-----------+

    * Register: 
    +-------------------------------------------+-----+----+-----+-----------+
    |                    Name                   |  FF | LUT| Bits| Const Bits|
    +-------------------------------------------+-----+----+-----+-----------+
    |ap_CS_fsm                                  |    2|   0|    2|          0|
    |ap_block_pp0_stage0_subdone_grp0_done_reg  |    1|   0|    1|          0|
    |ap_block_pp0_stage0_subdone_grp2_done_reg  |    1|   0|    1|          0|
    |ap_block_pp0_stage0_subdone_grp3_done_reg  |    1|   0|    1|          0|
    |ap_block_pp0_stage1_subdone_grp0_done_reg  |    1|   0|    1|          0|
    |ap_block_pp0_stage1_subdone_grp1_done_reg  |    1|   0|    1|          0|
    |ap_block_pp0_stage1_subdone_grp4_done_reg  |    1|   0|    1|          0|
    |ap_done_reg                                |    1|   0|    1|          0|
    |ap_enable_reg_pp0_iter0_reg                |    1|   0|    1|          0|
    |ap_enable_reg_pp0_iter1                    |    1|   0|    1|          0|
    |ap_enable_reg_pp0_iter10                   |    1|   0|    1|          0|
    |ap_enable_reg_pp0_iter11                   |    1|   0|    1|          0|
    |ap_enable_reg_pp0_iter12                   |    1|   0|    1|          0|
    |ap_enable_reg_pp0_iter13                   |    1|   0|    1|          0|
    |ap_enable_reg_pp0_iter14                   |    1|   0|    1|          0|
    |ap_enable_reg_pp0_iter15                   |    1|   0|    1|          0|
    |ap_enable_reg_pp0_iter16                   |    1|   0|    1|          0|
    |ap_enable_reg_pp0_iter17                   |    1|   0|    1|          0|
    |ap_enable_reg_pp0_iter18                   |    1|   0|    1|          0|
    |ap_enable_reg_pp0_iter19                   |    1|   0|    1|          0|
    |ap_enable_reg_pp0_iter2                    |    1|   0|    1|          0|
    |ap_enable_reg_pp0_iter20                   |    1|   0|    1|          0|
    |ap_enable_reg_pp0_iter21                   |    1|   0|    1|          0|
    |ap_enable_reg_pp0_iter22                   |    1|   0|    1|          0|
    |ap_enable_reg_pp0_iter23                   |    1|   0|    1|          0|
    |ap_enable_reg_pp0_iter24                   |    1|   0|    1|          0|
    |ap_enable_reg_pp0_iter25                   |    1|   0|    1|          0|
    |ap_enable_reg_pp0_iter26                   |    1|   0|    1|          0|
    |ap_enable_reg_pp0_iter27                   |    1|   0|    1|          0|
    |ap_enable_reg_pp0_iter28                   |    1|   0|    1|          0|
    |ap_enable_reg_pp0_iter29                   |    1|   0|    1|          0|
    |ap_enable_reg_pp0_iter3                    |    1|   0|    1|          0|
    |ap_enable_reg_pp0_iter30                   |    1|   0|    1|          0|
    |ap_enable_reg_pp0_iter31                   |    1|   0|    1|          0|
    |ap_enable_reg_pp0_iter32                   |    1|   0|    1|          0|
    |ap_enable_reg_pp0_iter33                   |    1|   0|    1|          0|
    |ap_enable_reg_pp0_iter34                   |    1|   0|    1|          0|
    |ap_enable_reg_pp0_iter35                   |    1|   0|    1|          0|
    |ap_enable_reg_pp0_iter36                   |    1|   0|    1|          0|
    |ap_enable_reg_pp0_iter37                   |    1|   0|    1|          0|
    |ap_enable_reg_pp0_iter4                    |    1|   0|    1|          0|
    |ap_enable_reg_pp0_iter5                    |    1|   0|    1|          0|
    |ap_enable_reg_pp0_iter6                    |    1|   0|    1|          0|
    |ap_enable_reg_pp0_iter7                    |    1|   0|    1|          0|
    |ap_enable_reg_pp0_iter8                    |    1|   0|    1|          0|
    |ap_enable_reg_pp0_iter9                    |    1|   0|    1|          0|
    |ap_loop_exit_ready_pp0_iter10_reg          |    1|   0|    1|          0|
    |ap_loop_exit_ready_pp0_iter11_reg          |    1|   0|    1|          0|
    |ap_loop_exit_ready_pp0_iter12_reg          |    1|   0|    1|          0|
    |ap_loop_exit_ready_pp0_iter13_reg          |    1|   0|    1|          0|
    |ap_loop_exit_ready_pp0_iter14_reg          |    1|   0|    1|          0|
    |ap_loop_exit_ready_pp0_iter15_reg          |    1|   0|    1|          0|
    |ap_loop_exit_ready_pp0_iter16_reg          |    1|   0|    1|          0|
    |ap_loop_exit_ready_pp0_iter17_reg          |    1|   0|    1|          0|
    |ap_loop_exit_ready_pp0_iter18_reg          |    1|   0|    1|          0|
    |ap_loop_exit_ready_pp0_iter19_reg          |    1|   0|    1|          0|
    |ap_loop_exit_ready_pp0_iter1_reg           |    1|   0|    1|          0|
    |ap_loop_exit_ready_pp0_iter20_reg          |    1|   0|    1|          0|
    |ap_loop_exit_ready_pp0_iter21_reg          |    1|   0|    1|          0|
    |ap_loop_exit_ready_pp0_iter22_reg          |    1|   0|    1|          0|
    |ap_loop_exit_ready_pp0_iter23_reg          |    1|   0|    1|          0|
    |ap_loop_exit_ready_pp0_iter24_reg          |    1|   0|    1|          0|
    |ap_loop_exit_ready_pp0_iter25_reg          |    1|   0|    1|          0|
    |ap_loop_exit_ready_pp0_iter26_reg          |    1|   0|    1|          0|
    |ap_loop_exit_ready_pp0_iter27_reg          |    1|   0|    1|          0|
    |ap_loop_exit_ready_pp0_iter28_reg          |    1|   0|    1|          0|
    |ap_loop_exit_ready_pp0_iter29_reg          |    1|   0|    1|          0|
    |ap_loop_exit_ready_pp0_iter2_reg           |    1|   0|    1|          0|
    |ap_loop_exit_ready_pp0_iter30_reg          |    1|   0|    1|          0|
    |ap_loop_exit_ready_pp0_iter31_reg          |    1|   0|    1|          0|
    |ap_loop_exit_ready_pp0_iter32_reg          |    1|   0|    1|          0|
    |ap_loop_exit_ready_pp0_iter33_reg          |    1|   0|    1|          0|
    |ap_loop_exit_ready_pp0_iter34_reg          |    1|   0|    1|          0|
    |ap_loop_exit_ready_pp0_iter35_reg          |    1|   0|    1|          0|
    |ap_loop_exit_ready_pp0_iter36_reg          |    1|   0|    1|          0|
    |ap_loop_exit_ready_pp0_iter3_reg           |    1|   0|    1|          0|
    |ap_loop_exit_ready_pp0_iter4_reg           |    1|   0|    1|          0|
    |ap_loop_exit_ready_pp0_iter5_reg           |    1|   0|    1|          0|
    |ap_loop_exit_ready_pp0_iter6_reg           |    1|   0|    1|          0|
    |ap_loop_exit_ready_pp0_iter7_reg           |    1|   0|    1|          0|
    |ap_loop_exit_ready_pp0_iter8_reg           |    1|   0|    1|          0|
    |ap_loop_exit_ready_pp0_iter9_reg           |    1|   0|    1|          0|
    |gmem_pf_addr_3_read_reg_341                |  256|   0|  256|          0|
    |gmem_pf_addr_read_reg_331                  |  256|   0|  256|          0|
    |i_1_fu_78                                  |    4|   0|    4|          0|
    |i_reg_299                                  |    4|   0|    4|          0|
    |icmp_ln160_reg_305                         |    1|   0|    1|          0|
    |trunc_ln162_1_reg_320                      |   59|   0|   59|          0|
    |trunc_ln_reg_309                           |   59|   0|   59|          0|
    |zext_ln160_reg_336                         |    4|   0|   64|         60|
    |i_reg_299                                  |   64|  32|    4|          0|
    |icmp_ln160_reg_305                         |   64|  32|    1|          0|
    +-------------------------------------------+-----+----+-----+-----------+
    |Total                                      |  854|  64|  791|         60|
    +-------------------------------------------+-----+----+-----+-----------+



================================================================
== Interface
================================================================
* Summary: 
+--------------------------+-----+-----+------------+------------------------------------------------------------+--------------+
|         RTL Ports        | Dir | Bits|  Protocol  |                        Source Object                       |    C Type    |
+--------------------------+-----+-----+------------+------------------------------------------------------------+--------------+
|ap_clk                    |   in|    1|  ap_ctrl_hs|  Universal_Engine_Kernel<16, half>_Pipeline_LOAD_CBI_PARAMS|  return value|
|ap_rst                    |   in|    1|  ap_ctrl_hs|  Universal_Engine_Kernel<16, half>_Pipeline_LOAD_CBI_PARAMS|  return value|
|ap_start                  |   in|    1|  ap_ctrl_hs|  Universal_Engine_Kernel<16, half>_Pipeline_LOAD_CBI_PARAMS|  return value|
|ap_done                   |  out|    1|  ap_ctrl_hs|  Universal_Engine_Kernel<16, half>_Pipeline_LOAD_CBI_PARAMS|  return value|
|ap_idle                   |  out|    1|  ap_ctrl_hs|  Universal_Engine_Kernel<16, half>_Pipeline_LOAD_CBI_PARAMS|  return value|
|ap_ready                  |  out|    1|  ap_ctrl_hs|  Universal_Engine_Kernel<16, half>_Pipeline_LOAD_CBI_PARAMS|  return value|
|m_axi_gmem_pf_0_AWVALID   |  out|    1|       m_axi|                                                     gmem_pf|       pointer|
|m_axi_gmem_pf_0_AWREADY   |   in|    1|       m_axi|                                                     gmem_pf|       pointer|
|m_axi_gmem_pf_0_AWADDR    |  out|   64|       m_axi|                                                     gmem_pf|       pointer|
|m_axi_gmem_pf_0_AWID      |  out|    1|       m_axi|                                                     gmem_pf|       pointer|
|m_axi_gmem_pf_0_AWLEN     |  out|   32|       m_axi|                                                     gmem_pf|       pointer|
|m_axi_gmem_pf_0_AWSIZE    |  out|    3|       m_axi|                                                     gmem_pf|       pointer|
|m_axi_gmem_pf_0_AWBURST   |  out|    2|       m_axi|                                                     gmem_pf|       pointer|
|m_axi_gmem_pf_0_AWLOCK    |  out|    2|       m_axi|                                                     gmem_pf|       pointer|
|m_axi_gmem_pf_0_AWCACHE   |  out|    4|       m_axi|                                                     gmem_pf|       pointer|
|m_axi_gmem_pf_0_AWPROT    |  out|    3|       m_axi|                                                     gmem_pf|       pointer|
|m_axi_gmem_pf_0_AWQOS     |  out|    4|       m_axi|                                                     gmem_pf|       pointer|
|m_axi_gmem_pf_0_AWREGION  |  out|    4|       m_axi|                                                     gmem_pf|       pointer|
|m_axi_gmem_pf_0_AWUSER    |  out|    1|       m_axi|                                                     gmem_pf|       pointer|
|m_axi_gmem_pf_0_WVALID    |  out|    1|       m_axi|                                                     gmem_pf|       pointer|
|m_axi_gmem_pf_0_WREADY    |   in|    1|       m_axi|                                                     gmem_pf|       pointer|
|m_axi_gmem_pf_0_WDATA     |  out|  256|       m_axi|                                                     gmem_pf|       pointer|
|m_axi_gmem_pf_0_WSTRB     |  out|   32|       m_axi|                                                     gmem_pf|       pointer|
|m_axi_gmem_pf_0_WLAST     |  out|    1|       m_axi|                                                     gmem_pf|       pointer|
|m_axi_gmem_pf_0_WID       |  out|    1|       m_axi|                                                     gmem_pf|       pointer|
|m_axi_gmem_pf_0_WUSER     |  out|    1|       m_axi|                                                     gmem_pf|       pointer|
|m_axi_gmem_pf_0_ARVALID   |  out|    1|       m_axi|                                                     gmem_pf|       pointer|
|m_axi_gmem_pf_0_ARREADY   |   in|    1|       m_axi|                                                     gmem_pf|       pointer|
|m_axi_gmem_pf_0_ARADDR    |  out|   64|       m_axi|                                                     gmem_pf|       pointer|
|m_axi_gmem_pf_0_ARID      |  out|    1|       m_axi|                                                     gmem_pf|       pointer|
|m_axi_gmem_pf_0_ARLEN     |  out|   32|       m_axi|                                                     gmem_pf|       pointer|
|m_axi_gmem_pf_0_ARSIZE    |  out|    3|       m_axi|                                                     gmem_pf|       pointer|
|m_axi_gmem_pf_0_ARBURST   |  out|    2|       m_axi|                                                     gmem_pf|       pointer|
|m_axi_gmem_pf_0_ARLOCK    |  out|    2|       m_axi|                                                     gmem_pf|       pointer|
|m_axi_gmem_pf_0_ARCACHE   |  out|    4|       m_axi|                                                     gmem_pf|       pointer|
|m_axi_gmem_pf_0_ARPROT    |  out|    3|       m_axi|                                                     gmem_pf|       pointer|
|m_axi_gmem_pf_0_ARQOS     |  out|    4|       m_axi|                                                     gmem_pf|       pointer|
|m_axi_gmem_pf_0_ARREGION  |  out|    4|       m_axi|                                                     gmem_pf|       pointer|
|m_axi_gmem_pf_0_ARUSER    |  out|    1|       m_axi|                                                     gmem_pf|       pointer|
|m_axi_gmem_pf_0_RVALID    |   in|    1|       m_axi|                                                     gmem_pf|       pointer|
|m_axi_gmem_pf_0_RREADY    |  out|    1|       m_axi|                                                     gmem_pf|       pointer|
|m_axi_gmem_pf_0_RDATA     |   in|  256|       m_axi|                                                     gmem_pf|       pointer|
|m_axi_gmem_pf_0_RLAST     |   in|    1|       m_axi|                                                     gmem_pf|       pointer|
|m_axi_gmem_pf_0_RID       |   in|    1|       m_axi|                                                     gmem_pf|       pointer|
|m_axi_gmem_pf_0_RFIFONUM  |   in|   11|       m_axi|                                                     gmem_pf|       pointer|
|m_axi_gmem_pf_0_RUSER     |   in|    1|       m_axi|                                                     gmem_pf|       pointer|
|m_axi_gmem_pf_0_RRESP     |   in|    2|       m_axi|                                                     gmem_pf|       pointer|
|m_axi_gmem_pf_0_BVALID    |   in|    1|       m_axi|                                                     gmem_pf|       pointer|
|m_axi_gmem_pf_0_BREADY    |  out|    1|       m_axi|                                                     gmem_pf|       pointer|
|m_axi_gmem_pf_0_BRESP     |   in|    2|       m_axi|                                                     gmem_pf|       pointer|
|m_axi_gmem_pf_0_BID       |   in|    1|       m_axi|                                                     gmem_pf|       pointer|
|m_axi_gmem_pf_0_BUSER     |   in|    1|       m_axi|                                                     gmem_pf|       pointer|
|idx5                      |   in|    8|     ap_none|                                                        idx5|        scalar|
|G_IN_ptr                  |   in|   64|     ap_none|                                                    G_IN_ptr|        scalar|
|g_in_buf_address0         |  out|    4|   ap_memory|                                                    g_in_buf|         array|
|g_in_buf_ce0              |  out|    1|   ap_memory|                                                    g_in_buf|         array|
|g_in_buf_we0              |  out|    1|   ap_memory|                                                    g_in_buf|         array|
|g_in_buf_d0               |  out|  256|   ap_memory|                                                    g_in_buf|         array|
|idx6                      |   in|    7|     ap_none|                                                        idx6|        scalar|
|BE_IN_ptr                 |   in|   64|     ap_none|                                                   BE_IN_ptr|        scalar|
|be_in_buf_address0        |  out|    4|   ap_memory|                                                   be_in_buf|         array|
|be_in_buf_ce0             |  out|    1|   ap_memory|                                                   be_in_buf|         array|
|be_in_buf_we0             |  out|    1|   ap_memory|                                                   be_in_buf|         array|
|be_in_buf_d0              |  out|  256|   ap_memory|                                                   be_in_buf|         array|
+--------------------------+-----+-----+------------+------------------------------------------------------------+--------------+

