

================================================================
== Vitis HLS Report for 'Universal_Engine_Kernel_16_half_Pipeline_CBI_STATS'
================================================================
* Date:           Mon May 18 07:09:30 2026

* Version:        2024.2 (Build 5238294 on Nov  8 2024)
* Project:        prj
* Solution:       solution1 (Vitis Kernel Flow Target)
* Product family: zynquplus
* Target device:  xczu7ev-ffvc1156-2-e


================================================================
== Performance Estimates
================================================================
+ Timing: 
    * Summary: 
    +--------+---------+----------+------------+
    |  Clock |  Target | Estimated| Uncertainty|
    +--------+---------+----------+------------+
    |ap_clk  |  3.33 ns|  2.433 ns|     0.90 ns|
    +--------+---------+----------+------------+

+ Latency: 
    * Summary: 
    +---------+---------+----------+----------+-----+-----+------------------------------------------------+
    |  Latency (cycles) |  Latency (absolute) |  Interval |                    Pipeline                    |
    |   min   |   max   |    min   |    max   | min | max |                      Type                      |
    +---------+---------+----------+----------+-----+-----+------------------------------------------------+
    |      104|      104|  0.347 us|  0.347 us|   15|   15|  loop auto-rewind stp (delay=0 clock cycles(s))|
    +---------+---------+----------+----------+-----+-----+------------------------------------------------+

    + Detail: 
        * Instance: 
        N/A

        * Loop: 
        +-------------+---------+---------+----------+-----------+-----------+------+----------+
        |             |  Latency (cycles) | Iteration|  Initiation Interval  | Trip |          |
        |  Loop Name  |   min   |   max   |  Latency |  achieved |   target  | Count| Pipelined|
        +-------------+---------+---------+----------+-----------+-----------+------+----------+
        |- CBI_STATS  |      102|      102|        90|          1|          1|    14|       yes|
        +-------------+---------+---------+----------+-----------+-----------+------+----------+



================================================================
== Utilization Estimates
================================================================
* Summary: 
+-----------------+---------+------+--------+--------+-----+
|       Name      | BRAM_18K|  DSP |   FF   |   LUT  | URAM|
+-----------------+---------+------+--------+--------+-----+
|DSP              |        -|     -|       -|       -|    -|
|Expression       |        -|     -|       0|     171|    -|
|FIFO             |        -|     -|       -|       -|    -|
|Instance         |        -|     -|       -|       -|    -|
|Memory           |        -|     -|       -|       -|    -|
|Multiplexer      |        -|     -|       0|      45|    -|
|Register         |        -|     -|    3294|     640|    -|
+-----------------+---------+------+--------+--------+-----+
|Total            |        0|     0|    3294|     856|    0|
+-----------------+---------+------+--------+--------+-----+
|Available        |      624|  1728|  460800|  230400|   96|
+-----------------+---------+------+--------+--------+-----+
|Utilization (%)  |        0|     0|      ~0|      ~0|    0|
+-----------------+---------+------+--------+--------+-----+

+ Detail: 
    * Instance: 
    N/A

    * DSP: 
    N/A

    * Memory: 
    N/A

    * FIFO: 
    N/A

    * Expression: 
    +---------------------------+----------+----+---+----+------------+------------+
    |       Variable Name       | Operation| DSP| FF| LUT| Bitwidth P0| Bitwidth P1|
    +---------------------------+----------+----+---+----+------------+------------+
    |add_ln192_fu_712_p2        |         +|   0|  0|  12|           4|           1|
    |ap_block_pp0_stage0_11001  |       and|   0|  0|   2|           1|           1|
    |icmp_ln192_fu_706_p2       |      icmp|   0|  0|  12|           4|           3|
    |icmp_ln198_fu_870_p2       |      icmp|   0|  0|  15|           8|           7|
    |s_local_13_fu_948_p3       |    select|   0|  0|  16|           1|          16|
    |s_local_15_fu_964_p3       |    select|   0|  0|  16|           1|          16|
    |s_local_17_fu_980_p3       |    select|   0|  0|  16|           1|          16|
    |s_local_20_fu_996_p3       |    select|   0|  0|  16|           1|          16|
    |sq_local_13_fu_959_p3      |    select|   0|  0|  16|           1|          16|
    |sq_local_15_fu_975_p3      |    select|   0|  0|  16|           1|          16|
    |sq_local_17_fu_991_p3      |    select|   0|  0|  16|           1|          16|
    |sq_local_20_fu_1071_p3     |    select|   0|  0|  16|           1|          16|
    |ap_enable_pp0              |       xor|   0|  0|   2|           1|           2|
    +---------------------------+----------+----+---+----+------------+------------+
    |Total                      |          |   0|  0| 171|          26|         142|
    +---------------------------+----------+----+---+----+------------+------------+

    * Multiplexer: 
    +-------------------------+----+-----------+-----+-----------+
    |           Name          | LUT| Input Size| Bits| Total Bits|
    +-------------------------+----+-----------+-----+-----------+
    |ap_done_int              |   9|          2|    1|          2|
    |ap_enable_reg_pp0_iter1  |   9|          2|    1|          2|
    |ap_sig_allocacmp_j       |   9|          2|    4|          8|
    |gmem_x_blk_n_R           |   9|          2|    1|          2|
    |j_1_fu_164               |   9|          2|    4|          8|
    +-------------------------+----+-----------+-----+-----------+
    |Total                    |  45|         10|   11|         22|
    +-------------------------+----+-----------+-----+-----------+

    * Register: 
    +-------------------------------------------+-----+----+-----+-----------+
    |                    Name                   |  FF | LUT| Bits| Const Bits|
    +-------------------------------------------+-----+----+-----+-----------+
    |ap_CS_fsm                                  |    1|   0|    1|          0|
    |ap_block_pp0_stage0_subdone_grp0_done_reg  |    1|   0|    1|          0|
    |ap_done_reg                                |    1|   0|    1|          0|
    |ap_enable_reg_pp0_iter1                    |    1|   0|    1|          0|
    |ap_enable_reg_pp0_iter10                   |    1|   0|    1|          0|
    |ap_enable_reg_pp0_iter11                   |    1|   0|    1|          0|
    |ap_enable_reg_pp0_iter12                   |    1|   0|    1|          0|
    |ap_enable_reg_pp0_iter13                   |    1|   0|    1|          0|
    |ap_enable_reg_pp0_iter14                   |    1|   0|    1|          0|
    |ap_enable_reg_pp0_iter15                   |    1|   0|    1|          0|
    |ap_enable_reg_pp0_iter16                   |    1|   0|    1|          0|
    |ap_enable_reg_pp0_iter17                   |    1|   0|    1|          0|
    |ap_enable_reg_pp0_iter18                   |    1|   0|    1|          0|
    |ap_enable_reg_pp0_iter19                   |    1|   0|    1|          0|
    |ap_enable_reg_pp0_iter2                    |    1|   0|    1|          0|
    |ap_enable_reg_pp0_iter20                   |    1|   0|    1|          0|
    |ap_enable_reg_pp0_iter21                   |    1|   0|    1|          0|
    |ap_enable_reg_pp0_iter22                   |    1|   0|    1|          0|
    |ap_enable_reg_pp0_iter23                   |    1|   0|    1|          0|
    |ap_enable_reg_pp0_iter24                   |    1|   0|    1|          0|
    |ap_enable_reg_pp0_iter25                   |    1|   0|    1|          0|
    |ap_enable_reg_pp0_iter26                   |    1|   0|    1|          0|
    |ap_enable_reg_pp0_iter27                   |    1|   0|    1|          0|
    |ap_enable_reg_pp0_iter28                   |    1|   0|    1|          0|
    |ap_enable_reg_pp0_iter29                   |    1|   0|    1|          0|
    |ap_enable_reg_pp0_iter3                    |    1|   0|    1|          0|
    |ap_enable_reg_pp0_iter30                   |    1|   0|    1|          0|
    |ap_enable_reg_pp0_iter31                   |    1|   0|    1|          0|
    |ap_enable_reg_pp0_iter32                   |    1|   0|    1|          0|
    |ap_enable_reg_pp0_iter33                   |    1|   0|    1|          0|
    |ap_enable_reg_pp0_iter34                   |    1|   0|    1|          0|
    |ap_enable_reg_pp0_iter35                   |    1|   0|    1|          0|
    |ap_enable_reg_pp0_iter36                   |    1|   0|    1|          0|
    |ap_enable_reg_pp0_iter37                   |    1|   0|    1|          0|
    |ap_enable_reg_pp0_iter38                   |    1|   0|    1|          0|
    |ap_enable_reg_pp0_iter39                   |    1|   0|    1|          0|
    |ap_enable_reg_pp0_iter4                    |    1|   0|    1|          0|
    |ap_enable_reg_pp0_iter40                   |    1|   0|    1|          0|
    |ap_enable_reg_pp0_iter41                   |    1|   0|    1|          0|
    |ap_enable_reg_pp0_iter42                   |    1|   0|    1|          0|
    |ap_enable_reg_pp0_iter43                   |    1|   0|    1|          0|
    |ap_enable_reg_pp0_iter44                   |    1|   0|    1|          0|
    |ap_enable_reg_pp0_iter45                   |    1|   0|    1|          0|
    |ap_enable_reg_pp0_iter46                   |    1|   0|    1|          0|
    |ap_enable_reg_pp0_iter47                   |    1|   0|    1|          0|
    |ap_enable_reg_pp0_iter48                   |    1|   0|    1|          0|
    |ap_enable_reg_pp0_iter49                   |    1|   0|    1|          0|
    |ap_enable_reg_pp0_iter5                    |    1|   0|    1|          0|
    |ap_enable_reg_pp0_iter50                   |    1|   0|    1|          0|
    |ap_enable_reg_pp0_iter51                   |    1|   0|    1|          0|
    |ap_enable_reg_pp0_iter52                   |    1|   0|    1|          0|
    |ap_enable_reg_pp0_iter53                   |    1|   0|    1|          0|
    |ap_enable_reg_pp0_iter54                   |    1|   0|    1|          0|
    |ap_enable_reg_pp0_iter55                   |    1|   0|    1|          0|
    |ap_enable_reg_pp0_iter56                   |    1|   0|    1|          0|
    |ap_enable_reg_pp0_iter57                   |    1|   0|    1|          0|
    |ap_enable_reg_pp0_iter58                   |    1|   0|    1|          0|
    |ap_enable_reg_pp0_iter59                   |    1|   0|    1|          0|
    |ap_enable_reg_pp0_iter6                    |    1|   0|    1|          0|
    |ap_enable_reg_pp0_iter60                   |    1|   0|    1|          0|
    |ap_enable_reg_pp0_iter61                   |    1|   0|    1|          0|
    |ap_enable_reg_pp0_iter62                   |    1|   0|    1|          0|
    |ap_enable_reg_pp0_iter63                   |    1|   0|    1|          0|
    |ap_enable_reg_pp0_iter64                   |    1|   0|    1|          0|
    |ap_enable_reg_pp0_iter65                   |    1|   0|    1|          0|
    |ap_enable_reg_pp0_iter66                   |    1|   0|    1|          0|
    |ap_enable_reg_pp0_iter67                   |    1|   0|    1|          0|
    |ap_enable_reg_pp0_iter68                   |    1|   0|    1|          0|
    |ap_enable_reg_pp0_iter69                   |    1|   0|    1|          0|
    |ap_enable_reg_pp0_iter7                    |    1|   0|    1|          0|
    |ap_enable_reg_pp0_iter70                   |    1|   0|    1|          0|
    |ap_enable_reg_pp0_iter71                   |    1|   0|    1|          0|
    |ap_enable_reg_pp0_iter72                   |    1|   0|    1|          0|
    |ap_enable_reg_pp0_iter73                   |    1|   0|    1|          0|
    |ap_enable_reg_pp0_iter74                   |    1|   0|    1|          0|
    |ap_enable_reg_pp0_iter75                   |    1|   0|    1|          0|
    |ap_enable_reg_pp0_iter76                   |    1|   0|    1|          0|
    |ap_enable_reg_pp0_iter77                   |    1|   0|    1|          0|
    |ap_enable_reg_pp0_iter78                   |    1|   0|    1|          0|
    |ap_enable_reg_pp0_iter79                   |    1|   0|    1|          0|
    |ap_enable_reg_pp0_iter8                    |    1|   0|    1|          0|
    |ap_enable_reg_pp0_iter80                   |    1|   0|    1|          0|
    |ap_enable_reg_pp0_iter81                   |    1|   0|    1|          0|
    |ap_enable_reg_pp0_iter82                   |    1|   0|    1|          0|
    |ap_enable_reg_pp0_iter83                   |    1|   0|    1|          0|
    |ap_enable_reg_pp0_iter84                   |    1|   0|    1|          0|
    |ap_enable_reg_pp0_iter85                   |    1|   0|    1|          0|
    |ap_enable_reg_pp0_iter86                   |    1|   0|    1|          0|
    |ap_enable_reg_pp0_iter87                   |    1|   0|    1|          0|
    |ap_enable_reg_pp0_iter88                   |    1|   0|    1|          0|
    |ap_enable_reg_pp0_iter89                   |    1|   0|    1|          0|
    |ap_enable_reg_pp0_iter9                    |    1|   0|    1|          0|
    |ap_loop_exit_ready_pp0_iter10_reg          |    1|   0|    1|          0|
    |ap_loop_exit_ready_pp0_iter11_reg          |    1|   0|    1|          0|
    |ap_loop_exit_ready_pp0_iter12_reg          |    1|   0|    1|          0|
    |ap_loop_exit_ready_pp0_iter13_reg          |    1|   0|    1|          0|
    |ap_loop_exit_ready_pp0_iter14_reg          |    1|   0|    1|          0|
    |ap_loop_exit_ready_pp0_iter15_reg          |    1|   0|    1|          0|
    |ap_loop_exit_ready_pp0_iter16_reg          |    1|   0|    1|          0|
    |ap_loop_exit_ready_pp0_iter17_reg          |    1|   0|    1|          0|
    |ap_loop_exit_ready_pp0_iter18_reg          |    1|   0|    1|          0|
    |ap_loop_exit_ready_pp0_iter19_reg          |    1|   0|    1|          0|
    |ap_loop_exit_ready_pp0_iter1_reg           |    1|   0|    1|          0|
    |ap_loop_exit_ready_pp0_iter20_reg          |    1|   0|    1|          0|
    |ap_loop_exit_ready_pp0_iter21_reg          |    1|   0|    1|          0|
    |ap_loop_exit_ready_pp0_iter22_reg          |    1|   0|    1|          0|
    |ap_loop_exit_ready_pp0_iter23_reg          |    1|   0|    1|          0|
    |ap_loop_exit_ready_pp0_iter24_reg          |    1|   0|    1|          0|
    |ap_loop_exit_ready_pp0_iter25_reg          |    1|   0|    1|          0|
    |ap_loop_exit_ready_pp0_iter26_reg          |    1|   0|    1|          0|
    |ap_loop_exit_ready_pp0_iter27_reg          |    1|   0|    1|          0|
    |ap_loop_exit_ready_pp0_iter28_reg          |    1|   0|    1|          0|
    |ap_loop_exit_ready_pp0_iter29_reg          |    1|   0|    1|          0|
    |ap_loop_exit_ready_pp0_iter2_reg           |    1|   0|    1|          0|
    |ap_loop_exit_ready_pp0_iter30_reg          |    1|   0|    1|          0|
    |ap_loop_exit_ready_pp0_iter31_reg          |    1|   0|    1|          0|
    |ap_loop_exit_ready_pp0_iter32_reg          |    1|   0|    1|          0|
    |ap_loop_exit_ready_pp0_iter33_reg          |    1|   0|    1|          0|
    |ap_loop_exit_ready_pp0_iter34_reg          |    1|   0|    1|          0|
    |ap_loop_exit_ready_pp0_iter35_reg          |    1|   0|    1|          0|
    |ap_loop_exit_ready_pp0_iter36_reg          |    1|   0|    1|          0|
    |ap_loop_exit_ready_pp0_iter37_reg          |    1|   0|    1|          0|
    |ap_loop_exit_ready_pp0_iter38_reg          |    1|   0|    1|          0|
    |ap_loop_exit_ready_pp0_iter39_reg          |    1|   0|    1|          0|
    |ap_loop_exit_ready_pp0_iter3_reg           |    1|   0|    1|          0|
    |ap_loop_exit_ready_pp0_iter40_reg          |    1|   0|    1|          0|
    |ap_loop_exit_ready_pp0_iter41_reg          |    1|   0|    1|          0|
    |ap_loop_exit_ready_pp0_iter42_reg          |    1|   0|    1|          0|
    |ap_loop_exit_ready_pp0_iter43_reg          |    1|   0|    1|          0|
    |ap_loop_exit_ready_pp0_iter44_reg          |    1|   0|    1|          0|
    |ap_loop_exit_ready_pp0_iter45_reg          |    1|   0|    1|          0|
    |ap_loop_exit_ready_pp0_iter46_reg          |    1|   0|    1|          0|
    |ap_loop_exit_ready_pp0_iter47_reg          |    1|   0|    1|          0|
    |ap_loop_exit_ready_pp0_iter48_reg          |    1|   0|    1|          0|
    |ap_loop_exit_ready_pp0_iter49_reg          |    1|   0|    1|          0|
    |ap_loop_exit_ready_pp0_iter4_reg           |    1|   0|    1|          0|
    |ap_loop_exit_ready_pp0_iter50_reg          |    1|   0|    1|          0|
    |ap_loop_exit_ready_pp0_iter51_reg          |    1|   0|    1|          0|
    |ap_loop_exit_ready_pp0_iter52_reg          |    1|   0|    1|          0|
    |ap_loop_exit_ready_pp0_iter53_reg          |    1|   0|    1|          0|
    |ap_loop_exit_ready_pp0_iter54_reg          |    1|   0|    1|          0|
    |ap_loop_exit_ready_pp0_iter55_reg          |    1|   0|    1|          0|
    |ap_loop_exit_ready_pp0_iter56_reg          |    1|   0|    1|          0|
    |ap_loop_exit_ready_pp0_iter57_reg          |    1|   0|    1|          0|
    |ap_loop_exit_ready_pp0_iter58_reg          |    1|   0|    1|          0|
    |ap_loop_exit_ready_pp0_iter59_reg          |    1|   0|    1|          0|
    |ap_loop_exit_ready_pp0_iter5_reg           |    1|   0|    1|          0|
    |ap_loop_exit_ready_pp0_iter60_reg          |    1|   0|    1|          0|
    |ap_loop_exit_ready_pp0_iter61_reg          |    1|   0|    1|          0|
    |ap_loop_exit_ready_pp0_iter62_reg          |    1|   0|    1|          0|
    |ap_loop_exit_ready_pp0_iter63_reg          |    1|   0|    1|          0|
    |ap_loop_exit_ready_pp0_iter64_reg          |    1|   0|    1|          0|
    |ap_loop_exit_ready_pp0_iter65_reg          |    1|   0|    1|          0|
    |ap_loop_exit_ready_pp0_iter66_reg          |    1|   0|    1|          0|
    |ap_loop_exit_ready_pp0_iter67_reg          |    1|   0|    1|          0|
    |ap_loop_exit_ready_pp0_iter68_reg          |    1|   0|    1|          0|
    |ap_loop_exit_ready_pp0_iter69_reg          |    1|   0|    1|          0|
    |ap_loop_exit_ready_pp0_iter6_reg           |    1|   0|    1|          0|
    |ap_loop_exit_ready_pp0_iter70_reg          |    1|   0|    1|          0|
    |ap_loop_exit_ready_pp0_iter71_reg          |    1|   0|    1|          0|
    |ap_loop_exit_ready_pp0_iter72_reg          |    1|   0|    1|          0|
    |ap_loop_exit_ready_pp0_iter73_reg          |    1|   0|    1|          0|
    |ap_loop_exit_ready_pp0_iter74_reg          |    1|   0|    1|          0|
    |ap_loop_exit_ready_pp0_iter75_reg          |    1|   0|    1|          0|
    |ap_loop_exit_ready_pp0_iter76_reg          |    1|   0|    1|          0|
    |ap_loop_exit_ready_pp0_iter77_reg          |    1|   0|    1|          0|
    |ap_loop_exit_ready_pp0_iter78_reg          |    1|   0|    1|          0|
    |ap_loop_exit_ready_pp0_iter79_reg          |    1|   0|    1|          0|
    |ap_loop_exit_ready_pp0_iter7_reg           |    1|   0|    1|          0|
    |ap_loop_exit_ready_pp0_iter80_reg          |    1|   0|    1|          0|
    |ap_loop_exit_ready_pp0_iter81_reg          |    1|   0|    1|          0|
    |ap_loop_exit_ready_pp0_iter82_reg          |    1|   0|    1|          0|
    |ap_loop_exit_ready_pp0_iter83_reg          |    1|   0|    1|          0|
    |ap_loop_exit_ready_pp0_iter84_reg          |    1|   0|    1|          0|
    |ap_loop_exit_ready_pp0_iter85_reg          |    1|   0|    1|          0|
    |ap_loop_exit_ready_pp0_iter86_reg          |    1|   0|    1|          0|
    |ap_loop_exit_ready_pp0_iter87_reg          |    1|   0|    1|          0|
    |ap_loop_exit_ready_pp0_iter88_reg          |    1|   0|    1|          0|
    |ap_loop_exit_ready_pp0_iter8_reg           |    1|   0|    1|          0|
    |ap_loop_exit_ready_pp0_iter9_reg           |    1|   0|    1|          0|
    |icmp_ln192_reg_1444                        |    1|   0|    1|          0|
    |icmp_ln198_reg_1540                        |    1|   0|    1|          0|
    |j_1_fu_164                                 |    4|   0|    4|          0|
    |j_reg_1438                                 |    4|   0|    4|          0|
    |mul6_reg_1552                              |   16|   0|   16|          0|
    |mul98_10_reg_1794                          |   16|   0|   16|          0|
    |mul98_11_reg_1824                          |   16|   0|   16|          0|
    |mul98_12_reg_1856                          |   16|   0|   16|          0|
    |mul98_13_reg_1888                          |   16|   0|   16|          0|
    |mul98_14_reg_1920                          |   16|   0|   16|          0|
    |mul98_1_reg_1574                           |   16|   0|   16|          0|
    |mul98_2_reg_1596                           |   16|   0|   16|          0|
    |mul98_3_reg_1618                           |   16|   0|   16|          0|
    |mul98_4_reg_1640                           |   16|   0|   16|          0|
    |mul98_5_reg_1662                           |   16|   0|   16|          0|
    |mul98_6_reg_1684                           |   16|   0|   16|          0|
    |mul98_7_reg_1706                           |   16|   0|   16|          0|
    |mul98_8_reg_1728                           |   16|   0|   16|          0|
    |mul98_9_reg_1750                           |   16|   0|   16|          0|
    |mul98_s_reg_1772                           |   16|   0|   16|          0|
    |mux_case_01167_fu_168                      |   16|   0|   16|          0|
    |mux_case_0641209_fu_224                    |   16|   0|   16|          0|
    |mux_case_101197_fu_208                     |   16|   0|   16|          0|
    |mux_case_10841239_fu_264                   |   16|   0|   16|          0|
    |mux_case_111200_fu_212                     |   16|   0|   16|          0|
    |mux_case_11170_fu_172                      |   16|   0|   16|          0|
    |mux_case_11861242_fu_268                   |   16|   0|   16|          0|
    |mux_case_121203_fu_216                     |   16|   0|   16|          0|
    |mux_case_12881245_fu_272                   |   16|   0|   16|          0|
    |mux_case_131206_fu_220                     |   16|   0|   16|          0|
    |mux_case_13901248_fu_276                   |   16|   0|   16|          0|
    |mux_case_1661212_fu_228                    |   16|   0|   16|          0|
    |mux_case_21173_fu_176                      |   16|   0|   16|          0|
    |mux_case_2681215_fu_232                    |   16|   0|   16|          0|
    |mux_case_31176_fu_180                      |   16|   0|   16|          0|
    |mux_case_3701218_fu_236                    |   16|   0|   16|          0|
    |mux_case_41179_fu_184                      |   16|   0|   16|          0|
    |mux_case_4721221_fu_240                    |   16|   0|   16|          0|
    |mux_case_51182_fu_188                      |   16|   0|   16|          0|
    |mux_case_5741224_fu_244                    |   16|   0|   16|          0|
    |mux_case_61185_fu_192                      |   16|   0|   16|          0|
    |mux_case_6761227_fu_248                    |   16|   0|   16|          0|
    |mux_case_71188_fu_196                      |   16|   0|   16|          0|
    |mux_case_7781230_fu_252                    |   16|   0|   16|          0|
    |mux_case_81191_fu_200                      |   16|   0|   16|          0|
    |mux_case_8801233_fu_256                    |   16|   0|   16|          0|
    |mux_case_91194_fu_204                      |   16|   0|   16|          0|
    |mux_case_9821236_fu_260                    |   16|   0|   16|          0|
    |s_local_10_reg_1777                        |   16|   0|   16|          0|
    |s_local_11_reg_1799                        |   16|   0|   16|          0|
    |s_local_12_reg_1829                        |   16|   0|   16|          0|
    |s_local_13_reg_1834                        |   16|   0|   16|          0|
    |s_local_14_reg_1861                        |   16|   0|   16|          0|
    |s_local_15_reg_1866                        |   16|   0|   16|          0|
    |s_local_16_reg_1893                        |   16|   0|   16|          0|
    |s_local_17_reg_1898                        |   16|   0|   16|          0|
    |s_local_18_reg_1925                        |   16|   0|   16|          0|
    |s_local_1_reg_1579                         |   16|   0|   16|          0|
    |s_local_2_reg_1601                         |   16|   0|   16|          0|
    |s_local_3_reg_1623                         |   16|   0|   16|          0|
    |s_local_4_reg_1645                         |   16|   0|   16|          0|
    |s_local_5_reg_1667                         |   16|   0|   16|          0|
    |s_local_6_reg_1689                         |   16|   0|   16|          0|
    |s_local_7_reg_1711                         |   16|   0|   16|          0|
    |s_local_8_reg_1733                         |   16|   0|   16|          0|
    |s_local_9_reg_1755                         |   16|   0|   16|          0|
    |s_local_reg_1557                           |   16|   0|   16|          0|
    |sq_local_10_reg_1789                       |   16|   0|   16|          0|
    |sq_local_11_reg_1815                       |   16|   0|   16|          0|
    |sq_local_12_reg_1846                       |   16|   0|   16|          0|
    |sq_local_13_reg_1851                       |   16|   0|   16|          0|
    |sq_local_14_reg_1878                       |   16|   0|   16|          0|
    |sq_local_15_reg_1883                       |   16|   0|   16|          0|
    |sq_local_16_reg_1910                       |   16|   0|   16|          0|
    |sq_local_17_reg_1915                       |   16|   0|   16|          0|
    |sq_local_18_reg_1930                       |   16|   0|   16|          0|
    |sq_local_1_reg_1591                        |   16|   0|   16|          0|
    |sq_local_2_reg_1613                        |   16|   0|   16|          0|
    |sq_local_3_reg_1635                        |   16|   0|   16|          0|
    |sq_local_4_reg_1657                        |   16|   0|   16|          0|
    |sq_local_5_reg_1679                        |   16|   0|   16|          0|
    |sq_local_6_reg_1701                        |   16|   0|   16|          0|
    |sq_local_7_reg_1723                        |   16|   0|   16|          0|
    |sq_local_8_reg_1745                        |   16|   0|   16|          0|
    |sq_local_9_reg_1767                        |   16|   0|   16|          0|
    |sq_local_reg_1569                          |   16|   0|   16|          0|
    |u_177_reg_1458                             |   16|   0|   16|          0|
    |u_178_reg_1463                             |   16|   0|   16|          0|
    |u_179_reg_1468                             |   16|   0|   16|          0|
    |u_180_reg_1473                             |   16|   0|   16|          0|
    |u_181_reg_1478                             |   16|   0|   16|          0|
    |u_182_reg_1483                             |   16|   0|   16|          0|
    |u_183_reg_1488                             |   16|   0|   16|          0|
    |u_184_reg_1493                             |   16|   0|   16|          0|
    |u_185_reg_1498                             |   16|   0|   16|          0|
    |u_186_reg_1503                             |   16|   0|   16|          0|
    |u_187_reg_1508                             |   16|   0|   16|          0|
    |u_188_reg_1513                             |   16|   0|   16|          0|
    |u_189_reg_1518                             |   16|   0|   16|          0|
    |u_190_reg_1523                             |   16|   0|   16|          0|
    |u_191_reg_1528                             |   16|   0|   16|          0|
    |u_reg_1453                                 |   16|   0|   16|          0|
    |word_reg_1448                              |  256|   0|  256|          0|
    |icmp_ln192_reg_1444                        |   64|  32|    1|          0|
    |icmp_ln198_reg_1540                        |   64|  32|    1|          0|
    |j_reg_1438                                 |   64|  32|    4|          0|
    |s_local_11_reg_1799                        |   64|  32|   16|          0|
    |sq_local_11_reg_1815                       |   64|  32|   16|          0|
    |u_177_reg_1458                             |   64|  32|   16|          0|
    |u_178_reg_1463                             |   64|  32|   16|          0|
    |u_179_reg_1468                             |   64|  32|   16|          0|
    |u_180_reg_1473                             |   64|  32|   16|          0|
    |u_181_reg_1478                             |   64|  32|   16|          0|
    |u_182_reg_1483                             |   64|  32|   16|          0|
    |u_183_reg_1488                             |   64|  32|   16|          0|
    |u_184_reg_1493                             |   64|  32|   16|          0|
    |u_185_reg_1498                             |   64|  32|   16|          0|
    |u_186_reg_1503                             |   64|  32|   16|          0|
    |u_187_reg_1508                             |   64|  32|   16|          0|
    |u_188_reg_1513                             |   64|  32|   16|          0|
    |u_189_reg_1518                             |   64|  32|   16|          0|
    |u_190_reg_1523                             |   64|  32|   16|          0|
    |u_191_reg_1528                             |   64|  32|   16|          0|
    +-------------------------------------------+-----+----+-----+-----------+
    |Total                                      | 3294| 640| 2292|          0|
    +-------------------------------------------+-----+----+-----+-----------+



================================================================
== Interface
================================================================
* Summary: 
+------------------------------+-----+-----+------------+------------------------------------------------------+--------------+
|           RTL Ports          | Dir | Bits|  Protocol  |                     Source Object                    |    C Type    |
+------------------------------+-----+-----+------------+------------------------------------------------------+--------------+
|ap_clk                        |   in|    1|  ap_ctrl_hs|  Universal_Engine_Kernel<16, half>_Pipeline_CBI_STATS|  return value|
|ap_rst                        |   in|    1|  ap_ctrl_hs|  Universal_Engine_Kernel<16, half>_Pipeline_CBI_STATS|  return value|
|ap_start                      |   in|    1|  ap_ctrl_hs|  Universal_Engine_Kernel<16, half>_Pipeline_CBI_STATS|  return value|
|ap_done                       |  out|    1|  ap_ctrl_hs|  Universal_Engine_Kernel<16, half>_Pipeline_CBI_STATS|  return value|
|ap_idle                       |  out|    1|  ap_ctrl_hs|  Universal_Engine_Kernel<16, half>_Pipeline_CBI_STATS|  return value|
|ap_ready                      |  out|    1|  ap_ctrl_hs|  Universal_Engine_Kernel<16, half>_Pipeline_CBI_STATS|  return value|
|grp_fu_1454_p_din0            |  out|   16|  ap_ctrl_hs|  Universal_Engine_Kernel<16, half>_Pipeline_CBI_STATS|  return value|
|grp_fu_1454_p_din1            |  out|   16|  ap_ctrl_hs|  Universal_Engine_Kernel<16, half>_Pipeline_CBI_STATS|  return value|
|grp_fu_1454_p_dout0           |   in|   16|  ap_ctrl_hs|  Universal_Engine_Kernel<16, half>_Pipeline_CBI_STATS|  return value|
|grp_fu_1454_p_ce              |  out|    1|  ap_ctrl_hs|  Universal_Engine_Kernel<16, half>_Pipeline_CBI_STATS|  return value|
|grp_fu_1458_p_din0            |  out|   16|  ap_ctrl_hs|  Universal_Engine_Kernel<16, half>_Pipeline_CBI_STATS|  return value|
|grp_fu_1458_p_din1            |  out|   16|  ap_ctrl_hs|  Universal_Engine_Kernel<16, half>_Pipeline_CBI_STATS|  return value|
|grp_fu_1458_p_dout0           |   in|   16|  ap_ctrl_hs|  Universal_Engine_Kernel<16, half>_Pipeline_CBI_STATS|  return value|
|grp_fu_1458_p_ce              |  out|    1|  ap_ctrl_hs|  Universal_Engine_Kernel<16, half>_Pipeline_CBI_STATS|  return value|
|grp_fu_1462_p_din0            |  out|   16|  ap_ctrl_hs|  Universal_Engine_Kernel<16, half>_Pipeline_CBI_STATS|  return value|
|grp_fu_1462_p_din1            |  out|   16|  ap_ctrl_hs|  Universal_Engine_Kernel<16, half>_Pipeline_CBI_STATS|  return value|
|grp_fu_1462_p_dout0           |   in|   16|  ap_ctrl_hs|  Universal_Engine_Kernel<16, half>_Pipeline_CBI_STATS|  return value|
|grp_fu_1462_p_ce              |  out|    1|  ap_ctrl_hs|  Universal_Engine_Kernel<16, half>_Pipeline_CBI_STATS|  return value|
|grp_fu_1466_p_din0            |  out|   16|  ap_ctrl_hs|  Universal_Engine_Kernel<16, half>_Pipeline_CBI_STATS|  return value|
|grp_fu_1466_p_din1            |  out|   16|  ap_ctrl_hs|  Universal_Engine_Kernel<16, half>_Pipeline_CBI_STATS|  return value|
|grp_fu_1466_p_dout0           |   in|   16|  ap_ctrl_hs|  Universal_Engine_Kernel<16, half>_Pipeline_CBI_STATS|  return value|
|grp_fu_1466_p_ce              |  out|    1|  ap_ctrl_hs|  Universal_Engine_Kernel<16, half>_Pipeline_CBI_STATS|  return value|
|grp_fu_1470_p_din0            |  out|   16|  ap_ctrl_hs|  Universal_Engine_Kernel<16, half>_Pipeline_CBI_STATS|  return value|
|grp_fu_1470_p_din1            |  out|   16|  ap_ctrl_hs|  Universal_Engine_Kernel<16, half>_Pipeline_CBI_STATS|  return value|
|grp_fu_1470_p_dout0           |   in|   16|  ap_ctrl_hs|  Universal_Engine_Kernel<16, half>_Pipeline_CBI_STATS|  return value|
|grp_fu_1470_p_ce              |  out|    1|  ap_ctrl_hs|  Universal_Engine_Kernel<16, half>_Pipeline_CBI_STATS|  return value|
|grp_fu_1474_p_din0            |  out|   16|  ap_ctrl_hs|  Universal_Engine_Kernel<16, half>_Pipeline_CBI_STATS|  return value|
|grp_fu_1474_p_din1            |  out|   16|  ap_ctrl_hs|  Universal_Engine_Kernel<16, half>_Pipeline_CBI_STATS|  return value|
|grp_fu_1474_p_dout0           |   in|   16|  ap_ctrl_hs|  Universal_Engine_Kernel<16, half>_Pipeline_CBI_STATS|  return value|
|grp_fu_1474_p_ce              |  out|    1|  ap_ctrl_hs|  Universal_Engine_Kernel<16, half>_Pipeline_CBI_STATS|  return value|
|grp_fu_1478_p_din0            |  out|   16|  ap_ctrl_hs|  Universal_Engine_Kernel<16, half>_Pipeline_CBI_STATS|  return value|
|grp_fu_1478_p_din1            |  out|   16|  ap_ctrl_hs|  Universal_Engine_Kernel<16, half>_Pipeline_CBI_STATS|  return value|
|grp_fu_1478_p_dout0           |   in|   16|  ap_ctrl_hs|  Universal_Engine_Kernel<16, half>_Pipeline_CBI_STATS|  return value|
|grp_fu_1478_p_ce              |  out|    1|  ap_ctrl_hs|  Universal_Engine_Kernel<16, half>_Pipeline_CBI_STATS|  return value|
|grp_fu_1482_p_din0            |  out|   16|  ap_ctrl_hs|  Universal_Engine_Kernel<16, half>_Pipeline_CBI_STATS|  return value|
|grp_fu_1482_p_din1            |  out|   16|  ap_ctrl_hs|  Universal_Engine_Kernel<16, half>_Pipeline_CBI_STATS|  return value|
|grp_fu_1482_p_dout0           |   in|   16|  ap_ctrl_hs|  Universal_Engine_Kernel<16, half>_Pipeline_CBI_STATS|  return value|
|grp_fu_1482_p_ce              |  out|    1|  ap_ctrl_hs|  Universal_Engine_Kernel<16, half>_Pipeline_CBI_STATS|  return value|
|grp_fu_1486_p_din0            |  out|   16|  ap_ctrl_hs|  Universal_Engine_Kernel<16, half>_Pipeline_CBI_STATS|  return value|
|grp_fu_1486_p_din1            |  out|   16|  ap_ctrl_hs|  Universal_Engine_Kernel<16, half>_Pipeline_CBI_STATS|  return value|
|grp_fu_1486_p_dout0           |   in|   16|  ap_ctrl_hs|  Universal_Engine_Kernel<16, half>_Pipeline_CBI_STATS|  return value|
|grp_fu_1486_p_ce              |  out|    1|  ap_ctrl_hs|  Universal_Engine_Kernel<16, half>_Pipeline_CBI_STATS|  return value|
|grp_fu_1490_p_din0            |  out|   16|  ap_ctrl_hs|  Universal_Engine_Kernel<16, half>_Pipeline_CBI_STATS|  return value|
|grp_fu_1490_p_din1            |  out|   16|  ap_ctrl_hs|  Universal_Engine_Kernel<16, half>_Pipeline_CBI_STATS|  return value|
|grp_fu_1490_p_dout0           |   in|   16|  ap_ctrl_hs|  Universal_Engine_Kernel<16, half>_Pipeline_CBI_STATS|  return value|
|grp_fu_1490_p_ce              |  out|    1|  ap_ctrl_hs|  Universal_Engine_Kernel<16, half>_Pipeline_CBI_STATS|  return value|
|grp_fu_1494_p_din0            |  out|   16|  ap_ctrl_hs|  Universal_Engine_Kernel<16, half>_Pipeline_CBI_STATS|  return value|
|grp_fu_1494_p_din1            |  out|   16|  ap_ctrl_hs|  Universal_Engine_Kernel<16, half>_Pipeline_CBI_STATS|  return value|
|grp_fu_1494_p_dout0           |   in|   16|  ap_ctrl_hs|  Universal_Engine_Kernel<16, half>_Pipeline_CBI_STATS|  return value|
|grp_fu_1494_p_ce              |  out|    1|  ap_ctrl_hs|  Universal_Engine_Kernel<16, half>_Pipeline_CBI_STATS|  return value|
|grp_fu_1498_p_din0            |  out|   16|  ap_ctrl_hs|  Universal_Engine_Kernel<16, half>_Pipeline_CBI_STATS|  return value|
|grp_fu_1498_p_din1            |  out|   16|  ap_ctrl_hs|  Universal_Engine_Kernel<16, half>_Pipeline_CBI_STATS|  return value|
|grp_fu_1498_p_dout0           |   in|   16|  ap_ctrl_hs|  Universal_Engine_Kernel<16, half>_Pipeline_CBI_STATS|  return value|
|grp_fu_1498_p_ce              |  out|    1|  ap_ctrl_hs|  Universal_Engine_Kernel<16, half>_Pipeline_CBI_STATS|  return value|
|grp_fu_1502_p_din0            |  out|   16|  ap_ctrl_hs|  Universal_Engine_Kernel<16, half>_Pipeline_CBI_STATS|  return value|
|grp_fu_1502_p_din1            |  out|   16|  ap_ctrl_hs|  Universal_Engine_Kernel<16, half>_Pipeline_CBI_STATS|  return value|
|grp_fu_1502_p_dout0           |   in|   16|  ap_ctrl_hs|  Universal_Engine_Kernel<16, half>_Pipeline_CBI_STATS|  return value|
|grp_fu_1502_p_ce              |  out|    1|  ap_ctrl_hs|  Universal_Engine_Kernel<16, half>_Pipeline_CBI_STATS|  return value|
|grp_fu_1506_p_din0            |  out|   16|  ap_ctrl_hs|  Universal_Engine_Kernel<16, half>_Pipeline_CBI_STATS|  return value|
|grp_fu_1506_p_din1            |  out|   16|  ap_ctrl_hs|  Universal_Engine_Kernel<16, half>_Pipeline_CBI_STATS|  return value|
|grp_fu_1506_p_dout0           |   in|   16|  ap_ctrl_hs|  Universal_Engine_Kernel<16, half>_Pipeline_CBI_STATS|  return value|
|grp_fu_1506_p_ce              |  out|    1|  ap_ctrl_hs|  Universal_Engine_Kernel<16, half>_Pipeline_CBI_STATS|  return value|
|grp_fu_1510_p_din0            |  out|   16|  ap_ctrl_hs|  Universal_Engine_Kernel<16, half>_Pipeline_CBI_STATS|  return value|
|grp_fu_1510_p_din1            |  out|   16|  ap_ctrl_hs|  Universal_Engine_Kernel<16, half>_Pipeline_CBI_STATS|  return value|
|grp_fu_1510_p_dout0           |   in|   16|  ap_ctrl_hs|  Universal_Engine_Kernel<16, half>_Pipeline_CBI_STATS|  return value|
|grp_fu_1510_p_ce              |  out|    1|  ap_ctrl_hs|  Universal_Engine_Kernel<16, half>_Pipeline_CBI_STATS|  return value|
|grp_fu_1514_p_din0            |  out|   16|  ap_ctrl_hs|  Universal_Engine_Kernel<16, half>_Pipeline_CBI_STATS|  return value|
|grp_fu_1514_p_din1            |  out|   16|  ap_ctrl_hs|  Universal_Engine_Kernel<16, half>_Pipeline_CBI_STATS|  return value|
|grp_fu_1514_p_dout0           |   in|   16|  ap_ctrl_hs|  Universal_Engine_Kernel<16, half>_Pipeline_CBI_STATS|  return value|
|grp_fu_1514_p_ce              |  out|    1|  ap_ctrl_hs|  Universal_Engine_Kernel<16, half>_Pipeline_CBI_STATS|  return value|
|grp_fu_1518_p_din0            |  out|   16|  ap_ctrl_hs|  Universal_Engine_Kernel<16, half>_Pipeline_CBI_STATS|  return value|
|grp_fu_1518_p_din1            |  out|   16|  ap_ctrl_hs|  Universal_Engine_Kernel<16, half>_Pipeline_CBI_STATS|  return value|
|grp_fu_1518_p_dout0           |   in|   16|  ap_ctrl_hs|  Universal_Engine_Kernel<16, half>_Pipeline_CBI_STATS|  return value|
|grp_fu_1518_p_ce              |  out|    1|  ap_ctrl_hs|  Universal_Engine_Kernel<16, half>_Pipeline_CBI_STATS|  return value|
|grp_fu_1522_p_din0            |  out|   16|  ap_ctrl_hs|  Universal_Engine_Kernel<16, half>_Pipeline_CBI_STATS|  return value|
|grp_fu_1522_p_din1            |  out|   16|  ap_ctrl_hs|  Universal_Engine_Kernel<16, half>_Pipeline_CBI_STATS|  return value|
|grp_fu_1522_p_dout0           |   in|   16|  ap_ctrl_hs|  Universal_Engine_Kernel<16, half>_Pipeline_CBI_STATS|  return value|
|grp_fu_1522_p_ce              |  out|    1|  ap_ctrl_hs|  Universal_Engine_Kernel<16, half>_Pipeline_CBI_STATS|  return value|
|grp_fu_1526_p_din0            |  out|   16|  ap_ctrl_hs|  Universal_Engine_Kernel<16, half>_Pipeline_CBI_STATS|  return value|
|grp_fu_1526_p_din1            |  out|   16|  ap_ctrl_hs|  Universal_Engine_Kernel<16, half>_Pipeline_CBI_STATS|  return value|
|grp_fu_1526_p_dout0           |   in|   16|  ap_ctrl_hs|  Universal_Engine_Kernel<16, half>_Pipeline_CBI_STATS|  return value|
|grp_fu_1526_p_ce              |  out|    1|  ap_ctrl_hs|  Universal_Engine_Kernel<16, half>_Pipeline_CBI_STATS|  return value|
|grp_fu_1530_p_din0            |  out|   16|  ap_ctrl_hs|  Universal_Engine_Kernel<16, half>_Pipeline_CBI_STATS|  return value|
|grp_fu_1530_p_din1            |  out|   16|  ap_ctrl_hs|  Universal_Engine_Kernel<16, half>_Pipeline_CBI_STATS|  return value|
|grp_fu_1530_p_dout0           |   in|   16|  ap_ctrl_hs|  Universal_Engine_Kernel<16, half>_Pipeline_CBI_STATS|  return value|
|grp_fu_1530_p_ce              |  out|    1|  ap_ctrl_hs|  Universal_Engine_Kernel<16, half>_Pipeline_CBI_STATS|  return value|
|grp_fu_1534_p_din0            |  out|   16|  ap_ctrl_hs|  Universal_Engine_Kernel<16, half>_Pipeline_CBI_STATS|  return value|
|grp_fu_1534_p_din1            |  out|   16|  ap_ctrl_hs|  Universal_Engine_Kernel<16, half>_Pipeline_CBI_STATS|  return value|
|grp_fu_1534_p_dout0           |   in|   16|  ap_ctrl_hs|  Universal_Engine_Kernel<16, half>_Pipeline_CBI_STATS|  return value|
|grp_fu_1534_p_ce              |  out|    1|  ap_ctrl_hs|  Universal_Engine_Kernel<16, half>_Pipeline_CBI_STATS|  return value|
|grp_fu_1538_p_din0            |  out|   16|  ap_ctrl_hs|  Universal_Engine_Kernel<16, half>_Pipeline_CBI_STATS|  return value|
|grp_fu_1538_p_din1            |  out|   16|  ap_ctrl_hs|  Universal_Engine_Kernel<16, half>_Pipeline_CBI_STATS|  return value|
|grp_fu_1538_p_dout0           |   in|   16|  ap_ctrl_hs|  Universal_Engine_Kernel<16, half>_Pipeline_CBI_STATS|  return value|
|grp_fu_1538_p_ce              |  out|    1|  ap_ctrl_hs|  Universal_Engine_Kernel<16, half>_Pipeline_CBI_STATS|  return value|
|grp_fu_1542_p_din0            |  out|   16|  ap_ctrl_hs|  Universal_Engine_Kernel<16, half>_Pipeline_CBI_STATS|  return value|
|grp_fu_1542_p_din1            |  out|   16|  ap_ctrl_hs|  Universal_Engine_Kernel<16, half>_Pipeline_CBI_STATS|  return value|
|grp_fu_1542_p_dout0           |   in|   16|  ap_ctrl_hs|  Universal_Engine_Kernel<16, half>_Pipeline_CBI_STATS|  return value|
|grp_fu_1542_p_ce              |  out|    1|  ap_ctrl_hs|  Universal_Engine_Kernel<16, half>_Pipeline_CBI_STATS|  return value|
|grp_fu_1546_p_din0            |  out|   16|  ap_ctrl_hs|  Universal_Engine_Kernel<16, half>_Pipeline_CBI_STATS|  return value|
|grp_fu_1546_p_din1            |  out|   16|  ap_ctrl_hs|  Universal_Engine_Kernel<16, half>_Pipeline_CBI_STATS|  return value|
|grp_fu_1546_p_dout0           |   in|   16|  ap_ctrl_hs|  Universal_Engine_Kernel<16, half>_Pipeline_CBI_STATS|  return value|
|grp_fu_1546_p_ce              |  out|    1|  ap_ctrl_hs|  Universal_Engine_Kernel<16, half>_Pipeline_CBI_STATS|  return value|
|grp_fu_1550_p_din0            |  out|   16|  ap_ctrl_hs|  Universal_Engine_Kernel<16, half>_Pipeline_CBI_STATS|  return value|
|grp_fu_1550_p_din1            |  out|   16|  ap_ctrl_hs|  Universal_Engine_Kernel<16, half>_Pipeline_CBI_STATS|  return value|
|grp_fu_1550_p_dout0           |   in|   16|  ap_ctrl_hs|  Universal_Engine_Kernel<16, half>_Pipeline_CBI_STATS|  return value|
|grp_fu_1550_p_ce              |  out|    1|  ap_ctrl_hs|  Universal_Engine_Kernel<16, half>_Pipeline_CBI_STATS|  return value|
|grp_fu_1554_p_din0            |  out|   16|  ap_ctrl_hs|  Universal_Engine_Kernel<16, half>_Pipeline_CBI_STATS|  return value|
|grp_fu_1554_p_din1            |  out|   16|  ap_ctrl_hs|  Universal_Engine_Kernel<16, half>_Pipeline_CBI_STATS|  return value|
|grp_fu_1554_p_dout0           |   in|   16|  ap_ctrl_hs|  Universal_Engine_Kernel<16, half>_Pipeline_CBI_STATS|  return value|
|grp_fu_1554_p_ce              |  out|    1|  ap_ctrl_hs|  Universal_Engine_Kernel<16, half>_Pipeline_CBI_STATS|  return value|
|grp_fu_1558_p_din0            |  out|   16|  ap_ctrl_hs|  Universal_Engine_Kernel<16, half>_Pipeline_CBI_STATS|  return value|
|grp_fu_1558_p_din1            |  out|   16|  ap_ctrl_hs|  Universal_Engine_Kernel<16, half>_Pipeline_CBI_STATS|  return value|
|grp_fu_1558_p_dout0           |   in|   16|  ap_ctrl_hs|  Universal_Engine_Kernel<16, half>_Pipeline_CBI_STATS|  return value|
|grp_fu_1558_p_ce              |  out|    1|  ap_ctrl_hs|  Universal_Engine_Kernel<16, half>_Pipeline_CBI_STATS|  return value|
|grp_fu_1562_p_din0            |  out|   16|  ap_ctrl_hs|  Universal_Engine_Kernel<16, half>_Pipeline_CBI_STATS|  return value|
|grp_fu_1562_p_din1            |  out|   16|  ap_ctrl_hs|  Universal_Engine_Kernel<16, half>_Pipeline_CBI_STATS|  return value|
|grp_fu_1562_p_dout0           |   in|   16|  ap_ctrl_hs|  Universal_Engine_Kernel<16, half>_Pipeline_CBI_STATS|  return value|
|grp_fu_1562_p_ce              |  out|    1|  ap_ctrl_hs|  Universal_Engine_Kernel<16, half>_Pipeline_CBI_STATS|  return value|
|grp_fu_1566_p_din0            |  out|   16|  ap_ctrl_hs|  Universal_Engine_Kernel<16, half>_Pipeline_CBI_STATS|  return value|
|grp_fu_1566_p_din1            |  out|   16|  ap_ctrl_hs|  Universal_Engine_Kernel<16, half>_Pipeline_CBI_STATS|  return value|
|grp_fu_1566_p_dout0           |   in|   16|  ap_ctrl_hs|  Universal_Engine_Kernel<16, half>_Pipeline_CBI_STATS|  return value|
|grp_fu_1566_p_ce              |  out|    1|  ap_ctrl_hs|  Universal_Engine_Kernel<16, half>_Pipeline_CBI_STATS|  return value|
|grp_fu_1570_p_din0            |  out|   16|  ap_ctrl_hs|  Universal_Engine_Kernel<16, half>_Pipeline_CBI_STATS|  return value|
|grp_fu_1570_p_din1            |  out|   16|  ap_ctrl_hs|  Universal_Engine_Kernel<16, half>_Pipeline_CBI_STATS|  return value|
|grp_fu_1570_p_dout0           |   in|   16|  ap_ctrl_hs|  Universal_Engine_Kernel<16, half>_Pipeline_CBI_STATS|  return value|
|grp_fu_1570_p_ce              |  out|    1|  ap_ctrl_hs|  Universal_Engine_Kernel<16, half>_Pipeline_CBI_STATS|  return value|
|grp_fu_1574_p_din0            |  out|   16|  ap_ctrl_hs|  Universal_Engine_Kernel<16, half>_Pipeline_CBI_STATS|  return value|
|grp_fu_1574_p_din1            |  out|   16|  ap_ctrl_hs|  Universal_Engine_Kernel<16, half>_Pipeline_CBI_STATS|  return value|
|grp_fu_1574_p_dout0           |   in|   16|  ap_ctrl_hs|  Universal_Engine_Kernel<16, half>_Pipeline_CBI_STATS|  return value|
|grp_fu_1574_p_ce              |  out|    1|  ap_ctrl_hs|  Universal_Engine_Kernel<16, half>_Pipeline_CBI_STATS|  return value|
|grp_fu_1578_p_din0            |  out|   16|  ap_ctrl_hs|  Universal_Engine_Kernel<16, half>_Pipeline_CBI_STATS|  return value|
|grp_fu_1578_p_din1            |  out|   16|  ap_ctrl_hs|  Universal_Engine_Kernel<16, half>_Pipeline_CBI_STATS|  return value|
|grp_fu_1578_p_dout0           |   in|   16|  ap_ctrl_hs|  Universal_Engine_Kernel<16, half>_Pipeline_CBI_STATS|  return value|
|grp_fu_1578_p_ce              |  out|    1|  ap_ctrl_hs|  Universal_Engine_Kernel<16, half>_Pipeline_CBI_STATS|  return value|
|grp_fu_1582_p_din0            |  out|   16|  ap_ctrl_hs|  Universal_Engine_Kernel<16, half>_Pipeline_CBI_STATS|  return value|
|grp_fu_1582_p_din1            |  out|   16|  ap_ctrl_hs|  Universal_Engine_Kernel<16, half>_Pipeline_CBI_STATS|  return value|
|grp_fu_1582_p_dout0           |   in|   16|  ap_ctrl_hs|  Universal_Engine_Kernel<16, half>_Pipeline_CBI_STATS|  return value|
|grp_fu_1582_p_ce              |  out|    1|  ap_ctrl_hs|  Universal_Engine_Kernel<16, half>_Pipeline_CBI_STATS|  return value|
|grp_fu_1586_p_din0            |  out|   16|  ap_ctrl_hs|  Universal_Engine_Kernel<16, half>_Pipeline_CBI_STATS|  return value|
|grp_fu_1586_p_din1            |  out|   16|  ap_ctrl_hs|  Universal_Engine_Kernel<16, half>_Pipeline_CBI_STATS|  return value|
|grp_fu_1586_p_dout0           |   in|   16|  ap_ctrl_hs|  Universal_Engine_Kernel<16, half>_Pipeline_CBI_STATS|  return value|
|grp_fu_1586_p_ce              |  out|    1|  ap_ctrl_hs|  Universal_Engine_Kernel<16, half>_Pipeline_CBI_STATS|  return value|
|grp_fu_1590_p_din0            |  out|   16|  ap_ctrl_hs|  Universal_Engine_Kernel<16, half>_Pipeline_CBI_STATS|  return value|
|grp_fu_1590_p_din1            |  out|   16|  ap_ctrl_hs|  Universal_Engine_Kernel<16, half>_Pipeline_CBI_STATS|  return value|
|grp_fu_1590_p_dout0           |   in|   16|  ap_ctrl_hs|  Universal_Engine_Kernel<16, half>_Pipeline_CBI_STATS|  return value|
|grp_fu_1590_p_ce              |  out|    1|  ap_ctrl_hs|  Universal_Engine_Kernel<16, half>_Pipeline_CBI_STATS|  return value|
|grp_fu_1594_p_din0            |  out|   16|  ap_ctrl_hs|  Universal_Engine_Kernel<16, half>_Pipeline_CBI_STATS|  return value|
|grp_fu_1594_p_din1            |  out|   16|  ap_ctrl_hs|  Universal_Engine_Kernel<16, half>_Pipeline_CBI_STATS|  return value|
|grp_fu_1594_p_dout0           |   in|   16|  ap_ctrl_hs|  Universal_Engine_Kernel<16, half>_Pipeline_CBI_STATS|  return value|
|grp_fu_1594_p_ce              |  out|    1|  ap_ctrl_hs|  Universal_Engine_Kernel<16, half>_Pipeline_CBI_STATS|  return value|
|grp_fu_1598_p_din0            |  out|   16|  ap_ctrl_hs|  Universal_Engine_Kernel<16, half>_Pipeline_CBI_STATS|  return value|
|grp_fu_1598_p_din1            |  out|   16|  ap_ctrl_hs|  Universal_Engine_Kernel<16, half>_Pipeline_CBI_STATS|  return value|
|grp_fu_1598_p_dout0           |   in|   16|  ap_ctrl_hs|  Universal_Engine_Kernel<16, half>_Pipeline_CBI_STATS|  return value|
|grp_fu_1598_p_ce              |  out|    1|  ap_ctrl_hs|  Universal_Engine_Kernel<16, half>_Pipeline_CBI_STATS|  return value|
|grp_fu_1602_p_din0            |  out|   16|  ap_ctrl_hs|  Universal_Engine_Kernel<16, half>_Pipeline_CBI_STATS|  return value|
|grp_fu_1602_p_din1            |  out|   16|  ap_ctrl_hs|  Universal_Engine_Kernel<16, half>_Pipeline_CBI_STATS|  return value|
|grp_fu_1602_p_dout0           |   in|   16|  ap_ctrl_hs|  Universal_Engine_Kernel<16, half>_Pipeline_CBI_STATS|  return value|
|grp_fu_1602_p_ce              |  out|    1|  ap_ctrl_hs|  Universal_Engine_Kernel<16, half>_Pipeline_CBI_STATS|  return value|
|grp_fu_1606_p_din0            |  out|   16|  ap_ctrl_hs|  Universal_Engine_Kernel<16, half>_Pipeline_CBI_STATS|  return value|
|grp_fu_1606_p_din1            |  out|   16|  ap_ctrl_hs|  Universal_Engine_Kernel<16, half>_Pipeline_CBI_STATS|  return value|
|grp_fu_1606_p_dout0           |   in|   16|  ap_ctrl_hs|  Universal_Engine_Kernel<16, half>_Pipeline_CBI_STATS|  return value|
|grp_fu_1606_p_ce              |  out|    1|  ap_ctrl_hs|  Universal_Engine_Kernel<16, half>_Pipeline_CBI_STATS|  return value|
|grp_fu_1610_p_din0            |  out|   16|  ap_ctrl_hs|  Universal_Engine_Kernel<16, half>_Pipeline_CBI_STATS|  return value|
|grp_fu_1610_p_din1            |  out|   16|  ap_ctrl_hs|  Universal_Engine_Kernel<16, half>_Pipeline_CBI_STATS|  return value|
|grp_fu_1610_p_dout0           |   in|   16|  ap_ctrl_hs|  Universal_Engine_Kernel<16, half>_Pipeline_CBI_STATS|  return value|
|grp_fu_1610_p_ce              |  out|    1|  ap_ctrl_hs|  Universal_Engine_Kernel<16, half>_Pipeline_CBI_STATS|  return value|
|grp_fu_1614_p_din0            |  out|   16|  ap_ctrl_hs|  Universal_Engine_Kernel<16, half>_Pipeline_CBI_STATS|  return value|
|grp_fu_1614_p_din1            |  out|   16|  ap_ctrl_hs|  Universal_Engine_Kernel<16, half>_Pipeline_CBI_STATS|  return value|
|grp_fu_1614_p_dout0           |   in|   16|  ap_ctrl_hs|  Universal_Engine_Kernel<16, half>_Pipeline_CBI_STATS|  return value|
|grp_fu_1614_p_ce              |  out|    1|  ap_ctrl_hs|  Universal_Engine_Kernel<16, half>_Pipeline_CBI_STATS|  return value|
|grp_fu_1618_p_din0            |  out|   16|  ap_ctrl_hs|  Universal_Engine_Kernel<16, half>_Pipeline_CBI_STATS|  return value|
|grp_fu_1618_p_din1            |  out|   16|  ap_ctrl_hs|  Universal_Engine_Kernel<16, half>_Pipeline_CBI_STATS|  return value|
|grp_fu_1618_p_dout0           |   in|   16|  ap_ctrl_hs|  Universal_Engine_Kernel<16, half>_Pipeline_CBI_STATS|  return value|
|grp_fu_1618_p_ce              |  out|    1|  ap_ctrl_hs|  Universal_Engine_Kernel<16, half>_Pipeline_CBI_STATS|  return value|
|grp_fu_1622_p_din0            |  out|   16|  ap_ctrl_hs|  Universal_Engine_Kernel<16, half>_Pipeline_CBI_STATS|  return value|
|grp_fu_1622_p_din1            |  out|   16|  ap_ctrl_hs|  Universal_Engine_Kernel<16, half>_Pipeline_CBI_STATS|  return value|
|grp_fu_1622_p_dout0           |   in|   16|  ap_ctrl_hs|  Universal_Engine_Kernel<16, half>_Pipeline_CBI_STATS|  return value|
|grp_fu_1622_p_ce              |  out|    1|  ap_ctrl_hs|  Universal_Engine_Kernel<16, half>_Pipeline_CBI_STATS|  return value|
|grp_fu_1626_p_din0            |  out|   16|  ap_ctrl_hs|  Universal_Engine_Kernel<16, half>_Pipeline_CBI_STATS|  return value|
|grp_fu_1626_p_din1            |  out|   16|  ap_ctrl_hs|  Universal_Engine_Kernel<16, half>_Pipeline_CBI_STATS|  return value|
|grp_fu_1626_p_dout0           |   in|   16|  ap_ctrl_hs|  Universal_Engine_Kernel<16, half>_Pipeline_CBI_STATS|  return value|
|grp_fu_1626_p_ce              |  out|    1|  ap_ctrl_hs|  Universal_Engine_Kernel<16, half>_Pipeline_CBI_STATS|  return value|
|grp_fu_1630_p_din0            |  out|   16|  ap_ctrl_hs|  Universal_Engine_Kernel<16, half>_Pipeline_CBI_STATS|  return value|
|grp_fu_1630_p_din1            |  out|   16|  ap_ctrl_hs|  Universal_Engine_Kernel<16, half>_Pipeline_CBI_STATS|  return value|
|grp_fu_1630_p_dout0           |   in|   16|  ap_ctrl_hs|  Universal_Engine_Kernel<16, half>_Pipeline_CBI_STATS|  return value|
|grp_fu_1630_p_ce              |  out|    1|  ap_ctrl_hs|  Universal_Engine_Kernel<16, half>_Pipeline_CBI_STATS|  return value|
|grp_fu_1634_p_din0            |  out|   16|  ap_ctrl_hs|  Universal_Engine_Kernel<16, half>_Pipeline_CBI_STATS|  return value|
|grp_fu_1634_p_din1            |  out|   16|  ap_ctrl_hs|  Universal_Engine_Kernel<16, half>_Pipeline_CBI_STATS|  return value|
|grp_fu_1634_p_dout0           |   in|   16|  ap_ctrl_hs|  Universal_Engine_Kernel<16, half>_Pipeline_CBI_STATS|  return value|
|grp_fu_1634_p_ce              |  out|    1|  ap_ctrl_hs|  Universal_Engine_Kernel<16, half>_Pipeline_CBI_STATS|  return value|
|grp_fu_1638_p_din0            |  out|   16|  ap_ctrl_hs|  Universal_Engine_Kernel<16, half>_Pipeline_CBI_STATS|  return value|
|grp_fu_1638_p_din1            |  out|   16|  ap_ctrl_hs|  Universal_Engine_Kernel<16, half>_Pipeline_CBI_STATS|  return value|
|grp_fu_1638_p_dout0           |   in|   16|  ap_ctrl_hs|  Universal_Engine_Kernel<16, half>_Pipeline_CBI_STATS|  return value|
|grp_fu_1638_p_ce              |  out|    1|  ap_ctrl_hs|  Universal_Engine_Kernel<16, half>_Pipeline_CBI_STATS|  return value|
|grp_fu_1642_p_din0            |  out|   16|  ap_ctrl_hs|  Universal_Engine_Kernel<16, half>_Pipeline_CBI_STATS|  return value|
|grp_fu_1642_p_din1            |  out|   16|  ap_ctrl_hs|  Universal_Engine_Kernel<16, half>_Pipeline_CBI_STATS|  return value|
|grp_fu_1642_p_dout0           |   in|   16|  ap_ctrl_hs|  Universal_Engine_Kernel<16, half>_Pipeline_CBI_STATS|  return value|
|grp_fu_1642_p_ce              |  out|    1|  ap_ctrl_hs|  Universal_Engine_Kernel<16, half>_Pipeline_CBI_STATS|  return value|
|m_axi_gmem_x_0_AWVALID        |  out|    1|       m_axi|                                                gmem_x|       pointer|
|m_axi_gmem_x_0_AWREADY        |   in|    1|       m_axi|                                                gmem_x|       pointer|
|m_axi_gmem_x_0_AWADDR         |  out|   64|       m_axi|                                                gmem_x|       pointer|
|m_axi_gmem_x_0_AWID           |  out|    1|       m_axi|                                                gmem_x|       pointer|
|m_axi_gmem_x_0_AWLEN          |  out|   32|       m_axi|                                                gmem_x|       pointer|
|m_axi_gmem_x_0_AWSIZE         |  out|    3|       m_axi|                                                gmem_x|       pointer|
|m_axi_gmem_x_0_AWBURST        |  out|    2|       m_axi|                                                gmem_x|       pointer|
|m_axi_gmem_x_0_AWLOCK         |  out|    2|       m_axi|                                                gmem_x|       pointer|
|m_axi_gmem_x_0_AWCACHE        |  out|    4|       m_axi|                                                gmem_x|       pointer|
|m_axi_gmem_x_0_AWPROT         |  out|    3|       m_axi|                                                gmem_x|       pointer|
|m_axi_gmem_x_0_AWQOS          |  out|    4|       m_axi|                                                gmem_x|       pointer|
|m_axi_gmem_x_0_AWREGION       |  out|    4|       m_axi|                                                gmem_x|       pointer|
|m_axi_gmem_x_0_AWUSER         |  out|    1|       m_axi|                                                gmem_x|       pointer|
|m_axi_gmem_x_0_WVALID         |  out|    1|       m_axi|                                                gmem_x|       pointer|
|m_axi_gmem_x_0_WREADY         |   in|    1|       m_axi|                                                gmem_x|       pointer|
|m_axi_gmem_x_0_WDATA          |  out|  256|       m_axi|                                                gmem_x|       pointer|
|m_axi_gmem_x_0_WSTRB          |  out|   32|       m_axi|                                                gmem_x|       pointer|
|m_axi_gmem_x_0_WLAST          |  out|    1|       m_axi|                                                gmem_x|       pointer|
|m_axi_gmem_x_0_WID            |  out|    1|       m_axi|                                                gmem_x|       pointer|
|m_axi_gmem_x_0_WUSER          |  out|    1|       m_axi|                                                gmem_x|       pointer|
|m_axi_gmem_x_0_ARVALID        |  out|    1|       m_axi|                                                gmem_x|       pointer|
|m_axi_gmem_x_0_ARREADY        |   in|    1|       m_axi|                                                gmem_x|       pointer|
|m_axi_gmem_x_0_ARADDR         |  out|   64|       m_axi|                                                gmem_x|       pointer|
|m_axi_gmem_x_0_ARID           |  out|    1|       m_axi|                                                gmem_x|       pointer|
|m_axi_gmem_x_0_ARLEN          |  out|   32|       m_axi|                                                gmem_x|       pointer|
|m_axi_gmem_x_0_ARSIZE         |  out|    3|       m_axi|                                                gmem_x|       pointer|
|m_axi_gmem_x_0_ARBURST        |  out|    2|       m_axi|                                                gmem_x|       pointer|
|m_axi_gmem_x_0_ARLOCK         |  out|    2|       m_axi|                                                gmem_x|       pointer|
|m_axi_gmem_x_0_ARCACHE        |  out|    4|       m_axi|                                                gmem_x|       pointer|
|m_axi_gmem_x_0_ARPROT         |  out|    3|       m_axi|                                                gmem_x|       pointer|
|m_axi_gmem_x_0_ARQOS          |  out|    4|       m_axi|                                                gmem_x|       pointer|
|m_axi_gmem_x_0_ARREGION       |  out|    4|       m_axi|                                                gmem_x|       pointer|
|m_axi_gmem_x_0_ARUSER         |  out|    1|       m_axi|                                                gmem_x|       pointer|
|m_axi_gmem_x_0_RVALID         |   in|    1|       m_axi|                                                gmem_x|       pointer|
|m_axi_gmem_x_0_RREADY         |  out|    1|       m_axi|                                                gmem_x|       pointer|
|m_axi_gmem_x_0_RDATA          |   in|  256|       m_axi|                                                gmem_x|       pointer|
|m_axi_gmem_x_0_RLAST          |   in|    1|       m_axi|                                                gmem_x|       pointer|
|m_axi_gmem_x_0_RID            |   in|    1|       m_axi|                                                gmem_x|       pointer|
|m_axi_gmem_x_0_RFIFONUM       |   in|   11|       m_axi|                                                gmem_x|       pointer|
|m_axi_gmem_x_0_RUSER          |   in|    1|       m_axi|                                                gmem_x|       pointer|
|m_axi_gmem_x_0_RRESP          |   in|    2|       m_axi|                                                gmem_x|       pointer|
|m_axi_gmem_x_0_BVALID         |   in|    1|       m_axi|                                                gmem_x|       pointer|
|m_axi_gmem_x_0_BREADY         |  out|    1|       m_axi|                                                gmem_x|       pointer|
|m_axi_gmem_x_0_BRESP          |   in|    2|       m_axi|                                                gmem_x|       pointer|
|m_axi_gmem_x_0_BID            |   in|    1|       m_axi|                                                gmem_x|       pointer|
|m_axi_gmem_x_0_BUSER          |   in|    1|       m_axi|                                                gmem_x|       pointer|
|sext_ln192                    |   in|   59|     ap_none|                                            sext_ln192|        scalar|
|pix_address0                  |  out|    4|   ap_memory|                                                   pix|         array|
|pix_ce0                       |  out|    1|   ap_memory|                                                   pix|         array|
|pix_we0                       |  out|    1|   ap_memory|                                                   pix|         array|
|pix_d0                        |  out|  256|   ap_memory|                                                   pix|         array|
|mux_case_13901248_out         |  out|   16|      ap_vld|                                 mux_case_13901248_out|       pointer|
|mux_case_13901248_out_ap_vld  |  out|    1|      ap_vld|                                 mux_case_13901248_out|       pointer|
|mux_case_12881245_out         |  out|   16|      ap_vld|                                 mux_case_12881245_out|       pointer|
|mux_case_12881245_out_ap_vld  |  out|    1|      ap_vld|                                 mux_case_12881245_out|       pointer|
|mux_case_11861242_out         |  out|   16|      ap_vld|                                 mux_case_11861242_out|       pointer|
|mux_case_11861242_out_ap_vld  |  out|    1|      ap_vld|                                 mux_case_11861242_out|       pointer|
|mux_case_10841239_out         |  out|   16|      ap_vld|                                 mux_case_10841239_out|       pointer|
|mux_case_10841239_out_ap_vld  |  out|    1|      ap_vld|                                 mux_case_10841239_out|       pointer|
|mux_case_9821236_out          |  out|   16|      ap_vld|                                  mux_case_9821236_out|       pointer|
|mux_case_9821236_out_ap_vld   |  out|    1|      ap_vld|                                  mux_case_9821236_out|       pointer|
|mux_case_8801233_out          |  out|   16|      ap_vld|                                  mux_case_8801233_out|       pointer|
|mux_case_8801233_out_ap_vld   |  out|    1|      ap_vld|                                  mux_case_8801233_out|       pointer|
|mux_case_7781230_out          |  out|   16|      ap_vld|                                  mux_case_7781230_out|       pointer|
|mux_case_7781230_out_ap_vld   |  out|    1|      ap_vld|                                  mux_case_7781230_out|       pointer|
|mux_case_6761227_out          |  out|   16|      ap_vld|                                  mux_case_6761227_out|       pointer|
|mux_case_6761227_out_ap_vld   |  out|    1|      ap_vld|                                  mux_case_6761227_out|       pointer|
|mux_case_5741224_out          |  out|   16|      ap_vld|                                  mux_case_5741224_out|       pointer|
|mux_case_5741224_out_ap_vld   |  out|    1|      ap_vld|                                  mux_case_5741224_out|       pointer|
|mux_case_4721221_out          |  out|   16|      ap_vld|                                  mux_case_4721221_out|       pointer|
|mux_case_4721221_out_ap_vld   |  out|    1|      ap_vld|                                  mux_case_4721221_out|       pointer|
|mux_case_3701218_out          |  out|   16|      ap_vld|                                  mux_case_3701218_out|       pointer|
|mux_case_3701218_out_ap_vld   |  out|    1|      ap_vld|                                  mux_case_3701218_out|       pointer|
|mux_case_2681215_out          |  out|   16|      ap_vld|                                  mux_case_2681215_out|       pointer|
|mux_case_2681215_out_ap_vld   |  out|    1|      ap_vld|                                  mux_case_2681215_out|       pointer|
|mux_case_1661212_out          |  out|   16|      ap_vld|                                  mux_case_1661212_out|       pointer|
|mux_case_1661212_out_ap_vld   |  out|    1|      ap_vld|                                  mux_case_1661212_out|       pointer|
|mux_case_0641209_out          |  out|   16|      ap_vld|                                  mux_case_0641209_out|       pointer|
|mux_case_0641209_out_ap_vld   |  out|    1|      ap_vld|                                  mux_case_0641209_out|       pointer|
|mux_case_131206_out           |  out|   16|      ap_vld|                                   mux_case_131206_out|       pointer|
|mux_case_131206_out_ap_vld    |  out|    1|      ap_vld|                                   mux_case_131206_out|       pointer|
|mux_case_121203_out           |  out|   16|      ap_vld|                                   mux_case_121203_out|       pointer|
|mux_case_121203_out_ap_vld    |  out|    1|      ap_vld|                                   mux_case_121203_out|       pointer|
|mux_case_111200_out           |  out|   16|      ap_vld|                                   mux_case_111200_out|       pointer|
|mux_case_111200_out_ap_vld    |  out|    1|      ap_vld|                                   mux_case_111200_out|       pointer|
|mux_case_101197_out           |  out|   16|      ap_vld|                                   mux_case_101197_out|       pointer|
|mux_case_101197_out_ap_vld    |  out|    1|      ap_vld|                                   mux_case_101197_out|       pointer|
|mux_case_91194_out            |  out|   16|      ap_vld|                                    mux_case_91194_out|       pointer|
|mux_case_91194_out_ap_vld     |  out|    1|      ap_vld|                                    mux_case_91194_out|       pointer|
|mux_case_81191_out            |  out|   16|      ap_vld|                                    mux_case_81191_out|       pointer|
|mux_case_81191_out_ap_vld     |  out|    1|      ap_vld|                                    mux_case_81191_out|       pointer|
|mux_case_71188_out            |  out|   16|      ap_vld|                                    mux_case_71188_out|       pointer|
|mux_case_71188_out_ap_vld     |  out|    1|      ap_vld|                                    mux_case_71188_out|       pointer|
|mux_case_61185_out            |  out|   16|      ap_vld|                                    mux_case_61185_out|       pointer|
|mux_case_61185_out_ap_vld     |  out|    1|      ap_vld|                                    mux_case_61185_out|       pointer|
|mux_case_51182_out            |  out|   16|      ap_vld|                                    mux_case_51182_out|       pointer|
|mux_case_51182_out_ap_vld     |  out|    1|      ap_vld|                                    mux_case_51182_out|       pointer|
|mux_case_41179_out            |  out|   16|      ap_vld|                                    mux_case_41179_out|       pointer|
|mux_case_41179_out_ap_vld     |  out|    1|      ap_vld|                                    mux_case_41179_out|       pointer|
|mux_case_31176_out            |  out|   16|      ap_vld|                                    mux_case_31176_out|       pointer|
|mux_case_31176_out_ap_vld     |  out|    1|      ap_vld|                                    mux_case_31176_out|       pointer|
|mux_case_21173_out            |  out|   16|      ap_vld|                                    mux_case_21173_out|       pointer|
|mux_case_21173_out_ap_vld     |  out|    1|      ap_vld|                                    mux_case_21173_out|       pointer|
|mux_case_11170_out            |  out|   16|      ap_vld|                                    mux_case_11170_out|       pointer|
|mux_case_11170_out_ap_vld     |  out|    1|      ap_vld|                                    mux_case_11170_out|       pointer|
|mux_case_01167_out            |  out|   16|      ap_vld|                                    mux_case_01167_out|       pointer|
|mux_case_01167_out_ap_vld     |  out|    1|      ap_vld|                                    mux_case_01167_out|       pointer|
+------------------------------+-----+-----+------------+------------------------------------------------------+--------------+

