

================================================================
== Vitis HLS Report for 'Universal_Engine_Kernel_16_half_Pipeline_VITIS_LOOP_247_8_VITIS_LOOP_247_9'
================================================================
* Date:           Fri May 22 08:50:21 2026

* Version:        2024.2 (Build 5238294 on Nov  8 2024)
* Project:        prj
* Solution:       solution1 (Vitis Kernel Flow Target)
* Product family: zynquplus
* Target device:  xczu7ev-ffvc1156-2-e


================================================================
== Performance Estimates
================================================================
+ Timing: 
    * Summary: 
    +--------+---------+----------+------------+
    |  Clock |  Target | Estimated| Uncertainty|
    +--------+---------+----------+------------+
    |ap_clk  |  3.33 ns|  2.412 ns|     0.90 ns|
    +--------+---------+----------+------------+

+ Latency: 
    * Summary: 
    +---------+---------+----------+----------+-----+-----+------------------------------------------------+
    |  Latency (cycles) |  Latency (absolute) |  Interval |                    Pipeline                    |
    |   min   |   max   |    min   |    max   | min | max |                      Type                      |
    +---------+---------+----------+----------+-----+-----+------------------------------------------------+
    |      130|      130|  0.433 us|  0.433 us|  129|  129|  loop auto-rewind stp (delay=0 clock cycles(s))|
    +---------+---------+----------+----------+-----+-----+------------------------------------------------+

    + Detail: 
        * Instance: 
        N/A

        * Loop: 
        +-------------------------------------+---------+---------+----------+-----------+-----------+------+----------+
        |                                     |  Latency (cycles) | Iteration|  Initiation Interval  | Trip |          |
        |              Loop Name              |   min   |   max   |  Latency |  achieved |   target  | Count| Pipelined|
        +-------------------------------------+---------+---------+----------+-----------+-----------+------+----------+
        |- VITIS_LOOP_247_8_VITIS_LOOP_247_9  |      128|      128|         2|          1|          1|   128|       yes|
        +-------------------------------------+---------+---------+----------+-----------+-----------+------+----------+



================================================================
== Utilization Estimates
================================================================
* Summary: 
+-----------------+---------+------+--------+--------+-----+
|       Name      | BRAM_18K|  DSP |   FF   |   LUT  | URAM|
+-----------------+---------+------+--------+--------+-----+
|DSP              |        -|     -|       -|       -|    -|
|Expression       |        -|     -|       0|      78|    -|
|FIFO             |        -|     -|       -|       -|    -|
|Instance         |        -|     -|       -|       -|    -|
|Memory           |        -|     -|       -|       -|    -|
|Multiplexer      |        -|     -|       0|      54|    -|
|Register         |        -|     -|      20|       -|    -|
+-----------------+---------+------+--------+--------+-----+
|Total            |        0|     0|      20|     132|    0|
+-----------------+---------+------+--------+--------+-----+
|Available        |      624|  1728|  460800|  230400|   96|
+-----------------+---------+------+--------+--------+-----+
|Utilization (%)  |        0|     0|      ~0|      ~0|    0|
+-----------------+---------+------+--------+--------+-----+

+ Detail: 
    * Instance: 
    N/A

    * DSP: 
    N/A

    * Memory: 
    N/A

    * FIFO: 
    N/A

    * Expression: 
    +---------------------------+----------+----+---+----+------------+------------+
    |       Variable Name       | Operation| DSP| FF| LUT| Bitwidth P0| Bitwidth P1|
    +---------------------------+----------+----+---+----+------------+------------+
    |add_ln247_1_fu_2469_p2     |         +|   0|  0|  12|           4|           1|
    |add_ln247_2_fu_1776_p2     |         +|   0|  0|  15|           8|           1|
    |add_ln247_fu_1793_p2       |         +|   0|  0|  12|           5|           1|
    |icmp_ln247_16_fu_1799_p2   |      icmp|   0|  0|  12|           4|           5|
    |icmp_ln247_fu_1770_p2      |      icmp|   0|  0|  16|           8|           9|
    |select_ln247_1_fu_1813_p3  |    select|   0|  0|   5|           1|           5|
    |select_ln247_fu_1805_p3    |    select|   0|  0|   4|           1|           1|
    |ap_enable_pp0              |       xor|   0|  0|   2|           1|           2|
    +---------------------------+----------+----+---+----+------------+------------+
    |Total                      |          |   0|  0|  78|          32|          25|
    +---------------------------+----------+----+---+----+------------+------------+

    * Multiplexer: 
    +--------------------------------------+----+-----------+-----+-----------+
    |                 Name                 | LUT| Input Size| Bits| Total Bits|
    +--------------------------------------+----+-----------+-----+-----------+
    |ap_done_int                           |   9|          2|    1|          2|
    |ap_enable_reg_pp0_iter1               |   9|          2|    1|          2|
    |ap_sig_allocacmp_indvar_flatten_load  |   9|          2|    8|         16|
    |indvar_flatten_fu_340                 |   9|          2|    8|         16|
    |l_fu_332                              |   9|          2|    4|          8|
    |p_fu_336                              |   9|          2|    5|         10|
    +--------------------------------------+----+-----------+-----+-----------+
    |Total                                 |  54|         12|   27|         54|
    +--------------------------------------+----+-----------+-----+-----------+

    * Register: 
    +-------------------------+---+----+-----+-----------+
    |           Name          | FF| LUT| Bits| Const Bits|
    +-------------------------+---+----+-----+-----------+
    |ap_CS_fsm                |  1|   0|    1|          0|
    |ap_done_reg              |  1|   0|    1|          0|
    |ap_enable_reg_pp0_iter1  |  1|   0|    1|          0|
    |indvar_flatten_fu_340    |  8|   0|    8|          0|
    |l_fu_332                 |  4|   0|    4|          0|
    |p_fu_336                 |  5|   0|    5|          0|
    +-------------------------+---+----+-----+-----------+
    |Total                    | 20|   0|   20|          0|
    +-------------------------+---+----+-----+-----------+



================================================================
== Interface
================================================================
* Summary: 
+---------------------+-----+-----+------------+------------------------------------------------------------------------------+--------------+
|      RTL Ports      | Dir | Bits|  Protocol  |                                 Source Object                                |    C Type    |
+---------------------+-----+-----+------------+------------------------------------------------------------------------------+--------------+
|ap_clk               |   in|    1|  ap_ctrl_hs|  Universal_Engine_Kernel<16, half>_Pipeline_VITIS_LOOP_247_8_VITIS_LOOP_247_9|  return value|
|ap_rst               |   in|    1|  ap_ctrl_hs|  Universal_Engine_Kernel<16, half>_Pipeline_VITIS_LOOP_247_8_VITIS_LOOP_247_9|  return value|
|ap_start             |   in|    1|  ap_ctrl_hs|  Universal_Engine_Kernel<16, half>_Pipeline_VITIS_LOOP_247_8_VITIS_LOOP_247_9|  return value|
|ap_done              |  out|    1|  ap_ctrl_hs|  Universal_Engine_Kernel<16, half>_Pipeline_VITIS_LOOP_247_8_VITIS_LOOP_247_9|  return value|
|ap_idle              |  out|    1|  ap_ctrl_hs|  Universal_Engine_Kernel<16, half>_Pipeline_VITIS_LOOP_247_8_VITIS_LOOP_247_9|  return value|
|ap_ready             |  out|    1|  ap_ctrl_hs|  Universal_Engine_Kernel<16, half>_Pipeline_VITIS_LOOP_247_8_VITIS_LOOP_247_9|  return value|
|psum_294_out         |  out|   16|      ap_vld|                                                                  psum_294_out|       pointer|
|psum_294_out_ap_vld  |  out|    1|      ap_vld|                                                                  psum_294_out|       pointer|
|psum_293_out         |  out|   16|      ap_vld|                                                                  psum_293_out|       pointer|
|psum_293_out_ap_vld  |  out|    1|      ap_vld|                                                                  psum_293_out|       pointer|
|psum_292_out         |  out|   16|      ap_vld|                                                                  psum_292_out|       pointer|
|psum_292_out_ap_vld  |  out|    1|      ap_vld|                                                                  psum_292_out|       pointer|
|psum_291_out         |  out|   16|      ap_vld|                                                                  psum_291_out|       pointer|
|psum_291_out_ap_vld  |  out|    1|      ap_vld|                                                                  psum_291_out|       pointer|
|psum_290_out         |  out|   16|      ap_vld|                                                                  psum_290_out|       pointer|
|psum_290_out_ap_vld  |  out|    1|      ap_vld|                                                                  psum_290_out|       pointer|
|psum_289_out         |  out|   16|      ap_vld|                                                                  psum_289_out|       pointer|
|psum_289_out_ap_vld  |  out|    1|      ap_vld|                                                                  psum_289_out|       pointer|
|psum_288_out         |  out|   16|      ap_vld|                                                                  psum_288_out|       pointer|
|psum_288_out_ap_vld  |  out|    1|      ap_vld|                                                                  psum_288_out|       pointer|
|psum_287_out         |  out|   16|      ap_vld|                                                                  psum_287_out|       pointer|
|psum_287_out_ap_vld  |  out|    1|      ap_vld|                                                                  psum_287_out|       pointer|
|psum_286_out         |  out|   16|      ap_vld|                                                                  psum_286_out|       pointer|
|psum_286_out_ap_vld  |  out|    1|      ap_vld|                                                                  psum_286_out|       pointer|
|psum_285_out         |  out|   16|      ap_vld|                                                                  psum_285_out|       pointer|
|psum_285_out_ap_vld  |  out|    1|      ap_vld|                                                                  psum_285_out|       pointer|
|psum_284_out         |  out|   16|      ap_vld|                                                                  psum_284_out|       pointer|
|psum_284_out_ap_vld  |  out|    1|      ap_vld|                                                                  psum_284_out|       pointer|
|psum_283_out         |  out|   16|      ap_vld|                                                                  psum_283_out|       pointer|
|psum_283_out_ap_vld  |  out|    1|      ap_vld|                                                                  psum_283_out|       pointer|
|psum_282_out         |  out|   16|      ap_vld|                                                                  psum_282_out|       pointer|
|psum_282_out_ap_vld  |  out|    1|      ap_vld|                                                                  psum_282_out|       pointer|
|psum_281_out         |  out|   16|      ap_vld|                                                                  psum_281_out|       pointer|
|psum_281_out_ap_vld  |  out|    1|      ap_vld|                                                                  psum_281_out|       pointer|
|psum_280_out         |  out|   16|      ap_vld|                                                                  psum_280_out|       pointer|
|psum_280_out_ap_vld  |  out|    1|      ap_vld|                                                                  psum_280_out|       pointer|
|psum_279_out         |  out|   16|      ap_vld|                                                                  psum_279_out|       pointer|
|psum_279_out_ap_vld  |  out|    1|      ap_vld|                                                                  psum_279_out|       pointer|
|psum_278_out         |  out|   16|      ap_vld|                                                                  psum_278_out|       pointer|
|psum_278_out_ap_vld  |  out|    1|      ap_vld|                                                                  psum_278_out|       pointer|
|psum_277_out         |  out|   16|      ap_vld|                                                                  psum_277_out|       pointer|
|psum_277_out_ap_vld  |  out|    1|      ap_vld|                                                                  psum_277_out|       pointer|
|psum_276_out         |  out|   16|      ap_vld|                                                                  psum_276_out|       pointer|
|psum_276_out_ap_vld  |  out|    1|      ap_vld|                                                                  psum_276_out|       pointer|
|psum_275_out         |  out|   16|      ap_vld|                                                                  psum_275_out|       pointer|
|psum_275_out_ap_vld  |  out|    1|      ap_vld|                                                                  psum_275_out|       pointer|
|psum_274_out         |  out|   16|      ap_vld|                                                                  psum_274_out|       pointer|
|psum_274_out_ap_vld  |  out|    1|      ap_vld|                                                                  psum_274_out|       pointer|
|psum_273_out         |  out|   16|      ap_vld|                                                                  psum_273_out|       pointer|
|psum_273_out_ap_vld  |  out|    1|      ap_vld|                                                                  psum_273_out|       pointer|
|psum_272_out         |  out|   16|      ap_vld|                                                                  psum_272_out|       pointer|
|psum_272_out_ap_vld  |  out|    1|      ap_vld|                                                                  psum_272_out|       pointer|
|psum_271_out         |  out|   16|      ap_vld|                                                                  psum_271_out|       pointer|
|psum_271_out_ap_vld  |  out|    1|      ap_vld|                                                                  psum_271_out|       pointer|
|psum_270_out         |  out|   16|      ap_vld|                                                                  psum_270_out|       pointer|
|psum_270_out_ap_vld  |  out|    1|      ap_vld|                                                                  psum_270_out|       pointer|
|psum_269_out         |  out|   16|      ap_vld|                                                                  psum_269_out|       pointer|
|psum_269_out_ap_vld  |  out|    1|      ap_vld|                                                                  psum_269_out|       pointer|
|psum_268_out         |  out|   16|      ap_vld|                                                                  psum_268_out|       pointer|
|psum_268_out_ap_vld  |  out|    1|      ap_vld|                                                                  psum_268_out|       pointer|
|psum_267_out         |  out|   16|      ap_vld|                                                                  psum_267_out|       pointer|
|psum_267_out_ap_vld  |  out|    1|      ap_vld|                                                                  psum_267_out|       pointer|
|psum_266_out         |  out|   16|      ap_vld|                                                                  psum_266_out|       pointer|
|psum_266_out_ap_vld  |  out|    1|      ap_vld|                                                                  psum_266_out|       pointer|
|psum_265_out         |  out|   16|      ap_vld|                                                                  psum_265_out|       pointer|
|psum_265_out_ap_vld  |  out|    1|      ap_vld|                                                                  psum_265_out|       pointer|
|psum_264_out         |  out|   16|      ap_vld|                                                                  psum_264_out|       pointer|
|psum_264_out_ap_vld  |  out|    1|      ap_vld|                                                                  psum_264_out|       pointer|
|psum_263_out         |  out|   16|      ap_vld|                                                                  psum_263_out|       pointer|
|psum_263_out_ap_vld  |  out|    1|      ap_vld|                                                                  psum_263_out|       pointer|
|psum_262_out         |  out|   16|      ap_vld|                                                                  psum_262_out|       pointer|
|psum_262_out_ap_vld  |  out|    1|      ap_vld|                                                                  psum_262_out|       pointer|
|psum_261_out         |  out|   16|      ap_vld|                                                                  psum_261_out|       pointer|
|psum_261_out_ap_vld  |  out|    1|      ap_vld|                                                                  psum_261_out|       pointer|
|psum_260_out         |  out|   16|      ap_vld|                                                                  psum_260_out|       pointer|
|psum_260_out_ap_vld  |  out|    1|      ap_vld|                                                                  psum_260_out|       pointer|
|psum_259_out         |  out|   16|      ap_vld|                                                                  psum_259_out|       pointer|
|psum_259_out_ap_vld  |  out|    1|      ap_vld|                                                                  psum_259_out|       pointer|
|psum_258_out         |  out|   16|      ap_vld|                                                                  psum_258_out|       pointer|
|psum_258_out_ap_vld  |  out|    1|      ap_vld|                                                                  psum_258_out|       pointer|
|psum_257_out         |  out|   16|      ap_vld|                                                                  psum_257_out|       pointer|
|psum_257_out_ap_vld  |  out|    1|      ap_vld|                                                                  psum_257_out|       pointer|
|psum_256_out         |  out|   16|      ap_vld|                                                                  psum_256_out|       pointer|
|psum_256_out_ap_vld  |  out|    1|      ap_vld|                                                                  psum_256_out|       pointer|
|psum_255_out         |  out|   16|      ap_vld|                                                                  psum_255_out|       pointer|
|psum_255_out_ap_vld  |  out|    1|      ap_vld|                                                                  psum_255_out|       pointer|
|psum_254_out         |  out|   16|      ap_vld|                                                                  psum_254_out|       pointer|
|psum_254_out_ap_vld  |  out|    1|      ap_vld|                                                                  psum_254_out|       pointer|
|psum_253_out         |  out|   16|      ap_vld|                                                                  psum_253_out|       pointer|
|psum_253_out_ap_vld  |  out|    1|      ap_vld|                                                                  psum_253_out|       pointer|
|psum_252_out         |  out|   16|      ap_vld|                                                                  psum_252_out|       pointer|
|psum_252_out_ap_vld  |  out|    1|      ap_vld|                                                                  psum_252_out|       pointer|
|psum_251_out         |  out|   16|      ap_vld|                                                                  psum_251_out|       pointer|
|psum_251_out_ap_vld  |  out|    1|      ap_vld|                                                                  psum_251_out|       pointer|
|psum_250_out         |  out|   16|      ap_vld|                                                                  psum_250_out|       pointer|
|psum_250_out_ap_vld  |  out|    1|      ap_vld|                                                                  psum_250_out|       pointer|
|psum_249_out         |  out|   16|      ap_vld|                                                                  psum_249_out|       pointer|
|psum_249_out_ap_vld  |  out|    1|      ap_vld|                                                                  psum_249_out|       pointer|
|psum_248_out         |  out|   16|      ap_vld|                                                                  psum_248_out|       pointer|
|psum_248_out_ap_vld  |  out|    1|      ap_vld|                                                                  psum_248_out|       pointer|
|psum_247_out         |  out|   16|      ap_vld|                                                                  psum_247_out|       pointer|
|psum_247_out_ap_vld  |  out|    1|      ap_vld|                                                                  psum_247_out|       pointer|
|psum_246_out         |  out|   16|      ap_vld|                                                                  psum_246_out|       pointer|
|psum_246_out_ap_vld  |  out|    1|      ap_vld|                                                                  psum_246_out|       pointer|
|psum_245_out         |  out|   16|      ap_vld|                                                                  psum_245_out|       pointer|
|psum_245_out_ap_vld  |  out|    1|      ap_vld|                                                                  psum_245_out|       pointer|
|psum_244_out         |  out|   16|      ap_vld|                                                                  psum_244_out|       pointer|
|psum_244_out_ap_vld  |  out|    1|      ap_vld|                                                                  psum_244_out|       pointer|
|psum_243_out         |  out|   16|      ap_vld|                                                                  psum_243_out|       pointer|
|psum_243_out_ap_vld  |  out|    1|      ap_vld|                                                                  psum_243_out|       pointer|
|psum_242_out         |  out|   16|      ap_vld|                                                                  psum_242_out|       pointer|
|psum_242_out_ap_vld  |  out|    1|      ap_vld|                                                                  psum_242_out|       pointer|
|psum_241_out         |  out|   16|      ap_vld|                                                                  psum_241_out|       pointer|
|psum_241_out_ap_vld  |  out|    1|      ap_vld|                                                                  psum_241_out|       pointer|
|psum_240_out         |  out|   16|      ap_vld|                                                                  psum_240_out|       pointer|
|psum_240_out_ap_vld  |  out|    1|      ap_vld|                                                                  psum_240_out|       pointer|
|psum_239_out         |  out|   16|      ap_vld|                                                                  psum_239_out|       pointer|
|psum_239_out_ap_vld  |  out|    1|      ap_vld|                                                                  psum_239_out|       pointer|
|psum_238_out         |  out|   16|      ap_vld|                                                                  psum_238_out|       pointer|
|psum_238_out_ap_vld  |  out|    1|      ap_vld|                                                                  psum_238_out|       pointer|
|psum_237_out         |  out|   16|      ap_vld|                                                                  psum_237_out|       pointer|
|psum_237_out_ap_vld  |  out|    1|      ap_vld|                                                                  psum_237_out|       pointer|
|psum_236_out         |  out|   16|      ap_vld|                                                                  psum_236_out|       pointer|
|psum_236_out_ap_vld  |  out|    1|      ap_vld|                                                                  psum_236_out|       pointer|
|psum_235_out         |  out|   16|      ap_vld|                                                                  psum_235_out|       pointer|
|psum_235_out_ap_vld  |  out|    1|      ap_vld|                                                                  psum_235_out|       pointer|
|psum_234_out         |  out|   16|      ap_vld|                                                                  psum_234_out|       pointer|
|psum_234_out_ap_vld  |  out|    1|      ap_vld|                                                                  psum_234_out|       pointer|
|psum_233_out         |  out|   16|      ap_vld|                                                                  psum_233_out|       pointer|
|psum_233_out_ap_vld  |  out|    1|      ap_vld|                                                                  psum_233_out|       pointer|
|psum_232_out         |  out|   16|      ap_vld|                                                                  psum_232_out|       pointer|
|psum_232_out_ap_vld  |  out|    1|      ap_vld|                                                                  psum_232_out|       pointer|
|psum_231_out         |  out|   16|      ap_vld|                                                                  psum_231_out|       pointer|
|psum_231_out_ap_vld  |  out|    1|      ap_vld|                                                                  psum_231_out|       pointer|
|psum_230_out         |  out|   16|      ap_vld|                                                                  psum_230_out|       pointer|
|psum_230_out_ap_vld  |  out|    1|      ap_vld|                                                                  psum_230_out|       pointer|
|psum_229_out         |  out|   16|      ap_vld|                                                                  psum_229_out|       pointer|
|psum_229_out_ap_vld  |  out|    1|      ap_vld|                                                                  psum_229_out|       pointer|
|psum_228_out         |  out|   16|      ap_vld|                                                                  psum_228_out|       pointer|
|psum_228_out_ap_vld  |  out|    1|      ap_vld|                                                                  psum_228_out|       pointer|
|psum_227_out         |  out|   16|      ap_vld|                                                                  psum_227_out|       pointer|
|psum_227_out_ap_vld  |  out|    1|      ap_vld|                                                                  psum_227_out|       pointer|
|psum_226_out         |  out|   16|      ap_vld|                                                                  psum_226_out|       pointer|
|psum_226_out_ap_vld  |  out|    1|      ap_vld|                                                                  psum_226_out|       pointer|
|psum_225_out         |  out|   16|      ap_vld|                                                                  psum_225_out|       pointer|
|psum_225_out_ap_vld  |  out|    1|      ap_vld|                                                                  psum_225_out|       pointer|
|psum_224_out         |  out|   16|      ap_vld|                                                                  psum_224_out|       pointer|
|psum_224_out_ap_vld  |  out|    1|      ap_vld|                                                                  psum_224_out|       pointer|
|psum_223_out         |  out|   16|      ap_vld|                                                                  psum_223_out|       pointer|
|psum_223_out_ap_vld  |  out|    1|      ap_vld|                                                                  psum_223_out|       pointer|
|psum_222_out         |  out|   16|      ap_vld|                                                                  psum_222_out|       pointer|
|psum_222_out_ap_vld  |  out|    1|      ap_vld|                                                                  psum_222_out|       pointer|
|psum_221_out         |  out|   16|      ap_vld|                                                                  psum_221_out|       pointer|
|psum_221_out_ap_vld  |  out|    1|      ap_vld|                                                                  psum_221_out|       pointer|
|psum_220_out         |  out|   16|      ap_vld|                                                                  psum_220_out|       pointer|
|psum_220_out_ap_vld  |  out|    1|      ap_vld|                                                                  psum_220_out|       pointer|
|psum_219_out         |  out|   16|      ap_vld|                                                                  psum_219_out|       pointer|
|psum_219_out_ap_vld  |  out|    1|      ap_vld|                                                                  psum_219_out|       pointer|
|psum_218_out         |  out|   16|      ap_vld|                                                                  psum_218_out|       pointer|
|psum_218_out_ap_vld  |  out|    1|      ap_vld|                                                                  psum_218_out|       pointer|
|psum_217_out         |  out|   16|      ap_vld|                                                                  psum_217_out|       pointer|
|psum_217_out_ap_vld  |  out|    1|      ap_vld|                                                                  psum_217_out|       pointer|
|psum_216_out         |  out|   16|      ap_vld|                                                                  psum_216_out|       pointer|
|psum_216_out_ap_vld  |  out|    1|      ap_vld|                                                                  psum_216_out|       pointer|
|psum_215_out         |  out|   16|      ap_vld|                                                                  psum_215_out|       pointer|
|psum_215_out_ap_vld  |  out|    1|      ap_vld|                                                                  psum_215_out|       pointer|
|psum_214_out         |  out|   16|      ap_vld|                                                                  psum_214_out|       pointer|
|psum_214_out_ap_vld  |  out|    1|      ap_vld|                                                                  psum_214_out|       pointer|
|psum_213_out         |  out|   16|      ap_vld|                                                                  psum_213_out|       pointer|
|psum_213_out_ap_vld  |  out|    1|      ap_vld|                                                                  psum_213_out|       pointer|
|psum_212_out         |  out|   16|      ap_vld|                                                                  psum_212_out|       pointer|
|psum_212_out_ap_vld  |  out|    1|      ap_vld|                                                                  psum_212_out|       pointer|
|psum_211_out         |  out|   16|      ap_vld|                                                                  psum_211_out|       pointer|
|psum_211_out_ap_vld  |  out|    1|      ap_vld|                                                                  psum_211_out|       pointer|
|psum_210_out         |  out|   16|      ap_vld|                                                                  psum_210_out|       pointer|
|psum_210_out_ap_vld  |  out|    1|      ap_vld|                                                                  psum_210_out|       pointer|
|psum_209_out         |  out|   16|      ap_vld|                                                                  psum_209_out|       pointer|
|psum_209_out_ap_vld  |  out|    1|      ap_vld|                                                                  psum_209_out|       pointer|
|psum_208_out         |  out|   16|      ap_vld|                                                                  psum_208_out|       pointer|
|psum_208_out_ap_vld  |  out|    1|      ap_vld|                                                                  psum_208_out|       pointer|
|psum_207_out         |  out|   16|      ap_vld|                                                                  psum_207_out|       pointer|
|psum_207_out_ap_vld  |  out|    1|      ap_vld|                                                                  psum_207_out|       pointer|
|psum_206_out         |  out|   16|      ap_vld|                                                                  psum_206_out|       pointer|
|psum_206_out_ap_vld  |  out|    1|      ap_vld|                                                                  psum_206_out|       pointer|
|psum_205_out         |  out|   16|      ap_vld|                                                                  psum_205_out|       pointer|
|psum_205_out_ap_vld  |  out|    1|      ap_vld|                                                                  psum_205_out|       pointer|
|psum_204_out         |  out|   16|      ap_vld|                                                                  psum_204_out|       pointer|
|psum_204_out_ap_vld  |  out|    1|      ap_vld|                                                                  psum_204_out|       pointer|
|psum_203_out         |  out|   16|      ap_vld|                                                                  psum_203_out|       pointer|
|psum_203_out_ap_vld  |  out|    1|      ap_vld|                                                                  psum_203_out|       pointer|
|psum_202_out         |  out|   16|      ap_vld|                                                                  psum_202_out|       pointer|
|psum_202_out_ap_vld  |  out|    1|      ap_vld|                                                                  psum_202_out|       pointer|
|psum_201_out         |  out|   16|      ap_vld|                                                                  psum_201_out|       pointer|
|psum_201_out_ap_vld  |  out|    1|      ap_vld|                                                                  psum_201_out|       pointer|
|psum_200_out         |  out|   16|      ap_vld|                                                                  psum_200_out|       pointer|
|psum_200_out_ap_vld  |  out|    1|      ap_vld|                                                                  psum_200_out|       pointer|
|psum_199_out         |  out|   16|      ap_vld|                                                                  psum_199_out|       pointer|
|psum_199_out_ap_vld  |  out|    1|      ap_vld|                                                                  psum_199_out|       pointer|
|psum_198_out         |  out|   16|      ap_vld|                                                                  psum_198_out|       pointer|
|psum_198_out_ap_vld  |  out|    1|      ap_vld|                                                                  psum_198_out|       pointer|
|psum_197_out         |  out|   16|      ap_vld|                                                                  psum_197_out|       pointer|
|psum_197_out_ap_vld  |  out|    1|      ap_vld|                                                                  psum_197_out|       pointer|
|psum_196_out         |  out|   16|      ap_vld|                                                                  psum_196_out|       pointer|
|psum_196_out_ap_vld  |  out|    1|      ap_vld|                                                                  psum_196_out|       pointer|
|psum_195_out         |  out|   16|      ap_vld|                                                                  psum_195_out|       pointer|
|psum_195_out_ap_vld  |  out|    1|      ap_vld|                                                                  psum_195_out|       pointer|
|psum_194_out         |  out|   16|      ap_vld|                                                                  psum_194_out|       pointer|
|psum_194_out_ap_vld  |  out|    1|      ap_vld|                                                                  psum_194_out|       pointer|
|psum_193_out         |  out|   16|      ap_vld|                                                                  psum_193_out|       pointer|
|psum_193_out_ap_vld  |  out|    1|      ap_vld|                                                                  psum_193_out|       pointer|
|psum_192_out         |  out|   16|      ap_vld|                                                                  psum_192_out|       pointer|
|psum_192_out_ap_vld  |  out|    1|      ap_vld|                                                                  psum_192_out|       pointer|
|psum_191_out         |  out|   16|      ap_vld|                                                                  psum_191_out|       pointer|
|psum_191_out_ap_vld  |  out|    1|      ap_vld|                                                                  psum_191_out|       pointer|
|psum_190_out         |  out|   16|      ap_vld|                                                                  psum_190_out|       pointer|
|psum_190_out_ap_vld  |  out|    1|      ap_vld|                                                                  psum_190_out|       pointer|
|psum_189_out         |  out|   16|      ap_vld|                                                                  psum_189_out|       pointer|
|psum_189_out_ap_vld  |  out|    1|      ap_vld|                                                                  psum_189_out|       pointer|
|psum_188_out         |  out|   16|      ap_vld|                                                                  psum_188_out|       pointer|
|psum_188_out_ap_vld  |  out|    1|      ap_vld|                                                                  psum_188_out|       pointer|
|psum_187_out         |  out|   16|      ap_vld|                                                                  psum_187_out|       pointer|
|psum_187_out_ap_vld  |  out|    1|      ap_vld|                                                                  psum_187_out|       pointer|
|psum_186_out         |  out|   16|      ap_vld|                                                                  psum_186_out|       pointer|
|psum_186_out_ap_vld  |  out|    1|      ap_vld|                                                                  psum_186_out|       pointer|
|psum_185_out         |  out|   16|      ap_vld|                                                                  psum_185_out|       pointer|
|psum_185_out_ap_vld  |  out|    1|      ap_vld|                                                                  psum_185_out|       pointer|
|psum_184_out         |  out|   16|      ap_vld|                                                                  psum_184_out|       pointer|
|psum_184_out_ap_vld  |  out|    1|      ap_vld|                                                                  psum_184_out|       pointer|
|psum_183_out         |  out|   16|      ap_vld|                                                                  psum_183_out|       pointer|
|psum_183_out_ap_vld  |  out|    1|      ap_vld|                                                                  psum_183_out|       pointer|
|psum_182_out         |  out|   16|      ap_vld|                                                                  psum_182_out|       pointer|
|psum_182_out_ap_vld  |  out|    1|      ap_vld|                                                                  psum_182_out|       pointer|
|psum_181_out         |  out|   16|      ap_vld|                                                                  psum_181_out|       pointer|
|psum_181_out_ap_vld  |  out|    1|      ap_vld|                                                                  psum_181_out|       pointer|
|psum_180_out         |  out|   16|      ap_vld|                                                                  psum_180_out|       pointer|
|psum_180_out_ap_vld  |  out|    1|      ap_vld|                                                                  psum_180_out|       pointer|
|psum_179_out         |  out|   16|      ap_vld|                                                                  psum_179_out|       pointer|
|psum_179_out_ap_vld  |  out|    1|      ap_vld|                                                                  psum_179_out|       pointer|
|psum_178_out         |  out|   16|      ap_vld|                                                                  psum_178_out|       pointer|
|psum_178_out_ap_vld  |  out|    1|      ap_vld|                                                                  psum_178_out|       pointer|
|psum_177_out         |  out|   16|      ap_vld|                                                                  psum_177_out|       pointer|
|psum_177_out_ap_vld  |  out|    1|      ap_vld|                                                                  psum_177_out|       pointer|
|psum_176_out         |  out|   16|      ap_vld|                                                                  psum_176_out|       pointer|
|psum_176_out_ap_vld  |  out|    1|      ap_vld|                                                                  psum_176_out|       pointer|
|psum_175_out         |  out|   16|      ap_vld|                                                                  psum_175_out|       pointer|
|psum_175_out_ap_vld  |  out|    1|      ap_vld|                                                                  psum_175_out|       pointer|
|psum_174_out         |  out|   16|      ap_vld|                                                                  psum_174_out|       pointer|
|psum_174_out_ap_vld  |  out|    1|      ap_vld|                                                                  psum_174_out|       pointer|
|psum_173_out         |  out|   16|      ap_vld|                                                                  psum_173_out|       pointer|
|psum_173_out_ap_vld  |  out|    1|      ap_vld|                                                                  psum_173_out|       pointer|
|psum_172_out         |  out|   16|      ap_vld|                                                                  psum_172_out|       pointer|
|psum_172_out_ap_vld  |  out|    1|      ap_vld|                                                                  psum_172_out|       pointer|
|psum_171_out         |  out|   16|      ap_vld|                                                                  psum_171_out|       pointer|
|psum_171_out_ap_vld  |  out|    1|      ap_vld|                                                                  psum_171_out|       pointer|
|psum_170_out         |  out|   16|      ap_vld|                                                                  psum_170_out|       pointer|
|psum_170_out_ap_vld  |  out|    1|      ap_vld|                                                                  psum_170_out|       pointer|
|psum_169_out         |  out|   16|      ap_vld|                                                                  psum_169_out|       pointer|
|psum_169_out_ap_vld  |  out|    1|      ap_vld|                                                                  psum_169_out|       pointer|
|psum_168_out         |  out|   16|      ap_vld|                                                                  psum_168_out|       pointer|
|psum_168_out_ap_vld  |  out|    1|      ap_vld|                                                                  psum_168_out|       pointer|
|psum_167_out         |  out|   16|      ap_vld|                                                                  psum_167_out|       pointer|
|psum_167_out_ap_vld  |  out|    1|      ap_vld|                                                                  psum_167_out|       pointer|
+---------------------+-----+-----+------------+------------------------------------------------------------------------------+--------------+

