

================================================================
== Synthesis Summary Report of 'Relu_IP'
================================================================
+ General Information: 
    * Date:           Tue Apr 14 09:37:36 2026
    * Version:        2024.2 (Build 5238294 on Nov  8 2024)
    * Project:        prj
    * Solution:       solution1 (Vitis Kernel Flow Target)
    * Product family: zynquplus
    * Target device:  xczu7ev-ffvc1156-2-e
    

+ Performance & Resource Estimates: 
    
    PS: '+' for module; 'o' for loop; '*' for dataflow
    +--------------------+--------+-------+---------+--------+----------+---------+------+----------+----------+----+------------+-----------+-----+
    |       Modules      |  Issue |       | Latency | Latency| Iteration|         | Trip |          |          |    |            |           |     |
    |       & Loops      |  Type  | Slack | (cycles)|  (ns)  |  Latency | Interval| Count| Pipelined|   BRAM   | DSP|     FF     |    LUT    | URAM|
    +--------------------+--------+-------+---------+--------+----------+---------+------+----------+----------+----+------------+-----------+-----+
    |+ Relu_IP           |  Timing|  -0.00|        -|       -|         -|        -|     -|        no|  73 (11%)|   -|  3637 (~0%)|  3217 (1%)|    -|
    | o VITIS_LOOP_12_1  |       -|   2.43|        -|       -|       144|        1|     -|       yes|         -|   -|           -|          -|    -|
    +--------------------+--------+-------+---------+--------+----------+---------+------+----------+----------+----+------------+-----------+-----+


================================================================
== HW Interfaces
================================================================
* M_AXI
+-------------+------------+------------+---------------+---------+--------+----------+-----------+--------------+--------------+-------------+-------------+-------------------+
| Interface   | Read/Write | Data Width | Address Width | Latency | Offset | Register | Max Widen | Max Read     | Max Write    | Num Read    | Num Write   | Resource Estimate |
|             |            | (SW->HW)   |               |         |        |          | Bitwidth  | Burst Length | Burst Length | Outstanding | Outstanding |                   |
+-------------+------------+------------+---------------+---------+--------+----------+-----------+--------------+--------------+-------------+-------------+-------------------+
| m_axi_gmem0 | READ_ONLY  | 256 -> 256 | 64            | 64      | slave  | 0        | 512       | 256          | 16           | 16          | 16          | BRAM=58           |
| m_axi_gmem1 | WRITE_ONLY | 256 -> 256 | 64            | 64      | slave  | 0        | 512       | 16           | 256          | 16          | 16          | BRAM=15           |
+-------------+------------+------------+---------------+---------+--------+----------+-----------+--------------+--------------+-------------+-------------+-------------------+

* S_AXILITE Interfaces
+---------------+------------+---------------+--------+----------+
| Interface     | Data Width | Address Width | Offset | Register |
+---------------+------------+---------------+--------+----------+
| s_axi_control | 32         | 6             | 16     | 0        |
+---------------+------------+---------------+--------+----------+

* S_AXILITE Registers
+---------------+----------+--------+-------+--------+----------------------------------+------------------------------------------------------------------------------------+
| Interface     | Register | Offset | Width | Access | Description                      | Bit Fields                                                                         |
+---------------+----------+--------+-------+--------+----------------------------------+------------------------------------------------------------------------------------+
| s_axi_control | CTRL     | 0x00   | 32    | RW     | Control signals                  | 0=AP_START 1=AP_DONE 2=AP_IDLE 3=AP_READY 4=AP_CONTINUE 7=AUTO_RESTART 9=INTERRUPT |
| s_axi_control | GIER     | 0x04   | 32    | RW     | Global Interrupt Enable Register | 0=Enable                                                                           |
| s_axi_control | IP_IER   | 0x08   | 32    | RW     | IP Interrupt Enable Register     | 0=CHAN0_INT_EN 1=CHAN1_INT_EN                                                      |
| s_axi_control | IP_ISR   | 0x0c   | 32    | RW     | IP Interrupt Status Register     | 0=CHAN0_INT_ST 1=CHAN1_INT_ST                                                      |
| s_axi_control | X_1      | 0x10   | 32    | W      | Data signal of X                 |                                                                                    |
| s_axi_control | X_2      | 0x14   | 32    | W      | Data signal of X                 |                                                                                    |
| s_axi_control | Y_1      | 0x1c   | 32    | W      | Data signal of Y                 |                                                                                    |
| s_axi_control | Y_2      | 0x20   | 32    | W      | Data signal of Y                 |                                                                                    |
| s_axi_control | N        | 0x28   | 32    | W      | Data signal of N                 |                                                                                    |
+---------------+----------+--------+-------+--------+----------------------------------+------------------------------------------------------------------------------------+

* TOP LEVEL CONTROL
+-----------+---------------+-----------+
| Interface | Type          | Ports     |
+-----------+---------------+-----------+
| ap_clk    | clock         | ap_clk    |
| ap_rst_n  | reset         | ap_rst_n  |
| interrupt | interrupt     | interrupt |
| ap_ctrl   | ap_ctrl_chain |           |
+-----------+---------------+-----------+


================================================================
== SW I/O Information
================================================================
* Top Function Arguments
+----------+-----------+---------------+
| Argument | Direction | Datatype      |
+----------+-----------+---------------+
| X        | in        | ap_uint<256>* |
| Y        | out       | ap_uint<256>* |
| N        | in        | int           |
+----------+-----------+---------------+

* SW-to-HW Mapping
+----------+---------------+-----------+----------+-------------------------------+
| Argument | HW Interface  | HW Type   | HW Usage | HW Info                       |
+----------+---------------+-----------+----------+-------------------------------+
| X        | m_axi_gmem0   | interface |          | channel=0                     |
| X        | s_axi_control | register  | offset   | name=X_1 offset=0x10 range=32 |
| X        | s_axi_control | register  | offset   | name=X_2 offset=0x14 range=32 |
| Y        | m_axi_gmem1   | interface |          | channel=0                     |
| Y        | s_axi_control | register  | offset   | name=Y_1 offset=0x1c range=32 |
| Y        | s_axi_control | register  | offset   | name=Y_2 offset=0x20 range=32 |
| N        | s_axi_control | register  |          | name=N offset=0x28 range=32   |
+----------+---------------+-----------+----------+-------------------------------+


================================================================
== M_AXI Burst Information
================================================================
 Note: All burst requests might be further partitioned into multiple requests during RTL generation based on max_read_burst_length or max_write_burst_length settings.

* Inferred Burst Summary
+--------------+-----------+----------+-------+-----------------+--------------------+
| HW Interface | Direction | Length   | Width | Loop            | Loop Location      |
+--------------+-----------+----------+-------+-----------------+--------------------+
| m_axi_gmem0  | read      | variable | 256   | VITIS_LOOP_12_1 | gen/relu.cpp:12:19 |
| m_axi_gmem1  | write     | variable | 256   | VITIS_LOOP_12_1 | gen/relu.cpp:12:19 |
+--------------+-----------+----------+-------+-----------------+--------------------+

* All M_AXI Variable Accesses
+--------------+----------+--------------------+-----------+--------------+----------+-----------------+--------------------+------------+------------------------------------------------+
| HW Interface | Variable | Access Location    | Direction | Burst Status | Length   | Loop            | Loop Location      | Resolution | Problem                                        |
+--------------+----------+--------------------+-----------+--------------+----------+-----------------+--------------------+------------+------------------------------------------------+
| m_axi_gmem0  | X        | gen/relu.cpp:14:21 | read      | Widen Fail   |          | VITIS_LOOP_12_1 | gen/relu.cpp:12:19 | 214-234    | Sequential access length is not divisible by 2 |
| m_axi_gmem0  | X        | gen/relu.cpp:14:21 | read      | Inferred     | variable | VITIS_LOOP_12_1 | gen/relu.cpp:12:19 |            |                                                |
| m_axi_gmem1  | Y        | gen/relu.cpp:23:14 | write     | Widen Fail   |          | VITIS_LOOP_12_1 | gen/relu.cpp:12:19 | 214-234    | Sequential access length is not divisible by 2 |
| m_axi_gmem1  | Y        | gen/relu.cpp:23:14 | write     | Inferred     | variable | VITIS_LOOP_12_1 | gen/relu.cpp:12:19 |            |                                                |
+--------------+----------+--------------------+-----------+--------------+----------+-----------------+--------------------+------------+------------------------------------------------+

    * Resolution URL: docs.xilinx.com/access/sources/dita/topic?Doc_Version=2024.2%20English&url=ug1448-hls-guidance&resourceid=XXX-YYY.html (replace XXX-YYY with column value)

================================================================
== Bind Op Report
================================================================
+-----------------------------------+-----+--------+----------------+--------+----------+---------+
| Name                              | DSP | Pragma | Variable       | Op     | Impl     | Latency |
+-----------------------------------+-----+--------+----------------+--------+----------+---------+
| + Relu_IP                         | 0   |        |                |        |          |         |
|   icmp_ln12_fu_278_p2             |     |        | icmp_ln12      | setgt  | auto     | 0       |
|   empty_fu_283_p3                 |     |        | empty          | select | auto_sel | 0       |
|   icmp_ln12_1_fu_321_p2           |     |        | icmp_ln12_1    | setlt  | auto     | 0       |
|   add_ln12_fu_326_p2              |     |        | add_ln12       | add    | fabric   | 0       |
|   hcmp_16ns_16ns_1_2_no_dsp_1_U1  |     |        | cmp6           | hcmp   | auto     | 1       |
|   select_ln20_fu_553_p3           |     |        | select_ln20    | select | auto_sel | 0       |
|   hcmp_16ns_16ns_1_2_no_dsp_1_U2  |     |        | cmp6_1         | hcmp   | auto     | 1       |
|   select_ln20_1_fu_560_p3         |     |        | select_ln20_1  | select | auto_sel | 0       |
|   hcmp_16ns_16ns_1_2_no_dsp_1_U3  |     |        | cmp6_2         | hcmp   | auto     | 1       |
|   select_ln20_2_fu_567_p3         |     |        | select_ln20_2  | select | auto_sel | 0       |
|   hcmp_16ns_16ns_1_2_no_dsp_1_U4  |     |        | cmp6_3         | hcmp   | auto     | 1       |
|   select_ln20_3_fu_574_p3         |     |        | select_ln20_3  | select | auto_sel | 0       |
|   hcmp_16ns_16ns_1_2_no_dsp_1_U5  |     |        | cmp6_4         | hcmp   | auto     | 1       |
|   select_ln20_4_fu_581_p3         |     |        | select_ln20_4  | select | auto_sel | 0       |
|   hcmp_16ns_16ns_1_2_no_dsp_1_U6  |     |        | cmp6_5         | hcmp   | auto     | 1       |
|   select_ln20_5_fu_588_p3         |     |        | select_ln20_5  | select | auto_sel | 0       |
|   hcmp_16ns_16ns_1_2_no_dsp_1_U7  |     |        | cmp6_6         | hcmp   | auto     | 1       |
|   select_ln20_6_fu_595_p3         |     |        | select_ln20_6  | select | auto_sel | 0       |
|   hcmp_16ns_16ns_1_2_no_dsp_1_U8  |     |        | cmp6_7         | hcmp   | auto     | 1       |
|   select_ln20_7_fu_602_p3         |     |        | select_ln20_7  | select | auto_sel | 0       |
|   hcmp_16ns_16ns_1_2_no_dsp_1_U9  |     |        | cmp6_8         | hcmp   | auto     | 1       |
|   select_ln20_8_fu_609_p3         |     |        | select_ln20_8  | select | auto_sel | 0       |
|   hcmp_16ns_16ns_1_2_no_dsp_1_U10 |     |        | cmp6_9         | hcmp   | auto     | 1       |
|   select_ln20_9_fu_616_p3         |     |        | select_ln20_9  | select | auto_sel | 0       |
|   hcmp_16ns_16ns_1_2_no_dsp_1_U11 |     |        | cmp6_s         | hcmp   | auto     | 1       |
|   select_ln20_10_fu_623_p3        |     |        | select_ln20_10 | select | auto_sel | 0       |
|   hcmp_16ns_16ns_1_2_no_dsp_1_U12 |     |        | cmp6_10        | hcmp   | auto     | 1       |
|   select_ln20_11_fu_630_p3        |     |        | select_ln20_11 | select | auto_sel | 0       |
|   hcmp_16ns_16ns_1_2_no_dsp_1_U13 |     |        | cmp6_11        | hcmp   | auto     | 1       |
|   select_ln20_12_fu_637_p3        |     |        | select_ln20_12 | select | auto_sel | 0       |
|   hcmp_16ns_16ns_1_2_no_dsp_1_U14 |     |        | cmp6_12        | hcmp   | auto     | 1       |
|   select_ln20_13_fu_644_p3        |     |        | select_ln20_13 | select | auto_sel | 0       |
|   hcmp_16ns_16ns_1_2_no_dsp_1_U15 |     |        | cmp6_13        | hcmp   | auto     | 1       |
|   select_ln20_14_fu_651_p3        |     |        | select_ln20_14 | select | auto_sel | 0       |
|   hcmp_16ns_16ns_1_2_no_dsp_1_U16 |     |        | cmp6_14        | hcmp   | auto     | 1       |
|   select_ln20_15_fu_658_p3        |     |        | select_ln20_15 | select | auto_sel | 0       |
|   icmp_ln12_2_fu_360_p2           |     |        | icmp_ln12_2    | setlt  | auto     | 0       |
+-----------------------------------+-----+--------+----------------+--------+----------+---------+


================================================================
== Storage Report
================================================================
+-------------------+-----------+-----------+------+------+--------+----------+------+---------+------------------+
| Name              | Usage     | Type      | BRAM | URAM | Pragma | Variable | Impl | Latency | Bitwidth, Depth, |
|                   |           |           |      |      |        |          |      |         | Banks            |
+-------------------+-----------+-----------+------+------+--------+----------+------+---------+------------------+
| + Relu_IP         |           |           | 73   | 0    |        |          |      |         |                  |
|   control_s_axi_U | interface | s_axilite |      |      |        |          |      |         |                  |
|   gmem0_m_axi_U   | interface | m_axi     | 58   |      |        |          |      |         |                  |
|   gmem1_m_axi_U   | interface | m_axi     | 15   |      |        |          |      |         |                  |
+-------------------+-----------+-----------+------+------+--------+----------+------+---------+------------------+


================================================================
== Pragma Report
================================================================
* Valid Pragma Syntax
+-----------------+-------------------------------------------------------------------+------------------------------------------------------------------------------+
| Type            | Options                                                           | Location                                                                     |
+-----------------+-------------------------------------------------------------------+------------------------------------------------------------------------------+
| inline          |                                                                   | ../resblock_top/gen/Hls_Layers.tpp:21 in half_to_bits                        |
| inline          |                                                                   | ../resblock_top/gen/Hls_Layers.tpp:37 in bits_to_half                        |
| inline          |                                                                   | ../resblock_top/gen/Hls_Layers.tpp:52 in flat_idx                            |
| inline          |                                                                   | ../resblock_top/gen/Hls_Layers.tpp:58 in w_flat_idx                          |
| inline          |                                                                   | ../resblock_top/gen/Hls_Layers.tpp:64 in my_sqrt_f                           |
| inline          | off                                                               | ../resblock_top/gen/Hls_Layers.tpp:87 in load_params                         |
| pipeline        | II=1                                                              | ../resblock_top/gen/Hls_Layers.tpp:89 in load_params                         |
| pipeline        | II=1                                                              | ../resblock_top/gen/Hls_Layers.tpp:93 in load_params                         |
| pipeline        | II=1                                                              | ../resblock_top/gen/Hls_Layers.tpp:97 in load_params                         |
| inline          | off                                                               | ../resblock_top/gen/Hls_Layers.tpp:116 in init_rows                          |
| pipeline        | II=1                                                              | ../resblock_top/gen/Hls_Layers.tpp:130 in init_rows                          |
| pipeline        | II=1                                                              | ../resblock_top/gen/Hls_Layers.tpp:137 in init_rows                          |
| inline          | off                                                               | ../resblock_top/gen/Hls_Layers.tpp:168 in fused_conv_cnorm_act               |
| array_partition | variable=sum_acc complete                                         | ../resblock_top/gen/Hls_Layers.tpp:186 in fused_conv_cnorm_act, sum_acc      |
| array_partition | variable=sumsq_acc complete                                       | ../resblock_top/gen/Hls_Layers.tpp:187 in fused_conv_cnorm_act, sumsq_acc    |
| pipeline        | II=1                                                              | ../resblock_top/gen/Hls_Layers.tpp:193 in fused_conv_cnorm_act               |
| array_partition | variable=psum complete dim=0                                      | ../resblock_top/gen/Hls_Layers.tpp:202 in fused_conv_cnorm_act, psum         |
| unroll          |                                                                   | ../resblock_top/gen/Hls_Layers.tpp:204 in fused_conv_cnorm_act               |
| unroll          |                                                                   | ../resblock_top/gen/Hls_Layers.tpp:206 in fused_conv_cnorm_act               |
| array_partition | variable=x_word_reg complete                                      | ../resblock_top/gen/Hls_Layers.tpp:231 in fused_conv_cnorm_act, x_word_reg   |
| pipeline        | II=1                                                              | ../resblock_top/gen/Hls_Layers.tpp:234 in fused_conv_cnorm_act               |
| dependence      | variable=psum type=inter false                                    | ../resblock_top/gen/Hls_Layers.tpp:238 in fused_conv_cnorm_act, psum         |
| unroll          |                                                                   | ../resblock_top/gen/Hls_Layers.tpp:252 in fused_conv_cnorm_act               |
| pipeline        | II=1                                                              | ../resblock_top/gen/Hls_Layers.tpp:286 in fused_conv_cnorm_act               |
| pipeline        | II=1                                                              | ../resblock_top/gen/Hls_Layers.tpp:307 in fused_conv_cnorm_act               |
| pipeline        | II=1                                                              | ../resblock_top/gen/Hls_Layers.tpp:314 in fused_conv_cnorm_act               |
| pipeline        | II=1                                                              | ../resblock_top/gen/Hls_Layers.tpp:331 in fused_conv_cnorm_act               |
| unroll          |                                                                   | ../resblock_top/gen/Hls_Layers.tpp:343 in fused_conv_cnorm_act               |
| bind_storage    | variable=x_buf_256 type=ram_2p impl=bram                          | ../resblock_top/gen/Hls_Layers.tpp:382 in residualblock_kernel, x_buf_256    |
| array_partition | variable=x_buf_256 complete dim=2                                 | ../resblock_top/gen/Hls_Layers.tpp:383 in residualblock_kernel, x_buf_256    |
| bind_storage    | variable=skip_buf_256 type=ram_2p impl=uram                       | ../resblock_top/gen/Hls_Layers.tpp:386 in residualblock_kernel, skip_buf_256 |
| bind_storage    | variable=y_cache_16 type=ram_2p impl=bram                         | ../resblock_top/gen/Hls_Layers.tpp:389 in residualblock_kernel, y_cache_16   |
| array_partition | variable=y_cache_16 cyclic factor=16 dim=2                        | ../resblock_top/gen/Hls_Layers.tpp:390 in residualblock_kernel, y_cache_16   |
| array_partition | variable=w_buf_256 complete dim=1                                 | ../resblock_top/gen/Hls_Layers.tpp:397 in residualblock_kernel, w_buf_256    |
| inline          |                                                                   | gen/../../resblock_top/gen/Core.h:98 in index                                |
| inline          |                                                                   | gen/../../resblock_top/gen/Core.h:106 in tensormem<t>                        |
| inline          |                                                                   | gen/../../resblock_top/gen/Core.h:112 in tensormem<t>                        |
| inline          |                                                                   | gen/../../resblock_top/gen/Core.h:136 in raw_at                              |
| inline          |                                                                   | gen/../../resblock_top/gen/Core.h:142 in raw                                 |
| inline          |                                                                   | gen/../../resblock_top/gen/Core.h:148 in raw                                 |
| inline          |                                                                   | gen/../../resblock_top/gen/Core.h:154 in get                                 |
| inline          |                                                                   | gen/../../resblock_top/gen/Core.h:160 in at                                  |
| interface       | m_axi port=X offset=slave bundle=gmem0 max_read_burst_length=256  | gen/relu.cpp:5 in relu_ip, X                                                 |
| interface       | m_axi port=Y offset=slave bundle=gmem1 max_write_burst_length=256 | gen/relu.cpp:6 in relu_ip, Y                                                 |
| interface       | s_axilite port=X bundle=control                                   | gen/relu.cpp:7 in relu_ip, X                                                 |
| interface       | s_axilite port=Y bundle=control                                   | gen/relu.cpp:8 in relu_ip, Y                                                 |
| interface       | s_axilite port=N bundle=control                                   | gen/relu.cpp:9 in relu_ip, N                                                 |
| interface       | s_axilite port=return bundle=control                              | gen/relu.cpp:10 in relu_ip, return                                           |
| pipeline        | II=1                                                              | gen/relu.cpp:13 in relu_ip                                                   |
| unroll          |                                                                   | gen/relu.cpp:17 in relu_ip                                                   |
+-----------------+-------------------------------------------------------------------+------------------------------------------------------------------------------+


