INFO: [COSIM-47] Using XSIM for RTL simulation.
INFO: [COSIM-14] Instrumenting C test bench ...
   Build using "/home/rimurutempest/Tool/Xilinx/Vitis/2024.2/vcxx/libexec//clang++"
   Compiling adder32.cpp_pre.cpp.tb.cpp
   Compiling adder32_tb.cpp_pre.cpp.tb.cpp
   Compiling apatb_adder32.cpp
   Compiling apatb_adder32_ir.ll
   Generating cosim.tv.exe
INFO: [COSIM-302] Starting C TB testing ... 
INFO: [COSIM-333] Generating C post check test bench ...
INFO: [COSIM-12] Generating RTL test bench ...
INFO: [COSIM-1] *** C/RTL co-simulation file generation completed. ***
INFO: [COSIM-323] Starting verilog simulation. 
INFO: [COSIM-15] Starting XSIM ...
INFO: [COSIM-316] Starting C post checking ...
===== HLS ADDER32 TESTBENCH =====
a = 0, b = 0, sum = 0
a = 10, b = 3, sum = 13
a = 20, b = 6, sum = 26
a = 30, b = 9, sum = 39
a = 40, b = 12, sum = 52
a = 50, b = 15, sum = 65
a = 60, b = 18, sum = 78
a = 70, b = 21, sum = 91
a = 80, b = 24, sum = 104
a = 90, b = 27, sum = 117
✅ TEST PASSED
Vivado Simulator v2024.2.0
Copyright 1986-2022 Xilinx, Inc. All Rights Reserved.
Copyright 2022-2024 Advanced Micro Devices, Inc. All Rights Reserved.
Running: /home/rimurutempest/Tool/Xilinx/Vivado/2024.2/bin/unwrapped/lnx64.o/xelab xil_defaultlib.apatb_adder32_top glbl -Oenable_linking_all_libraries -prj adder32.prj -L smartconnect_v1_0 -L axi_protocol_checker_v1_1_12 -L axi_protocol_checker_v1_1_13 -L axis_protocol_checker_v1_1_11 -L axis_protocol_checker_v1_1_12 -L xil_defaultlib -L unisims_ver -L xpm -L floating_point_v7_0_24 -L floating_point_v7_1_19 --lib ieee_proposed=./ieee_proposed -s adder32 
Multi-threading is on. Using 10 slave threads.
WARNING: [XSIM 43-3431] One or more environment variables have been detected which affect the operation of the C compiler. These are typically not set in standard installations and are not tested by AMD, however they may be appropriate for your system, so the flow will attempt to continue.  If errors occur, try running xelab with the "-mt off -v 1" switches to see more information from the C compiler. The following environment variables have been detected:
    LIBRARY_PATH
INFO: [VRFC 10-2263] Analyzing SystemVerilog file "/home/rimurutempest/Code/LSI_Design_Contest/HLS/Adder32bit_HLS_Component/adder32/hls/sim/verilog/glbl.v" into library work
INFO: [VRFC 10-311] analyzing module glbl
INFO: [VRFC 10-2263] Analyzing SystemVerilog file "/home/rimurutempest/Code/LSI_Design_Contest/HLS/Adder32bit_HLS_Component/adder32/hls/sim/verilog/AESL_axi_slave_CTRL.v" into library xil_defaultlib
INFO: [VRFC 10-311] analyzing module AESL_axi_slave_CTRL
INFO: [VRFC 10-2263] Analyzing SystemVerilog file "/home/rimurutempest/Code/LSI_Design_Contest/HLS/Adder32bit_HLS_Component/adder32/hls/sim/verilog/adder32.autotb.v" into library xil_defaultlib
INFO: [VRFC 10-311] analyzing module apatb_adder32_top
INFO: [VRFC 10-2263] Analyzing SystemVerilog file "/home/rimurutempest/Code/LSI_Design_Contest/HLS/Adder32bit_HLS_Component/adder32/hls/sim/verilog/adder32.v" into library xil_defaultlib
INFO: [VRFC 10-311] analyzing module adder32
INFO: [VRFC 10-2263] Analyzing SystemVerilog file "/home/rimurutempest/Code/LSI_Design_Contest/HLS/Adder32bit_HLS_Component/adder32/hls/sim/verilog/adder32_CTRL_s_axi.v" into library xil_defaultlib
INFO: [VRFC 10-311] analyzing module adder32_CTRL_s_axi
INFO: [VRFC 10-2263] Analyzing SystemVerilog file "/home/rimurutempest/Code/LSI_Design_Contest/HLS/Adder32bit_HLS_Component/adder32/hls/sim/verilog/dataflow_monitor.sv" into library xil_defaultlib
INFO: [VRFC 10-311] analyzing module dataflow_monitor
Starting static elaboration
Pass Through NonSizing Optimizer
Completed static elaboration
Starting simulation data flow analysis
Completed simulation data flow analysis
Time Resolution for simulation is 1ps
Compiling package xil_defaultlib.$unit_dataflow_monitor_sv
Compiling module xil_defaultlib.adder32_CTRL_s_axi
Compiling module xil_defaultlib.adder32
Compiling module xil_defaultlib.AESL_axi_slave_CTRL
Compiling module xil_defaultlib.nodf_module_intf_default
Compiling module xil_defaultlib.dataflow_monitor_1
Compiling module xil_defaultlib.apatb_adder32_top
Compiling module work.glbl
Built simulation snapshot adder32

****** xsim v2024.2 (64-bit)
  **** SW Build 5239630 on Fri Nov 08 22:34:34 MST 2024
  **** IP Build 5239520 on Sun Nov 10 16:12:51 MST 2024
  **** SharedData Build 5239561 on Fri Nov 08 14:39:27 MST 2024
  **** Start of session at: Sun Jan 11 15:50:47 2026
    ** Copyright 1986-2022 Xilinx, Inc. All Rights Reserved.
    ** Copyright 2022-2024 Advanced Micro Devices, Inc. All Rights Reserved.

source xsim.dir/adder32/xsim_script.tcl
# xsim {adder32} -autoloadwcfg -tclbatch {adder32.tcl}
Time resolution is 1 ps
source adder32.tcl
## run all
////////////////////////////////////////////////////////////////////////////////////
// Inter-Transaction Progress: Completed Transaction / Total Transaction
// Intra-Transaction Progress: Measured Latency / Latency Estimation * 100%
//
// RTL Simulation : "Inter-Transaction Progress" ["Intra-Transaction Progress"] @ "Simulation Time"
////////////////////////////////////////////////////////////////////////////////////
// RTL Simulation : 0 / 10 [n/a] @ "125000"
// RTL Simulation : 1 / 10 [n/a] @ "585000"
// RTL Simulation : 2 / 10 [n/a] @ "1035000"
// RTL Simulation : 3 / 10 [n/a] @ "1485000"
// RTL Simulation : 4 / 10 [n/a] @ "1935000"
// RTL Simulation : 5 / 10 [n/a] @ "2385000"
// RTL Simulation : 6 / 10 [n/a] @ "2835000"
// RTL Simulation : 7 / 10 [n/a] @ "3285000"
// RTL Simulation : 8 / 10 [n/a] @ "3735000"
// RTL Simulation : 9 / 10 [n/a] @ "4185000"
// RTL Simulation : 10 / 10 [n/a] @ "4635000"
////////////////////////////////////////////////////////////////////////////////////
$finish called at time : 4695 ns : File "/home/rimurutempest/Code/LSI_Design_Contest/HLS/Adder32bit_HLS_Component/adder32/hls/sim/verilog/adder32.autotb.v" Line 284
## quit
INFO: [Common 17-206] Exiting xsim at Sun Jan 11 15:50:50 2026...
===== HLS ADDER32 TESTBENCH =====
a = 0, b = 0, sum = 0
a = 10, b = 3, sum = 13
a = 20, b = 6, sum = 26
a = 30, b = 9, sum = 39
a = 40, b = 12, sum = 52
a = 50, b = 15, sum = 65
a = 60, b = 18, sum = 78
a = 70, b = 21, sum = 91
a = 80, b = 24, sum = 104
a = 90, b = 27, sum = 117
✅ TEST PASSED
INFO: [COSIM-1000] *** C/RTL co-simulation finished: PASS ***
INFO: [COSIM-210] Design is translated to an combinational logic. II and Latency will be marked as all 0.
