

================================================================
== Vitis HLS Report for 'Universal_Engine_Kernel_16_half_Pipeline_CBI_NORM'
================================================================
* Date:           Mon Jun 15 09:41:40 2026

* Version:        2024.2 (Build 5238294 on Nov  8 2024)
* Project:        prj_fabric
* Solution:       solution1 (Vitis Kernel Flow Target)
* Product family: zynquplus
* Target device:  xczu7ev-ffvc1156-2-e


================================================================
== Performance Estimates
================================================================
+ Timing: 
    * Summary: 
    +--------+---------+----------+------------+
    |  Clock |  Target | Estimated| Uncertainty|
    +--------+---------+----------+------------+
    |ap_clk  |  3.33 ns|  2.333 ns|     0.90 ns|
    +--------+---------+----------+------------+

+ Latency: 
    * Summary: 
    +---------+---------+----------+----------+-----+-----+------------------------------------------------+
    |  Latency (cycles) |  Latency (absolute) |  Interval |                    Pipeline                    |
    |   min   |   max   |    min   |    max   | min | max |                      Type                      |
    +---------+---------+----------+----------+-----+-----+------------------------------------------------+
    |       36|       36|  0.120 us|  0.120 us|   15|   15|  loop auto-rewind stp (delay=0 clock cycles(s))|
    +---------+---------+----------+----------+-----+-----+------------------------------------------------+

    + Detail: 
        * Instance: 
        N/A

        * Loop: 
        +------------+---------+---------+----------+-----------+-----------+------+----------+
        |            |  Latency (cycles) | Iteration|  Initiation Interval  | Trip |          |
        |  Loop Name |   min   |   max   |  Latency |  achieved |   target  | Count| Pipelined|
        +------------+---------+---------+----------+-----------+-----------+------+----------+
        |- CBI_NORM  |       34|       34|        22|          1|          1|    14|       yes|
        +------------+---------+---------+----------+-----------+-----------+------+----------+



================================================================
== Utilization Estimates
================================================================
* Summary: 
+-----------------+---------+------+--------+--------+-----+
|       Name      | BRAM_18K|  DSP |   FF   |   LUT  | URAM|
+-----------------+---------+------+--------+--------+-----+
|DSP              |        -|     -|       -|       -|    -|
|Expression       |        -|     -|       0|     847|    -|
|FIFO             |        -|     -|       -|       -|    -|
|Instance         |        -|     -|       -|       -|    -|
|Memory           |        -|     -|       -|       -|    -|
|Multiplexer      |        -|     -|       0|      36|    -|
|Register         |        -|     -|    2296|      96|    -|
+-----------------+---------+------+--------+--------+-----+
|Total            |        0|     0|    2296|     979|    0|
+-----------------+---------+------+--------+--------+-----+
|Available        |      624|  1728|  460800|  230400|   96|
+-----------------+---------+------+--------+--------+-----+
|Utilization (%)  |        0|     0|      ~0|      ~0|    0|
+-----------------+---------+------+--------+--------+-----+

+ Detail: 
    * Instance: 
    N/A

    * DSP: 
    N/A

    * Memory: 
    N/A

    * FIFO: 
    N/A

    * Expression: 
    +----------------------+----------+----+---+-----+------------+------------+
    |     Variable Name    | Operation| DSP| FF| LUT | Bitwidth P0| Bitwidth P1|
    +----------------------+----------+----+---+-----+------------+------------+
    |add_ln380_fu_763_p2   |         +|   0|  0|   12|           4|           1|
    |add_ln392_fu_1535_p2  |         +|   0|  0|   15|           8|           8|
    |out_w_7_fu_1515_p4    |      1003|   0|  0|    2|         256|          16|
    |icmp_ln380_fu_757_p2  |      icmp|   0|  0|   12|           4|           3|
    |icmp_ln385_fu_878_p2  |      icmp|   0|  0|   15|           8|           7|
    |out_w_2_fu_1457_p3    |    select|   0|  0|  181|           1|         208|
    |out_w_4_fu_1483_p3    |    select|   0|  0|  192|           1|         224|
    |out_w_6_fu_1505_p3    |    select|   0|  0|  208|           1|         256|
    |out_w_8_fu_1525_p3    |    select|   0|  0|  208|           1|         256|
    |ap_enable_pp0         |       xor|   0|  0|    2|           1|           2|
    +----------------------+----------+----+---+-----+------------+------------+
    |Total                 |          |   0|  0|  847|         285|         981|
    +----------------------+----------+----+---+-----+------------+------------+

    * Multiplexer: 
    +-------------------------+----+-----------+-----+-----------+
    |           Name          | LUT| Input Size| Bits| Total Bits|
    +-------------------------+----+-----------+-----+-----------+
    |ap_done_int              |   9|          2|    1|          2|
    |ap_enable_reg_pp0_iter1  |   9|          2|    1|          2|
    |ap_sig_allocacmp_j_3     |   9|          2|    4|          8|
    |j_fu_154                 |   9|          2|    4|          8|
    +-------------------------+----+-----------+-----+-----------+
    |Total                    |  36|          8|   10|         20|
    +-------------------------+----+-----------+-----+-----------+

    * Register: 
    +-----------------------------------+-----+----+-----+-----------+
    |                Name               |  FF | LUT| Bits| Const Bits|
    +-----------------------------------+-----+----+-----+-----------+
    |ap_CS_fsm                          |    1|   0|    1|          0|
    |ap_done_reg                        |    1|   0|    1|          0|
    |ap_enable_reg_pp0_iter1            |    1|   0|    1|          0|
    |ap_enable_reg_pp0_iter10           |    1|   0|    1|          0|
    |ap_enable_reg_pp0_iter11           |    1|   0|    1|          0|
    |ap_enable_reg_pp0_iter12           |    1|   0|    1|          0|
    |ap_enable_reg_pp0_iter13           |    1|   0|    1|          0|
    |ap_enable_reg_pp0_iter14           |    1|   0|    1|          0|
    |ap_enable_reg_pp0_iter15           |    1|   0|    1|          0|
    |ap_enable_reg_pp0_iter16           |    1|   0|    1|          0|
    |ap_enable_reg_pp0_iter17           |    1|   0|    1|          0|
    |ap_enable_reg_pp0_iter18           |    1|   0|    1|          0|
    |ap_enable_reg_pp0_iter19           |    1|   0|    1|          0|
    |ap_enable_reg_pp0_iter2            |    1|   0|    1|          0|
    |ap_enable_reg_pp0_iter20           |    1|   0|    1|          0|
    |ap_enable_reg_pp0_iter21           |    1|   0|    1|          0|
    |ap_enable_reg_pp0_iter3            |    1|   0|    1|          0|
    |ap_enable_reg_pp0_iter4            |    1|   0|    1|          0|
    |ap_enable_reg_pp0_iter5            |    1|   0|    1|          0|
    |ap_enable_reg_pp0_iter6            |    1|   0|    1|          0|
    |ap_enable_reg_pp0_iter7            |    1|   0|    1|          0|
    |ap_enable_reg_pp0_iter8            |    1|   0|    1|          0|
    |ap_enable_reg_pp0_iter9            |    1|   0|    1|          0|
    |ap_loop_exit_ready_pp0_iter10_reg  |    1|   0|    1|          0|
    |ap_loop_exit_ready_pp0_iter11_reg  |    1|   0|    1|          0|
    |ap_loop_exit_ready_pp0_iter12_reg  |    1|   0|    1|          0|
    |ap_loop_exit_ready_pp0_iter13_reg  |    1|   0|    1|          0|
    |ap_loop_exit_ready_pp0_iter14_reg  |    1|   0|    1|          0|
    |ap_loop_exit_ready_pp0_iter15_reg  |    1|   0|    1|          0|
    |ap_loop_exit_ready_pp0_iter16_reg  |    1|   0|    1|          0|
    |ap_loop_exit_ready_pp0_iter17_reg  |    1|   0|    1|          0|
    |ap_loop_exit_ready_pp0_iter18_reg  |    1|   0|    1|          0|
    |ap_loop_exit_ready_pp0_iter19_reg  |    1|   0|    1|          0|
    |ap_loop_exit_ready_pp0_iter1_reg   |    1|   0|    1|          0|
    |ap_loop_exit_ready_pp0_iter20_reg  |    1|   0|    1|          0|
    |ap_loop_exit_ready_pp0_iter2_reg   |    1|   0|    1|          0|
    |ap_loop_exit_ready_pp0_iter3_reg   |    1|   0|    1|          0|
    |ap_loop_exit_ready_pp0_iter4_reg   |    1|   0|    1|          0|
    |ap_loop_exit_ready_pp0_iter5_reg   |    1|   0|    1|          0|
    |ap_loop_exit_ready_pp0_iter6_reg   |    1|   0|    1|          0|
    |ap_loop_exit_ready_pp0_iter7_reg   |    1|   0|    1|          0|
    |ap_loop_exit_ready_pp0_iter8_reg   |    1|   0|    1|          0|
    |ap_loop_exit_ready_pp0_iter9_reg   |    1|   0|    1|          0|
    |icmp_ln385_reg_1697                |    1|   0|    1|          0|
    |j_3_reg_1616                       |    4|   0|    4|          0|
    |j_fu_154                           |    4|   0|    4|          0|
    |mul167_10_reg_2005                 |   16|   0|   16|          0|
    |mul167_11_reg_2015                 |   16|   0|   16|          0|
    |mul167_12_reg_2025                 |   16|   0|   16|          0|
    |mul167_13_reg_2035                 |   16|   0|   16|          0|
    |mul167_14_reg_2045                 |   16|   0|   16|          0|
    |mul167_1_reg_1905                  |   16|   0|   16|          0|
    |mul167_2_reg_1915                  |   16|   0|   16|          0|
    |mul167_3_reg_1925                  |   16|   0|   16|          0|
    |mul167_4_reg_1935                  |   16|   0|   16|          0|
    |mul167_5_reg_1945                  |   16|   0|   16|          0|
    |mul167_6_reg_1955                  |   16|   0|   16|          0|
    |mul167_7_reg_1965                  |   16|   0|   16|          0|
    |mul167_8_reg_1975                  |   16|   0|   16|          0|
    |mul167_9_reg_1985                  |   16|   0|   16|          0|
    |mul167_s_reg_1995                  |   16|   0|   16|          0|
    |mul168_10_reg_2250                 |   16|   0|   16|          0|
    |mul168_11_reg_2260                 |   16|   0|   16|          0|
    |mul168_12_reg_2270                 |   16|   0|   16|          0|
    |mul168_13_reg_2280                 |   16|   0|   16|          0|
    |mul168_14_reg_2290                 |   16|   0|   16|          0|
    |mul168_1_reg_2150                  |   16|   0|   16|          0|
    |mul168_2_reg_2160                  |   16|   0|   16|          0|
    |mul168_3_reg_2170                  |   16|   0|   16|          0|
    |mul168_4_reg_2180                  |   16|   0|   16|          0|
    |mul168_5_reg_2190                  |   16|   0|   16|          0|
    |mul168_6_reg_2200                  |   16|   0|   16|          0|
    |mul168_7_reg_2210                  |   16|   0|   16|          0|
    |mul168_8_reg_2220                  |   16|   0|   16|          0|
    |mul168_9_reg_2230                  |   16|   0|   16|          0|
    |mul168_s_reg_2240                  |   16|   0|   16|          0|
    |mul7_reg_1895                      |   16|   0|   16|          0|
    |mul8_reg_2140                      |   16|   0|   16|          0|
    |out_w_8_reg_2455                   |  256|   0|  256|          0|
    |sub166_10_reg_1860                 |   16|   0|   16|          0|
    |sub166_11_reg_1865                 |   16|   0|   16|          0|
    |sub166_12_reg_1870                 |   16|   0|   16|          0|
    |sub166_13_reg_1875                 |   16|   0|   16|          0|
    |sub166_14_reg_1880                 |   16|   0|   16|          0|
    |sub166_1_reg_1810                  |   16|   0|   16|          0|
    |sub166_2_reg_1815                  |   16|   0|   16|          0|
    |sub166_3_reg_1820                  |   16|   0|   16|          0|
    |sub166_4_reg_1825                  |   16|   0|   16|          0|
    |sub166_5_reg_1830                  |   16|   0|   16|          0|
    |sub166_6_reg_1835                  |   16|   0|   16|          0|
    |sub166_7_reg_1840                  |   16|   0|   16|          0|
    |sub166_8_reg_1845                  |   16|   0|   16|          0|
    |sub166_9_reg_1850                  |   16|   0|   16|          0|
    |sub166_s_reg_1855                  |   16|   0|   16|          0|
    |sub3_reg_1805                      |   16|   0|   16|          0|
    |u_683_reg_1890                     |   16|   0|   16|          0|
    |u_684_reg_2135                     |   16|   0|   16|          0|
    |u_685_reg_2375                     |   16|   0|   16|          0|
    |u_686_reg_1642                     |   16|   0|   16|          0|
    |u_687_reg_1900                     |   16|   0|   16|          0|
    |u_688_reg_2145                     |   16|   0|   16|          0|
    |u_689_reg_2380                     |   16|   0|   16|          0|
    |u_690_reg_1647                     |   16|   0|   16|          0|
    |u_691_reg_1910                     |   16|   0|   16|          0|
    |u_692_reg_2155                     |   16|   0|   16|          0|
    |u_693_reg_2385                     |   16|   0|   16|          0|
    |u_694_reg_1652                     |   16|   0|   16|          0|
    |u_695_reg_1920                     |   16|   0|   16|          0|
    |u_696_reg_2165                     |   16|   0|   16|          0|
    |u_697_reg_2390                     |   16|   0|   16|          0|
    |u_698_reg_1657                     |   16|   0|   16|          0|
    |u_699_reg_1930                     |   16|   0|   16|          0|
    |u_700_reg_2175                     |   16|   0|   16|          0|
    |u_701_reg_2395                     |   16|   0|   16|          0|
    |u_702_reg_1662                     |   16|   0|   16|          0|
    |u_703_reg_1940                     |   16|   0|   16|          0|
    |u_704_reg_2185                     |   16|   0|   16|          0|
    |u_705_reg_2400                     |   16|   0|   16|          0|
    |u_706_reg_1667                     |   16|   0|   16|          0|
    |u_707_reg_1950                     |   16|   0|   16|          0|
    |u_708_reg_2195                     |   16|   0|   16|          0|
    |u_709_reg_2405                     |   16|   0|   16|          0|
    |u_710_reg_1672                     |   16|   0|   16|          0|
    |u_711_reg_1960                     |   16|   0|   16|          0|
    |u_712_reg_2205                     |   16|   0|   16|          0|
    |u_713_reg_2410                     |   16|   0|   16|          0|
    |u_714_reg_1677                     |   16|   0|   16|          0|
    |u_715_reg_1970                     |   16|   0|   16|          0|
    |u_716_reg_2215                     |   16|   0|   16|          0|
    |u_717_reg_2415                     |   16|   0|   16|          0|
    |u_718_reg_1682                     |   16|   0|   16|          0|
    |u_719_reg_1980                     |   16|   0|   16|          0|
    |u_720_reg_2225                     |   16|   0|   16|          0|
    |u_721_reg_2420                     |   16|   0|   16|          0|
    |u_722_reg_1687                     |   16|   0|   16|          0|
    |u_723_reg_1990                     |   16|   0|   16|          0|
    |u_724_reg_2235                     |   16|   0|   16|          0|
    |u_725_reg_2425                     |   16|   0|   16|          0|
    |u_726_reg_1692                     |   16|   0|   16|          0|
    |u_727_reg_2000                     |   16|   0|   16|          0|
    |u_728_reg_2245                     |   16|   0|   16|          0|
    |u_729_reg_2430                     |   16|   0|   16|          0|
    |u_730_reg_1705                     |   16|   0|   16|          0|
    |u_731_reg_2010                     |   16|   0|   16|          0|
    |u_732_reg_2255                     |   16|   0|   16|          0|
    |u_733_reg_2435                     |   16|   0|   16|          0|
    |u_734_reg_1710                     |   16|   0|   16|          0|
    |u_735_reg_2020                     |   16|   0|   16|          0|
    |u_736_reg_2265                     |   16|   0|   16|          0|
    |u_737_reg_2440                     |   16|   0|   16|          0|
    |u_738_reg_1715                     |   16|   0|   16|          0|
    |u_739_reg_2030                     |   16|   0|   16|          0|
    |u_740_reg_2275                     |   16|   0|   16|          0|
    |u_741_reg_2445                     |   16|   0|   16|          0|
    |u_742_reg_1720                     |   16|   0|   16|          0|
    |u_743_reg_2040                     |   16|   0|   16|          0|
    |u_744_reg_2285                     |   16|   0|   16|          0|
    |u_745_reg_2450                     |   16|   0|   16|          0|
    |u_reg_1637                         |   16|   0|   16|          0|
    |zext_ln380_reg_1626                |    4|   0|   64|         60|
    |icmp_ln385_reg_1697                |   64|  32|    1|          0|
    |j_3_reg_1616                       |   64|  32|    4|          0|
    |zext_ln380_reg_1626                |   64|  32|   64|         60|
    +-----------------------------------+-----+----+-----+-----------+
    |Total                              | 2296|  96| 2233|        120|
    +-----------------------------------+-----+----+-----+-----------+



================================================================
== Interface
================================================================
* Summary: 
+----------------------------------------------------------------------------------------------+-----+-----+------------+-------------------------------------------------------------------------------------+--------------+
|                                           RTL Ports                                          | Dir | Bits|  Protocol  |                                    Source Object                                    |    C Type    |
+----------------------------------------------------------------------------------------------+-----+-----+------------+-------------------------------------------------------------------------------------+--------------+
|ap_clk                                                                                        |   in|    1|  ap_ctrl_hs|                                  Universal_Engine_Kernel<16, half>_Pipeline_CBI_NORM|  return value|
|ap_rst                                                                                        |   in|    1|  ap_ctrl_hs|                                  Universal_Engine_Kernel<16, half>_Pipeline_CBI_NORM|  return value|
|ap_start                                                                                      |   in|    1|  ap_ctrl_hs|                                  Universal_Engine_Kernel<16, half>_Pipeline_CBI_NORM|  return value|
|ap_done                                                                                       |  out|    1|  ap_ctrl_hs|                                  Universal_Engine_Kernel<16, half>_Pipeline_CBI_NORM|  return value|
|ap_idle                                                                                       |  out|    1|  ap_ctrl_hs|                                  Universal_Engine_Kernel<16, half>_Pipeline_CBI_NORM|  return value|
|ap_ready                                                                                      |  out|    1|  ap_ctrl_hs|                                  Universal_Engine_Kernel<16, half>_Pipeline_CBI_NORM|  return value|
|grp_fu_2613_p_din0                                                                            |  out|   16|  ap_ctrl_hs|                                  Universal_Engine_Kernel<16, half>_Pipeline_CBI_NORM|  return value|
|grp_fu_2613_p_din1                                                                            |  out|   16|  ap_ctrl_hs|                                  Universal_Engine_Kernel<16, half>_Pipeline_CBI_NORM|  return value|
|grp_fu_2613_p_dout0                                                                           |   in|   16|  ap_ctrl_hs|                                  Universal_Engine_Kernel<16, half>_Pipeline_CBI_NORM|  return value|
|grp_fu_2613_p_ce                                                                              |  out|    1|  ap_ctrl_hs|                                  Universal_Engine_Kernel<16, half>_Pipeline_CBI_NORM|  return value|
|grp_fu_2617_p_din0                                                                            |  out|   16|  ap_ctrl_hs|                                  Universal_Engine_Kernel<16, half>_Pipeline_CBI_NORM|  return value|
|grp_fu_2617_p_din1                                                                            |  out|   16|  ap_ctrl_hs|                                  Universal_Engine_Kernel<16, half>_Pipeline_CBI_NORM|  return value|
|grp_fu_2617_p_dout0                                                                           |   in|   16|  ap_ctrl_hs|                                  Universal_Engine_Kernel<16, half>_Pipeline_CBI_NORM|  return value|
|grp_fu_2617_p_ce                                                                              |  out|    1|  ap_ctrl_hs|                                  Universal_Engine_Kernel<16, half>_Pipeline_CBI_NORM|  return value|
|grp_fu_2621_p_din0                                                                            |  out|   16|  ap_ctrl_hs|                                  Universal_Engine_Kernel<16, half>_Pipeline_CBI_NORM|  return value|
|grp_fu_2621_p_din1                                                                            |  out|   16|  ap_ctrl_hs|                                  Universal_Engine_Kernel<16, half>_Pipeline_CBI_NORM|  return value|
|grp_fu_2621_p_dout0                                                                           |   in|   16|  ap_ctrl_hs|                                  Universal_Engine_Kernel<16, half>_Pipeline_CBI_NORM|  return value|
|grp_fu_2621_p_ce                                                                              |  out|    1|  ap_ctrl_hs|                                  Universal_Engine_Kernel<16, half>_Pipeline_CBI_NORM|  return value|
|grp_fu_2625_p_din0                                                                            |  out|   16|  ap_ctrl_hs|                                  Universal_Engine_Kernel<16, half>_Pipeline_CBI_NORM|  return value|
|grp_fu_2625_p_din1                                                                            |  out|   16|  ap_ctrl_hs|                                  Universal_Engine_Kernel<16, half>_Pipeline_CBI_NORM|  return value|
|grp_fu_2625_p_dout0                                                                           |   in|   16|  ap_ctrl_hs|                                  Universal_Engine_Kernel<16, half>_Pipeline_CBI_NORM|  return value|
|grp_fu_2625_p_ce                                                                              |  out|    1|  ap_ctrl_hs|                                  Universal_Engine_Kernel<16, half>_Pipeline_CBI_NORM|  return value|
|grp_fu_2629_p_din0                                                                            |  out|   16|  ap_ctrl_hs|                                  Universal_Engine_Kernel<16, half>_Pipeline_CBI_NORM|  return value|
|grp_fu_2629_p_din1                                                                            |  out|   16|  ap_ctrl_hs|                                  Universal_Engine_Kernel<16, half>_Pipeline_CBI_NORM|  return value|
|grp_fu_2629_p_dout0                                                                           |   in|   16|  ap_ctrl_hs|                                  Universal_Engine_Kernel<16, half>_Pipeline_CBI_NORM|  return value|
|grp_fu_2629_p_ce                                                                              |  out|    1|  ap_ctrl_hs|                                  Universal_Engine_Kernel<16, half>_Pipeline_CBI_NORM|  return value|
|grp_fu_2633_p_din0                                                                            |  out|   16|  ap_ctrl_hs|                                  Universal_Engine_Kernel<16, half>_Pipeline_CBI_NORM|  return value|
|grp_fu_2633_p_din1                                                                            |  out|   16|  ap_ctrl_hs|                                  Universal_Engine_Kernel<16, half>_Pipeline_CBI_NORM|  return value|
|grp_fu_2633_p_dout0                                                                           |   in|   16|  ap_ctrl_hs|                                  Universal_Engine_Kernel<16, half>_Pipeline_CBI_NORM|  return value|
|grp_fu_2633_p_ce                                                                              |  out|    1|  ap_ctrl_hs|                                  Universal_Engine_Kernel<16, half>_Pipeline_CBI_NORM|  return value|
|grp_fu_2637_p_din0                                                                            |  out|   16|  ap_ctrl_hs|                                  Universal_Engine_Kernel<16, half>_Pipeline_CBI_NORM|  return value|
|grp_fu_2637_p_din1                                                                            |  out|   16|  ap_ctrl_hs|                                  Universal_Engine_Kernel<16, half>_Pipeline_CBI_NORM|  return value|
|grp_fu_2637_p_dout0                                                                           |   in|   16|  ap_ctrl_hs|                                  Universal_Engine_Kernel<16, half>_Pipeline_CBI_NORM|  return value|
|grp_fu_2637_p_ce                                                                              |  out|    1|  ap_ctrl_hs|                                  Universal_Engine_Kernel<16, half>_Pipeline_CBI_NORM|  return value|
|grp_fu_2641_p_din0                                                                            |  out|   16|  ap_ctrl_hs|                                  Universal_Engine_Kernel<16, half>_Pipeline_CBI_NORM|  return value|
|grp_fu_2641_p_din1                                                                            |  out|   16|  ap_ctrl_hs|                                  Universal_Engine_Kernel<16, half>_Pipeline_CBI_NORM|  return value|
|grp_fu_2641_p_dout0                                                                           |   in|   16|  ap_ctrl_hs|                                  Universal_Engine_Kernel<16, half>_Pipeline_CBI_NORM|  return value|
|grp_fu_2641_p_ce                                                                              |  out|    1|  ap_ctrl_hs|                                  Universal_Engine_Kernel<16, half>_Pipeline_CBI_NORM|  return value|
|grp_fu_2645_p_din0                                                                            |  out|   16|  ap_ctrl_hs|                                  Universal_Engine_Kernel<16, half>_Pipeline_CBI_NORM|  return value|
|grp_fu_2645_p_din1                                                                            |  out|   16|  ap_ctrl_hs|                                  Universal_Engine_Kernel<16, half>_Pipeline_CBI_NORM|  return value|
|grp_fu_2645_p_dout0                                                                           |   in|   16|  ap_ctrl_hs|                                  Universal_Engine_Kernel<16, half>_Pipeline_CBI_NORM|  return value|
|grp_fu_2645_p_ce                                                                              |  out|    1|  ap_ctrl_hs|                                  Universal_Engine_Kernel<16, half>_Pipeline_CBI_NORM|  return value|
|grp_fu_2649_p_din0                                                                            |  out|   16|  ap_ctrl_hs|                                  Universal_Engine_Kernel<16, half>_Pipeline_CBI_NORM|  return value|
|grp_fu_2649_p_din1                                                                            |  out|   16|  ap_ctrl_hs|                                  Universal_Engine_Kernel<16, half>_Pipeline_CBI_NORM|  return value|
|grp_fu_2649_p_dout0                                                                           |   in|   16|  ap_ctrl_hs|                                  Universal_Engine_Kernel<16, half>_Pipeline_CBI_NORM|  return value|
|grp_fu_2649_p_ce                                                                              |  out|    1|  ap_ctrl_hs|                                  Universal_Engine_Kernel<16, half>_Pipeline_CBI_NORM|  return value|
|grp_fu_2653_p_din0                                                                            |  out|   16|  ap_ctrl_hs|                                  Universal_Engine_Kernel<16, half>_Pipeline_CBI_NORM|  return value|
|grp_fu_2653_p_din1                                                                            |  out|   16|  ap_ctrl_hs|                                  Universal_Engine_Kernel<16, half>_Pipeline_CBI_NORM|  return value|
|grp_fu_2653_p_dout0                                                                           |   in|   16|  ap_ctrl_hs|                                  Universal_Engine_Kernel<16, half>_Pipeline_CBI_NORM|  return value|
|grp_fu_2653_p_ce                                                                              |  out|    1|  ap_ctrl_hs|                                  Universal_Engine_Kernel<16, half>_Pipeline_CBI_NORM|  return value|
|grp_fu_2657_p_din0                                                                            |  out|   16|  ap_ctrl_hs|                                  Universal_Engine_Kernel<16, half>_Pipeline_CBI_NORM|  return value|
|grp_fu_2657_p_din1                                                                            |  out|   16|  ap_ctrl_hs|                                  Universal_Engine_Kernel<16, half>_Pipeline_CBI_NORM|  return value|
|grp_fu_2657_p_dout0                                                                           |   in|   16|  ap_ctrl_hs|                                  Universal_Engine_Kernel<16, half>_Pipeline_CBI_NORM|  return value|
|grp_fu_2657_p_ce                                                                              |  out|    1|  ap_ctrl_hs|                                  Universal_Engine_Kernel<16, half>_Pipeline_CBI_NORM|  return value|
|grp_fu_2661_p_din0                                                                            |  out|   16|  ap_ctrl_hs|                                  Universal_Engine_Kernel<16, half>_Pipeline_CBI_NORM|  return value|
|grp_fu_2661_p_din1                                                                            |  out|   16|  ap_ctrl_hs|                                  Universal_Engine_Kernel<16, half>_Pipeline_CBI_NORM|  return value|
|grp_fu_2661_p_dout0                                                                           |   in|   16|  ap_ctrl_hs|                                  Universal_Engine_Kernel<16, half>_Pipeline_CBI_NORM|  return value|
|grp_fu_2661_p_ce                                                                              |  out|    1|  ap_ctrl_hs|                                  Universal_Engine_Kernel<16, half>_Pipeline_CBI_NORM|  return value|
|grp_fu_2665_p_din0                                                                            |  out|   16|  ap_ctrl_hs|                                  Universal_Engine_Kernel<16, half>_Pipeline_CBI_NORM|  return value|
|grp_fu_2665_p_din1                                                                            |  out|   16|  ap_ctrl_hs|                                  Universal_Engine_Kernel<16, half>_Pipeline_CBI_NORM|  return value|
|grp_fu_2665_p_dout0                                                                           |   in|   16|  ap_ctrl_hs|                                  Universal_Engine_Kernel<16, half>_Pipeline_CBI_NORM|  return value|
|grp_fu_2665_p_ce                                                                              |  out|    1|  ap_ctrl_hs|                                  Universal_Engine_Kernel<16, half>_Pipeline_CBI_NORM|  return value|
|grp_fu_2669_p_din0                                                                            |  out|   16|  ap_ctrl_hs|                                  Universal_Engine_Kernel<16, half>_Pipeline_CBI_NORM|  return value|
|grp_fu_2669_p_din1                                                                            |  out|   16|  ap_ctrl_hs|                                  Universal_Engine_Kernel<16, half>_Pipeline_CBI_NORM|  return value|
|grp_fu_2669_p_dout0                                                                           |   in|   16|  ap_ctrl_hs|                                  Universal_Engine_Kernel<16, half>_Pipeline_CBI_NORM|  return value|
|grp_fu_2669_p_ce                                                                              |  out|    1|  ap_ctrl_hs|                                  Universal_Engine_Kernel<16, half>_Pipeline_CBI_NORM|  return value|
|grp_fu_2673_p_din0                                                                            |  out|   16|  ap_ctrl_hs|                                  Universal_Engine_Kernel<16, half>_Pipeline_CBI_NORM|  return value|
|grp_fu_2673_p_din1                                                                            |  out|   16|  ap_ctrl_hs|                                  Universal_Engine_Kernel<16, half>_Pipeline_CBI_NORM|  return value|
|grp_fu_2673_p_dout0                                                                           |   in|   16|  ap_ctrl_hs|                                  Universal_Engine_Kernel<16, half>_Pipeline_CBI_NORM|  return value|
|grp_fu_2673_p_ce                                                                              |  out|    1|  ap_ctrl_hs|                                  Universal_Engine_Kernel<16, half>_Pipeline_CBI_NORM|  return value|
|grp_fu_2805_p_din0                                                                            |  out|   16|  ap_ctrl_hs|                                  Universal_Engine_Kernel<16, half>_Pipeline_CBI_NORM|  return value|
|grp_fu_2805_p_din1                                                                            |  out|   16|  ap_ctrl_hs|                                  Universal_Engine_Kernel<16, half>_Pipeline_CBI_NORM|  return value|
|grp_fu_2805_p_dout0                                                                           |   in|   16|  ap_ctrl_hs|                                  Universal_Engine_Kernel<16, half>_Pipeline_CBI_NORM|  return value|
|grp_fu_2805_p_ce                                                                              |  out|    1|  ap_ctrl_hs|                                  Universal_Engine_Kernel<16, half>_Pipeline_CBI_NORM|  return value|
|grp_fu_2809_p_din0                                                                            |  out|   16|  ap_ctrl_hs|                                  Universal_Engine_Kernel<16, half>_Pipeline_CBI_NORM|  return value|
|grp_fu_2809_p_din1                                                                            |  out|   16|  ap_ctrl_hs|                                  Universal_Engine_Kernel<16, half>_Pipeline_CBI_NORM|  return value|
|grp_fu_2809_p_dout0                                                                           |   in|   16|  ap_ctrl_hs|                                  Universal_Engine_Kernel<16, half>_Pipeline_CBI_NORM|  return value|
|grp_fu_2809_p_ce                                                                              |  out|    1|  ap_ctrl_hs|                                  Universal_Engine_Kernel<16, half>_Pipeline_CBI_NORM|  return value|
|grp_fu_2813_p_din0                                                                            |  out|   16|  ap_ctrl_hs|                                  Universal_Engine_Kernel<16, half>_Pipeline_CBI_NORM|  return value|
|grp_fu_2813_p_din1                                                                            |  out|   16|  ap_ctrl_hs|                                  Universal_Engine_Kernel<16, half>_Pipeline_CBI_NORM|  return value|
|grp_fu_2813_p_dout0                                                                           |   in|   16|  ap_ctrl_hs|                                  Universal_Engine_Kernel<16, half>_Pipeline_CBI_NORM|  return value|
|grp_fu_2813_p_ce                                                                              |  out|    1|  ap_ctrl_hs|                                  Universal_Engine_Kernel<16, half>_Pipeline_CBI_NORM|  return value|
|grp_fu_2817_p_din0                                                                            |  out|   16|  ap_ctrl_hs|                                  Universal_Engine_Kernel<16, half>_Pipeline_CBI_NORM|  return value|
|grp_fu_2817_p_din1                                                                            |  out|   16|  ap_ctrl_hs|                                  Universal_Engine_Kernel<16, half>_Pipeline_CBI_NORM|  return value|
|grp_fu_2817_p_dout0                                                                           |   in|   16|  ap_ctrl_hs|                                  Universal_Engine_Kernel<16, half>_Pipeline_CBI_NORM|  return value|
|grp_fu_2817_p_ce                                                                              |  out|    1|  ap_ctrl_hs|                                  Universal_Engine_Kernel<16, half>_Pipeline_CBI_NORM|  return value|
|grp_fu_2821_p_din0                                                                            |  out|   16|  ap_ctrl_hs|                                  Universal_Engine_Kernel<16, half>_Pipeline_CBI_NORM|  return value|
|grp_fu_2821_p_din1                                                                            |  out|   16|  ap_ctrl_hs|                                  Universal_Engine_Kernel<16, half>_Pipeline_CBI_NORM|  return value|
|grp_fu_2821_p_dout0                                                                           |   in|   16|  ap_ctrl_hs|                                  Universal_Engine_Kernel<16, half>_Pipeline_CBI_NORM|  return value|
|grp_fu_2821_p_ce                                                                              |  out|    1|  ap_ctrl_hs|                                  Universal_Engine_Kernel<16, half>_Pipeline_CBI_NORM|  return value|
|grp_fu_2825_p_din0                                                                            |  out|   16|  ap_ctrl_hs|                                  Universal_Engine_Kernel<16, half>_Pipeline_CBI_NORM|  return value|
|grp_fu_2825_p_din1                                                                            |  out|   16|  ap_ctrl_hs|                                  Universal_Engine_Kernel<16, half>_Pipeline_CBI_NORM|  return value|
|grp_fu_2825_p_dout0                                                                           |   in|   16|  ap_ctrl_hs|                                  Universal_Engine_Kernel<16, half>_Pipeline_CBI_NORM|  return value|
|grp_fu_2825_p_ce                                                                              |  out|    1|  ap_ctrl_hs|                                  Universal_Engine_Kernel<16, half>_Pipeline_CBI_NORM|  return value|
|grp_fu_2829_p_din0                                                                            |  out|   16|  ap_ctrl_hs|                                  Universal_Engine_Kernel<16, half>_Pipeline_CBI_NORM|  return value|
|grp_fu_2829_p_din1                                                                            |  out|   16|  ap_ctrl_hs|                                  Universal_Engine_Kernel<16, half>_Pipeline_CBI_NORM|  return value|
|grp_fu_2829_p_dout0                                                                           |   in|   16|  ap_ctrl_hs|                                  Universal_Engine_Kernel<16, half>_Pipeline_CBI_NORM|  return value|
|grp_fu_2829_p_ce                                                                              |  out|    1|  ap_ctrl_hs|                                  Universal_Engine_Kernel<16, half>_Pipeline_CBI_NORM|  return value|
|grp_fu_2833_p_din0                                                                            |  out|   16|  ap_ctrl_hs|                                  Universal_Engine_Kernel<16, half>_Pipeline_CBI_NORM|  return value|
|grp_fu_2833_p_din1                                                                            |  out|   16|  ap_ctrl_hs|                                  Universal_Engine_Kernel<16, half>_Pipeline_CBI_NORM|  return value|
|grp_fu_2833_p_dout0                                                                           |   in|   16|  ap_ctrl_hs|                                  Universal_Engine_Kernel<16, half>_Pipeline_CBI_NORM|  return value|
|grp_fu_2833_p_ce                                                                              |  out|    1|  ap_ctrl_hs|                                  Universal_Engine_Kernel<16, half>_Pipeline_CBI_NORM|  return value|
|grp_fu_2837_p_din0                                                                            |  out|   16|  ap_ctrl_hs|                                  Universal_Engine_Kernel<16, half>_Pipeline_CBI_NORM|  return value|
|grp_fu_2837_p_din1                                                                            |  out|   16|  ap_ctrl_hs|                                  Universal_Engine_Kernel<16, half>_Pipeline_CBI_NORM|  return value|
|grp_fu_2837_p_dout0                                                                           |   in|   16|  ap_ctrl_hs|                                  Universal_Engine_Kernel<16, half>_Pipeline_CBI_NORM|  return value|
|grp_fu_2837_p_ce                                                                              |  out|    1|  ap_ctrl_hs|                                  Universal_Engine_Kernel<16, half>_Pipeline_CBI_NORM|  return value|
|grp_fu_2841_p_din0                                                                            |  out|   16|  ap_ctrl_hs|                                  Universal_Engine_Kernel<16, half>_Pipeline_CBI_NORM|  return value|
|grp_fu_2841_p_din1                                                                            |  out|   16|  ap_ctrl_hs|                                  Universal_Engine_Kernel<16, half>_Pipeline_CBI_NORM|  return value|
|grp_fu_2841_p_dout0                                                                           |   in|   16|  ap_ctrl_hs|                                  Universal_Engine_Kernel<16, half>_Pipeline_CBI_NORM|  return value|
|grp_fu_2841_p_ce                                                                              |  out|    1|  ap_ctrl_hs|                                  Universal_Engine_Kernel<16, half>_Pipeline_CBI_NORM|  return value|
|grp_fu_2845_p_din0                                                                            |  out|   16|  ap_ctrl_hs|                                  Universal_Engine_Kernel<16, half>_Pipeline_CBI_NORM|  return value|
|grp_fu_2845_p_din1                                                                            |  out|   16|  ap_ctrl_hs|                                  Universal_Engine_Kernel<16, half>_Pipeline_CBI_NORM|  return value|
|grp_fu_2845_p_dout0                                                                           |   in|   16|  ap_ctrl_hs|                                  Universal_Engine_Kernel<16, half>_Pipeline_CBI_NORM|  return value|
|grp_fu_2845_p_ce                                                                              |  out|    1|  ap_ctrl_hs|                                  Universal_Engine_Kernel<16, half>_Pipeline_CBI_NORM|  return value|
|grp_fu_2849_p_din0                                                                            |  out|   16|  ap_ctrl_hs|                                  Universal_Engine_Kernel<16, half>_Pipeline_CBI_NORM|  return value|
|grp_fu_2849_p_din1                                                                            |  out|   16|  ap_ctrl_hs|                                  Universal_Engine_Kernel<16, half>_Pipeline_CBI_NORM|  return value|
|grp_fu_2849_p_dout0                                                                           |   in|   16|  ap_ctrl_hs|                                  Universal_Engine_Kernel<16, half>_Pipeline_CBI_NORM|  return value|
|grp_fu_2849_p_ce                                                                              |  out|    1|  ap_ctrl_hs|                                  Universal_Engine_Kernel<16, half>_Pipeline_CBI_NORM|  return value|
|grp_fu_2853_p_din0                                                                            |  out|   16|  ap_ctrl_hs|                                  Universal_Engine_Kernel<16, half>_Pipeline_CBI_NORM|  return value|
|grp_fu_2853_p_din1                                                                            |  out|   16|  ap_ctrl_hs|                                  Universal_Engine_Kernel<16, half>_Pipeline_CBI_NORM|  return value|
|grp_fu_2853_p_dout0                                                                           |   in|   16|  ap_ctrl_hs|                                  Universal_Engine_Kernel<16, half>_Pipeline_CBI_NORM|  return value|
|grp_fu_2853_p_ce                                                                              |  out|    1|  ap_ctrl_hs|                                  Universal_Engine_Kernel<16, half>_Pipeline_CBI_NORM|  return value|
|grp_fu_2857_p_din0                                                                            |  out|   16|  ap_ctrl_hs|                                  Universal_Engine_Kernel<16, half>_Pipeline_CBI_NORM|  return value|
|grp_fu_2857_p_din1                                                                            |  out|   16|  ap_ctrl_hs|                                  Universal_Engine_Kernel<16, half>_Pipeline_CBI_NORM|  return value|
|grp_fu_2857_p_dout0                                                                           |   in|   16|  ap_ctrl_hs|                                  Universal_Engine_Kernel<16, half>_Pipeline_CBI_NORM|  return value|
|grp_fu_2857_p_ce                                                                              |  out|    1|  ap_ctrl_hs|                                  Universal_Engine_Kernel<16, half>_Pipeline_CBI_NORM|  return value|
|grp_fu_2861_p_din0                                                                            |  out|   16|  ap_ctrl_hs|                                  Universal_Engine_Kernel<16, half>_Pipeline_CBI_NORM|  return value|
|grp_fu_2861_p_din1                                                                            |  out|   16|  ap_ctrl_hs|                                  Universal_Engine_Kernel<16, half>_Pipeline_CBI_NORM|  return value|
|grp_fu_2861_p_dout0                                                                           |   in|   16|  ap_ctrl_hs|                                  Universal_Engine_Kernel<16, half>_Pipeline_CBI_NORM|  return value|
|grp_fu_2861_p_ce                                                                              |  out|    1|  ap_ctrl_hs|                                  Universal_Engine_Kernel<16, half>_Pipeline_CBI_NORM|  return value|
|grp_fu_2865_p_din0                                                                            |  out|   16|  ap_ctrl_hs|                                  Universal_Engine_Kernel<16, half>_Pipeline_CBI_NORM|  return value|
|grp_fu_2865_p_din1                                                                            |  out|   16|  ap_ctrl_hs|                                  Universal_Engine_Kernel<16, half>_Pipeline_CBI_NORM|  return value|
|grp_fu_2865_p_dout0                                                                           |   in|   16|  ap_ctrl_hs|                                  Universal_Engine_Kernel<16, half>_Pipeline_CBI_NORM|  return value|
|grp_fu_2865_p_ce                                                                              |  out|    1|  ap_ctrl_hs|                                  Universal_Engine_Kernel<16, half>_Pipeline_CBI_NORM|  return value|
|grp_fu_2741_p_din0                                                                            |  out|   16|  ap_ctrl_hs|                                  Universal_Engine_Kernel<16, half>_Pipeline_CBI_NORM|  return value|
|grp_fu_2741_p_din1                                                                            |  out|   16|  ap_ctrl_hs|                                  Universal_Engine_Kernel<16, half>_Pipeline_CBI_NORM|  return value|
|grp_fu_2741_p_dout0                                                                           |   in|   16|  ap_ctrl_hs|                                  Universal_Engine_Kernel<16, half>_Pipeline_CBI_NORM|  return value|
|grp_fu_2741_p_ce                                                                              |  out|    1|  ap_ctrl_hs|                                  Universal_Engine_Kernel<16, half>_Pipeline_CBI_NORM|  return value|
|grp_fu_2745_p_din0                                                                            |  out|   16|  ap_ctrl_hs|                                  Universal_Engine_Kernel<16, half>_Pipeline_CBI_NORM|  return value|
|grp_fu_2745_p_din1                                                                            |  out|   16|  ap_ctrl_hs|                                  Universal_Engine_Kernel<16, half>_Pipeline_CBI_NORM|  return value|
|grp_fu_2745_p_dout0                                                                           |   in|   16|  ap_ctrl_hs|                                  Universal_Engine_Kernel<16, half>_Pipeline_CBI_NORM|  return value|
|grp_fu_2745_p_ce                                                                              |  out|    1|  ap_ctrl_hs|                                  Universal_Engine_Kernel<16, half>_Pipeline_CBI_NORM|  return value|
|grp_fu_2749_p_din0                                                                            |  out|   16|  ap_ctrl_hs|                                  Universal_Engine_Kernel<16, half>_Pipeline_CBI_NORM|  return value|
|grp_fu_2749_p_din1                                                                            |  out|   16|  ap_ctrl_hs|                                  Universal_Engine_Kernel<16, half>_Pipeline_CBI_NORM|  return value|
|grp_fu_2749_p_dout0                                                                           |   in|   16|  ap_ctrl_hs|                                  Universal_Engine_Kernel<16, half>_Pipeline_CBI_NORM|  return value|
|grp_fu_2749_p_ce                                                                              |  out|    1|  ap_ctrl_hs|                                  Universal_Engine_Kernel<16, half>_Pipeline_CBI_NORM|  return value|
|grp_fu_2753_p_din0                                                                            |  out|   16|  ap_ctrl_hs|                                  Universal_Engine_Kernel<16, half>_Pipeline_CBI_NORM|  return value|
|grp_fu_2753_p_din1                                                                            |  out|   16|  ap_ctrl_hs|                                  Universal_Engine_Kernel<16, half>_Pipeline_CBI_NORM|  return value|
|grp_fu_2753_p_dout0                                                                           |   in|   16|  ap_ctrl_hs|                                  Universal_Engine_Kernel<16, half>_Pipeline_CBI_NORM|  return value|
|grp_fu_2753_p_ce                                                                              |  out|    1|  ap_ctrl_hs|                                  Universal_Engine_Kernel<16, half>_Pipeline_CBI_NORM|  return value|
|grp_fu_2757_p_din0                                                                            |  out|   16|  ap_ctrl_hs|                                  Universal_Engine_Kernel<16, half>_Pipeline_CBI_NORM|  return value|
|grp_fu_2757_p_din1                                                                            |  out|   16|  ap_ctrl_hs|                                  Universal_Engine_Kernel<16, half>_Pipeline_CBI_NORM|  return value|
|grp_fu_2757_p_dout0                                                                           |   in|   16|  ap_ctrl_hs|                                  Universal_Engine_Kernel<16, half>_Pipeline_CBI_NORM|  return value|
|grp_fu_2757_p_ce                                                                              |  out|    1|  ap_ctrl_hs|                                  Universal_Engine_Kernel<16, half>_Pipeline_CBI_NORM|  return value|
|grp_fu_2761_p_din0                                                                            |  out|   16|  ap_ctrl_hs|                                  Universal_Engine_Kernel<16, half>_Pipeline_CBI_NORM|  return value|
|grp_fu_2761_p_din1                                                                            |  out|   16|  ap_ctrl_hs|                                  Universal_Engine_Kernel<16, half>_Pipeline_CBI_NORM|  return value|
|grp_fu_2761_p_dout0                                                                           |   in|   16|  ap_ctrl_hs|                                  Universal_Engine_Kernel<16, half>_Pipeline_CBI_NORM|  return value|
|grp_fu_2761_p_ce                                                                              |  out|    1|  ap_ctrl_hs|                                  Universal_Engine_Kernel<16, half>_Pipeline_CBI_NORM|  return value|
|grp_fu_2765_p_din0                                                                            |  out|   16|  ap_ctrl_hs|                                  Universal_Engine_Kernel<16, half>_Pipeline_CBI_NORM|  return value|
|grp_fu_2765_p_din1                                                                            |  out|   16|  ap_ctrl_hs|                                  Universal_Engine_Kernel<16, half>_Pipeline_CBI_NORM|  return value|
|grp_fu_2765_p_dout0                                                                           |   in|   16|  ap_ctrl_hs|                                  Universal_Engine_Kernel<16, half>_Pipeline_CBI_NORM|  return value|
|grp_fu_2765_p_ce                                                                              |  out|    1|  ap_ctrl_hs|                                  Universal_Engine_Kernel<16, half>_Pipeline_CBI_NORM|  return value|
|grp_fu_2769_p_din0                                                                            |  out|   16|  ap_ctrl_hs|                                  Universal_Engine_Kernel<16, half>_Pipeline_CBI_NORM|  return value|
|grp_fu_2769_p_din1                                                                            |  out|   16|  ap_ctrl_hs|                                  Universal_Engine_Kernel<16, half>_Pipeline_CBI_NORM|  return value|
|grp_fu_2769_p_dout0                                                                           |   in|   16|  ap_ctrl_hs|                                  Universal_Engine_Kernel<16, half>_Pipeline_CBI_NORM|  return value|
|grp_fu_2769_p_ce                                                                              |  out|    1|  ap_ctrl_hs|                                  Universal_Engine_Kernel<16, half>_Pipeline_CBI_NORM|  return value|
|grp_fu_2773_p_din0                                                                            |  out|   16|  ap_ctrl_hs|                                  Universal_Engine_Kernel<16, half>_Pipeline_CBI_NORM|  return value|
|grp_fu_2773_p_din1                                                                            |  out|   16|  ap_ctrl_hs|                                  Universal_Engine_Kernel<16, half>_Pipeline_CBI_NORM|  return value|
|grp_fu_2773_p_dout0                                                                           |   in|   16|  ap_ctrl_hs|                                  Universal_Engine_Kernel<16, half>_Pipeline_CBI_NORM|  return value|
|grp_fu_2773_p_ce                                                                              |  out|    1|  ap_ctrl_hs|                                  Universal_Engine_Kernel<16, half>_Pipeline_CBI_NORM|  return value|
|grp_fu_2777_p_din0                                                                            |  out|   16|  ap_ctrl_hs|                                  Universal_Engine_Kernel<16, half>_Pipeline_CBI_NORM|  return value|
|grp_fu_2777_p_din1                                                                            |  out|   16|  ap_ctrl_hs|                                  Universal_Engine_Kernel<16, half>_Pipeline_CBI_NORM|  return value|
|grp_fu_2777_p_dout0                                                                           |   in|   16|  ap_ctrl_hs|                                  Universal_Engine_Kernel<16, half>_Pipeline_CBI_NORM|  return value|
|grp_fu_2777_p_ce                                                                              |  out|    1|  ap_ctrl_hs|                                  Universal_Engine_Kernel<16, half>_Pipeline_CBI_NORM|  return value|
|grp_fu_2781_p_din0                                                                            |  out|   16|  ap_ctrl_hs|                                  Universal_Engine_Kernel<16, half>_Pipeline_CBI_NORM|  return value|
|grp_fu_2781_p_din1                                                                            |  out|   16|  ap_ctrl_hs|                                  Universal_Engine_Kernel<16, half>_Pipeline_CBI_NORM|  return value|
|grp_fu_2781_p_dout0                                                                           |   in|   16|  ap_ctrl_hs|                                  Universal_Engine_Kernel<16, half>_Pipeline_CBI_NORM|  return value|
|grp_fu_2781_p_ce                                                                              |  out|    1|  ap_ctrl_hs|                                  Universal_Engine_Kernel<16, half>_Pipeline_CBI_NORM|  return value|
|grp_fu_2785_p_din0                                                                            |  out|   16|  ap_ctrl_hs|                                  Universal_Engine_Kernel<16, half>_Pipeline_CBI_NORM|  return value|
|grp_fu_2785_p_din1                                                                            |  out|   16|  ap_ctrl_hs|                                  Universal_Engine_Kernel<16, half>_Pipeline_CBI_NORM|  return value|
|grp_fu_2785_p_dout0                                                                           |   in|   16|  ap_ctrl_hs|                                  Universal_Engine_Kernel<16, half>_Pipeline_CBI_NORM|  return value|
|grp_fu_2785_p_ce                                                                              |  out|    1|  ap_ctrl_hs|                                  Universal_Engine_Kernel<16, half>_Pipeline_CBI_NORM|  return value|
|grp_fu_2789_p_din0                                                                            |  out|   16|  ap_ctrl_hs|                                  Universal_Engine_Kernel<16, half>_Pipeline_CBI_NORM|  return value|
|grp_fu_2789_p_din1                                                                            |  out|   16|  ap_ctrl_hs|                                  Universal_Engine_Kernel<16, half>_Pipeline_CBI_NORM|  return value|
|grp_fu_2789_p_dout0                                                                           |   in|   16|  ap_ctrl_hs|                                  Universal_Engine_Kernel<16, half>_Pipeline_CBI_NORM|  return value|
|grp_fu_2789_p_ce                                                                              |  out|    1|  ap_ctrl_hs|                                  Universal_Engine_Kernel<16, half>_Pipeline_CBI_NORM|  return value|
|grp_fu_2793_p_din0                                                                            |  out|   16|  ap_ctrl_hs|                                  Universal_Engine_Kernel<16, half>_Pipeline_CBI_NORM|  return value|
|grp_fu_2793_p_din1                                                                            |  out|   16|  ap_ctrl_hs|                                  Universal_Engine_Kernel<16, half>_Pipeline_CBI_NORM|  return value|
|grp_fu_2793_p_dout0                                                                           |   in|   16|  ap_ctrl_hs|                                  Universal_Engine_Kernel<16, half>_Pipeline_CBI_NORM|  return value|
|grp_fu_2793_p_ce                                                                              |  out|    1|  ap_ctrl_hs|                                  Universal_Engine_Kernel<16, half>_Pipeline_CBI_NORM|  return value|
|grp_fu_2797_p_din0                                                                            |  out|   16|  ap_ctrl_hs|                                  Universal_Engine_Kernel<16, half>_Pipeline_CBI_NORM|  return value|
|grp_fu_2797_p_din1                                                                            |  out|   16|  ap_ctrl_hs|                                  Universal_Engine_Kernel<16, half>_Pipeline_CBI_NORM|  return value|
|grp_fu_2797_p_dout0                                                                           |   in|   16|  ap_ctrl_hs|                                  Universal_Engine_Kernel<16, half>_Pipeline_CBI_NORM|  return value|
|grp_fu_2797_p_ce                                                                              |  out|    1|  ap_ctrl_hs|                                  Universal_Engine_Kernel<16, half>_Pipeline_CBI_NORM|  return value|
|grp_fu_2801_p_din0                                                                            |  out|   16|  ap_ctrl_hs|                                  Universal_Engine_Kernel<16, half>_Pipeline_CBI_NORM|  return value|
|grp_fu_2801_p_din1                                                                            |  out|   16|  ap_ctrl_hs|                                  Universal_Engine_Kernel<16, half>_Pipeline_CBI_NORM|  return value|
|grp_fu_2801_p_dout0                                                                           |   in|   16|  ap_ctrl_hs|                                  Universal_Engine_Kernel<16, half>_Pipeline_CBI_NORM|  return value|
|grp_fu_2801_p_ce                                                                              |  out|    1|  ap_ctrl_hs|                                  Universal_Engine_Kernel<16, half>_Pipeline_CBI_NORM|  return value|
|grp_fu_2869_p_din0                                                                            |  out|   16|  ap_ctrl_hs|                                  Universal_Engine_Kernel<16, half>_Pipeline_CBI_NORM|  return value|
|grp_fu_2869_p_din1                                                                            |  out|   16|  ap_ctrl_hs|                                  Universal_Engine_Kernel<16, half>_Pipeline_CBI_NORM|  return value|
|grp_fu_2869_p_dout0                                                                           |   in|   16|  ap_ctrl_hs|                                  Universal_Engine_Kernel<16, half>_Pipeline_CBI_NORM|  return value|
|grp_fu_2869_p_ce                                                                              |  out|    1|  ap_ctrl_hs|                                  Universal_Engine_Kernel<16, half>_Pipeline_CBI_NORM|  return value|
|grp_fu_2873_p_din0                                                                            |  out|   16|  ap_ctrl_hs|                                  Universal_Engine_Kernel<16, half>_Pipeline_CBI_NORM|  return value|
|grp_fu_2873_p_din1                                                                            |  out|   16|  ap_ctrl_hs|                                  Universal_Engine_Kernel<16, half>_Pipeline_CBI_NORM|  return value|
|grp_fu_2873_p_dout0                                                                           |   in|   16|  ap_ctrl_hs|                                  Universal_Engine_Kernel<16, half>_Pipeline_CBI_NORM|  return value|
|grp_fu_2873_p_ce                                                                              |  out|    1|  ap_ctrl_hs|                                  Universal_Engine_Kernel<16, half>_Pipeline_CBI_NORM|  return value|
|grp_fu_2877_p_din0                                                                            |  out|   16|  ap_ctrl_hs|                                  Universal_Engine_Kernel<16, half>_Pipeline_CBI_NORM|  return value|
|grp_fu_2877_p_din1                                                                            |  out|   16|  ap_ctrl_hs|                                  Universal_Engine_Kernel<16, half>_Pipeline_CBI_NORM|  return value|
|grp_fu_2877_p_dout0                                                                           |   in|   16|  ap_ctrl_hs|                                  Universal_Engine_Kernel<16, half>_Pipeline_CBI_NORM|  return value|
|grp_fu_2877_p_ce                                                                              |  out|    1|  ap_ctrl_hs|                                  Universal_Engine_Kernel<16, half>_Pipeline_CBI_NORM|  return value|
|grp_fu_2881_p_din0                                                                            |  out|   16|  ap_ctrl_hs|                                  Universal_Engine_Kernel<16, half>_Pipeline_CBI_NORM|  return value|
|grp_fu_2881_p_din1                                                                            |  out|   16|  ap_ctrl_hs|                                  Universal_Engine_Kernel<16, half>_Pipeline_CBI_NORM|  return value|
|grp_fu_2881_p_dout0                                                                           |   in|   16|  ap_ctrl_hs|                                  Universal_Engine_Kernel<16, half>_Pipeline_CBI_NORM|  return value|
|grp_fu_2881_p_ce                                                                              |  out|    1|  ap_ctrl_hs|                                  Universal_Engine_Kernel<16, half>_Pipeline_CBI_NORM|  return value|
|grp_fu_2885_p_din0                                                                            |  out|   16|  ap_ctrl_hs|                                  Universal_Engine_Kernel<16, half>_Pipeline_CBI_NORM|  return value|
|grp_fu_2885_p_din1                                                                            |  out|   16|  ap_ctrl_hs|                                  Universal_Engine_Kernel<16, half>_Pipeline_CBI_NORM|  return value|
|grp_fu_2885_p_dout0                                                                           |   in|   16|  ap_ctrl_hs|                                  Universal_Engine_Kernel<16, half>_Pipeline_CBI_NORM|  return value|
|grp_fu_2885_p_ce                                                                              |  out|    1|  ap_ctrl_hs|                                  Universal_Engine_Kernel<16, half>_Pipeline_CBI_NORM|  return value|
|grp_fu_2889_p_din0                                                                            |  out|   16|  ap_ctrl_hs|                                  Universal_Engine_Kernel<16, half>_Pipeline_CBI_NORM|  return value|
|grp_fu_2889_p_din1                                                                            |  out|   16|  ap_ctrl_hs|                                  Universal_Engine_Kernel<16, half>_Pipeline_CBI_NORM|  return value|
|grp_fu_2889_p_dout0                                                                           |   in|   16|  ap_ctrl_hs|                                  Universal_Engine_Kernel<16, half>_Pipeline_CBI_NORM|  return value|
|grp_fu_2889_p_ce                                                                              |  out|    1|  ap_ctrl_hs|                                  Universal_Engine_Kernel<16, half>_Pipeline_CBI_NORM|  return value|
|grp_fu_2893_p_din0                                                                            |  out|   16|  ap_ctrl_hs|                                  Universal_Engine_Kernel<16, half>_Pipeline_CBI_NORM|  return value|
|grp_fu_2893_p_din1                                                                            |  out|   16|  ap_ctrl_hs|                                  Universal_Engine_Kernel<16, half>_Pipeline_CBI_NORM|  return value|
|grp_fu_2893_p_dout0                                                                           |   in|   16|  ap_ctrl_hs|                                  Universal_Engine_Kernel<16, half>_Pipeline_CBI_NORM|  return value|
|grp_fu_2893_p_ce                                                                              |  out|    1|  ap_ctrl_hs|                                  Universal_Engine_Kernel<16, half>_Pipeline_CBI_NORM|  return value|
|grp_fu_2897_p_din0                                                                            |  out|   16|  ap_ctrl_hs|                                  Universal_Engine_Kernel<16, half>_Pipeline_CBI_NORM|  return value|
|grp_fu_2897_p_din1                                                                            |  out|   16|  ap_ctrl_hs|                                  Universal_Engine_Kernel<16, half>_Pipeline_CBI_NORM|  return value|
|grp_fu_2897_p_dout0                                                                           |   in|   16|  ap_ctrl_hs|                                  Universal_Engine_Kernel<16, half>_Pipeline_CBI_NORM|  return value|
|grp_fu_2897_p_ce                                                                              |  out|    1|  ap_ctrl_hs|                                  Universal_Engine_Kernel<16, half>_Pipeline_CBI_NORM|  return value|
|grp_fu_2901_p_din0                                                                            |  out|   16|  ap_ctrl_hs|                                  Universal_Engine_Kernel<16, half>_Pipeline_CBI_NORM|  return value|
|grp_fu_2901_p_din1                                                                            |  out|   16|  ap_ctrl_hs|                                  Universal_Engine_Kernel<16, half>_Pipeline_CBI_NORM|  return value|
|grp_fu_2901_p_dout0                                                                           |   in|   16|  ap_ctrl_hs|                                  Universal_Engine_Kernel<16, half>_Pipeline_CBI_NORM|  return value|
|grp_fu_2901_p_ce                                                                              |  out|    1|  ap_ctrl_hs|                                  Universal_Engine_Kernel<16, half>_Pipeline_CBI_NORM|  return value|
|grp_fu_2905_p_din0                                                                            |  out|   16|  ap_ctrl_hs|                                  Universal_Engine_Kernel<16, half>_Pipeline_CBI_NORM|  return value|
|grp_fu_2905_p_din1                                                                            |  out|   16|  ap_ctrl_hs|                                  Universal_Engine_Kernel<16, half>_Pipeline_CBI_NORM|  return value|
|grp_fu_2905_p_dout0                                                                           |   in|   16|  ap_ctrl_hs|                                  Universal_Engine_Kernel<16, half>_Pipeline_CBI_NORM|  return value|
|grp_fu_2905_p_ce                                                                              |  out|    1|  ap_ctrl_hs|                                  Universal_Engine_Kernel<16, half>_Pipeline_CBI_NORM|  return value|
|grp_fu_2909_p_din0                                                                            |  out|   16|  ap_ctrl_hs|                                  Universal_Engine_Kernel<16, half>_Pipeline_CBI_NORM|  return value|
|grp_fu_2909_p_din1                                                                            |  out|   16|  ap_ctrl_hs|                                  Universal_Engine_Kernel<16, half>_Pipeline_CBI_NORM|  return value|
|grp_fu_2909_p_dout0                                                                           |   in|   16|  ap_ctrl_hs|                                  Universal_Engine_Kernel<16, half>_Pipeline_CBI_NORM|  return value|
|grp_fu_2909_p_ce                                                                              |  out|    1|  ap_ctrl_hs|                                  Universal_Engine_Kernel<16, half>_Pipeline_CBI_NORM|  return value|
|grp_fu_2913_p_din0                                                                            |  out|   16|  ap_ctrl_hs|                                  Universal_Engine_Kernel<16, half>_Pipeline_CBI_NORM|  return value|
|grp_fu_2913_p_din1                                                                            |  out|   16|  ap_ctrl_hs|                                  Universal_Engine_Kernel<16, half>_Pipeline_CBI_NORM|  return value|
|grp_fu_2913_p_dout0                                                                           |   in|   16|  ap_ctrl_hs|                                  Universal_Engine_Kernel<16, half>_Pipeline_CBI_NORM|  return value|
|grp_fu_2913_p_ce                                                                              |  out|    1|  ap_ctrl_hs|                                  Universal_Engine_Kernel<16, half>_Pipeline_CBI_NORM|  return value|
|grp_fu_2917_p_din0                                                                            |  out|   16|  ap_ctrl_hs|                                  Universal_Engine_Kernel<16, half>_Pipeline_CBI_NORM|  return value|
|grp_fu_2917_p_din1                                                                            |  out|   16|  ap_ctrl_hs|                                  Universal_Engine_Kernel<16, half>_Pipeline_CBI_NORM|  return value|
|grp_fu_2917_p_dout0                                                                           |   in|   16|  ap_ctrl_hs|                                  Universal_Engine_Kernel<16, half>_Pipeline_CBI_NORM|  return value|
|grp_fu_2917_p_ce                                                                              |  out|    1|  ap_ctrl_hs|                                  Universal_Engine_Kernel<16, half>_Pipeline_CBI_NORM|  return value|
|grp_fu_2921_p_din0                                                                            |  out|   16|  ap_ctrl_hs|                                  Universal_Engine_Kernel<16, half>_Pipeline_CBI_NORM|  return value|
|grp_fu_2921_p_din1                                                                            |  out|   16|  ap_ctrl_hs|                                  Universal_Engine_Kernel<16, half>_Pipeline_CBI_NORM|  return value|
|grp_fu_2921_p_dout0                                                                           |   in|   16|  ap_ctrl_hs|                                  Universal_Engine_Kernel<16, half>_Pipeline_CBI_NORM|  return value|
|grp_fu_2921_p_ce                                                                              |  out|    1|  ap_ctrl_hs|                                  Universal_Engine_Kernel<16, half>_Pipeline_CBI_NORM|  return value|
|grp_fu_2925_p_din0                                                                            |  out|   16|  ap_ctrl_hs|                                  Universal_Engine_Kernel<16, half>_Pipeline_CBI_NORM|  return value|
|grp_fu_2925_p_din1                                                                            |  out|   16|  ap_ctrl_hs|                                  Universal_Engine_Kernel<16, half>_Pipeline_CBI_NORM|  return value|
|grp_fu_2925_p_dout0                                                                           |   in|   16|  ap_ctrl_hs|                                  Universal_Engine_Kernel<16, half>_Pipeline_CBI_NORM|  return value|
|grp_fu_2925_p_ce                                                                              |  out|    1|  ap_ctrl_hs|                                  Universal_Engine_Kernel<16, half>_Pipeline_CBI_NORM|  return value|
|grp_fu_2929_p_din0                                                                            |  out|   16|  ap_ctrl_hs|                                  Universal_Engine_Kernel<16, half>_Pipeline_CBI_NORM|  return value|
|grp_fu_2929_p_din1                                                                            |  out|   16|  ap_ctrl_hs|                                  Universal_Engine_Kernel<16, half>_Pipeline_CBI_NORM|  return value|
|grp_fu_2929_p_dout0                                                                           |   in|   16|  ap_ctrl_hs|                                  Universal_Engine_Kernel<16, half>_Pipeline_CBI_NORM|  return value|
|grp_fu_2929_p_ce                                                                              |  out|    1|  ap_ctrl_hs|                                  Universal_Engine_Kernel<16, half>_Pipeline_CBI_NORM|  return value|
|mul_ln392                                                                                     |   in|    8|     ap_none|                                                                            mul_ln392|        scalar|
|pix_address0                                                                                  |  out|    4|   ap_memory|                                                                                  pix|         array|
|pix_ce0                                                                                       |  out|    1|   ap_memory|                                                                                  pix|         array|
|pix_q0                                                                                        |   in|  256|   ap_memory|                                                                                  pix|         array|
|g_in_buf_address0                                                                             |  out|    4|   ap_memory|                                                                             g_in_buf|         array|
|g_in_buf_ce0                                                                                  |  out|    1|   ap_memory|                                                                             g_in_buf|         array|
|g_in_buf_q0                                                                                   |   in|  256|   ap_memory|                                                                             g_in_buf|         array|
|be_in_buf_address0                                                                            |  out|    4|   ap_memory|                                                                            be_in_buf|         array|
|be_in_buf_ce0                                                                                 |  out|    1|   ap_memory|                                                                            be_in_buf|         array|
|be_in_buf_q0                                                                                  |   in|  256|   ap_memory|                                                                            be_in_buf|         array|
|conv5                                                                                         |   in|   16|     ap_none|                                                                                conv5|        scalar|
|inv_std                                                                                       |   in|   16|     ap_none|                                                                              inv_std|        scalar|
|w                                                                                             |   in|    4|     ap_none|                                                                                    w|        scalar|
|void_Universal_Engine_Kernel_ap_uint_const_ap_uint_const_ap_uint_const_ap_uin_9_address1      |  out|    8|   ap_memory|      void_Universal_Engine_Kernel_ap_uint_const_ap_uint_const_ap_uint_const_ap_uin_9|         array|
|void_Universal_Engine_Kernel_ap_uint_const_ap_uint_const_ap_uint_const_ap_uin_9_ce1           |  out|    1|   ap_memory|      void_Universal_Engine_Kernel_ap_uint_const_ap_uint_const_ap_uint_const_ap_uin_9|         array|
|void_Universal_Engine_Kernel_ap_uint_const_ap_uint_const_ap_uint_const_ap_uin_9_we1           |  out|    1|   ap_memory|      void_Universal_Engine_Kernel_ap_uint_const_ap_uint_const_ap_uint_const_ap_uin_9|         array|
|void_Universal_Engine_Kernel_ap_uint_const_ap_uint_const_ap_uint_const_ap_uin_9_d1            |  out|  256|   ap_memory|      void_Universal_Engine_Kernel_ap_uint_const_ap_uint_const_ap_uint_const_ap_uin_9|         array|
|void_Universal_Engine_Kernel_ap_uint_const_ap_uint_const_ap_uint_const_ap_uin_8_address1      |  out|    8|   ap_memory|      void_Universal_Engine_Kernel_ap_uint_const_ap_uint_const_ap_uint_const_ap_uin_8|         array|
|void_Universal_Engine_Kernel_ap_uint_const_ap_uint_const_ap_uint_const_ap_uin_8_ce1           |  out|    1|   ap_memory|      void_Universal_Engine_Kernel_ap_uint_const_ap_uint_const_ap_uint_const_ap_uin_8|         array|
|void_Universal_Engine_Kernel_ap_uint_const_ap_uint_const_ap_uint_const_ap_uin_8_we1           |  out|    1|   ap_memory|      void_Universal_Engine_Kernel_ap_uint_const_ap_uint_const_ap_uint_const_ap_uin_8|         array|
|void_Universal_Engine_Kernel_ap_uint_const_ap_uint_const_ap_uint_const_ap_uin_8_d1            |  out|  256|   ap_memory|      void_Universal_Engine_Kernel_ap_uint_const_ap_uint_const_ap_uint_const_ap_uin_8|         array|
|void_Universal_Engine_Kernel_ap_uint_const_ap_uint_const_ap_uint_const_ap_uin_7_address1      |  out|    8|   ap_memory|      void_Universal_Engine_Kernel_ap_uint_const_ap_uint_const_ap_uint_const_ap_uin_7|         array|
|void_Universal_Engine_Kernel_ap_uint_const_ap_uint_const_ap_uint_const_ap_uin_7_ce1           |  out|    1|   ap_memory|      void_Universal_Engine_Kernel_ap_uint_const_ap_uint_const_ap_uint_const_ap_uin_7|         array|
|void_Universal_Engine_Kernel_ap_uint_const_ap_uint_const_ap_uint_const_ap_uin_7_we1           |  out|    1|   ap_memory|      void_Universal_Engine_Kernel_ap_uint_const_ap_uint_const_ap_uint_const_ap_uin_7|         array|
|void_Universal_Engine_Kernel_ap_uint_const_ap_uint_const_ap_uint_const_ap_uin_7_d1            |  out|  256|   ap_memory|      void_Universal_Engine_Kernel_ap_uint_const_ap_uint_const_ap_uint_const_ap_uin_7|         array|
|void_Universal_Engine_Kernel_ap_uint_const_ap_uint_const_ap_uint_const_ap_uin_6_address1      |  out|    8|   ap_memory|      void_Universal_Engine_Kernel_ap_uint_const_ap_uint_const_ap_uint_const_ap_uin_6|         array|
|void_Universal_Engine_Kernel_ap_uint_const_ap_uint_const_ap_uint_const_ap_uin_6_ce1           |  out|    1|   ap_memory|      void_Universal_Engine_Kernel_ap_uint_const_ap_uint_const_ap_uint_const_ap_uin_6|         array|
|void_Universal_Engine_Kernel_ap_uint_const_ap_uint_const_ap_uint_const_ap_uin_6_we1           |  out|    1|   ap_memory|      void_Universal_Engine_Kernel_ap_uint_const_ap_uint_const_ap_uint_const_ap_uin_6|         array|
|void_Universal_Engine_Kernel_ap_uint_const_ap_uint_const_ap_uint_const_ap_uin_6_d1            |  out|  256|   ap_memory|      void_Universal_Engine_Kernel_ap_uint_const_ap_uint_const_ap_uint_const_ap_uin_6|         array|
|void_Universal_Engine_Kernel_ap_uint_const_ap_uint_const_ap_uint_const_ap_uin_5_address1      |  out|    8|   ap_memory|      void_Universal_Engine_Kernel_ap_uint_const_ap_uint_const_ap_uint_const_ap_uin_5|         array|
|void_Universal_Engine_Kernel_ap_uint_const_ap_uint_const_ap_uint_const_ap_uin_5_ce1           |  out|    1|   ap_memory|      void_Universal_Engine_Kernel_ap_uint_const_ap_uint_const_ap_uint_const_ap_uin_5|         array|
|void_Universal_Engine_Kernel_ap_uint_const_ap_uint_const_ap_uint_const_ap_uin_5_we1           |  out|    1|   ap_memory|      void_Universal_Engine_Kernel_ap_uint_const_ap_uint_const_ap_uint_const_ap_uin_5|         array|
|void_Universal_Engine_Kernel_ap_uint_const_ap_uint_const_ap_uint_const_ap_uin_5_d1            |  out|  256|   ap_memory|      void_Universal_Engine_Kernel_ap_uint_const_ap_uint_const_ap_uint_const_ap_uin_5|         array|
|void_Universal_Engine_Kernel_ap_uint_const_ap_uint_const_ap_uint_const_ap_uin_4_address1      |  out|    8|   ap_memory|      void_Universal_Engine_Kernel_ap_uint_const_ap_uint_const_ap_uint_const_ap_uin_4|         array|
|void_Universal_Engine_Kernel_ap_uint_const_ap_uint_const_ap_uint_const_ap_uin_4_ce1           |  out|    1|   ap_memory|      void_Universal_Engine_Kernel_ap_uint_const_ap_uint_const_ap_uint_const_ap_uin_4|         array|
|void_Universal_Engine_Kernel_ap_uint_const_ap_uint_const_ap_uint_const_ap_uin_4_we1           |  out|    1|   ap_memory|      void_Universal_Engine_Kernel_ap_uint_const_ap_uint_const_ap_uint_const_ap_uin_4|         array|
|void_Universal_Engine_Kernel_ap_uint_const_ap_uint_const_ap_uint_const_ap_uin_4_d1            |  out|  256|   ap_memory|      void_Universal_Engine_Kernel_ap_uint_const_ap_uint_const_ap_uint_const_ap_uin_4|         array|
|void_Universal_Engine_Kernel_ap_uint_const_ap_uint_const_ap_uint_const_ap_uin_3_address1      |  out|    8|   ap_memory|      void_Universal_Engine_Kernel_ap_uint_const_ap_uint_const_ap_uint_const_ap_uin_3|         array|
|void_Universal_Engine_Kernel_ap_uint_const_ap_uint_const_ap_uint_const_ap_uin_3_ce1           |  out|    1|   ap_memory|      void_Universal_Engine_Kernel_ap_uint_const_ap_uint_const_ap_uint_const_ap_uin_3|         array|
|void_Universal_Engine_Kernel_ap_uint_const_ap_uint_const_ap_uint_const_ap_uin_3_we1           |  out|    1|   ap_memory|      void_Universal_Engine_Kernel_ap_uint_const_ap_uint_const_ap_uint_const_ap_uin_3|         array|
|void_Universal_Engine_Kernel_ap_uint_const_ap_uint_const_ap_uint_const_ap_uin_3_d1            |  out|  256|   ap_memory|      void_Universal_Engine_Kernel_ap_uint_const_ap_uint_const_ap_uint_const_ap_uin_3|         array|
|void_Universal_Engine_Kernel_ap_uint_const_ap_uint_const_ap_uint_const_ap_uin_2_address1      |  out|    8|   ap_memory|      void_Universal_Engine_Kernel_ap_uint_const_ap_uint_const_ap_uint_const_ap_uin_2|         array|
|void_Universal_Engine_Kernel_ap_uint_const_ap_uint_const_ap_uint_const_ap_uin_2_ce1           |  out|    1|   ap_memory|      void_Universal_Engine_Kernel_ap_uint_const_ap_uint_const_ap_uint_const_ap_uin_2|         array|
|void_Universal_Engine_Kernel_ap_uint_const_ap_uint_const_ap_uint_const_ap_uin_2_we1           |  out|    1|   ap_memory|      void_Universal_Engine_Kernel_ap_uint_const_ap_uint_const_ap_uint_const_ap_uin_2|         array|
|void_Universal_Engine_Kernel_ap_uint_const_ap_uint_const_ap_uint_const_ap_uin_2_d1            |  out|  256|   ap_memory|      void_Universal_Engine_Kernel_ap_uint_const_ap_uint_const_ap_uint_const_ap_uin_2|         array|
|void_Universal_Engine_Kernel_ap_uint_const_ap_uint_const_ap_uint_const_ap_uin_1_address1      |  out|    8|   ap_memory|      void_Universal_Engine_Kernel_ap_uint_const_ap_uint_const_ap_uint_const_ap_uin_1|         array|
|void_Universal_Engine_Kernel_ap_uint_const_ap_uint_const_ap_uint_const_ap_uin_1_ce1           |  out|    1|   ap_memory|      void_Universal_Engine_Kernel_ap_uint_const_ap_uint_const_ap_uint_const_ap_uin_1|         array|
|void_Universal_Engine_Kernel_ap_uint_const_ap_uint_const_ap_uint_const_ap_uin_1_we1           |  out|    1|   ap_memory|      void_Universal_Engine_Kernel_ap_uint_const_ap_uint_const_ap_uint_const_ap_uin_1|         array|
|void_Universal_Engine_Kernel_ap_uint_const_ap_uint_const_ap_uint_const_ap_uin_1_d1            |  out|  256|   ap_memory|      void_Universal_Engine_Kernel_ap_uint_const_ap_uint_const_ap_uint_const_ap_uin_1|         array|
|void_Universal_Engine_Kernel_ap_uint_const_ap_uint_const_ap_uint_const_ap_uin_address1        |  out|    8|   ap_memory|        void_Universal_Engine_Kernel_ap_uint_const_ap_uint_const_ap_uint_const_ap_uin|         array|
|void_Universal_Engine_Kernel_ap_uint_const_ap_uint_const_ap_uint_const_ap_uin_ce1             |  out|    1|   ap_memory|        void_Universal_Engine_Kernel_ap_uint_const_ap_uint_const_ap_uint_const_ap_uin|         array|
|void_Universal_Engine_Kernel_ap_uint_const_ap_uint_const_ap_uint_const_ap_uin_we1             |  out|    1|   ap_memory|        void_Universal_Engine_Kernel_ap_uint_const_ap_uint_const_ap_uint_const_ap_uin|         array|
|void_Universal_Engine_Kernel_ap_uint_const_ap_uint_const_ap_uint_const_ap_uin_d1              |  out|  256|   ap_memory|        void_Universal_Engine_Kernel_ap_uint_const_ap_uint_const_ap_uint_const_ap_uin|         array|
|p_ZZL23Universal_Engine_KernelILi16EDhEvPK7ap_uintILi256EES3_S3_S3_S3_S3_S3_PS1_S_5_address1  |  out|    8|   ap_memory|  p_ZZL23Universal_Engine_KernelILi16EDhEvPK7ap_uintILi256EES3_S3_S3_S3_S3_S3_PS1_S_5|         array|
|p_ZZL23Universal_Engine_KernelILi16EDhEvPK7ap_uintILi256EES3_S3_S3_S3_S3_S3_PS1_S_5_ce1       |  out|    1|   ap_memory|  p_ZZL23Universal_Engine_KernelILi16EDhEvPK7ap_uintILi256EES3_S3_S3_S3_S3_S3_PS1_S_5|         array|
|p_ZZL23Universal_Engine_KernelILi16EDhEvPK7ap_uintILi256EES3_S3_S3_S3_S3_S3_PS1_S_5_we1       |  out|    1|   ap_memory|  p_ZZL23Universal_Engine_KernelILi16EDhEvPK7ap_uintILi256EES3_S3_S3_S3_S3_S3_PS1_S_5|         array|
|p_ZZL23Universal_Engine_KernelILi16EDhEvPK7ap_uintILi256EES3_S3_S3_S3_S3_S3_PS1_S_5_d1        |  out|  256|   ap_memory|  p_ZZL23Universal_Engine_KernelILi16EDhEvPK7ap_uintILi256EES3_S3_S3_S3_S3_S3_PS1_S_5|         array|
|p_ZZL23Universal_Engine_KernelILi16EDhEvPK7ap_uintILi256EES3_S3_S3_S3_S3_S3_PS1_S_4_address1  |  out|    8|   ap_memory|  p_ZZL23Universal_Engine_KernelILi16EDhEvPK7ap_uintILi256EES3_S3_S3_S3_S3_S3_PS1_S_4|         array|
|p_ZZL23Universal_Engine_KernelILi16EDhEvPK7ap_uintILi256EES3_S3_S3_S3_S3_S3_PS1_S_4_ce1       |  out|    1|   ap_memory|  p_ZZL23Universal_Engine_KernelILi16EDhEvPK7ap_uintILi256EES3_S3_S3_S3_S3_S3_PS1_S_4|         array|
|p_ZZL23Universal_Engine_KernelILi16EDhEvPK7ap_uintILi256EES3_S3_S3_S3_S3_S3_PS1_S_4_we1       |  out|    1|   ap_memory|  p_ZZL23Universal_Engine_KernelILi16EDhEvPK7ap_uintILi256EES3_S3_S3_S3_S3_S3_PS1_S_4|         array|
|p_ZZL23Universal_Engine_KernelILi16EDhEvPK7ap_uintILi256EES3_S3_S3_S3_S3_S3_PS1_S_4_d1        |  out|  256|   ap_memory|  p_ZZL23Universal_Engine_KernelILi16EDhEvPK7ap_uintILi256EES3_S3_S3_S3_S3_S3_PS1_S_4|         array|
|p_ZZL23Universal_Engine_KernelILi16EDhEvPK7ap_uintILi256EES3_S3_S3_S3_S3_S3_PS1_S_3_address1  |  out|    8|   ap_memory|  p_ZZL23Universal_Engine_KernelILi16EDhEvPK7ap_uintILi256EES3_S3_S3_S3_S3_S3_PS1_S_3|         array|
|p_ZZL23Universal_Engine_KernelILi16EDhEvPK7ap_uintILi256EES3_S3_S3_S3_S3_S3_PS1_S_3_ce1       |  out|    1|   ap_memory|  p_ZZL23Universal_Engine_KernelILi16EDhEvPK7ap_uintILi256EES3_S3_S3_S3_S3_S3_PS1_S_3|         array|
|p_ZZL23Universal_Engine_KernelILi16EDhEvPK7ap_uintILi256EES3_S3_S3_S3_S3_S3_PS1_S_3_we1       |  out|    1|   ap_memory|  p_ZZL23Universal_Engine_KernelILi16EDhEvPK7ap_uintILi256EES3_S3_S3_S3_S3_S3_PS1_S_3|         array|
|p_ZZL23Universal_Engine_KernelILi16EDhEvPK7ap_uintILi256EES3_S3_S3_S3_S3_S3_PS1_S_3_d1        |  out|  256|   ap_memory|  p_ZZL23Universal_Engine_KernelILi16EDhEvPK7ap_uintILi256EES3_S3_S3_S3_S3_S3_PS1_S_3|         array|
|p_ZZL23Universal_Engine_KernelILi16EDhEvPK7ap_uintILi256EES3_S3_S3_S3_S3_S3_PS1_S_2_address1  |  out|    8|   ap_memory|  p_ZZL23Universal_Engine_KernelILi16EDhEvPK7ap_uintILi256EES3_S3_S3_S3_S3_S3_PS1_S_2|         array|
|p_ZZL23Universal_Engine_KernelILi16EDhEvPK7ap_uintILi256EES3_S3_S3_S3_S3_S3_PS1_S_2_ce1       |  out|    1|   ap_memory|  p_ZZL23Universal_Engine_KernelILi16EDhEvPK7ap_uintILi256EES3_S3_S3_S3_S3_S3_PS1_S_2|         array|
|p_ZZL23Universal_Engine_KernelILi16EDhEvPK7ap_uintILi256EES3_S3_S3_S3_S3_S3_PS1_S_2_we1       |  out|    1|   ap_memory|  p_ZZL23Universal_Engine_KernelILi16EDhEvPK7ap_uintILi256EES3_S3_S3_S3_S3_S3_PS1_S_2|         array|
|p_ZZL23Universal_Engine_KernelILi16EDhEvPK7ap_uintILi256EES3_S3_S3_S3_S3_S3_PS1_S_2_d1        |  out|  256|   ap_memory|  p_ZZL23Universal_Engine_KernelILi16EDhEvPK7ap_uintILi256EES3_S3_S3_S3_S3_S3_PS1_S_2|         array|
|p_ZZL23Universal_Engine_KernelILi16EDhEvPK7ap_uintILi256EES3_S3_S3_S3_S3_S3_PS1_S_1_address1  |  out|    8|   ap_memory|  p_ZZL23Universal_Engine_KernelILi16EDhEvPK7ap_uintILi256EES3_S3_S3_S3_S3_S3_PS1_S_1|         array|
|p_ZZL23Universal_Engine_KernelILi16EDhEvPK7ap_uintILi256EES3_S3_S3_S3_S3_S3_PS1_S_1_ce1       |  out|    1|   ap_memory|  p_ZZL23Universal_Engine_KernelILi16EDhEvPK7ap_uintILi256EES3_S3_S3_S3_S3_S3_PS1_S_1|         array|
|p_ZZL23Universal_Engine_KernelILi16EDhEvPK7ap_uintILi256EES3_S3_S3_S3_S3_S3_PS1_S_1_we1       |  out|    1|   ap_memory|  p_ZZL23Universal_Engine_KernelILi16EDhEvPK7ap_uintILi256EES3_S3_S3_S3_S3_S3_PS1_S_1|         array|
|p_ZZL23Universal_Engine_KernelILi16EDhEvPK7ap_uintILi256EES3_S3_S3_S3_S3_S3_PS1_S_1_d1        |  out|  256|   ap_memory|  p_ZZL23Universal_Engine_KernelILi16EDhEvPK7ap_uintILi256EES3_S3_S3_S3_S3_S3_PS1_S_1|         array|
|p_ZZL23Universal_Engine_KernelILi16EDhEvPK7ap_uintILi256EES3_S3_S3_S3_S3_S3_PS1_S_address1    |  out|    8|   ap_memory|    p_ZZL23Universal_Engine_KernelILi16EDhEvPK7ap_uintILi256EES3_S3_S3_S3_S3_S3_PS1_S|         array|
|p_ZZL23Universal_Engine_KernelILi16EDhEvPK7ap_uintILi256EES3_S3_S3_S3_S3_S3_PS1_S_ce1         |  out|    1|   ap_memory|    p_ZZL23Universal_Engine_KernelILi16EDhEvPK7ap_uintILi256EES3_S3_S3_S3_S3_S3_PS1_S|         array|
|p_ZZL23Universal_Engine_KernelILi16EDhEvPK7ap_uintILi256EES3_S3_S3_S3_S3_S3_PS1_S_we1         |  out|    1|   ap_memory|    p_ZZL23Universal_Engine_KernelILi16EDhEvPK7ap_uintILi256EES3_S3_S3_S3_S3_S3_PS1_S|         array|
|p_ZZL23Universal_Engine_KernelILi16EDhEvPK7ap_uintILi256EES3_S3_S3_S3_S3_S3_PS1_S_d1          |  out|  256|   ap_memory|    p_ZZL23Universal_Engine_KernelILi16EDhEvPK7ap_uintILi256EES3_S3_S3_S3_S3_S3_PS1_S|         array|
+----------------------------------------------------------------------------------------------+-----+-----+------------+-------------------------------------------------------------------------------------+--------------+

