

================================================================
== Vitis HLS Report for 'Fused_Conv_CNorm_Act_16_16_16_half_Pipeline_PASS_B'
================================================================
* Date:           Wed Jul  1 20:47:30 2026

* Version:        2025.2 (Build 6295257 on Nov 14 2025)
* Project:        prj_mini
* Solution:       sol_mini (Vitis Kernel Flow Target)
* Product family: zynquplus
* Target device:  xczu7ev-ffvc1156-2-e


================================================================
== Performance Estimates
================================================================
+ Timing: 
    * Summary: 
    +--------+---------+----------+------------+
    |  Clock |  Target | Estimated| Uncertainty|
    +--------+---------+----------+------------+
    |ap_clk  |  3.33 ns|  2.433 ns|     0.90 ns|
    +--------+---------+----------+------------+

+ Latency: 
    * Summary: 
    +---------+---------+-----------+-----------+-----+-----+-------------------+
    |  Latency (cycles) |   Latency (absolute)  |  Interval |      Pipeline     |
    |   min   |   max   |    min    |    max    | min | max |        Type       |
    +---------+---------+-----------+-----------+-----+-----+-------------------+
    |       19|       19|  63.327 ns|  63.327 ns|    0|    0|  loop pipeline stp|
    +---------+---------+-----------+-----------+-----+-----+-------------------+

    + Detail: 
        * Instance: 
        N/A

        * Loop: 
        +----------+---------+---------+----------+-----------+-----------+------+----------+
        |          |  Latency (cycles) | Iteration|  Initiation Interval  | Trip |          |
        | Loop Name|   min   |   max   |  Latency |  achieved |   target  | Count| Pipelined|
        +----------+---------+---------+----------+-----------+-----------+------+----------+
        |- PASS_B  |       17|       17|         3|          1|          1|    16|       yes|
        +----------+---------+---------+----------+-----------+-----------+------+----------+



================================================================
== Utilization Estimates
================================================================
* Summary: 
+-----------------+---------+------+--------+--------+-----+
|       Name      | BRAM_18K|  DSP |   FF   |   LUT  | URAM|
+-----------------+---------+------+--------+--------+-----+
|DSP              |        -|     -|       -|       -|    -|
|Expression       |        -|     -|       0|     239|    -|
|FIFO             |        -|     -|       -|       -|    -|
|Instance         |        -|     -|       -|       -|    -|
|Memory           |        -|     -|       -|       -|    -|
|Multiplexer      |        -|     -|       0|      54|    -|
|Register         |        -|     -|     524|       -|    -|
+-----------------+---------+------+--------+--------+-----+
|Total            |        0|     0|     524|     293|    0|
+-----------------+---------+------+--------+--------+-----+
|Available        |      624|  1728|  460800|  230400|   96|
+-----------------+---------+------+--------+--------+-----+
|Utilization (%)  |        0|     0|      ~0|      ~0|    0|
+-----------------+---------+------+--------+--------+-----+

+ Detail: 
    * Instance: 
    N/A

    * DSP: 
    N/A

    * Memory: 
    N/A

    * FIFO: 
    N/A

    * Expression: 
    +---------------------------+----------+----+---+-----+------------+------------+
    |       Variable Name       | Operation| DSP| FF| LUT | Bitwidth P0| Bitwidth P1|
    +---------------------------+----------+----+---+-----+------------+------------+
    |add_ln385_fu_353_p2        |         +|   0|  0|   12|           5|           1|
    |ap_block_pp0_stage0_11001  |       and|   0|  0|    2|           1|           1|
    |ap_block_state3_io_grp1    |       and|   0|  0|    2|           1|           1|
    |icmp_ln385_fu_347_p2       |      icmp|   0|  0|   13|           5|           6|
    |select_ln385_fu_520_p3     |    select|   0|  0|  208|           1|           1|
    |ap_enable_pp0              |       xor|   0|  0|    2|           1|           2|
    +---------------------------+----------+----+---+-----+------------+------------+
    |Total                      |          |   0|  0|  239|          14|          12|
    +---------------------------+----------+----+---+-----+------------+------------+

    * Multiplexer: 
    +-------------------------+----+-----------+-----+-----------+
    |           Name          | LUT| Input Size| Bits| Total Bits|
    +-------------------------+----+-----------+-----+-----------+
    |ap_done_int              |   9|          2|    1|          2|
    |ap_enable_reg_pp0_iter1  |   9|          2|    1|          2|
    |ap_sig_allocacmp_pe_1    |   9|          2|    5|         10|
    |gmem_out_blk_n_W         |   9|          2|    1|          2|
    |pe_fu_104                |   9|          2|    5|         10|
    |phi_ln436_fu_100         |   9|          2|  256|        512|
    +-------------------------+----+-----------+-----+-----------+
    |Total                    |  54|         12|  269|        538|
    +-------------------------+----+-----------+-----+-----------+

    * Register: 
    +-----------------------------------+-----+----+-----+-----------+
    |                Name               |  FF | LUT| Bits| Const Bits|
    +-----------------------------------+-----+----+-----+-----------+
    |ap_CS_fsm                          |    1|   0|    1|          0|
    |ap_done_reg                        |    1|   0|    1|          0|
    |ap_enable_reg_pp0_iter1            |    1|   0|    1|          0|
    |ap_enable_reg_pp0_iter2            |    1|   0|    1|          0|
    |ap_loop_exit_ready_pp0_iter1_reg   |    1|   0|    1|          0|
    |pe_fu_104                          |    5|   0|    5|          0|
    |phi_ln436_fu_100                   |  256|   0|  256|          0|
    |trunc_ln385_reg_555                |    1|   0|    1|          0|
    |trunc_ln385_reg_555_pp0_iter1_reg  |    1|   0|    1|          0|
    |yvT_10_reg_690                     |   16|   0|   16|          0|
    |yvT_11_reg_695                     |   16|   0|   16|          0|
    |yvT_12_reg_700                     |   16|   0|   16|          0|
    |yvT_13_reg_705                     |   16|   0|   16|          0|
    |yvT_14_reg_710                     |   16|   0|   16|          0|
    |yvT_15_reg_715                     |   16|   0|   16|          0|
    |yvT_1_reg_645                      |   16|   0|   16|          0|
    |yvT_2_reg_650                      |   16|   0|   16|          0|
    |yvT_3_reg_655                      |   16|   0|   16|          0|
    |yvT_4_reg_660                      |   16|   0|   16|          0|
    |yvT_5_reg_665                      |   16|   0|   16|          0|
    |yvT_6_reg_670                      |   16|   0|   16|          0|
    |yvT_7_reg_675                      |   16|   0|   16|          0|
    |yvT_8_reg_680                      |   16|   0|   16|          0|
    |yvT_9_reg_685                      |   16|   0|   16|          0|
    |yvT_reg_640                        |   16|   0|   16|          0|
    +-----------------------------------+-----+----+-----+-----------+
    |Total                              |  524|   0|  524|          0|
    +-----------------------------------+-----+----+-----+-----------+



================================================================
== Interface
================================================================
* Summary: 
+---------------------------+-----+-----+------------+--------------------------------------------------------+--------------+
|         RTL Ports         | Dir | Bits|  Protocol  |                      Source Object                     |    C Type    |
+---------------------------+-----+-----+------------+--------------------------------------------------------+--------------+
|ap_clk                     |   in|    1|  ap_ctrl_hs|  Fused_Conv_CNorm_Act<16, 16, 16, half>_Pipeline_PASS_B|  return value|
|ap_rst                     |   in|    1|  ap_ctrl_hs|  Fused_Conv_CNorm_Act<16, 16, 16, half>_Pipeline_PASS_B|  return value|
|ap_start                   |   in|    1|  ap_ctrl_hs|  Fused_Conv_CNorm_Act<16, 16, 16, half>_Pipeline_PASS_B|  return value|
|ap_done                    |  out|    1|  ap_ctrl_hs|  Fused_Conv_CNorm_Act<16, 16, 16, half>_Pipeline_PASS_B|  return value|
|ap_idle                    |  out|    1|  ap_ctrl_hs|  Fused_Conv_CNorm_Act<16, 16, 16, half>_Pipeline_PASS_B|  return value|
|ap_ready                   |  out|    1|  ap_ctrl_hs|  Fused_Conv_CNorm_Act<16, 16, 16, half>_Pipeline_PASS_B|  return value|
|m_axi_gmem_out_0_AWVALID   |  out|    1|       m_axi|                                                gmem_out|       pointer|
|m_axi_gmem_out_0_AWREADY   |   in|    1|       m_axi|                                                gmem_out|       pointer|
|m_axi_gmem_out_0_AWADDR    |  out|   64|       m_axi|                                                gmem_out|       pointer|
|m_axi_gmem_out_0_AWID      |  out|    1|       m_axi|                                                gmem_out|       pointer|
|m_axi_gmem_out_0_AWLEN     |  out|   32|       m_axi|                                                gmem_out|       pointer|
|m_axi_gmem_out_0_AWSIZE    |  out|    3|       m_axi|                                                gmem_out|       pointer|
|m_axi_gmem_out_0_AWBURST   |  out|    2|       m_axi|                                                gmem_out|       pointer|
|m_axi_gmem_out_0_AWLOCK    |  out|    2|       m_axi|                                                gmem_out|       pointer|
|m_axi_gmem_out_0_AWCACHE   |  out|    4|       m_axi|                                                gmem_out|       pointer|
|m_axi_gmem_out_0_AWPROT    |  out|    3|       m_axi|                                                gmem_out|       pointer|
|m_axi_gmem_out_0_AWQOS     |  out|    4|       m_axi|                                                gmem_out|       pointer|
|m_axi_gmem_out_0_AWREGION  |  out|    4|       m_axi|                                                gmem_out|       pointer|
|m_axi_gmem_out_0_AWUSER    |  out|    1|       m_axi|                                                gmem_out|       pointer|
|m_axi_gmem_out_0_WVALID    |  out|    1|       m_axi|                                                gmem_out|       pointer|
|m_axi_gmem_out_0_WREADY    |   in|    1|       m_axi|                                                gmem_out|       pointer|
|m_axi_gmem_out_0_WDATA     |  out|  512|       m_axi|                                                gmem_out|       pointer|
|m_axi_gmem_out_0_WSTRB     |  out|   64|       m_axi|                                                gmem_out|       pointer|
|m_axi_gmem_out_0_WLAST     |  out|    1|       m_axi|                                                gmem_out|       pointer|
|m_axi_gmem_out_0_WID       |  out|    1|       m_axi|                                                gmem_out|       pointer|
|m_axi_gmem_out_0_WUSER     |  out|    1|       m_axi|                                                gmem_out|       pointer|
|m_axi_gmem_out_0_ARVALID   |  out|    1|       m_axi|                                                gmem_out|       pointer|
|m_axi_gmem_out_0_ARREADY   |   in|    1|       m_axi|                                                gmem_out|       pointer|
|m_axi_gmem_out_0_ARADDR    |  out|   64|       m_axi|                                                gmem_out|       pointer|
|m_axi_gmem_out_0_ARID      |  out|    1|       m_axi|                                                gmem_out|       pointer|
|m_axi_gmem_out_0_ARLEN     |  out|   32|       m_axi|                                                gmem_out|       pointer|
|m_axi_gmem_out_0_ARSIZE    |  out|    3|       m_axi|                                                gmem_out|       pointer|
|m_axi_gmem_out_0_ARBURST   |  out|    2|       m_axi|                                                gmem_out|       pointer|
|m_axi_gmem_out_0_ARLOCK    |  out|    2|       m_axi|                                                gmem_out|       pointer|
|m_axi_gmem_out_0_ARCACHE   |  out|    4|       m_axi|                                                gmem_out|       pointer|
|m_axi_gmem_out_0_ARPROT    |  out|    3|       m_axi|                                                gmem_out|       pointer|
|m_axi_gmem_out_0_ARQOS     |  out|    4|       m_axi|                                                gmem_out|       pointer|
|m_axi_gmem_out_0_ARREGION  |  out|    4|       m_axi|                                                gmem_out|       pointer|
|m_axi_gmem_out_0_ARUSER    |  out|    1|       m_axi|                                                gmem_out|       pointer|
|m_axi_gmem_out_0_RVALID    |   in|    1|       m_axi|                                                gmem_out|       pointer|
|m_axi_gmem_out_0_RREADY    |  out|    1|       m_axi|                                                gmem_out|       pointer|
|m_axi_gmem_out_0_RDATA     |   in|  512|       m_axi|                                                gmem_out|       pointer|
|m_axi_gmem_out_0_RLAST     |   in|    1|       m_axi|                                                gmem_out|       pointer|
|m_axi_gmem_out_0_RID       |   in|    1|       m_axi|                                                gmem_out|       pointer|
|m_axi_gmem_out_0_RFIFONUM  |   in|    9|       m_axi|                                                gmem_out|       pointer|
|m_axi_gmem_out_0_RUSER     |   in|    1|       m_axi|                                                gmem_out|       pointer|
|m_axi_gmem_out_0_RRESP     |   in|    2|       m_axi|                                                gmem_out|       pointer|
|m_axi_gmem_out_0_BVALID    |   in|    1|       m_axi|                                                gmem_out|       pointer|
|m_axi_gmem_out_0_BREADY    |  out|    1|       m_axi|                                                gmem_out|       pointer|
|m_axi_gmem_out_0_BRESP     |   in|    2|       m_axi|                                                gmem_out|       pointer|
|m_axi_gmem_out_0_BID       |   in|    1|       m_axi|                                                gmem_out|       pointer|
|m_axi_gmem_out_0_BUSER     |   in|    1|       m_axi|                                                gmem_out|       pointer|
|sext_ln184                 |   in|   58|     ap_none|                                              sext_ln184|        scalar|
|y_cache_16_address0        |  out|    4|   ap_memory|                                              y_cache_16|         array|
|y_cache_16_ce0             |  out|    1|   ap_memory|                                              y_cache_16|         array|
|y_cache_16_q0              |   in|   16|   ap_memory|                                              y_cache_16|         array|
|y_cache_16_1_address0      |  out|    4|   ap_memory|                                            y_cache_16_1|         array|
|y_cache_16_1_ce0           |  out|    1|   ap_memory|                                            y_cache_16_1|         array|
|y_cache_16_1_q0            |   in|   16|   ap_memory|                                            y_cache_16_1|         array|
|y_cache_16_2_address0      |  out|    4|   ap_memory|                                            y_cache_16_2|         array|
|y_cache_16_2_ce0           |  out|    1|   ap_memory|                                            y_cache_16_2|         array|
|y_cache_16_2_q0            |   in|   16|   ap_memory|                                            y_cache_16_2|         array|
|y_cache_16_3_address0      |  out|    4|   ap_memory|                                            y_cache_16_3|         array|
|y_cache_16_3_ce0           |  out|    1|   ap_memory|                                            y_cache_16_3|         array|
|y_cache_16_3_q0            |   in|   16|   ap_memory|                                            y_cache_16_3|         array|
|y_cache_16_4_address0      |  out|    4|   ap_memory|                                            y_cache_16_4|         array|
|y_cache_16_4_ce0           |  out|    1|   ap_memory|                                            y_cache_16_4|         array|
|y_cache_16_4_q0            |   in|   16|   ap_memory|                                            y_cache_16_4|         array|
|y_cache_16_5_address0      |  out|    4|   ap_memory|                                            y_cache_16_5|         array|
|y_cache_16_5_ce0           |  out|    1|   ap_memory|                                            y_cache_16_5|         array|
|y_cache_16_5_q0            |   in|   16|   ap_memory|                                            y_cache_16_5|         array|
|y_cache_16_6_address0      |  out|    4|   ap_memory|                                            y_cache_16_6|         array|
|y_cache_16_6_ce0           |  out|    1|   ap_memory|                                            y_cache_16_6|         array|
|y_cache_16_6_q0            |   in|   16|   ap_memory|                                            y_cache_16_6|         array|
|y_cache_16_7_address0      |  out|    4|   ap_memory|                                            y_cache_16_7|         array|
|y_cache_16_7_ce0           |  out|    1|   ap_memory|                                            y_cache_16_7|         array|
|y_cache_16_7_q0            |   in|   16|   ap_memory|                                            y_cache_16_7|         array|
|y_cache_16_8_address0      |  out|    4|   ap_memory|                                            y_cache_16_8|         array|
|y_cache_16_8_ce0           |  out|    1|   ap_memory|                                            y_cache_16_8|         array|
|y_cache_16_8_q0            |   in|   16|   ap_memory|                                            y_cache_16_8|         array|
|y_cache_16_9_address0      |  out|    4|   ap_memory|                                            y_cache_16_9|         array|
|y_cache_16_9_ce0           |  out|    1|   ap_memory|                                            y_cache_16_9|         array|
|y_cache_16_9_q0            |   in|   16|   ap_memory|                                            y_cache_16_9|         array|
|y_cache_16_10_address0     |  out|    4|   ap_memory|                                           y_cache_16_10|         array|
|y_cache_16_10_ce0          |  out|    1|   ap_memory|                                           y_cache_16_10|         array|
|y_cache_16_10_q0           |   in|   16|   ap_memory|                                           y_cache_16_10|         array|
|y_cache_16_11_address0     |  out|    4|   ap_memory|                                           y_cache_16_11|         array|
|y_cache_16_11_ce0          |  out|    1|   ap_memory|                                           y_cache_16_11|         array|
|y_cache_16_11_q0           |   in|   16|   ap_memory|                                           y_cache_16_11|         array|
|y_cache_16_12_address0     |  out|    4|   ap_memory|                                           y_cache_16_12|         array|
|y_cache_16_12_ce0          |  out|    1|   ap_memory|                                           y_cache_16_12|         array|
|y_cache_16_12_q0           |   in|   16|   ap_memory|                                           y_cache_16_12|         array|
|y_cache_16_13_address0     |  out|    4|   ap_memory|                                           y_cache_16_13|         array|
|y_cache_16_13_ce0          |  out|    1|   ap_memory|                                           y_cache_16_13|         array|
|y_cache_16_13_q0           |   in|   16|   ap_memory|                                           y_cache_16_13|         array|
|y_cache_16_14_address0     |  out|    4|   ap_memory|                                           y_cache_16_14|         array|
|y_cache_16_14_ce0          |  out|    1|   ap_memory|                                           y_cache_16_14|         array|
|y_cache_16_14_q0           |   in|   16|   ap_memory|                                           y_cache_16_14|         array|
|y_cache_16_15_address0     |  out|    4|   ap_memory|                                           y_cache_16_15|         array|
|y_cache_16_15_ce0          |  out|    1|   ap_memory|                                           y_cache_16_15|         array|
|y_cache_16_15_q0           |   in|   16|   ap_memory|                                           y_cache_16_15|         array|
+---------------------------+-----+-----+------------+--------------------------------------------------------+--------------+

