

================================================================
== Vitis HLS Report for 'ChannelNorm_Kernel_16_1_16_16_half_s'
================================================================
* Date:           Tue Apr 14 09:38:39 2026

* Version:        2024.2 (Build 5238294 on Nov  8 2024)
* Project:        prj
* Solution:       solution1 (Vitis Kernel Flow Target)
* Product family: zynquplus
* Target device:  xczu7ev-ffvc1156-2-e


================================================================
== Performance Estimates
================================================================
+ Timing: 
    * Summary: 
    +--------+---------+----------+------------+
    |  Clock |  Target | Estimated| Uncertainty|
    +--------+---------+----------+------------+
    |ap_clk  |  3.33 ns|  2.433 ns|     0.90 ns|
    +--------+---------+----------+------------+

+ Latency: 
    * Summary: 
    +---------+---------+----------+----------+-----+-----+---------+
    |  Latency (cycles) |  Latency (absolute) |  Interval | Pipeline|
    |   min   |   max   |    min   |    max   | min | max |   Type  |
    +---------+---------+----------+----------+-----+-----+---------+
    |      701|      701|  2.336 us|  2.336 us|  701|  701|       no|
    +---------+---------+----------+----------+-----+-----+---------+

    + Detail: 
        * Instance: 
        +-------------------------------------------------------------------------------------+--------------------------------------------------------------------------+---------+---------+----------+----------+-----+-----+------------------------------------------------+
        |                                                                                     |                                                                          |  Latency (cycles) |  Latency (absolute) |  Interval |                    Pipeline                    |
        |                                       Instance                                      |                                  Module                                  |   min   |   max   |    min   |    max   | min | max |                      Type                      |
        +-------------------------------------------------------------------------------------+--------------------------------------------------------------------------+---------+---------+----------+----------+-----+-----+------------------------------------------------+
        |grp_ChannelNorm_Kernel_16_1_16_16_half_Pipeline_Spatial_loop_VITIS_LOOP_37_1_fu_131  |ChannelNorm_Kernel_16_1_16_16_half_Pipeline_Spatial_loop_VITIS_LOOP_37_1  |      561|      561|  1.870 us|  1.870 us|  257|  257|  loop auto-rewind stp (delay=0 clock cycles(s))|
        +-------------------------------------------------------------------------------------+--------------------------------------------------------------------------+---------+---------+----------+----------+-----+-----+------------------------------------------------+

        * Loop: 
        N/A



================================================================
== Utilization Estimates
================================================================
* Summary: 
+-----------------+---------+------+--------+--------+-----+
|       Name      | BRAM_18K|  DSP |   FF   |   LUT  | URAM|
+-----------------+---------+------+--------+--------+-----+
|DSP              |        -|     -|       -|       -|    -|
|Expression       |        -|     -|       -|       -|    -|
|FIFO             |        -|     -|       -|       -|    -|
|Instance         |        -|   288|   33960|   18190|    -|
|Memory           |        -|     -|       -|       -|    -|
|Multiplexer      |        -|     -|       0|    1081|    -|
|Register         |        -|     -|     802|       -|    -|
+-----------------+---------+------+--------+--------+-----+
|Total            |        0|   288|   34762|   19271|    0|
+-----------------+---------+------+--------+--------+-----+
|Available        |      624|  1728|  460800|  230400|   96|
+-----------------+---------+------+--------+--------+-----+
|Utilization (%)  |        0|    16|       7|       8|    0|
+-----------------+---------+------+--------+--------+-----+

+ Detail: 
    * Instance: 
    +-------------------------------------------------------------------------------------+--------------------------------------------------------------------------+---------+-----+-------+-------+-----+
    |                                       Instance                                      |                                  Module                                  | BRAM_18K| DSP |   FF  |  LUT  | URAM|
    +-------------------------------------------------------------------------------------+--------------------------------------------------------------------------+---------+-----+-------+-------+-----+
    |grp_ChannelNorm_Kernel_16_1_16_16_half_Pipeline_Spatial_loop_VITIS_LOOP_37_1_fu_131  |ChannelNorm_Kernel_16_1_16_16_half_Pipeline_Spatial_loop_VITIS_LOOP_37_1  |        0|  288|  33960|  18190|    0|
    |hptosp_16ns_32_2_no_dsp_1_U202                                                       |hptosp_16ns_32_2_no_dsp_1                                                 |        0|    0|      0|      0|    0|
    +-------------------------------------------------------------------------------------+--------------------------------------------------------------------------+---------+-----+-------+-------+-----+
    |Total                                                                                |                                                                          |        0|  288|  33960|  18190|    0|
    +-------------------------------------------------------------------------------------+--------------------------------------------------------------------------+---------+-----+-------+-------+-----+

    * DSP: 
    N/A

    * Memory: 
    N/A

    * FIFO: 
    N/A

    * Expression: 
    N/A

    * Multiplexer: 
    +------------------------+-----+-----------+-----+-----------+
    |          Name          | LUT | Input Size| Bits| Total Bits|
    +------------------------+-----+-----------+-----+-----------+
    |ap_NS_fsm               |  748|        142|    1|        142|
    |gmem0_blk_n_AR          |    9|          2|    1|          2|
    |gmem3_blk_n_AW          |    9|          2|    1|          2|
    |gmem3_blk_n_B           |    9|          2|    1|          2|
    |grp_fu_174_ce           |   14|          3|    1|          3|
    |grp_fu_174_p0           |   14|          3|   16|         48|
    |m_axi_gmem0_0_ARADDR    |   14|          3|   64|        192|
    |m_axi_gmem0_0_ARBURST   |    9|          2|    2|          4|
    |m_axi_gmem0_0_ARCACHE   |    9|          2|    4|          8|
    |m_axi_gmem0_0_ARID      |    9|          2|    1|          2|
    |m_axi_gmem0_0_ARLEN     |   14|          3|   32|         96|
    |m_axi_gmem0_0_ARLOCK    |    9|          2|    2|          4|
    |m_axi_gmem0_0_ARPROT    |    9|          2|    3|          6|
    |m_axi_gmem0_0_ARQOS     |    9|          2|    4|          8|
    |m_axi_gmem0_0_ARREGION  |    9|          2|    4|          8|
    |m_axi_gmem0_0_ARSIZE    |    9|          2|    3|          6|
    |m_axi_gmem0_0_ARUSER    |    9|          2|    1|          2|
    |m_axi_gmem0_0_ARVALID   |   14|          3|    1|          3|
    |m_axi_gmem0_0_RREADY    |    9|          2|    1|          2|
    |m_axi_gmem3_0_AWADDR    |   14|          3|   64|        192|
    |m_axi_gmem3_0_AWBURST   |    9|          2|    2|          4|
    |m_axi_gmem3_0_AWCACHE   |    9|          2|    4|          8|
    |m_axi_gmem3_0_AWID      |    9|          2|    1|          2|
    |m_axi_gmem3_0_AWLEN     |   14|          3|   32|         96|
    |m_axi_gmem3_0_AWLOCK    |    9|          2|    2|          4|
    |m_axi_gmem3_0_AWPROT    |    9|          2|    3|          6|
    |m_axi_gmem3_0_AWQOS     |    9|          2|    4|          8|
    |m_axi_gmem3_0_AWREGION  |    9|          2|    4|          8|
    |m_axi_gmem3_0_AWSIZE    |    9|          2|    3|          6|
    |m_axi_gmem3_0_AWUSER    |    9|          2|    1|          2|
    |m_axi_gmem3_0_AWVALID   |   14|          3|    1|          3|
    |m_axi_gmem3_0_BREADY    |   14|          3|    1|          3|
    |m_axi_gmem3_0_WVALID    |    9|          2|    1|          2|
    +------------------------+-----+-----------+-----+-----------+
    |Total                   | 1081|        215|  266|        884|
    +------------------------+-----+-----------+-----+-----------+

    * Register: 
    +--------------------------------------------------------------------------------------------------+-----+----+-----+-----------+
    |                                               Name                                               |  FF | LUT| Bits| Const Bits|
    +--------------------------------------------------------------------------------------------------+-----+----+-----+-----------+
    |ap_CS_fsm                                                                                         |  141|   0|  141|          0|
    |beta_10_reg_763                                                                                   |   16|   0|   16|          0|
    |beta_11_reg_773                                                                                   |   16|   0|   16|          0|
    |beta_12_reg_783                                                                                   |   16|   0|   16|          0|
    |beta_13_reg_793                                                                                   |   16|   0|   16|          0|
    |beta_14_reg_803                                                                                   |   16|   0|   16|          0|
    |beta_15_reg_813                                                                                   |   16|   0|   16|          0|
    |beta_1_reg_673                                                                                    |   16|   0|   16|          0|
    |beta_2_reg_683                                                                                    |   16|   0|   16|          0|
    |beta_3_reg_693                                                                                    |   16|   0|   16|          0|
    |beta_4_reg_703                                                                                    |   16|   0|   16|          0|
    |beta_5_reg_713                                                                                    |   16|   0|   16|          0|
    |beta_6_reg_723                                                                                    |   16|   0|   16|          0|
    |beta_7_reg_733                                                                                    |   16|   0|   16|          0|
    |beta_8_reg_743                                                                                    |   16|   0|   16|          0|
    |beta_9_reg_753                                                                                    |   16|   0|   16|          0|
    |beta_reg_663                                                                                      |   16|   0|   16|          0|
    |conv1_reg_643                                                                                     |   32|   0|   32|          0|
    |gamma_10_reg_758                                                                                  |   16|   0|   16|          0|
    |gamma_11_reg_768                                                                                  |   16|   0|   16|          0|
    |gamma_12_reg_778                                                                                  |   16|   0|   16|          0|
    |gamma_13_reg_788                                                                                  |   16|   0|   16|          0|
    |gamma_14_reg_798                                                                                  |   16|   0|   16|          0|
    |gamma_15_reg_808                                                                                  |   16|   0|   16|          0|
    |gamma_1_reg_668                                                                                   |   16|   0|   16|          0|
    |gamma_2_reg_678                                                                                   |   16|   0|   16|          0|
    |gamma_3_reg_688                                                                                   |   16|   0|   16|          0|
    |gamma_4_reg_698                                                                                   |   16|   0|   16|          0|
    |gamma_5_reg_708                                                                                   |   16|   0|   16|          0|
    |gamma_6_reg_718                                                                                   |   16|   0|   16|          0|
    |gamma_7_reg_728                                                                                   |   16|   0|   16|          0|
    |gamma_8_reg_738                                                                                   |   16|   0|   16|          0|
    |gamma_9_reg_748                                                                                   |   16|   0|   16|          0|
    |gamma_reg_658                                                                                     |   16|   0|   16|          0|
    |grp_ChannelNorm_Kernel_16_1_16_16_half_Pipeline_Spatial_loop_VITIS_LOOP_37_1_fu_131_ap_start_reg  |    1|   0|    1|          0|
    |trunc_ln36_1_reg_648                                                                              |   58|   0|   58|          0|
    |trunc_ln_reg_628                                                                                  |   58|   0|   58|          0|
    +--------------------------------------------------------------------------------------------------+-----+----+-----+-----------+
    |Total                                                                                             |  802|   0|  802|          0|
    +--------------------------------------------------------------------------------------------------+-----+----+-----+-----------+



================================================================
== Interface
================================================================
* Summary: 
+------------------------+-----+-----+------------+-----------------------------------------+--------------+
|        RTL Ports       | Dir | Bits|  Protocol  |              Source Object              |    C Type    |
+------------------------+-----+-----+------------+-----------------------------------------+--------------+
|ap_clk                  |   in|    1|  ap_ctrl_hs|  ChannelNorm_Kernel<16, 1, 16, 16, half>|  return value|
|ap_rst                  |   in|    1|  ap_ctrl_hs|  ChannelNorm_Kernel<16, 1, 16, 16, half>|  return value|
|ap_start                |   in|    1|  ap_ctrl_hs|  ChannelNorm_Kernel<16, 1, 16, 16, half>|  return value|
|ap_done                 |  out|    1|  ap_ctrl_hs|  ChannelNorm_Kernel<16, 1, 16, 16, half>|  return value|
|ap_idle                 |  out|    1|  ap_ctrl_hs|  ChannelNorm_Kernel<16, 1, 16, 16, half>|  return value|
|ap_ready                |  out|    1|  ap_ctrl_hs|  ChannelNorm_Kernel<16, 1, 16, 16, half>|  return value|
|m_axi_gmem0_0_AWVALID   |  out|    1|       m_axi|                                    gmem0|       pointer|
|m_axi_gmem0_0_AWREADY   |   in|    1|       m_axi|                                    gmem0|       pointer|
|m_axi_gmem0_0_AWADDR    |  out|   64|       m_axi|                                    gmem0|       pointer|
|m_axi_gmem0_0_AWID      |  out|    1|       m_axi|                                    gmem0|       pointer|
|m_axi_gmem0_0_AWLEN     |  out|   32|       m_axi|                                    gmem0|       pointer|
|m_axi_gmem0_0_AWSIZE    |  out|    3|       m_axi|                                    gmem0|       pointer|
|m_axi_gmem0_0_AWBURST   |  out|    2|       m_axi|                                    gmem0|       pointer|
|m_axi_gmem0_0_AWLOCK    |  out|    2|       m_axi|                                    gmem0|       pointer|
|m_axi_gmem0_0_AWCACHE   |  out|    4|       m_axi|                                    gmem0|       pointer|
|m_axi_gmem0_0_AWPROT    |  out|    3|       m_axi|                                    gmem0|       pointer|
|m_axi_gmem0_0_AWQOS     |  out|    4|       m_axi|                                    gmem0|       pointer|
|m_axi_gmem0_0_AWREGION  |  out|    4|       m_axi|                                    gmem0|       pointer|
|m_axi_gmem0_0_AWUSER    |  out|    1|       m_axi|                                    gmem0|       pointer|
|m_axi_gmem0_0_WVALID    |  out|    1|       m_axi|                                    gmem0|       pointer|
|m_axi_gmem0_0_WREADY    |   in|    1|       m_axi|                                    gmem0|       pointer|
|m_axi_gmem0_0_WDATA     |  out|  512|       m_axi|                                    gmem0|       pointer|
|m_axi_gmem0_0_WSTRB     |  out|   64|       m_axi|                                    gmem0|       pointer|
|m_axi_gmem0_0_WLAST     |  out|    1|       m_axi|                                    gmem0|       pointer|
|m_axi_gmem0_0_WID       |  out|    1|       m_axi|                                    gmem0|       pointer|
|m_axi_gmem0_0_WUSER     |  out|    1|       m_axi|                                    gmem0|       pointer|
|m_axi_gmem0_0_ARVALID   |  out|    1|       m_axi|                                    gmem0|       pointer|
|m_axi_gmem0_0_ARREADY   |   in|    1|       m_axi|                                    gmem0|       pointer|
|m_axi_gmem0_0_ARADDR    |  out|   64|       m_axi|                                    gmem0|       pointer|
|m_axi_gmem0_0_ARID      |  out|    1|       m_axi|                                    gmem0|       pointer|
|m_axi_gmem0_0_ARLEN     |  out|   32|       m_axi|                                    gmem0|       pointer|
|m_axi_gmem0_0_ARSIZE    |  out|    3|       m_axi|                                    gmem0|       pointer|
|m_axi_gmem0_0_ARBURST   |  out|    2|       m_axi|                                    gmem0|       pointer|
|m_axi_gmem0_0_ARLOCK    |  out|    2|       m_axi|                                    gmem0|       pointer|
|m_axi_gmem0_0_ARCACHE   |  out|    4|       m_axi|                                    gmem0|       pointer|
|m_axi_gmem0_0_ARPROT    |  out|    3|       m_axi|                                    gmem0|       pointer|
|m_axi_gmem0_0_ARQOS     |  out|    4|       m_axi|                                    gmem0|       pointer|
|m_axi_gmem0_0_ARREGION  |  out|    4|       m_axi|                                    gmem0|       pointer|
|m_axi_gmem0_0_ARUSER    |  out|    1|       m_axi|                                    gmem0|       pointer|
|m_axi_gmem0_0_RVALID    |   in|    1|       m_axi|                                    gmem0|       pointer|
|m_axi_gmem0_0_RREADY    |  out|    1|       m_axi|                                    gmem0|       pointer|
|m_axi_gmem0_0_RDATA     |   in|  512|       m_axi|                                    gmem0|       pointer|
|m_axi_gmem0_0_RLAST     |   in|    1|       m_axi|                                    gmem0|       pointer|
|m_axi_gmem0_0_RID       |   in|    1|       m_axi|                                    gmem0|       pointer|
|m_axi_gmem0_0_RFIFONUM  |   in|   13|       m_axi|                                    gmem0|       pointer|
|m_axi_gmem0_0_RUSER     |   in|    1|       m_axi|                                    gmem0|       pointer|
|m_axi_gmem0_0_RRESP     |   in|    2|       m_axi|                                    gmem0|       pointer|
|m_axi_gmem0_0_BVALID    |   in|    1|       m_axi|                                    gmem0|       pointer|
|m_axi_gmem0_0_BREADY    |  out|    1|       m_axi|                                    gmem0|       pointer|
|m_axi_gmem0_0_BRESP     |   in|    2|       m_axi|                                    gmem0|       pointer|
|m_axi_gmem0_0_BID       |   in|    1|       m_axi|                                    gmem0|       pointer|
|m_axi_gmem0_0_BUSER     |   in|    1|       m_axi|                                    gmem0|       pointer|
|X_ptr                   |   in|   64|     ap_none|                                    X_ptr|        scalar|
|G_ptr_val               |   in|  256|     ap_none|                                G_ptr_val|        scalar|
|B_ptr_val               |   in|  256|     ap_none|                                B_ptr_val|        scalar|
|epsilon                 |   in|   16|     ap_none|                                  epsilon|        scalar|
|m_axi_gmem3_0_AWVALID   |  out|    1|       m_axi|                                    gmem3|       pointer|
|m_axi_gmem3_0_AWREADY   |   in|    1|       m_axi|                                    gmem3|       pointer|
|m_axi_gmem3_0_AWADDR    |  out|   64|       m_axi|                                    gmem3|       pointer|
|m_axi_gmem3_0_AWID      |  out|    1|       m_axi|                                    gmem3|       pointer|
|m_axi_gmem3_0_AWLEN     |  out|   32|       m_axi|                                    gmem3|       pointer|
|m_axi_gmem3_0_AWSIZE    |  out|    3|       m_axi|                                    gmem3|       pointer|
|m_axi_gmem3_0_AWBURST   |  out|    2|       m_axi|                                    gmem3|       pointer|
|m_axi_gmem3_0_AWLOCK    |  out|    2|       m_axi|                                    gmem3|       pointer|
|m_axi_gmem3_0_AWCACHE   |  out|    4|       m_axi|                                    gmem3|       pointer|
|m_axi_gmem3_0_AWPROT    |  out|    3|       m_axi|                                    gmem3|       pointer|
|m_axi_gmem3_0_AWQOS     |  out|    4|       m_axi|                                    gmem3|       pointer|
|m_axi_gmem3_0_AWREGION  |  out|    4|       m_axi|                                    gmem3|       pointer|
|m_axi_gmem3_0_AWUSER    |  out|    1|       m_axi|                                    gmem3|       pointer|
|m_axi_gmem3_0_WVALID    |  out|    1|       m_axi|                                    gmem3|       pointer|
|m_axi_gmem3_0_WREADY    |   in|    1|       m_axi|                                    gmem3|       pointer|
|m_axi_gmem3_0_WDATA     |  out|  512|       m_axi|                                    gmem3|       pointer|
|m_axi_gmem3_0_WSTRB     |  out|   64|       m_axi|                                    gmem3|       pointer|
|m_axi_gmem3_0_WLAST     |  out|    1|       m_axi|                                    gmem3|       pointer|
|m_axi_gmem3_0_WID       |  out|    1|       m_axi|                                    gmem3|       pointer|
|m_axi_gmem3_0_WUSER     |  out|    1|       m_axi|                                    gmem3|       pointer|
|m_axi_gmem3_0_ARVALID   |  out|    1|       m_axi|                                    gmem3|       pointer|
|m_axi_gmem3_0_ARREADY   |   in|    1|       m_axi|                                    gmem3|       pointer|
|m_axi_gmem3_0_ARADDR    |  out|   64|       m_axi|                                    gmem3|       pointer|
|m_axi_gmem3_0_ARID      |  out|    1|       m_axi|                                    gmem3|       pointer|
|m_axi_gmem3_0_ARLEN     |  out|   32|       m_axi|                                    gmem3|       pointer|
|m_axi_gmem3_0_ARSIZE    |  out|    3|       m_axi|                                    gmem3|       pointer|
|m_axi_gmem3_0_ARBURST   |  out|    2|       m_axi|                                    gmem3|       pointer|
|m_axi_gmem3_0_ARLOCK    |  out|    2|       m_axi|                                    gmem3|       pointer|
|m_axi_gmem3_0_ARCACHE   |  out|    4|       m_axi|                                    gmem3|       pointer|
|m_axi_gmem3_0_ARPROT    |  out|    3|       m_axi|                                    gmem3|       pointer|
|m_axi_gmem3_0_ARQOS     |  out|    4|       m_axi|                                    gmem3|       pointer|
|m_axi_gmem3_0_ARREGION  |  out|    4|       m_axi|                                    gmem3|       pointer|
|m_axi_gmem3_0_ARUSER    |  out|    1|       m_axi|                                    gmem3|       pointer|
|m_axi_gmem3_0_RVALID    |   in|    1|       m_axi|                                    gmem3|       pointer|
|m_axi_gmem3_0_RREADY    |  out|    1|       m_axi|                                    gmem3|       pointer|
|m_axi_gmem3_0_RDATA     |   in|  512|       m_axi|                                    gmem3|       pointer|
|m_axi_gmem3_0_RLAST     |   in|    1|       m_axi|                                    gmem3|       pointer|
|m_axi_gmem3_0_RID       |   in|    1|       m_axi|                                    gmem3|       pointer|
|m_axi_gmem3_0_RFIFONUM  |   in|    9|       m_axi|                                    gmem3|       pointer|
|m_axi_gmem3_0_RUSER     |   in|    1|       m_axi|                                    gmem3|       pointer|
|m_axi_gmem3_0_RRESP     |   in|    2|       m_axi|                                    gmem3|       pointer|
|m_axi_gmem3_0_BVALID    |   in|    1|       m_axi|                                    gmem3|       pointer|
|m_axi_gmem3_0_BREADY    |  out|    1|       m_axi|                                    gmem3|       pointer|
|m_axi_gmem3_0_BRESP     |   in|    2|       m_axi|                                    gmem3|       pointer|
|m_axi_gmem3_0_BID       |   in|    1|       m_axi|                                    gmem3|       pointer|
|m_axi_gmem3_0_BUSER     |   in|    1|       m_axi|                                    gmem3|       pointer|
|Y_ptr                   |   in|   64|     ap_none|                                    Y_ptr|        scalar|
+------------------------+-----+-----+------------+-----------------------------------------+--------------+

