Copyright 1986-2022 Xilinx, Inc. All Rights Reserved. Copyright 2022-2024 Advanced Micro Devices, Inc. All Rights Reserved.
--------------------------------------------------------------------------------------------------------------------------------------------------------------------------------------------------------------------------------------
| Tool Version      : Vivado v.2024.2 (lin64) Build 5239630 Fri Nov 08 22:34:34 MST 2024
| Date              : Sun Jan 11 15:57:15 2026
| Host              : RimuruLenovo running 64-bit Ubuntu 24.04.3 LTS
| Command           : report_timing_summary -max_paths 10 -report_unconstrained -file bd_0_wrapper_timing_summary_routed.rpt -pb bd_0_wrapper_timing_summary_routed.pb -rpx bd_0_wrapper_timing_summary_routed.rpx -warn_on_violation
| Design            : bd_0_wrapper
| Device            : xczu7ev-ffvc1156
| Speed File        : -2  PRODUCTION 1.30 05-15-2022
| Design State      : Routed
| Temperature Grade : E
--------------------------------------------------------------------------------------------------------------------------------------------------------------------------------------------------------------------------------------

Timing Summary Report

------------------------------------------------------------------------------------------------
| Timer Settings
| --------------
------------------------------------------------------------------------------------------------

  Enable Multi Corner Analysis               :  Yes
  Enable Pessimism Removal                   :  Yes
  Pessimism Removal Resolution               :  Nearest Common Node
  Enable Input Delay Default Clock           :  No
  Enable Preset / Clear Arcs                 :  No
  Disable Flight Delays                      :  No
  Ignore I/O Paths                           :  No
  Timing Early Launch at Borrowing Latches   :  No
  Borrow Time for Max Delay Exceptions       :  Yes
  Merge Timing Exceptions                    :  Yes
  Inter-SLR Compensation                     :  Conservative

  Corner  Analyze    Analyze    
  Name    Max Paths  Min Paths  
  ------  ---------  ---------  
  Slow    Yes        Yes        
  Fast    Yes        Yes        


------------------------------------------------------------------------------------------------
| Report Methodology
| ------------------
------------------------------------------------------------------------------------------------

Rule       Severity          Description                  Violations  
---------  ----------------  ---------------------------  ----------  
TIMING-17  Critical Warning  Non-clocked sequential cell  148         

Note: This report is based on the most recent report_methodology run and may not be up-to-date. Run report_methodology on the current design for the latest report.



check_timing report

Table of Contents
-----------------
1. checking no_clock (148)
2. checking constant_clock (0)
3. checking pulse_width_clock (0)
4. checking unconstrained_internal_endpoints (421)
5. checking no_input_delay (0)
6. checking no_output_delay (0)
7. checking multiple_clock (0)
8. checking generated_clocks (0)
9. checking loops (0)
10. checking partial_input_delay (55)
11. checking partial_output_delay (0)
12. checking latch_loops (0)

1. checking no_clock (148)
--------------------------
 There are 148 register/latch pins with no clock driven by root clock pin: ap_clk (HIGH)


2. checking constant_clock (0)
------------------------------
 There are 0 register/latch pins with constant_clock.


3. checking pulse_width_clock (0)
---------------------------------
 There are 0 register/latch pins which need pulse_width check


4. checking unconstrained_internal_endpoints (421)
--------------------------------------------------
 There are 421 pins that are not constrained for maximum delay. (HIGH)

 There are 0 pins that are not constrained for maximum delay due to constant clock.


5. checking no_input_delay (0)
------------------------------
 There are 0 input ports with no input delay specified.

 There are 0 input ports with no input delay but user has a false path constraint.


6. checking no_output_delay (0)
-------------------------------
 There are 0 ports with no output delay specified.

 There are 0 ports with no output delay but user has a false path constraint

 There are 0 ports with no output delay but with a timing clock defined on it or propagating through it


7. checking multiple_clock (0)
------------------------------
 There are 0 register/latch pins with multiple clocks.


8. checking generated_clocks (0)
--------------------------------
 There are 0 generated clocks that are not connected to a clock source.


9. checking loops (0)
---------------------
 There are 0 combinational loops in the design.


10. checking partial_input_delay (55)
-------------------------------------
 There are 55 input ports with partial input delay specified. (HIGH)


11. checking partial_output_delay (0)
-------------------------------------
 There are 0 ports with partial output delay specified.


12. checking latch_loops (0)
----------------------------
 There are 0 combinational latch loops in the design through latch input



------------------------------------------------------------------------------------------------
| Design Timing Summary
| ---------------------
------------------------------------------------------------------------------------------------

    WNS(ns)      TNS(ns)  TNS Failing Endpoints  TNS Total Endpoints      WHS(ns)      THS(ns)  THS Failing Endpoints  THS Total Endpoints     WPWS(ns)     TPWS(ns)  TPWS Failing Endpoints  TPWS Total Endpoints  
    -------      -------  ---------------------  -------------------      -------      -------  ---------------------  -------------------     --------     --------  ----------------------  --------------------  
        inf        0.000                      0                  459          inf        0.000                      0                  459           NA           NA                      NA                    NA  


All user specified timing constraints are met.


------------------------------------------------------------------------------------------------
| Clock Summary
| -------------
------------------------------------------------------------------------------------------------


------------------------------------------------------------------------------------------------
| Intra Clock Table
| -----------------
------------------------------------------------------------------------------------------------

Clock             WNS(ns)      TNS(ns)  TNS Failing Endpoints  TNS Total Endpoints      WHS(ns)      THS(ns)  THS Failing Endpoints  THS Total Endpoints     WPWS(ns)     TPWS(ns)  TPWS Failing Endpoints  TPWS Total Endpoints  
-----             -------      -------  ---------------------  -------------------      -------      -------  ---------------------  -------------------     --------     --------  ----------------------  --------------------  


------------------------------------------------------------------------------------------------
| Inter Clock Table
| -----------------
------------------------------------------------------------------------------------------------

From Clock    To Clock          WNS(ns)      TNS(ns)  TNS Failing Endpoints  TNS Total Endpoints      WHS(ns)      THS(ns)  THS Failing Endpoints  THS Total Endpoints  
----------    --------          -------      -------  ---------------------  -------------------      -------      -------  ---------------------  -------------------  


------------------------------------------------------------------------------------------------
| Other Path Groups Table
| -----------------------
------------------------------------------------------------------------------------------------

Path Group    From Clock    To Clock          WNS(ns)      TNS(ns)  TNS Failing Endpoints  TNS Total Endpoints      WHS(ns)      THS(ns)  THS Failing Endpoints  THS Total Endpoints  
----------    ----------    --------          -------      -------  ---------------------  -------------------      -------      -------  ---------------------  -------------------  


------------------------------------------------------------------------------------------------
| User Ignored Path Table
| -----------------------
------------------------------------------------------------------------------------------------

Path Group    From Clock    To Clock    
----------    ----------    --------    


------------------------------------------------------------------------------------------------
| Unconstrained Path Table
| ------------------------
------------------------------------------------------------------------------------------------

Path Group    From Clock    To Clock    
----------    ----------    --------    
(none)                                    


------------------------------------------------------------------------------------------------
| Timing Details
| --------------
------------------------------------------------------------------------------------------------


--------------------------------------------------------------------------------------
Path Group:  (none)
From Clock:  
  To Clock:  

Max Delay           459 Endpoints
Min Delay           459 Endpoints
--------------------------------------------------------------------------------------


Max Delay Paths
--------------------------------------------------------------------------------------
Slack:                    inf
  Source:                 bd_0_i/hls_inst/inst/CTRL_s_axi_U/waddr_reg[3]/C
                            (rising edge-triggered cell FDRE)
  Destination:            bd_0_i/hls_inst/inst/CTRL_s_axi_U/int_b_reg[17]/CE
  Path Group:             (none)
  Path Type:              Max at Slow Process Corner
  Data Path Delay:        1.181ns  (logic 0.229ns (19.383%)  route 0.952ns (80.617%))
  Logic Levels:           2  (FDRE=1 LUT6=1)

    Location             Delay type                Incr(ns)  Path(ns)    Netlist Resource(s)
  -------------------------------------------------------------------    -------------------
    SLICE_X56Y52         FDRE                         0.000     0.000 r  bd_0_i/hls_inst/inst/CTRL_s_axi_U/waddr_reg[3]/C
    SLICE_X56Y52         FDRE (Prop_EFF2_SLICEM_C_Q)
                                                      0.079     0.079 r  bd_0_i/hls_inst/inst/CTRL_s_axi_U/waddr_reg[3]/Q
                         net (fo=7, routed)           0.242     0.321    bd_0_i/hls_inst/inst/CTRL_s_axi_U/waddr_reg_n_0_[3]
    SLICE_X56Y52         LUT6 (Prop_G6LUT_SLICEM_I0_O)
                                                      0.150     0.471 r  bd_0_i/hls_inst/inst/CTRL_s_axi_U/int_b[31]_i_1/O
                         net (fo=32, routed)          0.711     1.181    bd_0_i/hls_inst/inst/CTRL_s_axi_U/int_b[31]_i_1_n_0
    SLICE_X53Y53         FDRE                                         r  bd_0_i/hls_inst/inst/CTRL_s_axi_U/int_b_reg[17]/CE
  -------------------------------------------------------------------    -------------------

Slack:                    inf
  Source:                 bd_0_i/hls_inst/inst/CTRL_s_axi_U/waddr_reg[3]/C
                            (rising edge-triggered cell FDRE)
  Destination:            bd_0_i/hls_inst/inst/CTRL_s_axi_U/int_b_reg[19]/CE
  Path Group:             (none)
  Path Type:              Max at Slow Process Corner
  Data Path Delay:        1.181ns  (logic 0.229ns (19.383%)  route 0.952ns (80.617%))
  Logic Levels:           2  (FDRE=1 LUT6=1)

    Location             Delay type                Incr(ns)  Path(ns)    Netlist Resource(s)
  -------------------------------------------------------------------    -------------------
    SLICE_X56Y52         FDRE                         0.000     0.000 r  bd_0_i/hls_inst/inst/CTRL_s_axi_U/waddr_reg[3]/C
    SLICE_X56Y52         FDRE (Prop_EFF2_SLICEM_C_Q)
                                                      0.079     0.079 r  bd_0_i/hls_inst/inst/CTRL_s_axi_U/waddr_reg[3]/Q
                         net (fo=7, routed)           0.242     0.321    bd_0_i/hls_inst/inst/CTRL_s_axi_U/waddr_reg_n_0_[3]
    SLICE_X56Y52         LUT6 (Prop_G6LUT_SLICEM_I0_O)
                                                      0.150     0.471 r  bd_0_i/hls_inst/inst/CTRL_s_axi_U/int_b[31]_i_1/O
                         net (fo=32, routed)          0.711     1.181    bd_0_i/hls_inst/inst/CTRL_s_axi_U/int_b[31]_i_1_n_0
    SLICE_X53Y53         FDRE                                         r  bd_0_i/hls_inst/inst/CTRL_s_axi_U/int_b_reg[19]/CE
  -------------------------------------------------------------------    -------------------

Slack:                    inf
  Source:                 bd_0_i/hls_inst/inst/CTRL_s_axi_U/waddr_reg[3]/C
                            (rising edge-triggered cell FDRE)
  Destination:            bd_0_i/hls_inst/inst/CTRL_s_axi_U/int_b_reg[20]/CE
  Path Group:             (none)
  Path Type:              Max at Slow Process Corner
  Data Path Delay:        1.181ns  (logic 0.229ns (19.383%)  route 0.952ns (80.617%))
  Logic Levels:           2  (FDRE=1 LUT6=1)

    Location             Delay type                Incr(ns)  Path(ns)    Netlist Resource(s)
  -------------------------------------------------------------------    -------------------
    SLICE_X56Y52         FDRE                         0.000     0.000 r  bd_0_i/hls_inst/inst/CTRL_s_axi_U/waddr_reg[3]/C
    SLICE_X56Y52         FDRE (Prop_EFF2_SLICEM_C_Q)
                                                      0.079     0.079 r  bd_0_i/hls_inst/inst/CTRL_s_axi_U/waddr_reg[3]/Q
                         net (fo=7, routed)           0.242     0.321    bd_0_i/hls_inst/inst/CTRL_s_axi_U/waddr_reg_n_0_[3]
    SLICE_X56Y52         LUT6 (Prop_G6LUT_SLICEM_I0_O)
                                                      0.150     0.471 r  bd_0_i/hls_inst/inst/CTRL_s_axi_U/int_b[31]_i_1/O
                         net (fo=32, routed)          0.711     1.181    bd_0_i/hls_inst/inst/CTRL_s_axi_U/int_b[31]_i_1_n_0
    SLICE_X53Y53         FDRE                                         r  bd_0_i/hls_inst/inst/CTRL_s_axi_U/int_b_reg[20]/CE
  -------------------------------------------------------------------    -------------------

Slack:                    inf
  Source:                 bd_0_i/hls_inst/inst/CTRL_s_axi_U/waddr_reg[3]/C
                            (rising edge-triggered cell FDRE)
  Destination:            bd_0_i/hls_inst/inst/CTRL_s_axi_U/int_b_reg[22]/CE
  Path Group:             (none)
  Path Type:              Max at Slow Process Corner
  Data Path Delay:        1.181ns  (logic 0.229ns (19.383%)  route 0.952ns (80.617%))
  Logic Levels:           2  (FDRE=1 LUT6=1)

    Location             Delay type                Incr(ns)  Path(ns)    Netlist Resource(s)
  -------------------------------------------------------------------    -------------------
    SLICE_X56Y52         FDRE                         0.000     0.000 r  bd_0_i/hls_inst/inst/CTRL_s_axi_U/waddr_reg[3]/C
    SLICE_X56Y52         FDRE (Prop_EFF2_SLICEM_C_Q)
                                                      0.079     0.079 r  bd_0_i/hls_inst/inst/CTRL_s_axi_U/waddr_reg[3]/Q
                         net (fo=7, routed)           0.242     0.321    bd_0_i/hls_inst/inst/CTRL_s_axi_U/waddr_reg_n_0_[3]
    SLICE_X56Y52         LUT6 (Prop_G6LUT_SLICEM_I0_O)
                                                      0.150     0.471 r  bd_0_i/hls_inst/inst/CTRL_s_axi_U/int_b[31]_i_1/O
                         net (fo=32, routed)          0.711     1.181    bd_0_i/hls_inst/inst/CTRL_s_axi_U/int_b[31]_i_1_n_0
    SLICE_X53Y53         FDRE                                         r  bd_0_i/hls_inst/inst/CTRL_s_axi_U/int_b_reg[22]/CE
  -------------------------------------------------------------------    -------------------

Slack:                    inf
  Source:                 bd_0_i/hls_inst/inst/CTRL_s_axi_U/waddr_reg[3]/C
                            (rising edge-triggered cell FDRE)
  Destination:            bd_0_i/hls_inst/inst/CTRL_s_axi_U/int_b_reg[11]/CE
  Path Group:             (none)
  Path Type:              Max at Slow Process Corner
  Data Path Delay:        1.146ns  (logic 0.229ns (19.983%)  route 0.917ns (80.017%))
  Logic Levels:           2  (FDRE=1 LUT6=1)

    Location             Delay type                Incr(ns)  Path(ns)    Netlist Resource(s)
  -------------------------------------------------------------------    -------------------
    SLICE_X56Y52         FDRE                         0.000     0.000 r  bd_0_i/hls_inst/inst/CTRL_s_axi_U/waddr_reg[3]/C
    SLICE_X56Y52         FDRE (Prop_EFF2_SLICEM_C_Q)
                                                      0.079     0.079 r  bd_0_i/hls_inst/inst/CTRL_s_axi_U/waddr_reg[3]/Q
                         net (fo=7, routed)           0.242     0.321    bd_0_i/hls_inst/inst/CTRL_s_axi_U/waddr_reg_n_0_[3]
    SLICE_X56Y52         LUT6 (Prop_G6LUT_SLICEM_I0_O)
                                                      0.150     0.471 r  bd_0_i/hls_inst/inst/CTRL_s_axi_U/int_b[31]_i_1/O
                         net (fo=32, routed)          0.675     1.146    bd_0_i/hls_inst/inst/CTRL_s_axi_U/int_b[31]_i_1_n_0
    SLICE_X55Y52         FDRE                                         r  bd_0_i/hls_inst/inst/CTRL_s_axi_U/int_b_reg[11]/CE
  -------------------------------------------------------------------    -------------------

Slack:                    inf
  Source:                 bd_0_i/hls_inst/inst/CTRL_s_axi_U/waddr_reg[3]/C
                            (rising edge-triggered cell FDRE)
  Destination:            bd_0_i/hls_inst/inst/CTRL_s_axi_U/int_b_reg[14]/CE
  Path Group:             (none)
  Path Type:              Max at Slow Process Corner
  Data Path Delay:        1.146ns  (logic 0.229ns (19.983%)  route 0.917ns (80.017%))
  Logic Levels:           2  (FDRE=1 LUT6=1)

    Location             Delay type                Incr(ns)  Path(ns)    Netlist Resource(s)
  -------------------------------------------------------------------    -------------------
    SLICE_X56Y52         FDRE                         0.000     0.000 r  bd_0_i/hls_inst/inst/CTRL_s_axi_U/waddr_reg[3]/C
    SLICE_X56Y52         FDRE (Prop_EFF2_SLICEM_C_Q)
                                                      0.079     0.079 r  bd_0_i/hls_inst/inst/CTRL_s_axi_U/waddr_reg[3]/Q
                         net (fo=7, routed)           0.242     0.321    bd_0_i/hls_inst/inst/CTRL_s_axi_U/waddr_reg_n_0_[3]
    SLICE_X56Y52         LUT6 (Prop_G6LUT_SLICEM_I0_O)
                                                      0.150     0.471 r  bd_0_i/hls_inst/inst/CTRL_s_axi_U/int_b[31]_i_1/O
                         net (fo=32, routed)          0.675     1.146    bd_0_i/hls_inst/inst/CTRL_s_axi_U/int_b[31]_i_1_n_0
    SLICE_X55Y52         FDRE                                         r  bd_0_i/hls_inst/inst/CTRL_s_axi_U/int_b_reg[14]/CE
  -------------------------------------------------------------------    -------------------

Slack:                    inf
  Source:                 bd_0_i/hls_inst/inst/CTRL_s_axi_U/waddr_reg[3]/C
                            (rising edge-triggered cell FDRE)
  Destination:            bd_0_i/hls_inst/inst/CTRL_s_axi_U/int_b_reg[8]/CE
  Path Group:             (none)
  Path Type:              Max at Slow Process Corner
  Data Path Delay:        1.146ns  (logic 0.229ns (19.983%)  route 0.917ns (80.017%))
  Logic Levels:           2  (FDRE=1 LUT6=1)

    Location             Delay type                Incr(ns)  Path(ns)    Netlist Resource(s)
  -------------------------------------------------------------------    -------------------
    SLICE_X56Y52         FDRE                         0.000     0.000 r  bd_0_i/hls_inst/inst/CTRL_s_axi_U/waddr_reg[3]/C
    SLICE_X56Y52         FDRE (Prop_EFF2_SLICEM_C_Q)
                                                      0.079     0.079 r  bd_0_i/hls_inst/inst/CTRL_s_axi_U/waddr_reg[3]/Q
                         net (fo=7, routed)           0.242     0.321    bd_0_i/hls_inst/inst/CTRL_s_axi_U/waddr_reg_n_0_[3]
    SLICE_X56Y52         LUT6 (Prop_G6LUT_SLICEM_I0_O)
                                                      0.150     0.471 r  bd_0_i/hls_inst/inst/CTRL_s_axi_U/int_b[31]_i_1/O
                         net (fo=32, routed)          0.675     1.146    bd_0_i/hls_inst/inst/CTRL_s_axi_U/int_b[31]_i_1_n_0
    SLICE_X55Y52         FDRE                                         r  bd_0_i/hls_inst/inst/CTRL_s_axi_U/int_b_reg[8]/CE
  -------------------------------------------------------------------    -------------------

Slack:                    inf
  Source:                 bd_0_i/hls_inst/inst/CTRL_s_axi_U/waddr_reg[3]/C
                            (rising edge-triggered cell FDRE)
  Destination:            bd_0_i/hls_inst/inst/CTRL_s_axi_U/int_b_reg[9]/CE
  Path Group:             (none)
  Path Type:              Max at Slow Process Corner
  Data Path Delay:        1.146ns  (logic 0.229ns (19.983%)  route 0.917ns (80.017%))
  Logic Levels:           2  (FDRE=1 LUT6=1)

    Location             Delay type                Incr(ns)  Path(ns)    Netlist Resource(s)
  -------------------------------------------------------------------    -------------------
    SLICE_X56Y52         FDRE                         0.000     0.000 r  bd_0_i/hls_inst/inst/CTRL_s_axi_U/waddr_reg[3]/C
    SLICE_X56Y52         FDRE (Prop_EFF2_SLICEM_C_Q)
                                                      0.079     0.079 r  bd_0_i/hls_inst/inst/CTRL_s_axi_U/waddr_reg[3]/Q
                         net (fo=7, routed)           0.242     0.321    bd_0_i/hls_inst/inst/CTRL_s_axi_U/waddr_reg_n_0_[3]
    SLICE_X56Y52         LUT6 (Prop_G6LUT_SLICEM_I0_O)
                                                      0.150     0.471 r  bd_0_i/hls_inst/inst/CTRL_s_axi_U/int_b[31]_i_1/O
                         net (fo=32, routed)          0.675     1.146    bd_0_i/hls_inst/inst/CTRL_s_axi_U/int_b[31]_i_1_n_0
    SLICE_X55Y52         FDRE                                         r  bd_0_i/hls_inst/inst/CTRL_s_axi_U/int_b_reg[9]/CE
  -------------------------------------------------------------------    -------------------

Slack:                    inf
  Source:                 bd_0_i/hls_inst/inst/CTRL_s_axi_U/waddr_reg[3]/C
                            (rising edge-triggered cell FDRE)
  Destination:            bd_0_i/hls_inst/inst/CTRL_s_axi_U/int_b_reg[16]/CE
  Path Group:             (none)
  Path Type:              Max at Slow Process Corner
  Data Path Delay:        1.123ns  (logic 0.229ns (20.384%)  route 0.894ns (79.616%))
  Logic Levels:           2  (FDRE=1 LUT6=1)

    Location             Delay type                Incr(ns)  Path(ns)    Netlist Resource(s)
  -------------------------------------------------------------------    -------------------
    SLICE_X56Y52         FDRE                         0.000     0.000 r  bd_0_i/hls_inst/inst/CTRL_s_axi_U/waddr_reg[3]/C
    SLICE_X56Y52         FDRE (Prop_EFF2_SLICEM_C_Q)
                                                      0.079     0.079 r  bd_0_i/hls_inst/inst/CTRL_s_axi_U/waddr_reg[3]/Q
                         net (fo=7, routed)           0.242     0.321    bd_0_i/hls_inst/inst/CTRL_s_axi_U/waddr_reg_n_0_[3]
    SLICE_X56Y52         LUT6 (Prop_G6LUT_SLICEM_I0_O)
                                                      0.150     0.471 r  bd_0_i/hls_inst/inst/CTRL_s_axi_U/int_b[31]_i_1/O
                         net (fo=32, routed)          0.653     1.123    bd_0_i/hls_inst/inst/CTRL_s_axi_U/int_b[31]_i_1_n_0
    SLICE_X55Y53         FDRE                                         r  bd_0_i/hls_inst/inst/CTRL_s_axi_U/int_b_reg[16]/CE
  -------------------------------------------------------------------    -------------------

Slack:                    inf
  Source:                 bd_0_i/hls_inst/inst/CTRL_s_axi_U/waddr_reg[3]/C
                            (rising edge-triggered cell FDRE)
  Destination:            bd_0_i/hls_inst/inst/CTRL_s_axi_U/int_b_reg[18]/CE
  Path Group:             (none)
  Path Type:              Max at Slow Process Corner
  Data Path Delay:        1.123ns  (logic 0.229ns (20.384%)  route 0.894ns (79.616%))
  Logic Levels:           2  (FDRE=1 LUT6=1)

    Location             Delay type                Incr(ns)  Path(ns)    Netlist Resource(s)
  -------------------------------------------------------------------    -------------------
    SLICE_X56Y52         FDRE                         0.000     0.000 r  bd_0_i/hls_inst/inst/CTRL_s_axi_U/waddr_reg[3]/C
    SLICE_X56Y52         FDRE (Prop_EFF2_SLICEM_C_Q)
                                                      0.079     0.079 r  bd_0_i/hls_inst/inst/CTRL_s_axi_U/waddr_reg[3]/Q
                         net (fo=7, routed)           0.242     0.321    bd_0_i/hls_inst/inst/CTRL_s_axi_U/waddr_reg_n_0_[3]
    SLICE_X56Y52         LUT6 (Prop_G6LUT_SLICEM_I0_O)
                                                      0.150     0.471 r  bd_0_i/hls_inst/inst/CTRL_s_axi_U/int_b[31]_i_1/O
                         net (fo=32, routed)          0.653     1.123    bd_0_i/hls_inst/inst/CTRL_s_axi_U/int_b[31]_i_1_n_0
    SLICE_X55Y53         FDRE                                         r  bd_0_i/hls_inst/inst/CTRL_s_axi_U/int_b_reg[18]/CE
  -------------------------------------------------------------------    -------------------





Min Delay Paths
--------------------------------------------------------------------------------------
Slack:                    inf
  Source:                 s_axi_CTRL_awaddr[3]
                            (input port)
  Destination:            bd_0_i/hls_inst/inst/CTRL_s_axi_U/waddr_reg[3]/D
  Path Group:             (none)
  Path Type:              Min at Fast Process Corner
  Data Path Delay:        0.008ns  (logic 0.000ns (0.000%)  route 0.008ns (100.000%))
  Logic Levels:           0  

    Location             Delay type                Incr(ns)  Path(ns)    Netlist Resource(s)
  -------------------------------------------------------------------    -------------------
                                                      0.000     0.000 r  s_axi_CTRL_awaddr[3] (IN)
                         net (fo=0)                   0.008     0.008    bd_0_i/hls_inst/inst/CTRL_s_axi_U/s_axi_CTRL_AWADDR[1]
    SLICE_X56Y52         FDRE                                         r  bd_0_i/hls_inst/inst/CTRL_s_axi_U/waddr_reg[3]/D
  -------------------------------------------------------------------    -------------------

Slack:                    inf
  Source:                 s_axi_CTRL_awaddr[5]
                            (input port)
  Destination:            bd_0_i/hls_inst/inst/CTRL_s_axi_U/waddr_reg[5]/D
  Path Group:             (none)
  Path Type:              Min at Fast Process Corner
  Data Path Delay:        0.008ns  (logic 0.000ns (0.000%)  route 0.008ns (100.000%))
  Logic Levels:           0  

    Location             Delay type                Incr(ns)  Path(ns)    Netlist Resource(s)
  -------------------------------------------------------------------    -------------------
                                                      0.000     0.000 r  s_axi_CTRL_awaddr[5] (IN)
                         net (fo=0)                   0.008     0.008    bd_0_i/hls_inst/inst/CTRL_s_axi_U/s_axi_CTRL_AWADDR[3]
    SLICE_X56Y52         FDRE                                         r  bd_0_i/hls_inst/inst/CTRL_s_axi_U/waddr_reg[5]/D
  -------------------------------------------------------------------    -------------------

Slack:                    inf
  Source:                 ap_rst_n
                            (input port)
  Destination:            bd_0_i/hls_inst/inst/CTRL_s_axi_U/FSM_onehot_rstate_reg[1]/R
  Path Group:             (none)
  Path Type:              Min at Fast Process Corner
  Data Path Delay:        0.009ns  (logic 0.000ns (0.000%)  route 0.009ns (100.000%))
  Logic Levels:           0  

    Location             Delay type                Incr(ns)  Path(ns)    Netlist Resource(s)
  -------------------------------------------------------------------    -------------------
                                                      0.000     0.000 f  ap_rst_n (IN)
                         net (fo=111, unset)          0.009     0.009    bd_0_i/hls_inst/inst/CTRL_s_axi_U/ap_rst_n
    SLICE_X55Y49         FDRE                                         r  bd_0_i/hls_inst/inst/CTRL_s_axi_U/FSM_onehot_rstate_reg[1]/R  (IS_INVERTED)
  -------------------------------------------------------------------    -------------------

Slack:                    inf
  Source:                 ap_rst_n
                            (input port)
  Destination:            bd_0_i/hls_inst/inst/CTRL_s_axi_U/FSM_onehot_rstate_reg[2]/R
  Path Group:             (none)
  Path Type:              Min at Fast Process Corner
  Data Path Delay:        0.009ns  (logic 0.000ns (0.000%)  route 0.009ns (100.000%))
  Logic Levels:           0  

    Location             Delay type                Incr(ns)  Path(ns)    Netlist Resource(s)
  -------------------------------------------------------------------    -------------------
                                                      0.000     0.000 f  ap_rst_n (IN)
                         net (fo=111, unset)          0.009     0.009    bd_0_i/hls_inst/inst/CTRL_s_axi_U/ap_rst_n
    SLICE_X55Y49         FDRE                                         r  bd_0_i/hls_inst/inst/CTRL_s_axi_U/FSM_onehot_rstate_reg[2]/R  (IS_INVERTED)
  -------------------------------------------------------------------    -------------------

Slack:                    inf
  Source:                 ap_rst_n
                            (input port)
  Destination:            bd_0_i/hls_inst/inst/CTRL_s_axi_U/int_a_reg[0]/R
  Path Group:             (none)
  Path Type:              Min at Fast Process Corner
  Data Path Delay:        0.009ns  (logic 0.000ns (0.000%)  route 0.009ns (100.000%))
  Logic Levels:           0  

    Location             Delay type                Incr(ns)  Path(ns)    Netlist Resource(s)
  -------------------------------------------------------------------    -------------------
                                                      0.000     0.000 f  ap_rst_n (IN)
                         net (fo=111, unset)          0.009     0.009    bd_0_i/hls_inst/inst/CTRL_s_axi_U/ap_rst_n
    SLICE_X55Y51         FDRE                                         r  bd_0_i/hls_inst/inst/CTRL_s_axi_U/int_a_reg[0]/R  (IS_INVERTED)
  -------------------------------------------------------------------    -------------------

Slack:                    inf
  Source:                 ap_rst_n
                            (input port)
  Destination:            bd_0_i/hls_inst/inst/CTRL_s_axi_U/int_a_reg[10]/R
  Path Group:             (none)
  Path Type:              Min at Fast Process Corner
  Data Path Delay:        0.009ns  (logic 0.000ns (0.000%)  route 0.009ns (100.000%))
  Logic Levels:           0  

    Location             Delay type                Incr(ns)  Path(ns)    Netlist Resource(s)
  -------------------------------------------------------------------    -------------------
                                                      0.000     0.000 f  ap_rst_n (IN)
                         net (fo=111, unset)          0.009     0.009    bd_0_i/hls_inst/inst/CTRL_s_axi_U/ap_rst_n
    SLICE_X55Y50         FDRE                                         r  bd_0_i/hls_inst/inst/CTRL_s_axi_U/int_a_reg[10]/R  (IS_INVERTED)
  -------------------------------------------------------------------    -------------------

Slack:                    inf
  Source:                 ap_rst_n
                            (input port)
  Destination:            bd_0_i/hls_inst/inst/CTRL_s_axi_U/int_a_reg[11]/R
  Path Group:             (none)
  Path Type:              Min at Fast Process Corner
  Data Path Delay:        0.009ns  (logic 0.000ns (0.000%)  route 0.009ns (100.000%))
  Logic Levels:           0  

    Location             Delay type                Incr(ns)  Path(ns)    Netlist Resource(s)
  -------------------------------------------------------------------    -------------------
                                                      0.000     0.000 f  ap_rst_n (IN)
                         net (fo=111, unset)          0.009     0.009    bd_0_i/hls_inst/inst/CTRL_s_axi_U/ap_rst_n
    SLICE_X55Y52         FDRE                                         r  bd_0_i/hls_inst/inst/CTRL_s_axi_U/int_a_reg[11]/R  (IS_INVERTED)
  -------------------------------------------------------------------    -------------------

Slack:                    inf
  Source:                 ap_rst_n
                            (input port)
  Destination:            bd_0_i/hls_inst/inst/CTRL_s_axi_U/int_a_reg[14]/R
  Path Group:             (none)
  Path Type:              Min at Fast Process Corner
  Data Path Delay:        0.009ns  (logic 0.000ns (0.000%)  route 0.009ns (100.000%))
  Logic Levels:           0  

    Location             Delay type                Incr(ns)  Path(ns)    Netlist Resource(s)
  -------------------------------------------------------------------    -------------------
                                                      0.000     0.000 f  ap_rst_n (IN)
                         net (fo=111, unset)          0.009     0.009    bd_0_i/hls_inst/inst/CTRL_s_axi_U/ap_rst_n
    SLICE_X55Y52         FDRE                                         r  bd_0_i/hls_inst/inst/CTRL_s_axi_U/int_a_reg[14]/R  (IS_INVERTED)
  -------------------------------------------------------------------    -------------------

Slack:                    inf
  Source:                 ap_rst_n
                            (input port)
  Destination:            bd_0_i/hls_inst/inst/CTRL_s_axi_U/int_a_reg[16]/R
  Path Group:             (none)
  Path Type:              Min at Fast Process Corner
  Data Path Delay:        0.009ns  (logic 0.000ns (0.000%)  route 0.009ns (100.000%))
  Logic Levels:           0  

    Location             Delay type                Incr(ns)  Path(ns)    Netlist Resource(s)
  -------------------------------------------------------------------    -------------------
                                                      0.000     0.000 f  ap_rst_n (IN)
                         net (fo=111, unset)          0.009     0.009    bd_0_i/hls_inst/inst/CTRL_s_axi_U/ap_rst_n
    SLICE_X55Y53         FDRE                                         r  bd_0_i/hls_inst/inst/CTRL_s_axi_U/int_a_reg[16]/R  (IS_INVERTED)
  -------------------------------------------------------------------    -------------------

Slack:                    inf
  Source:                 ap_rst_n
                            (input port)
  Destination:            bd_0_i/hls_inst/inst/CTRL_s_axi_U/int_a_reg[18]/R
  Path Group:             (none)
  Path Type:              Min at Fast Process Corner
  Data Path Delay:        0.009ns  (logic 0.000ns (0.000%)  route 0.009ns (100.000%))
  Logic Levels:           0  

    Location             Delay type                Incr(ns)  Path(ns)    Netlist Resource(s)
  -------------------------------------------------------------------    -------------------
                                                      0.000     0.000 f  ap_rst_n (IN)
                         net (fo=111, unset)          0.009     0.009    bd_0_i/hls_inst/inst/CTRL_s_axi_U/ap_rst_n
    SLICE_X55Y53         FDRE                                         r  bd_0_i/hls_inst/inst/CTRL_s_axi_U/int_a_reg[18]/R  (IS_INVERTED)
  -------------------------------------------------------------------    -------------------





