  **** HLS Build v2024.2 5238294
INFO: [HLS 200-2005] Using work_dir /home/rimurutempest/Code/LSI_Design_Contest/HLS_DesignFlow/Lab4/hls_component_lab4/fir 
INFO: [HLS 200-1611] Setting target device to 'xczu5eg-sfvc784-1-e'
INFO: [HLS 200-1505] Using default flow_target 'vivado'
Resolution: For help on HLS 200-1505 see docs.xilinx.com/access/sources/dita/topic?Doc_Version=2024.2%20English&url=ug1448-hls-guidance&resourceid=200-1505.html
INFO: [HLS 200-1465] Applying ini 'syn.file=/home/rimurutempest/Code/LSI_Design_Contest/HLS_DesignFlow/Lab4/source/fir.c' from /home/rimurutempest/Code/LSI_Design_Contest/HLS_DesignFlow/Lab4/hls_component_lab4/hls_config.cfg(9)
INFO: [HLS 200-10] Adding design file '/home/rimurutempest/Code/LSI_Design_Contest/HLS_DesignFlow/Lab4/source/fir.c' to the project
INFO: [HLS 200-1465] Applying ini 'syn.file=/home/rimurutempest/Code/LSI_Design_Contest/HLS_DesignFlow/Lab4/source/fir.h' from /home/rimurutempest/Code/LSI_Design_Contest/HLS_DesignFlow/Lab4/hls_component_lab4/hls_config.cfg(10)
INFO: [HLS 200-10] Adding design file '/home/rimurutempest/Code/LSI_Design_Contest/HLS_DesignFlow/Lab4/source/fir.h' to the project
INFO: [HLS 200-1465] Applying ini 'syn.cflags=-I/home/rimurutempest/Tool/Xilinx/Vitis/2024.2/include/legacy' from /home/rimurutempest/Code/LSI_Design_Contest/HLS_DesignFlow/Lab4/hls_component_lab4/hls_config.cfg(15)
INFO: [HLS 200-1465] Applying ini 'tb.file=/home/rimurutempest/Code/LSI_Design_Contest/HLS_DesignFlow/Lab4/source/fir_test.c' from /home/rimurutempest/Code/LSI_Design_Contest/HLS_DesignFlow/Lab4/hls_component_lab4/hls_config.cfg(14)
INFO: [HLS 200-10] Adding test bench file '/home/rimurutempest/Code/LSI_Design_Contest/HLS_DesignFlow/Lab4/source/fir_test.c' to the project
INFO: [HLS 200-1465] Applying ini 'tb.cflags=-I/home/rimurutempest/Tool/Xilinx/Vitis/2024.2/include/legacy' from /home/rimurutempest/Code/LSI_Design_Contest/HLS_DesignFlow/Lab4/hls_component_lab4/hls_config.cfg(13)
INFO: [HLS 200-1465] Applying ini 'syn.top=fir' from /home/rimurutempest/Code/LSI_Design_Contest/HLS_DesignFlow/Lab4/hls_component_lab4/hls_config.cfg(7)
INFO: [HLS 200-1465] Applying ini 'flow_target=vivado' from /home/rimurutempest/Code/LSI_Design_Contest/HLS_DesignFlow/Lab4/hls_component_lab4/hls_config.cfg(4)
INFO: [HLS 200-1505] Using flow_target 'vivado'
Resolution: For help on HLS 200-1505 see docs.xilinx.com/access/sources/dita/topic?Doc_Version=2024.2%20English&url=ug1448-hls-guidance&resourceid=200-1505.html
INFO: [HLS 200-1465] Applying ini 'part=xczu5eg-sfvc784-1-e' from /home/rimurutempest/Code/LSI_Design_Contest/HLS_DesignFlow/Lab4/hls_component_lab4/hls_config.cfg(1)
INFO: [HLS 200-1465] Applying ini 'clock=10ns' from /home/rimurutempest/Code/LSI_Design_Contest/HLS_DesignFlow/Lab4/hls_component_lab4/hls_config.cfg(8)
INFO: [SYN 201-201] Setting up clock 'default' with a period of 10ns.
INFO: [HLS 200-1465] Applying ini 'package.output.format=ip_catalog' from /home/rimurutempest/Code/LSI_Design_Contest/HLS_DesignFlow/Lab4/hls_component_lab4/hls_config.cfg(5)
INFO: [IMPL 213-8] Exporting RTL as a Vivado IP.
WARNING: /home/rimurutempest/Tool/Xilinx/Vivado/2024.2/tps/lnx64/jre11.0.16_1 does not exist.

****** Vivado v2024.2 (64-bit)
  **** SW Build 5239630 on Fri Nov 08 22:34:34 MST 2024
  **** IP Build 5239520 on Sun Nov 10 16:12:51 MST 2024
  **** SharedData Build 5239561 on Fri Nov 08 14:39:27 MST 2024
  **** Start of session at: Thu Dec  4 14:02:06 2025
    ** Copyright 1986-2022 Xilinx, Inc. All Rights Reserved.
    ** Copyright 2022-2024 Advanced Micro Devices, Inc. All Rights Reserved.

source run_ippack.tcl -notrace
INFO: calling package_hls_ip ip_types=vitis sysgen json_file=/home/rimurutempest/Code/LSI_Design_Contest/HLS_DesignFlow/Lab4/hls_component_lab4/fir/hls/hls_data.json outdir=/home/rimurutempest/Code/LSI_Design_Contest/HLS_DesignFlow/Lab4/hls_component_lab4/fir/hls/impl/ip srcdir=/home/rimurutempest/Code/LSI_Design_Contest/HLS_DesignFlow/Lab4/hls_component_lab4/fir/hls sort_interfaces_ports=false
INFO: Copied 1 ipmisc file(s) to /home/rimurutempest/Code/LSI_Design_Contest/HLS_DesignFlow/Lab4/hls_component_lab4/fir/hls/impl/ip/misc
INFO: Copied 11 verilog file(s) to /home/rimurutempest/Code/LSI_Design_Contest/HLS_DesignFlow/Lab4/hls_component_lab4/fir/hls/impl/ip/hdl/verilog
INFO: Copied 9 vhdl file(s) to /home/rimurutempest/Code/LSI_Design_Contest/HLS_DesignFlow/Lab4/hls_component_lab4/fir/hls/impl/ip/hdl/vhdl
INFO: Copied 10 swdriver file(s) to /home/rimurutempest/Code/LSI_Design_Contest/HLS_DesignFlow/Lab4/hls_component_lab4/fir/hls/impl/ip/drivers
INFO: Import ports from HDL: /home/rimurutempest/Code/LSI_Design_Contest/HLS_DesignFlow/Lab4/hls_component_lab4/fir/hls/impl/ip/hdl/vhdl/fir.vhd (fir)
INFO: Add axi4lite interface s_axi_fir_io
INFO: Add clock interface ap_clk
INFO: Add reset interface ap_rst_n
INFO: Add interrupt interface interrupt
INFO: [IP_Flow 19-234] Refreshing IP repositories
INFO: [IP_Flow 19-1704] No user IP repositories specified
INFO: [IP_Flow 19-2313] Loaded Vivado IP repository '/home/rimurutempest/Tool/Xilinx/Vivado/2024.2/data/ip'.
INFO: Calling post_process_vitis to specialize IP
INFO: Calling post_process_sysgen to specialize IP
Generating sysgen info xml from json file
INFO: Created IP /home/rimurutempest/Code/LSI_Design_Contest/HLS_DesignFlow/Lab4/hls_component_lab4/fir/hls/impl/ip/component.xml
INFO: Created IP archive /home/rimurutempest/Code/LSI_Design_Contest/HLS_DesignFlow/Lab4/hls_component_lab4/fir/hls/impl/ip/xilinx_com_hls_fir_1_0.zip
INFO: [Common 17-206] Exiting Vivado at Thu Dec  4 14:02:11 2025...
INFO: [HLS 200-802] Generated output file fir/fir.zip
INFO: [HLS 200-112] Total CPU user time: 8.8 seconds. Total CPU system time: 0.99 seconds. Total elapsed time: 18.83 seconds; peak allocated memory: 307.184 MB.
INFO: [vitis-run 60-791] Total elapsed time: 0h 0m 22s
