

================================================================
== Vitis HLS Report for 'Add_IP'
================================================================
* Date:           Tue Apr 14 09:38:06 2026

* Version:        2024.2 (Build 5238294 on Nov  8 2024)
* Project:        prj
* Solution:       solution1 (Vitis Kernel Flow Target)
* Product family: zynquplus
* Target device:  xczu7ev-ffvc1156-2-e


================================================================
== Performance Estimates
================================================================
+ Timing: 
    * Summary: 
    +--------+---------+----------+------------+
    |  Clock |  Target | Estimated| Uncertainty|
    +--------+---------+----------+------------+
    |ap_clk  |  3.33 ns|  2.433 ns|     0.90 ns|
    +--------+---------+----------+------------+

+ Latency: 
    * Summary: 
    +---------+---------+----------+----------+-----+-----+---------+
    |  Latency (cycles) |  Latency (absolute) |  Interval | Pipeline|
    |   min   |   max   |    min   |    max   | min | max |   Type  |
    +---------+---------+----------+----------+-----+-----+---------+
    |        ?|        ?|         ?|         ?|    ?|    ?|       no|
    +---------+---------+----------+----------+-----+-----+---------+

    + Detail: 
        * Instance: 
        N/A

        * Loop: 
        +-------------------+---------+---------+----------+-----------+-----------+------+----------+
        |                   |  Latency (cycles) | Iteration|  Initiation Interval  | Trip |          |
        |     Loop Name     |   min   |   max   |  Latency |  achieved |   target  | Count| Pipelined|
        +-------------------+---------+---------+----------+-----------+-----------+------+----------+
        |- VITIS_LOOP_14_1  |        ?|        ?|       147|          1|          1|     ?|       yes|
        +-------------------+---------+---------+----------+-----------+-----------+------+----------+



================================================================
== Utilization Estimates
================================================================
* Summary: 
+-----------------+---------+------+--------+--------+-----+
|       Name      | BRAM_18K|  DSP |   FF   |   LUT  | URAM|
+-----------------+---------+------+--------+--------+-----+
|DSP              |        -|     -|       -|       -|    -|
|Expression       |        -|     -|       0|     208|    -|
|FIFO             |        -|     -|       -|       -|    -|
|Instance         |      131|    32|    5158|    5632|    0|
|Memory           |        -|     -|       -|       -|    -|
|Multiplexer      |        -|     -|       0|     125|    -|
|Register         |        -|     -|    1404|      64|    -|
+-----------------+---------+------+--------+--------+-----+
|Total            |      131|    32|    6562|    6029|    0|
+-----------------+---------+------+--------+--------+-----+
|Available        |      624|  1728|  460800|  230400|   96|
+-----------------+---------+------+--------+--------+-----+
|Utilization (%)  |       20|     1|       1|       2|    0|
+-----------------+---------+------+--------+--------+-----+

+ Detail: 
    * Instance: 
    +------------------------------------+--------------------------------+---------+----+------+------+-----+
    |              Instance              |             Module             | BRAM_18K| DSP|  FF  |  LUT | URAM|
    +------------------------------------+--------------------------------+---------+----+------+------+-----+
    |control_s_axi_U                     |control_s_axi                   |        0|   0|   284|   488|    0|
    |gmem0_m_axi_U                       |gmem0_m_axi                     |       58|   0|  1044|  1114|    0|
    |gmem1_m_axi_U                       |gmem1_m_axi                     |       58|   0|  1044|  1114|    0|
    |gmem2_m_axi_U                       |gmem2_m_axi                     |       15|   0|  1042|  1108|    0|
    |hadd_16ns_16ns_16_5_full_dsp_1_U1   |hadd_16ns_16ns_16_5_full_dsp_1  |        0|   2|   109|   113|    0|
    |hadd_16ns_16ns_16_5_full_dsp_1_U2   |hadd_16ns_16ns_16_5_full_dsp_1  |        0|   2|   109|   113|    0|
    |hadd_16ns_16ns_16_5_full_dsp_1_U3   |hadd_16ns_16ns_16_5_full_dsp_1  |        0|   2|   109|   113|    0|
    |hadd_16ns_16ns_16_5_full_dsp_1_U4   |hadd_16ns_16ns_16_5_full_dsp_1  |        0|   2|   109|   113|    0|
    |hadd_16ns_16ns_16_5_full_dsp_1_U5   |hadd_16ns_16ns_16_5_full_dsp_1  |        0|   2|   109|   113|    0|
    |hadd_16ns_16ns_16_5_full_dsp_1_U6   |hadd_16ns_16ns_16_5_full_dsp_1  |        0|   2|   109|   113|    0|
    |hadd_16ns_16ns_16_5_full_dsp_1_U7   |hadd_16ns_16ns_16_5_full_dsp_1  |        0|   2|   109|   113|    0|
    |hadd_16ns_16ns_16_5_full_dsp_1_U8   |hadd_16ns_16ns_16_5_full_dsp_1  |        0|   2|   109|   113|    0|
    |hadd_16ns_16ns_16_5_full_dsp_1_U9   |hadd_16ns_16ns_16_5_full_dsp_1  |        0|   2|   109|   113|    0|
    |hadd_16ns_16ns_16_5_full_dsp_1_U10  |hadd_16ns_16ns_16_5_full_dsp_1  |        0|   2|   109|   113|    0|
    |hadd_16ns_16ns_16_5_full_dsp_1_U11  |hadd_16ns_16ns_16_5_full_dsp_1  |        0|   2|   109|   113|    0|
    |hadd_16ns_16ns_16_5_full_dsp_1_U12  |hadd_16ns_16ns_16_5_full_dsp_1  |        0|   2|   109|   113|    0|
    |hadd_16ns_16ns_16_5_full_dsp_1_U13  |hadd_16ns_16ns_16_5_full_dsp_1  |        0|   2|   109|   113|    0|
    |hadd_16ns_16ns_16_5_full_dsp_1_U14  |hadd_16ns_16ns_16_5_full_dsp_1  |        0|   2|   109|   113|    0|
    |hadd_16ns_16ns_16_5_full_dsp_1_U15  |hadd_16ns_16ns_16_5_full_dsp_1  |        0|   2|   109|   113|    0|
    |hadd_16ns_16ns_16_5_full_dsp_1_U16  |hadd_16ns_16ns_16_5_full_dsp_1  |        0|   2|   109|   113|    0|
    +------------------------------------+--------------------------------+---------+----+------+------+-----+
    |Total                               |                                |      131|  32|  5158|  5632|    0|
    +------------------------------------+--------------------------------+---------+----+------+------+-----+

    * DSP: 
    N/A

    * Memory: 
    N/A

    * FIFO: 
    N/A

    * Expression: 
    +-------------------------------------------+----------+----+---+----+------------+------------+
    |               Variable Name               | Operation| DSP| FF| LUT| Bitwidth P0| Bitwidth P1|
    +-------------------------------------------+----------+----+---+----+------------+------------+
    |add_ln14_fu_331_p2                         |         +|   0|  0|  38|          31|           1|
    |ap_block_pp0_stage0_01001_grp1             |       and|   0|  0|   2|           1|           1|
    |ap_block_state149_pp0_stage0_iter146_grp5  |       and|   0|  0|   2|           1|           1|
    |ap_block_state80_io_grp5                   |       and|   0|  0|   2|           1|           1|
    |icmp_ln14_1_fu_326_p2                      |      icmp|   0|  0|  39|          32|          32|
    |icmp_ln14_2_fu_385_p2                      |      icmp|   0|  0|  39|          32|          32|
    |icmp_ln14_fu_283_p2                        |      icmp|   0|  0|  39|          32|           1|
    |ap_block_pp0_stage0_11001                  |        or|   0|  0|   2|           1|           1|
    |ap_block_pp0_stage0_11001_grp1             |        or|   0|  0|   2|           1|           1|
    |ap_block_pp0_stage0_11001_grp5             |        or|   0|  0|   2|           1|           1|
    |ap_block_state1                            |        or|   0|  0|   2|           1|           1|
    |ap_block_state4_io_grp1                    |        or|   0|  0|   2|           1|           1|
    |ap_block_state75_pp0_stage0_iter72_grp1    |        or|   0|  0|   2|           1|           1|
    |empty_fu_288_p3                            |    select|   0|  0|  31|           1|          31|
    |ap_enable_pp0                              |       xor|   0|  0|   2|           1|           2|
    |ap_enable_reg_pp0_iter1                    |       xor|   0|  0|   2|           2|           1|
    +-------------------------------------------+----------+----+---+----+------------+------------+
    |Total                                      |          |   0|  0| 208|         140|         109|
    +-------------------------------------------+----------+----+---+----+------------+------------+

    * Multiplexer: 
    +---------------------------+----+-----------+-----+-----------+
    |            Name           | LUT| Input Size| Bits| Total Bits|
    +---------------------------+----+-----------+-----+-----------+
    |ap_NS_fsm                  |  26|          5|    1|          5|
    |ap_done                    |   9|          2|    1|          2|
    |ap_enable_reg_pp0_iter1    |   9|          2|    1|          2|
    |ap_enable_reg_pp0_iter146  |   9|          2|    1|          2|
    |gmem0_blk_n_AR             |   9|          2|    1|          2|
    |gmem0_blk_n_R              |   9|          2|    1|          2|
    |gmem1_blk_n_AR             |   9|          2|    1|          2|
    |gmem1_blk_n_R              |   9|          2|    1|          2|
    |gmem2_blk_n_AW             |   9|          2|    1|          2|
    |gmem2_blk_n_B              |   9|          2|    1|          2|
    |gmem2_blk_n_W              |   9|          2|    1|          2|
    |i_fu_132                   |   9|          2|   31|         62|
    +---------------------------+----+-----------+-----+-----------+
    |Total                      | 125|         27|   42|         87|
    +---------------------------+----+-----------+-----+-----------+

    * Register: 
    +-------------------------------------------+----+----+-----+-----------+
    |                    Name                   | FF | LUT| Bits| Const Bits|
    +-------------------------------------------+----+----+-----+-----------+
    |N_read_reg_858                             |  32|   0|   32|          0|
    |X1_read_reg_875                            |  64|   0|   64|          0|
    |X2_read_reg_870                            |  64|   0|   64|          0|
    |add_ln14_reg_897                           |  31|   0|   31|          0|
    |ap_CS_fsm                                  |   4|   0|    4|          0|
    |ap_block_pp0_stage0_subdone_grp1_done_reg  |   1|   0|    1|          0|
    |ap_block_pp0_stage0_subdone_grp5_done_reg  |   1|   0|    1|          0|
    |ap_done_reg                                |   1|   0|    1|          0|
    |ap_enable_reg_pp0_iter0                    |   1|   0|    1|          0|
    |ap_enable_reg_pp0_iter1                    |   1|   0|    1|          0|
    |ap_enable_reg_pp0_iter10                   |   1|   0|    1|          0|
    |ap_enable_reg_pp0_iter100                  |   1|   0|    1|          0|
    |ap_enable_reg_pp0_iter101                  |   1|   0|    1|          0|
    |ap_enable_reg_pp0_iter102                  |   1|   0|    1|          0|
    |ap_enable_reg_pp0_iter103                  |   1|   0|    1|          0|
    |ap_enable_reg_pp0_iter104                  |   1|   0|    1|          0|
    |ap_enable_reg_pp0_iter105                  |   1|   0|    1|          0|
    |ap_enable_reg_pp0_iter106                  |   1|   0|    1|          0|
    |ap_enable_reg_pp0_iter107                  |   1|   0|    1|          0|
    |ap_enable_reg_pp0_iter108                  |   1|   0|    1|          0|
    |ap_enable_reg_pp0_iter109                  |   1|   0|    1|          0|
    |ap_enable_reg_pp0_iter11                   |   1|   0|    1|          0|
    |ap_enable_reg_pp0_iter110                  |   1|   0|    1|          0|
    |ap_enable_reg_pp0_iter111                  |   1|   0|    1|          0|
    |ap_enable_reg_pp0_iter112                  |   1|   0|    1|          0|
    |ap_enable_reg_pp0_iter113                  |   1|   0|    1|          0|
    |ap_enable_reg_pp0_iter114                  |   1|   0|    1|          0|
    |ap_enable_reg_pp0_iter115                  |   1|   0|    1|          0|
    |ap_enable_reg_pp0_iter116                  |   1|   0|    1|          0|
    |ap_enable_reg_pp0_iter117                  |   1|   0|    1|          0|
    |ap_enable_reg_pp0_iter118                  |   1|   0|    1|          0|
    |ap_enable_reg_pp0_iter119                  |   1|   0|    1|          0|
    |ap_enable_reg_pp0_iter12                   |   1|   0|    1|          0|
    |ap_enable_reg_pp0_iter120                  |   1|   0|    1|          0|
    |ap_enable_reg_pp0_iter121                  |   1|   0|    1|          0|
    |ap_enable_reg_pp0_iter122                  |   1|   0|    1|          0|
    |ap_enable_reg_pp0_iter123                  |   1|   0|    1|          0|
    |ap_enable_reg_pp0_iter124                  |   1|   0|    1|          0|
    |ap_enable_reg_pp0_iter125                  |   1|   0|    1|          0|
    |ap_enable_reg_pp0_iter126                  |   1|   0|    1|          0|
    |ap_enable_reg_pp0_iter127                  |   1|   0|    1|          0|
    |ap_enable_reg_pp0_iter128                  |   1|   0|    1|          0|
    |ap_enable_reg_pp0_iter129                  |   1|   0|    1|          0|
    |ap_enable_reg_pp0_iter13                   |   1|   0|    1|          0|
    |ap_enable_reg_pp0_iter130                  |   1|   0|    1|          0|
    |ap_enable_reg_pp0_iter131                  |   1|   0|    1|          0|
    |ap_enable_reg_pp0_iter132                  |   1|   0|    1|          0|
    |ap_enable_reg_pp0_iter133                  |   1|   0|    1|          0|
    |ap_enable_reg_pp0_iter134                  |   1|   0|    1|          0|
    |ap_enable_reg_pp0_iter135                  |   1|   0|    1|          0|
    |ap_enable_reg_pp0_iter136                  |   1|   0|    1|          0|
    |ap_enable_reg_pp0_iter137                  |   1|   0|    1|          0|
    |ap_enable_reg_pp0_iter138                  |   1|   0|    1|          0|
    |ap_enable_reg_pp0_iter139                  |   1|   0|    1|          0|
    |ap_enable_reg_pp0_iter14                   |   1|   0|    1|          0|
    |ap_enable_reg_pp0_iter140                  |   1|   0|    1|          0|
    |ap_enable_reg_pp0_iter141                  |   1|   0|    1|          0|
    |ap_enable_reg_pp0_iter142                  |   1|   0|    1|          0|
    |ap_enable_reg_pp0_iter143                  |   1|   0|    1|          0|
    |ap_enable_reg_pp0_iter144                  |   1|   0|    1|          0|
    |ap_enable_reg_pp0_iter145                  |   1|   0|    1|          0|
    |ap_enable_reg_pp0_iter146                  |   1|   0|    1|          0|
    |ap_enable_reg_pp0_iter15                   |   1|   0|    1|          0|
    |ap_enable_reg_pp0_iter16                   |   1|   0|    1|          0|
    |ap_enable_reg_pp0_iter17                   |   1|   0|    1|          0|
    |ap_enable_reg_pp0_iter18                   |   1|   0|    1|          0|
    |ap_enable_reg_pp0_iter19                   |   1|   0|    1|          0|
    |ap_enable_reg_pp0_iter2                    |   1|   0|    1|          0|
    |ap_enable_reg_pp0_iter20                   |   1|   0|    1|          0|
    |ap_enable_reg_pp0_iter21                   |   1|   0|    1|          0|
    |ap_enable_reg_pp0_iter22                   |   1|   0|    1|          0|
    |ap_enable_reg_pp0_iter23                   |   1|   0|    1|          0|
    |ap_enable_reg_pp0_iter24                   |   1|   0|    1|          0|
    |ap_enable_reg_pp0_iter25                   |   1|   0|    1|          0|
    |ap_enable_reg_pp0_iter26                   |   1|   0|    1|          0|
    |ap_enable_reg_pp0_iter27                   |   1|   0|    1|          0|
    |ap_enable_reg_pp0_iter28                   |   1|   0|    1|          0|
    |ap_enable_reg_pp0_iter29                   |   1|   0|    1|          0|
    |ap_enable_reg_pp0_iter3                    |   1|   0|    1|          0|
    |ap_enable_reg_pp0_iter30                   |   1|   0|    1|          0|
    |ap_enable_reg_pp0_iter31                   |   1|   0|    1|          0|
    |ap_enable_reg_pp0_iter32                   |   1|   0|    1|          0|
    |ap_enable_reg_pp0_iter33                   |   1|   0|    1|          0|
    |ap_enable_reg_pp0_iter34                   |   1|   0|    1|          0|
    |ap_enable_reg_pp0_iter35                   |   1|   0|    1|          0|
    |ap_enable_reg_pp0_iter36                   |   1|   0|    1|          0|
    |ap_enable_reg_pp0_iter37                   |   1|   0|    1|          0|
    |ap_enable_reg_pp0_iter38                   |   1|   0|    1|          0|
    |ap_enable_reg_pp0_iter39                   |   1|   0|    1|          0|
    |ap_enable_reg_pp0_iter4                    |   1|   0|    1|          0|
    |ap_enable_reg_pp0_iter40                   |   1|   0|    1|          0|
    |ap_enable_reg_pp0_iter41                   |   1|   0|    1|          0|
    |ap_enable_reg_pp0_iter42                   |   1|   0|    1|          0|
    |ap_enable_reg_pp0_iter43                   |   1|   0|    1|          0|
    |ap_enable_reg_pp0_iter44                   |   1|   0|    1|          0|
    |ap_enable_reg_pp0_iter45                   |   1|   0|    1|          0|
    |ap_enable_reg_pp0_iter46                   |   1|   0|    1|          0|
    |ap_enable_reg_pp0_iter47                   |   1|   0|    1|          0|
    |ap_enable_reg_pp0_iter48                   |   1|   0|    1|          0|
    |ap_enable_reg_pp0_iter49                   |   1|   0|    1|          0|
    |ap_enable_reg_pp0_iter5                    |   1|   0|    1|          0|
    |ap_enable_reg_pp0_iter50                   |   1|   0|    1|          0|
    |ap_enable_reg_pp0_iter51                   |   1|   0|    1|          0|
    |ap_enable_reg_pp0_iter52                   |   1|   0|    1|          0|
    |ap_enable_reg_pp0_iter53                   |   1|   0|    1|          0|
    |ap_enable_reg_pp0_iter54                   |   1|   0|    1|          0|
    |ap_enable_reg_pp0_iter55                   |   1|   0|    1|          0|
    |ap_enable_reg_pp0_iter56                   |   1|   0|    1|          0|
    |ap_enable_reg_pp0_iter57                   |   1|   0|    1|          0|
    |ap_enable_reg_pp0_iter58                   |   1|   0|    1|          0|
    |ap_enable_reg_pp0_iter59                   |   1|   0|    1|          0|
    |ap_enable_reg_pp0_iter6                    |   1|   0|    1|          0|
    |ap_enable_reg_pp0_iter60                   |   1|   0|    1|          0|
    |ap_enable_reg_pp0_iter61                   |   1|   0|    1|          0|
    |ap_enable_reg_pp0_iter62                   |   1|   0|    1|          0|
    |ap_enable_reg_pp0_iter63                   |   1|   0|    1|          0|
    |ap_enable_reg_pp0_iter64                   |   1|   0|    1|          0|
    |ap_enable_reg_pp0_iter65                   |   1|   0|    1|          0|
    |ap_enable_reg_pp0_iter66                   |   1|   0|    1|          0|
    |ap_enable_reg_pp0_iter67                   |   1|   0|    1|          0|
    |ap_enable_reg_pp0_iter68                   |   1|   0|    1|          0|
    |ap_enable_reg_pp0_iter69                   |   1|   0|    1|          0|
    |ap_enable_reg_pp0_iter7                    |   1|   0|    1|          0|
    |ap_enable_reg_pp0_iter70                   |   1|   0|    1|          0|
    |ap_enable_reg_pp0_iter71                   |   1|   0|    1|          0|
    |ap_enable_reg_pp0_iter72                   |   1|   0|    1|          0|
    |ap_enable_reg_pp0_iter73                   |   1|   0|    1|          0|
    |ap_enable_reg_pp0_iter74                   |   1|   0|    1|          0|
    |ap_enable_reg_pp0_iter75                   |   1|   0|    1|          0|
    |ap_enable_reg_pp0_iter76                   |   1|   0|    1|          0|
    |ap_enable_reg_pp0_iter77                   |   1|   0|    1|          0|
    |ap_enable_reg_pp0_iter78                   |   1|   0|    1|          0|
    |ap_enable_reg_pp0_iter79                   |   1|   0|    1|          0|
    |ap_enable_reg_pp0_iter8                    |   1|   0|    1|          0|
    |ap_enable_reg_pp0_iter80                   |   1|   0|    1|          0|
    |ap_enable_reg_pp0_iter81                   |   1|   0|    1|          0|
    |ap_enable_reg_pp0_iter82                   |   1|   0|    1|          0|
    |ap_enable_reg_pp0_iter83                   |   1|   0|    1|          0|
    |ap_enable_reg_pp0_iter84                   |   1|   0|    1|          0|
    |ap_enable_reg_pp0_iter85                   |   1|   0|    1|          0|
    |ap_enable_reg_pp0_iter86                   |   1|   0|    1|          0|
    |ap_enable_reg_pp0_iter87                   |   1|   0|    1|          0|
    |ap_enable_reg_pp0_iter88                   |   1|   0|    1|          0|
    |ap_enable_reg_pp0_iter89                   |   1|   0|    1|          0|
    |ap_enable_reg_pp0_iter9                    |   1|   0|    1|          0|
    |ap_enable_reg_pp0_iter90                   |   1|   0|    1|          0|
    |ap_enable_reg_pp0_iter91                   |   1|   0|    1|          0|
    |ap_enable_reg_pp0_iter92                   |   1|   0|    1|          0|
    |ap_enable_reg_pp0_iter93                   |   1|   0|    1|          0|
    |ap_enable_reg_pp0_iter94                   |   1|   0|    1|          0|
    |ap_enable_reg_pp0_iter95                   |   1|   0|    1|          0|
    |ap_enable_reg_pp0_iter96                   |   1|   0|    1|          0|
    |ap_enable_reg_pp0_iter97                   |   1|   0|    1|          0|
    |ap_enable_reg_pp0_iter98                   |   1|   0|    1|          0|
    |ap_enable_reg_pp0_iter99                   |   1|   0|    1|          0|
    |ap_rst_n_inv                               |   1|   0|    1|          0|
    |ap_rst_reg_1                               |   1|   0|    1|          0|
    |ap_rst_reg_2                               |   1|   0|    1|          0|
    |first_iter_0_reg_197                       |   1|   0|    1|          0|
    |gmem2_addr_reg_887                         |  64|   0|   64|          0|
    |i_fu_132                                   |  31|   0|   31|          0|
    |icmp_ln14_1_reg_893                        |   1|   0|    1|          0|
    |icmp_ln14_2_reg_914                        |   1|   0|    1|          0|
    |trunc_ln14_reg_865                         |  31|   0|   31|          0|
    |u_10_reg_953                               |  16|   0|   16|          0|
    |u_11_reg_1253                              |  16|   0|   16|          0|
    |u_12_reg_958                               |  16|   0|   16|          0|
    |u_13_reg_963                               |  16|   0|   16|          0|
    |u_14_reg_1258                              |  16|   0|   16|          0|
    |u_15_reg_968                               |  16|   0|   16|          0|
    |u_16_reg_973                               |  16|   0|   16|          0|
    |u_17_reg_1263                              |  16|   0|   16|          0|
    |u_18_reg_978                               |  16|   0|   16|          0|
    |u_19_reg_983                               |  16|   0|   16|          0|
    |u_1_reg_923                                |  16|   0|   16|          0|
    |u_20_reg_1268                              |  16|   0|   16|          0|
    |u_21_reg_988                               |  16|   0|   16|          0|
    |u_22_reg_993                               |  16|   0|   16|          0|
    |u_23_reg_1273                              |  16|   0|   16|          0|
    |u_24_reg_998                               |  16|   0|   16|          0|
    |u_25_reg_1003                              |  16|   0|   16|          0|
    |u_26_reg_1278                              |  16|   0|   16|          0|
    |u_27_reg_1008                              |  16|   0|   16|          0|
    |u_28_reg_1013                              |  16|   0|   16|          0|
    |u_29_reg_1283                              |  16|   0|   16|          0|
    |u_2_reg_1238                               |  16|   0|   16|          0|
    |u_30_reg_1018                              |  16|   0|   16|          0|
    |u_31_reg_1023                              |  16|   0|   16|          0|
    |u_32_reg_1288                              |  16|   0|   16|          0|
    |u_33_reg_1028                              |  16|   0|   16|          0|
    |u_34_reg_1033                              |  16|   0|   16|          0|
    |u_35_reg_1293                              |  16|   0|   16|          0|
    |u_36_reg_1038                              |  16|   0|   16|          0|
    |u_37_reg_1043                              |  16|   0|   16|          0|
    |u_38_reg_1298                              |  16|   0|   16|          0|
    |u_39_reg_1048                              |  16|   0|   16|          0|
    |u_3_reg_928                                |  16|   0|   16|          0|
    |u_40_reg_1053                              |  16|   0|   16|          0|
    |u_41_reg_1303                              |  16|   0|   16|          0|
    |u_42_reg_1058                              |  16|   0|   16|          0|
    |u_43_reg_1063                              |  16|   0|   16|          0|
    |u_44_reg_1308                              |  16|   0|   16|          0|
    |u_45_reg_1068                              |  16|   0|   16|          0|
    |u_46_reg_1073                              |  16|   0|   16|          0|
    |u_47_reg_1313                              |  16|   0|   16|          0|
    |u_4_reg_933                                |  16|   0|   16|          0|
    |u_5_reg_1243                               |  16|   0|   16|          0|
    |u_6_reg_938                                |  16|   0|   16|          0|
    |u_7_reg_943                                |  16|   0|   16|          0|
    |u_8_reg_1248                               |  16|   0|   16|          0|
    |u_9_reg_948                                |  16|   0|   16|          0|
    |u_reg_918                                  |  16|   0|   16|          0|
    |zext_ln14_reg_880                          |  31|   0|   64|         33|
    |first_iter_0_reg_197                       |  64|  32|    1|          0|
    |icmp_ln14_2_reg_914                        |  64|  32|    1|          0|
    +-------------------------------------------+----+----+-----+-----------+
    |Total                                      |1404|  64| 1311|         33|
    +-------------------------------------------+----+----+-----+-----------+



================================================================
== Interface
================================================================
* Summary: 
+-----------------------+-----+-----+---------------+--------------+--------------+
|       RTL Ports       | Dir | Bits|    Protocol   | Source Object|    C Type    |
+-----------------------+-----+-----+---------------+--------------+--------------+
|s_axi_control_AWVALID  |   in|    1|          s_axi|       control|        scalar|
|s_axi_control_AWREADY  |  out|    1|          s_axi|       control|        scalar|
|s_axi_control_AWADDR   |   in|    6|          s_axi|       control|        scalar|
|s_axi_control_WVALID   |   in|    1|          s_axi|       control|        scalar|
|s_axi_control_WREADY   |  out|    1|          s_axi|       control|        scalar|
|s_axi_control_WDATA    |   in|   32|          s_axi|       control|        scalar|
|s_axi_control_WSTRB    |   in|    4|          s_axi|       control|        scalar|
|s_axi_control_ARVALID  |   in|    1|          s_axi|       control|        scalar|
|s_axi_control_ARREADY  |  out|    1|          s_axi|       control|        scalar|
|s_axi_control_ARADDR   |   in|    6|          s_axi|       control|        scalar|
|s_axi_control_RVALID   |  out|    1|          s_axi|       control|        scalar|
|s_axi_control_RREADY   |   in|    1|          s_axi|       control|        scalar|
|s_axi_control_RDATA    |  out|   32|          s_axi|       control|        scalar|
|s_axi_control_RRESP    |  out|    2|          s_axi|       control|        scalar|
|s_axi_control_BVALID   |  out|    1|          s_axi|       control|        scalar|
|s_axi_control_BREADY   |   in|    1|          s_axi|       control|        scalar|
|s_axi_control_BRESP    |  out|    2|          s_axi|       control|        scalar|
|ap_clk                 |   in|    1|  ap_ctrl_chain|        Add_IP|  return value|
|ap_rst_n               |   in|    1|  ap_ctrl_chain|        Add_IP|  return value|
|interrupt              |  out|    1|  ap_ctrl_chain|        Add_IP|  return value|
|m_axi_gmem0_AWVALID    |  out|    1|          m_axi|         gmem0|       pointer|
|m_axi_gmem0_AWREADY    |   in|    1|          m_axi|         gmem0|       pointer|
|m_axi_gmem0_AWADDR     |  out|   64|          m_axi|         gmem0|       pointer|
|m_axi_gmem0_AWID       |  out|    1|          m_axi|         gmem0|       pointer|
|m_axi_gmem0_AWLEN      |  out|    8|          m_axi|         gmem0|       pointer|
|m_axi_gmem0_AWSIZE     |  out|    3|          m_axi|         gmem0|       pointer|
|m_axi_gmem0_AWBURST    |  out|    2|          m_axi|         gmem0|       pointer|
|m_axi_gmem0_AWLOCK     |  out|    2|          m_axi|         gmem0|       pointer|
|m_axi_gmem0_AWCACHE    |  out|    4|          m_axi|         gmem0|       pointer|
|m_axi_gmem0_AWPROT     |  out|    3|          m_axi|         gmem0|       pointer|
|m_axi_gmem0_AWQOS      |  out|    4|          m_axi|         gmem0|       pointer|
|m_axi_gmem0_AWREGION   |  out|    4|          m_axi|         gmem0|       pointer|
|m_axi_gmem0_AWUSER     |  out|    1|          m_axi|         gmem0|       pointer|
|m_axi_gmem0_WVALID     |  out|    1|          m_axi|         gmem0|       pointer|
|m_axi_gmem0_WREADY     |   in|    1|          m_axi|         gmem0|       pointer|
|m_axi_gmem0_WDATA      |  out|  256|          m_axi|         gmem0|       pointer|
|m_axi_gmem0_WSTRB      |  out|   32|          m_axi|         gmem0|       pointer|
|m_axi_gmem0_WLAST      |  out|    1|          m_axi|         gmem0|       pointer|
|m_axi_gmem0_WID        |  out|    1|          m_axi|         gmem0|       pointer|
|m_axi_gmem0_WUSER      |  out|    1|          m_axi|         gmem0|       pointer|
|m_axi_gmem0_ARVALID    |  out|    1|          m_axi|         gmem0|       pointer|
|m_axi_gmem0_ARREADY    |   in|    1|          m_axi|         gmem0|       pointer|
|m_axi_gmem0_ARADDR     |  out|   64|          m_axi|         gmem0|       pointer|
|m_axi_gmem0_ARID       |  out|    1|          m_axi|         gmem0|       pointer|
|m_axi_gmem0_ARLEN      |  out|    8|          m_axi|         gmem0|       pointer|
|m_axi_gmem0_ARSIZE     |  out|    3|          m_axi|         gmem0|       pointer|
|m_axi_gmem0_ARBURST    |  out|    2|          m_axi|         gmem0|       pointer|
|m_axi_gmem0_ARLOCK     |  out|    2|          m_axi|         gmem0|       pointer|
|m_axi_gmem0_ARCACHE    |  out|    4|          m_axi|         gmem0|       pointer|
|m_axi_gmem0_ARPROT     |  out|    3|          m_axi|         gmem0|       pointer|
|m_axi_gmem0_ARQOS      |  out|    4|          m_axi|         gmem0|       pointer|
|m_axi_gmem0_ARREGION   |  out|    4|          m_axi|         gmem0|       pointer|
|m_axi_gmem0_ARUSER     |  out|    1|          m_axi|         gmem0|       pointer|
|m_axi_gmem0_RVALID     |   in|    1|          m_axi|         gmem0|       pointer|
|m_axi_gmem0_RREADY     |  out|    1|          m_axi|         gmem0|       pointer|
|m_axi_gmem0_RDATA      |   in|  256|          m_axi|         gmem0|       pointer|
|m_axi_gmem0_RLAST      |   in|    1|          m_axi|         gmem0|       pointer|
|m_axi_gmem0_RID        |   in|    1|          m_axi|         gmem0|       pointer|
|m_axi_gmem0_RUSER      |   in|    1|          m_axi|         gmem0|       pointer|
|m_axi_gmem0_RRESP      |   in|    2|          m_axi|         gmem0|       pointer|
|m_axi_gmem0_BVALID     |   in|    1|          m_axi|         gmem0|       pointer|
|m_axi_gmem0_BREADY     |  out|    1|          m_axi|         gmem0|       pointer|
|m_axi_gmem0_BRESP      |   in|    2|          m_axi|         gmem0|       pointer|
|m_axi_gmem0_BID        |   in|    1|          m_axi|         gmem0|       pointer|
|m_axi_gmem0_BUSER      |   in|    1|          m_axi|         gmem0|       pointer|
|m_axi_gmem1_AWVALID    |  out|    1|          m_axi|         gmem1|       pointer|
|m_axi_gmem1_AWREADY    |   in|    1|          m_axi|         gmem1|       pointer|
|m_axi_gmem1_AWADDR     |  out|   64|          m_axi|         gmem1|       pointer|
|m_axi_gmem1_AWID       |  out|    1|          m_axi|         gmem1|       pointer|
|m_axi_gmem1_AWLEN      |  out|    8|          m_axi|         gmem1|       pointer|
|m_axi_gmem1_AWSIZE     |  out|    3|          m_axi|         gmem1|       pointer|
|m_axi_gmem1_AWBURST    |  out|    2|          m_axi|         gmem1|       pointer|
|m_axi_gmem1_AWLOCK     |  out|    2|          m_axi|         gmem1|       pointer|
|m_axi_gmem1_AWCACHE    |  out|    4|          m_axi|         gmem1|       pointer|
|m_axi_gmem1_AWPROT     |  out|    3|          m_axi|         gmem1|       pointer|
|m_axi_gmem1_AWQOS      |  out|    4|          m_axi|         gmem1|       pointer|
|m_axi_gmem1_AWREGION   |  out|    4|          m_axi|         gmem1|       pointer|
|m_axi_gmem1_AWUSER     |  out|    1|          m_axi|         gmem1|       pointer|
|m_axi_gmem1_WVALID     |  out|    1|          m_axi|         gmem1|       pointer|
|m_axi_gmem1_WREADY     |   in|    1|          m_axi|         gmem1|       pointer|
|m_axi_gmem1_WDATA      |  out|  256|          m_axi|         gmem1|       pointer|
|m_axi_gmem1_WSTRB      |  out|   32|          m_axi|         gmem1|       pointer|
|m_axi_gmem1_WLAST      |  out|    1|          m_axi|         gmem1|       pointer|
|m_axi_gmem1_WID        |  out|    1|          m_axi|         gmem1|       pointer|
|m_axi_gmem1_WUSER      |  out|    1|          m_axi|         gmem1|       pointer|
|m_axi_gmem1_ARVALID    |  out|    1|          m_axi|         gmem1|       pointer|
|m_axi_gmem1_ARREADY    |   in|    1|          m_axi|         gmem1|       pointer|
|m_axi_gmem1_ARADDR     |  out|   64|          m_axi|         gmem1|       pointer|
|m_axi_gmem1_ARID       |  out|    1|          m_axi|         gmem1|       pointer|
|m_axi_gmem1_ARLEN      |  out|    8|          m_axi|         gmem1|       pointer|
|m_axi_gmem1_ARSIZE     |  out|    3|          m_axi|         gmem1|       pointer|
|m_axi_gmem1_ARBURST    |  out|    2|          m_axi|         gmem1|       pointer|
|m_axi_gmem1_ARLOCK     |  out|    2|          m_axi|         gmem1|       pointer|
|m_axi_gmem1_ARCACHE    |  out|    4|          m_axi|         gmem1|       pointer|
|m_axi_gmem1_ARPROT     |  out|    3|          m_axi|         gmem1|       pointer|
|m_axi_gmem1_ARQOS      |  out|    4|          m_axi|         gmem1|       pointer|
|m_axi_gmem1_ARREGION   |  out|    4|          m_axi|         gmem1|       pointer|
|m_axi_gmem1_ARUSER     |  out|    1|          m_axi|         gmem1|       pointer|
|m_axi_gmem1_RVALID     |   in|    1|          m_axi|         gmem1|       pointer|
|m_axi_gmem1_RREADY     |  out|    1|          m_axi|         gmem1|       pointer|
|m_axi_gmem1_RDATA      |   in|  256|          m_axi|         gmem1|       pointer|
|m_axi_gmem1_RLAST      |   in|    1|          m_axi|         gmem1|       pointer|
|m_axi_gmem1_RID        |   in|    1|          m_axi|         gmem1|       pointer|
|m_axi_gmem1_RUSER      |   in|    1|          m_axi|         gmem1|       pointer|
|m_axi_gmem1_RRESP      |   in|    2|          m_axi|         gmem1|       pointer|
|m_axi_gmem1_BVALID     |   in|    1|          m_axi|         gmem1|       pointer|
|m_axi_gmem1_BREADY     |  out|    1|          m_axi|         gmem1|       pointer|
|m_axi_gmem1_BRESP      |   in|    2|          m_axi|         gmem1|       pointer|
|m_axi_gmem1_BID        |   in|    1|          m_axi|         gmem1|       pointer|
|m_axi_gmem1_BUSER      |   in|    1|          m_axi|         gmem1|       pointer|
|m_axi_gmem2_AWVALID    |  out|    1|          m_axi|         gmem2|       pointer|
|m_axi_gmem2_AWREADY    |   in|    1|          m_axi|         gmem2|       pointer|
|m_axi_gmem2_AWADDR     |  out|   64|          m_axi|         gmem2|       pointer|
|m_axi_gmem2_AWID       |  out|    1|          m_axi|         gmem2|       pointer|
|m_axi_gmem2_AWLEN      |  out|    8|          m_axi|         gmem2|       pointer|
|m_axi_gmem2_AWSIZE     |  out|    3|          m_axi|         gmem2|       pointer|
|m_axi_gmem2_AWBURST    |  out|    2|          m_axi|         gmem2|       pointer|
|m_axi_gmem2_AWLOCK     |  out|    2|          m_axi|         gmem2|       pointer|
|m_axi_gmem2_AWCACHE    |  out|    4|          m_axi|         gmem2|       pointer|
|m_axi_gmem2_AWPROT     |  out|    3|          m_axi|         gmem2|       pointer|
|m_axi_gmem2_AWQOS      |  out|    4|          m_axi|         gmem2|       pointer|
|m_axi_gmem2_AWREGION   |  out|    4|          m_axi|         gmem2|       pointer|
|m_axi_gmem2_AWUSER     |  out|    1|          m_axi|         gmem2|       pointer|
|m_axi_gmem2_WVALID     |  out|    1|          m_axi|         gmem2|       pointer|
|m_axi_gmem2_WREADY     |   in|    1|          m_axi|         gmem2|       pointer|
|m_axi_gmem2_WDATA      |  out|  256|          m_axi|         gmem2|       pointer|
|m_axi_gmem2_WSTRB      |  out|   32|          m_axi|         gmem2|       pointer|
|m_axi_gmem2_WLAST      |  out|    1|          m_axi|         gmem2|       pointer|
|m_axi_gmem2_WID        |  out|    1|          m_axi|         gmem2|       pointer|
|m_axi_gmem2_WUSER      |  out|    1|          m_axi|         gmem2|       pointer|
|m_axi_gmem2_ARVALID    |  out|    1|          m_axi|         gmem2|       pointer|
|m_axi_gmem2_ARREADY    |   in|    1|          m_axi|         gmem2|       pointer|
|m_axi_gmem2_ARADDR     |  out|   64|          m_axi|         gmem2|       pointer|
|m_axi_gmem2_ARID       |  out|    1|          m_axi|         gmem2|       pointer|
|m_axi_gmem2_ARLEN      |  out|    8|          m_axi|         gmem2|       pointer|
|m_axi_gmem2_ARSIZE     |  out|    3|          m_axi|         gmem2|       pointer|
|m_axi_gmem2_ARBURST    |  out|    2|          m_axi|         gmem2|       pointer|
|m_axi_gmem2_ARLOCK     |  out|    2|          m_axi|         gmem2|       pointer|
|m_axi_gmem2_ARCACHE    |  out|    4|          m_axi|         gmem2|       pointer|
|m_axi_gmem2_ARPROT     |  out|    3|          m_axi|         gmem2|       pointer|
|m_axi_gmem2_ARQOS      |  out|    4|          m_axi|         gmem2|       pointer|
|m_axi_gmem2_ARREGION   |  out|    4|          m_axi|         gmem2|       pointer|
|m_axi_gmem2_ARUSER     |  out|    1|          m_axi|         gmem2|       pointer|
|m_axi_gmem2_RVALID     |   in|    1|          m_axi|         gmem2|       pointer|
|m_axi_gmem2_RREADY     |  out|    1|          m_axi|         gmem2|       pointer|
|m_axi_gmem2_RDATA      |   in|  256|          m_axi|         gmem2|       pointer|
|m_axi_gmem2_RLAST      |   in|    1|          m_axi|         gmem2|       pointer|
|m_axi_gmem2_RID        |   in|    1|          m_axi|         gmem2|       pointer|
|m_axi_gmem2_RUSER      |   in|    1|          m_axi|         gmem2|       pointer|
|m_axi_gmem2_RRESP      |   in|    2|          m_axi|         gmem2|       pointer|
|m_axi_gmem2_BVALID     |   in|    1|          m_axi|         gmem2|       pointer|
|m_axi_gmem2_BREADY     |  out|    1|          m_axi|         gmem2|       pointer|
|m_axi_gmem2_BRESP      |   in|    2|          m_axi|         gmem2|       pointer|
|m_axi_gmem2_BID        |   in|    1|          m_axi|         gmem2|       pointer|
|m_axi_gmem2_BUSER      |   in|    1|          m_axi|         gmem2|       pointer|
+-----------------------+-----+-----+---------------+--------------+--------------+

