

================================================================
== Synthesis Summary Report of 'Add_IP'
================================================================
+ General Information: 
    * Date:           Tue Apr 14 09:38:07 2026
    * Version:        2024.2 (Build 5238294 on Nov  8 2024)
    * Project:        prj
    * Solution:       solution1 (Vitis Kernel Flow Target)
    * Product family: zynquplus
    * Target device:  xczu7ev-ffvc1156-2-e
    

+ Performance & Resource Estimates: 
    
    PS: '+' for module; 'o' for loop; '*' for dataflow
    +--------------------+--------+-------+---------+--------+----------+---------+------+----------+-----------+---------+-----------+-----------+-----+
    |       Modules      |  Issue |       | Latency | Latency| Iteration|         | Trip |          |           |         |           |           |     |
    |       & Loops      |  Type  | Slack | (cycles)|  (ns)  |  Latency | Interval| Count| Pipelined|   BRAM    |   DSP   |     FF    |    LUT    | URAM|
    +--------------------+--------+-------+---------+--------+----------+---------+------+----------+-----------+---------+-----------+-----------+-----+
    |+ Add_IP            |  Timing|  -0.00|        -|       -|         -|        -|     -|        no|  131 (20%)|  32 (1%)|  6562 (1%)|  6031 (2%)|    -|
    | o VITIS_LOOP_14_1  |       -|   2.43|        -|       -|       147|        1|     -|       yes|          -|        -|          -|          -|    -|
    +--------------------+--------+-------+---------+--------+----------+---------+------+----------+-----------+---------+-----------+-----------+-----+


================================================================
== HW Interfaces
================================================================
* M_AXI
+-------------+------------+------------+---------------+---------+--------+----------+-----------+--------------+--------------+-------------+-------------+-------------------+
| Interface   | Read/Write | Data Width | Address Width | Latency | Offset | Register | Max Widen | Max Read     | Max Write    | Num Read    | Num Write   | Resource Estimate |
|             |            | (SW->HW)   |               |         |        |          | Bitwidth  | Burst Length | Burst Length | Outstanding | Outstanding |                   |
+-------------+------------+------------+---------------+---------+--------+----------+-----------+--------------+--------------+-------------+-------------+-------------------+
| m_axi_gmem0 | READ_ONLY  | 256 -> 256 | 64            | 64      | slave  | 0        | 512       | 256          | 16           | 16          | 16          | BRAM=58           |
| m_axi_gmem1 | READ_ONLY  | 256 -> 256 | 64            | 64      | slave  | 0        | 512       | 256          | 16           | 16          | 16          | BRAM=58           |
| m_axi_gmem2 | WRITE_ONLY | 256 -> 256 | 64            | 64      | slave  | 0        | 512       | 16           | 256          | 16          | 16          | BRAM=15           |
+-------------+------------+------------+---------------+---------+--------+----------+-----------+--------------+--------------+-------------+-------------+-------------------+

* S_AXILITE Interfaces
+---------------+------------+---------------+--------+----------+
| Interface     | Data Width | Address Width | Offset | Register |
+---------------+------------+---------------+--------+----------+
| s_axi_control | 32         | 6             | 16     | 0        |
+---------------+------------+---------------+--------+----------+

* S_AXILITE Registers
+---------------+----------+--------+-------+--------+----------------------------------+------------------------------------------------------------------------------------+
| Interface     | Register | Offset | Width | Access | Description                      | Bit Fields                                                                         |
+---------------+----------+--------+-------+--------+----------------------------------+------------------------------------------------------------------------------------+
| s_axi_control | CTRL     | 0x00   | 32    | RW     | Control signals                  | 0=AP_START 1=AP_DONE 2=AP_IDLE 3=AP_READY 4=AP_CONTINUE 7=AUTO_RESTART 9=INTERRUPT |
| s_axi_control | GIER     | 0x04   | 32    | RW     | Global Interrupt Enable Register | 0=Enable                                                                           |
| s_axi_control | IP_IER   | 0x08   | 32    | RW     | IP Interrupt Enable Register     | 0=CHAN0_INT_EN 1=CHAN1_INT_EN                                                      |
| s_axi_control | IP_ISR   | 0x0c   | 32    | RW     | IP Interrupt Status Register     | 0=CHAN0_INT_ST 1=CHAN1_INT_ST                                                      |
| s_axi_control | X1_1     | 0x10   | 32    | W      | Data signal of X1                |                                                                                    |
| s_axi_control | X1_2     | 0x14   | 32    | W      | Data signal of X1                |                                                                                    |
| s_axi_control | X2_1     | 0x1c   | 32    | W      | Data signal of X2                |                                                                                    |
| s_axi_control | X2_2     | 0x20   | 32    | W      | Data signal of X2                |                                                                                    |
| s_axi_control | Y_1      | 0x28   | 32    | W      | Data signal of Y                 |                                                                                    |
| s_axi_control | Y_2      | 0x2c   | 32    | W      | Data signal of Y                 |                                                                                    |
| s_axi_control | N        | 0x34   | 32    | W      | Data signal of N                 |                                                                                    |
+---------------+----------+--------+-------+--------+----------------------------------+------------------------------------------------------------------------------------+

* TOP LEVEL CONTROL
+-----------+---------------+-----------+
| Interface | Type          | Ports     |
+-----------+---------------+-----------+
| ap_clk    | clock         | ap_clk    |
| ap_rst_n  | reset         | ap_rst_n  |
| interrupt | interrupt     | interrupt |
| ap_ctrl   | ap_ctrl_chain |           |
+-----------+---------------+-----------+


================================================================
== SW I/O Information
================================================================
* Top Function Arguments
+----------+-----------+---------------+
| Argument | Direction | Datatype      |
+----------+-----------+---------------+
| X1       | in        | ap_uint<256>* |
| X2       | in        | ap_uint<256>* |
| Y        | out       | ap_uint<256>* |
| N        | in        | int           |
+----------+-----------+---------------+

* SW-to-HW Mapping
+----------+---------------+-----------+----------+--------------------------------+
| Argument | HW Interface  | HW Type   | HW Usage | HW Info                        |
+----------+---------------+-----------+----------+--------------------------------+
| X1       | m_axi_gmem0   | interface |          | channel=0                      |
| X1       | s_axi_control | register  | offset   | name=X1_1 offset=0x10 range=32 |
| X1       | s_axi_control | register  | offset   | name=X1_2 offset=0x14 range=32 |
| X2       | m_axi_gmem1   | interface |          | channel=0                      |
| X2       | s_axi_control | register  | offset   | name=X2_1 offset=0x1c range=32 |
| X2       | s_axi_control | register  | offset   | name=X2_2 offset=0x20 range=32 |
| Y        | m_axi_gmem2   | interface |          | channel=0                      |
| Y        | s_axi_control | register  | offset   | name=Y_1 offset=0x28 range=32  |
| Y        | s_axi_control | register  | offset   | name=Y_2 offset=0x2c range=32  |
| N        | s_axi_control | register  |          | name=N offset=0x34 range=32    |
+----------+---------------+-----------+----------+--------------------------------+


================================================================
== M_AXI Burst Information
================================================================
 Note: All burst requests might be further partitioned into multiple requests during RTL generation based on max_read_burst_length or max_write_burst_length settings.

* Inferred Burst Summary
+--------------+-----------+----------+-------+-----------------+-------------------+
| HW Interface | Direction | Length   | Width | Loop            | Loop Location     |
+--------------+-----------+----------+-------+-----------------+-------------------+
| m_axi_gmem0  | read      | variable | 256   | VITIS_LOOP_14_1 | gen/Add.cpp:14:19 |
| m_axi_gmem1  | read      | variable | 256   | VITIS_LOOP_14_1 | gen/Add.cpp:14:19 |
| m_axi_gmem2  | write     | variable | 256   | VITIS_LOOP_14_1 | gen/Add.cpp:14:19 |
+--------------+-----------+----------+-------+-----------------+-------------------+

* All M_AXI Variable Accesses
+--------------+----------+-------------------+-----------+--------------+----------+-----------------+-------------------+------------+------------------------------------------------+
| HW Interface | Variable | Access Location   | Direction | Burst Status | Length   | Loop            | Loop Location     | Resolution | Problem                                        |
+--------------+----------+-------------------+-----------+--------------+----------+-----------------+-------------------+------------+------------------------------------------------+
| m_axi_gmem0  | X1       | gen/Add.cpp:16:22 | read      | Widen Fail   |          | VITIS_LOOP_14_1 | gen/Add.cpp:14:19 | 214-234    | Sequential access length is not divisible by 2 |
| m_axi_gmem0  | X1       | gen/Add.cpp:16:22 | read      | Inferred     | variable | VITIS_LOOP_14_1 | gen/Add.cpp:14:19 |            |                                                |
| m_axi_gmem1  | X2       | gen/Add.cpp:17:29 | read      | Widen Fail   |          | VITIS_LOOP_14_1 | gen/Add.cpp:14:19 | 214-234    | Sequential access length is not divisible by 2 |
| m_axi_gmem1  | X2       | gen/Add.cpp:17:29 | read      | Inferred     | variable | VITIS_LOOP_14_1 | gen/Add.cpp:14:19 |            |                                                |
| m_axi_gmem2  | Y        | gen/Add.cpp:25:14 | write     | Widen Fail   |          | VITIS_LOOP_14_1 | gen/Add.cpp:14:19 | 214-234    | Sequential access length is not divisible by 2 |
| m_axi_gmem2  | Y        | gen/Add.cpp:25:14 | write     | Inferred     | variable | VITIS_LOOP_14_1 | gen/Add.cpp:14:19 |            |                                                |
+--------------+----------+-------------------+-----------+--------------+----------+-----------------+-------------------+------------+------------------------------------------------+

    * Resolution URL: docs.xilinx.com/access/sources/dita/topic?Doc_Version=2024.2%20English&url=ug1448-hls-guidance&resourceid=XXX-YYY.html (replace XXX-YYY with column value)

================================================================
== Bind Op Report
================================================================
+--------------------------------------+-----+--------+-------------+--------+----------+---------+
| Name                                 | DSP | Pragma | Variable    | Op     | Impl     | Latency |
+--------------------------------------+-----+--------+-------------+--------+----------+---------+
| + Add_IP                             | 32  |        |             |        |          |         |
|   icmp_ln14_fu_283_p2                |     |        | icmp_ln14   | setgt  | auto     | 0       |
|   empty_fu_288_p3                    |     |        | empty       | select | auto_sel | 0       |
|   icmp_ln14_1_fu_326_p2              |     |        | icmp_ln14_1 | setlt  | auto     | 0       |
|   add_ln14_fu_331_p2                 |     |        | add_ln14    | add    | fabric   | 0       |
|   hadd_16ns_16ns_16_5_full_dsp_1_U1  | 2   |        | u_2         | hadd   | fulldsp  | 4       |
|   hadd_16ns_16ns_16_5_full_dsp_1_U2  | 2   |        | u_5         | hadd   | fulldsp  | 4       |
|   hadd_16ns_16ns_16_5_full_dsp_1_U3  | 2   |        | u_8         | hadd   | fulldsp  | 4       |
|   hadd_16ns_16ns_16_5_full_dsp_1_U4  | 2   |        | u_11        | hadd   | fulldsp  | 4       |
|   hadd_16ns_16ns_16_5_full_dsp_1_U5  | 2   |        | u_14        | hadd   | fulldsp  | 4       |
|   hadd_16ns_16ns_16_5_full_dsp_1_U6  | 2   |        | u_17        | hadd   | fulldsp  | 4       |
|   hadd_16ns_16ns_16_5_full_dsp_1_U7  | 2   |        | u_20        | hadd   | fulldsp  | 4       |
|   hadd_16ns_16ns_16_5_full_dsp_1_U8  | 2   |        | u_23        | hadd   | fulldsp  | 4       |
|   hadd_16ns_16ns_16_5_full_dsp_1_U9  | 2   |        | u_26        | hadd   | fulldsp  | 4       |
|   hadd_16ns_16ns_16_5_full_dsp_1_U10 | 2   |        | u_29        | hadd   | fulldsp  | 4       |
|   hadd_16ns_16ns_16_5_full_dsp_1_U11 | 2   |        | u_32        | hadd   | fulldsp  | 4       |
|   hadd_16ns_16ns_16_5_full_dsp_1_U12 | 2   |        | u_35        | hadd   | fulldsp  | 4       |
|   hadd_16ns_16ns_16_5_full_dsp_1_U13 | 2   |        | u_38        | hadd   | fulldsp  | 4       |
|   hadd_16ns_16ns_16_5_full_dsp_1_U14 | 2   |        | u_41        | hadd   | fulldsp  | 4       |
|   hadd_16ns_16ns_16_5_full_dsp_1_U15 | 2   |        | u_44        | hadd   | fulldsp  | 4       |
|   hadd_16ns_16ns_16_5_full_dsp_1_U16 | 2   |        | u_47        | hadd   | fulldsp  | 4       |
|   icmp_ln14_2_fu_385_p2              |     |        | icmp_ln14_2 | setlt  | auto     | 0       |
+--------------------------------------+-----+--------+-------------+--------+----------+---------+


================================================================
== Storage Report
================================================================
+-------------------+-----------+-----------+------+------+--------+----------+------+---------+------------------+
| Name              | Usage     | Type      | BRAM | URAM | Pragma | Variable | Impl | Latency | Bitwidth, Depth, |
|                   |           |           |      |      |        |          |      |         | Banks            |
+-------------------+-----------+-----------+------+------+--------+----------+------+---------+------------------+
| + Add_IP          |           |           | 131  | 0    |        |          |      |         |                  |
|   control_s_axi_U | interface | s_axilite |      |      |        |          |      |         |                  |
|   gmem0_m_axi_U   | interface | m_axi     | 58   |      |        |          |      |         |                  |
|   gmem1_m_axi_U   | interface | m_axi     | 58   |      |        |          |      |         |                  |
|   gmem2_m_axi_U   | interface | m_axi     | 15   |      |        |          |      |         |                  |
+-------------------+-----------+-----------+------+------+--------+----------+------+---------+------------------+


================================================================
== Pragma Report
================================================================
* Valid Pragma Syntax
+-----------------+-------------------------------------------------------------------+------------------------------------------------------------------------------+
| Type            | Options                                                           | Location                                                                     |
+-----------------+-------------------------------------------------------------------+------------------------------------------------------------------------------+
| inline          |                                                                   | ../resblock_top/gen/Hls_Layers.tpp:21 in half_to_bits                        |
| inline          |                                                                   | ../resblock_top/gen/Hls_Layers.tpp:37 in bits_to_half                        |
| inline          |                                                                   | ../resblock_top/gen/Hls_Layers.tpp:52 in flat_idx                            |
| inline          |                                                                   | ../resblock_top/gen/Hls_Layers.tpp:58 in w_flat_idx                          |
| inline          |                                                                   | ../resblock_top/gen/Hls_Layers.tpp:64 in my_sqrt_f                           |
| inline          | off                                                               | ../resblock_top/gen/Hls_Layers.tpp:87 in load_params                         |
| pipeline        | II=1                                                              | ../resblock_top/gen/Hls_Layers.tpp:89 in load_params                         |
| pipeline        | II=1                                                              | ../resblock_top/gen/Hls_Layers.tpp:93 in load_params                         |
| pipeline        | II=1                                                              | ../resblock_top/gen/Hls_Layers.tpp:97 in load_params                         |
| inline          | off                                                               | ../resblock_top/gen/Hls_Layers.tpp:116 in init_rows                          |
| pipeline        | II=1                                                              | ../resblock_top/gen/Hls_Layers.tpp:130 in init_rows                          |
| pipeline        | II=1                                                              | ../resblock_top/gen/Hls_Layers.tpp:137 in init_rows                          |
| inline          | off                                                               | ../resblock_top/gen/Hls_Layers.tpp:168 in fused_conv_cnorm_act               |
| array_partition | variable=sum_acc complete                                         | ../resblock_top/gen/Hls_Layers.tpp:186 in fused_conv_cnorm_act, sum_acc      |
| array_partition | variable=sumsq_acc complete                                       | ../resblock_top/gen/Hls_Layers.tpp:187 in fused_conv_cnorm_act, sumsq_acc    |
| pipeline        | II=1                                                              | ../resblock_top/gen/Hls_Layers.tpp:193 in fused_conv_cnorm_act               |
| array_partition | variable=psum complete dim=0                                      | ../resblock_top/gen/Hls_Layers.tpp:202 in fused_conv_cnorm_act, psum         |
| unroll          |                                                                   | ../resblock_top/gen/Hls_Layers.tpp:204 in fused_conv_cnorm_act               |
| unroll          |                                                                   | ../resblock_top/gen/Hls_Layers.tpp:206 in fused_conv_cnorm_act               |
| array_partition | variable=x_word_reg complete                                      | ../resblock_top/gen/Hls_Layers.tpp:231 in fused_conv_cnorm_act, x_word_reg   |
| pipeline        | II=1                                                              | ../resblock_top/gen/Hls_Layers.tpp:234 in fused_conv_cnorm_act               |
| dependence      | variable=psum type=inter false                                    | ../resblock_top/gen/Hls_Layers.tpp:238 in fused_conv_cnorm_act, psum         |
| unroll          |                                                                   | ../resblock_top/gen/Hls_Layers.tpp:252 in fused_conv_cnorm_act               |
| pipeline        | II=1                                                              | ../resblock_top/gen/Hls_Layers.tpp:286 in fused_conv_cnorm_act               |
| pipeline        | II=1                                                              | ../resblock_top/gen/Hls_Layers.tpp:307 in fused_conv_cnorm_act               |
| pipeline        | II=1                                                              | ../resblock_top/gen/Hls_Layers.tpp:314 in fused_conv_cnorm_act               |
| pipeline        | II=1                                                              | ../resblock_top/gen/Hls_Layers.tpp:331 in fused_conv_cnorm_act               |
| unroll          |                                                                   | ../resblock_top/gen/Hls_Layers.tpp:343 in fused_conv_cnorm_act               |
| bind_storage    | variable=x_buf_256 type=ram_2p impl=bram                          | ../resblock_top/gen/Hls_Layers.tpp:382 in residualblock_kernel, x_buf_256    |
| array_partition | variable=x_buf_256 complete dim=2                                 | ../resblock_top/gen/Hls_Layers.tpp:383 in residualblock_kernel, x_buf_256    |
| bind_storage    | variable=skip_buf_256 type=ram_2p impl=uram                       | ../resblock_top/gen/Hls_Layers.tpp:386 in residualblock_kernel, skip_buf_256 |
| bind_storage    | variable=y_cache_16 type=ram_2p impl=bram                         | ../resblock_top/gen/Hls_Layers.tpp:389 in residualblock_kernel, y_cache_16   |
| array_partition | variable=y_cache_16 cyclic factor=16 dim=2                        | ../resblock_top/gen/Hls_Layers.tpp:390 in residualblock_kernel, y_cache_16   |
| array_partition | variable=w_buf_256 complete dim=1                                 | ../resblock_top/gen/Hls_Layers.tpp:397 in residualblock_kernel, w_buf_256    |
| inline          |                                                                   | gen/../../resblock_top/gen/Core.h:98 in index                                |
| inline          |                                                                   | gen/../../resblock_top/gen/Core.h:106 in tensormem<t>                        |
| inline          |                                                                   | gen/../../resblock_top/gen/Core.h:112 in tensormem<t>                        |
| inline          |                                                                   | gen/../../resblock_top/gen/Core.h:136 in raw_at                              |
| inline          |                                                                   | gen/../../resblock_top/gen/Core.h:142 in raw                                 |
| inline          |                                                                   | gen/../../resblock_top/gen/Core.h:148 in raw                                 |
| inline          |                                                                   | gen/../../resblock_top/gen/Core.h:154 in get                                 |
| inline          |                                                                   | gen/../../resblock_top/gen/Core.h:160 in at                                  |
| interface       | m_axi port=X1 offset=slave bundle=gmem0 max_read_burst_length=256 | gen/Add.cpp:5 in add_ip, X1                                                  |
| interface       | m_axi port=X2 offset=slave bundle=gmem1 max_read_burst_length=256 | gen/Add.cpp:6 in add_ip, X2                                                  |
| interface       | m_axi port=Y offset=slave bundle=gmem2 max_write_burst_length=256 | gen/Add.cpp:7 in add_ip, Y                                                   |
| interface       | s_axilite port=X1 bundle=control                                  | gen/Add.cpp:8 in add_ip, X1                                                  |
| interface       | s_axilite port=X2 bundle=control                                  | gen/Add.cpp:9 in add_ip, X2                                                  |
| interface       | s_axilite port=Y bundle=control                                   | gen/Add.cpp:10 in add_ip, Y                                                  |
| interface       | s_axilite port=N bundle=control                                   | gen/Add.cpp:11 in add_ip, N                                                  |
| interface       | s_axilite port=return bundle=control                              | gen/Add.cpp:12 in add_ip, return                                             |
| pipeline        | II=1                                                              | gen/Add.cpp:15 in add_ip                                                     |
| unroll          |                                                                   | gen/Add.cpp:20 in add_ip                                                     |
+-----------------+-------------------------------------------------------------------+------------------------------------------------------------------------------+


