/home/rimurutempest/Code/LSI_Design_Contest/HLS_DesignFlow/Lab3/hls_component_dct/hls_config.cfg:23:9: warning: HLS pragma dump _XLX_SEP_ PragmaIsValid=1_XLX_SEP_ PragmaType=pipeline_XLX_SEP_ PragmaContext=directive_XLX_SEP_ PragmaFunction=dct_1d_XLX_SEP_ PragmaOptions=_XLX_SEP_ [-Wdump-hls-pragmas]
#pragma HLSDIRECTIVE PIPELINE
        ^
/home/rimurutempest/Code/LSI_Design_Contest/HLS_DesignFlow/Lab3/hls_component_dct/hls_config.cfg:18:9: warning: HLS pragma dump _XLX_SEP_ PragmaIsValid=1_XLX_SEP_ PragmaType=pipeline_XLX_SEP_ PragmaContext=directive_XLX_SEP_ PragmaFunction=dct_1d_XLX_SEP_ PragmaOptions=_XLX_SEP_ [-Wdump-hls-pragmas]
#pragma HLSDIRECTIVE PIPELINE
        ^
/home/rimurutempest/Code/LSI_Design_Contest/HLS_DesignFlow/Lab3/hls_component_dct/hls_config.cfg:19:9: warning: HLS pragma dump _XLX_SEP_ PragmaIsValid=1_XLX_SEP_ PragmaType=pipeline_XLX_SEP_ PragmaContext=directive_XLX_SEP_ PragmaFunction=dct_2d_XLX_SEP_ PragmaOptions=_XLX_SEP_ [-Wdump-hls-pragmas]
#pragma HLSDIRECTIVE PIPELINE
        ^
/home/rimurutempest/Code/LSI_Design_Contest/HLS_DesignFlow/Lab3/hls_component_dct/hls_config.cfg:20:9: warning: HLS pragma dump _XLX_SEP_ PragmaIsValid=1_XLX_SEP_ PragmaType=pipeline_XLX_SEP_ PragmaContext=directive_XLX_SEP_ PragmaFunction=dct_2d_XLX_SEP_ PragmaOptions=_XLX_SEP_ [-Wdump-hls-pragmas]
#pragma HLSDIRECTIVE PIPELINE
        ^
/home/rimurutempest/Code/LSI_Design_Contest/HLS_DesignFlow/Lab3/hls_component_dct/hls_config.cfg:21:9: warning: HLS pragma dump _XLX_SEP_ PragmaIsValid=1_XLX_SEP_ PragmaType=pipeline_XLX_SEP_ PragmaContext=directive_XLX_SEP_ PragmaFunction=read_data_XLX_SEP_ PragmaOptions=_XLX_SEP_ [-Wdump-hls-pragmas]
#pragma HLSDIRECTIVE PIPELINE
        ^
/home/rimurutempest/Code/LSI_Design_Contest/HLS_DesignFlow/Lab3/hls_component_dct/hls_config.cfg:22:9: warning: HLS pragma dump _XLX_SEP_ PragmaIsValid=1_XLX_SEP_ PragmaType=pipeline_XLX_SEP_ PragmaContext=directive_XLX_SEP_ PragmaFunction=write_data_XLX_SEP_ PragmaOptions=_XLX_SEP_ [-Wdump-hls-pragmas]
#pragma HLSDIRECTIVE PIPELINE
        ^
directive:7:9: warning: HLS pragma dump _XLX_SEP_ PragmaIsValid=1_XLX_SEP_ PragmaType=top_XLX_SEP_ PragmaContext=directive_XLX_SEP_ PragmaFunction=dct_XLX_SEP_ PragmaOptions=name=dct_XLX_SEP_ [-Wdump-hls-pragmas]
#pragma HLSDIRECTIVE TOP name=dct
        ^
7 warnings generated.
