

================================================================
== Vitis HLS Report for 'dct_1d'
================================================================
* Date:           Tue Dec  2 13:52:37 2025

* Version:        2024.2 (Build 5238294 on Nov  8 2024)
* Project:        dct
* Solution:       hls (Vivado IP Flow Target)
* Product family: zynq
* Target device:  xc7z020-clg400-1


================================================================
== Performance Estimates
================================================================
+ Timing: 
    * Summary: 
    +--------+----------+----------+------------+
    |  Clock |  Target  | Estimated| Uncertainty|
    +--------+----------+----------+------------+
    |ap_clk  |  10.00 ns|  7.157 ns|     2.70 ns|
    +--------+----------+----------+------------+

+ Latency: 
    * Summary: 
    +---------+---------+----------+----------+-----+-----+---------+
    |  Latency (cycles) |  Latency (absolute) |  Interval | Pipeline|
    |   min   |   max   |    min   |    max   | min | max |   Type  |
    +---------+---------+----------+----------+-----+-----+---------+
    |       16|       16|  0.160 us|  0.160 us|    4|    4|      yes|
    +---------+---------+----------+----------+-----+-----+---------+

    + Detail: 
        * Instance: 
        N/A

        * Loop: 
        N/A

============================================================
+ Verbose Summary: Synthesis Manager
============================================================
InlineROM: 1
ExposeGlobal: 0
============================================================
+ Verbose Summary: CDFG Model
============================================================
IsTopModel: 0
ResetActiveHigh: 1
IsCombinational: 0
IsDatapathOnly: 0
HasWiredReturn: 1
HasMFsm: 2
HasVarLatency: 0
IsPipeline: 1
IsRtlPipelined: 1
IsInstanceOverlapped: 0
IsDontTouch: 0
HasImplIP: 0
IsGatedGlobalClock: 0

+ Individual pipeline summary: 
  * Pipeline-0: initiation interval (II) = 4, depth = 17


============================================================
+ Verbose Summary: Schedule
============================================================
* Number of FSM states : 17
* Pipeline : 1
  Pipeline-0 : II = 4, D = 17, States = { 1 2 3 4 5 6 7 8 9 10 11 12 13 14 15 16 17 }
* Dataflow Pipeline: 0

* FSM state transitions: 
1 --> 2 
2 --> 3 
3 --> 4 
4 --> 5 
5 --> 6 
6 --> 7 
7 --> 8 
8 --> 9 
9 --> 10 
10 --> 11 
11 --> 12 
12 --> 13 
13 --> 14 
14 --> 15 
15 --> 16 
16 --> 17 
17 --> 

* FSM state operations: 

State 1 <SV = 0> <Delay = 3.25>
ST_1 : Operation 18 [1/1] (0.00ns)   --->   "%src_offset_read = read i3 @_ssdm_op_Read.ap_auto.i3, i3 %src_offset" [../source/dct.c:44]   --->   Operation 18 'read' 'src_offset_read' <Predicate = true> <Delay = 0.00>
ST_1 : Operation 19 [1/1] (0.00ns)   --->   "%tmp_5 = bitconcatenate i6 @_ssdm_op_BitConcatenate.i6.i3.i3, i3 %src_offset_read, i3 0" [../source/dct.c:44]   --->   Operation 19 'bitconcatenate' 'tmp_5' <Predicate = true> <Delay = 0.00>
ST_1 : Operation 20 [1/1] (0.00ns)   --->   "%zext_ln44_1 = zext i6 %tmp_5" [../source/dct.c:44]   --->   Operation 20 'zext' 'zext_ln44_1' <Predicate = true> <Delay = 0.00>
ST_1 : Operation 21 [1/1] (0.00ns)   --->   "%src_addr = getelementptr i16 %src, i64 0, i64 %zext_ln44_1" [../source/dct.c:44]   --->   Operation 21 'getelementptr' 'src_addr' <Predicate = true> <Delay = 0.00>
ST_1 : Operation 22 [1/1] (0.00ns)   --->   "%tmp_10 = bitconcatenate i6 @_ssdm_op_BitConcatenate.i6.i3.i3, i3 %src_offset_read, i3 1" [../source/dct.c:44]   --->   Operation 22 'bitconcatenate' 'tmp_10' <Predicate = true> <Delay = 0.00>
ST_1 : Operation 23 [1/1] (0.00ns)   --->   "%zext_ln44_2 = zext i6 %tmp_10" [../source/dct.c:44]   --->   Operation 23 'zext' 'zext_ln44_2' <Predicate = true> <Delay = 0.00>
ST_1 : Operation 24 [1/1] (0.00ns)   --->   "%src_addr_1 = getelementptr i16 %src, i64 0, i64 %zext_ln44_2" [../source/dct.c:44]   --->   Operation 24 'getelementptr' 'src_addr_1' <Predicate = true> <Delay = 0.00>
ST_1 : Operation 25 [2/2] (3.25ns)   --->   "%src_load = load i6 %src_addr" [../source/dct.c:44]   --->   Operation 25 'load' 'src_load' <Predicate = true> <Delay = 3.25> <CoreInst = "RAM">   --->   Core 81 'RAM' <Latency = 1> <II = 1> <Delay = 3.25> <Storage> <Opcode : 'load' 'store'> <Ports = 2> <Width = 16> <Depth = 64> <RAM>
ST_1 : Operation 26 [2/2] (3.25ns)   --->   "%src_load_1 = load i6 %src_addr_1" [../source/dct.c:44]   --->   Operation 26 'load' 'src_load_1' <Predicate = true> <Delay = 3.25> <CoreInst = "RAM">   --->   Core 81 'RAM' <Latency = 1> <II = 1> <Delay = 3.25> <Storage> <Opcode : 'load' 'store'> <Ports = 2> <Width = 16> <Depth = 64> <RAM>

State 2 <SV = 1> <Delay = 3.25>
ST_2 : Operation 27 [1/1] (0.00ns)   --->   "%tmp_11 = bitconcatenate i6 @_ssdm_op_BitConcatenate.i6.i3.i3, i3 %src_offset_read, i3 2" [../source/dct.c:44]   --->   Operation 27 'bitconcatenate' 'tmp_11' <Predicate = true> <Delay = 0.00>
ST_2 : Operation 28 [1/1] (0.00ns)   --->   "%zext_ln44_3 = zext i6 %tmp_11" [../source/dct.c:44]   --->   Operation 28 'zext' 'zext_ln44_3' <Predicate = true> <Delay = 0.00>
ST_2 : Operation 29 [1/1] (0.00ns)   --->   "%src_addr_2 = getelementptr i16 %src, i64 0, i64 %zext_ln44_3" [../source/dct.c:44]   --->   Operation 29 'getelementptr' 'src_addr_2' <Predicate = true> <Delay = 0.00>
ST_2 : Operation 30 [1/1] (0.00ns)   --->   "%tmp_12 = bitconcatenate i6 @_ssdm_op_BitConcatenate.i6.i3.i3, i3 %src_offset_read, i3 3" [../source/dct.c:44]   --->   Operation 30 'bitconcatenate' 'tmp_12' <Predicate = true> <Delay = 0.00>
ST_2 : Operation 31 [1/1] (0.00ns)   --->   "%zext_ln44_4 = zext i6 %tmp_12" [../source/dct.c:44]   --->   Operation 31 'zext' 'zext_ln44_4' <Predicate = true> <Delay = 0.00>
ST_2 : Operation 32 [1/1] (0.00ns)   --->   "%src_addr_3 = getelementptr i16 %src, i64 0, i64 %zext_ln44_4" [../source/dct.c:44]   --->   Operation 32 'getelementptr' 'src_addr_3' <Predicate = true> <Delay = 0.00>
ST_2 : Operation 33 [1/2] ( I:3.25ns O:3.25ns )   --->   "%src_load = load i6 %src_addr" [../source/dct.c:44]   --->   Operation 33 'load' 'src_load' <Predicate = true> <Delay = 3.25> <CoreInst = "RAM">   --->   Core 81 'RAM' <Latency = 1> <II = 1> <Delay = 3.25> <Storage> <Opcode : 'load' 'store'> <Ports = 2> <Width = 16> <Depth = 64> <RAM>
ST_2 : Operation 34 [1/2] ( I:3.25ns O:3.25ns )   --->   "%src_load_1 = load i6 %src_addr_1" [../source/dct.c:44]   --->   Operation 34 'load' 'src_load_1' <Predicate = true> <Delay = 3.25> <CoreInst = "RAM">   --->   Core 81 'RAM' <Latency = 1> <II = 1> <Delay = 3.25> <Storage> <Opcode : 'load' 'store'> <Ports = 2> <Width = 16> <Depth = 64> <RAM>
ST_2 : Operation 35 [2/2] (3.25ns)   --->   "%src_load_2 = load i6 %src_addr_2" [../source/dct.c:44]   --->   Operation 35 'load' 'src_load_2' <Predicate = true> <Delay = 3.25> <CoreInst = "RAM">   --->   Core 81 'RAM' <Latency = 1> <II = 1> <Delay = 3.25> <Storage> <Opcode : 'load' 'store'> <Ports = 2> <Width = 16> <Depth = 64> <RAM>
ST_2 : Operation 36 [2/2] (3.25ns)   --->   "%src_load_3 = load i6 %src_addr_3" [../source/dct.c:44]   --->   Operation 36 'load' 'src_load_3' <Predicate = true> <Delay = 3.25> <CoreInst = "RAM">   --->   Core 81 'RAM' <Latency = 1> <II = 1> <Delay = 3.25> <Storage> <Opcode : 'load' 'store'> <Ports = 2> <Width = 16> <Depth = 64> <RAM>

State 3 <SV = 2> <Delay = 5.58>
ST_3 : Operation 37 [1/1] (0.00ns)   --->   "%tmp_13 = bitconcatenate i6 @_ssdm_op_BitConcatenate.i6.i3.i3, i3 %src_offset_read, i3 4" [../source/dct.c:44]   --->   Operation 37 'bitconcatenate' 'tmp_13' <Predicate = true> <Delay = 0.00>
ST_3 : Operation 38 [1/1] (0.00ns)   --->   "%zext_ln44_5 = zext i6 %tmp_13" [../source/dct.c:44]   --->   Operation 38 'zext' 'zext_ln44_5' <Predicate = true> <Delay = 0.00>
ST_3 : Operation 39 [1/1] (0.00ns)   --->   "%src_addr_4 = getelementptr i16 %src, i64 0, i64 %zext_ln44_5" [../source/dct.c:44]   --->   Operation 39 'getelementptr' 'src_addr_4' <Predicate = true> <Delay = 0.00>
ST_3 : Operation 40 [1/1] (0.00ns)   --->   "%tmp_16 = bitconcatenate i6 @_ssdm_op_BitConcatenate.i6.i3.i3, i3 %src_offset_read, i3 7" [../source/dct.c:44]   --->   Operation 40 'bitconcatenate' 'tmp_16' <Predicate = true> <Delay = 0.00>
ST_3 : Operation 41 [1/1] (0.00ns)   --->   "%zext_ln44_8 = zext i6 %tmp_16" [../source/dct.c:44]   --->   Operation 41 'zext' 'zext_ln44_8' <Predicate = true> <Delay = 0.00>
ST_3 : Operation 42 [1/1] (0.00ns)   --->   "%src_addr_7 = getelementptr i16 %src, i64 0, i64 %zext_ln44_8" [../source/dct.c:44]   --->   Operation 42 'getelementptr' 'src_addr_7' <Predicate = true> <Delay = 0.00>
ST_3 : Operation 43 [1/2] ( I:3.25ns O:3.25ns )   --->   "%src_load_2 = load i6 %src_addr_2" [../source/dct.c:44]   --->   Operation 43 'load' 'src_load_2' <Predicate = true> <Delay = 3.25> <CoreInst = "RAM">   --->   Core 81 'RAM' <Latency = 1> <II = 1> <Delay = 3.25> <Storage> <Opcode : 'load' 'store'> <Ports = 2> <Width = 16> <Depth = 64> <RAM>
ST_3 : Operation 44 [1/2] ( I:3.25ns O:3.25ns )   --->   "%src_load_3 = load i6 %src_addr_3" [../source/dct.c:44]   --->   Operation 44 'load' 'src_load_3' <Predicate = true> <Delay = 3.25> <CoreInst = "RAM">   --->   Core 81 'RAM' <Latency = 1> <II = 1> <Delay = 3.25> <Storage> <Opcode : 'load' 'store'> <Ports = 2> <Width = 16> <Depth = 64> <RAM>
ST_3 : Operation 45 [2/2] (3.25ns)   --->   "%src_load_4 = load i6 %src_addr_4" [../source/dct.c:44]   --->   Operation 45 'load' 'src_load_4' <Predicate = true> <Delay = 3.25> <CoreInst = "RAM">   --->   Core 81 'RAM' <Latency = 1> <II = 1> <Delay = 3.25> <Storage> <Opcode : 'load' 'store'> <Ports = 2> <Width = 16> <Depth = 64> <RAM>
ST_3 : Operation 46 [2/2] (3.25ns)   --->   "%src_load_7 = load i6 %src_addr_7" [../source/dct.c:44]   --->   Operation 46 'load' 'src_load_7' <Predicate = true> <Delay = 3.25> <CoreInst = "RAM">   --->   Core 81 'RAM' <Latency = 1> <II = 1> <Delay = 3.25> <Storage> <Opcode : 'load' 'store'> <Ports = 2> <Width = 16> <Depth = 64> <RAM>
ST_3 : Operation 47 [1/1] (0.00ns)   --->   "%sext_ln44_11 = sext i16 %src_load_1" [../source/dct.c:44]   --->   Operation 47 'sext' 'sext_ln44_11' <Predicate = true> <Delay = 0.00>
ST_3 : Operation 48 [1/1] (5.58ns)   --->   "%mul_ln44 = mul i29 %sext_ln44_11, i29 9633" [../source/dct.c:44]   --->   Operation 48 'mul' 'mul_ln44' <Predicate = true> <Delay = 5.58> <CoreInst = "Multiplier">   --->   Core 3 'Multiplier' <Latency = 0> <II = 1> <Delay = 5.58> <FuncUnit> <Opcode : 'mul'> <InPorts = 2> <OutPorts = 1>

State 4 <SV = 3> <Delay = 5.95>
ST_4 : Operation 49 [1/1] (0.00ns)   --->   "%dst_offset_read = read i3 @_ssdm_op_Read.ap_auto.i3, i3 %dst_offset" [../source/dct.c:44]   --->   Operation 49 'read' 'dst_offset_read' <Predicate = true> <Delay = 0.00>
ST_4 : Operation 50 [1/1] (0.00ns)   --->   "%tmp_14 = bitconcatenate i6 @_ssdm_op_BitConcatenate.i6.i3.i3, i3 %src_offset_read, i3 5" [../source/dct.c:44]   --->   Operation 50 'bitconcatenate' 'tmp_14' <Predicate = true> <Delay = 0.00>
ST_4 : Operation 51 [1/1] (0.00ns)   --->   "%zext_ln44_6 = zext i6 %tmp_14" [../source/dct.c:44]   --->   Operation 51 'zext' 'zext_ln44_6' <Predicate = true> <Delay = 0.00>
ST_4 : Operation 52 [1/1] (0.00ns)   --->   "%src_addr_5 = getelementptr i16 %src, i64 0, i64 %zext_ln44_6" [../source/dct.c:44]   --->   Operation 52 'getelementptr' 'src_addr_5' <Predicate = true> <Delay = 0.00>
ST_4 : Operation 53 [1/1] (0.00ns)   --->   "%tmp_15 = bitconcatenate i6 @_ssdm_op_BitConcatenate.i6.i3.i3, i3 %src_offset_read, i3 6" [../source/dct.c:44]   --->   Operation 53 'bitconcatenate' 'tmp_15' <Predicate = true> <Delay = 0.00>
ST_4 : Operation 54 [1/1] (0.00ns)   --->   "%zext_ln44_7 = zext i6 %tmp_15" [../source/dct.c:44]   --->   Operation 54 'zext' 'zext_ln44_7' <Predicate = true> <Delay = 0.00>
ST_4 : Operation 55 [1/1] (0.00ns)   --->   "%src_addr_6 = getelementptr i16 %src, i64 0, i64 %zext_ln44_7" [../source/dct.c:44]   --->   Operation 55 'getelementptr' 'src_addr_6' <Predicate = true> <Delay = 0.00>
ST_4 : Operation 56 [1/1] (0.00ns)   --->   "%sext_ln44_3 = sext i16 %src_load_3" [../source/dct.c:44]   --->   Operation 56 'sext' 'sext_ln44_3' <Predicate = true> <Delay = 0.00>
ST_4 : Operation 57 [1/2] ( I:3.25ns O:3.25ns )   --->   "%src_load_4 = load i6 %src_addr_4" [../source/dct.c:44]   --->   Operation 57 'load' 'src_load_4' <Predicate = true> <Delay = 3.25> <CoreInst = "RAM">   --->   Core 81 'RAM' <Latency = 1> <II = 1> <Delay = 3.25> <Storage> <Opcode : 'load' 'store'> <Ports = 2> <Width = 16> <Depth = 64> <RAM>
ST_4 : Operation 58 [1/1] (0.00ns)   --->   "%sext_ln33_1 = sext i16 %src_load_4" [../source/dct.c:33]   --->   Operation 58 'sext' 'sext_ln33_1' <Predicate = true> <Delay = 0.00>
ST_4 : Operation 59 [2/2] (3.25ns)   --->   "%src_load_5 = load i6 %src_addr_5" [../source/dct.c:44]   --->   Operation 59 'load' 'src_load_5' <Predicate = true> <Delay = 3.25> <CoreInst = "RAM">   --->   Core 81 'RAM' <Latency = 1> <II = 1> <Delay = 3.25> <Storage> <Opcode : 'load' 'store'> <Ports = 2> <Width = 16> <Depth = 64> <RAM>
ST_4 : Operation 60 [2/2] (3.25ns)   --->   "%src_load_6 = load i6 %src_addr_6" [../source/dct.c:44]   --->   Operation 60 'load' 'src_load_6' <Predicate = true> <Delay = 3.25> <CoreInst = "RAM">   --->   Core 81 'RAM' <Latency = 1> <II = 1> <Delay = 3.25> <Storage> <Opcode : 'load' 'store'> <Ports = 2> <Width = 16> <Depth = 64> <RAM>
ST_4 : Operation 61 [1/2] ( I:3.25ns O:3.25ns )   --->   "%src_load_7 = load i6 %src_addr_7" [../source/dct.c:44]   --->   Operation 61 'load' 'src_load_7' <Predicate = true> <Delay = 3.25> <CoreInst = "RAM">   --->   Core 81 'RAM' <Latency = 1> <II = 1> <Delay = 3.25> <Storage> <Opcode : 'load' 'store'> <Ports = 2> <Width = 16> <Depth = 64> <RAM>
ST_4 : Operation 62 [1/1] (0.00ns)   --->   "%sext_ln44_13 = sext i16 %src_load_7" [../source/dct.c:44]   --->   Operation 62 'sext' 'sext_ln44_13' <Predicate = true> <Delay = 0.00>
ST_4 : Operation 63 [3/3] (1.05ns) (grouped into DSP with root node add_ln46_11)   --->   "%mul_ln44_2 = mul i29 %sext_ln44_13, i29 536859550" [../source/dct.c:44]   --->   Operation 63 'mul' 'mul_ln44_2' <Predicate = true> <Delay = 1.05> <CoreInst = "DSP48">   --->   Core 116 'DSP48' <Latency = 3> <II = 1> <Delay = 2.15> <IPBlock> <Opcode : '' 'add' 'sub' 'mul' 'select'> <InPorts = 0> <OutPorts = 1> <Sync> <CReg>
ST_4 : Operation 64 [1/1] (1.65ns) (grouped into DSP with root node add_ln46_8)   --->   "%tmp4 = sub i17 %sext_ln44_3, i17 %sext_ln33_1" [../source/dct.c:44]   --->   Operation 64 'sub' 'tmp4' <Predicate = true> <Delay = 1.65> <CoreInst = "DSP48">   --->   Core 116 'DSP48' <Latency = 3> <II = 1> <Delay = 2.15> <IPBlock> <Opcode : '' 'add' 'sub' 'mul' 'select'> <InPorts = 0> <OutPorts = 1> <Sync> <CReg>
ST_4 : Operation 65 [1/1] (0.00ns) (grouped into DSP with root node add_ln46_8)   --->   "%tmp4_cast = sext i17 %tmp4" [../source/dct.c:44]   --->   Operation 65 'sext' 'tmp4_cast' <Predicate = true> <Delay = 0.00>
ST_4 : Operation 66 [3/3] (1.05ns) (grouped into DSP with root node add_ln46_8)   --->   "%tmp5 = mul i29 %tmp4_cast, i29 2260" [../source/dct.c:44]   --->   Operation 66 'mul' 'tmp5' <Predicate = true> <Delay = 1.05> <CoreInst = "DSP48">   --->   Core 116 'DSP48' <Latency = 3> <II = 1> <Delay = 2.15> <IPBlock> <Opcode : '' 'add' 'sub' 'mul' 'select'> <InPorts = 0> <OutPorts = 1> <Sync> <CReg>
ST_4 : Operation 67 [1/1] (0.00ns)   --->   "%sext_ln44_14 = sext i16 %src_load_2" [../source/dct.c:44]   --->   Operation 67 'sext' 'sext_ln44_14' <Predicate = true> <Delay = 0.00>
ST_4 : Operation 68 [1/1] (5.58ns)   --->   "%mul_ln44_3 = mul i29 %sext_ln44_14, i29 536859550" [../source/dct.c:44]   --->   Operation 68 'mul' 'mul_ln44_3' <Predicate = true> <Delay = 5.58> <CoreInst = "Multiplier">   --->   Core 3 'Multiplier' <Latency = 0> <II = 1> <Delay = 5.58> <FuncUnit> <Opcode : 'mul'> <InPorts = 2> <OutPorts = 1>
ST_4 : Operation 69 [1/1] (1.65ns) (grouped into DSP with root node add_ln46_14)   --->   "%tmp22 = sub i17 %sext_ln33_1, i17 %sext_ln44_3" [../source/dct.c:33]   --->   Operation 69 'sub' 'tmp22' <Predicate = true> <Delay = 1.65> <CoreInst = "DSP48">   --->   Core 116 'DSP48' <Latency = 3> <II = 1> <Delay = 2.15> <IPBlock> <Opcode : '' 'add' 'sub' 'mul' 'select'> <InPorts = 0> <OutPorts = 1> <Sync> <CReg>
ST_4 : Operation 70 [1/1] (0.00ns) (grouped into DSP with root node add_ln46_14)   --->   "%tmp22_cast = sext i17 %tmp22" [../source/dct.c:33]   --->   Operation 70 'sext' 'tmp22_cast' <Predicate = true> <Delay = 0.00>
ST_4 : Operation 71 [3/3] (1.05ns) (grouped into DSP with root node add_ln46_14)   --->   "%tmp23 = mul i29 %tmp22_cast, i29 6436" [../source/dct.c:33]   --->   Operation 71 'mul' 'tmp23' <Predicate = true> <Delay = 1.05> <CoreInst = "DSP48">   --->   Core 116 'DSP48' <Latency = 3> <II = 1> <Delay = 2.15> <IPBlock> <Opcode : '' 'add' 'sub' 'mul' 'select'> <InPorts = 0> <OutPorts = 1> <Sync> <CReg>
ST_4 : Operation 72 [1/1] (0.00ns)   --->   "%sext_ln44_16 = sext i16 %src_load_3" [../source/dct.c:44]   --->   Operation 72 'sext' 'sext_ln44_16' <Predicate = true> <Delay = 0.00>
ST_4 : Operation 73 [1/1] (5.58ns)   --->   "%mul_ln44_7 = mul i29 %sext_ln44_16, i29 9633" [../source/dct.c:44]   --->   Operation 73 'mul' 'mul_ln44_7' <Predicate = true> <Delay = 5.58> <CoreInst = "Multiplier">   --->   Core 3 'Multiplier' <Latency = 0> <II = 1> <Delay = 5.58> <FuncUnit> <Opcode : 'mul'> <InPorts = 2> <OutPorts = 1>
ST_4 : Operation 74 [1/1] (0.00ns)   --->   "%sext_ln44_17 = sext i16 %src_load_4" [../source/dct.c:44]   --->   Operation 74 'sext' 'sext_ln44_17' <Predicate = true> <Delay = 0.00>
ST_4 : Operation 75 [3/3] (1.05ns) (grouped into DSP with root node add_ln46_19)   --->   "%mul_ln44_8 = mul i29 %sext_ln44_17, i29 536861280" [../source/dct.c:44]   --->   Operation 75 'mul' 'mul_ln44_8' <Predicate = true> <Delay = 1.05> <CoreInst = "DSP48">   --->   Core 116 'DSP48' <Latency = 3> <II = 1> <Delay = 2.15> <IPBlock> <Opcode : '' 'add' 'sub' 'mul' 'select'> <InPorts = 0> <OutPorts = 1> <Sync> <CReg>
ST_4 : Operation 76 [3/3] (1.05ns) (grouped into DSP with root node add_ln46_25)   --->   "%mul_ln44_12 = mul i29 %sext_ln44_17, i29 11363" [../source/dct.c:44]   --->   Operation 76 'mul' 'mul_ln44_12' <Predicate = true> <Delay = 1.05> <CoreInst = "DSP48">   --->   Core 116 'DSP48' <Latency = 3> <II = 1> <Delay = 2.15> <IPBlock> <Opcode : '' 'add' 'sub' 'mul' 'select'> <InPorts = 0> <OutPorts = 1> <Sync> <CReg>

State 5 <SV = 4> <Delay = 7.15>
ST_5 : Operation 77 [1/1] (0.00ns)   --->   "%sext_ln44 = sext i16 %src_load" [../source/dct.c:44]   --->   Operation 77 'sext' 'sext_ln44' <Predicate = true> <Delay = 0.00>
ST_5 : Operation 78 [1/1] (0.00ns)   --->   "%sext_ln44_1 = sext i16 %src_load_1" [../source/dct.c:44]   --->   Operation 78 'sext' 'sext_ln44_1' <Predicate = true> <Delay = 0.00>
ST_5 : Operation 79 [1/1] (0.00ns)   --->   "%sext_ln44_2 = sext i16 %src_load_2" [../source/dct.c:44]   --->   Operation 79 'sext' 'sext_ln44_2' <Predicate = true> <Delay = 0.00>
ST_5 : Operation 80 [1/1] (0.00ns)   --->   "%sext_ln33 = sext i16 %src_load_4" [../source/dct.c:33]   --->   Operation 80 'sext' 'sext_ln33' <Predicate = true> <Delay = 0.00>
ST_5 : Operation 81 [1/2] ( I:3.25ns O:3.25ns )   --->   "%src_load_5 = load i6 %src_addr_5" [../source/dct.c:44]   --->   Operation 81 'load' 'src_load_5' <Predicate = true> <Delay = 3.25> <CoreInst = "RAM">   --->   Core 81 'RAM' <Latency = 1> <II = 1> <Delay = 3.25> <Storage> <Opcode : 'load' 'store'> <Ports = 2> <Width = 16> <Depth = 64> <RAM>
ST_5 : Operation 82 [1/1] (0.00ns)   --->   "%sext_ln44_5 = sext i16 %src_load_5" [../source/dct.c:44]   --->   Operation 82 'sext' 'sext_ln44_5' <Predicate = true> <Delay = 0.00>
ST_5 : Operation 83 [1/2] ( I:3.25ns O:3.25ns )   --->   "%src_load_6 = load i6 %src_addr_6" [../source/dct.c:44]   --->   Operation 83 'load' 'src_load_6' <Predicate = true> <Delay = 3.25> <CoreInst = "RAM">   --->   Core 81 'RAM' <Latency = 1> <II = 1> <Delay = 3.25> <Storage> <Opcode : 'load' 'store'> <Ports = 2> <Width = 16> <Depth = 64> <RAM>
ST_5 : Operation 84 [1/1] (0.00ns)   --->   "%sext_ln44_6 = sext i16 %src_load_6" [../source/dct.c:44]   --->   Operation 84 'sext' 'sext_ln44_6' <Predicate = true> <Delay = 0.00>
ST_5 : Operation 85 [1/1] (0.00ns)   --->   "%sext_ln44_8 = sext i16 %src_load_7" [../source/dct.c:44]   --->   Operation 85 'sext' 'sext_ln44_8' <Predicate = true> <Delay = 0.00>
ST_5 : Operation 86 [1/1] (0.00ns)   --->   "%sext_ln44_9 = sext i16 %src_load_7" [../source/dct.c:44]   --->   Operation 86 'sext' 'sext_ln44_9' <Predicate = true> <Delay = 0.00>
ST_5 : Operation 87 [1/1] (0.00ns)   --->   "%shl_ln = bitconcatenate i29 @_ssdm_op_BitConcatenate.i29.i16.i13, i16 %src_load_7, i13 0" [../source/dct.c:44]   --->   Operation 87 'bitconcatenate' 'shl_ln' <Predicate = true> <Delay = 0.00>
ST_5 : Operation 88 [1/1] (2.07ns)   --->   "%tmp = add i16 %src_load_2, i16 %src_load_1" [../source/dct.c:44]   --->   Operation 88 'add' 'tmp' <Predicate = true> <Delay = 2.07> <CoreInst = "Adder">   --->   Core 1 'Adder' <Latency = 0> <II = 1> <Delay = 2.07> <FuncUnit> <Opcode : 'add' 'sub'> <InPorts = 2> <OutPorts = 1>
ST_5 : Operation 89 [1/1] (0.00ns) (grouped into TernaryAdder)   --->   "%tmp1 = add i16 %src_load_5, i16 %src_load_6" [../source/dct.c:44]   --->   Operation 89 'add' 'tmp1' <Predicate = true> <Delay = 0.00> <CoreInst = "TAddSub">   --->   Core 10 'TAddSub' <Latency = 0> <II = 1> <Delay = 2.14> <IPBlock> <Opcode : '' 'add' 'sub'> <InPorts = 3> <OutPorts = 1> <Sync> <CReg>
ST_5 : Operation 90 [1/1] (3.90ns) (root node of TernaryAdder)   --->   "%tmp235 = add i16 %tmp1, i16 %tmp" [../source/dct.c:44]   --->   Operation 90 'add' 'tmp235' <Predicate = true> <Delay = 3.90> <CoreInst = "TAddSub">   --->   Core 10 'TAddSub' <Latency = 0> <II = 1> <Delay = 2.14> <IPBlock> <Opcode : '' 'add' 'sub'> <InPorts = 3> <OutPorts = 1> <Sync> <CReg>
ST_5 : Operation 91 [1/1] (0.00ns)   --->   "%tmp_4 = bitconcatenate i29 @_ssdm_op_BitConcatenate.i29.i16.i13, i16 %src_load, i13 4096" [../source/dct.c:44]   --->   Operation 91 'bitconcatenate' 'tmp_4' <Predicate = true> <Delay = 0.00>
ST_5 : Operation 92 [1/1] (2.07ns)   --->   "%tmp5733 = add i16 %src_load_4, i16 %src_load_3" [../source/dct.c:44]   --->   Operation 92 'add' 'tmp5733' <Predicate = true> <Delay = 2.07> <CoreInst = "Adder">   --->   Core 1 'Adder' <Latency = 0> <II = 1> <Delay = 2.07> <FuncUnit> <Opcode : 'add' 'sub'> <InPorts = 2> <OutPorts = 1>
ST_5 : Operation 93 [1/1] (0.00ns)   --->   "%tmp20 = bitconcatenate i29 @_ssdm_op_BitConcatenate.i29.i16.i13, i16 %tmp5733, i13 0" [../source/dct.c:44]   --->   Operation 93 'bitconcatenate' 'tmp20' <Predicate = true> <Delay = 0.00>
ST_5 : Operation 94 [1/1] (0.00ns) (grouped into TernaryAdder)   --->   "%add_ln44 = add i29 %tmp_4, i29 %shl_ln" [../source/dct.c:44]   --->   Operation 94 'add' 'add_ln44' <Predicate = true> <Delay = 0.00> <CoreInst = "TAddSub">   --->   Core 10 'TAddSub' <Latency = 0> <II = 1> <Delay = 2.14> <IPBlock> <Opcode : '' 'add' 'sub'> <InPorts = 3> <OutPorts = 1> <Sync> <CReg>
ST_5 : Operation 95 [1/1] (4.28ns) (root node of TernaryAdder)   --->   "%tmp_21 = add i29 %add_ln44, i29 %tmp20" [../source/dct.c:44]   --->   Operation 95 'add' 'tmp_21' <Predicate = true> <Delay = 4.28> <CoreInst = "TAddSub">   --->   Core 10 'TAddSub' <Latency = 0> <II = 1> <Delay = 2.14> <IPBlock> <Opcode : '' 'add' 'sub'> <InPorts = 3> <OutPorts = 1> <Sync> <CReg>
ST_5 : Operation 96 [1/1] (0.00ns)   --->   "%sext_ln44_12 = sext i16 %src_load_6" [../source/dct.c:44]   --->   Operation 96 'sext' 'sext_ln44_12' <Predicate = true> <Delay = 0.00>
ST_5 : Operation 97 [3/3] (1.05ns) (grouped into DSP with root node add_ln46_10)   --->   "%mul_ln44_1 = mul i29 %sext_ln44_12, i29 536861280" [../source/dct.c:44]   --->   Operation 97 'mul' 'mul_ln44_1' <Predicate = true> <Delay = 1.05> <CoreInst = "DSP48">   --->   Core 116 'DSP48' <Latency = 3> <II = 1> <Delay = 2.15> <IPBlock> <Opcode : '' 'add' 'sub' 'mul' 'select'> <InPorts = 0> <OutPorts = 1> <Sync> <CReg>
ST_5 : Operation 98 [2/3] (1.05ns) (grouped into DSP with root node add_ln46_11)   --->   "%mul_ln44_2 = mul i29 %sext_ln44_13, i29 536859550" [../source/dct.c:44]   --->   Operation 98 'mul' 'mul_ln44_2' <Predicate = true> <Delay = 1.05> <CoreInst = "DSP48">   --->   Core 116 'DSP48' <Latency = 3> <II = 1> <Delay = 2.15> <IPBlock> <Opcode : '' 'add' 'sub' 'mul' 'select'> <InPorts = 0> <OutPorts = 1> <Sync> <CReg>
ST_5 : Operation 99 [2/3] (1.05ns) (grouped into DSP with root node add_ln46_8)   --->   "%tmp5 = mul i29 %tmp4_cast, i29 2260" [../source/dct.c:44]   --->   Operation 99 'mul' 'tmp5' <Predicate = true> <Delay = 1.05> <CoreInst = "DSP48">   --->   Core 116 'DSP48' <Latency = 3> <II = 1> <Delay = 2.15> <IPBlock> <Opcode : '' 'add' 'sub' 'mul' 'select'> <InPorts = 0> <OutPorts = 1> <Sync> <CReg>
ST_5 : Operation 100 [1/1] (2.07ns)   --->   "%tmp7 = sub i17 %sext_ln44_2, i17 %sext_ln44_5" [../source/dct.c:44]   --->   Operation 100 'sub' 'tmp7' <Predicate = true> <Delay = 2.07> <CoreInst = "Adder">   --->   Core 1 'Adder' <Latency = 0> <II = 1> <Delay = 2.07> <FuncUnit> <Opcode : 'add' 'sub'> <InPorts = 2> <OutPorts = 1>
ST_5 : Operation 101 [1/1] (2.07ns)   --->   "%tmp17 = sub i17 %sext_ln44, i17 %sext_ln44_3" [../source/dct.c:44]   --->   Operation 101 'sub' 'tmp17' <Predicate = true> <Delay = 2.07> <CoreInst = "Adder">   --->   Core 1 'Adder' <Latency = 0> <II = 1> <Delay = 2.07> <FuncUnit> <Opcode : 'add' 'sub'> <InPorts = 2> <OutPorts = 1>
ST_5 : Operation 102 [1/1] (0.00ns)   --->   "%tmp17_cast = sext i17 %tmp17" [../source/dct.c:44]   --->   Operation 102 'sext' 'tmp17_cast' <Predicate = true> <Delay = 0.00>
ST_5 : Operation 103 [1/1] (0.00ns) (grouped into TernaryAdder)   --->   "%tmp18 = sub i18 %tmp17_cast, i18 %sext_ln33" [../source/dct.c:44]   --->   Operation 103 'sub' 'tmp18' <Predicate = true> <Delay = 0.00> <CoreInst = "TAddSub">   --->   Core 10 'TAddSub' <Latency = 0> <II = 1> <Delay = 2.14> <IPBlock> <Opcode : '' 'add' 'sub'> <InPorts = 3> <OutPorts = 1> <Sync> <CReg>
ST_5 : Operation 104 [1/1] (3.96ns) (root node of TernaryAdder)   --->   "%tmp19 = add i18 %tmp18, i18 %sext_ln44_9" [../source/dct.c:44]   --->   Operation 104 'add' 'tmp19' <Predicate = true> <Delay = 3.96> <CoreInst = "TAddSub">   --->   Core 10 'TAddSub' <Latency = 0> <II = 1> <Delay = 2.14> <IPBlock> <Opcode : '' 'add' 'sub'> <InPorts = 3> <OutPorts = 1> <Sync> <CReg>
ST_5 : Operation 105 [3/3] (1.05ns) (grouped into DSP with root node add_ln46_17)   --->   "%mul_ln44_5 = mul i29 %sext_ln44_13, i29 536861280" [../source/dct.c:44]   --->   Operation 105 'mul' 'mul_ln44_5' <Predicate = true> <Delay = 1.05> <CoreInst = "DSP48">   --->   Core 116 'DSP48' <Latency = 3> <II = 1> <Delay = 2.15> <IPBlock> <Opcode : '' 'add' 'sub' 'mul' 'select'> <InPorts = 0> <OutPorts = 1> <Sync> <CReg>
ST_5 : Operation 106 [2/3] (1.05ns) (grouped into DSP with root node add_ln46_14)   --->   "%tmp23 = mul i29 %tmp22_cast, i29 6436" [../source/dct.c:33]   --->   Operation 106 'mul' 'tmp23' <Predicate = true> <Delay = 1.05> <CoreInst = "DSP48">   --->   Core 116 'DSP48' <Latency = 3> <II = 1> <Delay = 2.15> <IPBlock> <Opcode : '' 'add' 'sub' 'mul' 'select'> <InPorts = 0> <OutPorts = 1> <Sync> <CReg>
ST_5 : Operation 107 [1/1] (2.07ns)   --->   "%tmp25 = sub i17 %sext_ln44_6, i17 %sext_ln44_1" [../source/dct.c:44]   --->   Operation 107 'sub' 'tmp25' <Predicate = true> <Delay = 2.07> <CoreInst = "Adder">   --->   Core 1 'Adder' <Latency = 0> <II = 1> <Delay = 2.07> <FuncUnit> <Opcode : 'add' 'sub'> <InPorts = 2> <OutPorts = 1>
ST_5 : Operation 108 [1/1] (0.00ns)   --->   "%tmp25_cast17 = sext i17 %tmp25" [../source/dct.c:44]   --->   Operation 108 'sext' 'tmp25_cast17' <Predicate = true> <Delay = 0.00>
ST_5 : Operation 109 [3/3] (1.05ns) (grouped into DSP with root node add_ln46_16)   --->   "%mul_ln46_2 = mul i29 %tmp25_cast17, i29 2260" [../source/dct.c:46]   --->   Operation 109 'mul' 'mul_ln46_2' <Predicate = true> <Delay = 1.05> <CoreInst = "DSP48">   --->   Core 116 'DSP48' <Latency = 3> <II = 1> <Delay = 2.15> <IPBlock> <Opcode : '' 'add' 'sub' 'mul' 'select'> <InPorts = 0> <OutPorts = 1> <Sync> <CReg>
ST_5 : Operation 110 [1/1] (2.07ns)   --->   "%tmp27 = add i17 %sext_ln44_6, i17 %sext_ln44_5" [../source/dct.c:44]   --->   Operation 110 'add' 'tmp27' <Predicate = true> <Delay = 2.07> <CoreInst = "Adder">   --->   Core 1 'Adder' <Latency = 0> <II = 1> <Delay = 2.07> <FuncUnit> <Opcode : 'add' 'sub'> <InPorts = 2> <OutPorts = 1>
ST_5 : Operation 111 [1/1] (0.00ns)   --->   "%empty = trunc i17 %tmp27" [../source/dct.c:44]   --->   Operation 111 'trunc' 'empty' <Predicate = true> <Delay = 0.00>
ST_5 : Operation 112 [2/3] (1.05ns) (grouped into DSP with root node add_ln46_19)   --->   "%mul_ln44_8 = mul i29 %sext_ln44_17, i29 536861280" [../source/dct.c:44]   --->   Operation 112 'mul' 'mul_ln44_8' <Predicate = true> <Delay = 1.05> <CoreInst = "DSP48">   --->   Core 116 'DSP48' <Latency = 3> <II = 1> <Delay = 2.15> <IPBlock> <Opcode : '' 'add' 'sub' 'mul' 'select'> <InPorts = 0> <OutPorts = 1> <Sync> <CReg>
ST_5 : Operation 113 [1/1] (2.07ns)   --->   "%tmp35 = sub i17 %sext_ln44, i17 %sext_ln44_8" [../source/dct.c:44]   --->   Operation 113 'sub' 'tmp35' <Predicate = true> <Delay = 2.07> <CoreInst = "Adder">   --->   Core 1 'Adder' <Latency = 0> <II = 1> <Delay = 2.07> <FuncUnit> <Opcode : 'add' 'sub'> <InPorts = 2> <OutPorts = 1>
ST_5 : Operation 114 [1/1] (0.00ns)   --->   "%sext_ln46 = sext i17 %tmp35" [../source/dct.c:46]   --->   Operation 114 'sext' 'sext_ln46' <Predicate = true> <Delay = 0.00>
ST_5 : Operation 115 [3/3] (1.05ns) (grouped into DSP with root node add_ln46_22)   --->   "%mul_ln46_3 = mul i29 %sext_ln46, i29 6436" [../source/dct.c:46]   --->   Operation 115 'mul' 'mul_ln46_3' <Predicate = true> <Delay = 1.05> <CoreInst = "DSP48">   --->   Core 116 'DSP48' <Latency = 3> <II = 1> <Delay = 2.15> <IPBlock> <Opcode : '' 'add' 'sub' 'mul' 'select'> <InPorts = 0> <OutPorts = 1> <Sync> <CReg>
ST_5 : Operation 116 [1/1] (5.58ns)   --->   "%mul_ln44_11 = mul i29 %sext_ln44_16, i29 536859550" [../source/dct.c:44]   --->   Operation 116 'mul' 'mul_ln44_11' <Predicate = true> <Delay = 5.58> <CoreInst = "Multiplier">   --->   Core 3 'Multiplier' <Latency = 0> <II = 1> <Delay = 5.58> <FuncUnit> <Opcode : 'mul'> <InPorts = 2> <OutPorts = 1>
ST_5 : Operation 117 [2/3] (1.05ns) (grouped into DSP with root node add_ln46_25)   --->   "%mul_ln44_12 = mul i29 %sext_ln44_17, i29 11363" [../source/dct.c:44]   --->   Operation 117 'mul' 'mul_ln44_12' <Predicate = true> <Delay = 1.05> <CoreInst = "DSP48">   --->   Core 116 'DSP48' <Latency = 3> <II = 1> <Delay = 2.15> <IPBlock> <Opcode : '' 'add' 'sub' 'mul' 'select'> <InPorts = 0> <OutPorts = 1> <Sync> <CReg>

State 6 <SV = 5> <Delay = 6.74>
ST_6 : Operation 118 [1/1] (0.00ns)   --->   "%tmp_1 = bitconcatenate i6 @_ssdm_op_BitConcatenate.i6.i3.i3, i3 %dst_offset_read, i3 0" [../source/dct.c:44]   --->   Operation 118 'bitconcatenate' 'tmp_1' <Predicate = true> <Delay = 0.00>
ST_6 : Operation 119 [1/1] (0.00ns)   --->   "%zext_ln44 = zext i6 %tmp_1" [../source/dct.c:44]   --->   Operation 119 'zext' 'zext_ln44' <Predicate = true> <Delay = 0.00>
ST_6 : Operation 120 [1/1] (0.00ns)   --->   "%dst_addr = getelementptr i16 %dst, i64 0, i64 %zext_ln44" [../source/dct.c:44]   --->   Operation 120 'getelementptr' 'dst_addr' <Predicate = true> <Delay = 0.00>
ST_6 : Operation 121 [1/1] (0.00ns)   --->   "%sext_ln44_4 = sext i16 %src_load_5" [../source/dct.c:44]   --->   Operation 121 'sext' 'sext_ln44_4' <Predicate = true> <Delay = 0.00>
ST_6 : Operation 122 [1/1] (0.00ns)   --->   "%tmp3 = bitconcatenate i29 @_ssdm_op_BitConcatenate.i29.i16.i13, i16 %tmp235, i13 0" [../source/dct.c:44]   --->   Operation 122 'bitconcatenate' 'tmp3' <Predicate = true> <Delay = 0.00>
ST_6 : Operation 123 [1/1] (2.46ns)   --->   "%add_ln46 = add i29 %tmp_21, i29 %tmp3" [../source/dct.c:46]   --->   Operation 123 'add' 'add_ln46' <Predicate = true> <Delay = 2.46> <CoreInst = "Adder">   --->   Core 1 'Adder' <Latency = 0> <II = 1> <Delay = 2.46> <FuncUnit> <Opcode : 'add' 'sub'> <InPorts = 2> <OutPorts = 1>
ST_6 : Operation 124 [1/1] (0.00ns)   --->   "%trunc_ln = partselect i16 @_ssdm_op_PartSelect.i16.i29.i32.i32, i29 %add_ln46, i32 13, i32 28" [../source/dct.c:46]   --->   Operation 124 'partselect' 'trunc_ln' <Predicate = true> <Delay = 0.00>
ST_6 : Operation 125 [1/1] ( I:3.25ns O:3.25ns )   --->   "%store_ln46 = store i16 %trunc_ln, i6 %dst_addr" [../source/dct.c:46]   --->   Operation 125 'store' 'store_ln46' <Predicate = true> <Delay = 3.25> <CoreInst = "RAM">   --->   Core 81 'RAM' <Latency = 1> <II = 1> <Delay = 3.25> <Storage> <Opcode : 'load' 'store'> <Ports = 2> <Width = 16> <Depth = 64> <RAM>
ST_6 : Operation 126 [1/1] (0.00ns)   --->   "%sext_ln44_10 = sext i16 %src_load" [../source/dct.c:44]   --->   Operation 126 'sext' 'sext_ln44_10' <Predicate = true> <Delay = 0.00>
ST_6 : Operation 127 [3/3] (1.05ns) (grouped into DSP with root node add_ln46_9)   --->   "%mul_ln33 = mul i29 %sext_ln44_10, i29 11363" [../source/dct.c:33]   --->   Operation 127 'mul' 'mul_ln33' <Predicate = true> <Delay = 1.05> <CoreInst = "DSP48">   --->   Core 116 'DSP48' <Latency = 3> <II = 1> <Delay = 2.15> <IPBlock> <Opcode : '' 'add' 'sub' 'mul' 'select'> <InPorts = 0> <OutPorts = 1> <Sync> <CReg>
ST_6 : Operation 128 [2/3] (1.05ns) (grouped into DSP with root node add_ln46_10)   --->   "%mul_ln44_1 = mul i29 %sext_ln44_12, i29 536861280" [../source/dct.c:44]   --->   Operation 128 'mul' 'mul_ln44_1' <Predicate = true> <Delay = 1.05> <CoreInst = "DSP48">   --->   Core 116 'DSP48' <Latency = 3> <II = 1> <Delay = 2.15> <IPBlock> <Opcode : '' 'add' 'sub' 'mul' 'select'> <InPorts = 0> <OutPorts = 1> <Sync> <CReg>
ST_6 : Operation 129 [1/3] (0.00ns) (grouped into DSP with root node add_ln46_11)   --->   "%mul_ln44_2 = mul i29 %sext_ln44_13, i29 536859550" [../source/dct.c:44]   --->   Operation 129 'mul' 'mul_ln44_2' <Predicate = true> <Delay = 0.00> <CoreInst = "DSP48">   --->   Core 116 'DSP48' <Latency = 3> <II = 1> <Delay = 2.15> <IPBlock> <Opcode : '' 'add' 'sub' 'mul' 'select'> <InPorts = 0> <OutPorts = 1> <Sync> <CReg>
ST_6 : Operation 130 [1/3] (0.00ns) (grouped into DSP with root node add_ln46_8)   --->   "%tmp5 = mul i29 %tmp4_cast, i29 2260" [../source/dct.c:44]   --->   Operation 130 'mul' 'tmp5' <Predicate = true> <Delay = 0.00> <CoreInst = "DSP48">   --->   Core 116 'DSP48' <Latency = 3> <II = 1> <Delay = 2.15> <IPBlock> <Opcode : '' 'add' 'sub' 'mul' 'select'> <InPorts = 0> <OutPorts = 1> <Sync> <CReg>
ST_6 : Operation 131 [1/1] (0.00ns)   --->   "%tmp7_cast15 = sext i17 %tmp7" [../source/dct.c:44]   --->   Operation 131 'sext' 'tmp7_cast15' <Predicate = true> <Delay = 0.00>
ST_6 : Operation 132 [1/1] (5.58ns)   --->   "%mul_ln46 = mul i29 %tmp7_cast15, i29 6436" [../source/dct.c:46]   --->   Operation 132 'mul' 'mul_ln46' <Predicate = true> <Delay = 5.58> <CoreInst = "Multiplier">   --->   Core 3 'Multiplier' <Latency = 0> <II = 1> <Delay = 5.58> <FuncUnit> <Opcode : 'mul'> <InPorts = 2> <OutPorts = 1>
ST_6 : Operation 133 [2/2] (2.10ns) (root node of the DSP)   --->   "%add_ln46_8 = add i29 %mul_ln44, i29 %tmp5" [../source/dct.c:46]   --->   Operation 133 'add' 'add_ln46_8' <Predicate = true> <Delay = 2.10> <CoreInst = "DSP48">   --->   Core 116 'DSP48' <Latency = 3> <II = 1> <Delay = 2.15> <IPBlock> <Opcode : '' 'add' 'sub' 'mul' 'select'> <InPorts = 0> <OutPorts = 1> <Sync> <CReg>
ST_6 : Operation 134 [2/2] (2.10ns) (root node of the DSP)   --->   "%add_ln46_11 = add i29 %mul_ln44_2, i29 4096" [../source/dct.c:46]   --->   Operation 134 'add' 'add_ln46_11' <Predicate = true> <Delay = 2.10> <CoreInst = "DSP48">   --->   Core 116 'DSP48' <Latency = 3> <II = 1> <Delay = 2.15> <IPBlock> <Opcode : '' 'add' 'sub' 'mul' 'select'> <InPorts = 0> <OutPorts = 1> <Sync> <CReg>
ST_6 : Operation 135 [1/1] (2.07ns)   --->   "%tmp11 = sub i17 %sext_ln44_1, i17 %sext_ln44_2" [../source/dct.c:44]   --->   Operation 135 'sub' 'tmp11' <Predicate = true> <Delay = 2.07> <CoreInst = "Adder">   --->   Core 1 'Adder' <Latency = 0> <II = 1> <Delay = 2.07> <FuncUnit> <Opcode : 'add' 'sub'> <InPorts = 2> <OutPorts = 1>
ST_6 : Operation 136 [1/1] (0.00ns)   --->   "%tmp11_cast = sext i17 %tmp11" [../source/dct.c:44]   --->   Operation 136 'sext' 'tmp11_cast' <Predicate = true> <Delay = 0.00>
ST_6 : Operation 137 [1/1] (2.10ns)   --->   "%tmp12 = sub i18 %tmp11_cast, i18 %sext_ln44_4" [../source/dct.c:44]   --->   Operation 137 'sub' 'tmp12' <Predicate = true> <Delay = 2.10> <CoreInst = "Adder">   --->   Core 1 'Adder' <Latency = 0> <II = 1> <Delay = 2.10> <FuncUnit> <Opcode : 'add' 'sub'> <InPorts = 2> <OutPorts = 1>
ST_6 : Operation 138 [1/1] (0.00ns)   --->   "%tmp19_cast = sext i18 %tmp19" [../source/dct.c:44]   --->   Operation 138 'sext' 'tmp19_cast' <Predicate = true> <Delay = 0.00>
ST_6 : Operation 139 [3/3] (1.05ns) (grouped into DSP with root node add_ln46_13)   --->   "%mul_ln46_1 = mul i29 %tmp19_cast, i29 10703" [../source/dct.c:46]   --->   Operation 139 'mul' 'mul_ln46_1' <Predicate = true> <Delay = 1.05> <CoreInst = "DSP48">   --->   Core 116 'DSP48' <Latency = 3> <II = 1> <Delay = 2.15> <IPBlock> <Opcode : '' 'add' 'sub' 'mul' 'select'> <InPorts = 0> <OutPorts = 1> <Sync> <CReg>
ST_6 : Operation 140 [3/3] (1.05ns) (grouped into DSP with root node add_ln46_15)   --->   "%mul_ln33_1 = mul i29 %sext_ln44_10, i29 9633" [../source/dct.c:33]   --->   Operation 140 'mul' 'mul_ln33_1' <Predicate = true> <Delay = 1.05> <CoreInst = "DSP48">   --->   Core 116 'DSP48' <Latency = 3> <II = 1> <Delay = 2.15> <IPBlock> <Opcode : '' 'add' 'sub' 'mul' 'select'> <InPorts = 0> <OutPorts = 1> <Sync> <CReg>
ST_6 : Operation 141 [1/1] (0.00ns)   --->   "%sext_ln44_15 = sext i16 %src_load_5" [../source/dct.c:44]   --->   Operation 141 'sext' 'sext_ln44_15' <Predicate = true> <Delay = 0.00>
ST_6 : Operation 142 [1/1] (5.58ns)   --->   "%mul_ln44_4 = mul i29 %sext_ln44_15, i29 11363" [../source/dct.c:44]   --->   Operation 142 'mul' 'mul_ln44_4' <Predicate = true> <Delay = 5.58> <CoreInst = "Multiplier">   --->   Core 3 'Multiplier' <Latency = 0> <II = 1> <Delay = 5.58> <FuncUnit> <Opcode : 'mul'> <InPorts = 2> <OutPorts = 1>
ST_6 : Operation 143 [2/3] (1.05ns) (grouped into DSP with root node add_ln46_17)   --->   "%mul_ln44_5 = mul i29 %sext_ln44_13, i29 536861280" [../source/dct.c:44]   --->   Operation 143 'mul' 'mul_ln44_5' <Predicate = true> <Delay = 1.05> <CoreInst = "DSP48">   --->   Core 116 'DSP48' <Latency = 3> <II = 1> <Delay = 2.15> <IPBlock> <Opcode : '' 'add' 'sub' 'mul' 'select'> <InPorts = 0> <OutPorts = 1> <Sync> <CReg>
ST_6 : Operation 144 [1/3] (0.00ns) (grouped into DSP with root node add_ln46_14)   --->   "%tmp23 = mul i29 %tmp22_cast, i29 6436" [../source/dct.c:33]   --->   Operation 144 'mul' 'tmp23' <Predicate = true> <Delay = 0.00> <CoreInst = "DSP48">   --->   Core 116 'DSP48' <Latency = 3> <II = 1> <Delay = 2.15> <IPBlock> <Opcode : '' 'add' 'sub' 'mul' 'select'> <InPorts = 0> <OutPorts = 1> <Sync> <CReg>
ST_6 : Operation 145 [2/3] (1.05ns) (grouped into DSP with root node add_ln46_16)   --->   "%mul_ln46_2 = mul i29 %tmp25_cast17, i29 2260" [../source/dct.c:46]   --->   Operation 145 'mul' 'mul_ln46_2' <Predicate = true> <Delay = 1.05> <CoreInst = "DSP48">   --->   Core 116 'DSP48' <Latency = 3> <II = 1> <Delay = 2.15> <IPBlock> <Opcode : '' 'add' 'sub' 'mul' 'select'> <InPorts = 0> <OutPorts = 1> <Sync> <CReg>
ST_6 : Operation 146 [2/2] (2.10ns) (root node of the DSP)   --->   "%add_ln46_14 = add i29 %mul_ln44_3, i29 %tmp23" [../source/dct.c:46]   --->   Operation 146 'add' 'add_ln46_14' <Predicate = true> <Delay = 2.10> <CoreInst = "DSP48">   --->   Core 116 'DSP48' <Latency = 3> <II = 1> <Delay = 2.15> <IPBlock> <Opcode : '' 'add' 'sub' 'mul' 'select'> <InPorts = 0> <OutPorts = 1> <Sync> <CReg>
ST_6 : Operation 147 [1/1] (0.00ns)   --->   "%tmp27_cast = sext i17 %tmp27" [../source/dct.c:44]   --->   Operation 147 'sext' 'tmp27_cast' <Predicate = true> <Delay = 0.00>
ST_6 : Operation 148 [1/1] (0.00ns)   --->   "%p_shl1 = bitconcatenate i29 @_ssdm_op_BitConcatenate.i29.i16.i13, i16 %empty, i13 0" [../source/dct.c:44]   --->   Operation 148 'bitconcatenate' 'p_shl1' <Predicate = true> <Delay = 0.00>
ST_6 : Operation 149 [1/1] (0.00ns) (grouped into TernaryAdder)   --->   "%tmp28 = sub i29 %tmp27_cast, i29 %p_shl1" [../source/dct.c:44]   --->   Operation 149 'sub' 'tmp28' <Predicate = true> <Delay = 0.00> <CoreInst = "TAddSub">   --->   Core 10 'TAddSub' <Latency = 0> <II = 1> <Delay = 2.14> <IPBlock> <Opcode : '' 'add' 'sub'> <InPorts = 3> <OutPorts = 1> <Sync> <CReg>
ST_6 : Operation 150 [1/1] (0.00ns)   --->   "%p_shl = bitconcatenate i29 @_ssdm_op_BitConcatenate.i29.i16.i13, i16 %tmp, i13 0" [../source/dct.c:46]   --->   Operation 150 'bitconcatenate' 'p_shl' <Predicate = true> <Delay = 0.00>
ST_6 : Operation 151 [1/1] (2.46ns)   --->   "%sub_ln46 = sub i29 %tmp_21, i29 %p_shl" [../source/dct.c:46]   --->   Operation 151 'sub' 'sub_ln46' <Predicate = true> <Delay = 2.46> <CoreInst = "Adder">   --->   Core 1 'Adder' <Latency = 0> <II = 1> <Delay = 2.46> <FuncUnit> <Opcode : 'add' 'sub'> <InPorts = 2> <OutPorts = 1>
ST_6 : Operation 152 [1/1] (4.28ns) (root node of TernaryAdder)   --->   "%add_ln46_4 = add i29 %sub_ln46, i29 %tmp28" [../source/dct.c:46]   --->   Operation 152 'add' 'add_ln46_4' <Predicate = true> <Delay = 4.28> <CoreInst = "TAddSub">   --->   Core 10 'TAddSub' <Latency = 0> <II = 1> <Delay = 2.14> <IPBlock> <Opcode : '' 'add' 'sub'> <InPorts = 3> <OutPorts = 1> <Sync> <CReg>
ST_6 : Operation 153 [1/1] (0.00ns)   --->   "%trunc_ln46_4 = partselect i16 @_ssdm_op_PartSelect.i16.i29.i32.i32, i29 %add_ln46_4, i32 13, i32 28" [../source/dct.c:46]   --->   Operation 153 'partselect' 'trunc_ln46_4' <Predicate = true> <Delay = 0.00>
ST_6 : Operation 154 [1/3] (0.00ns) (grouped into DSP with root node add_ln46_19)   --->   "%mul_ln44_8 = mul i29 %sext_ln44_17, i29 536861280" [../source/dct.c:44]   --->   Operation 154 'mul' 'mul_ln44_8' <Predicate = true> <Delay = 0.00> <CoreInst = "DSP48">   --->   Core 116 'DSP48' <Latency = 3> <II = 1> <Delay = 2.15> <IPBlock> <Opcode : '' 'add' 'sub' 'mul' 'select'> <InPorts = 0> <OutPorts = 1> <Sync> <CReg>
ST_6 : Operation 155 [3/3] (1.05ns) (grouped into DSP with root node add_ln46_21)   --->   "%mul_ln44_9 = mul i29 %sext_ln44_12, i29 11363" [../source/dct.c:44]   --->   Operation 155 'mul' 'mul_ln44_9' <Predicate = true> <Delay = 1.05> <CoreInst = "DSP48">   --->   Core 116 'DSP48' <Latency = 3> <II = 1> <Delay = 2.15> <IPBlock> <Opcode : '' 'add' 'sub' 'mul' 'select'> <InPorts = 0> <OutPorts = 1> <Sync> <CReg>
ST_6 : Operation 156 [2/3] (1.05ns) (grouped into DSP with root node add_ln46_22)   --->   "%mul_ln46_3 = mul i29 %sext_ln46, i29 6436" [../source/dct.c:46]   --->   Operation 156 'mul' 'mul_ln46_3' <Predicate = true> <Delay = 1.05> <CoreInst = "DSP48">   --->   Core 116 'DSP48' <Latency = 3> <II = 1> <Delay = 2.15> <IPBlock> <Opcode : '' 'add' 'sub' 'mul' 'select'> <InPorts = 0> <OutPorts = 1> <Sync> <CReg>
ST_6 : Operation 157 [2/2] (2.10ns) (root node of the DSP)   --->   "%add_ln46_19 = add i29 %mul_ln44_7, i29 %mul_ln44_8" [../source/dct.c:46]   --->   Operation 157 'add' 'add_ln46_19' <Predicate = true> <Delay = 2.10> <CoreInst = "DSP48">   --->   Core 116 'DSP48' <Latency = 3> <II = 1> <Delay = 2.15> <IPBlock> <Opcode : '' 'add' 'sub' 'mul' 'select'> <InPorts = 0> <OutPorts = 1> <Sync> <CReg>
ST_6 : Operation 158 [1/1] (2.07ns)   --->   "%tmp39 = sub i17 %sext_ln44_2, i17 %sext_ln44_1" [../source/dct.c:44]   --->   Operation 158 'sub' 'tmp39' <Predicate = true> <Delay = 2.07> <CoreInst = "Adder">   --->   Core 1 'Adder' <Latency = 0> <II = 1> <Delay = 2.07> <FuncUnit> <Opcode : 'add' 'sub'> <InPorts = 2> <OutPorts = 1>
ST_6 : Operation 159 [1/1] (0.00ns)   --->   "%tmp39_cast = sext i17 %tmp39" [../source/dct.c:44]   --->   Operation 159 'sext' 'tmp39_cast' <Predicate = true> <Delay = 0.00>
ST_6 : Operation 160 [1/1] (2.10ns)   --->   "%tmp40 = add i18 %tmp39_cast, i18 %sext_ln44_4" [../source/dct.c:44]   --->   Operation 160 'add' 'tmp40' <Predicate = true> <Delay = 2.10> <CoreInst = "Adder">   --->   Core 1 'Adder' <Latency = 0> <II = 1> <Delay = 2.10> <FuncUnit> <Opcode : 'add' 'sub'> <InPorts = 2> <OutPorts = 1>
ST_6 : Operation 161 [1/3] (0.00ns) (grouped into DSP with root node add_ln46_25)   --->   "%mul_ln44_12 = mul i29 %sext_ln44_17, i29 11363" [../source/dct.c:44]   --->   Operation 161 'mul' 'mul_ln44_12' <Predicate = true> <Delay = 0.00> <CoreInst = "DSP48">   --->   Core 116 'DSP48' <Latency = 3> <II = 1> <Delay = 2.15> <IPBlock> <Opcode : '' 'add' 'sub' 'mul' 'select'> <InPorts = 0> <OutPorts = 1> <Sync> <CReg>
ST_6 : Operation 162 [3/3] (1.05ns) (grouped into DSP with root node add_ln46_28)   --->   "%mul_ln46_5 = mul i29 %sext_ln46, i29 2260" [../source/dct.c:46]   --->   Operation 162 'mul' 'mul_ln46_5' <Predicate = true> <Delay = 1.05> <CoreInst = "DSP48">   --->   Core 116 'DSP48' <Latency = 3> <II = 1> <Delay = 2.15> <IPBlock> <Opcode : '' 'add' 'sub' 'mul' 'select'> <InPorts = 0> <OutPorts = 1> <Sync> <CReg>
ST_6 : Operation 163 [2/2] (2.10ns) (root node of the DSP)   --->   "%add_ln46_25 = add i29 %mul_ln44_11, i29 %mul_ln44_12" [../source/dct.c:46]   --->   Operation 163 'add' 'add_ln46_25' <Predicate = true> <Delay = 2.10> <CoreInst = "DSP48">   --->   Core 116 'DSP48' <Latency = 3> <II = 1> <Delay = 2.15> <IPBlock> <Opcode : '' 'add' 'sub' 'mul' 'select'> <InPorts = 0> <OutPorts = 1> <Sync> <CReg>

State 7 <SV = 6> <Delay = 5.58>
ST_7 : Operation 164 [1/1] (0.00ns)   --->   "%tmp_7 = bitconcatenate i6 @_ssdm_op_BitConcatenate.i6.i3.i3, i3 %dst_offset_read, i3 4" [../source/dct.c:46]   --->   Operation 164 'bitconcatenate' 'tmp_7' <Predicate = true> <Delay = 0.00>
ST_7 : Operation 165 [1/1] (0.00ns)   --->   "%zext_ln46_3 = zext i6 %tmp_7" [../source/dct.c:46]   --->   Operation 165 'zext' 'zext_ln46_3' <Predicate = true> <Delay = 0.00>
ST_7 : Operation 166 [1/1] (0.00ns)   --->   "%dst_addr_4 = getelementptr i16 %dst, i64 0, i64 %zext_ln46_3" [../source/dct.c:46]   --->   Operation 166 'getelementptr' 'dst_addr_4' <Predicate = true> <Delay = 0.00>
ST_7 : Operation 167 [1/1] (0.00ns)   --->   "%sext_ln44_7 = sext i16 %src_load_6" [../source/dct.c:44]   --->   Operation 167 'sext' 'sext_ln44_7' <Predicate = true> <Delay = 0.00>
ST_7 : Operation 168 [2/3] (1.05ns) (grouped into DSP with root node add_ln46_9)   --->   "%mul_ln33 = mul i29 %sext_ln44_10, i29 11363" [../source/dct.c:33]   --->   Operation 168 'mul' 'mul_ln33' <Predicate = true> <Delay = 1.05> <CoreInst = "DSP48">   --->   Core 116 'DSP48' <Latency = 3> <II = 1> <Delay = 2.15> <IPBlock> <Opcode : '' 'add' 'sub' 'mul' 'select'> <InPorts = 0> <OutPorts = 1> <Sync> <CReg>
ST_7 : Operation 169 [1/3] (0.00ns) (grouped into DSP with root node add_ln46_10)   --->   "%mul_ln44_1 = mul i29 %sext_ln44_12, i29 536861280" [../source/dct.c:44]   --->   Operation 169 'mul' 'mul_ln44_1' <Predicate = true> <Delay = 0.00> <CoreInst = "DSP48">   --->   Core 116 'DSP48' <Latency = 3> <II = 1> <Delay = 2.15> <IPBlock> <Opcode : '' 'add' 'sub' 'mul' 'select'> <InPorts = 0> <OutPorts = 1> <Sync> <CReg>
ST_7 : Operation 170 [1/2] (2.10ns) (root node of the DSP)   --->   "%add_ln46_8 = add i29 %mul_ln44, i29 %tmp5" [../source/dct.c:46]   --->   Operation 170 'add' 'add_ln46_8' <Predicate = true> <Delay = 2.10> <CoreInst = "DSP48">   --->   Core 116 'DSP48' <Latency = 3> <II = 1> <Delay = 2.15> <IPBlock> <Opcode : '' 'add' 'sub' 'mul' 'select'> <InPorts = 0> <OutPorts = 1> <Sync> <CReg>
ST_7 : Operation 171 [2/2] (2.10ns) (root node of the DSP)   --->   "%add_ln46_10 = add i29 %mul_ln46, i29 %mul_ln44_1" [../source/dct.c:46]   --->   Operation 171 'add' 'add_ln46_10' <Predicate = true> <Delay = 2.10> <CoreInst = "DSP48">   --->   Core 116 'DSP48' <Latency = 3> <II = 1> <Delay = 2.15> <IPBlock> <Opcode : '' 'add' 'sub' 'mul' 'select'> <InPorts = 0> <OutPorts = 1> <Sync> <CReg>
ST_7 : Operation 172 [1/2] (2.10ns) (root node of the DSP)   --->   "%add_ln46_11 = add i29 %mul_ln44_2, i29 4096" [../source/dct.c:46]   --->   Operation 172 'add' 'add_ln46_11' <Predicate = true> <Delay = 2.10> <CoreInst = "DSP48">   --->   Core 116 'DSP48' <Latency = 3> <II = 1> <Delay = 2.15> <IPBlock> <Opcode : '' 'add' 'sub' 'mul' 'select'> <InPorts = 0> <OutPorts = 1> <Sync> <CReg>
ST_7 : Operation 173 [1/1] (1.65ns) (grouped into DSP with root node add_ln46_2)   --->   "%tmp13 = add i18 %tmp12, i18 %sext_ln44_7" [../source/dct.c:44]   --->   Operation 173 'add' 'tmp13' <Predicate = true> <Delay = 1.65> <CoreInst = "DSP48">   --->   Core 116 'DSP48' <Latency = 3> <II = 1> <Delay = 2.15> <IPBlock> <Opcode : '' 'add' 'sub' 'mul' 'select'> <InPorts = 0> <OutPorts = 1> <Sync> <CReg>
ST_7 : Operation 174 [1/1] (0.00ns) (grouped into DSP with root node add_ln46_2)   --->   "%tmp13_cast = sext i18 %tmp13" [../source/dct.c:44]   --->   Operation 174 'sext' 'tmp13_cast' <Predicate = true> <Delay = 0.00>
ST_7 : Operation 175 [3/3] (1.05ns) (grouped into DSP with root node add_ln46_2)   --->   "%tmp14 = mul i29 %tmp13_cast, i29 4433" [../source/dct.c:44]   --->   Operation 175 'mul' 'tmp14' <Predicate = true> <Delay = 1.05> <CoreInst = "DSP48">   --->   Core 116 'DSP48' <Latency = 3> <II = 1> <Delay = 2.15> <IPBlock> <Opcode : '' 'add' 'sub' 'mul' 'select'> <InPorts = 0> <OutPorts = 1> <Sync> <CReg>
ST_7 : Operation 176 [2/3] (1.05ns) (grouped into DSP with root node add_ln46_13)   --->   "%mul_ln46_1 = mul i29 %tmp19_cast, i29 10703" [../source/dct.c:46]   --->   Operation 176 'mul' 'mul_ln46_1' <Predicate = true> <Delay = 1.05> <CoreInst = "DSP48">   --->   Core 116 'DSP48' <Latency = 3> <II = 1> <Delay = 2.15> <IPBlock> <Opcode : '' 'add' 'sub' 'mul' 'select'> <InPorts = 0> <OutPorts = 1> <Sync> <CReg>
ST_7 : Operation 177 [2/3] (1.05ns) (grouped into DSP with root node add_ln46_15)   --->   "%mul_ln33_1 = mul i29 %sext_ln44_10, i29 9633" [../source/dct.c:33]   --->   Operation 177 'mul' 'mul_ln33_1' <Predicate = true> <Delay = 1.05> <CoreInst = "DSP48">   --->   Core 116 'DSP48' <Latency = 3> <II = 1> <Delay = 2.15> <IPBlock> <Opcode : '' 'add' 'sub' 'mul' 'select'> <InPorts = 0> <OutPorts = 1> <Sync> <CReg>
ST_7 : Operation 178 [1/3] (0.00ns) (grouped into DSP with root node add_ln46_17)   --->   "%mul_ln44_5 = mul i29 %sext_ln44_13, i29 536861280" [../source/dct.c:44]   --->   Operation 178 'mul' 'mul_ln44_5' <Predicate = true> <Delay = 0.00> <CoreInst = "DSP48">   --->   Core 116 'DSP48' <Latency = 3> <II = 1> <Delay = 2.15> <IPBlock> <Opcode : '' 'add' 'sub' 'mul' 'select'> <InPorts = 0> <OutPorts = 1> <Sync> <CReg>
ST_7 : Operation 179 [1/3] (0.00ns) (grouped into DSP with root node add_ln46_16)   --->   "%mul_ln46_2 = mul i29 %tmp25_cast17, i29 2260" [../source/dct.c:46]   --->   Operation 179 'mul' 'mul_ln46_2' <Predicate = true> <Delay = 0.00> <CoreInst = "DSP48">   --->   Core 116 'DSP48' <Latency = 3> <II = 1> <Delay = 2.15> <IPBlock> <Opcode : '' 'add' 'sub' 'mul' 'select'> <InPorts = 0> <OutPorts = 1> <Sync> <CReg>
ST_7 : Operation 180 [1/2] (2.10ns) (root node of the DSP)   --->   "%add_ln46_14 = add i29 %mul_ln44_3, i29 %tmp23" [../source/dct.c:46]   --->   Operation 180 'add' 'add_ln46_14' <Predicate = true> <Delay = 2.10> <CoreInst = "DSP48">   --->   Core 116 'DSP48' <Latency = 3> <II = 1> <Delay = 2.15> <IPBlock> <Opcode : '' 'add' 'sub' 'mul' 'select'> <InPorts = 0> <OutPorts = 1> <Sync> <CReg>
ST_7 : Operation 181 [2/2] (2.10ns) (root node of the DSP)   --->   "%add_ln46_16 = add i29 %mul_ln44_4, i29 %mul_ln46_2" [../source/dct.c:46]   --->   Operation 181 'add' 'add_ln46_16' <Predicate = true> <Delay = 2.10> <CoreInst = "DSP48">   --->   Core 116 'DSP48' <Latency = 3> <II = 1> <Delay = 2.15> <IPBlock> <Opcode : '' 'add' 'sub' 'mul' 'select'> <InPorts = 0> <OutPorts = 1> <Sync> <CReg>
ST_7 : Operation 182 [2/2] (2.10ns) (root node of the DSP)   --->   "%add_ln46_17 = add i29 %mul_ln44_5, i29 4096" [../source/dct.c:46]   --->   Operation 182 'add' 'add_ln46_17' <Predicate = true> <Delay = 2.10> <CoreInst = "DSP48">   --->   Core 116 'DSP48' <Latency = 3> <II = 1> <Delay = 2.15> <IPBlock> <Opcode : '' 'add' 'sub' 'mul' 'select'> <InPorts = 0> <OutPorts = 1> <Sync> <CReg>
ST_7 : Operation 183 [1/1] ( I:3.25ns O:3.25ns )   --->   "%store_ln46 = store i16 %trunc_ln46_4, i6 %dst_addr_4" [../source/dct.c:46]   --->   Operation 183 'store' 'store_ln46' <Predicate = true> <Delay = 3.25> <CoreInst = "RAM">   --->   Core 81 'RAM' <Latency = 1> <II = 1> <Delay = 3.25> <Storage> <Opcode : 'load' 'store'> <Ports = 2> <Width = 16> <Depth = 64> <RAM>
ST_7 : Operation 184 [3/3] (1.05ns) (grouped into DSP with root node add_ln46_20)   --->   "%mul_ln44_6 = mul i29 %sext_ln44_11, i29 536859550" [../source/dct.c:44]   --->   Operation 184 'mul' 'mul_ln44_6' <Predicate = true> <Delay = 1.05> <CoreInst = "DSP48">   --->   Core 116 'DSP48' <Latency = 3> <II = 1> <Delay = 2.15> <IPBlock> <Opcode : '' 'add' 'sub' 'mul' 'select'> <InPorts = 0> <OutPorts = 1> <Sync> <CReg>
ST_7 : Operation 185 [2/3] (1.05ns) (grouped into DSP with root node add_ln46_21)   --->   "%mul_ln44_9 = mul i29 %sext_ln44_12, i29 11363" [../source/dct.c:44]   --->   Operation 185 'mul' 'mul_ln44_9' <Predicate = true> <Delay = 1.05> <CoreInst = "DSP48">   --->   Core 116 'DSP48' <Latency = 3> <II = 1> <Delay = 2.15> <IPBlock> <Opcode : '' 'add' 'sub' 'mul' 'select'> <InPorts = 0> <OutPorts = 1> <Sync> <CReg>
ST_7 : Operation 186 [1/1] (5.58ns)   --->   "%tmp33 = mul i29 %tmp7_cast15, i29 2260" [../source/dct.c:44]   --->   Operation 186 'mul' 'tmp33' <Predicate = true> <Delay = 5.58> <CoreInst = "Multiplier">   --->   Core 3 'Multiplier' <Latency = 0> <II = 1> <Delay = 5.58> <FuncUnit> <Opcode : 'mul'> <InPorts = 2> <OutPorts = 1>
ST_7 : Operation 187 [1/3] (0.00ns) (grouped into DSP with root node add_ln46_22)   --->   "%mul_ln46_3 = mul i29 %sext_ln46, i29 6436" [../source/dct.c:46]   --->   Operation 187 'mul' 'mul_ln46_3' <Predicate = true> <Delay = 0.00> <CoreInst = "DSP48">   --->   Core 116 'DSP48' <Latency = 3> <II = 1> <Delay = 2.15> <IPBlock> <Opcode : '' 'add' 'sub' 'mul' 'select'> <InPorts = 0> <OutPorts = 1> <Sync> <CReg>
ST_7 : Operation 188 [1/2] (2.10ns) (root node of the DSP)   --->   "%add_ln46_19 = add i29 %mul_ln44_7, i29 %mul_ln44_8" [../source/dct.c:46]   --->   Operation 188 'add' 'add_ln46_19' <Predicate = true> <Delay = 2.10> <CoreInst = "DSP48">   --->   Core 116 'DSP48' <Latency = 3> <II = 1> <Delay = 2.15> <IPBlock> <Opcode : '' 'add' 'sub' 'mul' 'select'> <InPorts = 0> <OutPorts = 1> <Sync> <CReg>
ST_7 : Operation 189 [2/2] (2.10ns) (root node of the DSP)   --->   "%add_ln46_22 = add i29 %mul_ln46_3, i29 4096" [../source/dct.c:46]   --->   Operation 189 'add' 'add_ln46_22' <Predicate = true> <Delay = 2.10> <CoreInst = "DSP48">   --->   Core 116 'DSP48' <Latency = 3> <II = 1> <Delay = 2.15> <IPBlock> <Opcode : '' 'add' 'sub' 'mul' 'select'> <InPorts = 0> <OutPorts = 1> <Sync> <CReg>
ST_7 : Operation 190 [3/3] (1.05ns) (grouped into DSP with root node add_ln46_24)   --->   "%mul_ln46_4 = mul i29 %tmp19_cast, i29 4433" [../source/dct.c:46]   --->   Operation 190 'mul' 'mul_ln46_4' <Predicate = true> <Delay = 1.05> <CoreInst = "DSP48">   --->   Core 116 'DSP48' <Latency = 3> <II = 1> <Delay = 2.15> <IPBlock> <Opcode : '' 'add' 'sub' 'mul' 'select'> <InPorts = 0> <OutPorts = 1> <Sync> <CReg>
ST_7 : Operation 191 [3/3] (1.05ns) (grouped into DSP with root node add_ln46_26)   --->   "%mul_ln44_10 = mul i29 %sext_ln44_14, i29 9633" [../source/dct.c:44]   --->   Operation 191 'mul' 'mul_ln44_10' <Predicate = true> <Delay = 1.05> <CoreInst = "DSP48">   --->   Core 116 'DSP48' <Latency = 3> <II = 1> <Delay = 2.15> <IPBlock> <Opcode : '' 'add' 'sub' 'mul' 'select'> <InPorts = 0> <OutPorts = 1> <Sync> <CReg>
ST_7 : Operation 192 [2/3] (1.05ns) (grouped into DSP with root node add_ln46_28)   --->   "%mul_ln46_5 = mul i29 %sext_ln46, i29 2260" [../source/dct.c:46]   --->   Operation 192 'mul' 'mul_ln46_5' <Predicate = true> <Delay = 1.05> <CoreInst = "DSP48">   --->   Core 116 'DSP48' <Latency = 3> <II = 1> <Delay = 2.15> <IPBlock> <Opcode : '' 'add' 'sub' 'mul' 'select'> <InPorts = 0> <OutPorts = 1> <Sync> <CReg>
ST_7 : Operation 193 [1/2] (2.10ns) (root node of the DSP)   --->   "%add_ln46_25 = add i29 %mul_ln44_11, i29 %mul_ln44_12" [../source/dct.c:46]   --->   Operation 193 'add' 'add_ln46_25' <Predicate = true> <Delay = 2.10> <CoreInst = "DSP48">   --->   Core 116 'DSP48' <Latency = 3> <II = 1> <Delay = 2.15> <IPBlock> <Opcode : '' 'add' 'sub' 'mul' 'select'> <InPorts = 0> <OutPorts = 1> <Sync> <CReg>

State 8 <SV = 7> <Delay = 2.10>
ST_8 : Operation 194 [1/3] (0.00ns) (grouped into DSP with root node add_ln46_9)   --->   "%mul_ln33 = mul i29 %sext_ln44_10, i29 11363" [../source/dct.c:33]   --->   Operation 194 'mul' 'mul_ln33' <Predicate = true> <Delay = 0.00> <CoreInst = "DSP48">   --->   Core 116 'DSP48' <Latency = 3> <II = 1> <Delay = 2.15> <IPBlock> <Opcode : '' 'add' 'sub' 'mul' 'select'> <InPorts = 0> <OutPorts = 1> <Sync> <CReg>
ST_8 : Operation 195 [2/2] (2.10ns) (root node of the DSP)   --->   "%add_ln46_9 = add i29 %add_ln46_8, i29 %mul_ln33" [../source/dct.c:46]   --->   Operation 195 'add' 'add_ln46_9' <Predicate = true> <Delay = 2.10> <CoreInst = "DSP48">   --->   Core 116 'DSP48' <Latency = 3> <II = 1> <Delay = 2.15> <IPBlock> <Opcode : '' 'add' 'sub' 'mul' 'select'> <InPorts = 0> <OutPorts = 1> <Sync> <CReg>
ST_8 : Operation 196 [1/2] (2.10ns) (root node of the DSP)   --->   "%add_ln46_10 = add i29 %mul_ln46, i29 %mul_ln44_1" [../source/dct.c:46]   --->   Operation 196 'add' 'add_ln46_10' <Predicate = true> <Delay = 2.10> <CoreInst = "DSP48">   --->   Core 116 'DSP48' <Latency = 3> <II = 1> <Delay = 2.15> <IPBlock> <Opcode : '' 'add' 'sub' 'mul' 'select'> <InPorts = 0> <OutPorts = 1> <Sync> <CReg>
ST_8 : Operation 197 [2/3] (1.05ns) (grouped into DSP with root node add_ln46_2)   --->   "%tmp14 = mul i29 %tmp13_cast, i29 4433" [../source/dct.c:44]   --->   Operation 197 'mul' 'tmp14' <Predicate = true> <Delay = 1.05> <CoreInst = "DSP48">   --->   Core 116 'DSP48' <Latency = 3> <II = 1> <Delay = 2.15> <IPBlock> <Opcode : '' 'add' 'sub' 'mul' 'select'> <InPorts = 0> <OutPorts = 1> <Sync> <CReg>
ST_8 : Operation 198 [1/3] (0.00ns) (grouped into DSP with root node add_ln46_13)   --->   "%mul_ln46_1 = mul i29 %tmp19_cast, i29 10703" [../source/dct.c:46]   --->   Operation 198 'mul' 'mul_ln46_1' <Predicate = true> <Delay = 0.00> <CoreInst = "DSP48">   --->   Core 116 'DSP48' <Latency = 3> <II = 1> <Delay = 2.15> <IPBlock> <Opcode : '' 'add' 'sub' 'mul' 'select'> <InPorts = 0> <OutPorts = 1> <Sync> <CReg>
ST_8 : Operation 199 [2/2] (2.10ns) (root node of the DSP)   --->   "%add_ln46_13 = add i29 %mul_ln46_1, i29 4096" [../source/dct.c:46]   --->   Operation 199 'add' 'add_ln46_13' <Predicate = true> <Delay = 2.10> <CoreInst = "DSP48">   --->   Core 116 'DSP48' <Latency = 3> <II = 1> <Delay = 2.15> <IPBlock> <Opcode : '' 'add' 'sub' 'mul' 'select'> <InPorts = 0> <OutPorts = 1> <Sync> <CReg>
ST_8 : Operation 200 [1/3] (0.00ns) (grouped into DSP with root node add_ln46_15)   --->   "%mul_ln33_1 = mul i29 %sext_ln44_10, i29 9633" [../source/dct.c:33]   --->   Operation 200 'mul' 'mul_ln33_1' <Predicate = true> <Delay = 0.00> <CoreInst = "DSP48">   --->   Core 116 'DSP48' <Latency = 3> <II = 1> <Delay = 2.15> <IPBlock> <Opcode : '' 'add' 'sub' 'mul' 'select'> <InPorts = 0> <OutPorts = 1> <Sync> <CReg>
ST_8 : Operation 201 [2/2] (2.10ns) (root node of the DSP)   --->   "%add_ln46_15 = add i29 %add_ln46_14, i29 %mul_ln33_1" [../source/dct.c:46]   --->   Operation 201 'add' 'add_ln46_15' <Predicate = true> <Delay = 2.10> <CoreInst = "DSP48">   --->   Core 116 'DSP48' <Latency = 3> <II = 1> <Delay = 2.15> <IPBlock> <Opcode : '' 'add' 'sub' 'mul' 'select'> <InPorts = 0> <OutPorts = 1> <Sync> <CReg>
ST_8 : Operation 202 [1/2] (2.10ns) (root node of the DSP)   --->   "%add_ln46_16 = add i29 %mul_ln44_4, i29 %mul_ln46_2" [../source/dct.c:46]   --->   Operation 202 'add' 'add_ln46_16' <Predicate = true> <Delay = 2.10> <CoreInst = "DSP48">   --->   Core 116 'DSP48' <Latency = 3> <II = 1> <Delay = 2.15> <IPBlock> <Opcode : '' 'add' 'sub' 'mul' 'select'> <InPorts = 0> <OutPorts = 1> <Sync> <CReg>
ST_8 : Operation 203 [1/2] (2.10ns) (root node of the DSP)   --->   "%add_ln46_17 = add i29 %mul_ln44_5, i29 4096" [../source/dct.c:46]   --->   Operation 203 'add' 'add_ln46_17' <Predicate = true> <Delay = 2.10> <CoreInst = "DSP48">   --->   Core 116 'DSP48' <Latency = 3> <II = 1> <Delay = 2.15> <IPBlock> <Opcode : '' 'add' 'sub' 'mul' 'select'> <InPorts = 0> <OutPorts = 1> <Sync> <CReg>
ST_8 : Operation 204 [2/3] (1.05ns) (grouped into DSP with root node add_ln46_20)   --->   "%mul_ln44_6 = mul i29 %sext_ln44_11, i29 536859550" [../source/dct.c:44]   --->   Operation 204 'mul' 'mul_ln44_6' <Predicate = true> <Delay = 1.05> <CoreInst = "DSP48">   --->   Core 116 'DSP48' <Latency = 3> <II = 1> <Delay = 2.15> <IPBlock> <Opcode : '' 'add' 'sub' 'mul' 'select'> <InPorts = 0> <OutPorts = 1> <Sync> <CReg>
ST_8 : Operation 205 [1/3] (0.00ns) (grouped into DSP with root node add_ln46_21)   --->   "%mul_ln44_9 = mul i29 %sext_ln44_12, i29 11363" [../source/dct.c:44]   --->   Operation 205 'mul' 'mul_ln44_9' <Predicate = true> <Delay = 0.00> <CoreInst = "DSP48">   --->   Core 116 'DSP48' <Latency = 3> <II = 1> <Delay = 2.15> <IPBlock> <Opcode : '' 'add' 'sub' 'mul' 'select'> <InPorts = 0> <OutPorts = 1> <Sync> <CReg>
ST_8 : Operation 206 [2/2] (2.10ns) (root node of the DSP)   --->   "%add_ln46_21 = add i29 %tmp33, i29 %mul_ln44_9" [../source/dct.c:46]   --->   Operation 206 'add' 'add_ln46_21' <Predicate = true> <Delay = 2.10> <CoreInst = "DSP48">   --->   Core 116 'DSP48' <Latency = 3> <II = 1> <Delay = 2.15> <IPBlock> <Opcode : '' 'add' 'sub' 'mul' 'select'> <InPorts = 0> <OutPorts = 1> <Sync> <CReg>
ST_8 : Operation 207 [1/2] (2.10ns) (root node of the DSP)   --->   "%add_ln46_22 = add i29 %mul_ln46_3, i29 4096" [../source/dct.c:46]   --->   Operation 207 'add' 'add_ln46_22' <Predicate = true> <Delay = 2.10> <CoreInst = "DSP48">   --->   Core 116 'DSP48' <Latency = 3> <II = 1> <Delay = 2.15> <IPBlock> <Opcode : '' 'add' 'sub' 'mul' 'select'> <InPorts = 0> <OutPorts = 1> <Sync> <CReg>
ST_8 : Operation 208 [2/3] (1.05ns) (grouped into DSP with root node add_ln46_24)   --->   "%mul_ln46_4 = mul i29 %tmp19_cast, i29 4433" [../source/dct.c:46]   --->   Operation 208 'mul' 'mul_ln46_4' <Predicate = true> <Delay = 1.05> <CoreInst = "DSP48">   --->   Core 116 'DSP48' <Latency = 3> <II = 1> <Delay = 2.15> <IPBlock> <Opcode : '' 'add' 'sub' 'mul' 'select'> <InPorts = 0> <OutPorts = 1> <Sync> <CReg>
ST_8 : Operation 209 [2/3] (1.05ns) (grouped into DSP with root node add_ln46_26)   --->   "%mul_ln44_10 = mul i29 %sext_ln44_14, i29 9633" [../source/dct.c:44]   --->   Operation 209 'mul' 'mul_ln44_10' <Predicate = true> <Delay = 1.05> <CoreInst = "DSP48">   --->   Core 116 'DSP48' <Latency = 3> <II = 1> <Delay = 2.15> <IPBlock> <Opcode : '' 'add' 'sub' 'mul' 'select'> <InPorts = 0> <OutPorts = 1> <Sync> <CReg>
ST_8 : Operation 210 [1/3] (0.00ns) (grouped into DSP with root node add_ln46_28)   --->   "%mul_ln46_5 = mul i29 %sext_ln46, i29 2260" [../source/dct.c:46]   --->   Operation 210 'mul' 'mul_ln46_5' <Predicate = true> <Delay = 0.00> <CoreInst = "DSP48">   --->   Core 116 'DSP48' <Latency = 3> <II = 1> <Delay = 2.15> <IPBlock> <Opcode : '' 'add' 'sub' 'mul' 'select'> <InPorts = 0> <OutPorts = 1> <Sync> <CReg>
ST_8 : Operation 211 [2/2] (2.10ns) (root node of the DSP)   --->   "%add_ln46_28 = add i29 %mul_ln46_5, i29 4096" [../source/dct.c:46]   --->   Operation 211 'add' 'add_ln46_28' <Predicate = true> <Delay = 2.10> <CoreInst = "DSP48">   --->   Core 116 'DSP48' <Latency = 3> <II = 1> <Delay = 2.15> <IPBlock> <Opcode : '' 'add' 'sub' 'mul' 'select'> <InPorts = 0> <OutPorts = 1> <Sync> <CReg>

State 9 <SV = 8> <Delay = 6.38>
ST_9 : Operation 212 [1/2] (2.10ns) (root node of the DSP)   --->   "%add_ln46_9 = add i29 %add_ln46_8, i29 %mul_ln33" [../source/dct.c:46]   --->   Operation 212 'add' 'add_ln46_9' <Predicate = true> <Delay = 2.10> <CoreInst = "DSP48">   --->   Core 116 'DSP48' <Latency = 3> <II = 1> <Delay = 2.15> <IPBlock> <Opcode : '' 'add' 'sub' 'mul' 'select'> <InPorts = 0> <OutPorts = 1> <Sync> <CReg>
ST_9 : Operation 213 [1/1] (0.00ns) (grouped into TernaryAdder)   --->   "%add_ln46_12 = add i29 %add_ln46_11, i29 %add_ln46_10" [../source/dct.c:46]   --->   Operation 213 'add' 'add_ln46_12' <Predicate = true> <Delay = 0.00> <CoreInst = "TAddSub">   --->   Core 10 'TAddSub' <Latency = 0> <II = 1> <Delay = 2.14> <IPBlock> <Opcode : '' 'add' 'sub'> <InPorts = 3> <OutPorts = 1> <Sync> <CReg>
ST_9 : Operation 214 [1/1] (4.28ns) (root node of TernaryAdder)   --->   "%add_ln46_1 = add i29 %add_ln46_12, i29 %add_ln46_9" [../source/dct.c:46]   --->   Operation 214 'add' 'add_ln46_1' <Predicate = true> <Delay = 4.28> <CoreInst = "TAddSub">   --->   Core 10 'TAddSub' <Latency = 0> <II = 1> <Delay = 2.14> <IPBlock> <Opcode : '' 'add' 'sub'> <InPorts = 3> <OutPorts = 1> <Sync> <CReg>
ST_9 : Operation 215 [1/1] (0.00ns)   --->   "%trunc_ln46_1 = partselect i16 @_ssdm_op_PartSelect.i16.i29.i32.i32, i29 %add_ln46_1, i32 13, i32 28" [../source/dct.c:46]   --->   Operation 215 'partselect' 'trunc_ln46_1' <Predicate = true> <Delay = 0.00>
ST_9 : Operation 216 [1/3] (0.00ns) (grouped into DSP with root node add_ln46_2)   --->   "%tmp14 = mul i29 %tmp13_cast, i29 4433" [../source/dct.c:44]   --->   Operation 216 'mul' 'tmp14' <Predicate = true> <Delay = 0.00> <CoreInst = "DSP48">   --->   Core 116 'DSP48' <Latency = 3> <II = 1> <Delay = 2.15> <IPBlock> <Opcode : '' 'add' 'sub' 'mul' 'select'> <InPorts = 0> <OutPorts = 1> <Sync> <CReg>
ST_9 : Operation 217 [1/2] (2.10ns) (root node of the DSP)   --->   "%add_ln46_13 = add i29 %mul_ln46_1, i29 4096" [../source/dct.c:46]   --->   Operation 217 'add' 'add_ln46_13' <Predicate = true> <Delay = 2.10> <CoreInst = "DSP48">   --->   Core 116 'DSP48' <Latency = 3> <II = 1> <Delay = 2.15> <IPBlock> <Opcode : '' 'add' 'sub' 'mul' 'select'> <InPorts = 0> <OutPorts = 1> <Sync> <CReg>
ST_9 : Operation 218 [2/2] (2.10ns) (root node of the DSP)   --->   "%add_ln46_2 = add i29 %add_ln46_13, i29 %tmp14" [../source/dct.c:46]   --->   Operation 218 'add' 'add_ln46_2' <Predicate = true> <Delay = 2.10> <CoreInst = "DSP48">   --->   Core 116 'DSP48' <Latency = 3> <II = 1> <Delay = 2.15> <IPBlock> <Opcode : '' 'add' 'sub' 'mul' 'select'> <InPorts = 0> <OutPorts = 1> <Sync> <CReg>
ST_9 : Operation 219 [1/2] (2.10ns) (root node of the DSP)   --->   "%add_ln46_15 = add i29 %add_ln46_14, i29 %mul_ln33_1" [../source/dct.c:46]   --->   Operation 219 'add' 'add_ln46_15' <Predicate = true> <Delay = 2.10> <CoreInst = "DSP48">   --->   Core 116 'DSP48' <Latency = 3> <II = 1> <Delay = 2.15> <IPBlock> <Opcode : '' 'add' 'sub' 'mul' 'select'> <InPorts = 0> <OutPorts = 1> <Sync> <CReg>
ST_9 : Operation 220 [1/1] (0.00ns) (grouped into TernaryAdder)   --->   "%add_ln46_18 = add i29 %add_ln46_17, i29 %add_ln46_16" [../source/dct.c:46]   --->   Operation 220 'add' 'add_ln46_18' <Predicate = true> <Delay = 0.00> <CoreInst = "TAddSub">   --->   Core 10 'TAddSub' <Latency = 0> <II = 1> <Delay = 2.14> <IPBlock> <Opcode : '' 'add' 'sub'> <InPorts = 3> <OutPorts = 1> <Sync> <CReg>
ST_9 : Operation 221 [1/1] (4.28ns) (root node of TernaryAdder)   --->   "%add_ln46_3 = add i29 %add_ln46_18, i29 %add_ln46_15" [../source/dct.c:46]   --->   Operation 221 'add' 'add_ln46_3' <Predicate = true> <Delay = 4.28> <CoreInst = "TAddSub">   --->   Core 10 'TAddSub' <Latency = 0> <II = 1> <Delay = 2.14> <IPBlock> <Opcode : '' 'add' 'sub'> <InPorts = 3> <OutPorts = 1> <Sync> <CReg>
ST_9 : Operation 222 [1/1] (0.00ns)   --->   "%trunc_ln46_3 = partselect i16 @_ssdm_op_PartSelect.i16.i29.i32.i32, i29 %add_ln46_3, i32 13, i32 28" [../source/dct.c:46]   --->   Operation 222 'partselect' 'trunc_ln46_3' <Predicate = true> <Delay = 0.00>
ST_9 : Operation 223 [1/3] (0.00ns) (grouped into DSP with root node add_ln46_20)   --->   "%mul_ln44_6 = mul i29 %sext_ln44_11, i29 536859550" [../source/dct.c:44]   --->   Operation 223 'mul' 'mul_ln44_6' <Predicate = true> <Delay = 0.00> <CoreInst = "DSP48">   --->   Core 116 'DSP48' <Latency = 3> <II = 1> <Delay = 2.15> <IPBlock> <Opcode : '' 'add' 'sub' 'mul' 'select'> <InPorts = 0> <OutPorts = 1> <Sync> <CReg>
ST_9 : Operation 224 [2/2] (2.10ns) (root node of the DSP)   --->   "%add_ln46_20 = add i29 %add_ln46_19, i29 %mul_ln44_6" [../source/dct.c:46]   --->   Operation 224 'add' 'add_ln46_20' <Predicate = true> <Delay = 2.10> <CoreInst = "DSP48">   --->   Core 116 'DSP48' <Latency = 3> <II = 1> <Delay = 2.15> <IPBlock> <Opcode : '' 'add' 'sub' 'mul' 'select'> <InPorts = 0> <OutPorts = 1> <Sync> <CReg>
ST_9 : Operation 225 [1/2] (2.10ns) (root node of the DSP)   --->   "%add_ln46_21 = add i29 %tmp33, i29 %mul_ln44_9" [../source/dct.c:46]   --->   Operation 225 'add' 'add_ln46_21' <Predicate = true> <Delay = 2.10> <CoreInst = "DSP48">   --->   Core 116 'DSP48' <Latency = 3> <II = 1> <Delay = 2.15> <IPBlock> <Opcode : '' 'add' 'sub' 'mul' 'select'> <InPorts = 0> <OutPorts = 1> <Sync> <CReg>
ST_9 : Operation 226 [1/3] (0.00ns) (grouped into DSP with root node add_ln46_24)   --->   "%mul_ln46_4 = mul i29 %tmp19_cast, i29 4433" [../source/dct.c:46]   --->   Operation 226 'mul' 'mul_ln46_4' <Predicate = true> <Delay = 0.00> <CoreInst = "DSP48">   --->   Core 116 'DSP48' <Latency = 3> <II = 1> <Delay = 2.15> <IPBlock> <Opcode : '' 'add' 'sub' 'mul' 'select'> <InPorts = 0> <OutPorts = 1> <Sync> <CReg>
ST_9 : Operation 227 [2/2] (2.10ns) (root node of the DSP)   --->   "%add_ln46_24 = add i29 %mul_ln46_4, i29 4096" [../source/dct.c:46]   --->   Operation 227 'add' 'add_ln46_24' <Predicate = true> <Delay = 2.10> <CoreInst = "DSP48">   --->   Core 116 'DSP48' <Latency = 3> <II = 1> <Delay = 2.15> <IPBlock> <Opcode : '' 'add' 'sub' 'mul' 'select'> <InPorts = 0> <OutPorts = 1> <Sync> <CReg>
ST_9 : Operation 228 [1/3] (0.00ns) (grouped into DSP with root node add_ln46_26)   --->   "%mul_ln44_10 = mul i29 %sext_ln44_14, i29 9633" [../source/dct.c:44]   --->   Operation 228 'mul' 'mul_ln44_10' <Predicate = true> <Delay = 0.00> <CoreInst = "DSP48">   --->   Core 116 'DSP48' <Latency = 3> <II = 1> <Delay = 2.15> <IPBlock> <Opcode : '' 'add' 'sub' 'mul' 'select'> <InPorts = 0> <OutPorts = 1> <Sync> <CReg>
ST_9 : Operation 229 [1/1] (5.58ns)   --->   "%mul_ln44_13 = mul i29 %sext_ln44_15, i29 536861280" [../source/dct.c:44]   --->   Operation 229 'mul' 'mul_ln44_13' <Predicate = true> <Delay = 5.58> <CoreInst = "Multiplier">   --->   Core 3 'Multiplier' <Latency = 0> <II = 1> <Delay = 5.58> <FuncUnit> <Opcode : 'mul'> <InPorts = 2> <OutPorts = 1>
ST_9 : Operation 230 [3/3] (1.05ns) (grouped into DSP with root node add_ln46_27)   --->   "%tmp51 = mul i29 %tmp25_cast17, i29 6436" [../source/dct.c:44]   --->   Operation 230 'mul' 'tmp51' <Predicate = true> <Delay = 1.05> <CoreInst = "DSP48">   --->   Core 116 'DSP48' <Latency = 3> <II = 1> <Delay = 2.15> <IPBlock> <Opcode : '' 'add' 'sub' 'mul' 'select'> <InPorts = 0> <OutPorts = 1> <Sync> <CReg>
ST_9 : Operation 231 [2/2] (2.10ns) (root node of the DSP)   --->   "%add_ln46_26 = add i29 %add_ln46_25, i29 %mul_ln44_10" [../source/dct.c:46]   --->   Operation 231 'add' 'add_ln46_26' <Predicate = true> <Delay = 2.10> <CoreInst = "DSP48">   --->   Core 116 'DSP48' <Latency = 3> <II = 1> <Delay = 2.15> <IPBlock> <Opcode : '' 'add' 'sub' 'mul' 'select'> <InPorts = 0> <OutPorts = 1> <Sync> <CReg>
ST_9 : Operation 232 [1/2] (2.10ns) (root node of the DSP)   --->   "%add_ln46_28 = add i29 %mul_ln46_5, i29 4096" [../source/dct.c:46]   --->   Operation 232 'add' 'add_ln46_28' <Predicate = true> <Delay = 2.10> <CoreInst = "DSP48">   --->   Core 116 'DSP48' <Latency = 3> <II = 1> <Delay = 2.15> <IPBlock> <Opcode : '' 'add' 'sub' 'mul' 'select'> <InPorts = 0> <OutPorts = 1> <Sync> <CReg>

State 10 <SV = 9> <Delay = 6.38>
ST_10 : Operation 233 [1/1] (0.00ns)   --->   "%tmp_2 = bitconcatenate i6 @_ssdm_op_BitConcatenate.i6.i3.i3, i3 %dst_offset_read, i3 1" [../source/dct.c:46]   --->   Operation 233 'bitconcatenate' 'tmp_2' <Predicate = true> <Delay = 0.00>
ST_10 : Operation 234 [1/1] (0.00ns)   --->   "%zext_ln46 = zext i6 %tmp_2" [../source/dct.c:46]   --->   Operation 234 'zext' 'zext_ln46' <Predicate = true> <Delay = 0.00>
ST_10 : Operation 235 [1/1] (0.00ns)   --->   "%dst_addr_1 = getelementptr i16 %dst, i64 0, i64 %zext_ln46" [../source/dct.c:46]   --->   Operation 235 'getelementptr' 'dst_addr_1' <Predicate = true> <Delay = 0.00>
ST_10 : Operation 236 [1/1] ( I:3.25ns O:3.25ns )   --->   "%store_ln46 = store i16 %trunc_ln46_1, i6 %dst_addr_1" [../source/dct.c:46]   --->   Operation 236 'store' 'store_ln46' <Predicate = true> <Delay = 3.25> <CoreInst = "RAM">   --->   Core 81 'RAM' <Latency = 1> <II = 1> <Delay = 3.25> <Storage> <Opcode : 'load' 'store'> <Ports = 2> <Width = 16> <Depth = 64> <RAM>
ST_10 : Operation 237 [1/2] (2.10ns) (root node of the DSP)   --->   "%add_ln46_2 = add i29 %add_ln46_13, i29 %tmp14" [../source/dct.c:46]   --->   Operation 237 'add' 'add_ln46_2' <Predicate = true> <Delay = 2.10> <CoreInst = "DSP48">   --->   Core 116 'DSP48' <Latency = 3> <II = 1> <Delay = 2.15> <IPBlock> <Opcode : '' 'add' 'sub' 'mul' 'select'> <InPorts = 0> <OutPorts = 1> <Sync> <CReg>
ST_10 : Operation 238 [1/1] (0.00ns)   --->   "%trunc_ln46_2 = partselect i16 @_ssdm_op_PartSelect.i16.i29.i32.i32, i29 %add_ln46_2, i32 13, i32 28" [../source/dct.c:46]   --->   Operation 238 'partselect' 'trunc_ln46_2' <Predicate = true> <Delay = 0.00>
ST_10 : Operation 239 [1/2] (2.10ns) (root node of the DSP)   --->   "%add_ln46_20 = add i29 %add_ln46_19, i29 %mul_ln44_6" [../source/dct.c:46]   --->   Operation 239 'add' 'add_ln46_20' <Predicate = true> <Delay = 2.10> <CoreInst = "DSP48">   --->   Core 116 'DSP48' <Latency = 3> <II = 1> <Delay = 2.15> <IPBlock> <Opcode : '' 'add' 'sub' 'mul' 'select'> <InPorts = 0> <OutPorts = 1> <Sync> <CReg>
ST_10 : Operation 240 [1/1] (0.00ns) (grouped into TernaryAdder)   --->   "%add_ln46_23 = add i29 %add_ln46_22, i29 %add_ln46_21" [../source/dct.c:46]   --->   Operation 240 'add' 'add_ln46_23' <Predicate = true> <Delay = 0.00> <CoreInst = "TAddSub">   --->   Core 10 'TAddSub' <Latency = 0> <II = 1> <Delay = 2.14> <IPBlock> <Opcode : '' 'add' 'sub'> <InPorts = 3> <OutPorts = 1> <Sync> <CReg>
ST_10 : Operation 241 [1/1] (4.28ns) (root node of TernaryAdder)   --->   "%add_ln46_5 = add i29 %add_ln46_23, i29 %add_ln46_20" [../source/dct.c:46]   --->   Operation 241 'add' 'add_ln46_5' <Predicate = true> <Delay = 4.28> <CoreInst = "TAddSub">   --->   Core 10 'TAddSub' <Latency = 0> <II = 1> <Delay = 2.14> <IPBlock> <Opcode : '' 'add' 'sub'> <InPorts = 3> <OutPorts = 1> <Sync> <CReg>
ST_10 : Operation 242 [1/1] (0.00ns)   --->   "%trunc_ln46_5 = partselect i16 @_ssdm_op_PartSelect.i16.i29.i32.i32, i29 %add_ln46_5, i32 13, i32 28" [../source/dct.c:46]   --->   Operation 242 'partselect' 'trunc_ln46_5' <Predicate = true> <Delay = 0.00>
ST_10 : Operation 243 [1/2] (2.10ns) (root node of the DSP)   --->   "%add_ln46_24 = add i29 %mul_ln46_4, i29 4096" [../source/dct.c:46]   --->   Operation 243 'add' 'add_ln46_24' <Predicate = true> <Delay = 2.10> <CoreInst = "DSP48">   --->   Core 116 'DSP48' <Latency = 3> <II = 1> <Delay = 2.15> <IPBlock> <Opcode : '' 'add' 'sub' 'mul' 'select'> <InPorts = 0> <OutPorts = 1> <Sync> <CReg>
ST_10 : Operation 244 [2/3] (1.05ns) (grouped into DSP with root node add_ln46_27)   --->   "%tmp51 = mul i29 %tmp25_cast17, i29 6436" [../source/dct.c:44]   --->   Operation 244 'mul' 'tmp51' <Predicate = true> <Delay = 1.05> <CoreInst = "DSP48">   --->   Core 116 'DSP48' <Latency = 3> <II = 1> <Delay = 2.15> <IPBlock> <Opcode : '' 'add' 'sub' 'mul' 'select'> <InPorts = 0> <OutPorts = 1> <Sync> <CReg>
ST_10 : Operation 245 [1/2] (2.10ns) (root node of the DSP)   --->   "%add_ln46_26 = add i29 %add_ln46_25, i29 %mul_ln44_10" [../source/dct.c:46]   --->   Operation 245 'add' 'add_ln46_26' <Predicate = true> <Delay = 2.10> <CoreInst = "DSP48">   --->   Core 116 'DSP48' <Latency = 3> <II = 1> <Delay = 2.15> <IPBlock> <Opcode : '' 'add' 'sub' 'mul' 'select'> <InPorts = 0> <OutPorts = 1> <Sync> <CReg>

State 11 <SV = 10> <Delay = 3.25>
ST_11 : Operation 246 [1/1] (0.00ns)   --->   "%tmp_3 = bitconcatenate i6 @_ssdm_op_BitConcatenate.i6.i3.i3, i3 %dst_offset_read, i3 2" [../source/dct.c:46]   --->   Operation 246 'bitconcatenate' 'tmp_3' <Predicate = true> <Delay = 0.00>
ST_11 : Operation 247 [1/1] (0.00ns)   --->   "%zext_ln46_1 = zext i6 %tmp_3" [../source/dct.c:46]   --->   Operation 247 'zext' 'zext_ln46_1' <Predicate = true> <Delay = 0.00>
ST_11 : Operation 248 [1/1] (0.00ns)   --->   "%dst_addr_2 = getelementptr i16 %dst, i64 0, i64 %zext_ln46_1" [../source/dct.c:46]   --->   Operation 248 'getelementptr' 'dst_addr_2' <Predicate = true> <Delay = 0.00>
ST_11 : Operation 249 [1/1] ( I:3.25ns O:3.25ns )   --->   "%store_ln46 = store i16 %trunc_ln46_2, i6 %dst_addr_2" [../source/dct.c:46]   --->   Operation 249 'store' 'store_ln46' <Predicate = true> <Delay = 3.25> <CoreInst = "RAM">   --->   Core 81 'RAM' <Latency = 1> <II = 1> <Delay = 3.25> <Storage> <Opcode : 'load' 'store'> <Ports = 2> <Width = 16> <Depth = 64> <RAM>
ST_11 : Operation 250 [1/1] (1.65ns) (grouped into DSP with root node add_ln46_6)   --->   "%tmp41 = sub i18 %tmp40, i18 %sext_ln44_7" [../source/dct.c:44]   --->   Operation 250 'sub' 'tmp41' <Predicate = true> <Delay = 1.65> <CoreInst = "DSP48">   --->   Core 116 'DSP48' <Latency = 3> <II = 1> <Delay = 2.15> <IPBlock> <Opcode : '' 'add' 'sub' 'mul' 'select'> <InPorts = 0> <OutPorts = 1> <Sync> <CReg>
ST_11 : Operation 251 [1/1] (0.00ns) (grouped into DSP with root node add_ln46_6)   --->   "%tmp41_cast = sext i18 %tmp41" [../source/dct.c:44]   --->   Operation 251 'sext' 'tmp41_cast' <Predicate = true> <Delay = 0.00>
ST_11 : Operation 252 [3/3] (1.05ns) (grouped into DSP with root node add_ln46_6)   --->   "%tmp42 = mul i29 %tmp41_cast, i29 10703" [../source/dct.c:44]   --->   Operation 252 'mul' 'tmp42' <Predicate = true> <Delay = 1.05> <CoreInst = "DSP48">   --->   Core 116 'DSP48' <Latency = 3> <II = 1> <Delay = 2.15> <IPBlock> <Opcode : '' 'add' 'sub' 'mul' 'select'> <InPorts = 0> <OutPorts = 1> <Sync> <CReg>
ST_11 : Operation 253 [1/3] (0.00ns) (grouped into DSP with root node add_ln46_27)   --->   "%tmp51 = mul i29 %tmp25_cast17, i29 6436" [../source/dct.c:44]   --->   Operation 253 'mul' 'tmp51' <Predicate = true> <Delay = 0.00> <CoreInst = "DSP48">   --->   Core 116 'DSP48' <Latency = 3> <II = 1> <Delay = 2.15> <IPBlock> <Opcode : '' 'add' 'sub' 'mul' 'select'> <InPorts = 0> <OutPorts = 1> <Sync> <CReg>
ST_11 : Operation 254 [2/2] (2.10ns) (root node of the DSP)   --->   "%add_ln46_27 = add i29 %mul_ln44_13, i29 %tmp51" [../source/dct.c:46]   --->   Operation 254 'add' 'add_ln46_27' <Predicate = true> <Delay = 2.10> <CoreInst = "DSP48">   --->   Core 116 'DSP48' <Latency = 3> <II = 1> <Delay = 2.15> <IPBlock> <Opcode : '' 'add' 'sub' 'mul' 'select'> <InPorts = 0> <OutPorts = 1> <Sync> <CReg>

State 12 <SV = 11> <Delay = 6.38>
ST_12 : Operation 255 [1/1] (0.00ns)   --->   "%tmp_6 = bitconcatenate i6 @_ssdm_op_BitConcatenate.i6.i3.i3, i3 %dst_offset_read, i3 3" [../source/dct.c:46]   --->   Operation 255 'bitconcatenate' 'tmp_6' <Predicate = true> <Delay = 0.00>
ST_12 : Operation 256 [1/1] (0.00ns)   --->   "%zext_ln46_2 = zext i6 %tmp_6" [../source/dct.c:46]   --->   Operation 256 'zext' 'zext_ln46_2' <Predicate = true> <Delay = 0.00>
ST_12 : Operation 257 [1/1] (0.00ns)   --->   "%dst_addr_3 = getelementptr i16 %dst, i64 0, i64 %zext_ln46_2" [../source/dct.c:46]   --->   Operation 257 'getelementptr' 'dst_addr_3' <Predicate = true> <Delay = 0.00>
ST_12 : Operation 258 [1/1] (0.00ns)   --->   "%tmp_8 = bitconcatenate i6 @_ssdm_op_BitConcatenate.i6.i3.i3, i3 %dst_offset_read, i3 5" [../source/dct.c:46]   --->   Operation 258 'bitconcatenate' 'tmp_8' <Predicate = true> <Delay = 0.00>
ST_12 : Operation 259 [1/1] (0.00ns)   --->   "%zext_ln46_4 = zext i6 %tmp_8" [../source/dct.c:46]   --->   Operation 259 'zext' 'zext_ln46_4' <Predicate = true> <Delay = 0.00>
ST_12 : Operation 260 [1/1] (0.00ns)   --->   "%dst_addr_5 = getelementptr i16 %dst, i64 0, i64 %zext_ln46_4" [../source/dct.c:46]   --->   Operation 260 'getelementptr' 'dst_addr_5' <Predicate = true> <Delay = 0.00>
ST_12 : Operation 261 [1/1] ( I:3.25ns O:3.25ns )   --->   "%store_ln46 = store i16 %trunc_ln46_3, i6 %dst_addr_3" [../source/dct.c:46]   --->   Operation 261 'store' 'store_ln46' <Predicate = true> <Delay = 3.25> <CoreInst = "RAM">   --->   Core 81 'RAM' <Latency = 1> <II = 1> <Delay = 3.25> <Storage> <Opcode : 'load' 'store'> <Ports = 2> <Width = 16> <Depth = 64> <RAM>
ST_12 : Operation 262 [1/1] ( I:3.25ns O:3.25ns )   --->   "%store_ln46 = store i16 %trunc_ln46_5, i6 %dst_addr_5" [../source/dct.c:46]   --->   Operation 262 'store' 'store_ln46' <Predicate = true> <Delay = 3.25> <CoreInst = "RAM">   --->   Core 81 'RAM' <Latency = 1> <II = 1> <Delay = 3.25> <Storage> <Opcode : 'load' 'store'> <Ports = 2> <Width = 16> <Depth = 64> <RAM>
ST_12 : Operation 263 [2/3] (1.05ns) (grouped into DSP with root node add_ln46_6)   --->   "%tmp42 = mul i29 %tmp41_cast, i29 10703" [../source/dct.c:44]   --->   Operation 263 'mul' 'tmp42' <Predicate = true> <Delay = 1.05> <CoreInst = "DSP48">   --->   Core 116 'DSP48' <Latency = 3> <II = 1> <Delay = 2.15> <IPBlock> <Opcode : '' 'add' 'sub' 'mul' 'select'> <InPorts = 0> <OutPorts = 1> <Sync> <CReg>
ST_12 : Operation 264 [1/2] (2.10ns) (root node of the DSP)   --->   "%add_ln46_27 = add i29 %mul_ln44_13, i29 %tmp51" [../source/dct.c:46]   --->   Operation 264 'add' 'add_ln46_27' <Predicate = true> <Delay = 2.10> <CoreInst = "DSP48">   --->   Core 116 'DSP48' <Latency = 3> <II = 1> <Delay = 2.15> <IPBlock> <Opcode : '' 'add' 'sub' 'mul' 'select'> <InPorts = 0> <OutPorts = 1> <Sync> <CReg>
ST_12 : Operation 265 [1/1] (0.00ns) (grouped into TernaryAdder)   --->   "%add_ln46_29 = add i29 %add_ln46_28, i29 %add_ln46_27" [../source/dct.c:46]   --->   Operation 265 'add' 'add_ln46_29' <Predicate = true> <Delay = 0.00> <CoreInst = "TAddSub">   --->   Core 10 'TAddSub' <Latency = 0> <II = 1> <Delay = 2.14> <IPBlock> <Opcode : '' 'add' 'sub'> <InPorts = 3> <OutPorts = 1> <Sync> <CReg>
ST_12 : Operation 266 [1/1] (4.28ns) (root node of TernaryAdder)   --->   "%add_ln46_7 = add i29 %add_ln46_29, i29 %add_ln46_26" [../source/dct.c:46]   --->   Operation 266 'add' 'add_ln46_7' <Predicate = true> <Delay = 4.28> <CoreInst = "TAddSub">   --->   Core 10 'TAddSub' <Latency = 0> <II = 1> <Delay = 2.14> <IPBlock> <Opcode : '' 'add' 'sub'> <InPorts = 3> <OutPorts = 1> <Sync> <CReg>
ST_12 : Operation 267 [1/1] (0.00ns)   --->   "%trunc_ln46_7 = partselect i16 @_ssdm_op_PartSelect.i16.i29.i32.i32, i29 %add_ln46_7, i32 13, i32 28" [../source/dct.c:46]   --->   Operation 267 'partselect' 'trunc_ln46_7' <Predicate = true> <Delay = 0.00>

State 13 <SV = 12> <Delay = 3.25>
ST_13 : Operation 268 [1/1] (0.00ns)   --->   "%tmp_s = bitconcatenate i6 @_ssdm_op_BitConcatenate.i6.i3.i3, i3 %dst_offset_read, i3 7" [../source/dct.c:46]   --->   Operation 268 'bitconcatenate' 'tmp_s' <Predicate = true> <Delay = 0.00>
ST_13 : Operation 269 [1/1] (0.00ns)   --->   "%zext_ln46_6 = zext i6 %tmp_s" [../source/dct.c:46]   --->   Operation 269 'zext' 'zext_ln46_6' <Predicate = true> <Delay = 0.00>
ST_13 : Operation 270 [1/1] (0.00ns)   --->   "%dst_addr_7 = getelementptr i16 %dst, i64 0, i64 %zext_ln46_6" [../source/dct.c:46]   --->   Operation 270 'getelementptr' 'dst_addr_7' <Predicate = true> <Delay = 0.00>
ST_13 : Operation 271 [1/3] (0.00ns) (grouped into DSP with root node add_ln46_6)   --->   "%tmp42 = mul i29 %tmp41_cast, i29 10703" [../source/dct.c:44]   --->   Operation 271 'mul' 'tmp42' <Predicate = true> <Delay = 0.00> <CoreInst = "DSP48">   --->   Core 116 'DSP48' <Latency = 3> <II = 1> <Delay = 2.15> <IPBlock> <Opcode : '' 'add' 'sub' 'mul' 'select'> <InPorts = 0> <OutPorts = 1> <Sync> <CReg>
ST_13 : Operation 272 [2/2] (2.10ns) (root node of the DSP)   --->   "%add_ln46_6 = add i29 %add_ln46_24, i29 %tmp42" [../source/dct.c:46]   --->   Operation 272 'add' 'add_ln46_6' <Predicate = true> <Delay = 2.10> <CoreInst = "DSP48">   --->   Core 116 'DSP48' <Latency = 3> <II = 1> <Delay = 2.15> <IPBlock> <Opcode : '' 'add' 'sub' 'mul' 'select'> <InPorts = 0> <OutPorts = 1> <Sync> <CReg>
ST_13 : Operation 273 [1/1] ( I:3.25ns O:3.25ns )   --->   "%store_ln46 = store i16 %trunc_ln46_7, i6 %dst_addr_7" [../source/dct.c:46]   --->   Operation 273 'store' 'store_ln46' <Predicate = true> <Delay = 3.25> <CoreInst = "RAM">   --->   Core 81 'RAM' <Latency = 1> <II = 1> <Delay = 3.25> <Storage> <Opcode : 'load' 'store'> <Ports = 2> <Width = 16> <Depth = 64> <RAM>

State 14 <SV = 13> <Delay = 2.10>
ST_14 : Operation 274 [1/2] (2.10ns) (root node of the DSP)   --->   "%add_ln46_6 = add i29 %add_ln46_24, i29 %tmp42" [../source/dct.c:46]   --->   Operation 274 'add' 'add_ln46_6' <Predicate = true> <Delay = 2.10> <CoreInst = "DSP48">   --->   Core 116 'DSP48' <Latency = 3> <II = 1> <Delay = 2.15> <IPBlock> <Opcode : '' 'add' 'sub' 'mul' 'select'> <InPorts = 0> <OutPorts = 1> <Sync> <CReg>
ST_14 : Operation 275 [1/1] (0.00ns)   --->   "%trunc_ln46_6 = partselect i16 @_ssdm_op_PartSelect.i16.i29.i32.i32, i29 %add_ln46_6, i32 13, i32 28" [../source/dct.c:46]   --->   Operation 275 'partselect' 'trunc_ln46_6' <Predicate = true> <Delay = 0.00>

State 15 <SV = 14> <Delay = 0.00>

State 16 <SV = 15> <Delay = 0.00>

State 17 <SV = 16> <Delay = 3.25>
ST_17 : Operation 276 [1/1] (0.00ns)   --->   "%tmp_9 = bitconcatenate i6 @_ssdm_op_BitConcatenate.i6.i3.i3, i3 %dst_offset_read, i3 6" [../source/dct.c:46]   --->   Operation 276 'bitconcatenate' 'tmp_9' <Predicate = true> <Delay = 0.00>
ST_17 : Operation 277 [1/1] (0.00ns)   --->   "%zext_ln46_5 = zext i6 %tmp_9" [../source/dct.c:46]   --->   Operation 277 'zext' 'zext_ln46_5' <Predicate = true> <Delay = 0.00>
ST_17 : Operation 278 [1/1] (0.00ns)   --->   "%dst_addr_6 = getelementptr i16 %dst, i64 0, i64 %zext_ln46_5" [../source/dct.c:46]   --->   Operation 278 'getelementptr' 'dst_addr_6' <Predicate = true> <Delay = 0.00>
ST_17 : Operation 279 [1/1] (0.00ns)   --->   "%specpipeline_ln44 = specpipeline void @_ssdm_op_SpecPipeline, i32 4294967295, i32 0, i32 0, i32 0, void @empty_0" [../source/dct.c:44]   --->   Operation 279 'specpipeline' 'specpipeline_ln44' <Predicate = true> <Delay = 0.00>
ST_17 : Operation 280 [1/1] ( I:3.25ns O:3.25ns )   --->   "%store_ln46 = store i16 %trunc_ln46_6, i6 %dst_addr_6" [../source/dct.c:46]   --->   Operation 280 'store' 'store_ln46' <Predicate = true> <Delay = 3.25> <CoreInst = "RAM">   --->   Core 81 'RAM' <Latency = 1> <II = 1> <Delay = 3.25> <Storage> <Opcode : 'load' 'store'> <Ports = 2> <Width = 16> <Depth = 64> <RAM>
ST_17 : Operation 281 [1/1] (0.00ns)   --->   "%ret_ln48 = ret" [../source/dct.c:48]   --->   Operation 281 'ret' 'ret_ln48' <Predicate = true> <Delay = 0.00>


============================================================
+ Verbose Summary: Timing violations
============================================================
Target clock period: 10.000ns, clock uncertainty: 2.700ns.

 <State 1>: 3.254ns
The critical path consists of the following:
	wire read operation ('src_offset_read', ../source/dct.c:44) on port 'src_offset' (../source/dct.c:44) [6]  (0.000 ns)
	'getelementptr' operation 6 bit ('src_addr', ../source/dct.c:44) [33]  (0.000 ns)
	'load' operation 16 bit ('src_load', ../source/dct.c:44) on array 'src' [56]  (3.254 ns)

 <State 2>: 3.254ns
The critical path consists of the following:
	'load' operation 16 bit ('src_load', ../source/dct.c:44) on array 'src' [56]  (3.254 ns)

 <State 3>: 5.580ns
The critical path consists of the following:
	'mul' operation 29 bit ('mul_ln44', ../source/dct.c:44) [92]  (5.580 ns)

 <State 4>: 5.954ns
The critical path consists of the following:
	'load' operation 16 bit ('src_load_4', ../source/dct.c:44) on array 'src' [64]  (3.254 ns)
	'sub' operation 17 bit of DSP[103] ('tmp4', ../source/dct.c:44) [97]  (1.650 ns)
	'mul' operation 29 bit of DSP[103] ('tmp5', ../source/dct.c:44) [99]  (1.050 ns)

 <State 5>: 7.157ns
The critical path consists of the following:
	'load' operation 16 bit ('src_load_5', ../source/dct.c:44) on array 'src' [67]  (3.254 ns)
	'add' operation 16 bit ('tmp1', ../source/dct.c:44) [78]  (0.000 ns)
	'add' operation 16 bit ('tmp235', ../source/dct.c:44) [79]  (3.903 ns)

 <State 6>: 6.746ns
The critical path consists of the following:
	'sub' operation 29 bit ('sub_ln46', ../source/dct.c:46) [153]  (2.463 ns)
	'add' operation 29 bit ('add_ln46_4', ../source/dct.c:46) [154]  (4.283 ns)

 <State 7>: 5.587ns
The critical path consists of the following:
	'mul' operation 29 bit ('tmp33', ../source/dct.c:44) [163]  (5.587 ns)

 <State 8>: 2.100ns
The critical path consists of the following:
	'mul' operation 29 bit of DSP[104] ('mul_ln33', ../source/dct.c:33) [90]  (0.000 ns)
	'add' operation 29 bit of DSP[104] ('add_ln46_9', ../source/dct.c:46) [104]  (2.100 ns)

 <State 9>: 6.383ns
The critical path consists of the following:
	'add' operation 29 bit of DSP[104] ('add_ln46_9', ../source/dct.c:46) [104]  (2.100 ns)
	'add' operation 29 bit ('add_ln46_1', ../source/dct.c:46) [108]  (4.283 ns)

 <State 10>: 6.383ns
The critical path consists of the following:
	'add' operation 29 bit of DSP[168] ('add_ln46_20', ../source/dct.c:46) [168]  (2.100 ns)
	'add' operation 29 bit ('add_ln46_5', ../source/dct.c:46) [172]  (4.283 ns)

 <State 11>: 3.254ns
The critical path consists of the following:
	'getelementptr' operation 6 bit ('dst_addr_2', ../source/dct.c:46) [15]  (0.000 ns)
	'store' operation 0 bit ('store_ln46', ../source/dct.c:46) of variable 'trunc_ln46_2', ../source/dct.c:46 on array 'dst' [126]  (3.254 ns)

 <State 12>: 6.383ns
The critical path consists of the following:
	'add' operation 29 bit of DSP[194] ('add_ln46_27', ../source/dct.c:46) [194]  (2.100 ns)
	'add' operation 29 bit ('add_ln46_29', ../source/dct.c:46) [196]  (0.000 ns)
	'add' operation 29 bit ('add_ln46_7', ../source/dct.c:46) [197]  (4.283 ns)

 <State 13>: 3.254ns
The critical path consists of the following:
	'getelementptr' operation 6 bit ('dst_addr_7', ../source/dct.c:46) [30]  (0.000 ns)
	'store' operation 0 bit ('store_ln46', ../source/dct.c:46) of variable 'trunc_ln46_7', ../source/dct.c:46 on array 'dst' [199]  (3.254 ns)

 <State 14>: 2.100ns
The critical path consists of the following:
	'add' operation 29 bit of DSP[183] ('add_ln46_6', ../source/dct.c:46) [183]  (2.100 ns)

 <State 15>: 0.000ns
The critical path consists of the following:

 <State 16>: 0.000ns
The critical path consists of the following:

 <State 17>: 3.254ns
The critical path consists of the following:
	'getelementptr' operation 6 bit ('dst_addr_6', ../source/dct.c:46) [27]  (0.000 ns)
	'store' operation 0 bit ('store_ln46', ../source/dct.c:46) of variable 'trunc_ln46_6', ../source/dct.c:46 on array 'dst' [185]  (3.254 ns)


============================================================
+ Verbose Summary: Binding
============================================================
N/A
* FSMD analyzer results:
  - Output states:
 - Input state : 
  - Chain level:
	State 1
	State 2
	State 3
	State 4
	State 5
	State 6
	State 7
	State 8
	State 9
	State 10
	State 11
	State 12
	State 13
	State 14
	State 15
	State 16
	State 17


============================================================
+ Verbose Summary: Datapath Resource usage 
============================================================
N/A
