

================================================================
== Vitis HLS Report for 'Fp8_Conv_Engine_16_32_Pipeline_VITIS_LOOP_302_1_VITIS_LOOP_306_2_RB_LOAD'
================================================================
* Date:           Fri Jun 19 04:24:22 2026

* Version:        2024.2 (Build 5238294 on Nov  8 2024)
* Project:        prj_fp8
* Solution:       solution1 (Vitis Kernel Flow Target)
* Product family: zynquplus
* Target device:  xczu7ev-ffvc1156-2-e


================================================================
== Performance Estimates
================================================================
+ Timing: 
    * Summary: 
    +--------+---------+----------+------------+
    |  Clock |  Target | Estimated| Uncertainty|
    +--------+---------+----------+------------+
    |ap_clk  |  3.33 ns|  2.706 ns|     0.90 ns|
    +--------+---------+----------+------------+

+ Latency: 
    * Summary: 
    +---------+---------+----------+----------+-----+------+------------------------------------------------+
    |  Latency (cycles) |  Latency (absolute) |  Interval  |                    Pipeline                    |
    |   min   |   max   |    min   |    max   | min |  max |                      Type                      |
    +---------+---------+----------+----------+-----+------+------------------------------------------------+
    |      557|     1517|  1.856 us|  5.056 us|  481|  1441|  loop auto-rewind stp (delay=0 clock cycles(s))|
    +---------+---------+----------+----------+-----+------+------------------------------------------------+

    + Detail: 
        * Instance: 
        N/A

        * Loop: 
        +---------------------------------------------+---------+---------+----------+-----------+-----------+------------+----------+
        |                                             |  Latency (cycles) | Iteration|  Initiation Interval  |    Trip    |          |
        |                  Loop Name                  |   min   |   max   |  Latency |  achieved |   target  |    Count   | Pipelined|
        +---------------------------------------------+---------+---------+----------+-----------+-----------+------------+----------+
        |- VITIS_LOOP_302_1_VITIS_LOOP_306_2_RB_LOAD  |      555|     1515|        77|          1|          1|  480 ~ 1440|       yes|
        +---------------------------------------------+---------+---------+----------+-----------+-----------+------------+----------+



================================================================
== Utilization Estimates
================================================================
* Summary: 
+-----------------+---------+------+--------+--------+-----+
|       Name      | BRAM_18K|  DSP |   FF   |   LUT  | URAM|
+-----------------+---------+------+--------+--------+-----+
|DSP              |        -|     -|       -|       -|    -|
|Expression       |        -|     -|       0|    2545|    -|
|FIFO             |        -|     -|       -|       -|    -|
|Instance         |        -|     -|       -|       -|    -|
|Memory           |        -|     -|       -|       -|    -|
|Multiplexer      |        -|     -|       0|     108|    -|
|Register         |        -|     -|    1301|     128|    -|
+-----------------+---------+------+--------+--------+-----+
|Total            |        0|     0|    1301|    2781|    0|
+-----------------+---------+------+--------+--------+-----+
|Available        |      624|  1728|  460800|  230400|   96|
+-----------------+---------+------+--------+--------+-----+
|Utilization (%)  |        0|     0|      ~0|       1|    0|
+-----------------+---------+------+--------+--------+-----+

+ Detail: 
    * Instance: 
    N/A

    * DSP: 
    N/A

    * Memory: 
    N/A

    * FIFO: 
    N/A

    * Expression: 
    +---------------------------+----------+----+---+------+------------+------------+
    |       Variable Name       | Operation| DSP| FF|  LUT | Bitwidth P0| Bitwidth P1|
    +---------------------------+----------+----+---+------+------------+------------+
    |add_ln302_fu_495_p2        |         +|   0|  0|    18|          11|           1|
    |add_ln303_fu_610_p2        |         +|   0|  0|     9|           2|           2|
    |add_ln306_1_fu_524_p2      |         +|   0|  0|    17|          10|           1|
    |add_ln306_fu_583_p2        |         +|   0|  0|    12|           5|           1|
    |add_ln308_fu_689_p2        |         +|   0|  0|    12|           5|           1|
    |add_ln310_1_fu_742_p2      |         +|   0|  0|    18|          18|          18|
    |add_ln310_2_fu_833_p2      |         +|   0|  0|    19|           8|           8|
    |add_ln310_fu_752_p2        |         +|   0|  0|    71|          64|          64|
    |i_2_fu_504_p2              |         +|   0|  0|     9|           2|           1|
    |slot_fu_781_p2             |         +|   0|  0|     9|           2|           1|
    |sub_ln304_1_fu_663_p2      |         -|   0|  0|    12|           3|           4|
    |sub_ln304_fu_633_p2        |         -|   0|  0|    12|           1|           4|
    |sub_ln307_fu_725_p2        |         -|   0|  0|    18|          18|          18|
    |sub_ln310_fu_824_p2        |         -|   0|  0|    19|           8|           8|
    |and_ln302_fu_577_p2        |       and|   0|  0|     2|           1|           1|
    |icmp_ln301_fu_452_p2       |      icmp|   0|  0|    12|           4|           1|
    |icmp_ln302_fu_489_p2       |      icmp|   0|  0|    18|          11|          11|
    |icmp_ln304_fu_657_p2       |      icmp|   0|  0|     9|           2|           1|
    |icmp_ln306_fu_510_p2       |      icmp|   0|  0|    17|          10|           9|
    |icmp_ln308_fu_571_p2       |      icmp|   0|  0|    12|           5|           3|
    |lshr_ln310_fu_797_p2       |      lshr|   0|  0|  2171|         512|         512|
    |ap_block_pp0_stage0_11001  |        or|   0|  0|     2|           1|           1|
    |empty_fu_589_p2            |        or|   0|  0|     2|           1|           1|
    |h_c_fu_677_p3              |    select|   0|  0|     4|           1|           4|
    |h_fu_619_p3                |    select|   0|  0|     6|           1|           6|
    |j_1_mid2_fu_594_p3         |    select|   0|  0|     5|           1|           1|
    |select_ln302_1_fu_516_p3   |    select|   0|  0|     2|           1|           2|
    |select_ln302_fu_559_p3     |    select|   0|  0|     5|           1|           1|
    |select_ln304_fu_669_p3     |    select|   0|  0|     4|           1|           4|
    |select_ln306_1_fu_530_p3   |    select|   0|  0|    10|           1|           1|
    |select_ln306_fu_602_p3     |    select|   0|  0|     5|           1|           5|
    |ap_enable_pp0              |       xor|   0|  0|     2|           1|           2|
    |xor_ln302_fu_566_p2        |       xor|   0|  0|     2|           1|           2|
    +---------------------------+----------+----+---+------+------------+------------+
    |Total                      |          |   0|  0|  2545|         714|         700|
    +---------------------------+----------+----+---+------+------------+------------+

    * Multiplexer: 
    +----------------------------------------+----+-----------+-----+-----------+
    |                  Name                  | LUT| Input Size| Bits| Total Bits|
    +----------------------------------------+----+-----------+-----+-----------+
    |ap_done_int                             |   9|          2|    1|          2|
    |ap_enable_reg_pp0_iter1                 |   9|          2|    1|          2|
    |ap_sig_allocacmp_i_load                 |   9|          2|    2|          4|
    |ap_sig_allocacmp_indvar_flatten14_load  |   9|          2|   11|         22|
    |ap_sig_allocacmp_indvar_flatten_load    |   9|          2|   10|         20|
    |gmem_data_blk_n_AR                      |   9|          2|    1|          2|
    |gmem_data_blk_n_R                       |   9|          2|    1|          2|
    |i_fu_196                                |   9|          2|    2|          4|
    |indvar_flatten14_fu_200                 |   9|          2|   11|         22|
    |indvar_flatten_fu_192                   |   9|          2|   10|         20|
    |j_1_fu_184                              |   9|          2|    5|         10|
    |w_fu_188                                |   9|          2|    5|         10|
    +----------------------------------------+----+-----------+-----+-----------+
    |Total                                   | 108|         24|   60|        120|
    +----------------------------------------+----+-----------+-----+-----------+

    * Register: 
    +-------------------------------------------+-----+----+-----+-----------+
    |                    Name                   |  FF | LUT| Bits| Const Bits|
    +-------------------------------------------+-----+----+-----+-----------+
    |ap_CS_fsm                                  |    1|   0|    1|          0|
    |ap_block_pp0_stage0_subdone_grp0_done_reg  |    1|   0|    1|          0|
    |ap_done_reg                                |    1|   0|    1|          0|
    |ap_enable_reg_pp0_iter1                    |    1|   0|    1|          0|
    |ap_enable_reg_pp0_iter10                   |    1|   0|    1|          0|
    |ap_enable_reg_pp0_iter11                   |    1|   0|    1|          0|
    |ap_enable_reg_pp0_iter12                   |    1|   0|    1|          0|
    |ap_enable_reg_pp0_iter13                   |    1|   0|    1|          0|
    |ap_enable_reg_pp0_iter14                   |    1|   0|    1|          0|
    |ap_enable_reg_pp0_iter15                   |    1|   0|    1|          0|
    |ap_enable_reg_pp0_iter16                   |    1|   0|    1|          0|
    |ap_enable_reg_pp0_iter17                   |    1|   0|    1|          0|
    |ap_enable_reg_pp0_iter18                   |    1|   0|    1|          0|
    |ap_enable_reg_pp0_iter19                   |    1|   0|    1|          0|
    |ap_enable_reg_pp0_iter2                    |    1|   0|    1|          0|
    |ap_enable_reg_pp0_iter20                   |    1|   0|    1|          0|
    |ap_enable_reg_pp0_iter21                   |    1|   0|    1|          0|
    |ap_enable_reg_pp0_iter22                   |    1|   0|    1|          0|
    |ap_enable_reg_pp0_iter23                   |    1|   0|    1|          0|
    |ap_enable_reg_pp0_iter24                   |    1|   0|    1|          0|
    |ap_enable_reg_pp0_iter25                   |    1|   0|    1|          0|
    |ap_enable_reg_pp0_iter26                   |    1|   0|    1|          0|
    |ap_enable_reg_pp0_iter27                   |    1|   0|    1|          0|
    |ap_enable_reg_pp0_iter28                   |    1|   0|    1|          0|
    |ap_enable_reg_pp0_iter29                   |    1|   0|    1|          0|
    |ap_enable_reg_pp0_iter3                    |    1|   0|    1|          0|
    |ap_enable_reg_pp0_iter30                   |    1|   0|    1|          0|
    |ap_enable_reg_pp0_iter31                   |    1|   0|    1|          0|
    |ap_enable_reg_pp0_iter32                   |    1|   0|    1|          0|
    |ap_enable_reg_pp0_iter33                   |    1|   0|    1|          0|
    |ap_enable_reg_pp0_iter34                   |    1|   0|    1|          0|
    |ap_enable_reg_pp0_iter35                   |    1|   0|    1|          0|
    |ap_enable_reg_pp0_iter36                   |    1|   0|    1|          0|
    |ap_enable_reg_pp0_iter37                   |    1|   0|    1|          0|
    |ap_enable_reg_pp0_iter38                   |    1|   0|    1|          0|
    |ap_enable_reg_pp0_iter39                   |    1|   0|    1|          0|
    |ap_enable_reg_pp0_iter4                    |    1|   0|    1|          0|
    |ap_enable_reg_pp0_iter40                   |    1|   0|    1|          0|
    |ap_enable_reg_pp0_iter41                   |    1|   0|    1|          0|
    |ap_enable_reg_pp0_iter42                   |    1|   0|    1|          0|
    |ap_enable_reg_pp0_iter43                   |    1|   0|    1|          0|
    |ap_enable_reg_pp0_iter44                   |    1|   0|    1|          0|
    |ap_enable_reg_pp0_iter45                   |    1|   0|    1|          0|
    |ap_enable_reg_pp0_iter46                   |    1|   0|    1|          0|
    |ap_enable_reg_pp0_iter47                   |    1|   0|    1|          0|
    |ap_enable_reg_pp0_iter48                   |    1|   0|    1|          0|
    |ap_enable_reg_pp0_iter49                   |    1|   0|    1|          0|
    |ap_enable_reg_pp0_iter5                    |    1|   0|    1|          0|
    |ap_enable_reg_pp0_iter50                   |    1|   0|    1|          0|
    |ap_enable_reg_pp0_iter51                   |    1|   0|    1|          0|
    |ap_enable_reg_pp0_iter52                   |    1|   0|    1|          0|
    |ap_enable_reg_pp0_iter53                   |    1|   0|    1|          0|
    |ap_enable_reg_pp0_iter54                   |    1|   0|    1|          0|
    |ap_enable_reg_pp0_iter55                   |    1|   0|    1|          0|
    |ap_enable_reg_pp0_iter56                   |    1|   0|    1|          0|
    |ap_enable_reg_pp0_iter57                   |    1|   0|    1|          0|
    |ap_enable_reg_pp0_iter58                   |    1|   0|    1|          0|
    |ap_enable_reg_pp0_iter59                   |    1|   0|    1|          0|
    |ap_enable_reg_pp0_iter6                    |    1|   0|    1|          0|
    |ap_enable_reg_pp0_iter60                   |    1|   0|    1|          0|
    |ap_enable_reg_pp0_iter61                   |    1|   0|    1|          0|
    |ap_enable_reg_pp0_iter62                   |    1|   0|    1|          0|
    |ap_enable_reg_pp0_iter63                   |    1|   0|    1|          0|
    |ap_enable_reg_pp0_iter64                   |    1|   0|    1|          0|
    |ap_enable_reg_pp0_iter65                   |    1|   0|    1|          0|
    |ap_enable_reg_pp0_iter66                   |    1|   0|    1|          0|
    |ap_enable_reg_pp0_iter67                   |    1|   0|    1|          0|
    |ap_enable_reg_pp0_iter68                   |    1|   0|    1|          0|
    |ap_enable_reg_pp0_iter69                   |    1|   0|    1|          0|
    |ap_enable_reg_pp0_iter7                    |    1|   0|    1|          0|
    |ap_enable_reg_pp0_iter70                   |    1|   0|    1|          0|
    |ap_enable_reg_pp0_iter71                   |    1|   0|    1|          0|
    |ap_enable_reg_pp0_iter72                   |    1|   0|    1|          0|
    |ap_enable_reg_pp0_iter73                   |    1|   0|    1|          0|
    |ap_enable_reg_pp0_iter74                   |    1|   0|    1|          0|
    |ap_enable_reg_pp0_iter75                   |    1|   0|    1|          0|
    |ap_enable_reg_pp0_iter76                   |    1|   0|    1|          0|
    |ap_enable_reg_pp0_iter8                    |    1|   0|    1|          0|
    |ap_enable_reg_pp0_iter9                    |    1|   0|    1|          0|
    |ap_loop_exit_ready_pp0_iter10_reg          |    1|   0|    1|          0|
    |ap_loop_exit_ready_pp0_iter11_reg          |    1|   0|    1|          0|
    |ap_loop_exit_ready_pp0_iter12_reg          |    1|   0|    1|          0|
    |ap_loop_exit_ready_pp0_iter13_reg          |    1|   0|    1|          0|
    |ap_loop_exit_ready_pp0_iter14_reg          |    1|   0|    1|          0|
    |ap_loop_exit_ready_pp0_iter15_reg          |    1|   0|    1|          0|
    |ap_loop_exit_ready_pp0_iter16_reg          |    1|   0|    1|          0|
    |ap_loop_exit_ready_pp0_iter17_reg          |    1|   0|    1|          0|
    |ap_loop_exit_ready_pp0_iter18_reg          |    1|   0|    1|          0|
    |ap_loop_exit_ready_pp0_iter19_reg          |    1|   0|    1|          0|
    |ap_loop_exit_ready_pp0_iter1_reg           |    1|   0|    1|          0|
    |ap_loop_exit_ready_pp0_iter20_reg          |    1|   0|    1|          0|
    |ap_loop_exit_ready_pp0_iter21_reg          |    1|   0|    1|          0|
    |ap_loop_exit_ready_pp0_iter22_reg          |    1|   0|    1|          0|
    |ap_loop_exit_ready_pp0_iter23_reg          |    1|   0|    1|          0|
    |ap_loop_exit_ready_pp0_iter24_reg          |    1|   0|    1|          0|
    |ap_loop_exit_ready_pp0_iter25_reg          |    1|   0|    1|          0|
    |ap_loop_exit_ready_pp0_iter26_reg          |    1|   0|    1|          0|
    |ap_loop_exit_ready_pp0_iter27_reg          |    1|   0|    1|          0|
    |ap_loop_exit_ready_pp0_iter28_reg          |    1|   0|    1|          0|
    |ap_loop_exit_ready_pp0_iter29_reg          |    1|   0|    1|          0|
    |ap_loop_exit_ready_pp0_iter2_reg           |    1|   0|    1|          0|
    |ap_loop_exit_ready_pp0_iter30_reg          |    1|   0|    1|          0|
    |ap_loop_exit_ready_pp0_iter31_reg          |    1|   0|    1|          0|
    |ap_loop_exit_ready_pp0_iter32_reg          |    1|   0|    1|          0|
    |ap_loop_exit_ready_pp0_iter33_reg          |    1|   0|    1|          0|
    |ap_loop_exit_ready_pp0_iter34_reg          |    1|   0|    1|          0|
    |ap_loop_exit_ready_pp0_iter35_reg          |    1|   0|    1|          0|
    |ap_loop_exit_ready_pp0_iter36_reg          |    1|   0|    1|          0|
    |ap_loop_exit_ready_pp0_iter37_reg          |    1|   0|    1|          0|
    |ap_loop_exit_ready_pp0_iter38_reg          |    1|   0|    1|          0|
    |ap_loop_exit_ready_pp0_iter39_reg          |    1|   0|    1|          0|
    |ap_loop_exit_ready_pp0_iter3_reg           |    1|   0|    1|          0|
    |ap_loop_exit_ready_pp0_iter40_reg          |    1|   0|    1|          0|
    |ap_loop_exit_ready_pp0_iter41_reg          |    1|   0|    1|          0|
    |ap_loop_exit_ready_pp0_iter42_reg          |    1|   0|    1|          0|
    |ap_loop_exit_ready_pp0_iter43_reg          |    1|   0|    1|          0|
    |ap_loop_exit_ready_pp0_iter44_reg          |    1|   0|    1|          0|
    |ap_loop_exit_ready_pp0_iter45_reg          |    1|   0|    1|          0|
    |ap_loop_exit_ready_pp0_iter46_reg          |    1|   0|    1|          0|
    |ap_loop_exit_ready_pp0_iter47_reg          |    1|   0|    1|          0|
    |ap_loop_exit_ready_pp0_iter48_reg          |    1|   0|    1|          0|
    |ap_loop_exit_ready_pp0_iter49_reg          |    1|   0|    1|          0|
    |ap_loop_exit_ready_pp0_iter4_reg           |    1|   0|    1|          0|
    |ap_loop_exit_ready_pp0_iter50_reg          |    1|   0|    1|          0|
    |ap_loop_exit_ready_pp0_iter51_reg          |    1|   0|    1|          0|
    |ap_loop_exit_ready_pp0_iter52_reg          |    1|   0|    1|          0|
    |ap_loop_exit_ready_pp0_iter53_reg          |    1|   0|    1|          0|
    |ap_loop_exit_ready_pp0_iter54_reg          |    1|   0|    1|          0|
    |ap_loop_exit_ready_pp0_iter55_reg          |    1|   0|    1|          0|
    |ap_loop_exit_ready_pp0_iter56_reg          |    1|   0|    1|          0|
    |ap_loop_exit_ready_pp0_iter57_reg          |    1|   0|    1|          0|
    |ap_loop_exit_ready_pp0_iter58_reg          |    1|   0|    1|          0|
    |ap_loop_exit_ready_pp0_iter59_reg          |    1|   0|    1|          0|
    |ap_loop_exit_ready_pp0_iter5_reg           |    1|   0|    1|          0|
    |ap_loop_exit_ready_pp0_iter60_reg          |    1|   0|    1|          0|
    |ap_loop_exit_ready_pp0_iter61_reg          |    1|   0|    1|          0|
    |ap_loop_exit_ready_pp0_iter62_reg          |    1|   0|    1|          0|
    |ap_loop_exit_ready_pp0_iter63_reg          |    1|   0|    1|          0|
    |ap_loop_exit_ready_pp0_iter64_reg          |    1|   0|    1|          0|
    |ap_loop_exit_ready_pp0_iter65_reg          |    1|   0|    1|          0|
    |ap_loop_exit_ready_pp0_iter66_reg          |    1|   0|    1|          0|
    |ap_loop_exit_ready_pp0_iter67_reg          |    1|   0|    1|          0|
    |ap_loop_exit_ready_pp0_iter68_reg          |    1|   0|    1|          0|
    |ap_loop_exit_ready_pp0_iter69_reg          |    1|   0|    1|          0|
    |ap_loop_exit_ready_pp0_iter6_reg           |    1|   0|    1|          0|
    |ap_loop_exit_ready_pp0_iter70_reg          |    1|   0|    1|          0|
    |ap_loop_exit_ready_pp0_iter71_reg          |    1|   0|    1|          0|
    |ap_loop_exit_ready_pp0_iter72_reg          |    1|   0|    1|          0|
    |ap_loop_exit_ready_pp0_iter73_reg          |    1|   0|    1|          0|
    |ap_loop_exit_ready_pp0_iter74_reg          |    1|   0|    1|          0|
    |ap_loop_exit_ready_pp0_iter75_reg          |    1|   0|    1|          0|
    |ap_loop_exit_ready_pp0_iter7_reg           |    1|   0|    1|          0|
    |ap_loop_exit_ready_pp0_iter8_reg           |    1|   0|    1|          0|
    |ap_loop_exit_ready_pp0_iter9_reg           |    1|   0|    1|          0|
    |gmem_data_addr_read_reg_964                |  512|   0|  512|          0|
    |h_c_reg_936                                |    4|   0|    4|          0|
    |i_fu_196                                   |    2|   0|    2|          0|
    |icmp_ln301_reg_904                         |    1|   0|    1|          0|
    |icmp_ln306_reg_913                         |    1|   0|    1|          0|
    |indvar_flatten14_fu_200                    |   11|   0|   11|          0|
    |indvar_flatten_fu_192                      |   10|   0|   10|          0|
    |j_1_fu_184                                 |    5|   0|    5|          0|
    |j_1_mid2_reg_925                           |    5|   0|    5|          0|
    |select_ln302_1_reg_920                     |    2|   0|    2|          0|
    |slot_reg_969                               |    2|   0|    2|          0|
    |trunc_ln304_reg_931                        |    2|   0|    2|          0|
    |trunc_ln306_reg_942                        |    4|   0|    4|          0|
    |trunc_ln310_1_reg_975                      |  256|   0|  256|          0|
    |trunc_ln310_2_reg_948                      |   58|   0|   58|          0|
    |trunc_ln310_reg_953                        |    6|   0|    6|          0|
    |w_fu_188                                   |    5|   0|    5|          0|
    |zext_ln302_cast_reg_899                    |    5|   0|    6|          1|
    |j_1_mid2_reg_925                           |   64|  32|    5|          0|
    |trunc_ln304_reg_931                        |   64|  32|    2|          0|
    |trunc_ln306_reg_942                        |   64|  32|    4|          0|
    |trunc_ln310_reg_953                        |   64|  32|    6|          0|
    +-------------------------------------------+-----+----+-----+-----------+
    |Total                                      | 1301| 128| 1063|          1|
    +-------------------------------------------+-----+----+-----+-----------+



================================================================
== Interface
================================================================
* Summary: 
+---------------------------------------------------------------------------------------------------+-----+-----+------------+------------------------------------------------------------------------------------------+--------------+
|                                             RTL Ports                                             | Dir | Bits|  Protocol  |                                       Source Object                                      |    C Type    |
+---------------------------------------------------------------------------------------------------+-----+-----+------------+------------------------------------------------------------------------------------------+--------------+
|ap_clk                                                                                             |   in|    1|  ap_ctrl_hs|                Fp8_Conv_Engine<16, 32>_Pipeline_VITIS_LOOP_302_1_VITIS_LOOP_306_2_RB_LOAD|  return value|
|ap_rst                                                                                             |   in|    1|  ap_ctrl_hs|                Fp8_Conv_Engine<16, 32>_Pipeline_VITIS_LOOP_302_1_VITIS_LOOP_306_2_RB_LOAD|  return value|
|ap_start                                                                                           |   in|    1|  ap_ctrl_hs|                Fp8_Conv_Engine<16, 32>_Pipeline_VITIS_LOOP_302_1_VITIS_LOOP_306_2_RB_LOAD|  return value|
|ap_done                                                                                            |  out|    1|  ap_ctrl_hs|                Fp8_Conv_Engine<16, 32>_Pipeline_VITIS_LOOP_302_1_VITIS_LOOP_306_2_RB_LOAD|  return value|
|ap_idle                                                                                            |  out|    1|  ap_ctrl_hs|                Fp8_Conv_Engine<16, 32>_Pipeline_VITIS_LOOP_302_1_VITIS_LOOP_306_2_RB_LOAD|  return value|
|ap_ready                                                                                           |  out|    1|  ap_ctrl_hs|                Fp8_Conv_Engine<16, 32>_Pipeline_VITIS_LOOP_302_1_VITIS_LOOP_306_2_RB_LOAD|  return value|
|m_axi_gmem_data_0_AWVALID                                                                          |  out|    1|       m_axi|                                                                                 gmem_data|       pointer|
|m_axi_gmem_data_0_AWREADY                                                                          |   in|    1|       m_axi|                                                                                 gmem_data|       pointer|
|m_axi_gmem_data_0_AWADDR                                                                           |  out|   64|       m_axi|                                                                                 gmem_data|       pointer|
|m_axi_gmem_data_0_AWID                                                                             |  out|    1|       m_axi|                                                                                 gmem_data|       pointer|
|m_axi_gmem_data_0_AWLEN                                                                            |  out|   32|       m_axi|                                                                                 gmem_data|       pointer|
|m_axi_gmem_data_0_AWSIZE                                                                           |  out|    3|       m_axi|                                                                                 gmem_data|       pointer|
|m_axi_gmem_data_0_AWBURST                                                                          |  out|    2|       m_axi|                                                                                 gmem_data|       pointer|
|m_axi_gmem_data_0_AWLOCK                                                                           |  out|    2|       m_axi|                                                                                 gmem_data|       pointer|
|m_axi_gmem_data_0_AWCACHE                                                                          |  out|    4|       m_axi|                                                                                 gmem_data|       pointer|
|m_axi_gmem_data_0_AWPROT                                                                           |  out|    3|       m_axi|                                                                                 gmem_data|       pointer|
|m_axi_gmem_data_0_AWQOS                                                                            |  out|    4|       m_axi|                                                                                 gmem_data|       pointer|
|m_axi_gmem_data_0_AWREGION                                                                         |  out|    4|       m_axi|                                                                                 gmem_data|       pointer|
|m_axi_gmem_data_0_AWUSER                                                                           |  out|    1|       m_axi|                                                                                 gmem_data|       pointer|
|m_axi_gmem_data_0_WVALID                                                                           |  out|    1|       m_axi|                                                                                 gmem_data|       pointer|
|m_axi_gmem_data_0_WREADY                                                                           |   in|    1|       m_axi|                                                                                 gmem_data|       pointer|
|m_axi_gmem_data_0_WDATA                                                                            |  out|  512|       m_axi|                                                                                 gmem_data|       pointer|
|m_axi_gmem_data_0_WSTRB                                                                            |  out|   64|       m_axi|                                                                                 gmem_data|       pointer|
|m_axi_gmem_data_0_WLAST                                                                            |  out|    1|       m_axi|                                                                                 gmem_data|       pointer|
|m_axi_gmem_data_0_WID                                                                              |  out|    1|       m_axi|                                                                                 gmem_data|       pointer|
|m_axi_gmem_data_0_WUSER                                                                            |  out|    1|       m_axi|                                                                                 gmem_data|       pointer|
|m_axi_gmem_data_0_ARVALID                                                                          |  out|    1|       m_axi|                                                                                 gmem_data|       pointer|
|m_axi_gmem_data_0_ARREADY                                                                          |   in|    1|       m_axi|                                                                                 gmem_data|       pointer|
|m_axi_gmem_data_0_ARADDR                                                                           |  out|   64|       m_axi|                                                                                 gmem_data|       pointer|
|m_axi_gmem_data_0_ARID                                                                             |  out|    1|       m_axi|                                                                                 gmem_data|       pointer|
|m_axi_gmem_data_0_ARLEN                                                                            |  out|   32|       m_axi|                                                                                 gmem_data|       pointer|
|m_axi_gmem_data_0_ARSIZE                                                                           |  out|    3|       m_axi|                                                                                 gmem_data|       pointer|
|m_axi_gmem_data_0_ARBURST                                                                          |  out|    2|       m_axi|                                                                                 gmem_data|       pointer|
|m_axi_gmem_data_0_ARLOCK                                                                           |  out|    2|       m_axi|                                                                                 gmem_data|       pointer|
|m_axi_gmem_data_0_ARCACHE                                                                          |  out|    4|       m_axi|                                                                                 gmem_data|       pointer|
|m_axi_gmem_data_0_ARPROT                                                                           |  out|    3|       m_axi|                                                                                 gmem_data|       pointer|
|m_axi_gmem_data_0_ARQOS                                                                            |  out|    4|       m_axi|                                                                                 gmem_data|       pointer|
|m_axi_gmem_data_0_ARREGION                                                                         |  out|    4|       m_axi|                                                                                 gmem_data|       pointer|
|m_axi_gmem_data_0_ARUSER                                                                           |  out|    1|       m_axi|                                                                                 gmem_data|       pointer|
|m_axi_gmem_data_0_RVALID                                                                           |   in|    1|       m_axi|                                                                                 gmem_data|       pointer|
|m_axi_gmem_data_0_RREADY                                                                           |  out|    1|       m_axi|                                                                                 gmem_data|       pointer|
|m_axi_gmem_data_0_RDATA                                                                            |   in|  512|       m_axi|                                                                                 gmem_data|       pointer|
|m_axi_gmem_data_0_RLAST                                                                            |   in|    1|       m_axi|                                                                                 gmem_data|       pointer|
|m_axi_gmem_data_0_RID                                                                              |   in|    1|       m_axi|                                                                                 gmem_data|       pointer|
|m_axi_gmem_data_0_RFIFONUM                                                                         |   in|   11|       m_axi|                                                                                 gmem_data|       pointer|
|m_axi_gmem_data_0_RUSER                                                                            |   in|    1|       m_axi|                                                                                 gmem_data|       pointer|
|m_axi_gmem_data_0_RRESP                                                                            |   in|    2|       m_axi|                                                                                 gmem_data|       pointer|
|m_axi_gmem_data_0_BVALID                                                                           |   in|    1|       m_axi|                                                                                 gmem_data|       pointer|
|m_axi_gmem_data_0_BREADY                                                                           |  out|    1|       m_axi|                                                                                 gmem_data|       pointer|
|m_axi_gmem_data_0_BRESP                                                                            |   in|    2|       m_axi|                                                                                 gmem_data|       pointer|
|m_axi_gmem_data_0_BID                                                                              |   in|    1|       m_axi|                                                                                 gmem_data|       pointer|
|m_axi_gmem_data_0_BUSER                                                                            |   in|    1|       m_axi|                                                                                 gmem_data|       pointer|
|select_ln296                                                                                       |   in|   11|     ap_none|                                                                              select_ln296|        scalar|
|zext_ln302                                                                                         |   in|    5|     ap_none|                                                                                zext_ln302|        scalar|
|X_ptr                                                                                              |   in|   64|     ap_none|                                                                                     X_ptr|        scalar|
|r                                                                                                  |   in|    4|     ap_none|                                                                                         r|        scalar|
|void_Fp8_Conv_Engine_ap_uint_const_ap_uint_const_ap_uint_const_ap_uint_const_9_address0            |  out|    8|   ap_memory|            void_Fp8_Conv_Engine_ap_uint_const_ap_uint_const_ap_uint_const_ap_uint_const_9|         array|
|void_Fp8_Conv_Engine_ap_uint_const_ap_uint_const_ap_uint_const_ap_uint_const_9_ce0                 |  out|    1|   ap_memory|            void_Fp8_Conv_Engine_ap_uint_const_ap_uint_const_ap_uint_const_ap_uint_const_9|         array|
|void_Fp8_Conv_Engine_ap_uint_const_ap_uint_const_ap_uint_const_ap_uint_const_9_we0                 |  out|    1|   ap_memory|            void_Fp8_Conv_Engine_ap_uint_const_ap_uint_const_ap_uint_const_ap_uint_const_9|         array|
|void_Fp8_Conv_Engine_ap_uint_const_ap_uint_const_ap_uint_const_ap_uint_const_9_d0                  |  out|  256|   ap_memory|            void_Fp8_Conv_Engine_ap_uint_const_ap_uint_const_ap_uint_const_ap_uint_const_9|         array|
|void_Fp8_Conv_Engine_ap_uint_const_ap_uint_const_ap_uint_const_ap_uint_const_8_address0            |  out|    8|   ap_memory|            void_Fp8_Conv_Engine_ap_uint_const_ap_uint_const_ap_uint_const_ap_uint_const_8|         array|
|void_Fp8_Conv_Engine_ap_uint_const_ap_uint_const_ap_uint_const_ap_uint_const_8_ce0                 |  out|    1|   ap_memory|            void_Fp8_Conv_Engine_ap_uint_const_ap_uint_const_ap_uint_const_ap_uint_const_8|         array|
|void_Fp8_Conv_Engine_ap_uint_const_ap_uint_const_ap_uint_const_ap_uint_const_8_we0                 |  out|    1|   ap_memory|            void_Fp8_Conv_Engine_ap_uint_const_ap_uint_const_ap_uint_const_ap_uint_const_8|         array|
|void_Fp8_Conv_Engine_ap_uint_const_ap_uint_const_ap_uint_const_ap_uint_const_8_d0                  |  out|  256|   ap_memory|            void_Fp8_Conv_Engine_ap_uint_const_ap_uint_const_ap_uint_const_ap_uint_const_8|         array|
|void_Fp8_Conv_Engine_ap_uint_const_ap_uint_const_ap_uint_const_ap_uint_const_7_address0            |  out|    8|   ap_memory|            void_Fp8_Conv_Engine_ap_uint_const_ap_uint_const_ap_uint_const_ap_uint_const_7|         array|
|void_Fp8_Conv_Engine_ap_uint_const_ap_uint_const_ap_uint_const_ap_uint_const_7_ce0                 |  out|    1|   ap_memory|            void_Fp8_Conv_Engine_ap_uint_const_ap_uint_const_ap_uint_const_ap_uint_const_7|         array|
|void_Fp8_Conv_Engine_ap_uint_const_ap_uint_const_ap_uint_const_ap_uint_const_7_we0                 |  out|    1|   ap_memory|            void_Fp8_Conv_Engine_ap_uint_const_ap_uint_const_ap_uint_const_ap_uint_const_7|         array|
|void_Fp8_Conv_Engine_ap_uint_const_ap_uint_const_ap_uint_const_ap_uint_const_7_d0                  |  out|  256|   ap_memory|            void_Fp8_Conv_Engine_ap_uint_const_ap_uint_const_ap_uint_const_ap_uint_const_7|         array|
|void_Fp8_Conv_Engine_ap_uint_const_ap_uint_const_ap_uint_const_ap_uint_const_6_address0            |  out|    8|   ap_memory|            void_Fp8_Conv_Engine_ap_uint_const_ap_uint_const_ap_uint_const_ap_uint_const_6|         array|
|void_Fp8_Conv_Engine_ap_uint_const_ap_uint_const_ap_uint_const_ap_uint_const_6_ce0                 |  out|    1|   ap_memory|            void_Fp8_Conv_Engine_ap_uint_const_ap_uint_const_ap_uint_const_ap_uint_const_6|         array|
|void_Fp8_Conv_Engine_ap_uint_const_ap_uint_const_ap_uint_const_ap_uint_const_6_we0                 |  out|    1|   ap_memory|            void_Fp8_Conv_Engine_ap_uint_const_ap_uint_const_ap_uint_const_ap_uint_const_6|         array|
|void_Fp8_Conv_Engine_ap_uint_const_ap_uint_const_ap_uint_const_ap_uint_const_6_d0                  |  out|  256|   ap_memory|            void_Fp8_Conv_Engine_ap_uint_const_ap_uint_const_ap_uint_const_ap_uint_const_6|         array|
|void_Fp8_Conv_Engine_ap_uint_const_ap_uint_const_ap_uint_const_ap_uint_const_5_address0            |  out|    8|   ap_memory|            void_Fp8_Conv_Engine_ap_uint_const_ap_uint_const_ap_uint_const_ap_uint_const_5|         array|
|void_Fp8_Conv_Engine_ap_uint_const_ap_uint_const_ap_uint_const_ap_uint_const_5_ce0                 |  out|    1|   ap_memory|            void_Fp8_Conv_Engine_ap_uint_const_ap_uint_const_ap_uint_const_ap_uint_const_5|         array|
|void_Fp8_Conv_Engine_ap_uint_const_ap_uint_const_ap_uint_const_ap_uint_const_5_we0                 |  out|    1|   ap_memory|            void_Fp8_Conv_Engine_ap_uint_const_ap_uint_const_ap_uint_const_ap_uint_const_5|         array|
|void_Fp8_Conv_Engine_ap_uint_const_ap_uint_const_ap_uint_const_ap_uint_const_5_d0                  |  out|  256|   ap_memory|            void_Fp8_Conv_Engine_ap_uint_const_ap_uint_const_ap_uint_const_ap_uint_const_5|         array|
|void_Fp8_Conv_Engine_ap_uint_const_ap_uint_const_ap_uint_const_ap_uint_const_4_address0            |  out|    8|   ap_memory|            void_Fp8_Conv_Engine_ap_uint_const_ap_uint_const_ap_uint_const_ap_uint_const_4|         array|
|void_Fp8_Conv_Engine_ap_uint_const_ap_uint_const_ap_uint_const_ap_uint_const_4_ce0                 |  out|    1|   ap_memory|            void_Fp8_Conv_Engine_ap_uint_const_ap_uint_const_ap_uint_const_ap_uint_const_4|         array|
|void_Fp8_Conv_Engine_ap_uint_const_ap_uint_const_ap_uint_const_ap_uint_const_4_we0                 |  out|    1|   ap_memory|            void_Fp8_Conv_Engine_ap_uint_const_ap_uint_const_ap_uint_const_ap_uint_const_4|         array|
|void_Fp8_Conv_Engine_ap_uint_const_ap_uint_const_ap_uint_const_ap_uint_const_4_d0                  |  out|  256|   ap_memory|            void_Fp8_Conv_Engine_ap_uint_const_ap_uint_const_ap_uint_const_ap_uint_const_4|         array|
|void_Fp8_Conv_Engine_ap_uint_const_ap_uint_const_ap_uint_const_ap_uint_const_3_address0            |  out|    8|   ap_memory|            void_Fp8_Conv_Engine_ap_uint_const_ap_uint_const_ap_uint_const_ap_uint_const_3|         array|
|void_Fp8_Conv_Engine_ap_uint_const_ap_uint_const_ap_uint_const_ap_uint_const_3_ce0                 |  out|    1|   ap_memory|            void_Fp8_Conv_Engine_ap_uint_const_ap_uint_const_ap_uint_const_ap_uint_const_3|         array|
|void_Fp8_Conv_Engine_ap_uint_const_ap_uint_const_ap_uint_const_ap_uint_const_3_we0                 |  out|    1|   ap_memory|            void_Fp8_Conv_Engine_ap_uint_const_ap_uint_const_ap_uint_const_ap_uint_const_3|         array|
|void_Fp8_Conv_Engine_ap_uint_const_ap_uint_const_ap_uint_const_ap_uint_const_3_d0                  |  out|  256|   ap_memory|            void_Fp8_Conv_Engine_ap_uint_const_ap_uint_const_ap_uint_const_ap_uint_const_3|         array|
|void_Fp8_Conv_Engine_ap_uint_const_ap_uint_const_ap_uint_const_ap_uint_const_2_address0            |  out|    8|   ap_memory|            void_Fp8_Conv_Engine_ap_uint_const_ap_uint_const_ap_uint_const_ap_uint_const_2|         array|
|void_Fp8_Conv_Engine_ap_uint_const_ap_uint_const_ap_uint_const_ap_uint_const_2_ce0                 |  out|    1|   ap_memory|            void_Fp8_Conv_Engine_ap_uint_const_ap_uint_const_ap_uint_const_ap_uint_const_2|         array|
|void_Fp8_Conv_Engine_ap_uint_const_ap_uint_const_ap_uint_const_ap_uint_const_2_we0                 |  out|    1|   ap_memory|            void_Fp8_Conv_Engine_ap_uint_const_ap_uint_const_ap_uint_const_ap_uint_const_2|         array|
|void_Fp8_Conv_Engine_ap_uint_const_ap_uint_const_ap_uint_const_ap_uint_const_2_d0                  |  out|  256|   ap_memory|            void_Fp8_Conv_Engine_ap_uint_const_ap_uint_const_ap_uint_const_ap_uint_const_2|         array|
|void_Fp8_Conv_Engine_ap_uint_const_ap_uint_const_ap_uint_const_ap_uint_const_1_address0            |  out|    8|   ap_memory|            void_Fp8_Conv_Engine_ap_uint_const_ap_uint_const_ap_uint_const_ap_uint_const_1|         array|
|void_Fp8_Conv_Engine_ap_uint_const_ap_uint_const_ap_uint_const_ap_uint_const_1_ce0                 |  out|    1|   ap_memory|            void_Fp8_Conv_Engine_ap_uint_const_ap_uint_const_ap_uint_const_ap_uint_const_1|         array|
|void_Fp8_Conv_Engine_ap_uint_const_ap_uint_const_ap_uint_const_ap_uint_const_1_we0                 |  out|    1|   ap_memory|            void_Fp8_Conv_Engine_ap_uint_const_ap_uint_const_ap_uint_const_ap_uint_const_1|         array|
|void_Fp8_Conv_Engine_ap_uint_const_ap_uint_const_ap_uint_const_ap_uint_const_1_d0                  |  out|  256|   ap_memory|            void_Fp8_Conv_Engine_ap_uint_const_ap_uint_const_ap_uint_const_ap_uint_const_1|         array|
|void_mulmulmulmulFp8_Conv_Engine_ap_uint_const_ap_uint_const_ap_uint_const_ap_uint_const_address0  |  out|    8|   ap_memory|  void_mulmulmulmulFp8_Conv_Engine_ap_uint_const_ap_uint_const_ap_uint_const_ap_uint_const|         array|
|void_mulmulmulmulFp8_Conv_Engine_ap_uint_const_ap_uint_const_ap_uint_const_ap_uint_const_ce0       |  out|    1|   ap_memory|  void_mulmulmulmulFp8_Conv_Engine_ap_uint_const_ap_uint_const_ap_uint_const_ap_uint_const|         array|
|void_mulmulmulmulFp8_Conv_Engine_ap_uint_const_ap_uint_const_ap_uint_const_ap_uint_const_we0       |  out|    1|   ap_memory|  void_mulmulmulmulFp8_Conv_Engine_ap_uint_const_ap_uint_const_ap_uint_const_ap_uint_const|         array|
|void_mulmulmulmulFp8_Conv_Engine_ap_uint_const_ap_uint_const_ap_uint_const_ap_uint_const_d0        |  out|  256|   ap_memory|  void_mulmulmulmulFp8_Conv_Engine_ap_uint_const_ap_uint_const_ap_uint_const_ap_uint_const|         array|
|p_ZZ15Fp8_Conv_EngineILi16ELi32EEvPK7ap_uintILi256EES3_S3_S3_S3_PS1_DhE5x_buf_10_address0          |  out|    8|   ap_memory|          p_ZZ15Fp8_Conv_EngineILi16ELi32EEvPK7ap_uintILi256EES3_S3_S3_S3_PS1_DhE5x_buf_10|         array|
|p_ZZ15Fp8_Conv_EngineILi16ELi32EEvPK7ap_uintILi256EES3_S3_S3_S3_PS1_DhE5x_buf_10_ce0               |  out|    1|   ap_memory|          p_ZZ15Fp8_Conv_EngineILi16ELi32EEvPK7ap_uintILi256EES3_S3_S3_S3_PS1_DhE5x_buf_10|         array|
|p_ZZ15Fp8_Conv_EngineILi16ELi32EEvPK7ap_uintILi256EES3_S3_S3_S3_PS1_DhE5x_buf_10_we0               |  out|    1|   ap_memory|          p_ZZ15Fp8_Conv_EngineILi16ELi32EEvPK7ap_uintILi256EES3_S3_S3_S3_PS1_DhE5x_buf_10|         array|
|p_ZZ15Fp8_Conv_EngineILi16ELi32EEvPK7ap_uintILi256EES3_S3_S3_S3_PS1_DhE5x_buf_10_d0                |  out|  256|   ap_memory|          p_ZZ15Fp8_Conv_EngineILi16ELi32EEvPK7ap_uintILi256EES3_S3_S3_S3_PS1_DhE5x_buf_10|         array|
|p_ZZ15Fp8_Conv_EngineILi16ELi32EEvPK7ap_uintILi256EES3_S3_S3_S3_PS1_DhE5x_buf_11_address0          |  out|    8|   ap_memory|          p_ZZ15Fp8_Conv_EngineILi16ELi32EEvPK7ap_uintILi256EES3_S3_S3_S3_PS1_DhE5x_buf_11|         array|
|p_ZZ15Fp8_Conv_EngineILi16ELi32EEvPK7ap_uintILi256EES3_S3_S3_S3_PS1_DhE5x_buf_11_ce0               |  out|    1|   ap_memory|          p_ZZ15Fp8_Conv_EngineILi16ELi32EEvPK7ap_uintILi256EES3_S3_S3_S3_PS1_DhE5x_buf_11|         array|
|p_ZZ15Fp8_Conv_EngineILi16ELi32EEvPK7ap_uintILi256EES3_S3_S3_S3_PS1_DhE5x_buf_11_we0               |  out|    1|   ap_memory|          p_ZZ15Fp8_Conv_EngineILi16ELi32EEvPK7ap_uintILi256EES3_S3_S3_S3_PS1_DhE5x_buf_11|         array|
|p_ZZ15Fp8_Conv_EngineILi16ELi32EEvPK7ap_uintILi256EES3_S3_S3_S3_PS1_DhE5x_buf_11_d0                |  out|  256|   ap_memory|          p_ZZ15Fp8_Conv_EngineILi16ELi32EEvPK7ap_uintILi256EES3_S3_S3_S3_PS1_DhE5x_buf_11|         array|
|p_ZZ15Fp8_Conv_EngineILi16ELi32EEvPK7ap_uintILi256EES3_S3_S3_S3_PS1_DhE5x_buf_12_address0          |  out|    8|   ap_memory|          p_ZZ15Fp8_Conv_EngineILi16ELi32EEvPK7ap_uintILi256EES3_S3_S3_S3_PS1_DhE5x_buf_12|         array|
|p_ZZ15Fp8_Conv_EngineILi16ELi32EEvPK7ap_uintILi256EES3_S3_S3_S3_PS1_DhE5x_buf_12_ce0               |  out|    1|   ap_memory|          p_ZZ15Fp8_Conv_EngineILi16ELi32EEvPK7ap_uintILi256EES3_S3_S3_S3_PS1_DhE5x_buf_12|         array|
|p_ZZ15Fp8_Conv_EngineILi16ELi32EEvPK7ap_uintILi256EES3_S3_S3_S3_PS1_DhE5x_buf_12_we0               |  out|    1|   ap_memory|          p_ZZ15Fp8_Conv_EngineILi16ELi32EEvPK7ap_uintILi256EES3_S3_S3_S3_PS1_DhE5x_buf_12|         array|
|p_ZZ15Fp8_Conv_EngineILi16ELi32EEvPK7ap_uintILi256EES3_S3_S3_S3_PS1_DhE5x_buf_12_d0                |  out|  256|   ap_memory|          p_ZZ15Fp8_Conv_EngineILi16ELi32EEvPK7ap_uintILi256EES3_S3_S3_S3_PS1_DhE5x_buf_12|         array|
|p_ZZ15Fp8_Conv_EngineILi16ELi32EEvPK7ap_uintILi256EES3_S3_S3_S3_PS1_DhE5x_buf_13_address0          |  out|    8|   ap_memory|          p_ZZ15Fp8_Conv_EngineILi16ELi32EEvPK7ap_uintILi256EES3_S3_S3_S3_PS1_DhE5x_buf_13|         array|
|p_ZZ15Fp8_Conv_EngineILi16ELi32EEvPK7ap_uintILi256EES3_S3_S3_S3_PS1_DhE5x_buf_13_ce0               |  out|    1|   ap_memory|          p_ZZ15Fp8_Conv_EngineILi16ELi32EEvPK7ap_uintILi256EES3_S3_S3_S3_PS1_DhE5x_buf_13|         array|
|p_ZZ15Fp8_Conv_EngineILi16ELi32EEvPK7ap_uintILi256EES3_S3_S3_S3_PS1_DhE5x_buf_13_we0               |  out|    1|   ap_memory|          p_ZZ15Fp8_Conv_EngineILi16ELi32EEvPK7ap_uintILi256EES3_S3_S3_S3_PS1_DhE5x_buf_13|         array|
|p_ZZ15Fp8_Conv_EngineILi16ELi32EEvPK7ap_uintILi256EES3_S3_S3_S3_PS1_DhE5x_buf_13_d0                |  out|  256|   ap_memory|          p_ZZ15Fp8_Conv_EngineILi16ELi32EEvPK7ap_uintILi256EES3_S3_S3_S3_PS1_DhE5x_buf_13|         array|
|p_ZZ15Fp8_Conv_EngineILi16ELi32EEvPK7ap_uintILi256EES3_S3_S3_S3_PS1_DhE5x_buf_14_address0          |  out|    8|   ap_memory|          p_ZZ15Fp8_Conv_EngineILi16ELi32EEvPK7ap_uintILi256EES3_S3_S3_S3_PS1_DhE5x_buf_14|         array|
|p_ZZ15Fp8_Conv_EngineILi16ELi32EEvPK7ap_uintILi256EES3_S3_S3_S3_PS1_DhE5x_buf_14_ce0               |  out|    1|   ap_memory|          p_ZZ15Fp8_Conv_EngineILi16ELi32EEvPK7ap_uintILi256EES3_S3_S3_S3_PS1_DhE5x_buf_14|         array|
|p_ZZ15Fp8_Conv_EngineILi16ELi32EEvPK7ap_uintILi256EES3_S3_S3_S3_PS1_DhE5x_buf_14_we0               |  out|    1|   ap_memory|          p_ZZ15Fp8_Conv_EngineILi16ELi32EEvPK7ap_uintILi256EES3_S3_S3_S3_PS1_DhE5x_buf_14|         array|
|p_ZZ15Fp8_Conv_EngineILi16ELi32EEvPK7ap_uintILi256EES3_S3_S3_S3_PS1_DhE5x_buf_14_d0                |  out|  256|   ap_memory|          p_ZZ15Fp8_Conv_EngineILi16ELi32EEvPK7ap_uintILi256EES3_S3_S3_S3_PS1_DhE5x_buf_14|         array|
|p_ZZ15Fp8_Conv_EngineILi16ELi32EEvPK7ap_uintILi256EES3_S3_S3_S3_PS1_DhE5x_buf_15_address0          |  out|    8|   ap_memory|          p_ZZ15Fp8_Conv_EngineILi16ELi32EEvPK7ap_uintILi256EES3_S3_S3_S3_PS1_DhE5x_buf_15|         array|
|p_ZZ15Fp8_Conv_EngineILi16ELi32EEvPK7ap_uintILi256EES3_S3_S3_S3_PS1_DhE5x_buf_15_ce0               |  out|    1|   ap_memory|          p_ZZ15Fp8_Conv_EngineILi16ELi32EEvPK7ap_uintILi256EES3_S3_S3_S3_PS1_DhE5x_buf_15|         array|
|p_ZZ15Fp8_Conv_EngineILi16ELi32EEvPK7ap_uintILi256EES3_S3_S3_S3_PS1_DhE5x_buf_15_we0               |  out|    1|   ap_memory|          p_ZZ15Fp8_Conv_EngineILi16ELi32EEvPK7ap_uintILi256EES3_S3_S3_S3_PS1_DhE5x_buf_15|         array|
|p_ZZ15Fp8_Conv_EngineILi16ELi32EEvPK7ap_uintILi256EES3_S3_S3_S3_PS1_DhE5x_buf_15_d0                |  out|  256|   ap_memory|          p_ZZ15Fp8_Conv_EngineILi16ELi32EEvPK7ap_uintILi256EES3_S3_S3_S3_PS1_DhE5x_buf_15|         array|
+---------------------------------------------------------------------------------------------------+-----+-----+------------+------------------------------------------------------------------------------------------+--------------+

