# 
# Steps log generated by v++
# This log file contains a collection of steps that describe the kernel compilation flow
# Note: Some steps are tagged as internal, these steps are for debugging purposes and 
#       are not expected to be able to run independently.
# 

# The following environment variables are set when running vitis-run
Environment variables :
------------------------------------------
SHELL=/bin/bash
SESSION_MANAGER=local/RimuruLenovo:@/tmp/.ICE-unix/2551,unix/RimuruLenovo:/tmp/.ICE-unix/2551
QT_ACCESSIBILITY=1
XDG_CONFIG_DIRS=/etc/xdg/xdg-ubuntu:/etc/xdg
XDG_MENU_PREFIX=gnome-
RDI_APPROOT=/home/rimurutempest/Tool/Xilinx/Vitis/2024.2
RDI_JAVA_PLATFORM=
TK_LIBRARY=/home/rimurutempest/Tool/Xilinx/Vitis/2024.2/tps/tk/tk8.5
LANGUAGE=en_US:en
FREETYPE_PROPERTIES=truetype:interpreter-version=35
XIL_SUPPRESS_OVERRIDE_WARNINGS=1
RDI_BINROOT=/home/rimurutempest/Tool/Xilinx/Vitis/2024.2/bin
XILINX_VIVADO=/home/rimurutempest/Tool/Xilinx/Vivado/2024.2
JAVA_HOME=/home/rimurutempest/Tool/Xilinx/Vitis/2024.2/tps/lnx64/jre11.0.16_1/
GNOME_SHELL_SESSION_MODE=ubuntu
SSH_AUTH_SOCK=/run/user/1000/keyring/ssh
RDI_OPT_EXT=.o
RDI_INSTALLVER=2024.2
RDI_INSTALLROOT=/home/rimurutempest/Tool/Xilinx
THEIA_DEFAULT_PLUGINS=local-dir:/home/rimurutempest/Tool/Xilinx/Vitis/2024.2/ide/electron-app/lnx64/resources/app/plugins
MEMORY_PRESSURE_WRITE=c29tZSAyMDAwMDAgMjAwMDAwMAA=
RDI_PATCHROOT=
XMODIFIERS=@im=ibus
DESKTOP_SESSION=ubuntu
GTK_MODULES=gail:atk-bridge
XIL_NO_OVERRIDE=0
RDI_LIBDIR=/home/rimurutempest/Tool/Xilinx/Vitis/2024.2/lib/lnx64.o/Ubuntu/24:/home/rimurutempest/Tool/Xilinx/Vitis/2024.2/lib/lnx64.o/Ubuntu:/home/rimurutempest/Tool/Xilinx/Vitis/2024.2/lib/lnx64.o
PWD=/home/rimurutempest/Code/LSI_Design_Contest/HLS_DesignFlow/Lab2/lab2_hls_component
LOGNAME=rimurutempest
XDG_SESSION_DESKTOP=ubuntu
THEIA_ELECTRON_VERSION=15.5.7
XDG_SESSION_TYPE=x11
_RDI_DONT_SET_XILINX_AS_PATH=True
GPG_AGENT_INFO=/run/user/1000/gnupg/S.gpg-agent:0:1
SYSTEMD_EXEC_PID=2591
XAUTHORITY=/run/user/1000/gdm/Xauthority
RDI_PREPEND_PATH=/home/rimurutempest/Tool/Xilinx/Vitis/2024.2/bin
XILINX_DSP=
GJS_DEBUG_TOPICS=JS ERROR;JS LOG
WINDOWPATH=2
THEIA_PLUGINS=local-dir:/home/rimurutempest/.theia/plugins
HOME=/home/rimurutempest
USERNAME=rimurutempest
SYNTH_COMMON=/home/rimurutempest/Tool/Xilinx/Vitis/2024.2/scripts/rt/data
LANG=en_US.UTF-8
XDG_CURRENT_DESKTOP=Unity
MEMORY_PRESSURE_WATCH=/sys/fs/cgroup/user.slice/user-1000.slice/user@1000.service/session.slice/org.gnome.Shell@x11.service/memory.pressure
XILINX_HLS=/home/rimurutempest/Tool/Xilinx/Vitis/2024.2
RDI_BUILD=yes
RDI_PROG=/home/rimurutempest/Tool/Xilinx/Vitis/2024.2/bin/unwrapped/lnx64.o/vitis-run
INVOCATION_ID=a65063f4497e4e708e314a1825994e3a
MANAGERPID=2184
RDI_SESSION_INFO=/home/rimurutempest:RimuruLenovo_1764428013_17175
CHROME_DESKTOP=Vitis Unified IDE.desktop
RT_TCL_PATH=/home/rimurutempest/Tool/Xilinx/Vitis/2024.2/scripts/rt/base_tcl/tcl
GJS_DEBUG_OUTPUT=stderr
XILINX_SDK=/home/rimurutempest/Tool/Xilinx/Vitis/2024.2
RDI_SHARED_DATA=/home/rimurutempest/Tool/Xilinx/SharedData/2024.2/data
VSCODE_API_VERSION=1.53.2
XDG_SESSION_CLASS=user
PYTHONPATH=/home/rimurutempest/Tool/Xilinx/Vitis/2024.2/cli/:/home/rimurutempest/Tool/Xilinx/Vitis/2024.2/cli/python-packages/site-packages:/home/rimurutempest/Tool/Xilinx/Vitis/2024.2/cli/proto:/home/rimurutempest/Tool/Xilinx/Vitis/2024.2/tps/lnx64/python-3.8.3/lib/python3.8/lib-dynload/:/home/rimurutempest/Tool/Xilinx/Vitis/2024.2/tps/lnx64/python-3.8.3/lib/python3.8/:/home/rimurutempest/Tool/Xilinx/Vivado/2024.2/tps/lnx64/python-3.8.3/lib/python3.8/lib-dynload/:/home/rimurutempest/Tool/Xilinx/Vivado/2024.2/tps/lnx64/python-3.8.3/lib/python3.8:/home/rimurutempest/Tool/Xilinx/Vitis/2024.2/cli/:/home/rimurutempest/Tool/Xilinx/Vitis/2024.2/cli/python-packages/site-packages:/home/rimurutempest/Tool/Xilinx/Vitis/2024.2/cli/python-packages/lnx64:/home/rimurutempest/Tool/Xilinx/Vitis/2024.2/cli/proto:/home/rimurutempest/Tool/Xilinx/Vitis/2024.2/scripts/python_pkg
PYTHONHOME=/home/rimurutempest/Tool/Xilinx/Vitis/2024.2/tps/lnx64/python-3.8.3/
VITIS_HLS_INSTALL=true
USER=rimurutempest
XILINX_PLANAHEAD=/home/rimurutempest/Tool/Xilinx/Vitis/2024.2
PATCH_INFO=
RDI_BASEROOT=/home/rimurutempest/Tool/Xilinx/Vitis
LOPPER_DTC_FLAGS=-b 0 -@
CLUTTER_DISABLE_MIPMAPPED_TEXT=1
RDI_TPS_ROOT=/home/rimurutempest/Tool/Xilinx/Vivado/2024.2/tps/lnx64
RDI_JAVA_VERSION=11.0.16_1
IDE_SKIP_SERVER_LICENSE=1
RDI_DATADIR=/home/rimurutempest/Tool/Xilinx/Vitis/2024.2/data
THEIA_ELECTRON_TOKEN={"value":"56440c9c-3517-4292-9df9-41f7a08b790a"}
DISPLAY=:1
SHLVL=3
GSM_SKIP_SSH_AGENT_WORKAROUND=true
XILINX_VITIS_HLS_ENCAPSULATED=1
RDI_USE_JDK11=1
QT_IM_MODULE=ibus
XILINX_VIVADO_HLS=/home/rimurutempest/Tool/Xilinx/Vivado/2024.2
XIL_CHECK_TCL_DEBUG=False
LD_LIBRARY_PATH=/home/rimurutempest/Tool/Xilinx/Vitis/2024.2/lib/lnx64.o/Ubuntu/24:/home/rimurutempest/Tool/Xilinx/Vitis/2024.2/lib/lnx64.o/Ubuntu:/home/rimurutempest/Tool/Xilinx/Vitis/2024.2/lib/lnx64.o:/home/rimurutempest/Tool/Xilinx/Vitis/2024.2/tps/lnx64/jre11.0.16_1/lib/:/home/rimurutempest/Tool/Xilinx/Vitis/2024.2/tps/lnx64/jre11.0.16_1/lib//server:/home/rimurutempest/Tool/Xilinx/Vitis/2024.2/lib/lnx64.o/Ubuntu/24:/home/rimurutempest/Tool/Xilinx/Vitis/2024.2/lib/lnx64.o/Ubuntu:/home/rimurutempest/Tool/Xilinx/Vitis/2024.2/lib/lnx64.o:/home/rimurutempest/Tool/Xilinx/Vitis/2024.2/tps/lnx64/cmake-3.24.2/libs/Ubuntu/24:/home/rimurutempest/Tool/Xilinx/Vitis/2024.2/tps/lnx64/cmake-3.24.2/libs/Ubuntu:/home/rimurutempest/Tool/Xilinx/Vitis/2024.2/tps/lnx64/cmake-3.24.2/libs:/home/rimurutempest/Tool/Xilinx/Vitis/2024.2/lib/lnx64.o/Ubuntu/24:/home/rimurutempest/Tool/Xilinx/Vitis/2024.2/lib/lnx64.o/Ubuntu:/home/rimurutempest/Tool/Xilinx/Vitis/2024.2/lib/lnx64.o:/home/rimurutempest/Tool/Xilinx/Vitis/2024.2/tps/lnx64/python-3.8.3/lib:/home/rimurutempest/Tool/Xilinx/Vivado/2024.2/tps/lnx64/cmake-3.24.2/libs/Ubuntu/24:/home/rimurutempest/Tool/Xilinx/Vivado/2024.2/tps/lnx64/cmake-3.24.2/libs/Ubuntu:/home/rimurutempest/Tool/Xilinx/Vivado/2024.2/tps/lnx64/cmake-3.24.2/libs:/home/rimurutempest/Tool/Xilinx/Vitis/2024.2/lib/lnx64.o:/home/rimurutempest/Tool/Xilinx/Vitis/2024.2/lib/lnx64.o/Ubuntu/24:/home/rimurutempest/Tool/Xilinx/Vitis/2024.2/lib/lnx64.o/Ubuntu:/home/rimurutempest/Tool/Xilinx/Vitis/2024.2/lib/lnx64.o:/home/rimurutempest/Tool/Xilinx/Vivado/2024.2/tps/lnx64/python-3.8.3/lib
HDIPRELDPATH=/home/rimurutempest/Tool/Xilinx/Vitis/2024.2/lib/lnx64.o/Ubuntu/24:/home/rimurutempest/Tool/Xilinx/Vitis/2024.2/lib/lnx64.o/Ubuntu:/home/rimurutempest/Tool/Xilinx/Vitis/2024.2/lib/lnx64.o:/home/rimurutempest/Tool/Xilinx/Vitis/2024.2/tps/lnx64/cmake-3.24.2/libs/Ubuntu/24:/home/rimurutempest/Tool/Xilinx/Vitis/2024.2/tps/lnx64/cmake-3.24.2/libs/Ubuntu:/home/rimurutempest/Tool/Xilinx/Vitis/2024.2/tps/lnx64/cmake-3.24.2/libs:/home/rimurutempest/Tool/Xilinx/Vitis/2024.2/lib/lnx64.o/Ubuntu/24:/home/rimurutempest/Tool/Xilinx/Vitis/2024.2/lib/lnx64.o/Ubuntu:/home/rimurutempest/Tool/Xilinx/Vitis/2024.2/lib/lnx64.o:/home/rimurutempest/Tool/Xilinx/Vitis/2024.2/tps/lnx64/python-3.8.3/lib:/home/rimurutempest/Tool/Xilinx/Vivado/2024.2/tps/lnx64/cmake-3.24.2/libs/Ubuntu/24:/home/rimurutempest/Tool/Xilinx/Vivado/2024.2/tps/lnx64/cmake-3.24.2/libs/Ubuntu:/home/rimurutempest/Tool/Xilinx/Vivado/2024.2/tps/lnx64/cmake-3.24.2/libs:/home/rimurutempest/Tool/Xilinx/Vitis/2024.2/lib/lnx64.o:/home/rimurutempest/Tool/Xilinx/Vitis/2024.2/lib/lnx64.o/Ubuntu/24:/home/rimurutempest/Tool/Xilinx/Vitis/2024.2/lib/lnx64.o/Ubuntu:/home/rimurutempest/Tool/Xilinx/Vitis/2024.2/lib/lnx64.o:/home/rimurutempest/Tool/Xilinx/Vivado/2024.2/tps/lnx64/python-3.8.3/lib
XDG_RUNTIME_DIR=/run/user/1000
TCMALLOC_LARGE_ALLOC_REPORT_THRESHOLD=4294967296
DEBUGINFOD_URLS=https://debuginfod.ubuntu.com 
TCL_LIBRARY=/home/rimurutempest/Tool/Xilinx/Vitis/2024.2/tps/tcl/tcl8.6
LC_ALL=en_US.UTF-8
JOURNAL_STREAM=9:24640
XILINX_VITIS_GIT=/home/rimurutempest/Tool/Xilinx/Vivado/2024.2/tps/lnx64/git-2.45.0/bin
XDG_DATA_DIRS=/usr/share/ubuntu:/usr/share/gnome:/usr/local/share/:/usr/share/:/var/lib/snapd/desktop
PATH=/home/rimurutempest/Tool/Xilinx/Vivado/2024.2/tps/lnx64/binutils-2.26/bin:/home/rimurutempest/Tool/Xilinx/Vitis/2024.2/bin/../gnu/aarch64/lin/aarch64-linux/bin:/home/rimurutempest/Tool/Xilinx/Vitis/2024.2/bin/../gnu/ppc64le/4.9.3/lnx64/bin:/home/rimurutempest/Tool/Xilinx/Vitis/2024.2/bin/../gnu/aarch32/lin/gcc-arm-linux-gnueabi/bin:/home/rimurutempest/Tool/Xilinx/Vivado/2024.2/tps/lnx64/gcc-8.3.0/bin:/home/rimurutempest/Tool/Xilinx/Vivado/2024.2/gnu/microblaze/lin/bin:/home/rimurutempest/Tool/Xilinx/Vitis/2024.2/bin:/home/rimurutempest/Tool/Xilinx/Vitis/2024.2/tps/lnx64/jre11.0.16_1/bin:/home/rimurutempest/Tool/Xilinx/Vitis/2024.2/gnu/microblaze/lin/bin:/home/rimurutempest/Tool/Xilinx/Vitis/2024.2/gnu/arm/lin/bin:/home/rimurutempest/Tool/Xilinx/Vitis/2024.2/gnu/microblaze/linux_toolchain/nt64_be/bin:/home/rimurutempest/Tool/Xilinx/Vitis/2024.2/gnu/microblaze/linux_toolchain/nt64_le/bin:/home/rimurutempest/Tool/Xilinx/Vitis/2024.2/gnu/aarch32/lin/gcc-arm-linux-gnueabi/bin:/home/rimurutempest/Tool/Xilinx/Vitis/2024.2/gnu/aarch32/lin/gcc-arm-none-eabi/bin:/home/rimurutempest/Tool/Xilinx/Vitis/2024.2/gnu/aarch64/lin/aarch64-linux/bin:/home/rimurutempest/Tool/Xilinx/Vitis/2024.2/gnu/aarch64/lin/aarch64-none/bin:/home/rimurutempest/Tool/Xilinx/Vitis/2024.2/gnu/armr5/lin/gcc-arm-none-eabi/bin:/home/rimurutempest/Tool/Xilinx/Vitis/2024.2/tps/lnx64/cmake-3.24.2/bin:/home/rimurutempest/Tool/Xilinx/Vitis/2024.2/lnx64/tools/clang/bin:/home/rimurutempest/Tool/Xilinx/Vitis/2024.2/tps/lnx64/python-3.8.3//bin:/home/rimurutempest/Tool/Xilinx/Vitis/2024.2/tps/lnx64/jre11.0.16_1//bin:/bin:/home/rimurutempest/Tool/Xilinx/Vivado/2024.2/bin:/home/rimurutempest/Tool/Xilinx/Vivado/2024.2/tps/lnx64/git-2.45.0/bin:/home/rimurutempest/Tool/Xilinx/Vivado/2024.2/tps/lnx64/cmake-3.24.2/bin:/home/rimurutempest/Tool/Xilinx/Vivado/2024.2/tps/lnx64/python-3.8.3/bin:/home/rimurutempest/Tool/Xilinx/Vitis/2024.2/gnu/riscv/lin/riscv64-unknown-elf/bin:/home/rimurutempest/.local/bin:/usr/local/sbin:/usr/local/bin:/usr/sbin:/usr/bin:/sbin:/usr/games:/usr/local/games:/snap/bin
RT_LIBPATH=/home/rimurutempest/Tool/Xilinx/Vitis/2024.2/scripts/rt/data
GDMSESSION=ubuntu
ORIGINAL_XDG_CURRENT_DESKTOP=ubuntu:GNOME
HDI_APPROOT=/home/rimurutempest/Tool/Xilinx/Vitis/2024.2
DBUS_SESSION_BUS_ADDRESS=unix:path=/run/user/1000/bus
RDI_PLATFORM=lnx64
THEIA_APP_PROJECT_PATH=/home/rimurutempest/Tool/Xilinx/Vitis/2024.2/ide/electron-app/lnx64/resources/app
MYVIVADO=
BUILDINFO=SW Build 5238363 on 2024-11-08-17:54:51
ISL_IOSTREAMS_RSA=/home/rimurutempest/Tool/Xilinx/Vitis/2024.2/tps/isl
GIO_LAUNCHED_DESKTOP_FILE_PID=17175
GIO_LAUNCHED_DESKTOP_FILE=/home/rimurutempest/Desktop/Vitis 2024.2.desktop
LC_NUMERIC=C
XILINX_VITIS=/home/rimurutempest/Tool/Xilinx/Vitis/2024.2
OLDPWD=/home/rimurutempest/Tool/Xilinx/Vitis/2024.2/bin
XILINX_VCXX=/home/rimurutempest/Tool/Xilinx/Vitis/2024.2/vcxx
_=/home/rimurutempest/Tool/Xilinx/Vitis/2024.2/bin/unwrapped/lnx64.o/vitis-run
XILINX_CD_CONNECT_ID=45061
XILINX_CD_SESSION=6ef3b5b5-debe-4760-8034-22851431c75a


VITIS-RUN command line:
------------------------------------------
/home/rimurutempest/Tool/Xilinx/Vitis/2024.2/bin/unwrapped/lnx64.o/vitis-run --mode hls --csim --config /home/rimurutempest/Code/LSI_Design_Contest/HLS_DesignFlow/Lab2/lab2_hls_component/hls_config.cfg --work_dir yuv_filter 

FINAL PROGRAM OPTIONS
--config /home/rimurutempest/Code/LSI_Design_Contest/HLS_DesignFlow/Lab2/lab2_hls_component/hls_config.cfg
--csim
--hls.clock 10ns
--hls.flow_target vivado
--hls.package.output.format ip_catalog
--hls.package.output.syn false
--hls.syn.file /home/rimurutempest/Code/LSI_Design_Contest/HLS_DesignFlow/Lab2/Source/image_aux.h
--hls.syn.file /home/rimurutempest/Code/LSI_Design_Contest/HLS_DesignFlow/Lab2/Source/yuv_filter.h
--hls.syn.file /home/rimurutempest/Code/LSI_Design_Contest/HLS_DesignFlow/Lab2/Source/image_aux.c
--hls.syn.file /home/rimurutempest/Code/LSI_Design_Contest/HLS_DesignFlow/Lab2/Source/yuv_filter.c
--hls.syn.top yuv_filter
--hls.tb.file /home/rimurutempest/Code/LSI_Design_Contest/HLS_DesignFlow/Lab2/Source/yuv_filter_test.c
--mode hls
--part xc7z020clg400-1
--work_dir yuv_filter

PARSED COMMAND LINE OPTIONS
--mode hls 
--csim 
--config /home/rimurutempest/Code/LSI_Design_Contest/HLS_DesignFlow/Lab2/lab2_hls_component/hls_config.cfg 
--work_dir yuv_filter 

PARSED CONFIG FILE (1) OPTIONS
file: /home/rimurutempest/Code/LSI_Design_Contest/HLS_DesignFlow/Lab2/lab2_hls_component/hls_config.cfg
part xc7z020clg400-1 
hls.flow_target vivado 
hls.package.output.format ip_catalog 
hls.package.output.syn false 
hls.syn.top yuv_filter 
hls.syn.file /home/rimurutempest/Code/LSI_Design_Contest/HLS_DesignFlow/Lab2/Source/image_aux.h 
hls.syn.file /home/rimurutempest/Code/LSI_Design_Contest/HLS_DesignFlow/Lab2/Source/yuv_filter.h 
hls.syn.file /home/rimurutempest/Code/LSI_Design_Contest/HLS_DesignFlow/Lab2/Source/image_aux.c 
hls.syn.file /home/rimurutempest/Code/LSI_Design_Contest/HLS_DesignFlow/Lab2/Source/yuv_filter.c 
hls.tb.file /home/rimurutempest/Code/LSI_Design_Contest/HLS_DesignFlow/Lab2/Source/yuv_filter_test.c 
hls.clock 10ns 


==========================================
new:  steps log generated by v++ for new launch 
timestamp: 29 Nov 2025 22:26:11

------------------------------------------
VITIS-RUN command line :
------------------------------------------
/home/rimurutempest/Tool/Xilinx/Vitis/2024.2/bin/unwrapped/lnx64.o/vitis-run --mode hls --csim --config /home/rimurutempest/Code/LSI_Design_Contest/HLS_DesignFlow/Lab2/lab2_hls_component/hls_config.cfg --work_dir yuv_filter 
  Options from -O    : 
  Options from *.ini : 
  Options from Hw Platform : 

==========================================
new:  steps log generated by v++ for new launch 
timestamp: 29 Nov 2025 22:29:50

------------------------------------------
VITIS-RUN command line :
------------------------------------------
/home/rimurutempest/Tool/Xilinx/Vitis/2024.2/bin/unwrapped/lnx64.o/vitis-run --mode hls --csim --config /home/rimurutempest/Code/LSI_Design_Contest/HLS_DesignFlow/Lab2/lab2_hls_component/hls_config.cfg --work_dir yuv_filter 
  Options from -O    : 
  Options from *.ini : 
  Options from Hw Platform : 

==========================================
new:  steps log generated by v++ for new launch 
timestamp: 29 Nov 2025 22:32:04
