

================================================================
== Vitis HLS Report for 'ucb3_bench_top_Pipeline_BIAS_STATS6'
================================================================
* Date:           Wed May 13 20:35:23 2026

* Version:        2024.2 (Build 5238294 on Nov  8 2024)
* Project:        prj
* Solution:       solution1 (Vitis Kernel Flow Target)
* Product family: zynquplus
* Target device:  xczu7ev-ffvc1156-2-e


================================================================
== Performance Estimates
================================================================
+ Timing: 
    * Summary: 
    +--------+---------+----------+------------+
    |  Clock |  Target | Estimated| Uncertainty|
    +--------+---------+----------+------------+
    |ap_clk  |  3.33 ns|  2.719 ns|     0.90 ns|
    +--------+---------+----------+------------+

+ Latency: 
    * Summary: 
    +---------+---------+----------+----------+-----+-----+------------------------------------------------+
    |  Latency (cycles) |  Latency (absolute) |  Interval |                    Pipeline                    |
    |   min   |   max   |    min   |    max   | min | max |                      Type                      |
    +---------+---------+----------+----------+-----+-----+------------------------------------------------+
    |      439|      439|  1.463 us|  1.463 us|  427|  427|  loop auto-rewind stp (delay=0 clock cycles(s))|
    +---------+---------+----------+----------+-----+-----+------------------------------------------------+

    + Detail: 
        * Instance: 
        N/A

        * Loop: 
        +--------------+---------+---------+----------+-----------+-----------+------+----------+
        |              |  Latency (cycles) | Iteration|  Initiation Interval  | Trip |          |
        |   Loop Name  |   min   |   max   |  Latency |  achieved |   target  | Count| Pipelined|
        +--------------+---------+---------+----------+-----------+-----------+------+----------+
        |- BIAS_STATS  |      437|      437|        25|          7|          1|    60|       yes|
        +--------------+---------+---------+----------+-----------+-----------+------+----------+



================================================================
== Utilization Estimates
================================================================
* Summary: 
+-----------------+---------+------+--------+--------+-----+
|       Name      | BRAM_18K|  DSP |   FF   |   LUT  | URAM|
+-----------------+---------+------+--------+--------+-----+
|DSP              |        -|     -|       -|       -|    -|
|Expression       |        -|     -|       0|      48|    -|
|FIFO             |        -|     -|       -|       -|    -|
|Instance         |        -|     -|       0|     133|    -|
|Memory           |        -|     -|       -|       -|    -|
|Multiplexer      |        -|     -|       0|     179|    -|
|Register         |        -|     -|     479|      32|    -|
+-----------------+---------+------+--------+--------+-----+
|Total            |        0|     0|     479|     392|    0|
+-----------------+---------+------+--------+--------+-----+
|Available        |      624|  1728|  460800|  230400|   96|
+-----------------+---------+------+--------+--------+-----+
|Utilization (%)  |        0|     0|      ~0|      ~0|    0|
+-----------------+---------+------+--------+--------+-----+

+ Detail: 
    * Instance: 
    +-----------------------------------------+-----------------------------------+---------+----+---+----+-----+
    |                 Instance                |               Module              | BRAM_18K| DSP| FF| LUT| URAM|
    +-----------------------------------------+-----------------------------------+---------+----+---+----+-----+
    |partselect_16ns_256ns_32ns_16_1_1_U1412  |partselect_16ns_256ns_32ns_16_1_1  |        0|   0|  0|  68|    0|
    |sparsemux_33_4_16_1_1_U1413              |sparsemux_33_4_16_1_1              |        0|   0|  0|  65|    0|
    +-----------------------------------------+-----------------------------------+---------+----+---+----+-----+
    |Total                                    |                                   |        0|   0|  0| 133|    0|
    +-----------------------------------------+-----------------------------------+---------+----+---+----+-----+

    * DSP: 
    N/A

    * Memory: 
    N/A

    * FIFO: 
    N/A

    * Expression: 
    +----------------------+----------+----+---+----+------------+------------+
    |     Variable Name    | Operation| DSP| FF| LUT| Bitwidth P0| Bitwidth P1|
    +----------------------+----------+----+---+----+------------+------------+
    |add_ln201_fu_482_p2   |         +|   0|  0|  13|           6|           1|
    |add_ln205_fu_511_p2   |         +|   0|  0|  20|          13|          13|
    |icmp_ln201_fu_476_p2  |      icmp|   0|  0|  13|           6|           4|
    |ap_enable_pp0         |       xor|   0|  0|   2|           1|           2|
    +----------------------+----------+----+---+----+------------+------------+
    |Total                 |          |   0|  0|  48|          26|          20|
    +----------------------+----------+----+---+----+------------+------------+

    * Multiplexer: 
    +----------------------------------+----+-----------+-----+-----------+
    |               Name               | LUT| Input Size| Bits| Total Bits|
    +----------------------------------+----+-----------+-----+-----------+
    |ap_NS_fsm                         |  43|          8|    1|          8|
    |ap_done_int                       |   9|          2|    1|          2|
    |ap_enable_reg_pp0_iter0           |   9|          2|    1|          2|
    |ap_enable_reg_pp0_iter1           |   9|          2|    1|          2|
    |ap_enable_reg_pp0_iter3           |   9|          2|    1|          2|
    |ap_loop_exit_ready_pp0_iter1_reg  |   9|          2|    1|          2|
    |ap_loop_exit_ready_pp0_iter2_reg  |   9|          2|    1|          2|
    |ap_sig_allocacmp_c_1              |   9|          2|    6|         12|
    |ap_sig_allocacmp_sum_load_1       |   9|          2|   32|         64|
    |ap_sig_allocacmp_sumsq_load_1     |   9|          2|   32|         64|
    |c_fu_134                          |   9|          2|    6|         12|
    |grp_fu_443_p0                     |  14|          3|   32|         96|
    |grp_fu_443_p1                     |  14|          3|   32|         96|
    |sum_fu_126                        |   9|          2|   32|         64|
    |sumsq_fu_130                      |   9|          2|   32|         64|
    +----------------------------------+----+-----------+-----+-----------+
    |Total                             | 179|         38|  211|        492|
    +----------------------------------+----+-----------+-----+-----------+

    * Register: 
    +-----------------------------------------------------------------------------------------------------------------------------------------------------------------------------+----+----+-----+-----------+
    |                                                                                     Name                                                                                    | FF | LUT| Bits| Const Bits|
    +-----------------------------------------------------------------------------------------------------------------------------------------------------------------------------+----+----+-----+-----------+
    |add_ln201_reg_688                                                                                                                                                            |   6|   0|    6|          0|
    |ap_CS_fsm                                                                                                                                                                    |   7|   0|    7|          0|
    |ap_done_reg                                                                                                                                                                  |   1|   0|    1|          0|
    |ap_enable_reg_pp0_iter0_reg                                                                                                                                                  |   1|   0|    1|          0|
    |ap_enable_reg_pp0_iter1                                                                                                                                                      |   1|   0|    1|          0|
    |ap_enable_reg_pp0_iter2                                                                                                                                                      |   1|   0|    1|          0|
    |ap_enable_reg_pp0_iter3                                                                                                                                                      |   1|   0|    1|          0|
    |ap_loop_exit_ready_pp0_iter1_reg                                                                                                                                             |   1|   0|    1|          0|
    |ap_loop_exit_ready_pp0_iter2_reg                                                                                                                                             |   1|   0|    1|          0|
    |c_fu_134                                                                                                                                                                     |   6|   0|    6|          0|
    |fv_reg_836                                                                                                                                                                   |  32|   0|   32|          0|
    |icmp_ln201_reg_684                                                                                                                                                           |   1|   0|    1|          0|
    |mul265_i2_reg_848                                                                                                                                                            |  32|   0|   32|          0|
    |sum_fu_126                                                                                                                                                                   |  32|   0|   32|          0|
    |sumsq_fu_130                                                                                                                                                                 |  32|   0|   32|          0|
    |tmp_12_reg_805                                                                                                                                                               |  16|   0|   16|          0|
    |trunc_ln201_reg_693                                                                                                                                                          |   4|   0|    4|          0|
    |u_210_reg_800                                                                                                                                                                |  16|   0|   16|          0|
    |val_reg_815                                                                                                                                                                  |  16|   0|   16|          0|
    |void_UpConv_Fused_Row_Bench_8_ap_uint_256_ap_uint_256_const_ap_uint_256_const_ap_uint_256_const_ap_uint_256_const_ap_uint_256_decimal16_int_int_int_int_int_row_766_reg_699  |  13|   0|   13|          0|
    |void_UpConv_Fused_Row_Bench_8_ap_uint_256_ap_uint_256_const_ap_uint_256_const_ap_uint_256_const_ap_uint_256_const_ap_uint_256_decimal16_int_int_int_int_int_row_767_reg_705  |  13|   0|   13|          0|
    |void_UpConv_Fused_Row_Bench_8_ap_uint_256_ap_uint_256_const_ap_uint_256_const_ap_uint_256_const_ap_uint_256_const_ap_uint_256_decimal16_int_int_int_int_int_row_768_reg_711  |  13|   0|   13|          0|
    |void_UpConv_Fused_Row_Bench_8_ap_uint_256_ap_uint_256_const_ap_uint_256_const_ap_uint_256_const_ap_uint_256_const_ap_uint_256_decimal16_int_int_int_int_int_row_769_reg_717  |  13|   0|   13|          0|
    |void_UpConv_Fused_Row_Bench_8_ap_uint_256_ap_uint_256_const_ap_uint_256_const_ap_uint_256_const_ap_uint_256_const_ap_uint_256_decimal16_int_int_int_int_int_row_770_reg_723  |  13|   0|   13|          0|
    |void_UpConv_Fused_Row_Bench_8_ap_uint_256_ap_uint_256_const_ap_uint_256_const_ap_uint_256_const_ap_uint_256_const_ap_uint_256_decimal16_int_int_int_int_int_row_771_reg_729  |  13|   0|   13|          0|
    |void_UpConv_Fused_Row_Bench_ap_uint_ap_uint_const_ap_uint_const_ap_uint_const_1250_reg_735                                                                                   |  13|   0|   13|          0|
    |void_UpConv_Fused_Row_Bench_ap_uint_ap_uint_const_ap_uint_const_ap_uint_const_1251_reg_741                                                                                   |  13|   0|   13|          0|
    |void_UpConv_Fused_Row_Bench_ap_uint_ap_uint_const_ap_uint_const_ap_uint_const_1252_reg_747                                                                                   |  13|   0|   13|          0|
    |void_UpConv_Fused_Row_Bench_ap_uint_ap_uint_const_ap_uint_const_ap_uint_const_1253_reg_753                                                                                   |  13|   0|   13|          0|
    |void_UpConv_Fused_Row_Bench_ap_uint_ap_uint_const_ap_uint_const_ap_uint_const_1254_reg_759                                                                                   |  13|   0|   13|          0|
    |void_UpConv_Fused_Row_Bench_ap_uint_ap_uint_const_ap_uint_const_ap_uint_const_1255_reg_765                                                                                   |  13|   0|   13|          0|
    |void_UpConv_Fused_Row_Bench_ap_uint_ap_uint_const_ap_uint_const_ap_uint_const_1256_reg_771                                                                                   |  13|   0|   13|          0|
    |void_UpConv_Fused_Row_Bench_ap_uint_ap_uint_const_ap_uint_const_ap_uint_const_1257_reg_777                                                                                   |  13|   0|   13|          0|
    |void_UpConv_Fused_Row_Bench_ap_uint_ap_uint_const_ap_uint_const_ap_uint_const_1258_reg_783                                                                                   |  13|   0|   13|          0|
    |void_UpConv_Fused_Row_Bench_ap_uint_ap_uint_const_ap_uint_const_ap_uint_const_1259_reg_789                                                                                   |  13|   0|   13|          0|
    |icmp_ln201_reg_684                                                                                                                                                           |  64|  32|    1|          0|
    +-----------------------------------------------------------------------------------------------------------------------------------------------------------------------------+----+----+-----+-----------+
    |Total                                                                                                                                                                        | 479|  32|  416|          0|
    +-----------------------------------------------------------------------------------------------------------------------------------------------------------------------------+----+----+-----+-----------+



================================================================
== Interface
================================================================
* Summary: 
+----------------------------------------------------------------------------------------------+-----+-----+------------+-------------------------------------------------------------------------------------+--------------+
|                                           RTL Ports                                          | Dir | Bits|  Protocol  |                                    Source Object                                    |    C Type    |
+----------------------------------------------------------------------------------------------+-----+-----+------------+-------------------------------------------------------------------------------------+--------------+
|ap_clk                                                                                        |   in|    1|  ap_ctrl_hs|                                                  ucb3_bench_top_Pipeline_BIAS_STATS6|  return value|
|ap_rst                                                                                        |   in|    1|  ap_ctrl_hs|                                                  ucb3_bench_top_Pipeline_BIAS_STATS6|  return value|
|ap_start                                                                                      |   in|    1|  ap_ctrl_hs|                                                  ucb3_bench_top_Pipeline_BIAS_STATS6|  return value|
|ap_done                                                                                       |  out|    1|  ap_ctrl_hs|                                                  ucb3_bench_top_Pipeline_BIAS_STATS6|  return value|
|ap_idle                                                                                       |  out|    1|  ap_ctrl_hs|                                                  ucb3_bench_top_Pipeline_BIAS_STATS6|  return value|
|ap_ready                                                                                      |  out|    1|  ap_ctrl_hs|                                                  ucb3_bench_top_Pipeline_BIAS_STATS6|  return value|
|grp_fu_389_p_din0                                                                             |  out|   32|  ap_ctrl_hs|                                                  ucb3_bench_top_Pipeline_BIAS_STATS6|  return value|
|grp_fu_389_p_din1                                                                             |  out|   32|  ap_ctrl_hs|                                                  ucb3_bench_top_Pipeline_BIAS_STATS6|  return value|
|grp_fu_389_p_opcode                                                                           |  out|    2|  ap_ctrl_hs|                                                  ucb3_bench_top_Pipeline_BIAS_STATS6|  return value|
|grp_fu_389_p_dout0                                                                            |   in|   32|  ap_ctrl_hs|                                                  ucb3_bench_top_Pipeline_BIAS_STATS6|  return value|
|grp_fu_389_p_ce                                                                               |  out|    1|  ap_ctrl_hs|                                                  ucb3_bench_top_Pipeline_BIAS_STATS6|  return value|
|grp_fu_229_p_din0                                                                             |  out|   32|  ap_ctrl_hs|                                                  ucb3_bench_top_Pipeline_BIAS_STATS6|  return value|
|grp_fu_229_p_din1                                                                             |  out|   32|  ap_ctrl_hs|                                                  ucb3_bench_top_Pipeline_BIAS_STATS6|  return value|
|grp_fu_229_p_dout0                                                                            |   in|   32|  ap_ctrl_hs|                                                  ucb3_bench_top_Pipeline_BIAS_STATS6|  return value|
|grp_fu_229_p_ce                                                                               |  out|    1|  ap_ctrl_hs|                                                  ucb3_bench_top_Pipeline_BIAS_STATS6|  return value|
|grp_fu_393_p_din0                                                                             |  out|   16|  ap_ctrl_hs|                                                  ucb3_bench_top_Pipeline_BIAS_STATS6|  return value|
|grp_fu_393_p_dout0                                                                            |   in|   32|  ap_ctrl_hs|                                                  ucb3_bench_top_Pipeline_BIAS_STATS6|  return value|
|grp_fu_393_p_ce                                                                               |  out|    1|  ap_ctrl_hs|                                                  ucb3_bench_top_Pipeline_BIAS_STATS6|  return value|
|grp_fu_396_p_din0                                                                             |  out|   16|  ap_ctrl_hs|                                                  ucb3_bench_top_Pipeline_BIAS_STATS6|  return value|
|grp_fu_396_p_din1                                                                             |  out|   16|  ap_ctrl_hs|                                                  ucb3_bench_top_Pipeline_BIAS_STATS6|  return value|
|grp_fu_396_p_dout0                                                                            |   in|   16|  ap_ctrl_hs|                                                  ucb3_bench_top_Pipeline_BIAS_STATS6|  return value|
|grp_fu_396_p_ce                                                                               |  out|    1|  ap_ctrl_hs|                                                  ucb3_bench_top_Pipeline_BIAS_STATS6|  return value|
|mul_ln205_2                                                                                   |   in|   13|     ap_none|                                                                          mul_ln205_2|        scalar|
|b_buf_2_address0                                                                              |  out|    5|   ap_memory|                                                                              b_buf_2|         array|
|b_buf_2_ce0                                                                                   |  out|    1|   ap_memory|                                                                              b_buf_2|         array|
|b_buf_2_q0                                                                                    |   in|  256|   ap_memory|                                                                              b_buf_2|         array|
|sumsq_4_out                                                                                   |  out|   32|      ap_vld|                                                                          sumsq_4_out|       pointer|
|sumsq_4_out_ap_vld                                                                            |  out|    1|      ap_vld|                                                                          sumsq_4_out|       pointer|
|sum_4_out                                                                                     |  out|   32|      ap_vld|                                                                            sum_4_out|       pointer|
|sum_4_out_ap_vld                                                                              |  out|    1|      ap_vld|                                                                            sum_4_out|       pointer|
|void_UpConv_Fused_Row_Bench_ap_uint_ap_uint_const_ap_uint_const_ap_uint_const_9_address0      |  out|   13|   ap_memory|      void_UpConv_Fused_Row_Bench_ap_uint_ap_uint_const_ap_uint_const_ap_uint_const_9|         array|
|void_UpConv_Fused_Row_Bench_ap_uint_ap_uint_const_ap_uint_const_ap_uint_const_9_ce0           |  out|    1|   ap_memory|      void_UpConv_Fused_Row_Bench_ap_uint_ap_uint_const_ap_uint_const_ap_uint_const_9|         array|
|void_UpConv_Fused_Row_Bench_ap_uint_ap_uint_const_ap_uint_const_ap_uint_const_9_we0           |  out|    1|   ap_memory|      void_UpConv_Fused_Row_Bench_ap_uint_ap_uint_const_ap_uint_const_ap_uint_const_9|         array|
|void_UpConv_Fused_Row_Bench_ap_uint_ap_uint_const_ap_uint_const_ap_uint_const_9_d0            |  out|   16|   ap_memory|      void_UpConv_Fused_Row_Bench_ap_uint_ap_uint_const_ap_uint_const_ap_uint_const_9|         array|
|void_UpConv_Fused_Row_Bench_ap_uint_ap_uint_const_ap_uint_const_ap_uint_const_9_address1      |  out|   13|   ap_memory|      void_UpConv_Fused_Row_Bench_ap_uint_ap_uint_const_ap_uint_const_ap_uint_const_9|         array|
|void_UpConv_Fused_Row_Bench_ap_uint_ap_uint_const_ap_uint_const_ap_uint_const_9_ce1           |  out|    1|   ap_memory|      void_UpConv_Fused_Row_Bench_ap_uint_ap_uint_const_ap_uint_const_ap_uint_const_9|         array|
|void_UpConv_Fused_Row_Bench_ap_uint_ap_uint_const_ap_uint_const_ap_uint_const_9_q1            |   in|   16|   ap_memory|      void_UpConv_Fused_Row_Bench_ap_uint_ap_uint_const_ap_uint_const_ap_uint_const_9|         array|
|void_UpConv_Fused_Row_Bench_ap_uint_ap_uint_const_ap_uint_const_ap_uint_const_8_address0      |  out|   13|   ap_memory|      void_UpConv_Fused_Row_Bench_ap_uint_ap_uint_const_ap_uint_const_ap_uint_const_8|         array|
|void_UpConv_Fused_Row_Bench_ap_uint_ap_uint_const_ap_uint_const_ap_uint_const_8_ce0           |  out|    1|   ap_memory|      void_UpConv_Fused_Row_Bench_ap_uint_ap_uint_const_ap_uint_const_ap_uint_const_8|         array|
|void_UpConv_Fused_Row_Bench_ap_uint_ap_uint_const_ap_uint_const_ap_uint_const_8_we0           |  out|    1|   ap_memory|      void_UpConv_Fused_Row_Bench_ap_uint_ap_uint_const_ap_uint_const_ap_uint_const_8|         array|
|void_UpConv_Fused_Row_Bench_ap_uint_ap_uint_const_ap_uint_const_ap_uint_const_8_d0            |  out|   16|   ap_memory|      void_UpConv_Fused_Row_Bench_ap_uint_ap_uint_const_ap_uint_const_ap_uint_const_8|         array|
|void_UpConv_Fused_Row_Bench_ap_uint_ap_uint_const_ap_uint_const_ap_uint_const_8_address1      |  out|   13|   ap_memory|      void_UpConv_Fused_Row_Bench_ap_uint_ap_uint_const_ap_uint_const_ap_uint_const_8|         array|
|void_UpConv_Fused_Row_Bench_ap_uint_ap_uint_const_ap_uint_const_ap_uint_const_8_ce1           |  out|    1|   ap_memory|      void_UpConv_Fused_Row_Bench_ap_uint_ap_uint_const_ap_uint_const_ap_uint_const_8|         array|
|void_UpConv_Fused_Row_Bench_ap_uint_ap_uint_const_ap_uint_const_ap_uint_const_8_q1            |   in|   16|   ap_memory|      void_UpConv_Fused_Row_Bench_ap_uint_ap_uint_const_ap_uint_const_ap_uint_const_8|         array|
|void_UpConv_Fused_Row_Bench_ap_uint_ap_uint_const_ap_uint_const_ap_uint_const_7_address0      |  out|   13|   ap_memory|      void_UpConv_Fused_Row_Bench_ap_uint_ap_uint_const_ap_uint_const_ap_uint_const_7|         array|
|void_UpConv_Fused_Row_Bench_ap_uint_ap_uint_const_ap_uint_const_ap_uint_const_7_ce0           |  out|    1|   ap_memory|      void_UpConv_Fused_Row_Bench_ap_uint_ap_uint_const_ap_uint_const_ap_uint_const_7|         array|
|void_UpConv_Fused_Row_Bench_ap_uint_ap_uint_const_ap_uint_const_ap_uint_const_7_we0           |  out|    1|   ap_memory|      void_UpConv_Fused_Row_Bench_ap_uint_ap_uint_const_ap_uint_const_ap_uint_const_7|         array|
|void_UpConv_Fused_Row_Bench_ap_uint_ap_uint_const_ap_uint_const_ap_uint_const_7_d0            |  out|   16|   ap_memory|      void_UpConv_Fused_Row_Bench_ap_uint_ap_uint_const_ap_uint_const_ap_uint_const_7|         array|
|void_UpConv_Fused_Row_Bench_ap_uint_ap_uint_const_ap_uint_const_ap_uint_const_7_address1      |  out|   13|   ap_memory|      void_UpConv_Fused_Row_Bench_ap_uint_ap_uint_const_ap_uint_const_ap_uint_const_7|         array|
|void_UpConv_Fused_Row_Bench_ap_uint_ap_uint_const_ap_uint_const_ap_uint_const_7_ce1           |  out|    1|   ap_memory|      void_UpConv_Fused_Row_Bench_ap_uint_ap_uint_const_ap_uint_const_ap_uint_const_7|         array|
|void_UpConv_Fused_Row_Bench_ap_uint_ap_uint_const_ap_uint_const_ap_uint_const_7_q1            |   in|   16|   ap_memory|      void_UpConv_Fused_Row_Bench_ap_uint_ap_uint_const_ap_uint_const_ap_uint_const_7|         array|
|void_UpConv_Fused_Row_Bench_ap_uint_ap_uint_const_ap_uint_const_ap_uint_const_6_address0      |  out|   13|   ap_memory|      void_UpConv_Fused_Row_Bench_ap_uint_ap_uint_const_ap_uint_const_ap_uint_const_6|         array|
|void_UpConv_Fused_Row_Bench_ap_uint_ap_uint_const_ap_uint_const_ap_uint_const_6_ce0           |  out|    1|   ap_memory|      void_UpConv_Fused_Row_Bench_ap_uint_ap_uint_const_ap_uint_const_ap_uint_const_6|         array|
|void_UpConv_Fused_Row_Bench_ap_uint_ap_uint_const_ap_uint_const_ap_uint_const_6_we0           |  out|    1|   ap_memory|      void_UpConv_Fused_Row_Bench_ap_uint_ap_uint_const_ap_uint_const_ap_uint_const_6|         array|
|void_UpConv_Fused_Row_Bench_ap_uint_ap_uint_const_ap_uint_const_ap_uint_const_6_d0            |  out|   16|   ap_memory|      void_UpConv_Fused_Row_Bench_ap_uint_ap_uint_const_ap_uint_const_ap_uint_const_6|         array|
|void_UpConv_Fused_Row_Bench_ap_uint_ap_uint_const_ap_uint_const_ap_uint_const_6_address1      |  out|   13|   ap_memory|      void_UpConv_Fused_Row_Bench_ap_uint_ap_uint_const_ap_uint_const_ap_uint_const_6|         array|
|void_UpConv_Fused_Row_Bench_ap_uint_ap_uint_const_ap_uint_const_ap_uint_const_6_ce1           |  out|    1|   ap_memory|      void_UpConv_Fused_Row_Bench_ap_uint_ap_uint_const_ap_uint_const_ap_uint_const_6|         array|
|void_UpConv_Fused_Row_Bench_ap_uint_ap_uint_const_ap_uint_const_ap_uint_const_6_q1            |   in|   16|   ap_memory|      void_UpConv_Fused_Row_Bench_ap_uint_ap_uint_const_ap_uint_const_ap_uint_const_6|         array|
|void_UpConv_Fused_Row_Bench_ap_uint_ap_uint_const_ap_uint_const_ap_uint_const_5_address0      |  out|   13|   ap_memory|      void_UpConv_Fused_Row_Bench_ap_uint_ap_uint_const_ap_uint_const_ap_uint_const_5|         array|
|void_UpConv_Fused_Row_Bench_ap_uint_ap_uint_const_ap_uint_const_ap_uint_const_5_ce0           |  out|    1|   ap_memory|      void_UpConv_Fused_Row_Bench_ap_uint_ap_uint_const_ap_uint_const_ap_uint_const_5|         array|
|void_UpConv_Fused_Row_Bench_ap_uint_ap_uint_const_ap_uint_const_ap_uint_const_5_we0           |  out|    1|   ap_memory|      void_UpConv_Fused_Row_Bench_ap_uint_ap_uint_const_ap_uint_const_ap_uint_const_5|         array|
|void_UpConv_Fused_Row_Bench_ap_uint_ap_uint_const_ap_uint_const_ap_uint_const_5_d0            |  out|   16|   ap_memory|      void_UpConv_Fused_Row_Bench_ap_uint_ap_uint_const_ap_uint_const_ap_uint_const_5|         array|
|void_UpConv_Fused_Row_Bench_ap_uint_ap_uint_const_ap_uint_const_ap_uint_const_5_address1      |  out|   13|   ap_memory|      void_UpConv_Fused_Row_Bench_ap_uint_ap_uint_const_ap_uint_const_ap_uint_const_5|         array|
|void_UpConv_Fused_Row_Bench_ap_uint_ap_uint_const_ap_uint_const_ap_uint_const_5_ce1           |  out|    1|   ap_memory|      void_UpConv_Fused_Row_Bench_ap_uint_ap_uint_const_ap_uint_const_ap_uint_const_5|         array|
|void_UpConv_Fused_Row_Bench_ap_uint_ap_uint_const_ap_uint_const_ap_uint_const_5_q1            |   in|   16|   ap_memory|      void_UpConv_Fused_Row_Bench_ap_uint_ap_uint_const_ap_uint_const_ap_uint_const_5|         array|
|void_UpConv_Fused_Row_Bench_ap_uint_ap_uint_const_ap_uint_const_ap_uint_const_4_address0      |  out|   13|   ap_memory|      void_UpConv_Fused_Row_Bench_ap_uint_ap_uint_const_ap_uint_const_ap_uint_const_4|         array|
|void_UpConv_Fused_Row_Bench_ap_uint_ap_uint_const_ap_uint_const_ap_uint_const_4_ce0           |  out|    1|   ap_memory|      void_UpConv_Fused_Row_Bench_ap_uint_ap_uint_const_ap_uint_const_ap_uint_const_4|         array|
|void_UpConv_Fused_Row_Bench_ap_uint_ap_uint_const_ap_uint_const_ap_uint_const_4_we0           |  out|    1|   ap_memory|      void_UpConv_Fused_Row_Bench_ap_uint_ap_uint_const_ap_uint_const_ap_uint_const_4|         array|
|void_UpConv_Fused_Row_Bench_ap_uint_ap_uint_const_ap_uint_const_ap_uint_const_4_d0            |  out|   16|   ap_memory|      void_UpConv_Fused_Row_Bench_ap_uint_ap_uint_const_ap_uint_const_ap_uint_const_4|         array|
|void_UpConv_Fused_Row_Bench_ap_uint_ap_uint_const_ap_uint_const_ap_uint_const_4_address1      |  out|   13|   ap_memory|      void_UpConv_Fused_Row_Bench_ap_uint_ap_uint_const_ap_uint_const_ap_uint_const_4|         array|
|void_UpConv_Fused_Row_Bench_ap_uint_ap_uint_const_ap_uint_const_ap_uint_const_4_ce1           |  out|    1|   ap_memory|      void_UpConv_Fused_Row_Bench_ap_uint_ap_uint_const_ap_uint_const_ap_uint_const_4|         array|
|void_UpConv_Fused_Row_Bench_ap_uint_ap_uint_const_ap_uint_const_ap_uint_const_4_q1            |   in|   16|   ap_memory|      void_UpConv_Fused_Row_Bench_ap_uint_ap_uint_const_ap_uint_const_ap_uint_const_4|         array|
|void_UpConv_Fused_Row_Bench_ap_uint_ap_uint_const_ap_uint_const_ap_uint_const_3_address0      |  out|   13|   ap_memory|      void_UpConv_Fused_Row_Bench_ap_uint_ap_uint_const_ap_uint_const_ap_uint_const_3|         array|
|void_UpConv_Fused_Row_Bench_ap_uint_ap_uint_const_ap_uint_const_ap_uint_const_3_ce0           |  out|    1|   ap_memory|      void_UpConv_Fused_Row_Bench_ap_uint_ap_uint_const_ap_uint_const_ap_uint_const_3|         array|
|void_UpConv_Fused_Row_Bench_ap_uint_ap_uint_const_ap_uint_const_ap_uint_const_3_we0           |  out|    1|   ap_memory|      void_UpConv_Fused_Row_Bench_ap_uint_ap_uint_const_ap_uint_const_ap_uint_const_3|         array|
|void_UpConv_Fused_Row_Bench_ap_uint_ap_uint_const_ap_uint_const_ap_uint_const_3_d0            |  out|   16|   ap_memory|      void_UpConv_Fused_Row_Bench_ap_uint_ap_uint_const_ap_uint_const_ap_uint_const_3|         array|
|void_UpConv_Fused_Row_Bench_ap_uint_ap_uint_const_ap_uint_const_ap_uint_const_3_address1      |  out|   13|   ap_memory|      void_UpConv_Fused_Row_Bench_ap_uint_ap_uint_const_ap_uint_const_ap_uint_const_3|         array|
|void_UpConv_Fused_Row_Bench_ap_uint_ap_uint_const_ap_uint_const_ap_uint_const_3_ce1           |  out|    1|   ap_memory|      void_UpConv_Fused_Row_Bench_ap_uint_ap_uint_const_ap_uint_const_ap_uint_const_3|         array|
|void_UpConv_Fused_Row_Bench_ap_uint_ap_uint_const_ap_uint_const_ap_uint_const_3_q1            |   in|   16|   ap_memory|      void_UpConv_Fused_Row_Bench_ap_uint_ap_uint_const_ap_uint_const_ap_uint_const_3|         array|
|void_UpConv_Fused_Row_Bench_ap_uint_ap_uint_const_ap_uint_const_ap_uint_const_2_address0      |  out|   13|   ap_memory|      void_UpConv_Fused_Row_Bench_ap_uint_ap_uint_const_ap_uint_const_ap_uint_const_2|         array|
|void_UpConv_Fused_Row_Bench_ap_uint_ap_uint_const_ap_uint_const_ap_uint_const_2_ce0           |  out|    1|   ap_memory|      void_UpConv_Fused_Row_Bench_ap_uint_ap_uint_const_ap_uint_const_ap_uint_const_2|         array|
|void_UpConv_Fused_Row_Bench_ap_uint_ap_uint_const_ap_uint_const_ap_uint_const_2_we0           |  out|    1|   ap_memory|      void_UpConv_Fused_Row_Bench_ap_uint_ap_uint_const_ap_uint_const_ap_uint_const_2|         array|
|void_UpConv_Fused_Row_Bench_ap_uint_ap_uint_const_ap_uint_const_ap_uint_const_2_d0            |  out|   16|   ap_memory|      void_UpConv_Fused_Row_Bench_ap_uint_ap_uint_const_ap_uint_const_ap_uint_const_2|         array|
|void_UpConv_Fused_Row_Bench_ap_uint_ap_uint_const_ap_uint_const_ap_uint_const_2_address1      |  out|   13|   ap_memory|      void_UpConv_Fused_Row_Bench_ap_uint_ap_uint_const_ap_uint_const_ap_uint_const_2|         array|
|void_UpConv_Fused_Row_Bench_ap_uint_ap_uint_const_ap_uint_const_ap_uint_const_2_ce1           |  out|    1|   ap_memory|      void_UpConv_Fused_Row_Bench_ap_uint_ap_uint_const_ap_uint_const_ap_uint_const_2|         array|
|void_UpConv_Fused_Row_Bench_ap_uint_ap_uint_const_ap_uint_const_ap_uint_const_2_q1            |   in|   16|   ap_memory|      void_UpConv_Fused_Row_Bench_ap_uint_ap_uint_const_ap_uint_const_ap_uint_const_2|         array|
|void_UpConv_Fused_Row_Bench_ap_uint_ap_uint_const_ap_uint_const_ap_uint_const_1_address0      |  out|   13|   ap_memory|      void_UpConv_Fused_Row_Bench_ap_uint_ap_uint_const_ap_uint_const_ap_uint_const_1|         array|
|void_UpConv_Fused_Row_Bench_ap_uint_ap_uint_const_ap_uint_const_ap_uint_const_1_ce0           |  out|    1|   ap_memory|      void_UpConv_Fused_Row_Bench_ap_uint_ap_uint_const_ap_uint_const_ap_uint_const_1|         array|
|void_UpConv_Fused_Row_Bench_ap_uint_ap_uint_const_ap_uint_const_ap_uint_const_1_we0           |  out|    1|   ap_memory|      void_UpConv_Fused_Row_Bench_ap_uint_ap_uint_const_ap_uint_const_ap_uint_const_1|         array|
|void_UpConv_Fused_Row_Bench_ap_uint_ap_uint_const_ap_uint_const_ap_uint_const_1_d0            |  out|   16|   ap_memory|      void_UpConv_Fused_Row_Bench_ap_uint_ap_uint_const_ap_uint_const_ap_uint_const_1|         array|
|void_UpConv_Fused_Row_Bench_ap_uint_ap_uint_const_ap_uint_const_ap_uint_const_1_address1      |  out|   13|   ap_memory|      void_UpConv_Fused_Row_Bench_ap_uint_ap_uint_const_ap_uint_const_ap_uint_const_1|         array|
|void_UpConv_Fused_Row_Bench_ap_uint_ap_uint_const_ap_uint_const_ap_uint_const_1_ce1           |  out|    1|   ap_memory|      void_UpConv_Fused_Row_Bench_ap_uint_ap_uint_const_ap_uint_const_ap_uint_const_1|         array|
|void_UpConv_Fused_Row_Bench_ap_uint_ap_uint_const_ap_uint_const_ap_uint_const_1_q1            |   in|   16|   ap_memory|      void_UpConv_Fused_Row_Bench_ap_uint_ap_uint_const_ap_uint_const_ap_uint_const_1|         array|
|void_UpConv_Fused_Row_Bench_ap_uint_ap_uint_const_ap_uint_const_ap_uint_const_address0        |  out|   13|   ap_memory|        void_UpConv_Fused_Row_Bench_ap_uint_ap_uint_const_ap_uint_const_ap_uint_const|         array|
|void_UpConv_Fused_Row_Bench_ap_uint_ap_uint_const_ap_uint_const_ap_uint_const_ce0             |  out|    1|   ap_memory|        void_UpConv_Fused_Row_Bench_ap_uint_ap_uint_const_ap_uint_const_ap_uint_const|         array|
|void_UpConv_Fused_Row_Bench_ap_uint_ap_uint_const_ap_uint_const_ap_uint_const_we0             |  out|    1|   ap_memory|        void_UpConv_Fused_Row_Bench_ap_uint_ap_uint_const_ap_uint_const_ap_uint_const|         array|
|void_UpConv_Fused_Row_Bench_ap_uint_ap_uint_const_ap_uint_const_ap_uint_const_d0              |  out|   16|   ap_memory|        void_UpConv_Fused_Row_Bench_ap_uint_ap_uint_const_ap_uint_const_ap_uint_const|         array|
|void_UpConv_Fused_Row_Bench_ap_uint_ap_uint_const_ap_uint_const_ap_uint_const_address1        |  out|   13|   ap_memory|        void_UpConv_Fused_Row_Bench_ap_uint_ap_uint_const_ap_uint_const_ap_uint_const|         array|
|void_UpConv_Fused_Row_Bench_ap_uint_ap_uint_const_ap_uint_const_ap_uint_const_ce1             |  out|    1|   ap_memory|        void_UpConv_Fused_Row_Bench_ap_uint_ap_uint_const_ap_uint_const_ap_uint_const|         array|
|void_UpConv_Fused_Row_Bench_ap_uint_ap_uint_const_ap_uint_const_ap_uint_const_q1              |   in|   16|   ap_memory|        void_UpConv_Fused_Row_Bench_ap_uint_ap_uint_const_ap_uint_const_ap_uint_const|         array|
|p_ZZ22UpConv_Fused_Row_BenchILi8EEvP7ap_uintILi256EEPKS1_S4_S4_S4_S2_DhiiiiiE7row_5_address0  |  out|   13|   ap_memory|  p_ZZ22UpConv_Fused_Row_BenchILi8EEvP7ap_uintILi256EEPKS1_S4_S4_S4_S2_DhiiiiiE7row_5|         array|
|p_ZZ22UpConv_Fused_Row_BenchILi8EEvP7ap_uintILi256EEPKS1_S4_S4_S4_S2_DhiiiiiE7row_5_ce0       |  out|    1|   ap_memory|  p_ZZ22UpConv_Fused_Row_BenchILi8EEvP7ap_uintILi256EEPKS1_S4_S4_S4_S2_DhiiiiiE7row_5|         array|
|p_ZZ22UpConv_Fused_Row_BenchILi8EEvP7ap_uintILi256EEPKS1_S4_S4_S4_S2_DhiiiiiE7row_5_we0       |  out|    1|   ap_memory|  p_ZZ22UpConv_Fused_Row_BenchILi8EEvP7ap_uintILi256EEPKS1_S4_S4_S4_S2_DhiiiiiE7row_5|         array|
|p_ZZ22UpConv_Fused_Row_BenchILi8EEvP7ap_uintILi256EEPKS1_S4_S4_S4_S2_DhiiiiiE7row_5_d0        |  out|   16|   ap_memory|  p_ZZ22UpConv_Fused_Row_BenchILi8EEvP7ap_uintILi256EEPKS1_S4_S4_S4_S2_DhiiiiiE7row_5|         array|
|p_ZZ22UpConv_Fused_Row_BenchILi8EEvP7ap_uintILi256EEPKS1_S4_S4_S4_S2_DhiiiiiE7row_5_address1  |  out|   13|   ap_memory|  p_ZZ22UpConv_Fused_Row_BenchILi8EEvP7ap_uintILi256EEPKS1_S4_S4_S4_S2_DhiiiiiE7row_5|         array|
|p_ZZ22UpConv_Fused_Row_BenchILi8EEvP7ap_uintILi256EEPKS1_S4_S4_S4_S2_DhiiiiiE7row_5_ce1       |  out|    1|   ap_memory|  p_ZZ22UpConv_Fused_Row_BenchILi8EEvP7ap_uintILi256EEPKS1_S4_S4_S4_S2_DhiiiiiE7row_5|         array|
|p_ZZ22UpConv_Fused_Row_BenchILi8EEvP7ap_uintILi256EEPKS1_S4_S4_S4_S2_DhiiiiiE7row_5_q1        |   in|   16|   ap_memory|  p_ZZ22UpConv_Fused_Row_BenchILi8EEvP7ap_uintILi256EEPKS1_S4_S4_S4_S2_DhiiiiiE7row_5|         array|
|p_ZZ22UpConv_Fused_Row_BenchILi8EEvP7ap_uintILi256EEPKS1_S4_S4_S4_S2_DhiiiiiE7row_4_address0  |  out|   13|   ap_memory|  p_ZZ22UpConv_Fused_Row_BenchILi8EEvP7ap_uintILi256EEPKS1_S4_S4_S4_S2_DhiiiiiE7row_4|         array|
|p_ZZ22UpConv_Fused_Row_BenchILi8EEvP7ap_uintILi256EEPKS1_S4_S4_S4_S2_DhiiiiiE7row_4_ce0       |  out|    1|   ap_memory|  p_ZZ22UpConv_Fused_Row_BenchILi8EEvP7ap_uintILi256EEPKS1_S4_S4_S4_S2_DhiiiiiE7row_4|         array|
|p_ZZ22UpConv_Fused_Row_BenchILi8EEvP7ap_uintILi256EEPKS1_S4_S4_S4_S2_DhiiiiiE7row_4_we0       |  out|    1|   ap_memory|  p_ZZ22UpConv_Fused_Row_BenchILi8EEvP7ap_uintILi256EEPKS1_S4_S4_S4_S2_DhiiiiiE7row_4|         array|
|p_ZZ22UpConv_Fused_Row_BenchILi8EEvP7ap_uintILi256EEPKS1_S4_S4_S4_S2_DhiiiiiE7row_4_d0        |  out|   16|   ap_memory|  p_ZZ22UpConv_Fused_Row_BenchILi8EEvP7ap_uintILi256EEPKS1_S4_S4_S4_S2_DhiiiiiE7row_4|         array|
|p_ZZ22UpConv_Fused_Row_BenchILi8EEvP7ap_uintILi256EEPKS1_S4_S4_S4_S2_DhiiiiiE7row_4_address1  |  out|   13|   ap_memory|  p_ZZ22UpConv_Fused_Row_BenchILi8EEvP7ap_uintILi256EEPKS1_S4_S4_S4_S2_DhiiiiiE7row_4|         array|
|p_ZZ22UpConv_Fused_Row_BenchILi8EEvP7ap_uintILi256EEPKS1_S4_S4_S4_S2_DhiiiiiE7row_4_ce1       |  out|    1|   ap_memory|  p_ZZ22UpConv_Fused_Row_BenchILi8EEvP7ap_uintILi256EEPKS1_S4_S4_S4_S2_DhiiiiiE7row_4|         array|
|p_ZZ22UpConv_Fused_Row_BenchILi8EEvP7ap_uintILi256EEPKS1_S4_S4_S4_S2_DhiiiiiE7row_4_q1        |   in|   16|   ap_memory|  p_ZZ22UpConv_Fused_Row_BenchILi8EEvP7ap_uintILi256EEPKS1_S4_S4_S4_S2_DhiiiiiE7row_4|         array|
|p_ZZ22UpConv_Fused_Row_BenchILi8EEvP7ap_uintILi256EEPKS1_S4_S4_S4_S2_DhiiiiiE7row_3_address0  |  out|   13|   ap_memory|  p_ZZ22UpConv_Fused_Row_BenchILi8EEvP7ap_uintILi256EEPKS1_S4_S4_S4_S2_DhiiiiiE7row_3|         array|
|p_ZZ22UpConv_Fused_Row_BenchILi8EEvP7ap_uintILi256EEPKS1_S4_S4_S4_S2_DhiiiiiE7row_3_ce0       |  out|    1|   ap_memory|  p_ZZ22UpConv_Fused_Row_BenchILi8EEvP7ap_uintILi256EEPKS1_S4_S4_S4_S2_DhiiiiiE7row_3|         array|
|p_ZZ22UpConv_Fused_Row_BenchILi8EEvP7ap_uintILi256EEPKS1_S4_S4_S4_S2_DhiiiiiE7row_3_we0       |  out|    1|   ap_memory|  p_ZZ22UpConv_Fused_Row_BenchILi8EEvP7ap_uintILi256EEPKS1_S4_S4_S4_S2_DhiiiiiE7row_3|         array|
|p_ZZ22UpConv_Fused_Row_BenchILi8EEvP7ap_uintILi256EEPKS1_S4_S4_S4_S2_DhiiiiiE7row_3_d0        |  out|   16|   ap_memory|  p_ZZ22UpConv_Fused_Row_BenchILi8EEvP7ap_uintILi256EEPKS1_S4_S4_S4_S2_DhiiiiiE7row_3|         array|
|p_ZZ22UpConv_Fused_Row_BenchILi8EEvP7ap_uintILi256EEPKS1_S4_S4_S4_S2_DhiiiiiE7row_3_address1  |  out|   13|   ap_memory|  p_ZZ22UpConv_Fused_Row_BenchILi8EEvP7ap_uintILi256EEPKS1_S4_S4_S4_S2_DhiiiiiE7row_3|         array|
|p_ZZ22UpConv_Fused_Row_BenchILi8EEvP7ap_uintILi256EEPKS1_S4_S4_S4_S2_DhiiiiiE7row_3_ce1       |  out|    1|   ap_memory|  p_ZZ22UpConv_Fused_Row_BenchILi8EEvP7ap_uintILi256EEPKS1_S4_S4_S4_S2_DhiiiiiE7row_3|         array|
|p_ZZ22UpConv_Fused_Row_BenchILi8EEvP7ap_uintILi256EEPKS1_S4_S4_S4_S2_DhiiiiiE7row_3_q1        |   in|   16|   ap_memory|  p_ZZ22UpConv_Fused_Row_BenchILi8EEvP7ap_uintILi256EEPKS1_S4_S4_S4_S2_DhiiiiiE7row_3|         array|
|p_ZZ22UpConv_Fused_Row_BenchILi8EEvP7ap_uintILi256EEPKS1_S4_S4_S4_S2_DhiiiiiE7row_2_address0  |  out|   13|   ap_memory|  p_ZZ22UpConv_Fused_Row_BenchILi8EEvP7ap_uintILi256EEPKS1_S4_S4_S4_S2_DhiiiiiE7row_2|         array|
|p_ZZ22UpConv_Fused_Row_BenchILi8EEvP7ap_uintILi256EEPKS1_S4_S4_S4_S2_DhiiiiiE7row_2_ce0       |  out|    1|   ap_memory|  p_ZZ22UpConv_Fused_Row_BenchILi8EEvP7ap_uintILi256EEPKS1_S4_S4_S4_S2_DhiiiiiE7row_2|         array|
|p_ZZ22UpConv_Fused_Row_BenchILi8EEvP7ap_uintILi256EEPKS1_S4_S4_S4_S2_DhiiiiiE7row_2_we0       |  out|    1|   ap_memory|  p_ZZ22UpConv_Fused_Row_BenchILi8EEvP7ap_uintILi256EEPKS1_S4_S4_S4_S2_DhiiiiiE7row_2|         array|
|p_ZZ22UpConv_Fused_Row_BenchILi8EEvP7ap_uintILi256EEPKS1_S4_S4_S4_S2_DhiiiiiE7row_2_d0        |  out|   16|   ap_memory|  p_ZZ22UpConv_Fused_Row_BenchILi8EEvP7ap_uintILi256EEPKS1_S4_S4_S4_S2_DhiiiiiE7row_2|         array|
|p_ZZ22UpConv_Fused_Row_BenchILi8EEvP7ap_uintILi256EEPKS1_S4_S4_S4_S2_DhiiiiiE7row_2_address1  |  out|   13|   ap_memory|  p_ZZ22UpConv_Fused_Row_BenchILi8EEvP7ap_uintILi256EEPKS1_S4_S4_S4_S2_DhiiiiiE7row_2|         array|
|p_ZZ22UpConv_Fused_Row_BenchILi8EEvP7ap_uintILi256EEPKS1_S4_S4_S4_S2_DhiiiiiE7row_2_ce1       |  out|    1|   ap_memory|  p_ZZ22UpConv_Fused_Row_BenchILi8EEvP7ap_uintILi256EEPKS1_S4_S4_S4_S2_DhiiiiiE7row_2|         array|
|p_ZZ22UpConv_Fused_Row_BenchILi8EEvP7ap_uintILi256EEPKS1_S4_S4_S4_S2_DhiiiiiE7row_2_q1        |   in|   16|   ap_memory|  p_ZZ22UpConv_Fused_Row_BenchILi8EEvP7ap_uintILi256EEPKS1_S4_S4_S4_S2_DhiiiiiE7row_2|         array|
|p_ZZ22UpConv_Fused_Row_BenchILi8EEvP7ap_uintILi256EEPKS1_S4_S4_S4_S2_DhiiiiiE7row_1_address0  |  out|   13|   ap_memory|  p_ZZ22UpConv_Fused_Row_BenchILi8EEvP7ap_uintILi256EEPKS1_S4_S4_S4_S2_DhiiiiiE7row_1|         array|
|p_ZZ22UpConv_Fused_Row_BenchILi8EEvP7ap_uintILi256EEPKS1_S4_S4_S4_S2_DhiiiiiE7row_1_ce0       |  out|    1|   ap_memory|  p_ZZ22UpConv_Fused_Row_BenchILi8EEvP7ap_uintILi256EEPKS1_S4_S4_S4_S2_DhiiiiiE7row_1|         array|
|p_ZZ22UpConv_Fused_Row_BenchILi8EEvP7ap_uintILi256EEPKS1_S4_S4_S4_S2_DhiiiiiE7row_1_we0       |  out|    1|   ap_memory|  p_ZZ22UpConv_Fused_Row_BenchILi8EEvP7ap_uintILi256EEPKS1_S4_S4_S4_S2_DhiiiiiE7row_1|         array|
|p_ZZ22UpConv_Fused_Row_BenchILi8EEvP7ap_uintILi256EEPKS1_S4_S4_S4_S2_DhiiiiiE7row_1_d0        |  out|   16|   ap_memory|  p_ZZ22UpConv_Fused_Row_BenchILi8EEvP7ap_uintILi256EEPKS1_S4_S4_S4_S2_DhiiiiiE7row_1|         array|
|p_ZZ22UpConv_Fused_Row_BenchILi8EEvP7ap_uintILi256EEPKS1_S4_S4_S4_S2_DhiiiiiE7row_1_address1  |  out|   13|   ap_memory|  p_ZZ22UpConv_Fused_Row_BenchILi8EEvP7ap_uintILi256EEPKS1_S4_S4_S4_S2_DhiiiiiE7row_1|         array|
|p_ZZ22UpConv_Fused_Row_BenchILi8EEvP7ap_uintILi256EEPKS1_S4_S4_S4_S2_DhiiiiiE7row_1_ce1       |  out|    1|   ap_memory|  p_ZZ22UpConv_Fused_Row_BenchILi8EEvP7ap_uintILi256EEPKS1_S4_S4_S4_S2_DhiiiiiE7row_1|         array|
|p_ZZ22UpConv_Fused_Row_BenchILi8EEvP7ap_uintILi256EEPKS1_S4_S4_S4_S2_DhiiiiiE7row_1_q1        |   in|   16|   ap_memory|  p_ZZ22UpConv_Fused_Row_BenchILi8EEvP7ap_uintILi256EEPKS1_S4_S4_S4_S2_DhiiiiiE7row_1|         array|
|p_ZZ22UpConv_Fused_Row_BenchILi8EEvP7ap_uintILi256EEPKS1_S4_S4_S4_S2_DhiiiiiE7row_address0    |  out|   13|   ap_memory|    p_ZZ22UpConv_Fused_Row_BenchILi8EEvP7ap_uintILi256EEPKS1_S4_S4_S4_S2_DhiiiiiE7row|         array|
|p_ZZ22UpConv_Fused_Row_BenchILi8EEvP7ap_uintILi256EEPKS1_S4_S4_S4_S2_DhiiiiiE7row_ce0         |  out|    1|   ap_memory|    p_ZZ22UpConv_Fused_Row_BenchILi8EEvP7ap_uintILi256EEPKS1_S4_S4_S4_S2_DhiiiiiE7row|         array|
|p_ZZ22UpConv_Fused_Row_BenchILi8EEvP7ap_uintILi256EEPKS1_S4_S4_S4_S2_DhiiiiiE7row_we0         |  out|    1|   ap_memory|    p_ZZ22UpConv_Fused_Row_BenchILi8EEvP7ap_uintILi256EEPKS1_S4_S4_S4_S2_DhiiiiiE7row|         array|
|p_ZZ22UpConv_Fused_Row_BenchILi8EEvP7ap_uintILi256EEPKS1_S4_S4_S4_S2_DhiiiiiE7row_d0          |  out|   16|   ap_memory|    p_ZZ22UpConv_Fused_Row_BenchILi8EEvP7ap_uintILi256EEPKS1_S4_S4_S4_S2_DhiiiiiE7row|         array|
|p_ZZ22UpConv_Fused_Row_BenchILi8EEvP7ap_uintILi256EEPKS1_S4_S4_S4_S2_DhiiiiiE7row_address1    |  out|   13|   ap_memory|    p_ZZ22UpConv_Fused_Row_BenchILi8EEvP7ap_uintILi256EEPKS1_S4_S4_S4_S2_DhiiiiiE7row|         array|
|p_ZZ22UpConv_Fused_Row_BenchILi8EEvP7ap_uintILi256EEPKS1_S4_S4_S4_S2_DhiiiiiE7row_ce1         |  out|    1|   ap_memory|    p_ZZ22UpConv_Fused_Row_BenchILi8EEvP7ap_uintILi256EEPKS1_S4_S4_S4_S2_DhiiiiiE7row|         array|
|p_ZZ22UpConv_Fused_Row_BenchILi8EEvP7ap_uintILi256EEPKS1_S4_S4_S4_S2_DhiiiiiE7row_q1          |   in|   16|   ap_memory|    p_ZZ22UpConv_Fused_Row_BenchILi8EEvP7ap_uintILi256EEPKS1_S4_S4_S4_S2_DhiiiiiE7row|         array|
+----------------------------------------------------------------------------------------------+-----+-----+------------+-------------------------------------------------------------------------------------+--------------+

