

================================================================
== Vitis HLS Report for 'Fused_Conv_CNorm_Act_16_960_960_half_Pipeline_PASS_B_CHANNEL_NORM'
================================================================
* Date:           Sat Jul  4 22:05:05 2026

* Version:        2025.2 (Build 6295257 on Nov 14 2025)
* Project:        prj
* Solution:       solution1 (Vitis Kernel Flow Target)
* Product family: zynquplus
* Target device:  xczu7ev-ffvc1156-2-e


================================================================
== Performance Estimates
================================================================
+ Timing: 
    * Summary: 
    +--------+---------+----------+------------+
    |  Clock |  Target | Estimated| Uncertainty|
    +--------+---------+----------+------------+
    |ap_clk  |  3.33 ns|  2.433 ns|     0.90 ns|
    +--------+---------+----------+------------+

+ Latency: 
    * Summary: 
    +---------+---------+----------+----------+-----+-----+-------------------+
    |  Latency (cycles) |  Latency (absolute) |  Interval |      Pipeline     |
    |   min   |   max   |    min   |    max   | min | max |        Type       |
    +---------+---------+----------+----------+-----+-----+-------------------+
    |     1033|     1033|  3.443 us|  3.443 us|    0|    0|  loop pipeline stp|
    +---------+---------+----------+----------+-----+-----+-------------------+

    + Detail: 
        * Instance: 
        N/A

        * Loop: 
        +-----------------------+---------+---------+----------+-----------+-----------+------+----------+
        |                       |  Latency (cycles) | Iteration|  Initiation Interval  | Trip |          |
        |       Loop Name       |   min   |   max   |  Latency |  achieved |   target  | Count| Pipelined|
        +-----------------------+---------+---------+----------+-----------+-----------+------+----------+
        |- PASS_B_CHANNEL_NORM  |     1031|     1031|        73|          1|          1|   960|       yes|
        +-----------------------+---------+---------+----------+-----------+-----------+------+----------+



================================================================
== Utilization Estimates
================================================================
* Summary: 
+-----------------+---------+------+--------+--------+-----+
|       Name      | BRAM_18K|  DSP |   FF   |   LUT  | URAM|
+-----------------+---------+------+--------+--------+-----+
|DSP              |        -|     -|       -|       -|    -|
|Expression       |        -|     -|       0|     269|    -|
|FIFO             |        -|     -|       -|       -|    -|
|Instance         |        -|     -|       -|       -|    -|
|Memory           |        -|     -|       -|       -|    -|
|Multiplexer      |        -|     -|       0|      99|    -|
|Register         |        -|     -|     637|      64|    -|
+-----------------+---------+------+--------+--------+-----+
|Total            |        0|     0|     637|     432|    0|
+-----------------+---------+------+--------+--------+-----+
|Available        |      624|  1728|  460800|  230400|   96|
+-----------------+---------+------+--------+--------+-----+
|Utilization (%)  |        0|     0|      ~0|      ~0|    0|
+-----------------+---------+------+--------+--------+-----+

+ Detail: 
    * Instance: 
    N/A

    * DSP: 
    N/A

    * Memory: 
    N/A

    * FIFO: 
    N/A

    * Expression: 
    +-----------------------------------------+----------+----+---+----+------------+------------+
    |              Variable Name              | Operation| DSP| FF| LUT| Bitwidth P0| Bitwidth P1|
    +-----------------------------------------+----------+----+---+----+------------+------------+
    |add_ln386_1_fu_447_p2                    |         +|   0|  0|  17|          10|           1|
    |add_ln386_fu_501_p2                      |         +|   0|  0|  12|           5|           1|
    |add_ln396_1_fu_575_p2                    |         +|   0|  0|  17|          10|           5|
    |add_ln396_2_fu_465_p2                    |         +|   0|  0|  13|           6|           1|
    |add_ln396_fu_639_p2                      |         +|   0|  0|  71|          64|          64|
    |add_ln406_fu_569_p2                      |         +|   0|  0|  18|          10|          10|
    |sub_ln394_fu_611_p2                      |         -|   0|  0|  25|          18|          18|
    |sub_ln397_fu_549_p2                      |         -|   0|  0|  18|          10|          10|
    |ap_block_pp0_stage0_01001_grp1           |       and|   0|  0|   2|           1|           1|
    |ap_block_state4_io_grp1                  |       and|   0|  0|   2|           1|           1|
    |ap_block_state73_pp0_stage0_iter72_grp1  |       and|   0|  0|   2|           1|           1|
    |ap_condition_1208                        |       and|   0|  0|   2|           1|           1|
    |icmp_ln386_fu_441_p2                     |      icmp|   0|  0|  17|          10|           8|
    |icmp_ln396_1_fu_479_p2                   |      icmp|   0|  0|  13|           6|           4|
    |icmp_ln396_fu_453_p2                     |      icmp|   0|  0|  13|           6|           4|
    |ap_block_pp0_stage0_11001                |        or|   0|  0|   2|           1|           1|
    |or_ln51_fu_459_p2                        |        or|   0|  0|   2|           1|           1|
    |select_ln386_fu_514_p3                   |    select|   0|  0|   5|           1|           5|
    |select_ln396_fu_471_p3                   |    select|   0|  0|   6|           1|           1|
    |select_ln51_fu_507_p3                    |    select|   0|  0|  10|           1|           1|
    |ap_enable_pp0                            |       xor|   0|  0|   2|           1|           2|
    +-----------------------------------------+----------+----+---+----+------------+------------+
    |Total                                    |          |   0|  0| 269|         165|         141|
    +-----------------------------------------+----------+----+---+----+------------+------------+

    * Multiplexer: 
    +---------------------------------------+----+-----------+-----+-----------+
    |                  Name                 | LUT| Input Size| Bits| Total Bits|
    +---------------------------------------+----+-----------+-----+-----------+
    |ap_done_int                            |   9|          2|    1|          2|
    |ap_enable_reg_pp0_iter1                |   9|          2|    1|          2|
    |ap_sig_allocacmp_indvar138_i_load      |   9|          2|    6|         12|
    |ap_sig_allocacmp_indvar_flatten6_load  |   9|          2|   10|         20|
    |co_fu_148                              |   9|          2|   10|         20|
    |gmem_out_blk_n_AW                      |   9|          2|    1|          2|
    |gmem_out_blk_n_B                       |   9|          2|    1|          2|
    |gmem_out_blk_n_W                       |   9|          2|    1|          2|
    |indvar138_i_fu_152                     |   9|          2|    6|         12|
    |indvar_flatten6_fu_160                 |   9|          2|   10|         20|
    |pe_fu_156                              |   9|          2|    5|         10|
    +---------------------------------------+----+-----------+-----+-----------+
    |Total                                  |  99|         22|   52|        104|
    +---------------------------------------+----+-----------+-----+-----------+

    * Register: 
    +-----------------------------------+----+----+-----+-----------+
    |                Name               | FF | LUT| Bits| Const Bits|
    +-----------------------------------+----+----+-----+-----------+
    |add_ln406_reg_831                  |  10|   0|   10|          0|
    |ap_CS_fsm                          |   1|   0|    1|          0|
    |ap_done_reg                        |   1|   0|    1|          0|
    |ap_enable_reg_pp0_iter1            |   1|   0|    1|          0|
    |ap_enable_reg_pp0_iter10           |   1|   0|    1|          0|
    |ap_enable_reg_pp0_iter11           |   1|   0|    1|          0|
    |ap_enable_reg_pp0_iter12           |   1|   0|    1|          0|
    |ap_enable_reg_pp0_iter13           |   1|   0|    1|          0|
    |ap_enable_reg_pp0_iter14           |   1|   0|    1|          0|
    |ap_enable_reg_pp0_iter15           |   1|   0|    1|          0|
    |ap_enable_reg_pp0_iter16           |   1|   0|    1|          0|
    |ap_enable_reg_pp0_iter17           |   1|   0|    1|          0|
    |ap_enable_reg_pp0_iter18           |   1|   0|    1|          0|
    |ap_enable_reg_pp0_iter19           |   1|   0|    1|          0|
    |ap_enable_reg_pp0_iter2            |   1|   0|    1|          0|
    |ap_enable_reg_pp0_iter20           |   1|   0|    1|          0|
    |ap_enable_reg_pp0_iter21           |   1|   0|    1|          0|
    |ap_enable_reg_pp0_iter22           |   1|   0|    1|          0|
    |ap_enable_reg_pp0_iter23           |   1|   0|    1|          0|
    |ap_enable_reg_pp0_iter24           |   1|   0|    1|          0|
    |ap_enable_reg_pp0_iter25           |   1|   0|    1|          0|
    |ap_enable_reg_pp0_iter26           |   1|   0|    1|          0|
    |ap_enable_reg_pp0_iter27           |   1|   0|    1|          0|
    |ap_enable_reg_pp0_iter28           |   1|   0|    1|          0|
    |ap_enable_reg_pp0_iter29           |   1|   0|    1|          0|
    |ap_enable_reg_pp0_iter3            |   1|   0|    1|          0|
    |ap_enable_reg_pp0_iter30           |   1|   0|    1|          0|
    |ap_enable_reg_pp0_iter31           |   1|   0|    1|          0|
    |ap_enable_reg_pp0_iter32           |   1|   0|    1|          0|
    |ap_enable_reg_pp0_iter33           |   1|   0|    1|          0|
    |ap_enable_reg_pp0_iter34           |   1|   0|    1|          0|
    |ap_enable_reg_pp0_iter35           |   1|   0|    1|          0|
    |ap_enable_reg_pp0_iter36           |   1|   0|    1|          0|
    |ap_enable_reg_pp0_iter37           |   1|   0|    1|          0|
    |ap_enable_reg_pp0_iter38           |   1|   0|    1|          0|
    |ap_enable_reg_pp0_iter39           |   1|   0|    1|          0|
    |ap_enable_reg_pp0_iter4            |   1|   0|    1|          0|
    |ap_enable_reg_pp0_iter40           |   1|   0|    1|          0|
    |ap_enable_reg_pp0_iter41           |   1|   0|    1|          0|
    |ap_enable_reg_pp0_iter42           |   1|   0|    1|          0|
    |ap_enable_reg_pp0_iter43           |   1|   0|    1|          0|
    |ap_enable_reg_pp0_iter44           |   1|   0|    1|          0|
    |ap_enable_reg_pp0_iter45           |   1|   0|    1|          0|
    |ap_enable_reg_pp0_iter46           |   1|   0|    1|          0|
    |ap_enable_reg_pp0_iter47           |   1|   0|    1|          0|
    |ap_enable_reg_pp0_iter48           |   1|   0|    1|          0|
    |ap_enable_reg_pp0_iter49           |   1|   0|    1|          0|
    |ap_enable_reg_pp0_iter5            |   1|   0|    1|          0|
    |ap_enable_reg_pp0_iter50           |   1|   0|    1|          0|
    |ap_enable_reg_pp0_iter51           |   1|   0|    1|          0|
    |ap_enable_reg_pp0_iter52           |   1|   0|    1|          0|
    |ap_enable_reg_pp0_iter53           |   1|   0|    1|          0|
    |ap_enable_reg_pp0_iter54           |   1|   0|    1|          0|
    |ap_enable_reg_pp0_iter55           |   1|   0|    1|          0|
    |ap_enable_reg_pp0_iter56           |   1|   0|    1|          0|
    |ap_enable_reg_pp0_iter57           |   1|   0|    1|          0|
    |ap_enable_reg_pp0_iter58           |   1|   0|    1|          0|
    |ap_enable_reg_pp0_iter59           |   1|   0|    1|          0|
    |ap_enable_reg_pp0_iter6            |   1|   0|    1|          0|
    |ap_enable_reg_pp0_iter60           |   1|   0|    1|          0|
    |ap_enable_reg_pp0_iter61           |   1|   0|    1|          0|
    |ap_enable_reg_pp0_iter62           |   1|   0|    1|          0|
    |ap_enable_reg_pp0_iter63           |   1|   0|    1|          0|
    |ap_enable_reg_pp0_iter64           |   1|   0|    1|          0|
    |ap_enable_reg_pp0_iter65           |   1|   0|    1|          0|
    |ap_enable_reg_pp0_iter66           |   1|   0|    1|          0|
    |ap_enable_reg_pp0_iter67           |   1|   0|    1|          0|
    |ap_enable_reg_pp0_iter68           |   1|   0|    1|          0|
    |ap_enable_reg_pp0_iter69           |   1|   0|    1|          0|
    |ap_enable_reg_pp0_iter7            |   1|   0|    1|          0|
    |ap_enable_reg_pp0_iter70           |   1|   0|    1|          0|
    |ap_enable_reg_pp0_iter71           |   1|   0|    1|          0|
    |ap_enable_reg_pp0_iter72           |   1|   0|    1|          0|
    |ap_enable_reg_pp0_iter8            |   1|   0|    1|          0|
    |ap_enable_reg_pp0_iter9            |   1|   0|    1|          0|
    |ap_loop_exit_ready_pp0_iter10_reg  |   1|   0|    1|          0|
    |ap_loop_exit_ready_pp0_iter11_reg  |   1|   0|    1|          0|
    |ap_loop_exit_ready_pp0_iter12_reg  |   1|   0|    1|          0|
    |ap_loop_exit_ready_pp0_iter13_reg  |   1|   0|    1|          0|
    |ap_loop_exit_ready_pp0_iter14_reg  |   1|   0|    1|          0|
    |ap_loop_exit_ready_pp0_iter15_reg  |   1|   0|    1|          0|
    |ap_loop_exit_ready_pp0_iter16_reg  |   1|   0|    1|          0|
    |ap_loop_exit_ready_pp0_iter17_reg  |   1|   0|    1|          0|
    |ap_loop_exit_ready_pp0_iter18_reg  |   1|   0|    1|          0|
    |ap_loop_exit_ready_pp0_iter19_reg  |   1|   0|    1|          0|
    |ap_loop_exit_ready_pp0_iter1_reg   |   1|   0|    1|          0|
    |ap_loop_exit_ready_pp0_iter20_reg  |   1|   0|    1|          0|
    |ap_loop_exit_ready_pp0_iter21_reg  |   1|   0|    1|          0|
    |ap_loop_exit_ready_pp0_iter22_reg  |   1|   0|    1|          0|
    |ap_loop_exit_ready_pp0_iter23_reg  |   1|   0|    1|          0|
    |ap_loop_exit_ready_pp0_iter24_reg  |   1|   0|    1|          0|
    |ap_loop_exit_ready_pp0_iter25_reg  |   1|   0|    1|          0|
    |ap_loop_exit_ready_pp0_iter26_reg  |   1|   0|    1|          0|
    |ap_loop_exit_ready_pp0_iter27_reg  |   1|   0|    1|          0|
    |ap_loop_exit_ready_pp0_iter28_reg  |   1|   0|    1|          0|
    |ap_loop_exit_ready_pp0_iter29_reg  |   1|   0|    1|          0|
    |ap_loop_exit_ready_pp0_iter2_reg   |   1|   0|    1|          0|
    |ap_loop_exit_ready_pp0_iter30_reg  |   1|   0|    1|          0|
    |ap_loop_exit_ready_pp0_iter31_reg  |   1|   0|    1|          0|
    |ap_loop_exit_ready_pp0_iter32_reg  |   1|   0|    1|          0|
    |ap_loop_exit_ready_pp0_iter33_reg  |   1|   0|    1|          0|
    |ap_loop_exit_ready_pp0_iter34_reg  |   1|   0|    1|          0|
    |ap_loop_exit_ready_pp0_iter35_reg  |   1|   0|    1|          0|
    |ap_loop_exit_ready_pp0_iter36_reg  |   1|   0|    1|          0|
    |ap_loop_exit_ready_pp0_iter37_reg  |   1|   0|    1|          0|
    |ap_loop_exit_ready_pp0_iter38_reg  |   1|   0|    1|          0|
    |ap_loop_exit_ready_pp0_iter39_reg  |   1|   0|    1|          0|
    |ap_loop_exit_ready_pp0_iter3_reg   |   1|   0|    1|          0|
    |ap_loop_exit_ready_pp0_iter40_reg  |   1|   0|    1|          0|
    |ap_loop_exit_ready_pp0_iter41_reg  |   1|   0|    1|          0|
    |ap_loop_exit_ready_pp0_iter42_reg  |   1|   0|    1|          0|
    |ap_loop_exit_ready_pp0_iter43_reg  |   1|   0|    1|          0|
    |ap_loop_exit_ready_pp0_iter44_reg  |   1|   0|    1|          0|
    |ap_loop_exit_ready_pp0_iter45_reg  |   1|   0|    1|          0|
    |ap_loop_exit_ready_pp0_iter46_reg  |   1|   0|    1|          0|
    |ap_loop_exit_ready_pp0_iter47_reg  |   1|   0|    1|          0|
    |ap_loop_exit_ready_pp0_iter48_reg  |   1|   0|    1|          0|
    |ap_loop_exit_ready_pp0_iter49_reg  |   1|   0|    1|          0|
    |ap_loop_exit_ready_pp0_iter4_reg   |   1|   0|    1|          0|
    |ap_loop_exit_ready_pp0_iter50_reg  |   1|   0|    1|          0|
    |ap_loop_exit_ready_pp0_iter51_reg  |   1|   0|    1|          0|
    |ap_loop_exit_ready_pp0_iter52_reg  |   1|   0|    1|          0|
    |ap_loop_exit_ready_pp0_iter53_reg  |   1|   0|    1|          0|
    |ap_loop_exit_ready_pp0_iter54_reg  |   1|   0|    1|          0|
    |ap_loop_exit_ready_pp0_iter55_reg  |   1|   0|    1|          0|
    |ap_loop_exit_ready_pp0_iter56_reg  |   1|   0|    1|          0|
    |ap_loop_exit_ready_pp0_iter57_reg  |   1|   0|    1|          0|
    |ap_loop_exit_ready_pp0_iter58_reg  |   1|   0|    1|          0|
    |ap_loop_exit_ready_pp0_iter59_reg  |   1|   0|    1|          0|
    |ap_loop_exit_ready_pp0_iter5_reg   |   1|   0|    1|          0|
    |ap_loop_exit_ready_pp0_iter60_reg  |   1|   0|    1|          0|
    |ap_loop_exit_ready_pp0_iter61_reg  |   1|   0|    1|          0|
    |ap_loop_exit_ready_pp0_iter62_reg  |   1|   0|    1|          0|
    |ap_loop_exit_ready_pp0_iter63_reg  |   1|   0|    1|          0|
    |ap_loop_exit_ready_pp0_iter64_reg  |   1|   0|    1|          0|
    |ap_loop_exit_ready_pp0_iter65_reg  |   1|   0|    1|          0|
    |ap_loop_exit_ready_pp0_iter66_reg  |   1|   0|    1|          0|
    |ap_loop_exit_ready_pp0_iter67_reg  |   1|   0|    1|          0|
    |ap_loop_exit_ready_pp0_iter68_reg  |   1|   0|    1|          0|
    |ap_loop_exit_ready_pp0_iter69_reg  |   1|   0|    1|          0|
    |ap_loop_exit_ready_pp0_iter6_reg   |   1|   0|    1|          0|
    |ap_loop_exit_ready_pp0_iter70_reg  |   1|   0|    1|          0|
    |ap_loop_exit_ready_pp0_iter71_reg  |   1|   0|    1|          0|
    |ap_loop_exit_ready_pp0_iter7_reg   |   1|   0|    1|          0|
    |ap_loop_exit_ready_pp0_iter8_reg   |   1|   0|    1|          0|
    |ap_loop_exit_ready_pp0_iter9_reg   |   1|   0|    1|          0|
    |co_fu_148                          |  10|   0|   10|          0|
    |icmp_ln386_reg_807                 |   1|   0|    1|          0|
    |icmp_ln396_1_reg_821               |   1|   0|    1|          0|
    |icmp_ln396_reg_811                 |   1|   0|    1|          0|
    |indvar138_i_fu_152                 |   6|   0|    6|          0|
    |indvar_flatten6_fu_160             |  10|   0|   10|          0|
    |or_ln51_reg_817                    |   1|   0|    1|          0|
    |pe_fu_156                          |   5|   0|    5|          0|
    |trunc_ln394_reg_825                |   4|   0|    4|          0|
    |trunc_ln_reg_836                   |  59|   0|   59|          0|
    |yvT_10_reg_977                     |  16|   0|   16|          0|
    |yvT_11_reg_982                     |  16|   0|   16|          0|
    |yvT_12_reg_987                     |  16|   0|   16|          0|
    |yvT_13_reg_992                     |  16|   0|   16|          0|
    |yvT_14_reg_997                     |  16|   0|   16|          0|
    |yvT_15_reg_1002                    |  16|   0|   16|          0|
    |yvT_1_reg_932                      |  16|   0|   16|          0|
    |yvT_2_reg_937                      |  16|   0|   16|          0|
    |yvT_3_reg_942                      |  16|   0|   16|          0|
    |yvT_4_reg_947                      |  16|   0|   16|          0|
    |yvT_5_reg_952                      |  16|   0|   16|          0|
    |yvT_6_reg_957                      |  16|   0|   16|          0|
    |yvT_7_reg_962                      |  16|   0|   16|          0|
    |yvT_8_reg_967                      |  16|   0|   16|          0|
    |yvT_9_reg_972                      |  16|   0|   16|          0|
    |yvT_reg_927                        |  16|   0|   16|          0|
    |icmp_ln396_1_reg_821               |  64|  32|    1|          0|
    |or_ln51_reg_817                    |  64|  32|    1|          0|
    +-----------------------------------+----+----+-----+-----------+
    |Total                              | 637|  64|  511|          0|
    +-----------------------------------+----+----+-----+-----------+



================================================================
== Interface
================================================================
* Summary: 
+---------------------------+-----+-----+------------+-----------------------------------------------------------------------+--------------+
|         RTL Ports         | Dir | Bits|  Protocol  |                             Source Object                             |    C Type    |
+---------------------------+-----+-----+------------+-----------------------------------------------------------------------+--------------+
|ap_clk                     |   in|    1|  ap_ctrl_hs|  Fused_Conv_CNorm_Act<16, 960, 960, half>_Pipeline_PASS_B_CHANNEL_NORM|  return value|
|ap_rst                     |   in|    1|  ap_ctrl_hs|  Fused_Conv_CNorm_Act<16, 960, 960, half>_Pipeline_PASS_B_CHANNEL_NORM|  return value|
|ap_start                   |   in|    1|  ap_ctrl_hs|  Fused_Conv_CNorm_Act<16, 960, 960, half>_Pipeline_PASS_B_CHANNEL_NORM|  return value|
|ap_done                    |  out|    1|  ap_ctrl_hs|  Fused_Conv_CNorm_Act<16, 960, 960, half>_Pipeline_PASS_B_CHANNEL_NORM|  return value|
|ap_idle                    |  out|    1|  ap_ctrl_hs|  Fused_Conv_CNorm_Act<16, 960, 960, half>_Pipeline_PASS_B_CHANNEL_NORM|  return value|
|ap_ready                   |  out|    1|  ap_ctrl_hs|  Fused_Conv_CNorm_Act<16, 960, 960, half>_Pipeline_PASS_B_CHANNEL_NORM|  return value|
|m_axi_gmem_out_0_AWVALID   |  out|    1|       m_axi|                                                               gmem_out|       pointer|
|m_axi_gmem_out_0_AWREADY   |   in|    1|       m_axi|                                                               gmem_out|       pointer|
|m_axi_gmem_out_0_AWADDR    |  out|   64|       m_axi|                                                               gmem_out|       pointer|
|m_axi_gmem_out_0_AWID      |  out|    1|       m_axi|                                                               gmem_out|       pointer|
|m_axi_gmem_out_0_AWLEN     |  out|   32|       m_axi|                                                               gmem_out|       pointer|
|m_axi_gmem_out_0_AWSIZE    |  out|    3|       m_axi|                                                               gmem_out|       pointer|
|m_axi_gmem_out_0_AWBURST   |  out|    2|       m_axi|                                                               gmem_out|       pointer|
|m_axi_gmem_out_0_AWLOCK    |  out|    2|       m_axi|                                                               gmem_out|       pointer|
|m_axi_gmem_out_0_AWCACHE   |  out|    4|       m_axi|                                                               gmem_out|       pointer|
|m_axi_gmem_out_0_AWPROT    |  out|    3|       m_axi|                                                               gmem_out|       pointer|
|m_axi_gmem_out_0_AWQOS     |  out|    4|       m_axi|                                                               gmem_out|       pointer|
|m_axi_gmem_out_0_AWREGION  |  out|    4|       m_axi|                                                               gmem_out|       pointer|
|m_axi_gmem_out_0_AWUSER    |  out|    1|       m_axi|                                                               gmem_out|       pointer|
|m_axi_gmem_out_0_WVALID    |  out|    1|       m_axi|                                                               gmem_out|       pointer|
|m_axi_gmem_out_0_WREADY    |   in|    1|       m_axi|                                                               gmem_out|       pointer|
|m_axi_gmem_out_0_WDATA     |  out|  256|       m_axi|                                                               gmem_out|       pointer|
|m_axi_gmem_out_0_WSTRB     |  out|   32|       m_axi|                                                               gmem_out|       pointer|
|m_axi_gmem_out_0_WLAST     |  out|    1|       m_axi|                                                               gmem_out|       pointer|
|m_axi_gmem_out_0_WID       |  out|    1|       m_axi|                                                               gmem_out|       pointer|
|m_axi_gmem_out_0_WUSER     |  out|    1|       m_axi|                                                               gmem_out|       pointer|
|m_axi_gmem_out_0_ARVALID   |  out|    1|       m_axi|                                                               gmem_out|       pointer|
|m_axi_gmem_out_0_ARREADY   |   in|    1|       m_axi|                                                               gmem_out|       pointer|
|m_axi_gmem_out_0_ARADDR    |  out|   64|       m_axi|                                                               gmem_out|       pointer|
|m_axi_gmem_out_0_ARID      |  out|    1|       m_axi|                                                               gmem_out|       pointer|
|m_axi_gmem_out_0_ARLEN     |  out|   32|       m_axi|                                                               gmem_out|       pointer|
|m_axi_gmem_out_0_ARSIZE    |  out|    3|       m_axi|                                                               gmem_out|       pointer|
|m_axi_gmem_out_0_ARBURST   |  out|    2|       m_axi|                                                               gmem_out|       pointer|
|m_axi_gmem_out_0_ARLOCK    |  out|    2|       m_axi|                                                               gmem_out|       pointer|
|m_axi_gmem_out_0_ARCACHE   |  out|    4|       m_axi|                                                               gmem_out|       pointer|
|m_axi_gmem_out_0_ARPROT    |  out|    3|       m_axi|                                                               gmem_out|       pointer|
|m_axi_gmem_out_0_ARQOS     |  out|    4|       m_axi|                                                               gmem_out|       pointer|
|m_axi_gmem_out_0_ARREGION  |  out|    4|       m_axi|                                                               gmem_out|       pointer|
|m_axi_gmem_out_0_ARUSER    |  out|    1|       m_axi|                                                               gmem_out|       pointer|
|m_axi_gmem_out_0_RVALID    |   in|    1|       m_axi|                                                               gmem_out|       pointer|
|m_axi_gmem_out_0_RREADY    |  out|    1|       m_axi|                                                               gmem_out|       pointer|
|m_axi_gmem_out_0_RDATA     |   in|  256|       m_axi|                                                               gmem_out|       pointer|
|m_axi_gmem_out_0_RLAST     |   in|    1|       m_axi|                                                               gmem_out|       pointer|
|m_axi_gmem_out_0_RID       |   in|    1|       m_axi|                                                               gmem_out|       pointer|
|m_axi_gmem_out_0_RFIFONUM  |   in|    9|       m_axi|                                                               gmem_out|       pointer|
|m_axi_gmem_out_0_RUSER     |   in|    1|       m_axi|                                                               gmem_out|       pointer|
|m_axi_gmem_out_0_RRESP     |   in|    2|       m_axi|                                                               gmem_out|       pointer|
|m_axi_gmem_out_0_BVALID    |   in|    1|       m_axi|                                                               gmem_out|       pointer|
|m_axi_gmem_out_0_BREADY    |  out|    1|       m_axi|                                                               gmem_out|       pointer|
|m_axi_gmem_out_0_BRESP     |   in|    2|       m_axi|                                                               gmem_out|       pointer|
|m_axi_gmem_out_0_BID       |   in|    1|       m_axi|                                                               gmem_out|       pointer|
|m_axi_gmem_out_0_BUSER     |   in|    1|       m_axi|                                                               gmem_out|       pointer|
|y_cache_16_15_address0     |  out|   10|   ap_memory|                                                          y_cache_16_15|         array|
|y_cache_16_15_ce0          |  out|    1|   ap_memory|                                                          y_cache_16_15|         array|
|y_cache_16_15_q0           |   in|   16|   ap_memory|                                                          y_cache_16_15|         array|
|y_cache_16_14_address0     |  out|   10|   ap_memory|                                                          y_cache_16_14|         array|
|y_cache_16_14_ce0          |  out|    1|   ap_memory|                                                          y_cache_16_14|         array|
|y_cache_16_14_q0           |   in|   16|   ap_memory|                                                          y_cache_16_14|         array|
|y_cache_16_13_address0     |  out|   10|   ap_memory|                                                          y_cache_16_13|         array|
|y_cache_16_13_ce0          |  out|    1|   ap_memory|                                                          y_cache_16_13|         array|
|y_cache_16_13_q0           |   in|   16|   ap_memory|                                                          y_cache_16_13|         array|
|y_cache_16_12_address0     |  out|   10|   ap_memory|                                                          y_cache_16_12|         array|
|y_cache_16_12_ce0          |  out|    1|   ap_memory|                                                          y_cache_16_12|         array|
|y_cache_16_12_q0           |   in|   16|   ap_memory|                                                          y_cache_16_12|         array|
|y_cache_16_11_address0     |  out|   10|   ap_memory|                                                          y_cache_16_11|         array|
|y_cache_16_11_ce0          |  out|    1|   ap_memory|                                                          y_cache_16_11|         array|
|y_cache_16_11_q0           |   in|   16|   ap_memory|                                                          y_cache_16_11|         array|
|y_cache_16_10_address0     |  out|   10|   ap_memory|                                                          y_cache_16_10|         array|
|y_cache_16_10_ce0          |  out|    1|   ap_memory|                                                          y_cache_16_10|         array|
|y_cache_16_10_q0           |   in|   16|   ap_memory|                                                          y_cache_16_10|         array|
|y_cache_16_9_address0      |  out|   10|   ap_memory|                                                           y_cache_16_9|         array|
|y_cache_16_9_ce0           |  out|    1|   ap_memory|                                                           y_cache_16_9|         array|
|y_cache_16_9_q0            |   in|   16|   ap_memory|                                                           y_cache_16_9|         array|
|y_cache_16_8_address0      |  out|   10|   ap_memory|                                                           y_cache_16_8|         array|
|y_cache_16_8_ce0           |  out|    1|   ap_memory|                                                           y_cache_16_8|         array|
|y_cache_16_8_q0            |   in|   16|   ap_memory|                                                           y_cache_16_8|         array|
|y_cache_16_7_address0      |  out|   10|   ap_memory|                                                           y_cache_16_7|         array|
|y_cache_16_7_ce0           |  out|    1|   ap_memory|                                                           y_cache_16_7|         array|
|y_cache_16_7_q0            |   in|   16|   ap_memory|                                                           y_cache_16_7|         array|
|y_cache_16_6_address0      |  out|   10|   ap_memory|                                                           y_cache_16_6|         array|
|y_cache_16_6_ce0           |  out|    1|   ap_memory|                                                           y_cache_16_6|         array|
|y_cache_16_6_q0            |   in|   16|   ap_memory|                                                           y_cache_16_6|         array|
|y_cache_16_5_address0      |  out|   10|   ap_memory|                                                           y_cache_16_5|         array|
|y_cache_16_5_ce0           |  out|    1|   ap_memory|                                                           y_cache_16_5|         array|
|y_cache_16_5_q0            |   in|   16|   ap_memory|                                                           y_cache_16_5|         array|
|y_cache_16_4_address0      |  out|   10|   ap_memory|                                                           y_cache_16_4|         array|
|y_cache_16_4_ce0           |  out|    1|   ap_memory|                                                           y_cache_16_4|         array|
|y_cache_16_4_q0            |   in|   16|   ap_memory|                                                           y_cache_16_4|         array|
|y_cache_16_3_address0      |  out|   10|   ap_memory|                                                           y_cache_16_3|         array|
|y_cache_16_3_ce0           |  out|    1|   ap_memory|                                                           y_cache_16_3|         array|
|y_cache_16_3_q0            |   in|   16|   ap_memory|                                                           y_cache_16_3|         array|
|y_cache_16_2_address0      |  out|   10|   ap_memory|                                                           y_cache_16_2|         array|
|y_cache_16_2_ce0           |  out|    1|   ap_memory|                                                           y_cache_16_2|         array|
|y_cache_16_2_q0            |   in|   16|   ap_memory|                                                           y_cache_16_2|         array|
|y_cache_16_1_address0      |  out|   10|   ap_memory|                                                           y_cache_16_1|         array|
|y_cache_16_1_ce0           |  out|    1|   ap_memory|                                                           y_cache_16_1|         array|
|y_cache_16_1_q0            |   in|   16|   ap_memory|                                                           y_cache_16_1|         array|
|y_cache_16_address0        |  out|   10|   ap_memory|                                                             y_cache_16|         array|
|y_cache_16_ce0             |  out|    1|   ap_memory|                                                             y_cache_16|         array|
|y_cache_16_q0              |   in|   16|   ap_memory|                                                             y_cache_16|         array|
|empty                      |   in|    4|     ap_none|                                                                  empty|        scalar|
|Y                          |   in|   64|     ap_none|                                                                      Y|        scalar|
+---------------------------+-----+-----+------------+-----------------------------------------------------------------------+--------------+

