

================================================================
== Vitis HLS Report for 'Fused_Conv_CNorm_Act_16_960_960_half_Pipeline_FINAL_ACCUMULATION'
================================================================
* Date:           Sat Jul  4 22:05:05 2026

* Version:        2025.2 (Build 6295257 on Nov 14 2025)
* Project:        prj
* Solution:       solution1 (Vitis Kernel Flow Target)
* Product family: zynquplus
* Target device:  xczu7ev-ffvc1156-2-e


================================================================
== Performance Estimates
================================================================
+ Timing: 
    * Summary: 
    +--------+---------+----------+------------+
    |  Clock |  Target | Estimated| Uncertainty|
    +--------+---------+----------+------------+
    |ap_clk  |  3.33 ns|  2.416 ns|     0.90 ns|
    +--------+---------+----------+------------+

+ Latency: 
    * Summary: 
    +---------+---------+----------+----------+-----+-----+-------------------+
    |  Latency (cycles) |  Latency (absolute) |  Interval |      Pipeline     |
    |   min   |   max   |    min   |    max   | min | max |        Type       |
    +---------+---------+----------+----------+-----+-----+-------------------+
    |       57|       57|  0.190 us|  0.190 us|    0|    0|  loop pipeline stp|
    +---------+---------+----------+----------+-----+-----+-------------------+

    + Detail: 
        * Instance: 
        N/A

        * Loop: 
        +----------------------+---------+---------+----------+-----------+-----------+------+----------+
        |                      |  Latency (cycles) | Iteration|  Initiation Interval  | Trip |          |
        |       Loop Name      |   min   |   max   |  Latency |  achieved |   target  | Count| Pipelined|
        +----------------------+---------+---------+----------+-----------+-----------+------+----------+
        |- FINAL_ACCUMULATION  |       55|       55|        41|          1|          1|    16|       yes|
        +----------------------+---------+---------+----------+-----------+-----------+------+----------+



================================================================
== Utilization Estimates
================================================================
* Summary: 
+-----------------+---------+------+--------+--------+-----+
|       Name      | BRAM_18K|  DSP |   FF   |   LUT  | URAM|
+-----------------+---------+------+--------+--------+-----+
|DSP              |        -|     -|       -|       -|    -|
|Expression       |        -|     -|       0|      63|    -|
|FIFO             |        -|     -|       -|       -|    -|
|Instance         |        -|     7|     935|    1245|    -|
|Memory           |        -|     -|       -|       -|    -|
|Multiplexer      |        -|     -|       0|     324|    -|
|Register         |        -|     -|     613|      64|    -|
+-----------------+---------+------+--------+--------+-----+
|Total            |        0|     7|    1548|    1696|    0|
+-----------------+---------+------+--------+--------+-----+
|Available        |      624|  1728|  460800|  230400|   96|
+-----------------+---------+------+--------+--------+-----+
|Utilization (%)  |        0|    ~0|      ~0|      ~0|    0|
+-----------------+---------+------+--------+--------+-----+

+ Detail: 
    * Instance: 
    +--------------------------------------+---------------------------------+---------+----+-----+-----+-----+
    |               Instance               |              Module             | BRAM_18K| DSP|  FF | LUT | URAM|
    +--------------------------------------+---------------------------------+---------+----+-----+-----+-----+
    |fadd_32ns_32ns_32_11_full_dsp_1_U736  |fadd_32ns_32ns_32_11_full_dsp_1  |        0|   2|  369|  236|    0|
    |fadd_32ns_32ns_32_11_full_dsp_1_U737  |fadd_32ns_32ns_32_11_full_dsp_1  |        0|   2|  369|  236|    0|
    |fmul_32ns_32ns_32_7_max_dsp_1_U738    |fmul_32ns_32ns_32_7_max_dsp_1    |        0|   3|  197|  123|    0|
    |hptosp_16ns_32_2_no_dsp_1_U739        |hptosp_16ns_32_2_no_dsp_1        |        0|   0|    0|    0|    0|
    |sparsemux_33_4_16_1_1_U748            |sparsemux_33_4_16_1_1            |        0|   0|    0|   65|    0|
    |sparsemux_33_4_16_1_1_U749            |sparsemux_33_4_16_1_1            |        0|   0|    0|   65|    0|
    |sparsemux_33_4_16_1_1_U750            |sparsemux_33_4_16_1_1            |        0|   0|    0|   65|    0|
    |sparsemux_33_4_16_1_1_U751            |sparsemux_33_4_16_1_1            |        0|   0|    0|   65|    0|
    |sparsemux_33_4_16_1_1_U752            |sparsemux_33_4_16_1_1            |        0|   0|    0|   65|    0|
    |sparsemux_33_4_16_1_1_U753            |sparsemux_33_4_16_1_1            |        0|   0|    0|   65|    0|
    |sparsemux_33_4_16_1_1_U754            |sparsemux_33_4_16_1_1            |        0|   0|    0|   65|    0|
    |sparsemux_33_4_16_1_1_U755            |sparsemux_33_4_16_1_1            |        0|   0|    0|   65|    0|
    |sparsemux_33_4_32_1_1_U756            |sparsemux_33_4_32_1_1            |        0|   0|    0|   65|    0|
    |sparsemux_33_4_32_1_1_U757            |sparsemux_33_4_32_1_1            |        0|   0|    0|   65|    0|
    +--------------------------------------+---------------------------------+---------+----+-----+-----+-----+
    |Total                                 |                                 |        0|   7|  935| 1245|    0|
    +--------------------------------------+---------------------------------+---------+----+-----+-----+-----+

    * DSP: 
    N/A

    * Memory: 
    N/A

    * FIFO: 
    N/A

    * Expression: 
    +-----------------------+----------+----+---+----+------------+------------+
    |     Variable Name     | Operation| DSP| FF| LUT| Bitwidth P0| Bitwidth P1|
    +-----------------------+----------+----+---+----+------------+------------+
    |add_ln318_fu_2027_p2   |         +|   0|  0|  12|           5|           1|
    |add_ln326_fu_2676_p2   |         +|   0|  0|  18|          10|          10|
    |sub_ln326_fu_2670_p2   |         -|   0|  0|  18|          10|          10|
    |icmp_ln318_fu_2021_p2  |      icmp|   0|  0|  13|           5|           6|
    |ap_enable_pp0          |       xor|   0|  0|   2|           1|           2|
    +-----------------------+----------+----+---+----+------------+------------+
    |Total                  |          |   0|  0|  63|          31|          29|
    +-----------------------+----------+----+---+----+------------+------------+

    * Multiplexer: 
    +-------------------------+----+-----------+-----+-----------+
    |           Name          | LUT| Input Size| Bits| Total Bits|
    +-------------------------+----+-----------+-----+-----------+
    |ap_done_int              |   9|          2|    1|          2|
    |ap_enable_reg_pp0_iter1  |   9|          2|    1|          2|
    |ap_sig_allocacmp_pe_2    |   9|          2|    5|         10|
    |pe_fu_452                |   9|          2|    5|         10|
    |sum_acc_10_o             |   9|          2|   32|         64|
    |sum_acc_11_o             |   9|          2|   32|         64|
    |sum_acc_12_o             |   9|          2|   32|         64|
    |sum_acc_13_o             |   9|          2|   32|         64|
    |sum_acc_14_o             |   9|          2|   32|         64|
    |sum_acc_15_o             |   9|          2|   32|         64|
    |sum_acc_1_o              |   9|          2|   32|         64|
    |sum_acc_2_o              |   9|          2|   32|         64|
    |sum_acc_3_o              |   9|          2|   32|         64|
    |sum_acc_4_o              |   9|          2|   32|         64|
    |sum_acc_5_o              |   9|          2|   32|         64|
    |sum_acc_6_o              |   9|          2|   32|         64|
    |sum_acc_7_o              |   9|          2|   32|         64|
    |sum_acc_8_o              |   9|          2|   32|         64|
    |sum_acc_9_o              |   9|          2|   32|         64|
    |sum_acc_o                |   9|          2|   32|         64|
    |sumsq_acc_10_o           |   9|          2|   32|         64|
    |sumsq_acc_11_o           |   9|          2|   32|         64|
    |sumsq_acc_12_o           |   9|          2|   32|         64|
    |sumsq_acc_13_o           |   9|          2|   32|         64|
    |sumsq_acc_14_o           |   9|          2|   32|         64|
    |sumsq_acc_15_o           |   9|          2|   32|         64|
    |sumsq_acc_1_o            |   9|          2|   32|         64|
    |sumsq_acc_2_o            |   9|          2|   32|         64|
    |sumsq_acc_3_o            |   9|          2|   32|         64|
    |sumsq_acc_4_o            |   9|          2|   32|         64|
    |sumsq_acc_5_o            |   9|          2|   32|         64|
    |sumsq_acc_6_o            |   9|          2|   32|         64|
    |sumsq_acc_7_o            |   9|          2|   32|         64|
    |sumsq_acc_8_o            |   9|          2|   32|         64|
    |sumsq_acc_9_o            |   9|          2|   32|         64|
    |sumsq_acc_o              |   9|          2|   32|         64|
    +-------------------------+----+-----------+-----+-----------+
    |Total                    | 324|         72| 1036|       2072|
    +-------------------------+----+-----------+-----+-----------+

    * Register: 
    +-----------------------------------+----+----+-----+-----------+
    |                Name               | FF | LUT| Bits| Const Bits|
    +-----------------------------------+----+----+-----+-----------+
    |add307_i_reg_2954                  |  16|   0|   16|          0|
    |add314_i_reg_2959                  |  16|   0|   16|          0|
    |add315_i_reg_2974                  |  16|   0|   16|          0|
    |add322_i_reg_2964                  |  16|   0|   16|          0|
    |add329_i_reg_2969                  |  16|   0|   16|          0|
    |add330_i_reg_2979                  |  16|   0|   16|          0|
    |ap_CS_fsm                          |   1|   0|    1|          0|
    |ap_done_reg                        |   1|   0|    1|          0|
    |ap_enable_reg_pp0_iter1            |   1|   0|    1|          0|
    |ap_enable_reg_pp0_iter10           |   1|   0|    1|          0|
    |ap_enable_reg_pp0_iter11           |   1|   0|    1|          0|
    |ap_enable_reg_pp0_iter12           |   1|   0|    1|          0|
    |ap_enable_reg_pp0_iter13           |   1|   0|    1|          0|
    |ap_enable_reg_pp0_iter14           |   1|   0|    1|          0|
    |ap_enable_reg_pp0_iter15           |   1|   0|    1|          0|
    |ap_enable_reg_pp0_iter16           |   1|   0|    1|          0|
    |ap_enable_reg_pp0_iter17           |   1|   0|    1|          0|
    |ap_enable_reg_pp0_iter18           |   1|   0|    1|          0|
    |ap_enable_reg_pp0_iter19           |   1|   0|    1|          0|
    |ap_enable_reg_pp0_iter2            |   1|   0|    1|          0|
    |ap_enable_reg_pp0_iter20           |   1|   0|    1|          0|
    |ap_enable_reg_pp0_iter21           |   1|   0|    1|          0|
    |ap_enable_reg_pp0_iter22           |   1|   0|    1|          0|
    |ap_enable_reg_pp0_iter23           |   1|   0|    1|          0|
    |ap_enable_reg_pp0_iter24           |   1|   0|    1|          0|
    |ap_enable_reg_pp0_iter25           |   1|   0|    1|          0|
    |ap_enable_reg_pp0_iter26           |   1|   0|    1|          0|
    |ap_enable_reg_pp0_iter27           |   1|   0|    1|          0|
    |ap_enable_reg_pp0_iter28           |   1|   0|    1|          0|
    |ap_enable_reg_pp0_iter29           |   1|   0|    1|          0|
    |ap_enable_reg_pp0_iter3            |   1|   0|    1|          0|
    |ap_enable_reg_pp0_iter30           |   1|   0|    1|          0|
    |ap_enable_reg_pp0_iter31           |   1|   0|    1|          0|
    |ap_enable_reg_pp0_iter32           |   1|   0|    1|          0|
    |ap_enable_reg_pp0_iter33           |   1|   0|    1|          0|
    |ap_enable_reg_pp0_iter34           |   1|   0|    1|          0|
    |ap_enable_reg_pp0_iter35           |   1|   0|    1|          0|
    |ap_enable_reg_pp0_iter36           |   1|   0|    1|          0|
    |ap_enable_reg_pp0_iter37           |   1|   0|    1|          0|
    |ap_enable_reg_pp0_iter38           |   1|   0|    1|          0|
    |ap_enable_reg_pp0_iter39           |   1|   0|    1|          0|
    |ap_enable_reg_pp0_iter4            |   1|   0|    1|          0|
    |ap_enable_reg_pp0_iter40           |   1|   0|    1|          0|
    |ap_enable_reg_pp0_iter5            |   1|   0|    1|          0|
    |ap_enable_reg_pp0_iter6            |   1|   0|    1|          0|
    |ap_enable_reg_pp0_iter7            |   1|   0|    1|          0|
    |ap_enable_reg_pp0_iter8            |   1|   0|    1|          0|
    |ap_enable_reg_pp0_iter9            |   1|   0|    1|          0|
    |ap_loop_exit_ready_pp0_iter10_reg  |   1|   0|    1|          0|
    |ap_loop_exit_ready_pp0_iter11_reg  |   1|   0|    1|          0|
    |ap_loop_exit_ready_pp0_iter12_reg  |   1|   0|    1|          0|
    |ap_loop_exit_ready_pp0_iter13_reg  |   1|   0|    1|          0|
    |ap_loop_exit_ready_pp0_iter14_reg  |   1|   0|    1|          0|
    |ap_loop_exit_ready_pp0_iter15_reg  |   1|   0|    1|          0|
    |ap_loop_exit_ready_pp0_iter16_reg  |   1|   0|    1|          0|
    |ap_loop_exit_ready_pp0_iter17_reg  |   1|   0|    1|          0|
    |ap_loop_exit_ready_pp0_iter18_reg  |   1|   0|    1|          0|
    |ap_loop_exit_ready_pp0_iter19_reg  |   1|   0|    1|          0|
    |ap_loop_exit_ready_pp0_iter1_reg   |   1|   0|    1|          0|
    |ap_loop_exit_ready_pp0_iter20_reg  |   1|   0|    1|          0|
    |ap_loop_exit_ready_pp0_iter21_reg  |   1|   0|    1|          0|
    |ap_loop_exit_ready_pp0_iter22_reg  |   1|   0|    1|          0|
    |ap_loop_exit_ready_pp0_iter23_reg  |   1|   0|    1|          0|
    |ap_loop_exit_ready_pp0_iter24_reg  |   1|   0|    1|          0|
    |ap_loop_exit_ready_pp0_iter25_reg  |   1|   0|    1|          0|
    |ap_loop_exit_ready_pp0_iter26_reg  |   1|   0|    1|          0|
    |ap_loop_exit_ready_pp0_iter27_reg  |   1|   0|    1|          0|
    |ap_loop_exit_ready_pp0_iter28_reg  |   1|   0|    1|          0|
    |ap_loop_exit_ready_pp0_iter29_reg  |   1|   0|    1|          0|
    |ap_loop_exit_ready_pp0_iter2_reg   |   1|   0|    1|          0|
    |ap_loop_exit_ready_pp0_iter30_reg  |   1|   0|    1|          0|
    |ap_loop_exit_ready_pp0_iter31_reg  |   1|   0|    1|          0|
    |ap_loop_exit_ready_pp0_iter32_reg  |   1|   0|    1|          0|
    |ap_loop_exit_ready_pp0_iter33_reg  |   1|   0|    1|          0|
    |ap_loop_exit_ready_pp0_iter34_reg  |   1|   0|    1|          0|
    |ap_loop_exit_ready_pp0_iter35_reg  |   1|   0|    1|          0|
    |ap_loop_exit_ready_pp0_iter36_reg  |   1|   0|    1|          0|
    |ap_loop_exit_ready_pp0_iter37_reg  |   1|   0|    1|          0|
    |ap_loop_exit_ready_pp0_iter38_reg  |   1|   0|    1|          0|
    |ap_loop_exit_ready_pp0_iter39_reg  |   1|   0|    1|          0|
    |ap_loop_exit_ready_pp0_iter3_reg   |   1|   0|    1|          0|
    |ap_loop_exit_ready_pp0_iter4_reg   |   1|   0|    1|          0|
    |ap_loop_exit_ready_pp0_iter5_reg   |   1|   0|    1|          0|
    |ap_loop_exit_ready_pp0_iter6_reg   |   1|   0|    1|          0|
    |ap_loop_exit_ready_pp0_iter7_reg   |   1|   0|    1|          0|
    |ap_loop_exit_ready_pp0_iter8_reg   |   1|   0|    1|          0|
    |ap_loop_exit_ready_pp0_iter9_reg   |   1|   0|    1|          0|
    |ff_reg_3010                        |  32|   0|   32|          0|
    |fout_reg_2989                      |  16|   0|   16|          0|
    |mul341_i_reg_3022                  |  32|   0|   32|          0|
    |pe_2_reg_2897                      |   5|   0|    5|          0|
    |pe_fu_452                          |   5|   0|    5|          0|
    |tmp_30_reg_2919                    |  16|   0|   16|          0|
    |tmp_31_reg_2924                    |  16|   0|   16|          0|
    |tmp_32_reg_2929                    |  16|   0|   16|          0|
    |tmp_33_reg_2934                    |  16|   0|   16|          0|
    |tmp_34_reg_2939                    |  16|   0|   16|          0|
    |tmp_35_reg_2944                    |  16|   0|   16|          0|
    |tmp_36_reg_2949                    |  16|   0|   16|          0|
    |tmp_37_reg_3017                    |  32|   0|   32|          0|
    |tmp_38_reg_3027                    |  32|   0|   32|          0|
    |tmp_s_reg_2914                     |  16|   0|   16|          0|
    |total_reg_2984                     |  16|   0|   16|          0|
    |trunc_ln326_reg_2906               |   4|   0|    4|          0|
    |zext_ln202_cast_reg_2892           |   6|   0|   10|          4|
    |pe_2_reg_2897                      |  64|  32|    5|          0|
    |trunc_ln326_reg_2906               |  64|  32|    4|          0|
    +-----------------------------------+----+----+-----+-----------+
    |Total                              | 613|  64|  498|          4|
    +-----------------------------------+----+----+-----+-----------+



================================================================
== Interface
================================================================
* Summary: 
+------------------------+-----+-----+------------+----------------------------------------------------------------------+--------------+
|        RTL Ports       | Dir | Bits|  Protocol  |                             Source Object                            |    C Type    |
+------------------------+-----+-----+------------+----------------------------------------------------------------------+--------------+
|ap_clk                  |   in|    1|  ap_ctrl_hs|  Fused_Conv_CNorm_Act<16, 960, 960, half>_Pipeline_FINAL_ACCUMULATION|  return value|
|ap_rst                  |   in|    1|  ap_ctrl_hs|  Fused_Conv_CNorm_Act<16, 960, 960, half>_Pipeline_FINAL_ACCUMULATION|  return value|
|ap_start                |   in|    1|  ap_ctrl_hs|  Fused_Conv_CNorm_Act<16, 960, 960, half>_Pipeline_FINAL_ACCUMULATION|  return value|
|ap_done                 |  out|    1|  ap_ctrl_hs|  Fused_Conv_CNorm_Act<16, 960, 960, half>_Pipeline_FINAL_ACCUMULATION|  return value|
|ap_idle                 |  out|    1|  ap_ctrl_hs|  Fused_Conv_CNorm_Act<16, 960, 960, half>_Pipeline_FINAL_ACCUMULATION|  return value|
|ap_ready                |  out|    1|  ap_ctrl_hs|  Fused_Conv_CNorm_Act<16, 960, 960, half>_Pipeline_FINAL_ACCUMULATION|  return value|
|grp_fu_3921_p_din0      |  out|   16|  ap_ctrl_hs|  Fused_Conv_CNorm_Act<16, 960, 960, half>_Pipeline_FINAL_ACCUMULATION|  return value|
|grp_fu_3921_p_din1      |  out|   16|  ap_ctrl_hs|  Fused_Conv_CNorm_Act<16, 960, 960, half>_Pipeline_FINAL_ACCUMULATION|  return value|
|grp_fu_3921_p_dout0     |   in|   16|  ap_ctrl_hs|  Fused_Conv_CNorm_Act<16, 960, 960, half>_Pipeline_FINAL_ACCUMULATION|  return value|
|grp_fu_3921_p_ce        |  out|    1|  ap_ctrl_hs|  Fused_Conv_CNorm_Act<16, 960, 960, half>_Pipeline_FINAL_ACCUMULATION|  return value|
|grp_fu_3925_p_din0      |  out|   16|  ap_ctrl_hs|  Fused_Conv_CNorm_Act<16, 960, 960, half>_Pipeline_FINAL_ACCUMULATION|  return value|
|grp_fu_3925_p_din1      |  out|   16|  ap_ctrl_hs|  Fused_Conv_CNorm_Act<16, 960, 960, half>_Pipeline_FINAL_ACCUMULATION|  return value|
|grp_fu_3925_p_dout0     |   in|   16|  ap_ctrl_hs|  Fused_Conv_CNorm_Act<16, 960, 960, half>_Pipeline_FINAL_ACCUMULATION|  return value|
|grp_fu_3925_p_ce        |  out|    1|  ap_ctrl_hs|  Fused_Conv_CNorm_Act<16, 960, 960, half>_Pipeline_FINAL_ACCUMULATION|  return value|
|grp_fu_3929_p_din0      |  out|   16|  ap_ctrl_hs|  Fused_Conv_CNorm_Act<16, 960, 960, half>_Pipeline_FINAL_ACCUMULATION|  return value|
|grp_fu_3929_p_din1      |  out|   16|  ap_ctrl_hs|  Fused_Conv_CNorm_Act<16, 960, 960, half>_Pipeline_FINAL_ACCUMULATION|  return value|
|grp_fu_3929_p_dout0     |   in|   16|  ap_ctrl_hs|  Fused_Conv_CNorm_Act<16, 960, 960, half>_Pipeline_FINAL_ACCUMULATION|  return value|
|grp_fu_3929_p_ce        |  out|    1|  ap_ctrl_hs|  Fused_Conv_CNorm_Act<16, 960, 960, half>_Pipeline_FINAL_ACCUMULATION|  return value|
|grp_fu_3933_p_din0      |  out|   16|  ap_ctrl_hs|  Fused_Conv_CNorm_Act<16, 960, 960, half>_Pipeline_FINAL_ACCUMULATION|  return value|
|grp_fu_3933_p_din1      |  out|   16|  ap_ctrl_hs|  Fused_Conv_CNorm_Act<16, 960, 960, half>_Pipeline_FINAL_ACCUMULATION|  return value|
|grp_fu_3933_p_dout0     |   in|   16|  ap_ctrl_hs|  Fused_Conv_CNorm_Act<16, 960, 960, half>_Pipeline_FINAL_ACCUMULATION|  return value|
|grp_fu_3933_p_ce        |  out|    1|  ap_ctrl_hs|  Fused_Conv_CNorm_Act<16, 960, 960, half>_Pipeline_FINAL_ACCUMULATION|  return value|
|grp_fu_3937_p_din0      |  out|   16|  ap_ctrl_hs|  Fused_Conv_CNorm_Act<16, 960, 960, half>_Pipeline_FINAL_ACCUMULATION|  return value|
|grp_fu_3937_p_din1      |  out|   16|  ap_ctrl_hs|  Fused_Conv_CNorm_Act<16, 960, 960, half>_Pipeline_FINAL_ACCUMULATION|  return value|
|grp_fu_3937_p_dout0     |   in|   16|  ap_ctrl_hs|  Fused_Conv_CNorm_Act<16, 960, 960, half>_Pipeline_FINAL_ACCUMULATION|  return value|
|grp_fu_3937_p_ce        |  out|    1|  ap_ctrl_hs|  Fused_Conv_CNorm_Act<16, 960, 960, half>_Pipeline_FINAL_ACCUMULATION|  return value|
|grp_fu_3941_p_din0      |  out|   16|  ap_ctrl_hs|  Fused_Conv_CNorm_Act<16, 960, 960, half>_Pipeline_FINAL_ACCUMULATION|  return value|
|grp_fu_3941_p_din1      |  out|   16|  ap_ctrl_hs|  Fused_Conv_CNorm_Act<16, 960, 960, half>_Pipeline_FINAL_ACCUMULATION|  return value|
|grp_fu_3941_p_dout0     |   in|   16|  ap_ctrl_hs|  Fused_Conv_CNorm_Act<16, 960, 960, half>_Pipeline_FINAL_ACCUMULATION|  return value|
|grp_fu_3941_p_ce        |  out|    1|  ap_ctrl_hs|  Fused_Conv_CNorm_Act<16, 960, 960, half>_Pipeline_FINAL_ACCUMULATION|  return value|
|grp_fu_3945_p_din0      |  out|   16|  ap_ctrl_hs|  Fused_Conv_CNorm_Act<16, 960, 960, half>_Pipeline_FINAL_ACCUMULATION|  return value|
|grp_fu_3945_p_din1      |  out|   16|  ap_ctrl_hs|  Fused_Conv_CNorm_Act<16, 960, 960, half>_Pipeline_FINAL_ACCUMULATION|  return value|
|grp_fu_3945_p_dout0     |   in|   16|  ap_ctrl_hs|  Fused_Conv_CNorm_Act<16, 960, 960, half>_Pipeline_FINAL_ACCUMULATION|  return value|
|grp_fu_3945_p_ce        |  out|    1|  ap_ctrl_hs|  Fused_Conv_CNorm_Act<16, 960, 960, half>_Pipeline_FINAL_ACCUMULATION|  return value|
|grp_fu_3949_p_din0      |  out|   16|  ap_ctrl_hs|  Fused_Conv_CNorm_Act<16, 960, 960, half>_Pipeline_FINAL_ACCUMULATION|  return value|
|grp_fu_3949_p_din1      |  out|   16|  ap_ctrl_hs|  Fused_Conv_CNorm_Act<16, 960, 960, half>_Pipeline_FINAL_ACCUMULATION|  return value|
|grp_fu_3949_p_dout0     |   in|   16|  ap_ctrl_hs|  Fused_Conv_CNorm_Act<16, 960, 960, half>_Pipeline_FINAL_ACCUMULATION|  return value|
|grp_fu_3949_p_ce        |  out|    1|  ap_ctrl_hs|  Fused_Conv_CNorm_Act<16, 960, 960, half>_Pipeline_FINAL_ACCUMULATION|  return value|
|sum_acc_i               |   in|   32|     ap_ovld|                                                               sum_acc|       pointer|
|sum_acc_o               |  out|   32|     ap_ovld|                                                               sum_acc|       pointer|
|sum_acc_o_ap_vld        |  out|    1|     ap_ovld|                                                               sum_acc|       pointer|
|sumsq_acc_i             |   in|   32|     ap_ovld|                                                             sumsq_acc|       pointer|
|sumsq_acc_o             |  out|   32|     ap_ovld|                                                             sumsq_acc|       pointer|
|sumsq_acc_o_ap_vld      |  out|    1|     ap_ovld|                                                             sumsq_acc|       pointer|
|sum_acc_1_i             |   in|   32|     ap_ovld|                                                             sum_acc_1|       pointer|
|sum_acc_1_o             |  out|   32|     ap_ovld|                                                             sum_acc_1|       pointer|
|sum_acc_1_o_ap_vld      |  out|    1|     ap_ovld|                                                             sum_acc_1|       pointer|
|sum_acc_2_i             |   in|   32|     ap_ovld|                                                             sum_acc_2|       pointer|
|sum_acc_2_o             |  out|   32|     ap_ovld|                                                             sum_acc_2|       pointer|
|sum_acc_2_o_ap_vld      |  out|    1|     ap_ovld|                                                             sum_acc_2|       pointer|
|sum_acc_3_i             |   in|   32|     ap_ovld|                                                             sum_acc_3|       pointer|
|sum_acc_3_o             |  out|   32|     ap_ovld|                                                             sum_acc_3|       pointer|
|sum_acc_3_o_ap_vld      |  out|    1|     ap_ovld|                                                             sum_acc_3|       pointer|
|sum_acc_4_i             |   in|   32|     ap_ovld|                                                             sum_acc_4|       pointer|
|sum_acc_4_o             |  out|   32|     ap_ovld|                                                             sum_acc_4|       pointer|
|sum_acc_4_o_ap_vld      |  out|    1|     ap_ovld|                                                             sum_acc_4|       pointer|
|sum_acc_5_i             |   in|   32|     ap_ovld|                                                             sum_acc_5|       pointer|
|sum_acc_5_o             |  out|   32|     ap_ovld|                                                             sum_acc_5|       pointer|
|sum_acc_5_o_ap_vld      |  out|    1|     ap_ovld|                                                             sum_acc_5|       pointer|
|sum_acc_6_i             |   in|   32|     ap_ovld|                                                             sum_acc_6|       pointer|
|sum_acc_6_o             |  out|   32|     ap_ovld|                                                             sum_acc_6|       pointer|
|sum_acc_6_o_ap_vld      |  out|    1|     ap_ovld|                                                             sum_acc_6|       pointer|
|sum_acc_7_i             |   in|   32|     ap_ovld|                                                             sum_acc_7|       pointer|
|sum_acc_7_o             |  out|   32|     ap_ovld|                                                             sum_acc_7|       pointer|
|sum_acc_7_o_ap_vld      |  out|    1|     ap_ovld|                                                             sum_acc_7|       pointer|
|sum_acc_8_i             |   in|   32|     ap_ovld|                                                             sum_acc_8|       pointer|
|sum_acc_8_o             |  out|   32|     ap_ovld|                                                             sum_acc_8|       pointer|
|sum_acc_8_o_ap_vld      |  out|    1|     ap_ovld|                                                             sum_acc_8|       pointer|
|sum_acc_9_i             |   in|   32|     ap_ovld|                                                             sum_acc_9|       pointer|
|sum_acc_9_o             |  out|   32|     ap_ovld|                                                             sum_acc_9|       pointer|
|sum_acc_9_o_ap_vld      |  out|    1|     ap_ovld|                                                             sum_acc_9|       pointer|
|sum_acc_10_i            |   in|   32|     ap_ovld|                                                            sum_acc_10|       pointer|
|sum_acc_10_o            |  out|   32|     ap_ovld|                                                            sum_acc_10|       pointer|
|sum_acc_10_o_ap_vld     |  out|    1|     ap_ovld|                                                            sum_acc_10|       pointer|
|sum_acc_11_i            |   in|   32|     ap_ovld|                                                            sum_acc_11|       pointer|
|sum_acc_11_o            |  out|   32|     ap_ovld|                                                            sum_acc_11|       pointer|
|sum_acc_11_o_ap_vld     |  out|    1|     ap_ovld|                                                            sum_acc_11|       pointer|
|sum_acc_12_i            |   in|   32|     ap_ovld|                                                            sum_acc_12|       pointer|
|sum_acc_12_o            |  out|   32|     ap_ovld|                                                            sum_acc_12|       pointer|
|sum_acc_12_o_ap_vld     |  out|    1|     ap_ovld|                                                            sum_acc_12|       pointer|
|sum_acc_13_i            |   in|   32|     ap_ovld|                                                            sum_acc_13|       pointer|
|sum_acc_13_o            |  out|   32|     ap_ovld|                                                            sum_acc_13|       pointer|
|sum_acc_13_o_ap_vld     |  out|    1|     ap_ovld|                                                            sum_acc_13|       pointer|
|sum_acc_14_i            |   in|   32|     ap_ovld|                                                            sum_acc_14|       pointer|
|sum_acc_14_o            |  out|   32|     ap_ovld|                                                            sum_acc_14|       pointer|
|sum_acc_14_o_ap_vld     |  out|    1|     ap_ovld|                                                            sum_acc_14|       pointer|
|sum_acc_15_i            |   in|   32|     ap_ovld|                                                            sum_acc_15|       pointer|
|sum_acc_15_o            |  out|   32|     ap_ovld|                                                            sum_acc_15|       pointer|
|sum_acc_15_o_ap_vld     |  out|    1|     ap_ovld|                                                            sum_acc_15|       pointer|
|sumsq_acc_1_i           |   in|   32|     ap_ovld|                                                           sumsq_acc_1|       pointer|
|sumsq_acc_1_o           |  out|   32|     ap_ovld|                                                           sumsq_acc_1|       pointer|
|sumsq_acc_1_o_ap_vld    |  out|    1|     ap_ovld|                                                           sumsq_acc_1|       pointer|
|sumsq_acc_2_i           |   in|   32|     ap_ovld|                                                           sumsq_acc_2|       pointer|
|sumsq_acc_2_o           |  out|   32|     ap_ovld|                                                           sumsq_acc_2|       pointer|
|sumsq_acc_2_o_ap_vld    |  out|    1|     ap_ovld|                                                           sumsq_acc_2|       pointer|
|sumsq_acc_3_i           |   in|   32|     ap_ovld|                                                           sumsq_acc_3|       pointer|
|sumsq_acc_3_o           |  out|   32|     ap_ovld|                                                           sumsq_acc_3|       pointer|
|sumsq_acc_3_o_ap_vld    |  out|    1|     ap_ovld|                                                           sumsq_acc_3|       pointer|
|sumsq_acc_4_i           |   in|   32|     ap_ovld|                                                           sumsq_acc_4|       pointer|
|sumsq_acc_4_o           |  out|   32|     ap_ovld|                                                           sumsq_acc_4|       pointer|
|sumsq_acc_4_o_ap_vld    |  out|    1|     ap_ovld|                                                           sumsq_acc_4|       pointer|
|sumsq_acc_5_i           |   in|   32|     ap_ovld|                                                           sumsq_acc_5|       pointer|
|sumsq_acc_5_o           |  out|   32|     ap_ovld|                                                           sumsq_acc_5|       pointer|
|sumsq_acc_5_o_ap_vld    |  out|    1|     ap_ovld|                                                           sumsq_acc_5|       pointer|
|sumsq_acc_6_i           |   in|   32|     ap_ovld|                                                           sumsq_acc_6|       pointer|
|sumsq_acc_6_o           |  out|   32|     ap_ovld|                                                           sumsq_acc_6|       pointer|
|sumsq_acc_6_o_ap_vld    |  out|    1|     ap_ovld|                                                           sumsq_acc_6|       pointer|
|sumsq_acc_7_i           |   in|   32|     ap_ovld|                                                           sumsq_acc_7|       pointer|
|sumsq_acc_7_o           |  out|   32|     ap_ovld|                                                           sumsq_acc_7|       pointer|
|sumsq_acc_7_o_ap_vld    |  out|    1|     ap_ovld|                                                           sumsq_acc_7|       pointer|
|sumsq_acc_8_i           |   in|   32|     ap_ovld|                                                           sumsq_acc_8|       pointer|
|sumsq_acc_8_o           |  out|   32|     ap_ovld|                                                           sumsq_acc_8|       pointer|
|sumsq_acc_8_o_ap_vld    |  out|    1|     ap_ovld|                                                           sumsq_acc_8|       pointer|
|sumsq_acc_9_i           |   in|   32|     ap_ovld|                                                           sumsq_acc_9|       pointer|
|sumsq_acc_9_o           |  out|   32|     ap_ovld|                                                           sumsq_acc_9|       pointer|
|sumsq_acc_9_o_ap_vld    |  out|    1|     ap_ovld|                                                           sumsq_acc_9|       pointer|
|sumsq_acc_10_i          |   in|   32|     ap_ovld|                                                          sumsq_acc_10|       pointer|
|sumsq_acc_10_o          |  out|   32|     ap_ovld|                                                          sumsq_acc_10|       pointer|
|sumsq_acc_10_o_ap_vld   |  out|    1|     ap_ovld|                                                          sumsq_acc_10|       pointer|
|sumsq_acc_11_i          |   in|   32|     ap_ovld|                                                          sumsq_acc_11|       pointer|
|sumsq_acc_11_o          |  out|   32|     ap_ovld|                                                          sumsq_acc_11|       pointer|
|sumsq_acc_11_o_ap_vld   |  out|    1|     ap_ovld|                                                          sumsq_acc_11|       pointer|
|sumsq_acc_12_i          |   in|   32|     ap_ovld|                                                          sumsq_acc_12|       pointer|
|sumsq_acc_12_o          |  out|   32|     ap_ovld|                                                          sumsq_acc_12|       pointer|
|sumsq_acc_12_o_ap_vld   |  out|    1|     ap_ovld|                                                          sumsq_acc_12|       pointer|
|sumsq_acc_13_i          |   in|   32|     ap_ovld|                                                          sumsq_acc_13|       pointer|
|sumsq_acc_13_o          |  out|   32|     ap_ovld|                                                          sumsq_acc_13|       pointer|
|sumsq_acc_13_o_ap_vld   |  out|    1|     ap_ovld|                                                          sumsq_acc_13|       pointer|
|sumsq_acc_14_i          |   in|   32|     ap_ovld|                                                          sumsq_acc_14|       pointer|
|sumsq_acc_14_o          |  out|   32|     ap_ovld|                                                          sumsq_acc_14|       pointer|
|sumsq_acc_14_o_ap_vld   |  out|    1|     ap_ovld|                                                          sumsq_acc_14|       pointer|
|sumsq_acc_15_i          |   in|   32|     ap_ovld|                                                          sumsq_acc_15|       pointer|
|sumsq_acc_15_o          |  out|   32|     ap_ovld|                                                          sumsq_acc_15|       pointer|
|sumsq_acc_15_o_ap_vld   |  out|    1|     ap_ovld|                                                          sumsq_acc_15|       pointer|
|zext_ln202              |   in|    6|     ap_none|                                                            zext_ln202|        scalar|
|y_cache_16_15_address1  |  out|   10|   ap_memory|                                                         y_cache_16_15|         array|
|y_cache_16_15_ce1       |  out|    1|   ap_memory|                                                         y_cache_16_15|         array|
|y_cache_16_15_we1       |  out|    1|   ap_memory|                                                         y_cache_16_15|         array|
|y_cache_16_15_d1        |  out|   16|   ap_memory|                                                         y_cache_16_15|         array|
|y_cache_16_14_address1  |  out|   10|   ap_memory|                                                         y_cache_16_14|         array|
|y_cache_16_14_ce1       |  out|    1|   ap_memory|                                                         y_cache_16_14|         array|
|y_cache_16_14_we1       |  out|    1|   ap_memory|                                                         y_cache_16_14|         array|
|y_cache_16_14_d1        |  out|   16|   ap_memory|                                                         y_cache_16_14|         array|
|y_cache_16_13_address1  |  out|   10|   ap_memory|                                                         y_cache_16_13|         array|
|y_cache_16_13_ce1       |  out|    1|   ap_memory|                                                         y_cache_16_13|         array|
|y_cache_16_13_we1       |  out|    1|   ap_memory|                                                         y_cache_16_13|         array|
|y_cache_16_13_d1        |  out|   16|   ap_memory|                                                         y_cache_16_13|         array|
|y_cache_16_12_address1  |  out|   10|   ap_memory|                                                         y_cache_16_12|         array|
|y_cache_16_12_ce1       |  out|    1|   ap_memory|                                                         y_cache_16_12|         array|
|y_cache_16_12_we1       |  out|    1|   ap_memory|                                                         y_cache_16_12|         array|
|y_cache_16_12_d1        |  out|   16|   ap_memory|                                                         y_cache_16_12|         array|
|y_cache_16_11_address1  |  out|   10|   ap_memory|                                                         y_cache_16_11|         array|
|y_cache_16_11_ce1       |  out|    1|   ap_memory|                                                         y_cache_16_11|         array|
|y_cache_16_11_we1       |  out|    1|   ap_memory|                                                         y_cache_16_11|         array|
|y_cache_16_11_d1        |  out|   16|   ap_memory|                                                         y_cache_16_11|         array|
|y_cache_16_10_address1  |  out|   10|   ap_memory|                                                         y_cache_16_10|         array|
|y_cache_16_10_ce1       |  out|    1|   ap_memory|                                                         y_cache_16_10|         array|
|y_cache_16_10_we1       |  out|    1|   ap_memory|                                                         y_cache_16_10|         array|
|y_cache_16_10_d1        |  out|   16|   ap_memory|                                                         y_cache_16_10|         array|
|y_cache_16_9_address1   |  out|   10|   ap_memory|                                                          y_cache_16_9|         array|
|y_cache_16_9_ce1        |  out|    1|   ap_memory|                                                          y_cache_16_9|         array|
|y_cache_16_9_we1        |  out|    1|   ap_memory|                                                          y_cache_16_9|         array|
|y_cache_16_9_d1         |  out|   16|   ap_memory|                                                          y_cache_16_9|         array|
|y_cache_16_8_address1   |  out|   10|   ap_memory|                                                          y_cache_16_8|         array|
|y_cache_16_8_ce1        |  out|    1|   ap_memory|                                                          y_cache_16_8|         array|
|y_cache_16_8_we1        |  out|    1|   ap_memory|                                                          y_cache_16_8|         array|
|y_cache_16_8_d1         |  out|   16|   ap_memory|                                                          y_cache_16_8|         array|
|y_cache_16_7_address1   |  out|   10|   ap_memory|                                                          y_cache_16_7|         array|
|y_cache_16_7_ce1        |  out|    1|   ap_memory|                                                          y_cache_16_7|         array|
|y_cache_16_7_we1        |  out|    1|   ap_memory|                                                          y_cache_16_7|         array|
|y_cache_16_7_d1         |  out|   16|   ap_memory|                                                          y_cache_16_7|         array|
|y_cache_16_6_address1   |  out|   10|   ap_memory|                                                          y_cache_16_6|         array|
|y_cache_16_6_ce1        |  out|    1|   ap_memory|                                                          y_cache_16_6|         array|
|y_cache_16_6_we1        |  out|    1|   ap_memory|                                                          y_cache_16_6|         array|
|y_cache_16_6_d1         |  out|   16|   ap_memory|                                                          y_cache_16_6|         array|
|y_cache_16_5_address1   |  out|   10|   ap_memory|                                                          y_cache_16_5|         array|
|y_cache_16_5_ce1        |  out|    1|   ap_memory|                                                          y_cache_16_5|         array|
|y_cache_16_5_we1        |  out|    1|   ap_memory|                                                          y_cache_16_5|         array|
|y_cache_16_5_d1         |  out|   16|   ap_memory|                                                          y_cache_16_5|         array|
|y_cache_16_4_address1   |  out|   10|   ap_memory|                                                          y_cache_16_4|         array|
|y_cache_16_4_ce1        |  out|    1|   ap_memory|                                                          y_cache_16_4|         array|
|y_cache_16_4_we1        |  out|    1|   ap_memory|                                                          y_cache_16_4|         array|
|y_cache_16_4_d1         |  out|   16|   ap_memory|                                                          y_cache_16_4|         array|
|y_cache_16_3_address1   |  out|   10|   ap_memory|                                                          y_cache_16_3|         array|
|y_cache_16_3_ce1        |  out|    1|   ap_memory|                                                          y_cache_16_3|         array|
|y_cache_16_3_we1        |  out|    1|   ap_memory|                                                          y_cache_16_3|         array|
|y_cache_16_3_d1         |  out|   16|   ap_memory|                                                          y_cache_16_3|         array|
|y_cache_16_2_address1   |  out|   10|   ap_memory|                                                          y_cache_16_2|         array|
|y_cache_16_2_ce1        |  out|    1|   ap_memory|                                                          y_cache_16_2|         array|
|y_cache_16_2_we1        |  out|    1|   ap_memory|                                                          y_cache_16_2|         array|
|y_cache_16_2_d1         |  out|   16|   ap_memory|                                                          y_cache_16_2|         array|
|y_cache_16_1_address1   |  out|   10|   ap_memory|                                                          y_cache_16_1|         array|
|y_cache_16_1_ce1        |  out|    1|   ap_memory|                                                          y_cache_16_1|         array|
|y_cache_16_1_we1        |  out|    1|   ap_memory|                                                          y_cache_16_1|         array|
|y_cache_16_1_d1         |  out|   16|   ap_memory|                                                          y_cache_16_1|         array|
|y_cache_16_address1     |  out|   10|   ap_memory|                                                            y_cache_16|         array|
|y_cache_16_ce1          |  out|    1|   ap_memory|                                                            y_cache_16|         array|
|y_cache_16_we1          |  out|    1|   ap_memory|                                                            y_cache_16|         array|
|y_cache_16_d1           |  out|   16|   ap_memory|                                                            y_cache_16|         array|
|psum_load_reload        |   in|   16|     ap_none|                                                      psum_load_reload|        scalar|
|psum_8_load_reload      |   in|   16|     ap_none|                                                    psum_8_load_reload|        scalar|
|psum_16_load_reload     |   in|   16|     ap_none|                                                   psum_16_load_reload|        scalar|
|psum_24_load_reload     |   in|   16|     ap_none|                                                   psum_24_load_reload|        scalar|
|psum_32_load_reload     |   in|   16|     ap_none|                                                   psum_32_load_reload|        scalar|
|psum_40_load_reload     |   in|   16|     ap_none|                                                   psum_40_load_reload|        scalar|
|psum_48_load_reload     |   in|   16|     ap_none|                                                   psum_48_load_reload|        scalar|
|psum_56_load_reload     |   in|   16|     ap_none|                                                   psum_56_load_reload|        scalar|
|psum_64_load_reload     |   in|   16|     ap_none|                                                   psum_64_load_reload|        scalar|
|psum_72_load_reload     |   in|   16|     ap_none|                                                   psum_72_load_reload|        scalar|
|psum_80_load_reload     |   in|   16|     ap_none|                                                   psum_80_load_reload|        scalar|
|psum_88_load_reload     |   in|   16|     ap_none|                                                   psum_88_load_reload|        scalar|
|psum_96_load_reload     |   in|   16|     ap_none|                                                   psum_96_load_reload|        scalar|
|psum_104_load_reload    |   in|   16|     ap_none|                                                  psum_104_load_reload|        scalar|
|psum_112_load_reload    |   in|   16|     ap_none|                                                  psum_112_load_reload|        scalar|
|psum_120_load_reload    |   in|   16|     ap_none|                                                  psum_120_load_reload|        scalar|
|psum_1_load_reload      |   in|   16|     ap_none|                                                    psum_1_load_reload|        scalar|
|psum_9_load_reload      |   in|   16|     ap_none|                                                    psum_9_load_reload|        scalar|
|psum_17_load_reload     |   in|   16|     ap_none|                                                   psum_17_load_reload|        scalar|
|psum_25_load_reload     |   in|   16|     ap_none|                                                   psum_25_load_reload|        scalar|
|psum_33_load_reload     |   in|   16|     ap_none|                                                   psum_33_load_reload|        scalar|
|psum_41_load_reload     |   in|   16|     ap_none|                                                   psum_41_load_reload|        scalar|
|psum_49_load_reload     |   in|   16|     ap_none|                                                   psum_49_load_reload|        scalar|
|psum_57_load_reload     |   in|   16|     ap_none|                                                   psum_57_load_reload|        scalar|
|psum_65_load_reload     |   in|   16|     ap_none|                                                   psum_65_load_reload|        scalar|
|psum_73_load_reload     |   in|   16|     ap_none|                                                   psum_73_load_reload|        scalar|
|psum_81_load_reload     |   in|   16|     ap_none|                                                   psum_81_load_reload|        scalar|
|psum_89_load_reload     |   in|   16|     ap_none|                                                   psum_89_load_reload|        scalar|
|psum_97_load_reload     |   in|   16|     ap_none|                                                   psum_97_load_reload|        scalar|
|psum_105_load_reload    |   in|   16|     ap_none|                                                  psum_105_load_reload|        scalar|
|psum_113_load_reload    |   in|   16|     ap_none|                                                  psum_113_load_reload|        scalar|
|psum_121_load_reload    |   in|   16|     ap_none|                                                  psum_121_load_reload|        scalar|
|psum_2_load_reload      |   in|   16|     ap_none|                                                    psum_2_load_reload|        scalar|
|psum_10_load_reload     |   in|   16|     ap_none|                                                   psum_10_load_reload|        scalar|
|psum_18_load_reload     |   in|   16|     ap_none|                                                   psum_18_load_reload|        scalar|
|psum_26_load_reload     |   in|   16|     ap_none|                                                   psum_26_load_reload|        scalar|
|psum_34_load_reload     |   in|   16|     ap_none|                                                   psum_34_load_reload|        scalar|
|psum_42_load_reload     |   in|   16|     ap_none|                                                   psum_42_load_reload|        scalar|
|psum_50_load_reload     |   in|   16|     ap_none|                                                   psum_50_load_reload|        scalar|
|psum_58_load_reload     |   in|   16|     ap_none|                                                   psum_58_load_reload|        scalar|
|psum_66_load_reload     |   in|   16|     ap_none|                                                   psum_66_load_reload|        scalar|
|psum_74_load_reload     |   in|   16|     ap_none|                                                   psum_74_load_reload|        scalar|
|psum_82_load_reload     |   in|   16|     ap_none|                                                   psum_82_load_reload|        scalar|
|psum_90_load_reload     |   in|   16|     ap_none|                                                   psum_90_load_reload|        scalar|
|psum_98_load_reload     |   in|   16|     ap_none|                                                   psum_98_load_reload|        scalar|
|psum_106_load_reload    |   in|   16|     ap_none|                                                  psum_106_load_reload|        scalar|
|psum_114_load_reload    |   in|   16|     ap_none|                                                  psum_114_load_reload|        scalar|
|psum_122_load_reload    |   in|   16|     ap_none|                                                  psum_122_load_reload|        scalar|
|psum_3_load_reload      |   in|   16|     ap_none|                                                    psum_3_load_reload|        scalar|
|psum_11_load_reload     |   in|   16|     ap_none|                                                   psum_11_load_reload|        scalar|
|psum_19_load_reload     |   in|   16|     ap_none|                                                   psum_19_load_reload|        scalar|
|psum_27_load_reload     |   in|   16|     ap_none|                                                   psum_27_load_reload|        scalar|
|psum_35_load_reload     |   in|   16|     ap_none|                                                   psum_35_load_reload|        scalar|
|psum_43_load_reload     |   in|   16|     ap_none|                                                   psum_43_load_reload|        scalar|
|psum_51_load_reload     |   in|   16|     ap_none|                                                   psum_51_load_reload|        scalar|
|psum_59_load_reload     |   in|   16|     ap_none|                                                   psum_59_load_reload|        scalar|
|psum_67_load_reload     |   in|   16|     ap_none|                                                   psum_67_load_reload|        scalar|
|psum_75_load_reload     |   in|   16|     ap_none|                                                   psum_75_load_reload|        scalar|
|psum_83_load_reload     |   in|   16|     ap_none|                                                   psum_83_load_reload|        scalar|
|psum_91_load_reload     |   in|   16|     ap_none|                                                   psum_91_load_reload|        scalar|
|psum_99_load_reload     |   in|   16|     ap_none|                                                   psum_99_load_reload|        scalar|
|psum_107_load_reload    |   in|   16|     ap_none|                                                  psum_107_load_reload|        scalar|
|psum_115_load_reload    |   in|   16|     ap_none|                                                  psum_115_load_reload|        scalar|
|psum_123_load_reload    |   in|   16|     ap_none|                                                  psum_123_load_reload|        scalar|
|psum_4_load_reload      |   in|   16|     ap_none|                                                    psum_4_load_reload|        scalar|
|psum_12_load_reload     |   in|   16|     ap_none|                                                   psum_12_load_reload|        scalar|
|psum_20_load_reload     |   in|   16|     ap_none|                                                   psum_20_load_reload|        scalar|
|psum_28_load_reload     |   in|   16|     ap_none|                                                   psum_28_load_reload|        scalar|
|psum_36_load_reload     |   in|   16|     ap_none|                                                   psum_36_load_reload|        scalar|
|psum_44_load_reload     |   in|   16|     ap_none|                                                   psum_44_load_reload|        scalar|
|psum_52_load_reload     |   in|   16|     ap_none|                                                   psum_52_load_reload|        scalar|
|psum_60_load_reload     |   in|   16|     ap_none|                                                   psum_60_load_reload|        scalar|
|psum_68_load_reload     |   in|   16|     ap_none|                                                   psum_68_load_reload|        scalar|
|psum_76_load_reload     |   in|   16|     ap_none|                                                   psum_76_load_reload|        scalar|
|psum_84_load_reload     |   in|   16|     ap_none|                                                   psum_84_load_reload|        scalar|
|psum_92_load_reload     |   in|   16|     ap_none|                                                   psum_92_load_reload|        scalar|
|psum_100_load_reload    |   in|   16|     ap_none|                                                  psum_100_load_reload|        scalar|
|psum_108_load_reload    |   in|   16|     ap_none|                                                  psum_108_load_reload|        scalar|
|psum_116_load_reload    |   in|   16|     ap_none|                                                  psum_116_load_reload|        scalar|
|psum_124_load_reload    |   in|   16|     ap_none|                                                  psum_124_load_reload|        scalar|
|psum_5_load_reload      |   in|   16|     ap_none|                                                    psum_5_load_reload|        scalar|
|psum_13_load_reload     |   in|   16|     ap_none|                                                   psum_13_load_reload|        scalar|
|psum_21_load_reload     |   in|   16|     ap_none|                                                   psum_21_load_reload|        scalar|
|psum_29_load_reload     |   in|   16|     ap_none|                                                   psum_29_load_reload|        scalar|
|psum_37_load_reload     |   in|   16|     ap_none|                                                   psum_37_load_reload|        scalar|
|psum_45_load_reload     |   in|   16|     ap_none|                                                   psum_45_load_reload|        scalar|
|psum_53_load_reload     |   in|   16|     ap_none|                                                   psum_53_load_reload|        scalar|
|psum_61_load_reload     |   in|   16|     ap_none|                                                   psum_61_load_reload|        scalar|
|psum_69_load_reload     |   in|   16|     ap_none|                                                   psum_69_load_reload|        scalar|
|psum_77_load_reload     |   in|   16|     ap_none|                                                   psum_77_load_reload|        scalar|
|psum_85_load_reload     |   in|   16|     ap_none|                                                   psum_85_load_reload|        scalar|
|psum_93_load_reload     |   in|   16|     ap_none|                                                   psum_93_load_reload|        scalar|
|psum_101_load_reload    |   in|   16|     ap_none|                                                  psum_101_load_reload|        scalar|
|psum_109_load_reload    |   in|   16|     ap_none|                                                  psum_109_load_reload|        scalar|
|psum_117_load_reload    |   in|   16|     ap_none|                                                  psum_117_load_reload|        scalar|
|psum_125_load_reload    |   in|   16|     ap_none|                                                  psum_125_load_reload|        scalar|
|psum_6_load_reload      |   in|   16|     ap_none|                                                    psum_6_load_reload|        scalar|
|psum_14_load_reload     |   in|   16|     ap_none|                                                   psum_14_load_reload|        scalar|
|psum_22_load_reload     |   in|   16|     ap_none|                                                   psum_22_load_reload|        scalar|
|psum_30_load_reload     |   in|   16|     ap_none|                                                   psum_30_load_reload|        scalar|
|psum_38_load_reload     |   in|   16|     ap_none|                                                   psum_38_load_reload|        scalar|
|psum_46_load_reload     |   in|   16|     ap_none|                                                   psum_46_load_reload|        scalar|
|psum_54_load_reload     |   in|   16|     ap_none|                                                   psum_54_load_reload|        scalar|
|psum_62_load_reload     |   in|   16|     ap_none|                                                   psum_62_load_reload|        scalar|
|psum_70_load_reload     |   in|   16|     ap_none|                                                   psum_70_load_reload|        scalar|
|psum_78_load_reload     |   in|   16|     ap_none|                                                   psum_78_load_reload|        scalar|
|psum_86_load_reload     |   in|   16|     ap_none|                                                   psum_86_load_reload|        scalar|
|psum_94_load_reload     |   in|   16|     ap_none|                                                   psum_94_load_reload|        scalar|
|psum_102_load_reload    |   in|   16|     ap_none|                                                  psum_102_load_reload|        scalar|
|psum_110_load_reload    |   in|   16|     ap_none|                                                  psum_110_load_reload|        scalar|
|psum_118_load_reload    |   in|   16|     ap_none|                                                  psum_118_load_reload|        scalar|
|psum_126_load_reload    |   in|   16|     ap_none|                                                  psum_126_load_reload|        scalar|
|psum_7_load_reload      |   in|   16|     ap_none|                                                    psum_7_load_reload|        scalar|
|psum_15_load_reload     |   in|   16|     ap_none|                                                   psum_15_load_reload|        scalar|
|psum_23_load_reload     |   in|   16|     ap_none|                                                   psum_23_load_reload|        scalar|
|psum_31_load_reload     |   in|   16|     ap_none|                                                   psum_31_load_reload|        scalar|
|psum_39_load_reload     |   in|   16|     ap_none|                                                   psum_39_load_reload|        scalar|
|psum_47_load_reload     |   in|   16|     ap_none|                                                   psum_47_load_reload|        scalar|
|psum_55_load_reload     |   in|   16|     ap_none|                                                   psum_55_load_reload|        scalar|
|psum_63_load_reload     |   in|   16|     ap_none|                                                   psum_63_load_reload|        scalar|
|psum_71_load_reload     |   in|   16|     ap_none|                                                   psum_71_load_reload|        scalar|
|psum_79_load_reload     |   in|   16|     ap_none|                                                   psum_79_load_reload|        scalar|
|psum_87_load_reload     |   in|   16|     ap_none|                                                   psum_87_load_reload|        scalar|
|psum_95_load_reload     |   in|   16|     ap_none|                                                   psum_95_load_reload|        scalar|
|psum_103_load_reload    |   in|   16|     ap_none|                                                  psum_103_load_reload|        scalar|
|psum_111_load_reload    |   in|   16|     ap_none|                                                  psum_111_load_reload|        scalar|
|psum_119_load_reload    |   in|   16|     ap_none|                                                  psum_119_load_reload|        scalar|
|psum_127_load_reload    |   in|   16|     ap_none|                                                  psum_127_load_reload|        scalar|
|bias                    |   in|   16|     ap_none|                                                                  bias|        scalar|
|empty                   |   in|    4|     ap_none|                                                                 empty|        scalar|
+------------------------+-----+-----+------------+----------------------------------------------------------------------+--------------+

