

================================================================
== Vitis HLS Report for 'Fused_Conv_CNorm_Act_16_960_960_half_Pipeline_PREFETCH_NEXT_INPUT_ROW'
================================================================
* Date:           Sat Jul  4 22:05:05 2026

* Version:        2025.2 (Build 6295257 on Nov 14 2025)
* Project:        prj
* Solution:       solution1 (Vitis Kernel Flow Target)
* Product family: zynquplus
* Target device:  xczu7ev-ffvc1156-2-e


================================================================
== Performance Estimates
================================================================
+ Timing: 
    * Summary: 
    +--------+---------+----------+------------+
    |  Clock |  Target | Estimated| Uncertainty|
    +--------+---------+----------+------------+
    |ap_clk  |  3.33 ns|  2.433 ns|     0.90 ns|
    +--------+---------+----------+------------+

+ Latency: 
    * Summary: 
    +---------+---------+----------+----------+-----+-----+-------------------+
    |  Latency (cycles) |  Latency (absolute) |  Interval |      Pipeline     |
    |   min   |   max   |    min   |    max   | min | max |        Type       |
    +---------+---------+----------+----------+-----+-----+-------------------+
    |      963|      963|  3.210 us|  3.210 us|    0|    0|  loop pipeline stp|
    +---------+---------+----------+----------+-----+-----+-------------------+

    + Detail: 
        * Instance: 
        N/A

        * Loop: 
        +---------------------------+---------+---------+----------+-----------+-----------+------+----------+
        |                           |  Latency (cycles) | Iteration|  Initiation Interval  | Trip |          |
        |         Loop Name         |   min   |   max   |  Latency |  achieved |   target  | Count| Pipelined|
        +---------------------------+---------+---------+----------+-----------+-----------+------+----------+
        |- PREFETCH_NEXT_INPUT_ROW  |      961|      961|         3|          1|          1|   960|       yes|
        +---------------------------+---------+---------+----------+-----------+-----------+------+----------+



================================================================
== Utilization Estimates
================================================================
* Summary: 
+-----------------+---------+------+--------+--------+-----+
|       Name      | BRAM_18K|  DSP |   FF   |   LUT  | URAM|
+-----------------+---------+------+--------+--------+-----+
|DSP              |        -|     -|       -|       -|    -|
|Expression       |        -|     -|       0|     127|    -|
|FIFO             |        -|     -|       -|       -|    -|
|Instance         |        -|     -|       -|       -|    -|
|Memory           |        -|     -|       -|       -|    -|
|Multiplexer      |        -|     -|       0|      63|    -|
|Register         |        -|     -|     307|       -|    -|
+-----------------+---------+------+--------+--------+-----+
|Total            |        0|     0|     307|     190|    0|
+-----------------+---------+------+--------+--------+-----+
|Available        |      624|  1728|  460800|  230400|   96|
+-----------------+---------+------+--------+--------+-----+
|Utilization (%)  |        0|     0|      ~0|      ~0|    0|
+-----------------+---------+------+--------+--------+-----+

+ Detail: 
    * Instance: 
    N/A

    * DSP: 
    N/A

    * Memory: 
    N/A

    * FIFO: 
    N/A

    * Expression: 
    +---------------------------+----------+----+---+----+------------+------------+
    |       Variable Name       | Operation| DSP| FF| LUT| Bitwidth P0| Bitwidth P1|
    +---------------------------+----------+----+---+----+------------+------------+
    |add_ln372_1_fu_579_p2      |         +|   0|  0|  17|          10|           1|
    |add_ln372_fu_469_p2        |         +|   0|  0|  17|          10|           1|
    |add_ln374_1_fu_489_p2      |         +|   0|  0|  28|          21|          11|
    |add_ln374_fu_551_p2        |         +|   0|  0|  15|           8|           8|
    |ap_block_pp0_stage0_11001  |       and|   0|  0|   2|           1|           1|
    |ap_condition_238           |       and|   0|  0|   2|           1|           1|
    |icmp_ln372_1_fu_585_p2     |      icmp|   0|  0|  17|          10|           6|
    |icmp_ln372_fu_463_p2       |      icmp|   0|  0|  17|          10|           8|
    |select_ln372_fu_591_p3     |    select|   0|  0|  10|           1|           1|
    |ap_enable_pp0              |       xor|   0|  0|   2|           1|           2|
    +---------------------------+----------+----+---+----+------------+------------+
    |Total                      |          |   0|  0| 127|          73|          40|
    +---------------------------+----------+----+---+----+------------+------------+

    * Multiplexer: 
    +-------------------------+----+-----------+-----+-----------+
    |           Name          | LUT| Input Size| Bits| Total Bits|
    +-------------------------+----+-----------+-----+-----------+
    |ap_done_int              |   9|          2|    1|          2|
    |ap_enable_reg_pp0_iter1  |   9|          2|    1|          2|
    |ap_sig_allocacmp_i       |   9|          2|   10|         20|
    |gmem_in_blk_n_R          |   9|          2|    1|          2|
    |i_1_fu_148               |   9|          2|   10|         20|
    |phi_mul531_fu_144        |   9|          2|   21|         42|
    |phi_urem_fu_140          |   9|          2|   10|         20|
    +-------------------------+----+-----------+-----+-----------+
    |Total                    |  63|         14|   54|        108|
    +-------------------------+----+-----------+-----+-----------+

    * Register: 
    +-------------------------------------------+-----+----+-----+-----------+
    |                    Name                   |  FF | LUT| Bits| Const Bits|
    +-------------------------------------------+-----+----+-----+-----------+
    |ap_CS_fsm                                  |    1|   0|    1|          0|
    |ap_block_pp0_stage0_subdone_grp0_done_reg  |    1|   0|    1|          0|
    |ap_done_reg                                |    1|   0|    1|          0|
    |ap_enable_reg_pp0_iter1                    |    1|   0|    1|          0|
    |ap_enable_reg_pp0_iter2                    |    1|   0|    1|          0|
    |ap_loop_exit_ready_pp0_iter1_reg           |    1|   0|    1|          0|
    |gmem_in_addr_read_reg_644                  |  256|   0|  256|          0|
    |i_1_fu_148                                 |   10|   0|   10|          0|
    |phi_mul531_fu_144                          |   21|   0|   21|          0|
    |phi_urem_fu_140                            |   10|   0|   10|          0|
    |trunc_ln374_1_reg_640                      |    4|   0|    4|          0|
    +-------------------------------------------+-----+----+-----+-----------+
    |Total                                      |  307|   0|  307|          0|
    +-------------------------------------------+-----+----+-----+-----------+



================================================================
== Interface
================================================================
* Summary: 
+--------------------------+-----+-----+------------+---------------------------------------------------------------------------+--------------+
|         RTL Ports        | Dir | Bits|  Protocol  |                               Source Object                               |    C Type    |
+--------------------------+-----+-----+------------+---------------------------------------------------------------------------+--------------+
|ap_clk                    |   in|    1|  ap_ctrl_hs|  Fused_Conv_CNorm_Act<16, 960, 960, half>_Pipeline_PREFETCH_NEXT_INPUT_ROW|  return value|
|ap_rst                    |   in|    1|  ap_ctrl_hs|  Fused_Conv_CNorm_Act<16, 960, 960, half>_Pipeline_PREFETCH_NEXT_INPUT_ROW|  return value|
|ap_start                  |   in|    1|  ap_ctrl_hs|  Fused_Conv_CNorm_Act<16, 960, 960, half>_Pipeline_PREFETCH_NEXT_INPUT_ROW|  return value|
|ap_done                   |  out|    1|  ap_ctrl_hs|  Fused_Conv_CNorm_Act<16, 960, 960, half>_Pipeline_PREFETCH_NEXT_INPUT_ROW|  return value|
|ap_idle                   |  out|    1|  ap_ctrl_hs|  Fused_Conv_CNorm_Act<16, 960, 960, half>_Pipeline_PREFETCH_NEXT_INPUT_ROW|  return value|
|ap_ready                  |  out|    1|  ap_ctrl_hs|  Fused_Conv_CNorm_Act<16, 960, 960, half>_Pipeline_PREFETCH_NEXT_INPUT_ROW|  return value|
|m_axi_gmem_in_0_AWVALID   |  out|    1|       m_axi|                                                                    gmem_in|       pointer|
|m_axi_gmem_in_0_AWREADY   |   in|    1|       m_axi|                                                                    gmem_in|       pointer|
|m_axi_gmem_in_0_AWADDR    |  out|   64|       m_axi|                                                                    gmem_in|       pointer|
|m_axi_gmem_in_0_AWID      |  out|    1|       m_axi|                                                                    gmem_in|       pointer|
|m_axi_gmem_in_0_AWLEN     |  out|   32|       m_axi|                                                                    gmem_in|       pointer|
|m_axi_gmem_in_0_AWSIZE    |  out|    3|       m_axi|                                                                    gmem_in|       pointer|
|m_axi_gmem_in_0_AWBURST   |  out|    2|       m_axi|                                                                    gmem_in|       pointer|
|m_axi_gmem_in_0_AWLOCK    |  out|    2|       m_axi|                                                                    gmem_in|       pointer|
|m_axi_gmem_in_0_AWCACHE   |  out|    4|       m_axi|                                                                    gmem_in|       pointer|
|m_axi_gmem_in_0_AWPROT    |  out|    3|       m_axi|                                                                    gmem_in|       pointer|
|m_axi_gmem_in_0_AWQOS     |  out|    4|       m_axi|                                                                    gmem_in|       pointer|
|m_axi_gmem_in_0_AWREGION  |  out|    4|       m_axi|                                                                    gmem_in|       pointer|
|m_axi_gmem_in_0_AWUSER    |  out|    1|       m_axi|                                                                    gmem_in|       pointer|
|m_axi_gmem_in_0_WVALID    |  out|    1|       m_axi|                                                                    gmem_in|       pointer|
|m_axi_gmem_in_0_WREADY    |   in|    1|       m_axi|                                                                    gmem_in|       pointer|
|m_axi_gmem_in_0_WDATA     |  out|  256|       m_axi|                                                                    gmem_in|       pointer|
|m_axi_gmem_in_0_WSTRB     |  out|   32|       m_axi|                                                                    gmem_in|       pointer|
|m_axi_gmem_in_0_WLAST     |  out|    1|       m_axi|                                                                    gmem_in|       pointer|
|m_axi_gmem_in_0_WID       |  out|    1|       m_axi|                                                                    gmem_in|       pointer|
|m_axi_gmem_in_0_WUSER     |  out|    1|       m_axi|                                                                    gmem_in|       pointer|
|m_axi_gmem_in_0_ARVALID   |  out|    1|       m_axi|                                                                    gmem_in|       pointer|
|m_axi_gmem_in_0_ARREADY   |   in|    1|       m_axi|                                                                    gmem_in|       pointer|
|m_axi_gmem_in_0_ARADDR    |  out|   64|       m_axi|                                                                    gmem_in|       pointer|
|m_axi_gmem_in_0_ARID      |  out|    1|       m_axi|                                                                    gmem_in|       pointer|
|m_axi_gmem_in_0_ARLEN     |  out|   32|       m_axi|                                                                    gmem_in|       pointer|
|m_axi_gmem_in_0_ARSIZE    |  out|    3|       m_axi|                                                                    gmem_in|       pointer|
|m_axi_gmem_in_0_ARBURST   |  out|    2|       m_axi|                                                                    gmem_in|       pointer|
|m_axi_gmem_in_0_ARLOCK    |  out|    2|       m_axi|                                                                    gmem_in|       pointer|
|m_axi_gmem_in_0_ARCACHE   |  out|    4|       m_axi|                                                                    gmem_in|       pointer|
|m_axi_gmem_in_0_ARPROT    |  out|    3|       m_axi|                                                                    gmem_in|       pointer|
|m_axi_gmem_in_0_ARQOS     |  out|    4|       m_axi|                                                                    gmem_in|       pointer|
|m_axi_gmem_in_0_ARREGION  |  out|    4|       m_axi|                                                                    gmem_in|       pointer|
|m_axi_gmem_in_0_ARUSER    |  out|    1|       m_axi|                                                                    gmem_in|       pointer|
|m_axi_gmem_in_0_RVALID    |   in|    1|       m_axi|                                                                    gmem_in|       pointer|
|m_axi_gmem_in_0_RREADY    |  out|    1|       m_axi|                                                                    gmem_in|       pointer|
|m_axi_gmem_in_0_RDATA     |   in|  256|       m_axi|                                                                    gmem_in|       pointer|
|m_axi_gmem_in_0_RLAST     |   in|    1|       m_axi|                                                                    gmem_in|       pointer|
|m_axi_gmem_in_0_RID       |   in|    1|       m_axi|                                                                    gmem_in|       pointer|
|m_axi_gmem_in_0_RFIFONUM  |   in|   11|       m_axi|                                                                    gmem_in|       pointer|
|m_axi_gmem_in_0_RUSER     |   in|    1|       m_axi|                                                                    gmem_in|       pointer|
|m_axi_gmem_in_0_RRESP     |   in|    2|       m_axi|                                                                    gmem_in|       pointer|
|m_axi_gmem_in_0_BVALID    |   in|    1|       m_axi|                                                                    gmem_in|       pointer|
|m_axi_gmem_in_0_BREADY    |  out|    1|       m_axi|                                                                    gmem_in|       pointer|
|m_axi_gmem_in_0_BRESP     |   in|    2|       m_axi|                                                                    gmem_in|       pointer|
|m_axi_gmem_in_0_BID       |   in|    1|       m_axi|                                                                    gmem_in|       pointer|
|m_axi_gmem_in_0_BUSER     |   in|    1|       m_axi|                                                                    gmem_in|       pointer|
|sext_ln372                |   in|   59|     ap_none|                                                                 sext_ln372|        scalar|
|x_buf_256_i_15_address1   |  out|    8|   ap_memory|                                                             x_buf_256_i_15|         array|
|x_buf_256_i_15_ce1        |  out|    1|   ap_memory|                                                             x_buf_256_i_15|         array|
|x_buf_256_i_15_we1        |  out|    1|   ap_memory|                                                             x_buf_256_i_15|         array|
|x_buf_256_i_15_d1         |  out|  256|   ap_memory|                                                             x_buf_256_i_15|         array|
|x_buf_256_i_14_address1   |  out|    8|   ap_memory|                                                             x_buf_256_i_14|         array|
|x_buf_256_i_14_ce1        |  out|    1|   ap_memory|                                                             x_buf_256_i_14|         array|
|x_buf_256_i_14_we1        |  out|    1|   ap_memory|                                                             x_buf_256_i_14|         array|
|x_buf_256_i_14_d1         |  out|  256|   ap_memory|                                                             x_buf_256_i_14|         array|
|x_buf_256_i_13_address1   |  out|    8|   ap_memory|                                                             x_buf_256_i_13|         array|
|x_buf_256_i_13_ce1        |  out|    1|   ap_memory|                                                             x_buf_256_i_13|         array|
|x_buf_256_i_13_we1        |  out|    1|   ap_memory|                                                             x_buf_256_i_13|         array|
|x_buf_256_i_13_d1         |  out|  256|   ap_memory|                                                             x_buf_256_i_13|         array|
|x_buf_256_i_12_address1   |  out|    8|   ap_memory|                                                             x_buf_256_i_12|         array|
|x_buf_256_i_12_ce1        |  out|    1|   ap_memory|                                                             x_buf_256_i_12|         array|
|x_buf_256_i_12_we1        |  out|    1|   ap_memory|                                                             x_buf_256_i_12|         array|
|x_buf_256_i_12_d1         |  out|  256|   ap_memory|                                                             x_buf_256_i_12|         array|
|x_buf_256_i_11_address1   |  out|    8|   ap_memory|                                                             x_buf_256_i_11|         array|
|x_buf_256_i_11_ce1        |  out|    1|   ap_memory|                                                             x_buf_256_i_11|         array|
|x_buf_256_i_11_we1        |  out|    1|   ap_memory|                                                             x_buf_256_i_11|         array|
|x_buf_256_i_11_d1         |  out|  256|   ap_memory|                                                             x_buf_256_i_11|         array|
|x_buf_256_i_10_address1   |  out|    8|   ap_memory|                                                             x_buf_256_i_10|         array|
|x_buf_256_i_10_ce1        |  out|    1|   ap_memory|                                                             x_buf_256_i_10|         array|
|x_buf_256_i_10_we1        |  out|    1|   ap_memory|                                                             x_buf_256_i_10|         array|
|x_buf_256_i_10_d1         |  out|  256|   ap_memory|                                                             x_buf_256_i_10|         array|
|x_buf_256_i_9_address1    |  out|    8|   ap_memory|                                                              x_buf_256_i_9|         array|
|x_buf_256_i_9_ce1         |  out|    1|   ap_memory|                                                              x_buf_256_i_9|         array|
|x_buf_256_i_9_we1         |  out|    1|   ap_memory|                                                              x_buf_256_i_9|         array|
|x_buf_256_i_9_d1          |  out|  256|   ap_memory|                                                              x_buf_256_i_9|         array|
|x_buf_256_i_8_address1    |  out|    8|   ap_memory|                                                              x_buf_256_i_8|         array|
|x_buf_256_i_8_ce1         |  out|    1|   ap_memory|                                                              x_buf_256_i_8|         array|
|x_buf_256_i_8_we1         |  out|    1|   ap_memory|                                                              x_buf_256_i_8|         array|
|x_buf_256_i_8_d1          |  out|  256|   ap_memory|                                                              x_buf_256_i_8|         array|
|x_buf_256_i_7_address1    |  out|    8|   ap_memory|                                                              x_buf_256_i_7|         array|
|x_buf_256_i_7_ce1         |  out|    1|   ap_memory|                                                              x_buf_256_i_7|         array|
|x_buf_256_i_7_we1         |  out|    1|   ap_memory|                                                              x_buf_256_i_7|         array|
|x_buf_256_i_7_d1          |  out|  256|   ap_memory|                                                              x_buf_256_i_7|         array|
|x_buf_256_i_6_address1    |  out|    8|   ap_memory|                                                              x_buf_256_i_6|         array|
|x_buf_256_i_6_ce1         |  out|    1|   ap_memory|                                                              x_buf_256_i_6|         array|
|x_buf_256_i_6_we1         |  out|    1|   ap_memory|                                                              x_buf_256_i_6|         array|
|x_buf_256_i_6_d1          |  out|  256|   ap_memory|                                                              x_buf_256_i_6|         array|
|x_buf_256_i_5_address1    |  out|    8|   ap_memory|                                                              x_buf_256_i_5|         array|
|x_buf_256_i_5_ce1         |  out|    1|   ap_memory|                                                              x_buf_256_i_5|         array|
|x_buf_256_i_5_we1         |  out|    1|   ap_memory|                                                              x_buf_256_i_5|         array|
|x_buf_256_i_5_d1          |  out|  256|   ap_memory|                                                              x_buf_256_i_5|         array|
|x_buf_256_i_4_address1    |  out|    8|   ap_memory|                                                              x_buf_256_i_4|         array|
|x_buf_256_i_4_ce1         |  out|    1|   ap_memory|                                                              x_buf_256_i_4|         array|
|x_buf_256_i_4_we1         |  out|    1|   ap_memory|                                                              x_buf_256_i_4|         array|
|x_buf_256_i_4_d1          |  out|  256|   ap_memory|                                                              x_buf_256_i_4|         array|
|x_buf_256_i_3_address1    |  out|    8|   ap_memory|                                                              x_buf_256_i_3|         array|
|x_buf_256_i_3_ce1         |  out|    1|   ap_memory|                                                              x_buf_256_i_3|         array|
|x_buf_256_i_3_we1         |  out|    1|   ap_memory|                                                              x_buf_256_i_3|         array|
|x_buf_256_i_3_d1          |  out|  256|   ap_memory|                                                              x_buf_256_i_3|         array|
|x_buf_256_i_2_address1    |  out|    8|   ap_memory|                                                              x_buf_256_i_2|         array|
|x_buf_256_i_2_ce1         |  out|    1|   ap_memory|                                                              x_buf_256_i_2|         array|
|x_buf_256_i_2_we1         |  out|    1|   ap_memory|                                                              x_buf_256_i_2|         array|
|x_buf_256_i_2_d1          |  out|  256|   ap_memory|                                                              x_buf_256_i_2|         array|
|x_buf_256_i_1_address1    |  out|    8|   ap_memory|                                                              x_buf_256_i_1|         array|
|x_buf_256_i_1_ce1         |  out|    1|   ap_memory|                                                              x_buf_256_i_1|         array|
|x_buf_256_i_1_we1         |  out|    1|   ap_memory|                                                              x_buf_256_i_1|         array|
|x_buf_256_i_1_d1          |  out|  256|   ap_memory|                                                              x_buf_256_i_1|         array|
|x_buf_256_i_0_address1    |  out|    8|   ap_memory|                                                              x_buf_256_i_0|         array|
|x_buf_256_i_0_ce1         |  out|    1|   ap_memory|                                                              x_buf_256_i_0|         array|
|x_buf_256_i_0_we1         |  out|    1|   ap_memory|                                                              x_buf_256_i_0|         array|
|x_buf_256_i_0_d1          |  out|  256|   ap_memory|                                                              x_buf_256_i_0|         array|
|mul_ln374_1               |   in|    8|     ap_none|                                                                mul_ln374_1|        scalar|
+--------------------------+-----+-----+------------+---------------------------------------------------------------------------+--------------+

