

================================================================
== Vitis HLS Report for 'UpConv_Fused_Row_8_s'
================================================================
* Date:           Mon Jun  1 15:33:02 2026

* Version:        2024.2 (Build 5238294 on Nov  8 2024)
* Project:        prj
* Solution:       solution1 (Vitis Kernel Flow Target)
* Product family: zynquplus
* Target device:  xczu7ev-ffvc1156-2-e


================================================================
== Performance Estimates
================================================================
+ Timing: 
    * Summary: 
    +--------+---------+----------+------------+
    |  Clock |  Target | Estimated| Uncertainty|
    +--------+---------+----------+------------+
    |ap_clk  |  3.33 ns|  3.239 ns|     0.90 ns|
    +--------+---------+----------+------------+

+ Latency: 
    * Summary: 
    +---------+---------+----------+-----------+------+---------+---------+
    |  Latency (cycles) |  Latency (absolute)  |    Interval    | Pipeline|
    |   min   |   max   |    min   |    max    |  min |   max   |   Type  |
    +---------+---------+----------+-----------+------+---------+---------+
    |     2839|  4490499|  9.462 us|  14.967 ms|  2839|  4490499|       no|
    +---------+---------+----------+-----------+------+---------+---------+

    + Detail: 
        * Instance: 
        +------------------------------------------------------+-------------------------------------------+---------+---------+----------+-----------+------+---------+------------------------------------------------+
        |                                                      |                                           |  Latency (cycles) |  Latency (absolute)  |    Interval    |                    Pipeline                    |
        |                       Instance                       |                   Module                  |   min   |   max   |    min   |    max    |  min |   max   |                      Type                      |
        +------------------------------------------------------+-------------------------------------------+---------+---------+----------+-----------+------+---------+------------------------------------------------+
        |grp_UpConv_Fused_Row_8_Pipeline_RESET_ROW_ACC_fu_252  |UpConv_Fused_Row_8_Pipeline_RESET_ROW_ACC  |      130|     1026|  0.433 us|   3.420 us|   129|     1025|  loop auto-rewind stp (delay=0 clock cycles(s))|
        |grp_UpConv_Fused_Row_8_Pipeline_LOAD_PARAMS_fu_290    |UpConv_Fused_Row_8_Pipeline_LOAD_PARAMS    |       86|      164|  0.287 us|   0.547 us|    15|       93|  loop auto-rewind stp (delay=0 clock cycles(s))|
        |grp_UpConv_Fused_Row_8_Outline_TILE_LOOP_fu_303       |UpConv_Fused_Row_8_Outline_TILE_LOOP       |      329|  4466101|  1.097 us|  14.886 ms|   329|  4466101|                                              no|
        |grp_UpConv_Fused_Row_8_Pipeline_PIXEL_STATS_fu_360    |UpConv_Fused_Row_8_Pipeline_PIXEL_STATS    |     2150|    15590|  7.166 us|  51.961 us|  1921|    15361|  loop auto-rewind stp (delay=0 clock cycles(s))|
        |grp_UpConv_Fused_Row_8_Pipeline_PIXEL_NORM_fu_405     |UpConv_Fused_Row_8_Pipeline_PIXEL_NORM     |      221|     7773|  0.737 us|  25.907 us|   129|     7681|  loop auto-rewind stp (delay=0 clock cycles(s))|
        +------------------------------------------------------+-------------------------------------------+---------+---------+----------+-----------+------+---------+------------------------------------------------+

        * Loop: 
        N/A



================================================================
== Utilization Estimates
================================================================
* Summary: 
+-----------------+---------+------+--------+--------+-----+
|       Name      | BRAM_18K|  DSP |   FF   |   LUT  | URAM|
+-----------------+---------+------+--------+--------+-----+
|DSP              |        -|     -|       -|       -|    -|
|Expression       |        -|     -|       0|     147|    -|
|FIFO             |        -|     -|       -|       -|    -|
|Instance         |      120|   673|   68828|   43212|    -|
|Memory           |       24|     -|      96|     192|   32|
|Multiplexer      |        -|     -|       0|    4234|    -|
|Register         |        -|     -|     418|       -|    -|
+-----------------+---------+------+--------+--------+-----+
|Total            |      144|   673|   69342|   47785|   32|
+-----------------+---------+------+--------+--------+-----+
|Available        |      624|  1728|  460800|  230400|   96|
+-----------------+---------+------+--------+--------+-----+
|Utilization (%)  |       23|    38|      15|      20|   33|
+-----------------+---------+------+--------+--------+-----+

+ Detail: 
    * Instance: 
    +------------------------------------------------------+-------------------------------------------+---------+-----+-------+-------+-----+
    |                       Instance                       |                   Module                  | BRAM_18K| DSP |   FF  |  LUT  | URAM|
    +------------------------------------------------------+-------------------------------------------+---------+-----+-------+-------+-----+
    |grp_UpConv_Fused_Row_8_Outline_TILE_LOOP_fu_303       |UpConv_Fused_Row_8_Outline_TILE_LOOP       |      120|  497|  44107|  28604|    0|
    |grp_UpConv_Fused_Row_8_Pipeline_LOAD_PARAMS_fu_290    |UpConv_Fused_Row_8_Pipeline_LOAD_PARAMS    |        0|    0|   1280|    639|    0|
    |grp_UpConv_Fused_Row_8_Pipeline_PIXEL_NORM_fu_405     |UpConv_Fused_Row_8_Pipeline_PIXEL_NORM     |        0|   34|   6148|   4124|    0|
    |grp_UpConv_Fused_Row_8_Pipeline_PIXEL_STATS_fu_360    |UpConv_Fused_Row_8_Pipeline_PIXEL_STATS    |        0|   46|  12552|   6468|    0|
    |grp_UpConv_Fused_Row_8_Pipeline_RESET_ROW_ACC_fu_252  |UpConv_Fused_Row_8_Pipeline_RESET_ROW_ACC  |        0|    0|     85|    311|    0|
    |hadd_16ns_16ns_16_5_full_dsp_1_U665                   |hadd_16ns_16ns_16_5_full_dsp_1             |        0|    2|    109|    113|    0|
    |hadd_16ns_16ns_16_5_full_dsp_1_U666                   |hadd_16ns_16ns_16_5_full_dsp_1             |        0|    2|    109|    113|    0|
    |hadd_16ns_16ns_16_5_full_dsp_1_U667                   |hadd_16ns_16ns_16_5_full_dsp_1             |        0|    2|    109|    113|    0|
    |hadd_16ns_16ns_16_5_full_dsp_1_U668                   |hadd_16ns_16ns_16_5_full_dsp_1             |        0|    2|    109|    113|    0|
    |hadd_16ns_16ns_16_5_full_dsp_1_U669                   |hadd_16ns_16ns_16_5_full_dsp_1             |        0|    2|    109|    113|    0|
    |hadd_16ns_16ns_16_5_full_dsp_1_U670                   |hadd_16ns_16ns_16_5_full_dsp_1             |        0|    2|    109|    113|    0|
    |hadd_16ns_16ns_16_5_full_dsp_1_U671                   |hadd_16ns_16ns_16_5_full_dsp_1             |        0|    2|    109|    113|    0|
    |hadd_16ns_16ns_16_5_full_dsp_1_U672                   |hadd_16ns_16ns_16_5_full_dsp_1             |        0|    2|    109|    113|    0|
    |hadd_16ns_16ns_16_5_full_dsp_1_U673                   |hadd_16ns_16ns_16_5_full_dsp_1             |        0|    2|    109|    113|    0|
    |hadd_16ns_16ns_16_5_full_dsp_1_U674                   |hadd_16ns_16ns_16_5_full_dsp_1             |        0|    2|    109|    113|    0|
    |hadd_16ns_16ns_16_5_full_dsp_1_U675                   |hadd_16ns_16ns_16_5_full_dsp_1             |        0|    2|    109|    113|    0|
    |hadd_16ns_16ns_16_5_full_dsp_1_U676                   |hadd_16ns_16ns_16_5_full_dsp_1             |        0|    2|    109|    113|    0|
    |hadd_16ns_16ns_16_5_full_dsp_1_U677                   |hadd_16ns_16ns_16_5_full_dsp_1             |        0|    2|    109|    113|    0|
    |hadd_16ns_16ns_16_5_full_dsp_1_U678                   |hadd_16ns_16ns_16_5_full_dsp_1             |        0|    2|    109|    113|    0|
    |hadd_16ns_16ns_16_5_full_dsp_1_U679                   |hadd_16ns_16ns_16_5_full_dsp_1             |        0|    2|    109|    113|    0|
    |hadd_16ns_16ns_16_5_full_dsp_1_U680                   |hadd_16ns_16ns_16_5_full_dsp_1             |        0|    2|    109|    113|    0|
    |hmul_16ns_16ns_16_4_max_dsp_1_U681                    |hmul_16ns_16ns_16_4_max_dsp_1              |        0|    2|     91|     34|    0|
    |hmul_16ns_16ns_16_4_max_dsp_1_U682                    |hmul_16ns_16ns_16_4_max_dsp_1              |        0|    2|     91|     34|    0|
    |hmul_16ns_16ns_16_4_max_dsp_1_U683                    |hmul_16ns_16ns_16_4_max_dsp_1              |        0|    2|     91|     34|    0|
    |hmul_16ns_16ns_16_4_max_dsp_1_U684                    |hmul_16ns_16ns_16_4_max_dsp_1              |        0|    2|     91|     34|    0|
    |hmul_16ns_16ns_16_4_max_dsp_1_U685                    |hmul_16ns_16ns_16_4_max_dsp_1              |        0|    2|     91|     34|    0|
    |hmul_16ns_16ns_16_4_max_dsp_1_U686                    |hmul_16ns_16ns_16_4_max_dsp_1              |        0|    2|     91|     34|    0|
    |hmul_16ns_16ns_16_4_max_dsp_1_U687                    |hmul_16ns_16ns_16_4_max_dsp_1              |        0|    2|     91|     34|    0|
    |hmul_16ns_16ns_16_4_max_dsp_1_U688                    |hmul_16ns_16ns_16_4_max_dsp_1              |        0|    2|     91|     34|    0|
    |hmul_16ns_16ns_16_4_max_dsp_1_U689                    |hmul_16ns_16ns_16_4_max_dsp_1              |        0|    2|     91|     34|    0|
    |hmul_16ns_16ns_16_4_max_dsp_1_U690                    |hmul_16ns_16ns_16_4_max_dsp_1              |        0|    2|     91|     34|    0|
    |hmul_16ns_16ns_16_4_max_dsp_1_U691                    |hmul_16ns_16ns_16_4_max_dsp_1              |        0|    2|     91|     34|    0|
    |hmul_16ns_16ns_16_4_max_dsp_1_U692                    |hmul_16ns_16ns_16_4_max_dsp_1              |        0|    2|     91|     34|    0|
    |hmul_16ns_16ns_16_4_max_dsp_1_U693                    |hmul_16ns_16ns_16_4_max_dsp_1              |        0|    2|     91|     34|    0|
    |hmul_16ns_16ns_16_4_max_dsp_1_U694                    |hmul_16ns_16ns_16_4_max_dsp_1              |        0|    2|     91|     34|    0|
    |hmul_16ns_16ns_16_4_max_dsp_1_U695                    |hmul_16ns_16ns_16_4_max_dsp_1              |        0|    2|     91|     34|    0|
    |hmul_16ns_16ns_16_4_max_dsp_1_U696                    |hmul_16ns_16ns_16_4_max_dsp_1              |        0|    2|     91|     34|    0|
    |hmul_16ns_16ns_16_4_max_dsp_1_U697                    |hmul_16ns_16ns_16_4_max_dsp_1              |        0|    2|     91|     34|    0|
    |hmul_16ns_16ns_16_4_max_dsp_1_U698                    |hmul_16ns_16ns_16_4_max_dsp_1              |        0|    2|     91|     34|    0|
    |hmul_16ns_16ns_16_4_max_dsp_1_U699                    |hmul_16ns_16ns_16_4_max_dsp_1              |        0|    2|     91|     34|    0|
    |hmul_16ns_16ns_16_4_max_dsp_1_U700                    |hmul_16ns_16ns_16_4_max_dsp_1              |        0|    2|     91|     34|    0|
    |hmul_16ns_16ns_16_4_max_dsp_1_U701                    |hmul_16ns_16ns_16_4_max_dsp_1              |        0|    2|     91|     34|    0|
    |hmul_16ns_16ns_16_4_max_dsp_1_U702                    |hmul_16ns_16ns_16_4_max_dsp_1              |        0|    2|     91|     34|    0|
    |hmul_16ns_16ns_16_4_max_dsp_1_U703                    |hmul_16ns_16ns_16_4_max_dsp_1              |        0|    2|     91|     34|    0|
    |hmul_16ns_16ns_16_4_max_dsp_1_U704                    |hmul_16ns_16ns_16_4_max_dsp_1              |        0|    2|     91|     34|    0|
    |hmul_16ns_16ns_16_4_max_dsp_1_U705                    |hmul_16ns_16ns_16_4_max_dsp_1              |        0|    2|     91|     34|    0|
    |hmul_16ns_16ns_16_4_max_dsp_1_U706                    |hmul_16ns_16ns_16_4_max_dsp_1              |        0|    2|     91|     34|    0|
    |hmul_16ns_16ns_16_4_max_dsp_1_U707                    |hmul_16ns_16ns_16_4_max_dsp_1              |        0|    2|     91|     34|    0|
    |hmul_16ns_16ns_16_4_max_dsp_1_U708                    |hmul_16ns_16ns_16_4_max_dsp_1              |        0|    2|     91|     34|    0|
    |hmul_16ns_16ns_16_4_max_dsp_1_U709                    |hmul_16ns_16ns_16_4_max_dsp_1              |        0|    2|     91|     34|    0|
    |hmul_16ns_16ns_16_4_max_dsp_1_U710                    |hmul_16ns_16ns_16_4_max_dsp_1              |        0|    2|     91|     34|    0|
    |hmul_16ns_16ns_16_4_max_dsp_1_U711                    |hmul_16ns_16ns_16_4_max_dsp_1              |        0|    2|     91|     34|    0|
    |hmul_16ns_16ns_16_4_max_dsp_1_U712                    |hmul_16ns_16ns_16_4_max_dsp_1              |        0|    2|     91|     34|    0|
    |hptosp_16ns_32_2_no_dsp_1_U660                        |hptosp_16ns_32_2_no_dsp_1                  |        0|    0|      0|      0|    0|
    |mul_6ns_8ns_13_1_1_U662                               |mul_6ns_8ns_13_1_1                         |        0|    0|      0|     40|    0|
    |mul_8ns_5ns_12_1_1_U661                               |mul_8ns_5ns_12_1_1                         |        0|    0|      0|     40|    0|
    |mul_8ns_8ns_15_1_1_U664                               |mul_8ns_8ns_15_1_1                         |        0|    0|      0|     40|    0|
    |mul_9ns_8ns_16_1_1_U663                               |mul_9ns_8ns_16_1_1                         |        0|    0|      0|     50|    0|
    |sitofp_32ns_32_7_no_dsp_1_U659                        |sitofp_32ns_32_7_no_dsp_1                  |        0|    0|      0|      0|    0|
    |sptohp_32ns_16_2_no_dsp_1_U713                        |sptohp_32ns_16_2_no_dsp_1                  |        0|    0|      0|      0|    0|
    +------------------------------------------------------+-------------------------------------------+---------+-----+-------+-------+-----+
    |Total                                                 |                                           |      120|  673|  68828|  43212|    0|
    +------------------------------------------------------+-------------------------------------------+---------+-----+-------+-------+-----+

    * DSP: 
    N/A

    * Memory: 
    +-------------------------------------------------------------------------------------------------------------------------------------------------------------------+----------------------------------------------------------------------------------+---------+----+-----+-----+------+-----+------+-------------+
    |                                                                               Memory                                                                              |                                      Module                                      | BRAM_18K| FF | LUT | URAM| Words| Bits| Banks| W*Bits*Banks|
    +-------------------------------------------------------------------------------------------------------------------------------------------------------------------+----------------------------------------------------------------------------------+---------+----+-----+-----+------+-----+------+-------------+
    |b_buf_U                                                                                                                                                            |UpConv_Fused_Row_8_s_b_buf_RAM_T2P_BRAM_1R1W                                      |        8|   0|    0|    0|    30|  256|     1|         7680|
    |g_buf_U                                                                                                                                                            |UpConv_Fused_Row_8_s_b_buf_RAM_T2P_BRAM_1R1W                                      |        8|   0|    0|    0|    30|  256|     1|         7680|
    |be_buf_U                                                                                                                                                           |UpConv_Fused_Row_8_s_b_buf_RAM_T2P_BRAM_1R1W                                      |        8|   0|    0|    0|    30|  256|     1|         7680|
    |inv_buf_U                                                                                                                                                          |UpConv_Fused_Row_8_s_inv_buf_RAM_2P_LUTRAM_1R1W                                   |        0|  32|   64|    0|   256|   16|     1|         4096|
    |mean_buf_U                                                                                                                                                         |UpConv_Fused_Row_8_s_mean_buf_RAM_2P_LUTRAM_1R1W                                  |        0|  64|  128|    0|   256|   32|     1|         8192|
    |void_UpConv_Fused_Row_ap_uint_ap_uint_const_ap_uint_const_ap_uint_const_ap_u_9_U                                                                                   |UpConv_Fused_Row_8_s_void_UpConv_Fused_Row_ap_uint_ap_uint_const_ap_uint_consbkb  |        0|   0|    0|    2|  7680|   16|     1|       122880|
    |void_UpConv_Fused_Row_ap_uint_ap_uint_const_ap_uint_const_ap_uint_const_ap_u_8_U                                                                                   |UpConv_Fused_Row_8_s_void_UpConv_Fused_Row_ap_uint_ap_uint_const_ap_uint_consbkb  |        0|   0|    0|    2|  7680|   16|     1|       122880|
    |void_UpConv_Fused_Row_ap_uint_ap_uint_const_ap_uint_const_ap_uint_const_ap_u_7_U                                                                                   |UpConv_Fused_Row_8_s_void_UpConv_Fused_Row_ap_uint_ap_uint_const_ap_uint_consbkb  |        0|   0|    0|    2|  7680|   16|     1|       122880|
    |void_UpConv_Fused_Row_ap_uint_ap_uint_const_ap_uint_const_ap_uint_const_ap_u_6_U                                                                                   |UpConv_Fused_Row_8_s_void_UpConv_Fused_Row_ap_uint_ap_uint_const_ap_uint_consbkb  |        0|   0|    0|    2|  7680|   16|     1|       122880|
    |void_UpConv_Fused_Row_ap_uint_ap_uint_const_ap_uint_const_ap_uint_const_ap_u_5_U                                                                                   |UpConv_Fused_Row_8_s_void_UpConv_Fused_Row_ap_uint_ap_uint_const_ap_uint_consbkb  |        0|   0|    0|    2|  7680|   16|     1|       122880|
    |void_UpConv_Fused_Row_ap_uint_ap_uint_const_ap_uint_const_ap_uint_const_ap_u_4_U                                                                                   |UpConv_Fused_Row_8_s_void_UpConv_Fused_Row_ap_uint_ap_uint_const_ap_uint_consbkb  |        0|   0|    0|    2|  7680|   16|     1|       122880|
    |void_UpConv_Fused_Row_ap_uint_ap_uint_const_ap_uint_const_ap_uint_const_ap_u_3_U                                                                                   |UpConv_Fused_Row_8_s_void_UpConv_Fused_Row_ap_uint_ap_uint_const_ap_uint_consbkb  |        0|   0|    0|    2|  7680|   16|     1|       122880|
    |void_UpConv_Fused_Row_ap_uint_ap_uint_const_ap_uint_const_ap_uint_const_ap_u_2_U                                                                                   |UpConv_Fused_Row_8_s_void_UpConv_Fused_Row_ap_uint_ap_uint_const_ap_uint_consbkb  |        0|   0|    0|    2|  7680|   16|     1|       122880|
    |void_UpConv_Fused_Row_ap_uint_ap_uint_const_ap_uint_const_ap_uint_const_ap_u_1_U                                                                                   |UpConv_Fused_Row_8_s_void_UpConv_Fused_Row_ap_uint_ap_uint_const_ap_uint_consbkb  |        0|   0|    0|    2|  7680|   16|     1|       122880|
    |void_UpConv_Fused_Row_ap_uint_ap_uint_const_ap_uint_const_ap_uint_const_ap_u_U                                                                                     |UpConv_Fused_Row_8_s_void_UpConv_Fused_Row_ap_uint_ap_uint_const_ap_uint_consbkb  |        0|   0|    0|    2|  7680|   16|     1|       122880|
    |void_UpConv_Fused_Row_8_ap_uint_256_ap_uint_256_const_ap_uint_256_const_ap_uint_256_const_ap_uint_256_const_ap_uint_256_decimal16_int_int_int_int_int_row_acc_U    |UpConv_Fused_Row_8_s_void_UpConv_Fused_Row_ap_uint_ap_uint_const_ap_uint_consbkb  |        0|   0|    0|    2|  7680|   16|     1|       122880|
    |void_UpConv_Fused_Row_8_ap_uint_256_ap_uint_256_const_ap_uint_256_const_ap_uint_256_const_ap_uint_256_const_ap_uint_256_decimal16_int_int_int_int_int_row_acc_0_U  |UpConv_Fused_Row_8_s_void_UpConv_Fused_Row_ap_uint_ap_uint_const_ap_uint_consbkb  |        0|   0|    0|    2|  7680|   16|     1|       122880|
    |void_UpConv_Fused_Row_8_ap_uint_256_ap_uint_256_const_ap_uint_256_const_ap_uint_256_const_ap_uint_256_const_ap_uint_256_decimal16_int_int_int_int_int_row_acc_1_U  |UpConv_Fused_Row_8_s_void_UpConv_Fused_Row_ap_uint_ap_uint_const_ap_uint_consbkb  |        0|   0|    0|    2|  7680|   16|     1|       122880|
    |void_UpConv_Fused_Row_8_ap_uint_256_ap_uint_256_const_ap_uint_256_const_ap_uint_256_const_ap_uint_256_const_ap_uint_256_decimal16_int_int_int_int_int_row_acc_2_U  |UpConv_Fused_Row_8_s_void_UpConv_Fused_Row_ap_uint_ap_uint_const_ap_uint_consbkb  |        0|   0|    0|    2|  7680|   16|     1|       122880|
    |void_UpConv_Fused_Row_8_ap_uint_256_ap_uint_256_const_ap_uint_256_const_ap_uint_256_const_ap_uint_256_const_ap_uint_256_decimal16_int_int_int_int_int_row_acc_3_U  |UpConv_Fused_Row_8_s_void_UpConv_Fused_Row_ap_uint_ap_uint_const_ap_uint_consbkb  |        0|   0|    0|    2|  7680|   16|     1|       122880|
    |void_UpConv_Fused_Row_8_ap_uint_256_ap_uint_256_const_ap_uint_256_const_ap_uint_256_const_ap_uint_256_const_ap_uint_256_decimal16_int_int_int_int_int_row_acc_4_U  |UpConv_Fused_Row_8_s_void_UpConv_Fused_Row_ap_uint_ap_uint_const_ap_uint_consbkb  |        0|   0|    0|    2|  7680|   16|     1|       122880|
    +-------------------------------------------------------------------------------------------------------------------------------------------------------------------+----------------------------------------------------------------------------------+---------+----+-----+-----+------+-----+------+-------------+
    |Total                                                                                                                                                              |                                                                                  |       24|  96|  192|   32|123482| 1072|    21|      2001408|
    +-------------------------------------------------------------------------------------------------------------------------------------------------------------------+----------------------------------------------------------------------------------+---------+----+-----+-----+------+-----+------+-------------+

    * FIFO: 
    N/A

    * Expression: 
    +---------------------------------+----------+----+---+----+------------+------------+
    |          Variable Name          | Operation| DSP| FF| LUT| Bitwidth P0| Bitwidth P1|
    +---------------------------------+----------+----+---+----+------------+------------+
    |add67_fu_623_p2                  |         +|   0|  0|  16|           9|           1|
    |add_ln85_fu_498_p2               |         +|   0|  0|  17|          10|           4|
    |add_ln86_fu_469_p2               |         +|   0|  0|  16|           9|           4|
    |add_ln88_fu_588_p2               |         +|   0|  0|  16|           9|           3|
    |mul36_fu_615_p2                  |         +|   0|  0|  17|          10|          10|
    |sub143_fu_630_p2                 |         +|   0|  0|  13|           6|           2|
    |sub16_fu_514_p2                  |         +|   0|  0|  12|           5|           2|
    |sub269_fu_665_p2                 |         +|   0|  0|  16|           9|           2|
    |sub_ln113_fu_646_p2              |         -|   0|  0|  22|          15|          15|
    |ap_block_state4_on_subcall_done  |        or|   0|  0|   2|           1|           1|
    +---------------------------------+----------+----+---+----+------------+------------+
    |Total                            |          |   0|  0| 147|          83|          44|
    +---------------------------------+----------+----+---+----+------------+------------+

    * Multiplexer: 
    +--------------------------------------------------------------------------------------------------------------------------------------------------------------------------+----+-----------+-----+-----------+
    |                                                                                   Name                                                                                   | LUT| Input Size| Bits| Total Bits|
    +--------------------------------------------------------------------------------------------------------------------------------------------------------------------------+----+-----------+-----+-----------+
    |ap_NS_fsm                                                                                                                                                                 |  59|         11|    1|         11|
    |b_buf_address0                                                                                                                                                            |  14|          3|    5|         15|
    |b_buf_ce0                                                                                                                                                                 |  14|          3|    1|          3|
    |b_buf_we0                                                                                                                                                                 |   9|          2|    1|          2|
    |be_buf_address0                                                                                                                                                           |  14|          3|    5|         15|
    |be_buf_ce0                                                                                                                                                                |  14|          3|    1|          3|
    |be_buf_we0                                                                                                                                                                |   9|          2|    1|          2|
    |g_buf_address0                                                                                                                                                            |  14|          3|    5|         15|
    |g_buf_ce0                                                                                                                                                                 |  14|          3|    1|          3|
    |g_buf_we0                                                                                                                                                                 |   9|          2|    1|          2|
    |grp_fu_1003_ce                                                                                                                                                            |  14|          3|    1|          3|
    |grp_fu_1003_p0                                                                                                                                                            |  14|          3|   16|         48|
    |grp_fu_1003_p1                                                                                                                                                            |  14|          3|   16|         48|
    |grp_fu_1007_ce                                                                                                                                                            |  14|          3|    1|          3|
    |grp_fu_1007_p0                                                                                                                                                            |  14|          3|   16|         48|
    |grp_fu_1007_p1                                                                                                                                                            |  14|          3|   16|         48|
    |grp_fu_1011_ce                                                                                                                                                            |  14|          3|    1|          3|
    |grp_fu_1011_p0                                                                                                                                                            |  14|          3|   16|         48|
    |grp_fu_1011_p1                                                                                                                                                            |  14|          3|   16|         48|
    |grp_fu_1015_ce                                                                                                                                                            |  14|          3|    1|          3|
    |grp_fu_1015_p0                                                                                                                                                            |  14|          3|   16|         48|
    |grp_fu_1015_p1                                                                                                                                                            |  14|          3|   16|         48|
    |grp_fu_1019_ce                                                                                                                                                            |  14|          3|    1|          3|
    |grp_fu_1019_p0                                                                                                                                                            |  14|          3|   16|         48|
    |grp_fu_1019_p1                                                                                                                                                            |  14|          3|   16|         48|
    |grp_fu_1023_ce                                                                                                                                                            |  14|          3|    1|          3|
    |grp_fu_1023_p0                                                                                                                                                            |  14|          3|   16|         48|
    |grp_fu_1023_p1                                                                                                                                                            |  14|          3|   16|         48|
    |grp_fu_1027_ce                                                                                                                                                            |  14|          3|    1|          3|
    |grp_fu_1027_p0                                                                                                                                                            |  14|          3|   16|         48|
    |grp_fu_1027_p1                                                                                                                                                            |  14|          3|   16|         48|
    |grp_fu_1031_ce                                                                                                                                                            |  14|          3|    1|          3|
    |grp_fu_1031_p0                                                                                                                                                            |  14|          3|   16|         48|
    |grp_fu_1031_p1                                                                                                                                                            |  14|          3|   16|         48|
    |grp_fu_1035_ce                                                                                                                                                            |  14|          3|    1|          3|
    |grp_fu_1035_p0                                                                                                                                                            |  14|          3|   16|         48|
    |grp_fu_1035_p1                                                                                                                                                            |  14|          3|   16|         48|
    |grp_fu_1039_ce                                                                                                                                                            |  14|          3|    1|          3|
    |grp_fu_1039_p0                                                                                                                                                            |  14|          3|   16|         48|
    |grp_fu_1039_p1                                                                                                                                                            |  14|          3|   16|         48|
    |grp_fu_1043_ce                                                                                                                                                            |  14|          3|    1|          3|
    |grp_fu_1043_p0                                                                                                                                                            |  14|          3|   16|         48|
    |grp_fu_1043_p1                                                                                                                                                            |  14|          3|   16|         48|
    |grp_fu_1047_ce                                                                                                                                                            |  14|          3|    1|          3|
    |grp_fu_1047_p0                                                                                                                                                            |  14|          3|   16|         48|
    |grp_fu_1047_p1                                                                                                                                                            |  14|          3|   16|         48|
    |grp_fu_1051_ce                                                                                                                                                            |  14|          3|    1|          3|
    |grp_fu_1051_p0                                                                                                                                                            |  14|          3|   16|         48|
    |grp_fu_1051_p1                                                                                                                                                            |  14|          3|   16|         48|
    |grp_fu_1055_ce                                                                                                                                                            |  14|          3|    1|          3|
    |grp_fu_1055_p0                                                                                                                                                            |  14|          3|   16|         48|
    |grp_fu_1055_p1                                                                                                                                                            |  14|          3|   16|         48|
    |grp_fu_1059_ce                                                                                                                                                            |  14|          3|    1|          3|
    |grp_fu_1059_p0                                                                                                                                                            |  14|          3|   32|         96|
    |grp_fu_460_ce                                                                                                                                                             |  14|          3|    1|          3|
    |grp_fu_460_p0                                                                                                                                                             |  14|          3|   16|         48|
    |grp_fu_867_ce                                                                                                                                                             |  20|          4|    1|          4|
    |grp_fu_867_p0                                                                                                                                                             |  20|          4|   16|         64|
    |grp_fu_867_p1                                                                                                                                                             |  20|          4|   16|         64|
    |grp_fu_871_ce                                                                                                                                                             |  14|          3|    1|          3|
    |grp_fu_871_p0                                                                                                                                                             |  14|          3|   16|         48|
    |grp_fu_871_p1                                                                                                                                                             |  14|          3|   16|         48|
    |grp_fu_875_ce                                                                                                                                                             |  14|          3|    1|          3|
    |grp_fu_875_p0                                                                                                                                                             |  14|          3|   16|         48|
    |grp_fu_875_p1                                                                                                                                                             |  14|          3|   16|         48|
    |grp_fu_879_ce                                                                                                                                                             |  14|          3|    1|          3|
    |grp_fu_879_p0                                                                                                                                                             |  14|          3|   16|         48|
    |grp_fu_879_p1                                                                                                                                                             |  14|          3|   16|         48|
    |grp_fu_883_ce                                                                                                                                                             |  14|          3|    1|          3|
    |grp_fu_883_p0                                                                                                                                                             |  14|          3|   16|         48|
    |grp_fu_883_p1                                                                                                                                                             |  14|          3|   16|         48|
    |grp_fu_887_ce                                                                                                                                                             |  14|          3|    1|          3|
    |grp_fu_887_p0                                                                                                                                                             |  14|          3|   16|         48|
    |grp_fu_887_p1                                                                                                                                                             |  14|          3|   16|         48|
    |grp_fu_891_ce                                                                                                                                                             |  14|          3|    1|          3|
    |grp_fu_891_p0                                                                                                                                                             |  14|          3|   16|         48|
    |grp_fu_891_p1                                                                                                                                                             |  14|          3|   16|         48|
    |grp_fu_895_ce                                                                                                                                                             |  14|          3|    1|          3|
    |grp_fu_895_p0                                                                                                                                                             |  14|          3|   16|         48|
    |grp_fu_895_p1                                                                                                                                                             |  14|          3|   16|         48|
    |grp_fu_899_ce                                                                                                                                                             |  14|          3|    1|          3|
    |grp_fu_899_p0                                                                                                                                                             |  14|          3|   16|         48|
    |grp_fu_899_p1                                                                                                                                                             |  14|          3|   16|         48|
    |grp_fu_903_ce                                                                                                                                                             |  14|          3|    1|          3|
    |grp_fu_903_p0                                                                                                                                                             |  14|          3|   16|         48|
    |grp_fu_903_p1                                                                                                                                                             |  14|          3|   16|         48|
    |grp_fu_907_ce                                                                                                                                                             |  14|          3|    1|          3|
    |grp_fu_907_p0                                                                                                                                                             |  14|          3|   16|         48|
    |grp_fu_907_p1                                                                                                                                                             |  14|          3|   16|         48|
    |grp_fu_911_ce                                                                                                                                                             |  14|          3|    1|          3|
    |grp_fu_911_p0                                                                                                                                                             |  14|          3|   16|         48|
    |grp_fu_911_p1                                                                                                                                                             |  14|          3|   16|         48|
    |grp_fu_915_ce                                                                                                                                                             |  14|          3|    1|          3|
    |grp_fu_915_p0                                                                                                                                                             |  14|          3|   16|         48|
    |grp_fu_915_p1                                                                                                                                                             |  14|          3|   16|         48|
    |grp_fu_919_ce                                                                                                                                                             |  14|          3|    1|          3|
    |grp_fu_919_p0                                                                                                                                                             |  14|          3|   16|         48|
    |grp_fu_919_p1                                                                                                                                                             |  14|          3|   16|         48|
    |grp_fu_923_ce                                                                                                                                                             |  14|          3|    1|          3|
    |grp_fu_923_p0                                                                                                                                                             |  14|          3|   16|         48|
    |grp_fu_923_p1                                                                                                                                                             |  14|          3|   16|         48|
    |grp_fu_927_ce                                                                                                                                                             |  14|          3|    1|          3|
    |grp_fu_927_p0                                                                                                                                                             |  14|          3|   16|         48|
    |grp_fu_927_p1                                                                                                                                                             |  14|          3|   16|         48|
    |grp_fu_931_ce                                                                                                                                                             |  14|          3|    1|          3|
    |grp_fu_931_p0                                                                                                                                                             |  14|          3|   16|         48|
    |grp_fu_931_p1                                                                                                                                                             |  14|          3|   16|         48|
    |grp_fu_935_ce                                                                                                                                                             |  14|          3|    1|          3|
    |grp_fu_935_p0                                                                                                                                                             |  14|          3|   16|         48|
    |grp_fu_935_p1                                                                                                                                                             |  14|          3|   16|         48|
    |grp_fu_939_ce                                                                                                                                                             |  14|          3|    1|          3|
    |grp_fu_939_p0                                                                                                                                                             |  14|          3|   16|         48|
    |grp_fu_939_p1                                                                                                                                                             |  14|          3|   16|         48|
    |grp_fu_943_ce                                                                                                                                                             |  14|          3|    1|          3|
    |grp_fu_943_p0                                                                                                                                                             |  14|          3|   16|         48|
    |grp_fu_943_p1                                                                                                                                                             |  14|          3|   16|         48|
    |grp_fu_947_ce                                                                                                                                                             |  14|          3|    1|          3|
    |grp_fu_947_p0                                                                                                                                                             |  14|          3|   16|         48|
    |grp_fu_947_p1                                                                                                                                                             |  14|          3|   16|         48|
    |grp_fu_951_ce                                                                                                                                                             |  14|          3|    1|          3|
    |grp_fu_951_p0                                                                                                                                                             |  14|          3|   16|         48|
    |grp_fu_951_p1                                                                                                                                                             |  14|          3|   16|         48|
    |grp_fu_955_ce                                                                                                                                                             |  14|          3|    1|          3|
    |grp_fu_955_p0                                                                                                                                                             |  14|          3|   16|         48|
    |grp_fu_955_p1                                                                                                                                                             |  14|          3|   16|         48|
    |grp_fu_959_ce                                                                                                                                                             |  14|          3|    1|          3|
    |grp_fu_959_p0                                                                                                                                                             |  14|          3|   16|         48|
    |grp_fu_959_p1                                                                                                                                                             |  14|          3|   16|         48|
    |grp_fu_963_ce                                                                                                                                                             |  14|          3|    1|          3|
    |grp_fu_963_p0                                                                                                                                                             |  14|          3|   16|         48|
    |grp_fu_963_p1                                                                                                                                                             |  14|          3|   16|         48|
    |grp_fu_967_ce                                                                                                                                                             |  14|          3|    1|          3|
    |grp_fu_967_p0                                                                                                                                                             |  14|          3|   16|         48|
    |grp_fu_967_p1                                                                                                                                                             |  14|          3|   16|         48|
    |grp_fu_971_ce                                                                                                                                                             |  14|          3|    1|          3|
    |grp_fu_971_p0                                                                                                                                                             |  14|          3|   16|         48|
    |grp_fu_971_p1                                                                                                                                                             |  14|          3|   16|         48|
    |grp_fu_975_ce                                                                                                                                                             |  14|          3|    1|          3|
    |grp_fu_975_p0                                                                                                                                                             |  14|          3|   16|         48|
    |grp_fu_975_p1                                                                                                                                                             |  14|          3|   16|         48|
    |grp_fu_979_ce                                                                                                                                                             |  14|          3|    1|          3|
    |grp_fu_979_p0                                                                                                                                                             |  14|          3|   16|         48|
    |grp_fu_979_p1                                                                                                                                                             |  14|          3|   16|         48|
    |grp_fu_983_ce                                                                                                                                                             |  14|          3|    1|          3|
    |grp_fu_983_p0                                                                                                                                                             |  14|          3|   16|         48|
    |grp_fu_983_p1                                                                                                                                                             |  14|          3|   16|         48|
    |grp_fu_987_ce                                                                                                                                                             |  14|          3|    1|          3|
    |grp_fu_987_p0                                                                                                                                                             |  14|          3|   16|         48|
    |grp_fu_987_p1                                                                                                                                                             |  14|          3|   16|         48|
    |grp_fu_991_ce                                                                                                                                                             |  14|          3|    1|          3|
    |grp_fu_991_p0                                                                                                                                                             |  14|          3|   16|         48|
    |grp_fu_991_p1                                                                                                                                                             |  14|          3|   16|         48|
    |grp_fu_995_ce                                                                                                                                                             |  14|          3|    1|          3|
    |grp_fu_995_p0                                                                                                                                                             |  14|          3|   16|         48|
    |grp_fu_995_p1                                                                                                                                                             |  14|          3|   16|         48|
    |grp_fu_999_ce                                                                                                                                                             |  14|          3|    1|          3|
    |grp_fu_999_p0                                                                                                                                                             |  14|          3|   16|         48|
    |grp_fu_999_p1                                                                                                                                                             |  14|          3|   16|         48|
    |inv_buf_ce0                                                                                                                                                               |   9|          2|    1|          2|
    |inv_buf_ce1                                                                                                                                                               |   9|          2|    1|          2|
    |inv_buf_we1                                                                                                                                                               |   9|          2|    1|          2|
    |mean_buf_ce0                                                                                                                                                              |   9|          2|    1|          2|
    |mean_buf_ce1                                                                                                                                                              |   9|          2|    1|          2|
    |mean_buf_we1                                                                                                                                                              |   9|          2|    1|          2|
    |void_UpConv_Fused_Row_8_ap_uint_256_ap_uint_256_const_ap_uint_256_const_ap_uint_256_const_ap_uint_256_const_ap_uint_256_decimal16_int_int_int_int_int_row_acc_0_address0  |  26|          5|   13|         65|
    |void_UpConv_Fused_Row_8_ap_uint_256_ap_uint_256_const_ap_uint_256_const_ap_uint_256_const_ap_uint_256_const_ap_uint_256_decimal16_int_int_int_int_int_row_acc_0_address1  |  14|          3|   13|         39|
    |void_UpConv_Fused_Row_8_ap_uint_256_ap_uint_256_const_ap_uint_256_const_ap_uint_256_const_ap_uint_256_const_ap_uint_256_decimal16_int_int_int_int_int_row_acc_0_ce0       |  26|          5|    1|          5|
    |void_UpConv_Fused_Row_8_ap_uint_256_ap_uint_256_const_ap_uint_256_const_ap_uint_256_const_ap_uint_256_const_ap_uint_256_decimal16_int_int_int_int_int_row_acc_0_ce1       |  14|          3|    1|          3|
    |void_UpConv_Fused_Row_8_ap_uint_256_ap_uint_256_const_ap_uint_256_const_ap_uint_256_const_ap_uint_256_const_ap_uint_256_decimal16_int_int_int_int_int_row_acc_0_d0        |  20|          4|   16|         64|
    |void_UpConv_Fused_Row_8_ap_uint_256_ap_uint_256_const_ap_uint_256_const_ap_uint_256_const_ap_uint_256_const_ap_uint_256_decimal16_int_int_int_int_int_row_acc_0_we0       |  20|          4|    1|          4|
    |void_UpConv_Fused_Row_8_ap_uint_256_ap_uint_256_const_ap_uint_256_const_ap_uint_256_const_ap_uint_256_const_ap_uint_256_decimal16_int_int_int_int_int_row_acc_1_address0  |  26|          5|   13|         65|
    |void_UpConv_Fused_Row_8_ap_uint_256_ap_uint_256_const_ap_uint_256_const_ap_uint_256_const_ap_uint_256_const_ap_uint_256_decimal16_int_int_int_int_int_row_acc_1_address1  |  14|          3|   13|         39|
    |void_UpConv_Fused_Row_8_ap_uint_256_ap_uint_256_const_ap_uint_256_const_ap_uint_256_const_ap_uint_256_const_ap_uint_256_decimal16_int_int_int_int_int_row_acc_1_ce0       |  26|          5|    1|          5|
    |void_UpConv_Fused_Row_8_ap_uint_256_ap_uint_256_const_ap_uint_256_const_ap_uint_256_const_ap_uint_256_const_ap_uint_256_decimal16_int_int_int_int_int_row_acc_1_ce1       |  14|          3|    1|          3|
    |void_UpConv_Fused_Row_8_ap_uint_256_ap_uint_256_const_ap_uint_256_const_ap_uint_256_const_ap_uint_256_const_ap_uint_256_decimal16_int_int_int_int_int_row_acc_1_d0        |  20|          4|   16|         64|
    |void_UpConv_Fused_Row_8_ap_uint_256_ap_uint_256_const_ap_uint_256_const_ap_uint_256_const_ap_uint_256_const_ap_uint_256_decimal16_int_int_int_int_int_row_acc_1_we0       |  20|          4|    1|          4|
    |void_UpConv_Fused_Row_8_ap_uint_256_ap_uint_256_const_ap_uint_256_const_ap_uint_256_const_ap_uint_256_const_ap_uint_256_decimal16_int_int_int_int_int_row_acc_2_address0  |  26|          5|   13|         65|
    |void_UpConv_Fused_Row_8_ap_uint_256_ap_uint_256_const_ap_uint_256_const_ap_uint_256_const_ap_uint_256_const_ap_uint_256_decimal16_int_int_int_int_int_row_acc_2_address1  |  14|          3|   13|         39|
    |void_UpConv_Fused_Row_8_ap_uint_256_ap_uint_256_const_ap_uint_256_const_ap_uint_256_const_ap_uint_256_const_ap_uint_256_decimal16_int_int_int_int_int_row_acc_2_ce0       |  26|          5|    1|          5|
    |void_UpConv_Fused_Row_8_ap_uint_256_ap_uint_256_const_ap_uint_256_const_ap_uint_256_const_ap_uint_256_const_ap_uint_256_decimal16_int_int_int_int_int_row_acc_2_ce1       |  14|          3|    1|          3|
    |void_UpConv_Fused_Row_8_ap_uint_256_ap_uint_256_const_ap_uint_256_const_ap_uint_256_const_ap_uint_256_const_ap_uint_256_decimal16_int_int_int_int_int_row_acc_2_d0        |  20|          4|   16|         64|
    |void_UpConv_Fused_Row_8_ap_uint_256_ap_uint_256_const_ap_uint_256_const_ap_uint_256_const_ap_uint_256_const_ap_uint_256_decimal16_int_int_int_int_int_row_acc_2_we0       |  20|          4|    1|          4|
    |void_UpConv_Fused_Row_8_ap_uint_256_ap_uint_256_const_ap_uint_256_const_ap_uint_256_const_ap_uint_256_const_ap_uint_256_decimal16_int_int_int_int_int_row_acc_3_address0  |  26|          5|   13|         65|
    |void_UpConv_Fused_Row_8_ap_uint_256_ap_uint_256_const_ap_uint_256_const_ap_uint_256_const_ap_uint_256_const_ap_uint_256_decimal16_int_int_int_int_int_row_acc_3_address1  |  14|          3|   13|         39|
    |void_UpConv_Fused_Row_8_ap_uint_256_ap_uint_256_const_ap_uint_256_const_ap_uint_256_const_ap_uint_256_const_ap_uint_256_decimal16_int_int_int_int_int_row_acc_3_ce0       |  26|          5|    1|          5|
    |void_UpConv_Fused_Row_8_ap_uint_256_ap_uint_256_const_ap_uint_256_const_ap_uint_256_const_ap_uint_256_const_ap_uint_256_decimal16_int_int_int_int_int_row_acc_3_ce1       |  14|          3|    1|          3|
    |void_UpConv_Fused_Row_8_ap_uint_256_ap_uint_256_const_ap_uint_256_const_ap_uint_256_const_ap_uint_256_const_ap_uint_256_decimal16_int_int_int_int_int_row_acc_3_d0        |  20|          4|   16|         64|
    |void_UpConv_Fused_Row_8_ap_uint_256_ap_uint_256_const_ap_uint_256_const_ap_uint_256_const_ap_uint_256_const_ap_uint_256_decimal16_int_int_int_int_int_row_acc_3_we0       |  20|          4|    1|          4|
    |void_UpConv_Fused_Row_8_ap_uint_256_ap_uint_256_const_ap_uint_256_const_ap_uint_256_const_ap_uint_256_const_ap_uint_256_decimal16_int_int_int_int_int_row_acc_4_address0  |  26|          5|   13|         65|
    |void_UpConv_Fused_Row_8_ap_uint_256_ap_uint_256_const_ap_uint_256_const_ap_uint_256_const_ap_uint_256_const_ap_uint_256_decimal16_int_int_int_int_int_row_acc_4_address1  |  14|          3|   13|         39|
    |void_UpConv_Fused_Row_8_ap_uint_256_ap_uint_256_const_ap_uint_256_const_ap_uint_256_const_ap_uint_256_const_ap_uint_256_decimal16_int_int_int_int_int_row_acc_4_ce0       |  26|          5|    1|          5|
    |void_UpConv_Fused_Row_8_ap_uint_256_ap_uint_256_const_ap_uint_256_const_ap_uint_256_const_ap_uint_256_const_ap_uint_256_decimal16_int_int_int_int_int_row_acc_4_ce1       |  14|          3|    1|          3|
    |void_UpConv_Fused_Row_8_ap_uint_256_ap_uint_256_const_ap_uint_256_const_ap_uint_256_const_ap_uint_256_const_ap_uint_256_decimal16_int_int_int_int_int_row_acc_4_d0        |  20|          4|   16|         64|
    |void_UpConv_Fused_Row_8_ap_uint_256_ap_uint_256_const_ap_uint_256_const_ap_uint_256_const_ap_uint_256_const_ap_uint_256_decimal16_int_int_int_int_int_row_acc_4_we0       |  20|          4|    1|          4|
    |void_UpConv_Fused_Row_8_ap_uint_256_ap_uint_256_const_ap_uint_256_const_ap_uint_256_const_ap_uint_256_const_ap_uint_256_decimal16_int_int_int_int_int_row_acc_address0    |  26|          5|   13|         65|
    |void_UpConv_Fused_Row_8_ap_uint_256_ap_uint_256_const_ap_uint_256_const_ap_uint_256_const_ap_uint_256_const_ap_uint_256_decimal16_int_int_int_int_int_row_acc_address1    |  14|          3|   13|         39|
    |void_UpConv_Fused_Row_8_ap_uint_256_ap_uint_256_const_ap_uint_256_const_ap_uint_256_const_ap_uint_256_const_ap_uint_256_decimal16_int_int_int_int_int_row_acc_ce0         |  26|          5|    1|          5|
    |void_UpConv_Fused_Row_8_ap_uint_256_ap_uint_256_const_ap_uint_256_const_ap_uint_256_const_ap_uint_256_const_ap_uint_256_decimal16_int_int_int_int_int_row_acc_ce1         |  14|          3|    1|          3|
    |void_UpConv_Fused_Row_8_ap_uint_256_ap_uint_256_const_ap_uint_256_const_ap_uint_256_const_ap_uint_256_const_ap_uint_256_decimal16_int_int_int_int_int_row_acc_d0          |  20|          4|   16|         64|
    |void_UpConv_Fused_Row_8_ap_uint_256_ap_uint_256_const_ap_uint_256_const_ap_uint_256_const_ap_uint_256_const_ap_uint_256_decimal16_int_int_int_int_int_row_acc_we0         |  20|          4|    1|          4|
    |void_UpConv_Fused_Row_ap_uint_ap_uint_const_ap_uint_const_ap_uint_const_ap_u_1_address0                                                                                   |  26|          5|   13|         65|
    |void_UpConv_Fused_Row_ap_uint_ap_uint_const_ap_uint_const_ap_uint_const_ap_u_1_address1                                                                                   |  14|          3|   13|         39|
    |void_UpConv_Fused_Row_ap_uint_ap_uint_const_ap_uint_const_ap_uint_const_ap_u_1_ce0                                                                                        |  26|          5|    1|          5|
    |void_UpConv_Fused_Row_ap_uint_ap_uint_const_ap_uint_const_ap_uint_const_ap_u_1_ce1                                                                                        |  14|          3|    1|          3|
    |void_UpConv_Fused_Row_ap_uint_ap_uint_const_ap_uint_const_ap_uint_const_ap_u_1_d0                                                                                         |  20|          4|   16|         64|
    |void_UpConv_Fused_Row_ap_uint_ap_uint_const_ap_uint_const_ap_uint_const_ap_u_1_we0                                                                                        |  20|          4|    1|          4|
    |void_UpConv_Fused_Row_ap_uint_ap_uint_const_ap_uint_const_ap_uint_const_ap_u_2_address0                                                                                   |  26|          5|   13|         65|
    |void_UpConv_Fused_Row_ap_uint_ap_uint_const_ap_uint_const_ap_uint_const_ap_u_2_address1                                                                                   |  14|          3|   13|         39|
    |void_UpConv_Fused_Row_ap_uint_ap_uint_const_ap_uint_const_ap_uint_const_ap_u_2_ce0                                                                                        |  26|          5|    1|          5|
    |void_UpConv_Fused_Row_ap_uint_ap_uint_const_ap_uint_const_ap_uint_const_ap_u_2_ce1                                                                                        |  14|          3|    1|          3|
    |void_UpConv_Fused_Row_ap_uint_ap_uint_const_ap_uint_const_ap_uint_const_ap_u_2_d0                                                                                         |  20|          4|   16|         64|
    |void_UpConv_Fused_Row_ap_uint_ap_uint_const_ap_uint_const_ap_uint_const_ap_u_2_we0                                                                                        |  20|          4|    1|          4|
    |void_UpConv_Fused_Row_ap_uint_ap_uint_const_ap_uint_const_ap_uint_const_ap_u_3_address0                                                                                   |  26|          5|   13|         65|
    |void_UpConv_Fused_Row_ap_uint_ap_uint_const_ap_uint_const_ap_uint_const_ap_u_3_address1                                                                                   |  14|          3|   13|         39|
    |void_UpConv_Fused_Row_ap_uint_ap_uint_const_ap_uint_const_ap_uint_const_ap_u_3_ce0                                                                                        |  26|          5|    1|          5|
    |void_UpConv_Fused_Row_ap_uint_ap_uint_const_ap_uint_const_ap_uint_const_ap_u_3_ce1                                                                                        |  14|          3|    1|          3|
    |void_UpConv_Fused_Row_ap_uint_ap_uint_const_ap_uint_const_ap_uint_const_ap_u_3_d0                                                                                         |  20|          4|   16|         64|
    |void_UpConv_Fused_Row_ap_uint_ap_uint_const_ap_uint_const_ap_uint_const_ap_u_3_we0                                                                                        |  20|          4|    1|          4|
    |void_UpConv_Fused_Row_ap_uint_ap_uint_const_ap_uint_const_ap_uint_const_ap_u_4_address0                                                                                   |  26|          5|   13|         65|
    |void_UpConv_Fused_Row_ap_uint_ap_uint_const_ap_uint_const_ap_uint_const_ap_u_4_address1                                                                                   |  14|          3|   13|         39|
    |void_UpConv_Fused_Row_ap_uint_ap_uint_const_ap_uint_const_ap_uint_const_ap_u_4_ce0                                                                                        |  26|          5|    1|          5|
    |void_UpConv_Fused_Row_ap_uint_ap_uint_const_ap_uint_const_ap_uint_const_ap_u_4_ce1                                                                                        |  14|          3|    1|          3|
    |void_UpConv_Fused_Row_ap_uint_ap_uint_const_ap_uint_const_ap_uint_const_ap_u_4_d0                                                                                         |  20|          4|   16|         64|
    |void_UpConv_Fused_Row_ap_uint_ap_uint_const_ap_uint_const_ap_uint_const_ap_u_4_we0                                                                                        |  20|          4|    1|          4|
    |void_UpConv_Fused_Row_ap_uint_ap_uint_const_ap_uint_const_ap_uint_const_ap_u_5_address0                                                                                   |  26|          5|   13|         65|
    |void_UpConv_Fused_Row_ap_uint_ap_uint_const_ap_uint_const_ap_uint_const_ap_u_5_address1                                                                                   |  14|          3|   13|         39|
    |void_UpConv_Fused_Row_ap_uint_ap_uint_const_ap_uint_const_ap_uint_const_ap_u_5_ce0                                                                                        |  26|          5|    1|          5|
    |void_UpConv_Fused_Row_ap_uint_ap_uint_const_ap_uint_const_ap_uint_const_ap_u_5_ce1                                                                                        |  14|          3|    1|          3|
    |void_UpConv_Fused_Row_ap_uint_ap_uint_const_ap_uint_const_ap_uint_const_ap_u_5_d0                                                                                         |  20|          4|   16|         64|
    |void_UpConv_Fused_Row_ap_uint_ap_uint_const_ap_uint_const_ap_uint_const_ap_u_5_we0                                                                                        |  20|          4|    1|          4|
    |void_UpConv_Fused_Row_ap_uint_ap_uint_const_ap_uint_const_ap_uint_const_ap_u_6_address0                                                                                   |  26|          5|   13|         65|
    |void_UpConv_Fused_Row_ap_uint_ap_uint_const_ap_uint_const_ap_uint_const_ap_u_6_address1                                                                                   |  14|          3|   13|         39|
    |void_UpConv_Fused_Row_ap_uint_ap_uint_const_ap_uint_const_ap_uint_const_ap_u_6_ce0                                                                                        |  26|          5|    1|          5|
    |void_UpConv_Fused_Row_ap_uint_ap_uint_const_ap_uint_const_ap_uint_const_ap_u_6_ce1                                                                                        |  14|          3|    1|          3|
    |void_UpConv_Fused_Row_ap_uint_ap_uint_const_ap_uint_const_ap_uint_const_ap_u_6_d0                                                                                         |  20|          4|   16|         64|
    |void_UpConv_Fused_Row_ap_uint_ap_uint_const_ap_uint_const_ap_uint_const_ap_u_6_we0                                                                                        |  20|          4|    1|          4|
    |void_UpConv_Fused_Row_ap_uint_ap_uint_const_ap_uint_const_ap_uint_const_ap_u_7_address0                                                                                   |  26|          5|   13|         65|
    |void_UpConv_Fused_Row_ap_uint_ap_uint_const_ap_uint_const_ap_uint_const_ap_u_7_address1                                                                                   |  14|          3|   13|         39|
    |void_UpConv_Fused_Row_ap_uint_ap_uint_const_ap_uint_const_ap_uint_const_ap_u_7_ce0                                                                                        |  26|          5|    1|          5|
    |void_UpConv_Fused_Row_ap_uint_ap_uint_const_ap_uint_const_ap_uint_const_ap_u_7_ce1                                                                                        |  14|          3|    1|          3|
    |void_UpConv_Fused_Row_ap_uint_ap_uint_const_ap_uint_const_ap_uint_const_ap_u_7_d0                                                                                         |  20|          4|   16|         64|
    |void_UpConv_Fused_Row_ap_uint_ap_uint_const_ap_uint_const_ap_uint_const_ap_u_7_we0                                                                                        |  20|          4|    1|          4|
    |void_UpConv_Fused_Row_ap_uint_ap_uint_const_ap_uint_const_ap_uint_const_ap_u_8_address0                                                                                   |  26|          5|   13|         65|
    |void_UpConv_Fused_Row_ap_uint_ap_uint_const_ap_uint_const_ap_uint_const_ap_u_8_address1                                                                                   |  14|          3|   13|         39|
    |void_UpConv_Fused_Row_ap_uint_ap_uint_const_ap_uint_const_ap_uint_const_ap_u_8_ce0                                                                                        |  26|          5|    1|          5|
    |void_UpConv_Fused_Row_ap_uint_ap_uint_const_ap_uint_const_ap_uint_const_ap_u_8_ce1                                                                                        |  14|          3|    1|          3|
    |void_UpConv_Fused_Row_ap_uint_ap_uint_const_ap_uint_const_ap_uint_const_ap_u_8_d0                                                                                         |  20|          4|   16|         64|
    |void_UpConv_Fused_Row_ap_uint_ap_uint_const_ap_uint_const_ap_uint_const_ap_u_8_we0                                                                                        |  20|          4|    1|          4|
    |void_UpConv_Fused_Row_ap_uint_ap_uint_const_ap_uint_const_ap_uint_const_ap_u_9_address0                                                                                   |  26|          5|   13|         65|
    |void_UpConv_Fused_Row_ap_uint_ap_uint_const_ap_uint_const_ap_uint_const_ap_u_9_address1                                                                                   |  14|          3|   13|         39|
    |void_UpConv_Fused_Row_ap_uint_ap_uint_const_ap_uint_const_ap_uint_const_ap_u_9_ce0                                                                                        |  26|          5|    1|          5|
    |void_UpConv_Fused_Row_ap_uint_ap_uint_const_ap_uint_const_ap_uint_const_ap_u_9_ce1                                                                                        |  14|          3|    1|          3|
    |void_UpConv_Fused_Row_ap_uint_ap_uint_const_ap_uint_const_ap_uint_const_ap_u_9_d0                                                                                         |  20|          4|   16|         64|
    |void_UpConv_Fused_Row_ap_uint_ap_uint_const_ap_uint_const_ap_uint_const_ap_u_9_we0                                                                                        |  20|          4|    1|          4|
    |void_UpConv_Fused_Row_ap_uint_ap_uint_const_ap_uint_const_ap_uint_const_ap_u_address0                                                                                     |  26|          5|   13|         65|
    |void_UpConv_Fused_Row_ap_uint_ap_uint_const_ap_uint_const_ap_uint_const_ap_u_address1                                                                                     |  14|          3|   13|         39|
    |void_UpConv_Fused_Row_ap_uint_ap_uint_const_ap_uint_const_ap_uint_const_ap_u_ce0                                                                                          |  26|          5|    1|          5|
    |void_UpConv_Fused_Row_ap_uint_ap_uint_const_ap_uint_const_ap_uint_const_ap_u_ce1                                                                                          |  14|          3|    1|          3|
    |void_UpConv_Fused_Row_ap_uint_ap_uint_const_ap_uint_const_ap_uint_const_ap_u_d0                                                                                           |  20|          4|   16|         64|
    |void_UpConv_Fused_Row_ap_uint_ap_uint_const_ap_uint_const_ap_uint_const_ap_u_we0                                                                                          |  20|          4|    1|          4|
    +--------------------------------------------------------------------------------------------------------------------------------------------------------------------------+----+-----------+-----+-----------+
    |Total                                                                                                                                                                     |4234|        878| 2382|       7898|
    +--------------------------------------------------------------------------------------------------------------------------------------------------------------------------+----+-----------+-----+-----------+

    * Register: 
    +-------------------------------------------------------------------+----+----+-----+-----------+
    |                                Name                               | FF | LUT| Bits| Const Bits|
    +-------------------------------------------------------------------+----+----+-----+-----------+
    |CI_WORDS_reg_736                                                   |   6|   0|    6|          0|
    |C_WORDS_OUT_reg_724                                                |   5|   0|    5|          0|
    |W_OUT_reg_801                                                      |   8|   0|    9|          1|
    |add67_reg_817                                                      |   9|   0|    9|          0|
    |ap_CS_fsm                                                          |  10|   0|   10|          0|
    |conv1_reg_842                                                      |  32|   0|   32|          0|
    |conv2_reg_832                                                      |  32|   0|   32|          0|
    |grp_UpConv_Fused_Row_8_Outline_TILE_LOOP_fu_303_ap_start_reg       |   1|   0|    1|          0|
    |grp_UpConv_Fused_Row_8_Pipeline_LOAD_PARAMS_fu_290_ap_start_reg    |   1|   0|    1|          0|
    |grp_UpConv_Fused_Row_8_Pipeline_PIXEL_NORM_fu_405_ap_start_reg     |   1|   0|    1|          0|
    |grp_UpConv_Fused_Row_8_Pipeline_PIXEL_STATS_fu_360_ap_start_reg    |   1|   0|    1|          0|
    |grp_UpConv_Fused_Row_8_Pipeline_RESET_ROW_ACC_fu_252_ap_start_reg  |   1|   0|    1|          0|
    |mul36_reg_811                                                      |  10|   0|   10|          0|
    |mul37232_reg_852                                                   |  15|   0|   15|          0|
    |mul5_reg_862                                                       |  15|   0|   16|          1|
    |mul_ln102_reg_731                                                  |  12|   0|   12|          0|
    |mul_ln117_reg_774                                                  |  13|   0|   13|          0|
    |shl_ln4_reg_847                                                    |  16|   0|   17|          1|
    |shl_ln_reg_753                                                     |  12|   0|   13|          1|
    |sub143_reg_822                                                     |   6|   0|    6|          0|
    |sub16_reg_747                                                      |   5|   0|    5|          0|
    |sub269_reg_837                                                     |   9|   0|    9|          0|
    |sub_ln113_reg_827                                                  |  15|   0|   15|          0|
    |trunc_ln207_1_reg_764                                              |  59|   0|   59|          0|
    |trunc_ln207_2_reg_769                                              |  59|   0|   59|          0|
    |trunc_ln3_reg_759                                                  |  59|   0|   59|          0|
    |trunc_ln_reg_806                                                   |   6|   0|    6|          0|
    +-------------------------------------------------------------------+----+----+-----+-----------+
    |Total                                                              | 418|   0|  422|          4|
    +-------------------------------------------------------------------+----+----+-----+-----------+



================================================================
== Interface
================================================================
* Summary: 
+------------------------------+-----+-----+------------+---------------------+--------------+
|           RTL Ports          | Dir | Bits|  Protocol  |    Source Object    |    C Type    |
+------------------------------+-----+-----+------------+---------------------+--------------+
|ap_clk                        |   in|    1|  ap_ctrl_hs|  UpConv_Fused_Row<8>|  return value|
|ap_rst                        |   in|    1|  ap_ctrl_hs|  UpConv_Fused_Row<8>|  return value|
|ap_start                      |   in|    1|  ap_ctrl_hs|  UpConv_Fused_Row<8>|  return value|
|ap_done                       |  out|    1|  ap_ctrl_hs|  UpConv_Fused_Row<8>|  return value|
|ap_idle                       |  out|    1|  ap_ctrl_hs|  UpConv_Fused_Row<8>|  return value|
|ap_ready                      |  out|    1|  ap_ctrl_hs|  UpConv_Fused_Row<8>|  return value|
|m_axi_gmem_weight_0_AWVALID   |  out|    1|       m_axi|          gmem_weight|       pointer|
|m_axi_gmem_weight_0_AWREADY   |   in|    1|       m_axi|          gmem_weight|       pointer|
|m_axi_gmem_weight_0_AWADDR    |  out|   64|       m_axi|          gmem_weight|       pointer|
|m_axi_gmem_weight_0_AWID      |  out|    1|       m_axi|          gmem_weight|       pointer|
|m_axi_gmem_weight_0_AWLEN     |  out|   32|       m_axi|          gmem_weight|       pointer|
|m_axi_gmem_weight_0_AWSIZE    |  out|    3|       m_axi|          gmem_weight|       pointer|
|m_axi_gmem_weight_0_AWBURST   |  out|    2|       m_axi|          gmem_weight|       pointer|
|m_axi_gmem_weight_0_AWLOCK    |  out|    2|       m_axi|          gmem_weight|       pointer|
|m_axi_gmem_weight_0_AWCACHE   |  out|    4|       m_axi|          gmem_weight|       pointer|
|m_axi_gmem_weight_0_AWPROT    |  out|    3|       m_axi|          gmem_weight|       pointer|
|m_axi_gmem_weight_0_AWQOS     |  out|    4|       m_axi|          gmem_weight|       pointer|
|m_axi_gmem_weight_0_AWREGION  |  out|    4|       m_axi|          gmem_weight|       pointer|
|m_axi_gmem_weight_0_AWUSER    |  out|    1|       m_axi|          gmem_weight|       pointer|
|m_axi_gmem_weight_0_WVALID    |  out|    1|       m_axi|          gmem_weight|       pointer|
|m_axi_gmem_weight_0_WREADY    |   in|    1|       m_axi|          gmem_weight|       pointer|
|m_axi_gmem_weight_0_WDATA     |  out|  256|       m_axi|          gmem_weight|       pointer|
|m_axi_gmem_weight_0_WSTRB     |  out|   32|       m_axi|          gmem_weight|       pointer|
|m_axi_gmem_weight_0_WLAST     |  out|    1|       m_axi|          gmem_weight|       pointer|
|m_axi_gmem_weight_0_WID       |  out|    1|       m_axi|          gmem_weight|       pointer|
|m_axi_gmem_weight_0_WUSER     |  out|    1|       m_axi|          gmem_weight|       pointer|
|m_axi_gmem_weight_0_ARVALID   |  out|    1|       m_axi|          gmem_weight|       pointer|
|m_axi_gmem_weight_0_ARREADY   |   in|    1|       m_axi|          gmem_weight|       pointer|
|m_axi_gmem_weight_0_ARADDR    |  out|   64|       m_axi|          gmem_weight|       pointer|
|m_axi_gmem_weight_0_ARID      |  out|    1|       m_axi|          gmem_weight|       pointer|
|m_axi_gmem_weight_0_ARLEN     |  out|   32|       m_axi|          gmem_weight|       pointer|
|m_axi_gmem_weight_0_ARSIZE    |  out|    3|       m_axi|          gmem_weight|       pointer|
|m_axi_gmem_weight_0_ARBURST   |  out|    2|       m_axi|          gmem_weight|       pointer|
|m_axi_gmem_weight_0_ARLOCK    |  out|    2|       m_axi|          gmem_weight|       pointer|
|m_axi_gmem_weight_0_ARCACHE   |  out|    4|       m_axi|          gmem_weight|       pointer|
|m_axi_gmem_weight_0_ARPROT    |  out|    3|       m_axi|          gmem_weight|       pointer|
|m_axi_gmem_weight_0_ARQOS     |  out|    4|       m_axi|          gmem_weight|       pointer|
|m_axi_gmem_weight_0_ARREGION  |  out|    4|       m_axi|          gmem_weight|       pointer|
|m_axi_gmem_weight_0_ARUSER    |  out|    1|       m_axi|          gmem_weight|       pointer|
|m_axi_gmem_weight_0_RVALID    |   in|    1|       m_axi|          gmem_weight|       pointer|
|m_axi_gmem_weight_0_RREADY    |  out|    1|       m_axi|          gmem_weight|       pointer|
|m_axi_gmem_weight_0_RDATA     |   in|  256|       m_axi|          gmem_weight|       pointer|
|m_axi_gmem_weight_0_RLAST     |   in|    1|       m_axi|          gmem_weight|       pointer|
|m_axi_gmem_weight_0_RID       |   in|    1|       m_axi|          gmem_weight|       pointer|
|m_axi_gmem_weight_0_RFIFONUM  |   in|   11|       m_axi|          gmem_weight|       pointer|
|m_axi_gmem_weight_0_RUSER     |   in|    1|       m_axi|          gmem_weight|       pointer|
|m_axi_gmem_weight_0_RRESP     |   in|    2|       m_axi|          gmem_weight|       pointer|
|m_axi_gmem_weight_0_BVALID    |   in|    1|       m_axi|          gmem_weight|       pointer|
|m_axi_gmem_weight_0_BREADY    |  out|    1|       m_axi|          gmem_weight|       pointer|
|m_axi_gmem_weight_0_BRESP     |   in|    2|       m_axi|          gmem_weight|       pointer|
|m_axi_gmem_weight_0_BID       |   in|    1|       m_axi|          gmem_weight|       pointer|
|m_axi_gmem_weight_0_BUSER     |   in|    1|       m_axi|          gmem_weight|       pointer|
|W_ptr                         |   in|   64|     ap_none|                W_ptr|        scalar|
|m_axi_gmem_param_0_AWVALID    |  out|    1|       m_axi|           gmem_param|       pointer|
|m_axi_gmem_param_0_AWREADY    |   in|    1|       m_axi|           gmem_param|       pointer|
|m_axi_gmem_param_0_AWADDR     |  out|   64|       m_axi|           gmem_param|       pointer|
|m_axi_gmem_param_0_AWID       |  out|    1|       m_axi|           gmem_param|       pointer|
|m_axi_gmem_param_0_AWLEN      |  out|   32|       m_axi|           gmem_param|       pointer|
|m_axi_gmem_param_0_AWSIZE     |  out|    3|       m_axi|           gmem_param|       pointer|
|m_axi_gmem_param_0_AWBURST    |  out|    2|       m_axi|           gmem_param|       pointer|
|m_axi_gmem_param_0_AWLOCK     |  out|    2|       m_axi|           gmem_param|       pointer|
|m_axi_gmem_param_0_AWCACHE    |  out|    4|       m_axi|           gmem_param|       pointer|
|m_axi_gmem_param_0_AWPROT     |  out|    3|       m_axi|           gmem_param|       pointer|
|m_axi_gmem_param_0_AWQOS      |  out|    4|       m_axi|           gmem_param|       pointer|
|m_axi_gmem_param_0_AWREGION   |  out|    4|       m_axi|           gmem_param|       pointer|
|m_axi_gmem_param_0_AWUSER     |  out|    1|       m_axi|           gmem_param|       pointer|
|m_axi_gmem_param_0_WVALID     |  out|    1|       m_axi|           gmem_param|       pointer|
|m_axi_gmem_param_0_WREADY     |   in|    1|       m_axi|           gmem_param|       pointer|
|m_axi_gmem_param_0_WDATA      |  out|  256|       m_axi|           gmem_param|       pointer|
|m_axi_gmem_param_0_WSTRB      |  out|   32|       m_axi|           gmem_param|       pointer|
|m_axi_gmem_param_0_WLAST      |  out|    1|       m_axi|           gmem_param|       pointer|
|m_axi_gmem_param_0_WID        |  out|    1|       m_axi|           gmem_param|       pointer|
|m_axi_gmem_param_0_WUSER      |  out|    1|       m_axi|           gmem_param|       pointer|
|m_axi_gmem_param_0_ARVALID    |  out|    1|       m_axi|           gmem_param|       pointer|
|m_axi_gmem_param_0_ARREADY    |   in|    1|       m_axi|           gmem_param|       pointer|
|m_axi_gmem_param_0_ARADDR     |  out|   64|       m_axi|           gmem_param|       pointer|
|m_axi_gmem_param_0_ARID       |  out|    1|       m_axi|           gmem_param|       pointer|
|m_axi_gmem_param_0_ARLEN      |  out|   32|       m_axi|           gmem_param|       pointer|
|m_axi_gmem_param_0_ARSIZE     |  out|    3|       m_axi|           gmem_param|       pointer|
|m_axi_gmem_param_0_ARBURST    |  out|    2|       m_axi|           gmem_param|       pointer|
|m_axi_gmem_param_0_ARLOCK     |  out|    2|       m_axi|           gmem_param|       pointer|
|m_axi_gmem_param_0_ARCACHE    |  out|    4|       m_axi|           gmem_param|       pointer|
|m_axi_gmem_param_0_ARPROT     |  out|    3|       m_axi|           gmem_param|       pointer|
|m_axi_gmem_param_0_ARQOS      |  out|    4|       m_axi|           gmem_param|       pointer|
|m_axi_gmem_param_0_ARREGION   |  out|    4|       m_axi|           gmem_param|       pointer|
|m_axi_gmem_param_0_ARUSER     |  out|    1|       m_axi|           gmem_param|       pointer|
|m_axi_gmem_param_0_RVALID     |   in|    1|       m_axi|           gmem_param|       pointer|
|m_axi_gmem_param_0_RREADY     |  out|    1|       m_axi|           gmem_param|       pointer|
|m_axi_gmem_param_0_RDATA      |   in|  256|       m_axi|           gmem_param|       pointer|
|m_axi_gmem_param_0_RLAST      |   in|    1|       m_axi|           gmem_param|       pointer|
|m_axi_gmem_param_0_RID        |   in|    1|       m_axi|           gmem_param|       pointer|
|m_axi_gmem_param_0_RFIFONUM   |   in|   11|       m_axi|           gmem_param|       pointer|
|m_axi_gmem_param_0_RUSER      |   in|    1|       m_axi|           gmem_param|       pointer|
|m_axi_gmem_param_0_RRESP      |   in|    2|       m_axi|           gmem_param|       pointer|
|m_axi_gmem_param_0_BVALID     |   in|    1|       m_axi|           gmem_param|       pointer|
|m_axi_gmem_param_0_BREADY     |  out|    1|       m_axi|           gmem_param|       pointer|
|m_axi_gmem_param_0_BRESP      |   in|    2|       m_axi|           gmem_param|       pointer|
|m_axi_gmem_param_0_BID        |   in|    1|       m_axi|           gmem_param|       pointer|
|m_axi_gmem_param_0_BUSER      |   in|    1|       m_axi|           gmem_param|       pointer|
|B_ptr                         |   in|   64|     ap_none|                B_ptr|        scalar|
|G_ptr                         |   in|   64|     ap_none|                G_ptr|        scalar|
|BE_ptr                        |   in|   64|     ap_none|               BE_ptr|        scalar|
|m_axi_gmem_out_0_AWVALID      |  out|    1|       m_axi|             gmem_out|       pointer|
|m_axi_gmem_out_0_AWREADY      |   in|    1|       m_axi|             gmem_out|       pointer|
|m_axi_gmem_out_0_AWADDR       |  out|   64|       m_axi|             gmem_out|       pointer|
|m_axi_gmem_out_0_AWID         |  out|    1|       m_axi|             gmem_out|       pointer|
|m_axi_gmem_out_0_AWLEN        |  out|   32|       m_axi|             gmem_out|       pointer|
|m_axi_gmem_out_0_AWSIZE       |  out|    3|       m_axi|             gmem_out|       pointer|
|m_axi_gmem_out_0_AWBURST      |  out|    2|       m_axi|             gmem_out|       pointer|
|m_axi_gmem_out_0_AWLOCK       |  out|    2|       m_axi|             gmem_out|       pointer|
|m_axi_gmem_out_0_AWCACHE      |  out|    4|       m_axi|             gmem_out|       pointer|
|m_axi_gmem_out_0_AWPROT       |  out|    3|       m_axi|             gmem_out|       pointer|
|m_axi_gmem_out_0_AWQOS        |  out|    4|       m_axi|             gmem_out|       pointer|
|m_axi_gmem_out_0_AWREGION     |  out|    4|       m_axi|             gmem_out|       pointer|
|m_axi_gmem_out_0_AWUSER       |  out|    1|       m_axi|             gmem_out|       pointer|
|m_axi_gmem_out_0_WVALID       |  out|    1|       m_axi|             gmem_out|       pointer|
|m_axi_gmem_out_0_WREADY       |   in|    1|       m_axi|             gmem_out|       pointer|
|m_axi_gmem_out_0_WDATA        |  out|  256|       m_axi|             gmem_out|       pointer|
|m_axi_gmem_out_0_WSTRB        |  out|   32|       m_axi|             gmem_out|       pointer|
|m_axi_gmem_out_0_WLAST        |  out|    1|       m_axi|             gmem_out|       pointer|
|m_axi_gmem_out_0_WID          |  out|    1|       m_axi|             gmem_out|       pointer|
|m_axi_gmem_out_0_WUSER        |  out|    1|       m_axi|             gmem_out|       pointer|
|m_axi_gmem_out_0_ARVALID      |  out|    1|       m_axi|             gmem_out|       pointer|
|m_axi_gmem_out_0_ARREADY      |   in|    1|       m_axi|             gmem_out|       pointer|
|m_axi_gmem_out_0_ARADDR       |  out|   64|       m_axi|             gmem_out|       pointer|
|m_axi_gmem_out_0_ARID         |  out|    1|       m_axi|             gmem_out|       pointer|
|m_axi_gmem_out_0_ARLEN        |  out|   32|       m_axi|             gmem_out|       pointer|
|m_axi_gmem_out_0_ARSIZE       |  out|    3|       m_axi|             gmem_out|       pointer|
|m_axi_gmem_out_0_ARBURST      |  out|    2|       m_axi|             gmem_out|       pointer|
|m_axi_gmem_out_0_ARLOCK       |  out|    2|       m_axi|             gmem_out|       pointer|
|m_axi_gmem_out_0_ARCACHE      |  out|    4|       m_axi|             gmem_out|       pointer|
|m_axi_gmem_out_0_ARPROT       |  out|    3|       m_axi|             gmem_out|       pointer|
|m_axi_gmem_out_0_ARQOS        |  out|    4|       m_axi|             gmem_out|       pointer|
|m_axi_gmem_out_0_ARREGION     |  out|    4|       m_axi|             gmem_out|       pointer|
|m_axi_gmem_out_0_ARUSER       |  out|    1|       m_axi|             gmem_out|       pointer|
|m_axi_gmem_out_0_RVALID       |   in|    1|       m_axi|             gmem_out|       pointer|
|m_axi_gmem_out_0_RREADY       |  out|    1|       m_axi|             gmem_out|       pointer|
|m_axi_gmem_out_0_RDATA        |   in|  256|       m_axi|             gmem_out|       pointer|
|m_axi_gmem_out_0_RLAST        |   in|    1|       m_axi|             gmem_out|       pointer|
|m_axi_gmem_out_0_RID          |   in|    1|       m_axi|             gmem_out|       pointer|
|m_axi_gmem_out_0_RFIFONUM     |   in|    9|       m_axi|             gmem_out|       pointer|
|m_axi_gmem_out_0_RUSER        |   in|    1|       m_axi|             gmem_out|       pointer|
|m_axi_gmem_out_0_RRESP        |   in|    2|       m_axi|             gmem_out|       pointer|
|m_axi_gmem_out_0_BVALID       |   in|    1|       m_axi|             gmem_out|       pointer|
|m_axi_gmem_out_0_BREADY       |  out|    1|       m_axi|             gmem_out|       pointer|
|m_axi_gmem_out_0_BRESP        |   in|    2|       m_axi|             gmem_out|       pointer|
|m_axi_gmem_out_0_BID          |   in|    1|       m_axi|             gmem_out|       pointer|
|m_axi_gmem_out_0_BUSER        |   in|    1|       m_axi|             gmem_out|       pointer|
|Y                             |   in|   64|     ap_none|                    Y|        scalar|
|epsilon                       |   in|   16|     ap_none|              epsilon|        scalar|
|H_IN                          |   in|    8|     ap_none|                 H_IN|        scalar|
|W_IN                          |   in|    8|     ap_none|                 W_IN|        scalar|
|C_IN                          |   in|   10|     ap_none|                 C_IN|        scalar|
|C_OUT                         |   in|    9|     ap_none|                C_OUT|        scalar|
|ho                            |   in|    8|     ap_none|                   ho|        scalar|
|x_buf_address0                |  out|   11|   ap_memory|                x_buf|         array|
|x_buf_ce0                     |  out|    1|   ap_memory|                x_buf|         array|
|x_buf_q0                      |   in|  256|   ap_memory|                x_buf|         array|
+------------------------------+-----+-----+------------+---------------------+--------------+

