

================================================================
== Vitis HLS Report for 'run_upconv_block'
================================================================
* Date:           Sun Jun  7 09:51:06 2026

* Version:        2024.2 (Build 5238294 on Nov  8 2024)
* Project:        prj_fill
* Solution:       solution1 (Vitis Kernel Flow Target)
* Product family: zynquplus
* Target device:  xczu7ev-ffvc1156-2-e


================================================================
== Performance Estimates
================================================================
+ Timing: 
    * Summary: 
    +--------+---------+----------+------------+
    |  Clock |  Target | Estimated| Uncertainty|
    +--------+---------+----------+------------+
    |ap_clk  |  3.33 ns|  3.239 ns|     0.90 ns|
    +--------+---------+----------+------------+

+ Latency: 
    * Summary: 
    +---------+-----------+----------+-----------+-------+-----------+---------+
    |   Latency (cycles)  |  Latency (absolute)  |      Interval     | Pipeline|
    |   min   |    max    |    min   |    max    |  min  |    max    |   Type  |
    +---------+-----------+----------+-----------+-------+-----------+---------+
    |    93199|  737801343|  0.311 ms|  2.459 sec|  93199|  737801343|       no|
    +---------+-----------+----------+-----------+-------+-----------+---------+

    + Detail: 
        * Instance: 
        +----------------------------------------------------------------+-----------------------------------------------------+---------+---------+----------+-----------+------+---------+------------------------------------------------+
        |                                                                |                                                     |  Latency (cycles) |  Latency (absolute)  |    Interval    |                    Pipeline                    |
        |                            Instance                            |                        Module                       |   min   |   max   |    min   |    max    |  min |   max   |                      Type                      |
        +----------------------------------------------------------------+-----------------------------------------------------+---------+---------+----------+-----------+------+---------+------------------------------------------------+
        |grp_run_upconv_block_Pipeline_LOAD_ROW0_VITIS_LOOP_97_1_fu_314  |run_upconv_block_Pipeline_LOAD_ROW0_VITIS_LOOP_97_1  |      133|     7685|  0.443 us|  25.614 us|   129|     7681|  loop auto-rewind stp (delay=0 clock cycles(s))|
        |grp_UpConv_Fused_Row_8_s_fu_330                                 |UpConv_Fused_Row_8_s                                 |     2806|  2878154|  9.352 us|   9.593 ms|  2806|  2878154|                                              no|
        |grp_run_upconv_block_Pipeline_LOAD_ROW_VITIS_LOOP_110_2_fu_401  |run_upconv_block_Pipeline_LOAD_ROW_VITIS_LOOP_110_2  |      134|     7686|  0.447 us|  25.617 us|   129|     7681|  loop auto-rewind stp (delay=0 clock cycles(s))|
        +----------------------------------------------------------------+-----------------------------------------------------+---------+---------+----------+-----------+------+---------+------------------------------------------------+

        * Loop: 
        +------------+---------+-----------+----------------+-----------+-----------+----------+----------+
        |            |   Latency (cycles)  |    Iteration   |  Initiation Interval  |   Trip   |          |
        |  Loop Name |   min   |    max    |     Latency    |  achieved |   target  |   Count  | Pipelined|
        +------------+---------+-----------+----------------+-----------+-----------+----------+----------+
        |- ROW_LOOP  |    87375|  732037271|  5825 ~ 5764073|          -|          -|  15 ~ 127|        no|
        +------------+---------+-----------+----------------+-----------+-----------+----------+----------+



================================================================
== Utilization Estimates
================================================================
* Summary: 
+-----------------+---------+------+--------+--------+-----+
|       Name      | BRAM_18K|  DSP |   FF   |   LUT  | URAM|
+-----------------+---------+------+--------+--------+-----+
|DSP              |        -|     -|       -|       -|    -|
|Expression       |        -|     -|       0|     438|    -|
|FIFO             |        -|     -|       -|       -|    -|
|Instance         |       24|   512|   77141|   66951|   64|
|Memory           |       29|     -|       0|       0|    -|
|Multiplexer      |        -|     -|       0|    1456|    -|
|Register         |        -|     -|     660|       -|    -|
+-----------------+---------+------+--------+--------+-----+
|Total            |       53|   512|   77801|   68845|   64|
+-----------------+---------+------+--------+--------+-----+
|Available        |      624|  1728|  460800|  230400|   96|
+-----------------+---------+------+--------+--------+-----+
|Utilization (%)  |        8|    29|      16|      29|   66|
+-----------------+---------+------+--------+--------+-----+

+ Detail: 
    * Instance: 
    +----------------------------------------------------------------+-----------------------------------------------------+---------+-----+-------+-------+-----+
    |                            Instance                            |                        Module                       | BRAM_18K| DSP |   FF  |  LUT  | URAM|
    +----------------------------------------------------------------+-----------------------------------------------------+---------+-----+-------+-------+-----+
    |grp_UpConv_Fused_Row_8_s_fu_330                                 |UpConv_Fused_Row_8_s                                 |       24|  509|  75809|  66312|   64|
    |mul_14ns_7ns_20_1_1_U1999                                       |mul_14ns_7ns_20_1_1                                  |        0|    1|      0|      5|    0|
    |mul_6ns_8ns_14_1_1_U1993                                        |mul_6ns_8ns_14_1_1                                   |        0|    0|      0|     40|    0|
    |grp_run_upconv_block_Pipeline_LOAD_ROW0_VITIS_LOOP_97_1_fu_314  |run_upconv_block_Pipeline_LOAD_ROW0_VITIS_LOOP_97_1  |        0|    1|    632|    232|    0|
    |grp_run_upconv_block_Pipeline_LOAD_ROW_VITIS_LOOP_110_2_fu_401  |run_upconv_block_Pipeline_LOAD_ROW_VITIS_LOOP_110_2  |        0|    1|    700|    264|    0|
    |sparsemux_7_32_10_1_1_U1992                                     |sparsemux_7_32_10_1_1                                |        0|    0|      0|     14|    0|
    |sparsemux_7_32_19_1_1_U1997                                     |sparsemux_7_32_19_1_1                                |        0|    0|      0|     14|    0|
    |sparsemux_7_32_8_1_1_U1991                                      |sparsemux_7_32_8_1_1                                 |        0|    0|      0|     14|    0|
    |sparsemux_7_32_8_1_1_U1994                                      |sparsemux_7_32_8_1_1                                 |        0|    0|      0|     14|    0|
    |sparsemux_7_32_8_1_1_U1995                                      |sparsemux_7_32_8_1_1                                 |        0|    0|      0|     14|    0|
    |sparsemux_7_32_8_1_1_U1998                                      |sparsemux_7_32_8_1_1                                 |        0|    0|      0|     14|    0|
    |sparsemux_7_32_9_1_1_U1996                                      |sparsemux_7_32_9_1_1                                 |        0|    0|      0|     14|    0|
    +----------------------------------------------------------------+-----------------------------------------------------+---------+-----+-------+-------+-----+
    |Total                                                           |                                                     |       24|  512|  77141|  66951|   64|
    +----------------------------------------------------------------+-----------------------------------------------------+---------+-----+-------+-------+-----+

    * DSP: 
    N/A

    * Memory: 
    +---------+------------------------------------------+---------+---+----+-----+------+-----+------+-------------+
    |  Memory |                  Module                  | BRAM_18K| FF| LUT| URAM| Words| Bits| Banks| W*Bits*Banks|
    +---------+------------------------------------------+---------+---+----+-----+------+-----+------+-------------+
    |x_buf_U  |run_upconv_block_x_buf_RAM_T2P_BRAM_1R1W  |       29|  0|   0|    0|  2048|  256|     1|       524288|
    +---------+------------------------------------------+---------+---+----+-----+------+-----+------+-------------+
    |Total    |                                          |       29|  0|   0|    0|  2048|  256|     1|       524288|
    +---------+------------------------------------------+---------+---+----+-----+------+-----+------+-------------+

    * FIFO: 
    N/A

    * Expression: 
    +-------------------------+----------+----+---+----+------------+------------+
    |      Variable Name      | Operation| DSP| FF| LUT| Bitwidth P0| Bitwidth P1|
    +-------------------------+----------+----+---+----+------------+------------+
    |add_ln105_1_fu_737_p2    |         +|   0|  0|  15|           8|           1|
    |add_ln105_2_fu_722_p2    |         +|   0|  0|  14|           7|           1|
    |add_ln105_fu_702_p2      |         +|   0|  0|  26|          19|          19|
    |add_ln107_1_fu_783_p2    |         +|   0|  0|  71|          64|          64|
    |add_ln107_2_fu_788_p2    |         +|   0|  0|  28|          21|          21|
    |add_ln107_3_fu_805_p2    |         +|   0|  0|  71|          64|          64|
    |add_ln107_fu_767_p2      |         +|   0|  0|  27|          20|          20|
    |add_ln116_fu_872_p2      |         +|   0|  0|  15|           8|           2|
    |add_ln119_fu_758_p2      |         +|   0|  0|  15|           8|           2|
    |add_ln91_fu_462_p2       |         +|   0|  0|  17|          10|           4|
    |add_ln95_fu_530_p2       |         +|   0|  0|  71|          64|          64|
    |mul57_fu_861_p2          |       and|   0|  0|   8|           8|           8|
    |icmp_ln105_fu_717_p2     |      icmp|   0|  0|  15|           8|           8|
    |icmp_ln92_fu_488_p2      |      icmp|   0|  0|   9|           2|           1|
    |icmp_ln95_fu_513_p2      |      icmp|   0|  0|   9|           2|           1|
    |ap_block_state3_io       |        or|   0|  0|   2|           1|           1|
    |p_cast_fu_853_p3         |    select|   0|  0|   2|           1|           2|
    |select_ln95_1_fu_554_p3  |    select|   0|  0|  12|           1|          13|
    |select_ln95_fu_536_p3    |    select|   0|  0|  11|           1|          12|
    +-------------------------+----------+----+---+----+------------+------------+
    |Total                    |          |   0|  0| 438|         317|         308|
    +-------------------------+----------+----+---+----+------------+------------+

    * Multiplexer: 
    +------------------------------------+-----+-----------+-----+-----------+
    |                Name                | LUT | Input Size| Bits| Total Bits|
    +------------------------------------+-----+-----------+-----+-----------+
    |ap_NS_fsm                           |  839|        159|    1|        159|
    |gmem_x_blk_n_AR                     |    9|          2|    1|          2|
    |gmem_y_blk_n_AR                     |    9|          2|    1|          2|
    |grp_UpConv_Fused_Row_8_s_fu_330_ho  |   26|          5|    8|         40|
    |hi_fu_234                           |    9|          2|    8|         16|
    |indvar_fu_238                       |    9|          2|    7|         14|
    |m_axi_gmem_pu_0_ARVALID             |    9|          2|    1|          2|
    |m_axi_gmem_pu_0_RREADY              |    9|          2|    1|          2|
    |m_axi_gmem_wu_0_ARVALID             |    9|          2|    1|          2|
    |m_axi_gmem_wu_0_RREADY              |    9|          2|    1|          2|
    |m_axi_gmem_x_0_ARADDR               |   26|          5|   64|        320|
    |m_axi_gmem_x_0_ARBURST              |   14|          3|    2|          6|
    |m_axi_gmem_x_0_ARCACHE              |   14|          3|    4|         12|
    |m_axi_gmem_x_0_ARID                 |   14|          3|    1|          3|
    |m_axi_gmem_x_0_ARLEN                |   26|          5|   32|        160|
    |m_axi_gmem_x_0_ARLOCK               |   14|          3|    2|          6|
    |m_axi_gmem_x_0_ARPROT               |   14|          3|    3|          9|
    |m_axi_gmem_x_0_ARQOS                |   14|          3|    4|         12|
    |m_axi_gmem_x_0_ARREGION             |   14|          3|    4|         12|
    |m_axi_gmem_x_0_ARSIZE               |   14|          3|    3|          9|
    |m_axi_gmem_x_0_ARUSER               |   14|          3|    1|          3|
    |m_axi_gmem_x_0_ARVALID              |   20|          4|    1|          4|
    |m_axi_gmem_x_0_RREADY               |   14|          3|    1|          3|
    |m_axi_gmem_y_0_ARADDR               |   26|          5|   64|        320|
    |m_axi_gmem_y_0_ARBURST              |   14|          3|    2|          6|
    |m_axi_gmem_y_0_ARCACHE              |   14|          3|    4|         12|
    |m_axi_gmem_y_0_ARID                 |   14|          3|    1|          3|
    |m_axi_gmem_y_0_ARLEN                |   26|          5|   32|        160|
    |m_axi_gmem_y_0_ARLOCK               |   14|          3|    2|          6|
    |m_axi_gmem_y_0_ARPROT               |   14|          3|    3|          9|
    |m_axi_gmem_y_0_ARQOS                |   14|          3|    4|         12|
    |m_axi_gmem_y_0_ARREGION             |   14|          3|    4|         12|
    |m_axi_gmem_y_0_ARSIZE               |   14|          3|    3|          9|
    |m_axi_gmem_y_0_ARUSER               |   14|          3|    1|          3|
    |m_axi_gmem_y_0_ARVALID              |   20|          4|    1|          4|
    |m_axi_gmem_y_0_AWVALID              |    9|          2|    1|          2|
    |m_axi_gmem_y_0_BREADY               |    9|          2|    1|          2|
    |m_axi_gmem_y_0_RREADY               |   14|          3|    1|          3|
    |m_axi_gmem_y_0_WVALID               |    9|          2|    1|          2|
    |x_buf_address0                      |   20|          4|   11|         44|
    |x_buf_ce0                           |   20|          4|    1|          4|
    |x_buf_d0                            |   14|          3|  256|        768|
    |x_buf_we0                           |   14|          3|    1|          3|
    +------------------------------------+-----+-----------+-----+-----------+
    |Total                               | 1456|        288|  546|       2184|
    +------------------------------------+-----+-----------+-----+-----------+

    * Register: 
    +-----------------------------------------------------------------------------+-----+----+-----+-----------+
    |                                     Name                                    |  FF | LUT| Bits| Const Bits|
    +-----------------------------------------------------------------------------+-----+----+-----+-----------+
    |add_ln116_reg_1114                                                           |    8|   0|    8|          0|
    |add_ln119_reg_1077                                                           |    8|   0|    8|          0|
    |ap_CS_fsm                                                                    |  158|   0|  158|          0|
    |b_off_reg_1024                                                               |    8|   0|    8|          0|
    |be_off_reg_1004                                                              |    8|   0|    8|          0|
    |c_in_reg_919                                                                 |   10|   0|   10|          0|
    |c_out_reg_1014                                                               |    9|   0|    9|          0|
    |ci_words_reg_924                                                             |    6|   0|    6|          0|
    |g_off_reg_1009                                                               |    8|   0|    8|          0|
    |grp_UpConv_Fused_Row_8_s_fu_330_ap_start_reg                                 |    1|   0|    1|          0|
    |grp_run_upconv_block_Pipeline_LOAD_ROW0_VITIS_LOOP_97_1_fu_314_ap_start_reg  |    1|   0|    1|          0|
    |grp_run_upconv_block_Pipeline_LOAD_ROW_VITIS_LOOP_110_2_fu_401_ap_start_reg  |    1|   0|    1|          0|
    |h_in_reg_909                                                                 |    8|   0|    8|          0|
    |hi_1_reg_1062                                                                |    8|   0|    8|          0|
    |hi_fu_234                                                                    |    8|   0|    8|          0|
    |indvar_fu_238                                                                |    7|   0|    7|          0|
    |mode_cast10_reg_900                                                          |    2|   0|   32|         30|
    |mul57_reg_1104                                                               |    8|   0|    8|          0|
    |mul_ln107_reg_1071                                                           |   20|   0|   20|          0|
    |mul_ln95_reg_944                                                             |   14|   0|   14|          0|
    |select_ln95_1_reg_967                                                        |   13|   0|   13|          0|
    |select_ln95_reg_956                                                          |   12|   0|   12|          0|
    |shl_ln116_reg_1109                                                           |    8|   0|    8|          0|
    |trunc_ln108_1_reg_1088                                                       |   59|   0|   59|          0|
    |trunc_ln1_reg_1082                                                           |   59|   0|   59|          0|
    |trunc_ln95_1_reg_994                                                         |   59|   0|   59|          0|
    |trunc_ln95_reg_950                                                           |   13|   0|   13|          0|
    |trunc_ln_reg_961                                                             |   59|   0|   59|          0|
    |w_off_reg_1019                                                               |   19|   0|   19|          0|
    |zext_ln105_reg_1057                                                          |   19|   0|   21|          2|
    |zext_ln95_4_reg_1051                                                         |   14|   0|   20|          6|
    |zext_ln95_7_reg_977                                                          |   12|   0|   64|         52|
    |zext_ln95_8_reg_988                                                          |   13|   0|   64|         51|
    +-----------------------------------------------------------------------------+-----+----+-----+-----------+
    |Total                                                                        |  660|   0|  801|        141|
    +-----------------------------------------------------------------------------+-----+----+-----+-----------+



================================================================
== Interface
================================================================
* Summary: 
+--------------------------+-----+-----+------------+------------------+--------------+
|         RTL Ports        | Dir | Bits|  Protocol  |   Source Object  |    C Type    |
+--------------------------+-----+-----+------------+------------------+--------------+
|ap_clk                    |   in|    1|  ap_ctrl_hs|  run_upconv_block|  return value|
|ap_rst                    |   in|    1|  ap_ctrl_hs|  run_upconv_block|  return value|
|ap_start                  |   in|    1|  ap_ctrl_hs|  run_upconv_block|  return value|
|ap_done                   |  out|    1|  ap_ctrl_hs|  run_upconv_block|  return value|
|ap_idle                   |  out|    1|  ap_ctrl_hs|  run_upconv_block|  return value|
|ap_ready                  |  out|    1|  ap_ctrl_hs|  run_upconv_block|  return value|
|m_axi_gmem_x_0_AWVALID    |  out|    1|       m_axi|            gmem_x|       pointer|
|m_axi_gmem_x_0_AWREADY    |   in|    1|       m_axi|            gmem_x|       pointer|
|m_axi_gmem_x_0_AWADDR     |  out|   64|       m_axi|            gmem_x|       pointer|
|m_axi_gmem_x_0_AWID       |  out|    1|       m_axi|            gmem_x|       pointer|
|m_axi_gmem_x_0_AWLEN      |  out|   32|       m_axi|            gmem_x|       pointer|
|m_axi_gmem_x_0_AWSIZE     |  out|    3|       m_axi|            gmem_x|       pointer|
|m_axi_gmem_x_0_AWBURST    |  out|    2|       m_axi|            gmem_x|       pointer|
|m_axi_gmem_x_0_AWLOCK     |  out|    2|       m_axi|            gmem_x|       pointer|
|m_axi_gmem_x_0_AWCACHE    |  out|    4|       m_axi|            gmem_x|       pointer|
|m_axi_gmem_x_0_AWPROT     |  out|    3|       m_axi|            gmem_x|       pointer|
|m_axi_gmem_x_0_AWQOS      |  out|    4|       m_axi|            gmem_x|       pointer|
|m_axi_gmem_x_0_AWREGION   |  out|    4|       m_axi|            gmem_x|       pointer|
|m_axi_gmem_x_0_AWUSER     |  out|    1|       m_axi|            gmem_x|       pointer|
|m_axi_gmem_x_0_WVALID     |  out|    1|       m_axi|            gmem_x|       pointer|
|m_axi_gmem_x_0_WREADY     |   in|    1|       m_axi|            gmem_x|       pointer|
|m_axi_gmem_x_0_WDATA      |  out|  256|       m_axi|            gmem_x|       pointer|
|m_axi_gmem_x_0_WSTRB      |  out|   32|       m_axi|            gmem_x|       pointer|
|m_axi_gmem_x_0_WLAST      |  out|    1|       m_axi|            gmem_x|       pointer|
|m_axi_gmem_x_0_WID        |  out|    1|       m_axi|            gmem_x|       pointer|
|m_axi_gmem_x_0_WUSER      |  out|    1|       m_axi|            gmem_x|       pointer|
|m_axi_gmem_x_0_ARVALID    |  out|    1|       m_axi|            gmem_x|       pointer|
|m_axi_gmem_x_0_ARREADY    |   in|    1|       m_axi|            gmem_x|       pointer|
|m_axi_gmem_x_0_ARADDR     |  out|   64|       m_axi|            gmem_x|       pointer|
|m_axi_gmem_x_0_ARID       |  out|    1|       m_axi|            gmem_x|       pointer|
|m_axi_gmem_x_0_ARLEN      |  out|   32|       m_axi|            gmem_x|       pointer|
|m_axi_gmem_x_0_ARSIZE     |  out|    3|       m_axi|            gmem_x|       pointer|
|m_axi_gmem_x_0_ARBURST    |  out|    2|       m_axi|            gmem_x|       pointer|
|m_axi_gmem_x_0_ARLOCK     |  out|    2|       m_axi|            gmem_x|       pointer|
|m_axi_gmem_x_0_ARCACHE    |  out|    4|       m_axi|            gmem_x|       pointer|
|m_axi_gmem_x_0_ARPROT     |  out|    3|       m_axi|            gmem_x|       pointer|
|m_axi_gmem_x_0_ARQOS      |  out|    4|       m_axi|            gmem_x|       pointer|
|m_axi_gmem_x_0_ARREGION   |  out|    4|       m_axi|            gmem_x|       pointer|
|m_axi_gmem_x_0_ARUSER     |  out|    1|       m_axi|            gmem_x|       pointer|
|m_axi_gmem_x_0_RVALID     |   in|    1|       m_axi|            gmem_x|       pointer|
|m_axi_gmem_x_0_RREADY     |  out|    1|       m_axi|            gmem_x|       pointer|
|m_axi_gmem_x_0_RDATA      |   in|  256|       m_axi|            gmem_x|       pointer|
|m_axi_gmem_x_0_RLAST      |   in|    1|       m_axi|            gmem_x|       pointer|
|m_axi_gmem_x_0_RID        |   in|    1|       m_axi|            gmem_x|       pointer|
|m_axi_gmem_x_0_RFIFONUM   |   in|   11|       m_axi|            gmem_x|       pointer|
|m_axi_gmem_x_0_RUSER      |   in|    1|       m_axi|            gmem_x|       pointer|
|m_axi_gmem_x_0_RRESP      |   in|    2|       m_axi|            gmem_x|       pointer|
|m_axi_gmem_x_0_BVALID     |   in|    1|       m_axi|            gmem_x|       pointer|
|m_axi_gmem_x_0_BREADY     |  out|    1|       m_axi|            gmem_x|       pointer|
|m_axi_gmem_x_0_BRESP      |   in|    2|       m_axi|            gmem_x|       pointer|
|m_axi_gmem_x_0_BID        |   in|    1|       m_axi|            gmem_x|       pointer|
|m_axi_gmem_x_0_BUSER      |   in|    1|       m_axi|            gmem_x|       pointer|
|X                         |   in|   64|     ap_none|                 X|        scalar|
|m_axi_gmem_y_0_AWVALID    |  out|    1|       m_axi|            gmem_y|       pointer|
|m_axi_gmem_y_0_AWREADY    |   in|    1|       m_axi|            gmem_y|       pointer|
|m_axi_gmem_y_0_AWADDR     |  out|   64|       m_axi|            gmem_y|       pointer|
|m_axi_gmem_y_0_AWID       |  out|    1|       m_axi|            gmem_y|       pointer|
|m_axi_gmem_y_0_AWLEN      |  out|   32|       m_axi|            gmem_y|       pointer|
|m_axi_gmem_y_0_AWSIZE     |  out|    3|       m_axi|            gmem_y|       pointer|
|m_axi_gmem_y_0_AWBURST    |  out|    2|       m_axi|            gmem_y|       pointer|
|m_axi_gmem_y_0_AWLOCK     |  out|    2|       m_axi|            gmem_y|       pointer|
|m_axi_gmem_y_0_AWCACHE    |  out|    4|       m_axi|            gmem_y|       pointer|
|m_axi_gmem_y_0_AWPROT     |  out|    3|       m_axi|            gmem_y|       pointer|
|m_axi_gmem_y_0_AWQOS      |  out|    4|       m_axi|            gmem_y|       pointer|
|m_axi_gmem_y_0_AWREGION   |  out|    4|       m_axi|            gmem_y|       pointer|
|m_axi_gmem_y_0_AWUSER     |  out|    1|       m_axi|            gmem_y|       pointer|
|m_axi_gmem_y_0_WVALID     |  out|    1|       m_axi|            gmem_y|       pointer|
|m_axi_gmem_y_0_WREADY     |   in|    1|       m_axi|            gmem_y|       pointer|
|m_axi_gmem_y_0_WDATA      |  out|  256|       m_axi|            gmem_y|       pointer|
|m_axi_gmem_y_0_WSTRB      |  out|   32|       m_axi|            gmem_y|       pointer|
|m_axi_gmem_y_0_WLAST      |  out|    1|       m_axi|            gmem_y|       pointer|
|m_axi_gmem_y_0_WID        |  out|    1|       m_axi|            gmem_y|       pointer|
|m_axi_gmem_y_0_WUSER      |  out|    1|       m_axi|            gmem_y|       pointer|
|m_axi_gmem_y_0_ARVALID    |  out|    1|       m_axi|            gmem_y|       pointer|
|m_axi_gmem_y_0_ARREADY    |   in|    1|       m_axi|            gmem_y|       pointer|
|m_axi_gmem_y_0_ARADDR     |  out|   64|       m_axi|            gmem_y|       pointer|
|m_axi_gmem_y_0_ARID       |  out|    1|       m_axi|            gmem_y|       pointer|
|m_axi_gmem_y_0_ARLEN      |  out|   32|       m_axi|            gmem_y|       pointer|
|m_axi_gmem_y_0_ARSIZE     |  out|    3|       m_axi|            gmem_y|       pointer|
|m_axi_gmem_y_0_ARBURST    |  out|    2|       m_axi|            gmem_y|       pointer|
|m_axi_gmem_y_0_ARLOCK     |  out|    2|       m_axi|            gmem_y|       pointer|
|m_axi_gmem_y_0_ARCACHE    |  out|    4|       m_axi|            gmem_y|       pointer|
|m_axi_gmem_y_0_ARPROT     |  out|    3|       m_axi|            gmem_y|       pointer|
|m_axi_gmem_y_0_ARQOS      |  out|    4|       m_axi|            gmem_y|       pointer|
|m_axi_gmem_y_0_ARREGION   |  out|    4|       m_axi|            gmem_y|       pointer|
|m_axi_gmem_y_0_ARUSER     |  out|    1|       m_axi|            gmem_y|       pointer|
|m_axi_gmem_y_0_RVALID     |   in|    1|       m_axi|            gmem_y|       pointer|
|m_axi_gmem_y_0_RREADY     |  out|    1|       m_axi|            gmem_y|       pointer|
|m_axi_gmem_y_0_RDATA      |   in|  256|       m_axi|            gmem_y|       pointer|
|m_axi_gmem_y_0_RLAST      |   in|    1|       m_axi|            gmem_y|       pointer|
|m_axi_gmem_y_0_RID        |   in|    1|       m_axi|            gmem_y|       pointer|
|m_axi_gmem_y_0_RFIFONUM   |   in|   11|       m_axi|            gmem_y|       pointer|
|m_axi_gmem_y_0_RUSER      |   in|    1|       m_axi|            gmem_y|       pointer|
|m_axi_gmem_y_0_RRESP      |   in|    2|       m_axi|            gmem_y|       pointer|
|m_axi_gmem_y_0_BVALID     |   in|    1|       m_axi|            gmem_y|       pointer|
|m_axi_gmem_y_0_BREADY     |  out|    1|       m_axi|            gmem_y|       pointer|
|m_axi_gmem_y_0_BRESP      |   in|    2|       m_axi|            gmem_y|       pointer|
|m_axi_gmem_y_0_BID        |   in|    1|       m_axi|            gmem_y|       pointer|
|m_axi_gmem_y_0_BUSER      |   in|    1|       m_axi|            gmem_y|       pointer|
|Y                         |   in|   64|     ap_none|                 Y|        scalar|
|m_axi_gmem_wu_0_AWVALID   |  out|    1|       m_axi|           gmem_wu|       pointer|
|m_axi_gmem_wu_0_AWREADY   |   in|    1|       m_axi|           gmem_wu|       pointer|
|m_axi_gmem_wu_0_AWADDR    |  out|   64|       m_axi|           gmem_wu|       pointer|
|m_axi_gmem_wu_0_AWID      |  out|    1|       m_axi|           gmem_wu|       pointer|
|m_axi_gmem_wu_0_AWLEN     |  out|   32|       m_axi|           gmem_wu|       pointer|
|m_axi_gmem_wu_0_AWSIZE    |  out|    3|       m_axi|           gmem_wu|       pointer|
|m_axi_gmem_wu_0_AWBURST   |  out|    2|       m_axi|           gmem_wu|       pointer|
|m_axi_gmem_wu_0_AWLOCK    |  out|    2|       m_axi|           gmem_wu|       pointer|
|m_axi_gmem_wu_0_AWCACHE   |  out|    4|       m_axi|           gmem_wu|       pointer|
|m_axi_gmem_wu_0_AWPROT    |  out|    3|       m_axi|           gmem_wu|       pointer|
|m_axi_gmem_wu_0_AWQOS     |  out|    4|       m_axi|           gmem_wu|       pointer|
|m_axi_gmem_wu_0_AWREGION  |  out|    4|       m_axi|           gmem_wu|       pointer|
|m_axi_gmem_wu_0_AWUSER    |  out|    1|       m_axi|           gmem_wu|       pointer|
|m_axi_gmem_wu_0_WVALID    |  out|    1|       m_axi|           gmem_wu|       pointer|
|m_axi_gmem_wu_0_WREADY    |   in|    1|       m_axi|           gmem_wu|       pointer|
|m_axi_gmem_wu_0_WDATA     |  out|  256|       m_axi|           gmem_wu|       pointer|
|m_axi_gmem_wu_0_WSTRB     |  out|   32|       m_axi|           gmem_wu|       pointer|
|m_axi_gmem_wu_0_WLAST     |  out|    1|       m_axi|           gmem_wu|       pointer|
|m_axi_gmem_wu_0_WID       |  out|    1|       m_axi|           gmem_wu|       pointer|
|m_axi_gmem_wu_0_WUSER     |  out|    1|       m_axi|           gmem_wu|       pointer|
|m_axi_gmem_wu_0_ARVALID   |  out|    1|       m_axi|           gmem_wu|       pointer|
|m_axi_gmem_wu_0_ARREADY   |   in|    1|       m_axi|           gmem_wu|       pointer|
|m_axi_gmem_wu_0_ARADDR    |  out|   64|       m_axi|           gmem_wu|       pointer|
|m_axi_gmem_wu_0_ARID      |  out|    1|       m_axi|           gmem_wu|       pointer|
|m_axi_gmem_wu_0_ARLEN     |  out|   32|       m_axi|           gmem_wu|       pointer|
|m_axi_gmem_wu_0_ARSIZE    |  out|    3|       m_axi|           gmem_wu|       pointer|
|m_axi_gmem_wu_0_ARBURST   |  out|    2|       m_axi|           gmem_wu|       pointer|
|m_axi_gmem_wu_0_ARLOCK    |  out|    2|       m_axi|           gmem_wu|       pointer|
|m_axi_gmem_wu_0_ARCACHE   |  out|    4|       m_axi|           gmem_wu|       pointer|
|m_axi_gmem_wu_0_ARPROT    |  out|    3|       m_axi|           gmem_wu|       pointer|
|m_axi_gmem_wu_0_ARQOS     |  out|    4|       m_axi|           gmem_wu|       pointer|
|m_axi_gmem_wu_0_ARREGION  |  out|    4|       m_axi|           gmem_wu|       pointer|
|m_axi_gmem_wu_0_ARUSER    |  out|    1|       m_axi|           gmem_wu|       pointer|
|m_axi_gmem_wu_0_RVALID    |   in|    1|       m_axi|           gmem_wu|       pointer|
|m_axi_gmem_wu_0_RREADY    |  out|    1|       m_axi|           gmem_wu|       pointer|
|m_axi_gmem_wu_0_RDATA     |   in|  256|       m_axi|           gmem_wu|       pointer|
|m_axi_gmem_wu_0_RLAST     |   in|    1|       m_axi|           gmem_wu|       pointer|
|m_axi_gmem_wu_0_RID       |   in|    1|       m_axi|           gmem_wu|       pointer|
|m_axi_gmem_wu_0_RFIFONUM  |   in|   11|       m_axi|           gmem_wu|       pointer|
|m_axi_gmem_wu_0_RUSER     |   in|    1|       m_axi|           gmem_wu|       pointer|
|m_axi_gmem_wu_0_RRESP     |   in|    2|       m_axi|           gmem_wu|       pointer|
|m_axi_gmem_wu_0_BVALID    |   in|    1|       m_axi|           gmem_wu|       pointer|
|m_axi_gmem_wu_0_BREADY    |  out|    1|       m_axi|           gmem_wu|       pointer|
|m_axi_gmem_wu_0_BRESP     |   in|    2|       m_axi|           gmem_wu|       pointer|
|m_axi_gmem_wu_0_BID       |   in|    1|       m_axi|           gmem_wu|       pointer|
|m_axi_gmem_wu_0_BUSER     |   in|    1|       m_axi|           gmem_wu|       pointer|
|W                         |   in|   64|     ap_none|                 W|        scalar|
|m_axi_gmem_pu_0_AWVALID   |  out|    1|       m_axi|           gmem_pu|       pointer|
|m_axi_gmem_pu_0_AWREADY   |   in|    1|       m_axi|           gmem_pu|       pointer|
|m_axi_gmem_pu_0_AWADDR    |  out|   64|       m_axi|           gmem_pu|       pointer|
|m_axi_gmem_pu_0_AWID      |  out|    1|       m_axi|           gmem_pu|       pointer|
|m_axi_gmem_pu_0_AWLEN     |  out|   32|       m_axi|           gmem_pu|       pointer|
|m_axi_gmem_pu_0_AWSIZE    |  out|    3|       m_axi|           gmem_pu|       pointer|
|m_axi_gmem_pu_0_AWBURST   |  out|    2|       m_axi|           gmem_pu|       pointer|
|m_axi_gmem_pu_0_AWLOCK    |  out|    2|       m_axi|           gmem_pu|       pointer|
|m_axi_gmem_pu_0_AWCACHE   |  out|    4|       m_axi|           gmem_pu|       pointer|
|m_axi_gmem_pu_0_AWPROT    |  out|    3|       m_axi|           gmem_pu|       pointer|
|m_axi_gmem_pu_0_AWQOS     |  out|    4|       m_axi|           gmem_pu|       pointer|
|m_axi_gmem_pu_0_AWREGION  |  out|    4|       m_axi|           gmem_pu|       pointer|
|m_axi_gmem_pu_0_AWUSER    |  out|    1|       m_axi|           gmem_pu|       pointer|
|m_axi_gmem_pu_0_WVALID    |  out|    1|       m_axi|           gmem_pu|       pointer|
|m_axi_gmem_pu_0_WREADY    |   in|    1|       m_axi|           gmem_pu|       pointer|
|m_axi_gmem_pu_0_WDATA     |  out|  256|       m_axi|           gmem_pu|       pointer|
|m_axi_gmem_pu_0_WSTRB     |  out|   32|       m_axi|           gmem_pu|       pointer|
|m_axi_gmem_pu_0_WLAST     |  out|    1|       m_axi|           gmem_pu|       pointer|
|m_axi_gmem_pu_0_WID       |  out|    1|       m_axi|           gmem_pu|       pointer|
|m_axi_gmem_pu_0_WUSER     |  out|    1|       m_axi|           gmem_pu|       pointer|
|m_axi_gmem_pu_0_ARVALID   |  out|    1|       m_axi|           gmem_pu|       pointer|
|m_axi_gmem_pu_0_ARREADY   |   in|    1|       m_axi|           gmem_pu|       pointer|
|m_axi_gmem_pu_0_ARADDR    |  out|   64|       m_axi|           gmem_pu|       pointer|
|m_axi_gmem_pu_0_ARID      |  out|    1|       m_axi|           gmem_pu|       pointer|
|m_axi_gmem_pu_0_ARLEN     |  out|   32|       m_axi|           gmem_pu|       pointer|
|m_axi_gmem_pu_0_ARSIZE    |  out|    3|       m_axi|           gmem_pu|       pointer|
|m_axi_gmem_pu_0_ARBURST   |  out|    2|       m_axi|           gmem_pu|       pointer|
|m_axi_gmem_pu_0_ARLOCK    |  out|    2|       m_axi|           gmem_pu|       pointer|
|m_axi_gmem_pu_0_ARCACHE   |  out|    4|       m_axi|           gmem_pu|       pointer|
|m_axi_gmem_pu_0_ARPROT    |  out|    3|       m_axi|           gmem_pu|       pointer|
|m_axi_gmem_pu_0_ARQOS     |  out|    4|       m_axi|           gmem_pu|       pointer|
|m_axi_gmem_pu_0_ARREGION  |  out|    4|       m_axi|           gmem_pu|       pointer|
|m_axi_gmem_pu_0_ARUSER    |  out|    1|       m_axi|           gmem_pu|       pointer|
|m_axi_gmem_pu_0_RVALID    |   in|    1|       m_axi|           gmem_pu|       pointer|
|m_axi_gmem_pu_0_RREADY    |  out|    1|       m_axi|           gmem_pu|       pointer|
|m_axi_gmem_pu_0_RDATA     |   in|  256|       m_axi|           gmem_pu|       pointer|
|m_axi_gmem_pu_0_RLAST     |   in|    1|       m_axi|           gmem_pu|       pointer|
|m_axi_gmem_pu_0_RID       |   in|    1|       m_axi|           gmem_pu|       pointer|
|m_axi_gmem_pu_0_RFIFONUM  |   in|   11|       m_axi|           gmem_pu|       pointer|
|m_axi_gmem_pu_0_RUSER     |   in|    1|       m_axi|           gmem_pu|       pointer|
|m_axi_gmem_pu_0_RRESP     |   in|    2|       m_axi|           gmem_pu|       pointer|
|m_axi_gmem_pu_0_BVALID    |   in|    1|       m_axi|           gmem_pu|       pointer|
|m_axi_gmem_pu_0_BREADY    |  out|    1|       m_axi|           gmem_pu|       pointer|
|m_axi_gmem_pu_0_BRESP     |   in|    2|       m_axi|           gmem_pu|       pointer|
|m_axi_gmem_pu_0_BID       |   in|    1|       m_axi|           gmem_pu|       pointer|
|m_axi_gmem_pu_0_BUSER     |   in|    1|       m_axi|           gmem_pu|       pointer|
|P                         |   in|   64|     ap_none|                 P|        scalar|
|epsilon                   |   in|   16|     ap_none|           epsilon|        scalar|
|mode                      |   in|    2|     ap_none|              mode|        scalar|
|slot_in_off               |   in|   19|     ap_none|       slot_in_off|        scalar|
|slot_out_off              |   in|   19|     ap_none|      slot_out_off|        scalar|
+--------------------------+-----+-----+------------+------------------+--------------+

