

================================================================
== Vitis HLS Report for 'uc_load_tile_8_2'
================================================================
* Date:           Sun Jun  7 09:51:01 2026

* Version:        2024.2 (Build 5238294 on Nov  8 2024)
* Project:        prj_fill
* Solution:       solution1 (Vitis Kernel Flow Target)
* Product family: zynquplus
* Target device:  xczu7ev-ffvc1156-2-e


================================================================
== Performance Estimates
================================================================
+ Timing: 
    * Summary: 
    +--------+---------+----------+------------+
    |  Clock |  Target | Estimated| Uncertainty|
    +--------+---------+----------+------------+
    |ap_clk  |  3.33 ns|  3.195 ns|     0.90 ns|
    +--------+---------+----------+------------+

+ Latency: 
    * Summary: 
    +---------+---------+----------+-----------+-----+------+---------+
    |  Latency (cycles) |  Latency (absolute)  |  Interval  | Pipeline|
    |   min   |   max   |    min   |    max    | min |  max |   Type  |
    +---------+---------+----------+-----------+-----+------+---------+
    |       41|     4961|  0.137 us|  16.535 us|   41|  4961|       no|
    +---------+---------+----------+-----------+-----+------+---------+

    + Detail: 
        * Instance: 
        +---------------------------------------------+----------------------------------+---------+---------+----------+----------+-----+-----+------------------------------------------------+
        |                                             |                                  |  Latency (cycles) |  Latency (absolute) |  Interval |                    Pipeline                    |
        |                   Instance                  |              Module              |   min   |   max   |    min   |    max   | min | max |                      Type                      |
        +---------------------------------------------+----------------------------------+---------+---------+----------+----------+-----+-----+------------------------------------------------+
        |grp_uc_load_tile_8_2_Pipeline_W_FLAT_fu_150  |uc_load_tile_8_2_Pipeline_W_FLAT  |       75|      543|  0.250 us|  1.810 us|   73|  541|  loop auto-rewind stp (delay=0 clock cycles(s))|
        +---------------------------------------------+----------------------------------+---------+---------+----------+----------+-----+-----+------------------------------------------------+

        * Loop: 
        +-------------+---------+---------+----------+-----------+-----------+------+----------+
        |             |  Latency (cycles) | Iteration|  Initiation Interval  | Trip |          |
        |  Loop Name  |   min   |   max   |  Latency |  achieved |   target  | Count| Pipelined|
        +-------------+---------+---------+----------+-----------+-----------+------+----------+
        |- PRELOAD_W  |       40|     4960|   5 ~ 620|          -|          -|     8|        no|
        +-------------+---------+---------+----------+-----------+-----------+------+----------+



================================================================
== Utilization Estimates
================================================================
* Summary: 
+-----------------+---------+------+--------+--------+-----+
|       Name      | BRAM_18K|  DSP |   FF   |   LUT  | URAM|
+-----------------+---------+------+--------+--------+-----+
|DSP              |        -|     1|       -|       -|    -|
|Expression       |        -|     -|       0|     165|    -|
|FIFO             |        -|     -|       -|       -|    -|
|Instance         |        -|     -|     353|     322|    -|
|Memory           |        -|     -|       -|       -|    -|
|Multiplexer      |        -|     -|       0|     577|    -|
|Register         |        -|     -|     301|       -|    -|
+-----------------+---------+------+--------+--------+-----+
|Total            |        0|     1|     654|    1064|    0|
+-----------------+---------+------+--------+--------+-----+
|Available        |      624|  1728|  460800|  230400|   96|
+-----------------+---------+------+--------+--------+-----+
|Utilization (%)  |        0|    ~0|      ~0|      ~0|    0|
+-----------------+---------+------+--------+--------+-----+

+ Detail: 
    * Instance: 
    +---------------------------------------------+----------------------------------+---------+----+-----+-----+-----+
    |                   Instance                  |              Module              | BRAM_18K| DSP|  FF | LUT | URAM|
    +---------------------------------------------+----------------------------------+---------+----+-----+-----+-----+
    |grp_uc_load_tile_8_2_Pipeline_W_FLAT_fu_150  |uc_load_tile_8_2_Pipeline_W_FLAT  |        0|   0|  353|  322|    0|
    +---------------------------------------------+----------------------------------+---------+----+-----+-----+-----+
    |Total                                        |                                  |        0|   0|  353|  322|    0|
    +---------------------------------------------+----------------------------------+---------+----+-----+-----+-----+

    * DSP: 
    +---------------------------------------+---------------------------------+--------------+
    |                Instance               |              Module             |  Expression  |
    +---------------------------------------+---------------------------------+--------------+
    |mac_muladd_10ns_9ns_19ns_20_4_1_U1305  |mac_muladd_10ns_9ns_19ns_20_4_1  |  i0 * i1 + i2|
    +---------------------------------------+---------------------------------+--------------+

    * Memory: 
    N/A

    * FIFO: 
    N/A

    * Expression: 
    +----------------------------------+----------+----+---+----+------------+------------+
    |           Variable Name          | Operation| DSP| FF| LUT| Bitwidth P0| Bitwidth P1|
    +----------------------------------+----------+----+---+----+------------+------------+
    |add_ln177_fu_176_p2               |         +|   0|  0|  17|          10|           4|
    |add_ln73_1_fu_302_p2              |         +|   0|  0|  71|          64|          64|
    |add_ln73_2_fu_248_p2              |         +|   0|  0|  12|           4|           1|
    |empty_fu_262_p2                   |         +|   0|  0|  16|           9|           9|
    |mul3_i_fu_220_p2                  |         +|   0|  0|  17|          10|          10|
    |ap_block_state78_on_subcall_done  |       and|   0|  0|   2|           1|           1|
    |icmp_ln73_fu_242_p2               |      icmp|   0|  0|  12|           4|           5|
    |icmp_ln75_fu_271_p2               |      icmp|   0|  0|  16|           9|           9|
    |ap_block_state1                   |        or|   0|  0|   2|           1|           1|
    +----------------------------------+----------+----+---+----+------------+------------+
    |Total                             |          |   0|  0| 165|         112|         104|
    +----------------------------------+----------+----+---+----+------------+------------+

    * Multiplexer: 
    +--------------------------+-----+-----------+-----+-----------+
    |           Name           | LUT | Input Size| Bits| Total Bits|
    +--------------------------+-----+-----------+-----+-----------+
    |ap_NS_fsm                 |  418|         79|    1|         79|
    |ap_done                   |    9|          2|    1|          2|
    |gmem_wu_blk_n_AR          |    9|          2|    1|          2|
    |m_axi_gmem_wu_0_ARADDR    |   14|          3|   64|        192|
    |m_axi_gmem_wu_0_ARBURST   |    9|          2|    2|          4|
    |m_axi_gmem_wu_0_ARCACHE   |    9|          2|    4|          8|
    |m_axi_gmem_wu_0_ARID      |    9|          2|    1|          2|
    |m_axi_gmem_wu_0_ARLEN     |   14|          3|   32|         96|
    |m_axi_gmem_wu_0_ARLOCK    |    9|          2|    2|          4|
    |m_axi_gmem_wu_0_ARPROT    |    9|          2|    3|          6|
    |m_axi_gmem_wu_0_ARQOS     |    9|          2|    4|          8|
    |m_axi_gmem_wu_0_ARREGION  |    9|          2|    4|          8|
    |m_axi_gmem_wu_0_ARSIZE    |    9|          2|    3|          6|
    |m_axi_gmem_wu_0_ARUSER    |    9|          2|    1|          2|
    |m_axi_gmem_wu_0_ARVALID   |   14|          3|    1|          3|
    |m_axi_gmem_wu_0_RREADY    |    9|          2|    1|          2|
    |tc_fu_110                 |    9|          2|    4|          8|
    +--------------------------+-----+-----------+-----+-----------+
    |Total                     |  577|        114|  129|        432|
    +--------------------------+-----+-----------+-----+-----------+

    * Register: 
    +----------------------------------------------------------+----+----+-----+-----------+
    |                           Name                           | FF | LUT| Bits| Const Bits|
    +----------------------------------------------------------+----+----+-----+-----------+
    |CI_WORDS_reg_366                                          |   6|   0|    6|          0|
    |C_IN_read_reg_345                                         |  10|   0|   10|          0|
    |C_OUT_read_reg_350                                        |   9|   0|    9|          0|
    |W_ptr_read_reg_361                                        |  64|   0|   64|          0|
    |add_ln73_2_reg_399                                        |   4|   0|    4|          0|
    |ap_CS_fsm                                                 |  78|   0|   78|          0|
    |ap_done_reg                                               |   1|   0|    1|          0|
    |co_base_reg_376                                           |   6|   0|    9|          3|
    |grp_uc_load_tile_8_2_Pipeline_W_FLAT_fu_150_ap_start_reg  |   1|   0|    1|          0|
    |icmp_ln75_reg_414                                         |   1|   0|    1|          0|
    |idx_cast_i_reg_371                                        |  19|   0|   20|          1|
    |mul3_i_reg_381                                            |  10|   0|   10|          0|
    |tc_fu_110                                                 |   4|   0|    4|          0|
    |tile_read_reg_356                                         |   6|   0|    6|          0|
    |tmp_cast_i_reg_391                                        |  10|   0|   19|          9|
    |trunc_ln73_reg_404                                        |   3|   0|    3|          0|
    |trunc_ln_reg_418                                          |  59|   0|   59|          0|
    |wide_trip_count_i_reg_386                                 |  10|   0|   64|         54|
    +----------------------------------------------------------+----+----+-----+-----------+
    |Total                                                     | 301|   0|  368|         67|
    +----------------------------------------------------------+----+----+-----+-----------+



================================================================
== Interface
================================================================
* Summary: 
+--------------------------+-----+-----+------------+------------------+--------------+
|         RTL Ports        | Dir | Bits|  Protocol  |   Source Object  |    C Type    |
+--------------------------+-----+-----+------------+------------------+--------------+
|ap_clk                    |   in|    1|  ap_ctrl_hs|  uc_load_tile<8>2|  return value|
|ap_rst                    |   in|    1|  ap_ctrl_hs|  uc_load_tile<8>2|  return value|
|ap_start                  |   in|    1|  ap_ctrl_hs|  uc_load_tile<8>2|  return value|
|ap_done                   |  out|    1|  ap_ctrl_hs|  uc_load_tile<8>2|  return value|
|ap_continue               |   in|    1|  ap_ctrl_hs|  uc_load_tile<8>2|  return value|
|ap_idle                   |  out|    1|  ap_ctrl_hs|  uc_load_tile<8>2|  return value|
|ap_ready                  |  out|    1|  ap_ctrl_hs|  uc_load_tile<8>2|  return value|
|ap_return_0               |  out|    6|  ap_ctrl_hs|  uc_load_tile<8>2|  return value|
|ap_return_1               |  out|    9|  ap_ctrl_hs|  uc_load_tile<8>2|  return value|
|ap_return_2               |  out|   10|  ap_ctrl_hs|  uc_load_tile<8>2|  return value|
|m_axi_gmem_wu_0_AWVALID   |  out|    1|       m_axi|           gmem_wu|       pointer|
|m_axi_gmem_wu_0_AWREADY   |   in|    1|       m_axi|           gmem_wu|       pointer|
|m_axi_gmem_wu_0_AWADDR    |  out|   64|       m_axi|           gmem_wu|       pointer|
|m_axi_gmem_wu_0_AWID      |  out|    1|       m_axi|           gmem_wu|       pointer|
|m_axi_gmem_wu_0_AWLEN     |  out|   32|       m_axi|           gmem_wu|       pointer|
|m_axi_gmem_wu_0_AWSIZE    |  out|    3|       m_axi|           gmem_wu|       pointer|
|m_axi_gmem_wu_0_AWBURST   |  out|    2|       m_axi|           gmem_wu|       pointer|
|m_axi_gmem_wu_0_AWLOCK    |  out|    2|       m_axi|           gmem_wu|       pointer|
|m_axi_gmem_wu_0_AWCACHE   |  out|    4|       m_axi|           gmem_wu|       pointer|
|m_axi_gmem_wu_0_AWPROT    |  out|    3|       m_axi|           gmem_wu|       pointer|
|m_axi_gmem_wu_0_AWQOS     |  out|    4|       m_axi|           gmem_wu|       pointer|
|m_axi_gmem_wu_0_AWREGION  |  out|    4|       m_axi|           gmem_wu|       pointer|
|m_axi_gmem_wu_0_AWUSER    |  out|    1|       m_axi|           gmem_wu|       pointer|
|m_axi_gmem_wu_0_WVALID    |  out|    1|       m_axi|           gmem_wu|       pointer|
|m_axi_gmem_wu_0_WREADY    |   in|    1|       m_axi|           gmem_wu|       pointer|
|m_axi_gmem_wu_0_WDATA     |  out|  256|       m_axi|           gmem_wu|       pointer|
|m_axi_gmem_wu_0_WSTRB     |  out|   32|       m_axi|           gmem_wu|       pointer|
|m_axi_gmem_wu_0_WLAST     |  out|    1|       m_axi|           gmem_wu|       pointer|
|m_axi_gmem_wu_0_WID       |  out|    1|       m_axi|           gmem_wu|       pointer|
|m_axi_gmem_wu_0_WUSER     |  out|    1|       m_axi|           gmem_wu|       pointer|
|m_axi_gmem_wu_0_ARVALID   |  out|    1|       m_axi|           gmem_wu|       pointer|
|m_axi_gmem_wu_0_ARREADY   |   in|    1|       m_axi|           gmem_wu|       pointer|
|m_axi_gmem_wu_0_ARADDR    |  out|   64|       m_axi|           gmem_wu|       pointer|
|m_axi_gmem_wu_0_ARID      |  out|    1|       m_axi|           gmem_wu|       pointer|
|m_axi_gmem_wu_0_ARLEN     |  out|   32|       m_axi|           gmem_wu|       pointer|
|m_axi_gmem_wu_0_ARSIZE    |  out|    3|       m_axi|           gmem_wu|       pointer|
|m_axi_gmem_wu_0_ARBURST   |  out|    2|       m_axi|           gmem_wu|       pointer|
|m_axi_gmem_wu_0_ARLOCK    |  out|    2|       m_axi|           gmem_wu|       pointer|
|m_axi_gmem_wu_0_ARCACHE   |  out|    4|       m_axi|           gmem_wu|       pointer|
|m_axi_gmem_wu_0_ARPROT    |  out|    3|       m_axi|           gmem_wu|       pointer|
|m_axi_gmem_wu_0_ARQOS     |  out|    4|       m_axi|           gmem_wu|       pointer|
|m_axi_gmem_wu_0_ARREGION  |  out|    4|       m_axi|           gmem_wu|       pointer|
|m_axi_gmem_wu_0_ARUSER    |  out|    1|       m_axi|           gmem_wu|       pointer|
|m_axi_gmem_wu_0_RVALID    |   in|    1|       m_axi|           gmem_wu|       pointer|
|m_axi_gmem_wu_0_RREADY    |  out|    1|       m_axi|           gmem_wu|       pointer|
|m_axi_gmem_wu_0_RDATA     |   in|  256|       m_axi|           gmem_wu|       pointer|
|m_axi_gmem_wu_0_RLAST     |   in|    1|       m_axi|           gmem_wu|       pointer|
|m_axi_gmem_wu_0_RID       |   in|    1|       m_axi|           gmem_wu|       pointer|
|m_axi_gmem_wu_0_RFIFONUM  |   in|   11|       m_axi|           gmem_wu|       pointer|
|m_axi_gmem_wu_0_RUSER     |   in|    1|       m_axi|           gmem_wu|       pointer|
|m_axi_gmem_wu_0_RRESP     |   in|    2|       m_axi|           gmem_wu|       pointer|
|m_axi_gmem_wu_0_BVALID    |   in|    1|       m_axi|           gmem_wu|       pointer|
|m_axi_gmem_wu_0_BREADY    |  out|    1|       m_axi|           gmem_wu|       pointer|
|m_axi_gmem_wu_0_BRESP     |   in|    2|       m_axi|           gmem_wu|       pointer|
|m_axi_gmem_wu_0_BID       |   in|    1|       m_axi|           gmem_wu|       pointer|
|m_axi_gmem_wu_0_BUSER     |   in|    1|       m_axi|           gmem_wu|       pointer|
|W_ptr                     |   in|   64|     ap_none|             W_ptr|        scalar|
|tile                      |   in|    6|     ap_none|              tile|        scalar|
|C_OUT                     |   in|    9|     ap_none|             C_OUT|        scalar|
|C_IN                      |   in|   10|     ap_none|              C_IN|        scalar|
|wbuf_4_i_address0         |  out|   10|   ap_memory|          wbuf_4_i|         array|
|wbuf_4_i_ce0              |  out|    1|   ap_memory|          wbuf_4_i|         array|
|wbuf_4_i_we0              |  out|    1|   ap_memory|          wbuf_4_i|         array|
|wbuf_4_i_d0               |  out|  256|   ap_memory|          wbuf_4_i|         array|
|wbuf_1_i_195_address0     |  out|   10|   ap_memory|      wbuf_1_i_195|         array|
|wbuf_1_i_195_ce0          |  out|    1|   ap_memory|      wbuf_1_i_195|         array|
|wbuf_1_i_195_we0          |  out|    1|   ap_memory|      wbuf_1_i_195|         array|
|wbuf_1_i_195_d0           |  out|  256|   ap_memory|      wbuf_1_i_195|         array|
|wbuf_2_i_194_address0     |  out|   10|   ap_memory|      wbuf_2_i_194|         array|
|wbuf_2_i_194_ce0          |  out|    1|   ap_memory|      wbuf_2_i_194|         array|
|wbuf_2_i_194_we0          |  out|    1|   ap_memory|      wbuf_2_i_194|         array|
|wbuf_2_i_194_d0           |  out|  256|   ap_memory|      wbuf_2_i_194|         array|
|wbuf_3_i_193_address0     |  out|   10|   ap_memory|      wbuf_3_i_193|         array|
|wbuf_3_i_193_ce0          |  out|    1|   ap_memory|      wbuf_3_i_193|         array|
|wbuf_3_i_193_we0          |  out|    1|   ap_memory|      wbuf_3_i_193|         array|
|wbuf_3_i_193_d0           |  out|  256|   ap_memory|      wbuf_3_i_193|         array|
|wbuf_3_i_address0         |  out|   10|   ap_memory|          wbuf_3_i|         array|
|wbuf_3_i_ce0              |  out|    1|   ap_memory|          wbuf_3_i|         array|
|wbuf_3_i_we0              |  out|    1|   ap_memory|          wbuf_3_i|         array|
|wbuf_3_i_d0               |  out|  256|   ap_memory|          wbuf_3_i|         array|
|wbuf_2_i_address0         |  out|   10|   ap_memory|          wbuf_2_i|         array|
|wbuf_2_i_ce0              |  out|    1|   ap_memory|          wbuf_2_i|         array|
|wbuf_2_i_we0              |  out|    1|   ap_memory|          wbuf_2_i|         array|
|wbuf_2_i_d0               |  out|  256|   ap_memory|          wbuf_2_i|         array|
|wbuf_1_i_address0         |  out|   10|   ap_memory|          wbuf_1_i|         array|
|wbuf_1_i_ce0              |  out|    1|   ap_memory|          wbuf_1_i|         array|
|wbuf_1_i_we0              |  out|    1|   ap_memory|          wbuf_1_i|         array|
|wbuf_1_i_d0               |  out|  256|   ap_memory|          wbuf_1_i|         array|
|wbuf_i_address0           |  out|   10|   ap_memory|            wbuf_i|         array|
|wbuf_i_ce0                |  out|    1|   ap_memory|            wbuf_i|         array|
|wbuf_i_we0                |  out|    1|   ap_memory|            wbuf_i|         array|
|wbuf_i_d0                 |  out|  256|   ap_memory|            wbuf_i|         array|
|idx                       |   in|   19|     ap_none|               idx|        scalar|
+--------------------------+-----+-----+------------+------------------+--------------+

