

================================================================
== Vitis HLS Report for 'uek_mac_producer_16_half_s'
================================================================
* Date:           Sun Jun  7 09:50:57 2026

* Version:        2024.2 (Build 5238294 on Nov  8 2024)
* Project:        prj_fill
* Solution:       solution1 (Vitis Kernel Flow Target)
* Product family: zynquplus
* Target device:  xczu7ev-ffvc1156-2-e


================================================================
== Performance Estimates
================================================================
+ Timing: 
    * Summary: 
    +--------+---------+----------+------------+
    |  Clock |  Target | Estimated| Uncertainty|
    +--------+---------+----------+------------+
    |ap_clk  |  3.33 ns|  2.433 ns|     0.90 ns|
    +--------+---------+----------+------------+

+ Latency: 
    * Summary: 
    +---------+---------+----------+----------+--------+---------+---------+
    |  Latency (cycles) |  Latency (absolute) |     Interval     | Pipeline|
    |   min   |   max   |    min   |    max   |   min  |   max   |   Type  |
    +---------+---------+----------+----------+--------+---------+---------+
    |   242155|  1037081|  0.807 ms|  3.457 ms|  242155|  1037081|       no|
    +---------+---------+----------+----------+--------+---------+---------+

    + Detail: 
        * Instance: 
        +---------------------------------------------------------------+----------------------------------------------------+---------+---------+-----------+----------+--------+---------+------------------------------------------------+
        |                                                               |                                                    |  Latency (cycles) |  Latency (absolute)  |     Interval     |                    Pipeline                    |
        |                            Instance                           |                       Module                       |   min   |   max   |    min    |    max   |   min  |   max   |                      Type                      |
        +---------------------------------------------------------------+----------------------------------------------------+---------+---------+-----------+----------+--------+---------+------------------------------------------------+
        |grp_uek_mac_producer_16_half_Pipeline_VITIS_LOOP_104_1_fu_160  |uek_mac_producer_16_half_Pipeline_VITIS_LOOP_104_1  |       17|       63|  56.661 ns|  0.210 us|      15|       61|  loop auto-rewind stp (delay=0 clock cycles(s))|
        |grp_uek_mac_producer_16_half_Pipeline_PASS_A_FLAT_fu_169       |uek_mac_producer_16_half_Pipeline_PASS_A_FLAT       |   242063|  1036943|   0.807 ms|  3.456 ms|  241921|  1036801|  loop auto-rewind stp (delay=0 clock cycles(s))|
        +---------------------------------------------------------------+----------------------------------------------------+---------+---------+-----------+----------+--------+---------+------------------------------------------------+

        * Loop: 
        N/A



================================================================
== Utilization Estimates
================================================================
* Summary: 
+-----------------+---------+------+--------+--------+-----+
|       Name      | BRAM_18K|  DSP |   FF   |   LUT  | URAM|
+-----------------+---------+------+--------+--------+-----+
|DSP              |        -|     -|       -|       -|    -|
|Expression       |        -|     -|       0|     106|    -|
|FIFO             |        -|     -|       -|       -|    -|
|Instance         |        8|   397|   54724|   33500|    0|
|Memory           |        8|     -|       0|       0|    0|
|Multiplexer      |        -|     -|       0|    1250|    -|
|Register         |        -|     -|     186|       -|    -|
+-----------------+---------+------+--------+--------+-----+
|Total            |       16|   397|   54910|   34856|    0|
+-----------------+---------+------+--------+--------+-----+
|Available        |      624|  1728|  460800|  230400|   96|
+-----------------+---------+------+--------+--------+-----+
|Utilization (%)  |        2|    22|      11|      15|    0|
+-----------------+---------+------+--------+--------+-----+

+ Detail: 
    * Instance: 
    +---------------------------------------------------------------+----------------------------------------------------+---------+-----+-------+-------+-----+
    |                            Instance                           |                       Module                       | BRAM_18K| DSP |   FF  |  LUT  | URAM|
    +---------------------------------------------------------------+----------------------------------------------------+---------+-----+-------+-------+-----+
    |mul_7ns_15ns_21_1_1_U608                                       |mul_7ns_15ns_21_1_1                                 |        0|    1|      0|      5|    0|
    |grp_uek_mac_producer_16_half_Pipeline_PASS_A_FLAT_fu_169       |uek_mac_producer_16_half_Pipeline_PASS_A_FLAT       |        8|  396|  54444|  33420|    0|
    |grp_uek_mac_producer_16_half_Pipeline_VITIS_LOOP_104_1_fu_160  |uek_mac_producer_16_half_Pipeline_VITIS_LOOP_104_1  |        0|    0|    280|     75|    0|
    +---------------------------------------------------------------+----------------------------------------------------+---------+-----+-------+-------+-----+
    |Total                                                          |                                                    |        8|  397|  54724|  33500|    0|
    +---------------------------------------------------------------+----------------------------------------------------+---------+-----+-------+-------+-----+

    * DSP: 
    N/A

    * Memory: 
    +---------+---------------------------------------------------------------------------+---------+---+----+-----+------+-----+------+-------------+
    |  Memory |                                   Module                                  | BRAM_18K| FF| LUT| URAM| Words| Bits| Banks| W*Bits*Banks|
    +---------+---------------------------------------------------------------------------+---------+---+----+-----+------+-----+------+-------------+
    |w_buf_U  |uek_mac_producer_16_half_Pipeline_PASS_A_FLAT_w_buf_1_local_RAM_AUTO_1R1W  |        8|  0|   0|    0|    60|  256|     1|        15360|
    +---------+---------------------------------------------------------------------------+---------+---+----+-----+------+-----+------+-------------+
    |Total    |                                                                           |        8|  0|   0|    0|    60|  256|     1|        15360|
    +---------+---------------------------------------------------------------------------+---------+---+----+-----+------+-----+------+-------------+

    * FIFO: 
    N/A

    * Expression: 
    +-----------------------+----------+----+---+----+------------+------------+
    |     Variable Name     | Operation| DSP| FF| LUT| Bitwidth P0| Bitwidth P1|
    +-----------------------+----------+----+---+----+------------+------------+
    |add_ln104_fu_230_p2    |         +|   0|  0|  71|          64|          64|
    |sub178_fu_296_p2       |         +|   0|  0|  14|           7|           2|
    |thr_mul1591_fu_317_p2  |         +|   0|  0|  21|          14|          14|
    +-----------------------+----------+----+---+----+------------+------------+
    |Total                  |          |   0|  0| 106|          85|          80|
    +-----------------------+----------+----+---+----+------------+------------+

    * Multiplexer: 
    +--------------------------+-----+-----------+-----+-----------+
    |           Name           | LUT | Input Size| Bits| Total Bits|
    +--------------------------+-----+-----------+-----+-----------+
    |ap_NS_fsm                 |  409|         77|    1|         77|
    |gmem_wf_blk_n_AR          |    9|          2|    1|          2|
    |grp_fu_387_ce             |    9|          2|    1|          2|
    |grp_fu_391_ce             |    9|          2|    1|          2|
    |grp_fu_395_ce             |    9|          2|    1|          2|
    |grp_fu_399_ce             |    9|          2|    1|          2|
    |grp_fu_403_ce             |    9|          2|    1|          2|
    |grp_fu_407_ce             |    9|          2|    1|          2|
    |grp_fu_411_ce             |    9|          2|    1|          2|
    |grp_fu_415_ce             |    9|          2|    1|          2|
    |grp_fu_419_ce             |    9|          2|    1|          2|
    |grp_fu_423_ce             |    9|          2|    1|          2|
    |grp_fu_427_ce             |    9|          2|    1|          2|
    |grp_fu_431_ce             |    9|          2|    1|          2|
    |grp_fu_435_ce             |    9|          2|    1|          2|
    |grp_fu_439_ce             |    9|          2|    1|          2|
    |grp_fu_443_ce             |    9|          2|    1|          2|
    |grp_fu_447_ce             |    9|          2|    1|          2|
    |grp_fu_451_ce             |    9|          2|    1|          2|
    |grp_fu_455_ce             |    9|          2|    1|          2|
    |grp_fu_459_ce             |    9|          2|    1|          2|
    |grp_fu_463_ce             |    9|          2|    1|          2|
    |grp_fu_467_ce             |    9|          2|    1|          2|
    |grp_fu_471_ce             |    9|          2|    1|          2|
    |grp_fu_475_ce             |    9|          2|    1|          2|
    |grp_fu_479_ce             |    9|          2|    1|          2|
    |grp_fu_483_ce             |    9|          2|    1|          2|
    |grp_fu_487_ce             |    9|          2|    1|          2|
    |grp_fu_491_ce             |    9|          2|    1|          2|
    |grp_fu_495_ce             |    9|          2|    1|          2|
    |grp_fu_499_ce             |    9|          2|    1|          2|
    |grp_fu_503_ce             |    9|          2|    1|          2|
    |grp_fu_507_ce             |    9|          2|    1|          2|
    |grp_fu_511_ce             |    9|          2|    1|          2|
    |grp_fu_515_ce             |    9|          2|    1|          2|
    |grp_fu_519_ce             |    9|          2|    1|          2|
    |grp_fu_523_ce             |    9|          2|    1|          2|
    |grp_fu_527_ce             |    9|          2|    1|          2|
    |grp_fu_531_ce             |    9|          2|    1|          2|
    |grp_fu_535_ce             |    9|          2|    1|          2|
    |grp_fu_539_ce             |    9|          2|    1|          2|
    |grp_fu_543_ce             |    9|          2|    1|          2|
    |grp_fu_547_ce             |    9|          2|    1|          2|
    |grp_fu_551_ce             |    9|          2|    1|          2|
    |grp_fu_555_ce             |    9|          2|    1|          2|
    |grp_fu_559_ce             |    9|          2|    1|          2|
    |grp_fu_563_ce             |    9|          2|    1|          2|
    |grp_fu_567_ce             |    9|          2|    1|          2|
    |grp_fu_571_ce             |    9|          2|    1|          2|
    |grp_fu_575_ce             |    9|          2|    1|          2|
    |grp_fu_579_ce             |    9|          2|    1|          2|
    |grp_fu_583_ce             |    9|          2|    1|          2|
    |grp_fu_587_ce             |    9|          2|    1|          2|
    |grp_fu_591_ce             |    9|          2|    1|          2|
    |grp_fu_595_ce             |    9|          2|    1|          2|
    |grp_fu_599_ce             |    9|          2|    1|          2|
    |grp_fu_603_ce             |    9|          2|    1|          2|
    |grp_fu_607_ce             |    9|          2|    1|          2|
    |grp_fu_611_ce             |    9|          2|    1|          2|
    |grp_fu_615_ce             |    9|          2|    1|          2|
    |grp_fu_619_ce             |    9|          2|    1|          2|
    |grp_fu_623_ce             |    9|          2|    1|          2|
    |grp_fu_627_ce             |    9|          2|    1|          2|
    |grp_fu_631_ce             |    9|          2|    1|          2|
    |grp_fu_635_ce             |    9|          2|    1|          2|
    |grp_fu_639_ce             |    9|          2|    1|          2|
    |m_axi_gmem_wf_0_ARADDR    |   20|          4|   64|        256|
    |m_axi_gmem_wf_0_ARBURST   |   14|          3|    2|          6|
    |m_axi_gmem_wf_0_ARCACHE   |   14|          3|    4|         12|
    |m_axi_gmem_wf_0_ARID      |   14|          3|    1|          3|
    |m_axi_gmem_wf_0_ARLEN     |   20|          4|   32|        128|
    |m_axi_gmem_wf_0_ARLOCK    |   14|          3|    2|          6|
    |m_axi_gmem_wf_0_ARPROT    |   14|          3|    3|          9|
    |m_axi_gmem_wf_0_ARQOS     |   14|          3|    4|         12|
    |m_axi_gmem_wf_0_ARREGION  |   14|          3|    4|         12|
    |m_axi_gmem_wf_0_ARSIZE    |   14|          3|    3|          9|
    |m_axi_gmem_wf_0_ARUSER    |   14|          3|    1|          3|
    |m_axi_gmem_wf_0_ARVALID   |   20|          4|    1|          4|
    |m_axi_gmem_wf_0_RREADY    |   14|          3|    1|          3|
    |w_buf_address0            |   14|          3|    6|         18|
    |w_buf_ce0                 |   14|          3|    1|          3|
    |w_buf_d0                  |   14|          3|  256|        768|
    |w_buf_we0                 |   14|          3|    1|          3|
    +--------------------------+-----+-----------+-----+-----------+
    |Total                     | 1250|        261|  452|       1462|
    +--------------------------+-----+-----------+-----+-----------+

    * Register: 
    +----------------------------------------------------------------------------+----+----+-----+-----------+
    |                                    Name                                    | FF | LUT| Bits| Const Bits|
    +----------------------------------------------------------------------------+----+----+-----+-----------+
    |ap_CS_fsm                                                                   |  76|   0|   76|          0|
    |grp_uek_mac_producer_16_half_Pipeline_PASS_A_FLAT_fu_169_ap_start_reg       |   1|   0|    1|          0|
    |grp_uek_mac_producer_16_half_Pipeline_VITIS_LOOP_104_1_fu_160_ap_start_reg  |   1|   0|    1|          0|
    |mul_ln117_reg_367                                                           |  21|   0|   21|          0|
    |sext_ln97_reg_362                                                           |   7|   0|    7|          0|
    |sub178_reg_377                                                              |   7|   0|    7|          0|
    |thr_mul1591_reg_382                                                         |  14|   0|   14|          0|
    |trunc_ln_reg_334                                                            |  59|   0|   59|          0|
    +----------------------------------------------------------------------------+----+----+-----+-----------+
    |Total                                                                       | 186|   0|  186|          0|
    +----------------------------------------------------------------------------+----+----+-----+-----------+



================================================================
== Interface
================================================================
* Summary: 
+----------------------------------------------------------------------------------------------+-----+------+------------+-------------------------------------------------------------------------------------+--------------+
|                                           RTL Ports                                          | Dir | Bits |  Protocol  |                                    Source Object                                    |    C Type    |
+----------------------------------------------------------------------------------------------+-----+------+------------+-------------------------------------------------------------------------------------+--------------+
|ap_clk                                                                                        |   in|     1|  ap_ctrl_hs|                                                           uek_mac_producer<16, half>|  return value|
|ap_rst                                                                                        |   in|     1|  ap_ctrl_hs|                                                           uek_mac_producer<16, half>|  return value|
|ap_start                                                                                      |   in|     1|  ap_ctrl_hs|                                                           uek_mac_producer<16, half>|  return value|
|ap_done                                                                                       |  out|     1|  ap_ctrl_hs|                                                           uek_mac_producer<16, half>|  return value|
|ap_idle                                                                                       |  out|     1|  ap_ctrl_hs|                                                           uek_mac_producer<16, half>|  return value|
|ap_ready                                                                                      |  out|     1|  ap_ctrl_hs|                                                           uek_mac_producer<16, half>|  return value|
|grp_fu_2555_p_din0                                                                            |  out|    16|  ap_ctrl_hs|                                                           uek_mac_producer<16, half>|  return value|
|grp_fu_2555_p_din1                                                                            |  out|    16|  ap_ctrl_hs|                                                           uek_mac_producer<16, half>|  return value|
|grp_fu_2555_p_dout0                                                                           |   in|    16|  ap_ctrl_hs|                                                           uek_mac_producer<16, half>|  return value|
|grp_fu_2555_p_ce                                                                              |  out|     1|  ap_ctrl_hs|                                                           uek_mac_producer<16, half>|  return value|
|grp_fu_2559_p_din0                                                                            |  out|    16|  ap_ctrl_hs|                                                           uek_mac_producer<16, half>|  return value|
|grp_fu_2559_p_din1                                                                            |  out|    16|  ap_ctrl_hs|                                                           uek_mac_producer<16, half>|  return value|
|grp_fu_2559_p_dout0                                                                           |   in|    16|  ap_ctrl_hs|                                                           uek_mac_producer<16, half>|  return value|
|grp_fu_2559_p_ce                                                                              |  out|     1|  ap_ctrl_hs|                                                           uek_mac_producer<16, half>|  return value|
|grp_fu_2563_p_din0                                                                            |  out|    16|  ap_ctrl_hs|                                                           uek_mac_producer<16, half>|  return value|
|grp_fu_2563_p_din1                                                                            |  out|    16|  ap_ctrl_hs|                                                           uek_mac_producer<16, half>|  return value|
|grp_fu_2563_p_dout0                                                                           |   in|    16|  ap_ctrl_hs|                                                           uek_mac_producer<16, half>|  return value|
|grp_fu_2563_p_ce                                                                              |  out|     1|  ap_ctrl_hs|                                                           uek_mac_producer<16, half>|  return value|
|grp_fu_2567_p_din0                                                                            |  out|    16|  ap_ctrl_hs|                                                           uek_mac_producer<16, half>|  return value|
|grp_fu_2567_p_din1                                                                            |  out|    16|  ap_ctrl_hs|                                                           uek_mac_producer<16, half>|  return value|
|grp_fu_2567_p_dout0                                                                           |   in|    16|  ap_ctrl_hs|                                                           uek_mac_producer<16, half>|  return value|
|grp_fu_2567_p_ce                                                                              |  out|     1|  ap_ctrl_hs|                                                           uek_mac_producer<16, half>|  return value|
|grp_fu_2571_p_din0                                                                            |  out|    16|  ap_ctrl_hs|                                                           uek_mac_producer<16, half>|  return value|
|grp_fu_2571_p_din1                                                                            |  out|    16|  ap_ctrl_hs|                                                           uek_mac_producer<16, half>|  return value|
|grp_fu_2571_p_dout0                                                                           |   in|    16|  ap_ctrl_hs|                                                           uek_mac_producer<16, half>|  return value|
|grp_fu_2571_p_ce                                                                              |  out|     1|  ap_ctrl_hs|                                                           uek_mac_producer<16, half>|  return value|
|grp_fu_2575_p_din0                                                                            |  out|    16|  ap_ctrl_hs|                                                           uek_mac_producer<16, half>|  return value|
|grp_fu_2575_p_din1                                                                            |  out|    16|  ap_ctrl_hs|                                                           uek_mac_producer<16, half>|  return value|
|grp_fu_2575_p_dout0                                                                           |   in|    16|  ap_ctrl_hs|                                                           uek_mac_producer<16, half>|  return value|
|grp_fu_2575_p_ce                                                                              |  out|     1|  ap_ctrl_hs|                                                           uek_mac_producer<16, half>|  return value|
|grp_fu_2579_p_din0                                                                            |  out|    16|  ap_ctrl_hs|                                                           uek_mac_producer<16, half>|  return value|
|grp_fu_2579_p_din1                                                                            |  out|    16|  ap_ctrl_hs|                                                           uek_mac_producer<16, half>|  return value|
|grp_fu_2579_p_dout0                                                                           |   in|    16|  ap_ctrl_hs|                                                           uek_mac_producer<16, half>|  return value|
|grp_fu_2579_p_ce                                                                              |  out|     1|  ap_ctrl_hs|                                                           uek_mac_producer<16, half>|  return value|
|grp_fu_2583_p_din0                                                                            |  out|    16|  ap_ctrl_hs|                                                           uek_mac_producer<16, half>|  return value|
|grp_fu_2583_p_din1                                                                            |  out|    16|  ap_ctrl_hs|                                                           uek_mac_producer<16, half>|  return value|
|grp_fu_2583_p_dout0                                                                           |   in|    16|  ap_ctrl_hs|                                                           uek_mac_producer<16, half>|  return value|
|grp_fu_2583_p_ce                                                                              |  out|     1|  ap_ctrl_hs|                                                           uek_mac_producer<16, half>|  return value|
|grp_fu_2587_p_din0                                                                            |  out|    16|  ap_ctrl_hs|                                                           uek_mac_producer<16, half>|  return value|
|grp_fu_2587_p_din1                                                                            |  out|    16|  ap_ctrl_hs|                                                           uek_mac_producer<16, half>|  return value|
|grp_fu_2587_p_dout0                                                                           |   in|    16|  ap_ctrl_hs|                                                           uek_mac_producer<16, half>|  return value|
|grp_fu_2587_p_ce                                                                              |  out|     1|  ap_ctrl_hs|                                                           uek_mac_producer<16, half>|  return value|
|grp_fu_2591_p_din0                                                                            |  out|    16|  ap_ctrl_hs|                                                           uek_mac_producer<16, half>|  return value|
|grp_fu_2591_p_din1                                                                            |  out|    16|  ap_ctrl_hs|                                                           uek_mac_producer<16, half>|  return value|
|grp_fu_2591_p_dout0                                                                           |   in|    16|  ap_ctrl_hs|                                                           uek_mac_producer<16, half>|  return value|
|grp_fu_2591_p_ce                                                                              |  out|     1|  ap_ctrl_hs|                                                           uek_mac_producer<16, half>|  return value|
|grp_fu_2595_p_din0                                                                            |  out|    16|  ap_ctrl_hs|                                                           uek_mac_producer<16, half>|  return value|
|grp_fu_2595_p_din1                                                                            |  out|    16|  ap_ctrl_hs|                                                           uek_mac_producer<16, half>|  return value|
|grp_fu_2595_p_dout0                                                                           |   in|    16|  ap_ctrl_hs|                                                           uek_mac_producer<16, half>|  return value|
|grp_fu_2595_p_ce                                                                              |  out|     1|  ap_ctrl_hs|                                                           uek_mac_producer<16, half>|  return value|
|grp_fu_2599_p_din0                                                                            |  out|    16|  ap_ctrl_hs|                                                           uek_mac_producer<16, half>|  return value|
|grp_fu_2599_p_din1                                                                            |  out|    16|  ap_ctrl_hs|                                                           uek_mac_producer<16, half>|  return value|
|grp_fu_2599_p_dout0                                                                           |   in|    16|  ap_ctrl_hs|                                                           uek_mac_producer<16, half>|  return value|
|grp_fu_2599_p_ce                                                                              |  out|     1|  ap_ctrl_hs|                                                           uek_mac_producer<16, half>|  return value|
|grp_fu_2603_p_din0                                                                            |  out|    16|  ap_ctrl_hs|                                                           uek_mac_producer<16, half>|  return value|
|grp_fu_2603_p_din1                                                                            |  out|    16|  ap_ctrl_hs|                                                           uek_mac_producer<16, half>|  return value|
|grp_fu_2603_p_dout0                                                                           |   in|    16|  ap_ctrl_hs|                                                           uek_mac_producer<16, half>|  return value|
|grp_fu_2603_p_ce                                                                              |  out|     1|  ap_ctrl_hs|                                                           uek_mac_producer<16, half>|  return value|
|grp_fu_2607_p_din0                                                                            |  out|    16|  ap_ctrl_hs|                                                           uek_mac_producer<16, half>|  return value|
|grp_fu_2607_p_din1                                                                            |  out|    16|  ap_ctrl_hs|                                                           uek_mac_producer<16, half>|  return value|
|grp_fu_2607_p_dout0                                                                           |   in|    16|  ap_ctrl_hs|                                                           uek_mac_producer<16, half>|  return value|
|grp_fu_2607_p_ce                                                                              |  out|     1|  ap_ctrl_hs|                                                           uek_mac_producer<16, half>|  return value|
|grp_fu_2611_p_din0                                                                            |  out|    16|  ap_ctrl_hs|                                                           uek_mac_producer<16, half>|  return value|
|grp_fu_2611_p_din1                                                                            |  out|    16|  ap_ctrl_hs|                                                           uek_mac_producer<16, half>|  return value|
|grp_fu_2611_p_dout0                                                                           |   in|    16|  ap_ctrl_hs|                                                           uek_mac_producer<16, half>|  return value|
|grp_fu_2611_p_ce                                                                              |  out|     1|  ap_ctrl_hs|                                                           uek_mac_producer<16, half>|  return value|
|grp_fu_2615_p_din0                                                                            |  out|    16|  ap_ctrl_hs|                                                           uek_mac_producer<16, half>|  return value|
|grp_fu_2615_p_din1                                                                            |  out|    16|  ap_ctrl_hs|                                                           uek_mac_producer<16, half>|  return value|
|grp_fu_2615_p_dout0                                                                           |   in|    16|  ap_ctrl_hs|                                                           uek_mac_producer<16, half>|  return value|
|grp_fu_2615_p_ce                                                                              |  out|     1|  ap_ctrl_hs|                                                           uek_mac_producer<16, half>|  return value|
|grp_fu_2619_p_din0                                                                            |  out|    16|  ap_ctrl_hs|                                                           uek_mac_producer<16, half>|  return value|
|grp_fu_2619_p_din1                                                                            |  out|    16|  ap_ctrl_hs|                                                           uek_mac_producer<16, half>|  return value|
|grp_fu_2619_p_dout0                                                                           |   in|    16|  ap_ctrl_hs|                                                           uek_mac_producer<16, half>|  return value|
|grp_fu_2619_p_ce                                                                              |  out|     1|  ap_ctrl_hs|                                                           uek_mac_producer<16, half>|  return value|
|grp_fu_2623_p_din0                                                                            |  out|    16|  ap_ctrl_hs|                                                           uek_mac_producer<16, half>|  return value|
|grp_fu_2623_p_din1                                                                            |  out|    16|  ap_ctrl_hs|                                                           uek_mac_producer<16, half>|  return value|
|grp_fu_2623_p_dout0                                                                           |   in|    16|  ap_ctrl_hs|                                                           uek_mac_producer<16, half>|  return value|
|grp_fu_2623_p_ce                                                                              |  out|     1|  ap_ctrl_hs|                                                           uek_mac_producer<16, half>|  return value|
|grp_fu_2627_p_din0                                                                            |  out|    16|  ap_ctrl_hs|                                                           uek_mac_producer<16, half>|  return value|
|grp_fu_2627_p_din1                                                                            |  out|    16|  ap_ctrl_hs|                                                           uek_mac_producer<16, half>|  return value|
|grp_fu_2627_p_dout0                                                                           |   in|    16|  ap_ctrl_hs|                                                           uek_mac_producer<16, half>|  return value|
|grp_fu_2627_p_ce                                                                              |  out|     1|  ap_ctrl_hs|                                                           uek_mac_producer<16, half>|  return value|
|grp_fu_2631_p_din0                                                                            |  out|    16|  ap_ctrl_hs|                                                           uek_mac_producer<16, half>|  return value|
|grp_fu_2631_p_din1                                                                            |  out|    16|  ap_ctrl_hs|                                                           uek_mac_producer<16, half>|  return value|
|grp_fu_2631_p_dout0                                                                           |   in|    16|  ap_ctrl_hs|                                                           uek_mac_producer<16, half>|  return value|
|grp_fu_2631_p_ce                                                                              |  out|     1|  ap_ctrl_hs|                                                           uek_mac_producer<16, half>|  return value|
|grp_fu_2635_p_din0                                                                            |  out|    16|  ap_ctrl_hs|                                                           uek_mac_producer<16, half>|  return value|
|grp_fu_2635_p_din1                                                                            |  out|    16|  ap_ctrl_hs|                                                           uek_mac_producer<16, half>|  return value|
|grp_fu_2635_p_dout0                                                                           |   in|    16|  ap_ctrl_hs|                                                           uek_mac_producer<16, half>|  return value|
|grp_fu_2635_p_ce                                                                              |  out|     1|  ap_ctrl_hs|                                                           uek_mac_producer<16, half>|  return value|
|grp_fu_2639_p_din0                                                                            |  out|    16|  ap_ctrl_hs|                                                           uek_mac_producer<16, half>|  return value|
|grp_fu_2639_p_din1                                                                            |  out|    16|  ap_ctrl_hs|                                                           uek_mac_producer<16, half>|  return value|
|grp_fu_2639_p_dout0                                                                           |   in|    16|  ap_ctrl_hs|                                                           uek_mac_producer<16, half>|  return value|
|grp_fu_2639_p_ce                                                                              |  out|     1|  ap_ctrl_hs|                                                           uek_mac_producer<16, half>|  return value|
|grp_fu_2643_p_din0                                                                            |  out|    16|  ap_ctrl_hs|                                                           uek_mac_producer<16, half>|  return value|
|grp_fu_2643_p_din1                                                                            |  out|    16|  ap_ctrl_hs|                                                           uek_mac_producer<16, half>|  return value|
|grp_fu_2643_p_dout0                                                                           |   in|    16|  ap_ctrl_hs|                                                           uek_mac_producer<16, half>|  return value|
|grp_fu_2643_p_ce                                                                              |  out|     1|  ap_ctrl_hs|                                                           uek_mac_producer<16, half>|  return value|
|grp_fu_2647_p_din0                                                                            |  out|    16|  ap_ctrl_hs|                                                           uek_mac_producer<16, half>|  return value|
|grp_fu_2647_p_din1                                                                            |  out|    16|  ap_ctrl_hs|                                                           uek_mac_producer<16, half>|  return value|
|grp_fu_2647_p_dout0                                                                           |   in|    16|  ap_ctrl_hs|                                                           uek_mac_producer<16, half>|  return value|
|grp_fu_2647_p_ce                                                                              |  out|     1|  ap_ctrl_hs|                                                           uek_mac_producer<16, half>|  return value|
|grp_fu_2651_p_din0                                                                            |  out|    16|  ap_ctrl_hs|                                                           uek_mac_producer<16, half>|  return value|
|grp_fu_2651_p_din1                                                                            |  out|    16|  ap_ctrl_hs|                                                           uek_mac_producer<16, half>|  return value|
|grp_fu_2651_p_dout0                                                                           |   in|    16|  ap_ctrl_hs|                                                           uek_mac_producer<16, half>|  return value|
|grp_fu_2651_p_ce                                                                              |  out|     1|  ap_ctrl_hs|                                                           uek_mac_producer<16, half>|  return value|
|grp_fu_2655_p_din0                                                                            |  out|    16|  ap_ctrl_hs|                                                           uek_mac_producer<16, half>|  return value|
|grp_fu_2655_p_din1                                                                            |  out|    16|  ap_ctrl_hs|                                                           uek_mac_producer<16, half>|  return value|
|grp_fu_2655_p_dout0                                                                           |   in|    16|  ap_ctrl_hs|                                                           uek_mac_producer<16, half>|  return value|
|grp_fu_2655_p_ce                                                                              |  out|     1|  ap_ctrl_hs|                                                           uek_mac_producer<16, half>|  return value|
|grp_fu_2659_p_din0                                                                            |  out|    16|  ap_ctrl_hs|                                                           uek_mac_producer<16, half>|  return value|
|grp_fu_2659_p_din1                                                                            |  out|    16|  ap_ctrl_hs|                                                           uek_mac_producer<16, half>|  return value|
|grp_fu_2659_p_dout0                                                                           |   in|    16|  ap_ctrl_hs|                                                           uek_mac_producer<16, half>|  return value|
|grp_fu_2659_p_ce                                                                              |  out|     1|  ap_ctrl_hs|                                                           uek_mac_producer<16, half>|  return value|
|grp_fu_2663_p_din0                                                                            |  out|    16|  ap_ctrl_hs|                                                           uek_mac_producer<16, half>|  return value|
|grp_fu_2663_p_din1                                                                            |  out|    16|  ap_ctrl_hs|                                                           uek_mac_producer<16, half>|  return value|
|grp_fu_2663_p_dout0                                                                           |   in|    16|  ap_ctrl_hs|                                                           uek_mac_producer<16, half>|  return value|
|grp_fu_2663_p_ce                                                                              |  out|     1|  ap_ctrl_hs|                                                           uek_mac_producer<16, half>|  return value|
|grp_fu_2667_p_din0                                                                            |  out|    16|  ap_ctrl_hs|                                                           uek_mac_producer<16, half>|  return value|
|grp_fu_2667_p_din1                                                                            |  out|    16|  ap_ctrl_hs|                                                           uek_mac_producer<16, half>|  return value|
|grp_fu_2667_p_dout0                                                                           |   in|    16|  ap_ctrl_hs|                                                           uek_mac_producer<16, half>|  return value|
|grp_fu_2667_p_ce                                                                              |  out|     1|  ap_ctrl_hs|                                                           uek_mac_producer<16, half>|  return value|
|grp_fu_2671_p_din0                                                                            |  out|    16|  ap_ctrl_hs|                                                           uek_mac_producer<16, half>|  return value|
|grp_fu_2671_p_din1                                                                            |  out|    16|  ap_ctrl_hs|                                                           uek_mac_producer<16, half>|  return value|
|grp_fu_2671_p_dout0                                                                           |   in|    16|  ap_ctrl_hs|                                                           uek_mac_producer<16, half>|  return value|
|grp_fu_2671_p_ce                                                                              |  out|     1|  ap_ctrl_hs|                                                           uek_mac_producer<16, half>|  return value|
|grp_fu_2675_p_din0                                                                            |  out|    16|  ap_ctrl_hs|                                                           uek_mac_producer<16, half>|  return value|
|grp_fu_2675_p_din1                                                                            |  out|    16|  ap_ctrl_hs|                                                           uek_mac_producer<16, half>|  return value|
|grp_fu_2675_p_dout0                                                                           |   in|    16|  ap_ctrl_hs|                                                           uek_mac_producer<16, half>|  return value|
|grp_fu_2675_p_ce                                                                              |  out|     1|  ap_ctrl_hs|                                                           uek_mac_producer<16, half>|  return value|
|grp_fu_2679_p_din0                                                                            |  out|    16|  ap_ctrl_hs|                                                           uek_mac_producer<16, half>|  return value|
|grp_fu_2679_p_din1                                                                            |  out|    16|  ap_ctrl_hs|                                                           uek_mac_producer<16, half>|  return value|
|grp_fu_2679_p_dout0                                                                           |   in|    16|  ap_ctrl_hs|                                                           uek_mac_producer<16, half>|  return value|
|grp_fu_2679_p_ce                                                                              |  out|     1|  ap_ctrl_hs|                                                           uek_mac_producer<16, half>|  return value|
|grp_fu_2683_p_din0                                                                            |  out|    16|  ap_ctrl_hs|                                                           uek_mac_producer<16, half>|  return value|
|grp_fu_2683_p_din1                                                                            |  out|    16|  ap_ctrl_hs|                                                           uek_mac_producer<16, half>|  return value|
|grp_fu_2683_p_dout0                                                                           |   in|    16|  ap_ctrl_hs|                                                           uek_mac_producer<16, half>|  return value|
|grp_fu_2683_p_ce                                                                              |  out|     1|  ap_ctrl_hs|                                                           uek_mac_producer<16, half>|  return value|
|grp_fu_2687_p_din0                                                                            |  out|    16|  ap_ctrl_hs|                                                           uek_mac_producer<16, half>|  return value|
|grp_fu_2687_p_din1                                                                            |  out|    16|  ap_ctrl_hs|                                                           uek_mac_producer<16, half>|  return value|
|grp_fu_2687_p_dout0                                                                           |   in|    16|  ap_ctrl_hs|                                                           uek_mac_producer<16, half>|  return value|
|grp_fu_2687_p_ce                                                                              |  out|     1|  ap_ctrl_hs|                                                           uek_mac_producer<16, half>|  return value|
|grp_fu_2691_p_din0                                                                            |  out|    16|  ap_ctrl_hs|                                                           uek_mac_producer<16, half>|  return value|
|grp_fu_2691_p_din1                                                                            |  out|    16|  ap_ctrl_hs|                                                           uek_mac_producer<16, half>|  return value|
|grp_fu_2691_p_dout0                                                                           |   in|    16|  ap_ctrl_hs|                                                           uek_mac_producer<16, half>|  return value|
|grp_fu_2691_p_ce                                                                              |  out|     1|  ap_ctrl_hs|                                                           uek_mac_producer<16, half>|  return value|
|grp_fu_2695_p_din0                                                                            |  out|    16|  ap_ctrl_hs|                                                           uek_mac_producer<16, half>|  return value|
|grp_fu_2695_p_din1                                                                            |  out|    16|  ap_ctrl_hs|                                                           uek_mac_producer<16, half>|  return value|
|grp_fu_2695_p_dout0                                                                           |   in|    16|  ap_ctrl_hs|                                                           uek_mac_producer<16, half>|  return value|
|grp_fu_2695_p_ce                                                                              |  out|     1|  ap_ctrl_hs|                                                           uek_mac_producer<16, half>|  return value|
|grp_fu_2699_p_din0                                                                            |  out|    16|  ap_ctrl_hs|                                                           uek_mac_producer<16, half>|  return value|
|grp_fu_2699_p_din1                                                                            |  out|    16|  ap_ctrl_hs|                                                           uek_mac_producer<16, half>|  return value|
|grp_fu_2699_p_dout0                                                                           |   in|    16|  ap_ctrl_hs|                                                           uek_mac_producer<16, half>|  return value|
|grp_fu_2699_p_ce                                                                              |  out|     1|  ap_ctrl_hs|                                                           uek_mac_producer<16, half>|  return value|
|grp_fu_2703_p_din0                                                                            |  out|    16|  ap_ctrl_hs|                                                           uek_mac_producer<16, half>|  return value|
|grp_fu_2703_p_din1                                                                            |  out|    16|  ap_ctrl_hs|                                                           uek_mac_producer<16, half>|  return value|
|grp_fu_2703_p_dout0                                                                           |   in|    16|  ap_ctrl_hs|                                                           uek_mac_producer<16, half>|  return value|
|grp_fu_2703_p_ce                                                                              |  out|     1|  ap_ctrl_hs|                                                           uek_mac_producer<16, half>|  return value|
|grp_fu_2707_p_din0                                                                            |  out|    16|  ap_ctrl_hs|                                                           uek_mac_producer<16, half>|  return value|
|grp_fu_2707_p_din1                                                                            |  out|    16|  ap_ctrl_hs|                                                           uek_mac_producer<16, half>|  return value|
|grp_fu_2707_p_dout0                                                                           |   in|    16|  ap_ctrl_hs|                                                           uek_mac_producer<16, half>|  return value|
|grp_fu_2707_p_ce                                                                              |  out|     1|  ap_ctrl_hs|                                                           uek_mac_producer<16, half>|  return value|
|grp_fu_2711_p_din0                                                                            |  out|    16|  ap_ctrl_hs|                                                           uek_mac_producer<16, half>|  return value|
|grp_fu_2711_p_din1                                                                            |  out|    16|  ap_ctrl_hs|                                                           uek_mac_producer<16, half>|  return value|
|grp_fu_2711_p_dout0                                                                           |   in|    16|  ap_ctrl_hs|                                                           uek_mac_producer<16, half>|  return value|
|grp_fu_2711_p_ce                                                                              |  out|     1|  ap_ctrl_hs|                                                           uek_mac_producer<16, half>|  return value|
|grp_fu_2715_p_din0                                                                            |  out|    16|  ap_ctrl_hs|                                                           uek_mac_producer<16, half>|  return value|
|grp_fu_2715_p_din1                                                                            |  out|    16|  ap_ctrl_hs|                                                           uek_mac_producer<16, half>|  return value|
|grp_fu_2715_p_dout0                                                                           |   in|    16|  ap_ctrl_hs|                                                           uek_mac_producer<16, half>|  return value|
|grp_fu_2715_p_ce                                                                              |  out|     1|  ap_ctrl_hs|                                                           uek_mac_producer<16, half>|  return value|
|grp_fu_2719_p_din0                                                                            |  out|    16|  ap_ctrl_hs|                                                           uek_mac_producer<16, half>|  return value|
|grp_fu_2719_p_din1                                                                            |  out|    16|  ap_ctrl_hs|                                                           uek_mac_producer<16, half>|  return value|
|grp_fu_2719_p_dout0                                                                           |   in|    16|  ap_ctrl_hs|                                                           uek_mac_producer<16, half>|  return value|
|grp_fu_2719_p_ce                                                                              |  out|     1|  ap_ctrl_hs|                                                           uek_mac_producer<16, half>|  return value|
|grp_fu_2723_p_din0                                                                            |  out|    16|  ap_ctrl_hs|                                                           uek_mac_producer<16, half>|  return value|
|grp_fu_2723_p_din1                                                                            |  out|    16|  ap_ctrl_hs|                                                           uek_mac_producer<16, half>|  return value|
|grp_fu_2723_p_dout0                                                                           |   in|    16|  ap_ctrl_hs|                                                           uek_mac_producer<16, half>|  return value|
|grp_fu_2723_p_ce                                                                              |  out|     1|  ap_ctrl_hs|                                                           uek_mac_producer<16, half>|  return value|
|grp_fu_2727_p_din0                                                                            |  out|    16|  ap_ctrl_hs|                                                           uek_mac_producer<16, half>|  return value|
|grp_fu_2727_p_din1                                                                            |  out|    16|  ap_ctrl_hs|                                                           uek_mac_producer<16, half>|  return value|
|grp_fu_2727_p_dout0                                                                           |   in|    16|  ap_ctrl_hs|                                                           uek_mac_producer<16, half>|  return value|
|grp_fu_2727_p_ce                                                                              |  out|     1|  ap_ctrl_hs|                                                           uek_mac_producer<16, half>|  return value|
|grp_fu_2731_p_din0                                                                            |  out|    16|  ap_ctrl_hs|                                                           uek_mac_producer<16, half>|  return value|
|grp_fu_2731_p_din1                                                                            |  out|    16|  ap_ctrl_hs|                                                           uek_mac_producer<16, half>|  return value|
|grp_fu_2731_p_dout0                                                                           |   in|    16|  ap_ctrl_hs|                                                           uek_mac_producer<16, half>|  return value|
|grp_fu_2731_p_ce                                                                              |  out|     1|  ap_ctrl_hs|                                                           uek_mac_producer<16, half>|  return value|
|grp_fu_2735_p_din0                                                                            |  out|    16|  ap_ctrl_hs|                                                           uek_mac_producer<16, half>|  return value|
|grp_fu_2735_p_din1                                                                            |  out|    16|  ap_ctrl_hs|                                                           uek_mac_producer<16, half>|  return value|
|grp_fu_2735_p_dout0                                                                           |   in|    16|  ap_ctrl_hs|                                                           uek_mac_producer<16, half>|  return value|
|grp_fu_2735_p_ce                                                                              |  out|     1|  ap_ctrl_hs|                                                           uek_mac_producer<16, half>|  return value|
|grp_fu_2739_p_din0                                                                            |  out|    16|  ap_ctrl_hs|                                                           uek_mac_producer<16, half>|  return value|
|grp_fu_2739_p_din1                                                                            |  out|    16|  ap_ctrl_hs|                                                           uek_mac_producer<16, half>|  return value|
|grp_fu_2739_p_dout0                                                                           |   in|    16|  ap_ctrl_hs|                                                           uek_mac_producer<16, half>|  return value|
|grp_fu_2739_p_ce                                                                              |  out|     1|  ap_ctrl_hs|                                                           uek_mac_producer<16, half>|  return value|
|grp_fu_2743_p_din0                                                                            |  out|    16|  ap_ctrl_hs|                                                           uek_mac_producer<16, half>|  return value|
|grp_fu_2743_p_din1                                                                            |  out|    16|  ap_ctrl_hs|                                                           uek_mac_producer<16, half>|  return value|
|grp_fu_2743_p_dout0                                                                           |   in|    16|  ap_ctrl_hs|                                                           uek_mac_producer<16, half>|  return value|
|grp_fu_2743_p_ce                                                                              |  out|     1|  ap_ctrl_hs|                                                           uek_mac_producer<16, half>|  return value|
|grp_fu_2811_p_din0                                                                            |  out|    16|  ap_ctrl_hs|                                                           uek_mac_producer<16, half>|  return value|
|grp_fu_2811_p_din1                                                                            |  out|    16|  ap_ctrl_hs|                                                           uek_mac_producer<16, half>|  return value|
|grp_fu_2811_p_dout0                                                                           |   in|    16|  ap_ctrl_hs|                                                           uek_mac_producer<16, half>|  return value|
|grp_fu_2811_p_ce                                                                              |  out|     1|  ap_ctrl_hs|                                                           uek_mac_producer<16, half>|  return value|
|grp_fu_2815_p_din0                                                                            |  out|    16|  ap_ctrl_hs|                                                           uek_mac_producer<16, half>|  return value|
|grp_fu_2815_p_din1                                                                            |  out|    16|  ap_ctrl_hs|                                                           uek_mac_producer<16, half>|  return value|
|grp_fu_2815_p_dout0                                                                           |   in|    16|  ap_ctrl_hs|                                                           uek_mac_producer<16, half>|  return value|
|grp_fu_2815_p_ce                                                                              |  out|     1|  ap_ctrl_hs|                                                           uek_mac_producer<16, half>|  return value|
|grp_fu_2819_p_din0                                                                            |  out|    16|  ap_ctrl_hs|                                                           uek_mac_producer<16, half>|  return value|
|grp_fu_2819_p_din1                                                                            |  out|    16|  ap_ctrl_hs|                                                           uek_mac_producer<16, half>|  return value|
|grp_fu_2819_p_dout0                                                                           |   in|    16|  ap_ctrl_hs|                                                           uek_mac_producer<16, half>|  return value|
|grp_fu_2819_p_ce                                                                              |  out|     1|  ap_ctrl_hs|                                                           uek_mac_producer<16, half>|  return value|
|grp_fu_2823_p_din0                                                                            |  out|    16|  ap_ctrl_hs|                                                           uek_mac_producer<16, half>|  return value|
|grp_fu_2823_p_din1                                                                            |  out|    16|  ap_ctrl_hs|                                                           uek_mac_producer<16, half>|  return value|
|grp_fu_2823_p_dout0                                                                           |   in|    16|  ap_ctrl_hs|                                                           uek_mac_producer<16, half>|  return value|
|grp_fu_2823_p_ce                                                                              |  out|     1|  ap_ctrl_hs|                                                           uek_mac_producer<16, half>|  return value|
|grp_fu_2827_p_din0                                                                            |  out|    16|  ap_ctrl_hs|                                                           uek_mac_producer<16, half>|  return value|
|grp_fu_2827_p_din1                                                                            |  out|    16|  ap_ctrl_hs|                                                           uek_mac_producer<16, half>|  return value|
|grp_fu_2827_p_dout0                                                                           |   in|    16|  ap_ctrl_hs|                                                           uek_mac_producer<16, half>|  return value|
|grp_fu_2827_p_ce                                                                              |  out|     1|  ap_ctrl_hs|                                                           uek_mac_producer<16, half>|  return value|
|grp_fu_2831_p_din0                                                                            |  out|    16|  ap_ctrl_hs|                                                           uek_mac_producer<16, half>|  return value|
|grp_fu_2831_p_din1                                                                            |  out|    16|  ap_ctrl_hs|                                                           uek_mac_producer<16, half>|  return value|
|grp_fu_2831_p_dout0                                                                           |   in|    16|  ap_ctrl_hs|                                                           uek_mac_producer<16, half>|  return value|
|grp_fu_2831_p_ce                                                                              |  out|     1|  ap_ctrl_hs|                                                           uek_mac_producer<16, half>|  return value|
|grp_fu_2835_p_din0                                                                            |  out|    16|  ap_ctrl_hs|                                                           uek_mac_producer<16, half>|  return value|
|grp_fu_2835_p_din1                                                                            |  out|    16|  ap_ctrl_hs|                                                           uek_mac_producer<16, half>|  return value|
|grp_fu_2835_p_dout0                                                                           |   in|    16|  ap_ctrl_hs|                                                           uek_mac_producer<16, half>|  return value|
|grp_fu_2835_p_ce                                                                              |  out|     1|  ap_ctrl_hs|                                                           uek_mac_producer<16, half>|  return value|
|grp_fu_2839_p_din0                                                                            |  out|    16|  ap_ctrl_hs|                                                           uek_mac_producer<16, half>|  return value|
|grp_fu_2839_p_din1                                                                            |  out|    16|  ap_ctrl_hs|                                                           uek_mac_producer<16, half>|  return value|
|grp_fu_2839_p_dout0                                                                           |   in|    16|  ap_ctrl_hs|                                                           uek_mac_producer<16, half>|  return value|
|grp_fu_2839_p_ce                                                                              |  out|     1|  ap_ctrl_hs|                                                           uek_mac_producer<16, half>|  return value|
|grp_fu_2843_p_din0                                                                            |  out|    16|  ap_ctrl_hs|                                                           uek_mac_producer<16, half>|  return value|
|grp_fu_2843_p_din1                                                                            |  out|    16|  ap_ctrl_hs|                                                           uek_mac_producer<16, half>|  return value|
|grp_fu_2843_p_dout0                                                                           |   in|    16|  ap_ctrl_hs|                                                           uek_mac_producer<16, half>|  return value|
|grp_fu_2843_p_ce                                                                              |  out|     1|  ap_ctrl_hs|                                                           uek_mac_producer<16, half>|  return value|
|grp_fu_2847_p_din0                                                                            |  out|    16|  ap_ctrl_hs|                                                           uek_mac_producer<16, half>|  return value|
|grp_fu_2847_p_din1                                                                            |  out|    16|  ap_ctrl_hs|                                                           uek_mac_producer<16, half>|  return value|
|grp_fu_2847_p_dout0                                                                           |   in|    16|  ap_ctrl_hs|                                                           uek_mac_producer<16, half>|  return value|
|grp_fu_2847_p_ce                                                                              |  out|     1|  ap_ctrl_hs|                                                           uek_mac_producer<16, half>|  return value|
|grp_fu_2851_p_din0                                                                            |  out|    16|  ap_ctrl_hs|                                                           uek_mac_producer<16, half>|  return value|
|grp_fu_2851_p_din1                                                                            |  out|    16|  ap_ctrl_hs|                                                           uek_mac_producer<16, half>|  return value|
|grp_fu_2851_p_dout0                                                                           |   in|    16|  ap_ctrl_hs|                                                           uek_mac_producer<16, half>|  return value|
|grp_fu_2851_p_ce                                                                              |  out|     1|  ap_ctrl_hs|                                                           uek_mac_producer<16, half>|  return value|
|grp_fu_2855_p_din0                                                                            |  out|    16|  ap_ctrl_hs|                                                           uek_mac_producer<16, half>|  return value|
|grp_fu_2855_p_din1                                                                            |  out|    16|  ap_ctrl_hs|                                                           uek_mac_producer<16, half>|  return value|
|grp_fu_2855_p_dout0                                                                           |   in|    16|  ap_ctrl_hs|                                                           uek_mac_producer<16, half>|  return value|
|grp_fu_2855_p_ce                                                                              |  out|     1|  ap_ctrl_hs|                                                           uek_mac_producer<16, half>|  return value|
|grp_fu_2859_p_din0                                                                            |  out|    16|  ap_ctrl_hs|                                                           uek_mac_producer<16, half>|  return value|
|grp_fu_2859_p_din1                                                                            |  out|    16|  ap_ctrl_hs|                                                           uek_mac_producer<16, half>|  return value|
|grp_fu_2859_p_dout0                                                                           |   in|    16|  ap_ctrl_hs|                                                           uek_mac_producer<16, half>|  return value|
|grp_fu_2859_p_ce                                                                              |  out|     1|  ap_ctrl_hs|                                                           uek_mac_producer<16, half>|  return value|
|grp_fu_2863_p_din0                                                                            |  out|    16|  ap_ctrl_hs|                                                           uek_mac_producer<16, half>|  return value|
|grp_fu_2863_p_din1                                                                            |  out|    16|  ap_ctrl_hs|                                                           uek_mac_producer<16, half>|  return value|
|grp_fu_2863_p_dout0                                                                           |   in|    16|  ap_ctrl_hs|                                                           uek_mac_producer<16, half>|  return value|
|grp_fu_2863_p_ce                                                                              |  out|     1|  ap_ctrl_hs|                                                           uek_mac_producer<16, half>|  return value|
|grp_fu_2867_p_din0                                                                            |  out|    16|  ap_ctrl_hs|                                                           uek_mac_producer<16, half>|  return value|
|grp_fu_2867_p_din1                                                                            |  out|    16|  ap_ctrl_hs|                                                           uek_mac_producer<16, half>|  return value|
|grp_fu_2867_p_dout0                                                                           |   in|    16|  ap_ctrl_hs|                                                           uek_mac_producer<16, half>|  return value|
|grp_fu_2867_p_ce                                                                              |  out|     1|  ap_ctrl_hs|                                                           uek_mac_producer<16, half>|  return value|
|grp_fu_2871_p_din0                                                                            |  out|    16|  ap_ctrl_hs|                                                           uek_mac_producer<16, half>|  return value|
|grp_fu_2871_p_din1                                                                            |  out|    16|  ap_ctrl_hs|                                                           uek_mac_producer<16, half>|  return value|
|grp_fu_2871_p_dout0                                                                           |   in|    16|  ap_ctrl_hs|                                                           uek_mac_producer<16, half>|  return value|
|grp_fu_2871_p_ce                                                                              |  out|     1|  ap_ctrl_hs|                                                           uek_mac_producer<16, half>|  return value|
|m_axi_gmem_wf_0_AWVALID                                                                       |  out|     1|       m_axi|                                                                              gmem_wf|       pointer|
|m_axi_gmem_wf_0_AWREADY                                                                       |   in|     1|       m_axi|                                                                              gmem_wf|       pointer|
|m_axi_gmem_wf_0_AWADDR                                                                        |  out|    64|       m_axi|                                                                              gmem_wf|       pointer|
|m_axi_gmem_wf_0_AWID                                                                          |  out|     1|       m_axi|                                                                              gmem_wf|       pointer|
|m_axi_gmem_wf_0_AWLEN                                                                         |  out|    32|       m_axi|                                                                              gmem_wf|       pointer|
|m_axi_gmem_wf_0_AWSIZE                                                                        |  out|     3|       m_axi|                                                                              gmem_wf|       pointer|
|m_axi_gmem_wf_0_AWBURST                                                                       |  out|     2|       m_axi|                                                                              gmem_wf|       pointer|
|m_axi_gmem_wf_0_AWLOCK                                                                        |  out|     2|       m_axi|                                                                              gmem_wf|       pointer|
|m_axi_gmem_wf_0_AWCACHE                                                                       |  out|     4|       m_axi|                                                                              gmem_wf|       pointer|
|m_axi_gmem_wf_0_AWPROT                                                                        |  out|     3|       m_axi|                                                                              gmem_wf|       pointer|
|m_axi_gmem_wf_0_AWQOS                                                                         |  out|     4|       m_axi|                                                                              gmem_wf|       pointer|
|m_axi_gmem_wf_0_AWREGION                                                                      |  out|     4|       m_axi|                                                                              gmem_wf|       pointer|
|m_axi_gmem_wf_0_AWUSER                                                                        |  out|     1|       m_axi|                                                                              gmem_wf|       pointer|
|m_axi_gmem_wf_0_WVALID                                                                        |  out|     1|       m_axi|                                                                              gmem_wf|       pointer|
|m_axi_gmem_wf_0_WREADY                                                                        |   in|     1|       m_axi|                                                                              gmem_wf|       pointer|
|m_axi_gmem_wf_0_WDATA                                                                         |  out|   256|       m_axi|                                                                              gmem_wf|       pointer|
|m_axi_gmem_wf_0_WSTRB                                                                         |  out|    32|       m_axi|                                                                              gmem_wf|       pointer|
|m_axi_gmem_wf_0_WLAST                                                                         |  out|     1|       m_axi|                                                                              gmem_wf|       pointer|
|m_axi_gmem_wf_0_WID                                                                           |  out|     1|       m_axi|                                                                              gmem_wf|       pointer|
|m_axi_gmem_wf_0_WUSER                                                                         |  out|     1|       m_axi|                                                                              gmem_wf|       pointer|
|m_axi_gmem_wf_0_ARVALID                                                                       |  out|     1|       m_axi|                                                                              gmem_wf|       pointer|
|m_axi_gmem_wf_0_ARREADY                                                                       |   in|     1|       m_axi|                                                                              gmem_wf|       pointer|
|m_axi_gmem_wf_0_ARADDR                                                                        |  out|    64|       m_axi|                                                                              gmem_wf|       pointer|
|m_axi_gmem_wf_0_ARID                                                                          |  out|     1|       m_axi|                                                                              gmem_wf|       pointer|
|m_axi_gmem_wf_0_ARLEN                                                                         |  out|    32|       m_axi|                                                                              gmem_wf|       pointer|
|m_axi_gmem_wf_0_ARSIZE                                                                        |  out|     3|       m_axi|                                                                              gmem_wf|       pointer|
|m_axi_gmem_wf_0_ARBURST                                                                       |  out|     2|       m_axi|                                                                              gmem_wf|       pointer|
|m_axi_gmem_wf_0_ARLOCK                                                                        |  out|     2|       m_axi|                                                                              gmem_wf|       pointer|
|m_axi_gmem_wf_0_ARCACHE                                                                       |  out|     4|       m_axi|                                                                              gmem_wf|       pointer|
|m_axi_gmem_wf_0_ARPROT                                                                        |  out|     3|       m_axi|                                                                              gmem_wf|       pointer|
|m_axi_gmem_wf_0_ARQOS                                                                         |  out|     4|       m_axi|                                                                              gmem_wf|       pointer|
|m_axi_gmem_wf_0_ARREGION                                                                      |  out|     4|       m_axi|                                                                              gmem_wf|       pointer|
|m_axi_gmem_wf_0_ARUSER                                                                        |  out|     1|       m_axi|                                                                              gmem_wf|       pointer|
|m_axi_gmem_wf_0_RVALID                                                                        |   in|     1|       m_axi|                                                                              gmem_wf|       pointer|
|m_axi_gmem_wf_0_RREADY                                                                        |  out|     1|       m_axi|                                                                              gmem_wf|       pointer|
|m_axi_gmem_wf_0_RDATA                                                                         |   in|   256|       m_axi|                                                                              gmem_wf|       pointer|
|m_axi_gmem_wf_0_RLAST                                                                         |   in|     1|       m_axi|                                                                              gmem_wf|       pointer|
|m_axi_gmem_wf_0_RID                                                                           |   in|     1|       m_axi|                                                                              gmem_wf|       pointer|
|m_axi_gmem_wf_0_RFIFONUM                                                                      |   in|    11|       m_axi|                                                                              gmem_wf|       pointer|
|m_axi_gmem_wf_0_RUSER                                                                         |   in|     1|       m_axi|                                                                              gmem_wf|       pointer|
|m_axi_gmem_wf_0_RRESP                                                                         |   in|     2|       m_axi|                                                                              gmem_wf|       pointer|
|m_axi_gmem_wf_0_BVALID                                                                        |   in|     1|       m_axi|                                                                              gmem_wf|       pointer|
|m_axi_gmem_wf_0_BREADY                                                                        |  out|     1|       m_axi|                                                                              gmem_wf|       pointer|
|m_axi_gmem_wf_0_BRESP                                                                         |   in|     2|       m_axi|                                                                              gmem_wf|       pointer|
|m_axi_gmem_wf_0_BID                                                                           |   in|     1|       m_axi|                                                                              gmem_wf|       pointer|
|m_axi_gmem_wf_0_BUSER                                                                         |   in|     1|       m_axi|                                                                              gmem_wf|       pointer|
|W_ptr                                                                                         |   in|    64|     ap_none|                                                                                W_ptr|        scalar|
|CI_PAD                                                                                        |   in|     9|     ap_none|                                                                               CI_PAD|        scalar|
|CI_W                                                                                          |   in|     5|     ap_none|                                                                                 CI_W|        scalar|
|r                                                                                             |   in|     2|     ap_none|                                                                                    r|        scalar|
|pstrm_din                                                                                     |  out|  2048|     ap_fifo|                                                                                pstrm|       pointer|
|pstrm_full_n                                                                                  |   in|     1|     ap_fifo|                                                                                pstrm|       pointer|
|pstrm_write                                                                                   |  out|     1|     ap_fifo|                                                                                pstrm|       pointer|
|idx                                                                                           |   in|    24|     ap_none|                                                                                  idx|        scalar|
|p_ZZL23Universal_Engine_KernelILi16EDhEvPK7ap_uintILi256EES3_S3_S3_S3_S3_S3_PS1_S_4_address0  |  out|     8|   ap_memory|  p_ZZL23Universal_Engine_KernelILi16EDhEvPK7ap_uintILi256EES3_S3_S3_S3_S3_S3_PS1_S_4|         array|
|p_ZZL23Universal_Engine_KernelILi16EDhEvPK7ap_uintILi256EES3_S3_S3_S3_S3_S3_PS1_S_4_ce0       |  out|     1|   ap_memory|  p_ZZL23Universal_Engine_KernelILi16EDhEvPK7ap_uintILi256EES3_S3_S3_S3_S3_S3_PS1_S_4|         array|
|p_ZZL23Universal_Engine_KernelILi16EDhEvPK7ap_uintILi256EES3_S3_S3_S3_S3_S3_PS1_S_4_q0        |   in|   256|   ap_memory|  p_ZZL23Universal_Engine_KernelILi16EDhEvPK7ap_uintILi256EES3_S3_S3_S3_S3_S3_PS1_S_4|         array|
|p_ZZL23Universal_Engine_KernelILi16EDhEvPK7ap_uintILi256EES3_S3_S3_S3_S3_S3_PS1_S_5_address0  |  out|     8|   ap_memory|  p_ZZL23Universal_Engine_KernelILi16EDhEvPK7ap_uintILi256EES3_S3_S3_S3_S3_S3_PS1_S_5|         array|
|p_ZZL23Universal_Engine_KernelILi16EDhEvPK7ap_uintILi256EES3_S3_S3_S3_S3_S3_PS1_S_5_ce0       |  out|     1|   ap_memory|  p_ZZL23Universal_Engine_KernelILi16EDhEvPK7ap_uintILi256EES3_S3_S3_S3_S3_S3_PS1_S_5|         array|
|p_ZZL23Universal_Engine_KernelILi16EDhEvPK7ap_uintILi256EES3_S3_S3_S3_S3_S3_PS1_S_5_q0        |   in|   256|   ap_memory|  p_ZZL23Universal_Engine_KernelILi16EDhEvPK7ap_uintILi256EES3_S3_S3_S3_S3_S3_PS1_S_5|         array|
|void_Universal_Engine_Kernel_ap_uint_const_ap_uint_const_ap_uint_const_ap_uin_address0        |  out|     8|   ap_memory|        void_Universal_Engine_Kernel_ap_uint_const_ap_uint_const_ap_uint_const_ap_uin|         array|
|void_Universal_Engine_Kernel_ap_uint_const_ap_uint_const_ap_uint_const_ap_uin_ce0             |  out|     1|   ap_memory|        void_Universal_Engine_Kernel_ap_uint_const_ap_uint_const_ap_uint_const_ap_uin|         array|
|void_Universal_Engine_Kernel_ap_uint_const_ap_uint_const_ap_uint_const_ap_uin_q0              |   in|   256|   ap_memory|        void_Universal_Engine_Kernel_ap_uint_const_ap_uint_const_ap_uint_const_ap_uin|         array|
|void_Universal_Engine_Kernel_ap_uint_const_ap_uint_const_ap_uint_const_ap_uin_1_address0      |  out|     8|   ap_memory|      void_Universal_Engine_Kernel_ap_uint_const_ap_uint_const_ap_uint_const_ap_uin_1|         array|
|void_Universal_Engine_Kernel_ap_uint_const_ap_uint_const_ap_uint_const_ap_uin_1_ce0           |  out|     1|   ap_memory|      void_Universal_Engine_Kernel_ap_uint_const_ap_uint_const_ap_uint_const_ap_uin_1|         array|
|void_Universal_Engine_Kernel_ap_uint_const_ap_uint_const_ap_uint_const_ap_uin_1_q0            |   in|   256|   ap_memory|      void_Universal_Engine_Kernel_ap_uint_const_ap_uint_const_ap_uint_const_ap_uin_1|         array|
|void_Universal_Engine_Kernel_ap_uint_const_ap_uint_const_ap_uint_const_ap_uin_2_address0      |  out|     8|   ap_memory|      void_Universal_Engine_Kernel_ap_uint_const_ap_uint_const_ap_uint_const_ap_uin_2|         array|
|void_Universal_Engine_Kernel_ap_uint_const_ap_uint_const_ap_uint_const_ap_uin_2_ce0           |  out|     1|   ap_memory|      void_Universal_Engine_Kernel_ap_uint_const_ap_uint_const_ap_uint_const_ap_uin_2|         array|
|void_Universal_Engine_Kernel_ap_uint_const_ap_uint_const_ap_uint_const_ap_uin_2_q0            |   in|   256|   ap_memory|      void_Universal_Engine_Kernel_ap_uint_const_ap_uint_const_ap_uint_const_ap_uin_2|         array|
|void_Universal_Engine_Kernel_ap_uint_const_ap_uint_const_ap_uint_const_ap_uin_3_address0      |  out|     8|   ap_memory|      void_Universal_Engine_Kernel_ap_uint_const_ap_uint_const_ap_uint_const_ap_uin_3|         array|
|void_Universal_Engine_Kernel_ap_uint_const_ap_uint_const_ap_uint_const_ap_uin_3_ce0           |  out|     1|   ap_memory|      void_Universal_Engine_Kernel_ap_uint_const_ap_uint_const_ap_uint_const_ap_uin_3|         array|
|void_Universal_Engine_Kernel_ap_uint_const_ap_uint_const_ap_uint_const_ap_uin_3_q0            |   in|   256|   ap_memory|      void_Universal_Engine_Kernel_ap_uint_const_ap_uint_const_ap_uint_const_ap_uin_3|         array|
|void_Universal_Engine_Kernel_ap_uint_const_ap_uint_const_ap_uint_const_ap_uin_4_address0      |  out|     8|   ap_memory|      void_Universal_Engine_Kernel_ap_uint_const_ap_uint_const_ap_uint_const_ap_uin_4|         array|
|void_Universal_Engine_Kernel_ap_uint_const_ap_uint_const_ap_uint_const_ap_uin_4_ce0           |  out|     1|   ap_memory|      void_Universal_Engine_Kernel_ap_uint_const_ap_uint_const_ap_uint_const_ap_uin_4|         array|
|void_Universal_Engine_Kernel_ap_uint_const_ap_uint_const_ap_uint_const_ap_uin_4_q0            |   in|   256|   ap_memory|      void_Universal_Engine_Kernel_ap_uint_const_ap_uint_const_ap_uint_const_ap_uin_4|         array|
|void_Universal_Engine_Kernel_ap_uint_const_ap_uint_const_ap_uint_const_ap_uin_5_address0      |  out|     8|   ap_memory|      void_Universal_Engine_Kernel_ap_uint_const_ap_uint_const_ap_uint_const_ap_uin_5|         array|
|void_Universal_Engine_Kernel_ap_uint_const_ap_uint_const_ap_uint_const_ap_uin_5_ce0           |  out|     1|   ap_memory|      void_Universal_Engine_Kernel_ap_uint_const_ap_uint_const_ap_uint_const_ap_uin_5|         array|
|void_Universal_Engine_Kernel_ap_uint_const_ap_uint_const_ap_uint_const_ap_uin_5_q0            |   in|   256|   ap_memory|      void_Universal_Engine_Kernel_ap_uint_const_ap_uint_const_ap_uint_const_ap_uin_5|         array|
|p_ZZL23Universal_Engine_KernelILi16EDhEvPK7ap_uintILi256EES3_S3_S3_S3_S3_S3_PS1_S_3_address0  |  out|     8|   ap_memory|  p_ZZL23Universal_Engine_KernelILi16EDhEvPK7ap_uintILi256EES3_S3_S3_S3_S3_S3_PS1_S_3|         array|
|p_ZZL23Universal_Engine_KernelILi16EDhEvPK7ap_uintILi256EES3_S3_S3_S3_S3_S3_PS1_S_3_ce0       |  out|     1|   ap_memory|  p_ZZL23Universal_Engine_KernelILi16EDhEvPK7ap_uintILi256EES3_S3_S3_S3_S3_S3_PS1_S_3|         array|
|p_ZZL23Universal_Engine_KernelILi16EDhEvPK7ap_uintILi256EES3_S3_S3_S3_S3_S3_PS1_S_3_q0        |   in|   256|   ap_memory|  p_ZZL23Universal_Engine_KernelILi16EDhEvPK7ap_uintILi256EES3_S3_S3_S3_S3_S3_PS1_S_3|         array|
|p_ZZL23Universal_Engine_KernelILi16EDhEvPK7ap_uintILi256EES3_S3_S3_S3_S3_S3_PS1_S_2_address0  |  out|     8|   ap_memory|  p_ZZL23Universal_Engine_KernelILi16EDhEvPK7ap_uintILi256EES3_S3_S3_S3_S3_S3_PS1_S_2|         array|
|p_ZZL23Universal_Engine_KernelILi16EDhEvPK7ap_uintILi256EES3_S3_S3_S3_S3_S3_PS1_S_2_ce0       |  out|     1|   ap_memory|  p_ZZL23Universal_Engine_KernelILi16EDhEvPK7ap_uintILi256EES3_S3_S3_S3_S3_S3_PS1_S_2|         array|
|p_ZZL23Universal_Engine_KernelILi16EDhEvPK7ap_uintILi256EES3_S3_S3_S3_S3_S3_PS1_S_2_q0        |   in|   256|   ap_memory|  p_ZZL23Universal_Engine_KernelILi16EDhEvPK7ap_uintILi256EES3_S3_S3_S3_S3_S3_PS1_S_2|         array|
|p_ZZL23Universal_Engine_KernelILi16EDhEvPK7ap_uintILi256EES3_S3_S3_S3_S3_S3_PS1_S_1_address0  |  out|     8|   ap_memory|  p_ZZL23Universal_Engine_KernelILi16EDhEvPK7ap_uintILi256EES3_S3_S3_S3_S3_S3_PS1_S_1|         array|
|p_ZZL23Universal_Engine_KernelILi16EDhEvPK7ap_uintILi256EES3_S3_S3_S3_S3_S3_PS1_S_1_ce0       |  out|     1|   ap_memory|  p_ZZL23Universal_Engine_KernelILi16EDhEvPK7ap_uintILi256EES3_S3_S3_S3_S3_S3_PS1_S_1|         array|
|p_ZZL23Universal_Engine_KernelILi16EDhEvPK7ap_uintILi256EES3_S3_S3_S3_S3_S3_PS1_S_1_q0        |   in|   256|   ap_memory|  p_ZZL23Universal_Engine_KernelILi16EDhEvPK7ap_uintILi256EES3_S3_S3_S3_S3_S3_PS1_S_1|         array|
|p_ZZL23Universal_Engine_KernelILi16EDhEvPK7ap_uintILi256EES3_S3_S3_S3_S3_S3_PS1_S_address0    |  out|     8|   ap_memory|    p_ZZL23Universal_Engine_KernelILi16EDhEvPK7ap_uintILi256EES3_S3_S3_S3_S3_S3_PS1_S|         array|
|p_ZZL23Universal_Engine_KernelILi16EDhEvPK7ap_uintILi256EES3_S3_S3_S3_S3_S3_PS1_S_ce0         |  out|     1|   ap_memory|    p_ZZL23Universal_Engine_KernelILi16EDhEvPK7ap_uintILi256EES3_S3_S3_S3_S3_S3_PS1_S|         array|
|p_ZZL23Universal_Engine_KernelILi16EDhEvPK7ap_uintILi256EES3_S3_S3_S3_S3_S3_PS1_S_q0          |   in|   256|   ap_memory|    p_ZZL23Universal_Engine_KernelILi16EDhEvPK7ap_uintILi256EES3_S3_S3_S3_S3_S3_PS1_S|         array|
|void_Universal_Engine_Kernel_ap_uint_const_ap_uint_const_ap_uint_const_ap_uin_9_address0      |  out|     8|   ap_memory|      void_Universal_Engine_Kernel_ap_uint_const_ap_uint_const_ap_uint_const_ap_uin_9|         array|
|void_Universal_Engine_Kernel_ap_uint_const_ap_uint_const_ap_uint_const_ap_uin_9_ce0           |  out|     1|   ap_memory|      void_Universal_Engine_Kernel_ap_uint_const_ap_uint_const_ap_uint_const_ap_uin_9|         array|
|void_Universal_Engine_Kernel_ap_uint_const_ap_uint_const_ap_uint_const_ap_uin_9_q0            |   in|   256|   ap_memory|      void_Universal_Engine_Kernel_ap_uint_const_ap_uint_const_ap_uint_const_ap_uin_9|         array|
|void_Universal_Engine_Kernel_ap_uint_const_ap_uint_const_ap_uint_const_ap_uin_8_address0      |  out|     8|   ap_memory|      void_Universal_Engine_Kernel_ap_uint_const_ap_uint_const_ap_uint_const_ap_uin_8|         array|
|void_Universal_Engine_Kernel_ap_uint_const_ap_uint_const_ap_uint_const_ap_uin_8_ce0           |  out|     1|   ap_memory|      void_Universal_Engine_Kernel_ap_uint_const_ap_uint_const_ap_uint_const_ap_uin_8|         array|
|void_Universal_Engine_Kernel_ap_uint_const_ap_uint_const_ap_uint_const_ap_uin_8_q0            |   in|   256|   ap_memory|      void_Universal_Engine_Kernel_ap_uint_const_ap_uint_const_ap_uint_const_ap_uin_8|         array|
|void_Universal_Engine_Kernel_ap_uint_const_ap_uint_const_ap_uint_const_ap_uin_7_address0      |  out|     8|   ap_memory|      void_Universal_Engine_Kernel_ap_uint_const_ap_uint_const_ap_uint_const_ap_uin_7|         array|
|void_Universal_Engine_Kernel_ap_uint_const_ap_uint_const_ap_uint_const_ap_uin_7_ce0           |  out|     1|   ap_memory|      void_Universal_Engine_Kernel_ap_uint_const_ap_uint_const_ap_uint_const_ap_uin_7|         array|
|void_Universal_Engine_Kernel_ap_uint_const_ap_uint_const_ap_uint_const_ap_uin_7_q0            |   in|   256|   ap_memory|      void_Universal_Engine_Kernel_ap_uint_const_ap_uint_const_ap_uint_const_ap_uin_7|         array|
|void_Universal_Engine_Kernel_ap_uint_const_ap_uint_const_ap_uint_const_ap_uin_6_address0      |  out|     8|   ap_memory|      void_Universal_Engine_Kernel_ap_uint_const_ap_uint_const_ap_uint_const_ap_uin_6|         array|
|void_Universal_Engine_Kernel_ap_uint_const_ap_uint_const_ap_uint_const_ap_uin_6_ce0           |  out|     1|   ap_memory|      void_Universal_Engine_Kernel_ap_uint_const_ap_uint_const_ap_uint_const_ap_uin_6|         array|
|void_Universal_Engine_Kernel_ap_uint_const_ap_uint_const_ap_uint_const_ap_uin_6_q0            |   in|   256|   ap_memory|      void_Universal_Engine_Kernel_ap_uint_const_ap_uint_const_ap_uint_const_ap_uin_6|         array|
+----------------------------------------------------------------------------------------------+-----+------+------------+-------------------------------------------------------------------------------------+--------------+

