

================================================================
== Vitis HLS Report for 'Universal_Engine_Kernel_16_half_Pipeline_CBI_NORM'
================================================================
* Date:           Sun Jun  7 09:50:52 2026

* Version:        2024.2 (Build 5238294 on Nov  8 2024)
* Project:        prj_fill
* Solution:       solution1 (Vitis Kernel Flow Target)
* Product family: zynquplus
* Target device:  xczu7ev-ffvc1156-2-e


================================================================
== Performance Estimates
================================================================
+ Timing: 
    * Summary: 
    +--------+---------+----------+------------+
    |  Clock |  Target | Estimated| Uncertainty|
    +--------+---------+----------+------------+
    |ap_clk  |  3.33 ns|  2.333 ns|     0.90 ns|
    +--------+---------+----------+------------+

+ Latency: 
    * Summary: 
    +---------+---------+----------+----------+-----+-----+------------------------------------------------+
    |  Latency (cycles) |  Latency (absolute) |  Interval |                    Pipeline                    |
    |   min   |   max   |    min   |    max   | min | max |                      Type                      |
    +---------+---------+----------+----------+-----+-----+------------------------------------------------+
    |       36|       36|  0.120 us|  0.120 us|   15|   15|  loop auto-rewind stp (delay=0 clock cycles(s))|
    +---------+---------+----------+----------+-----+-----+------------------------------------------------+

    + Detail: 
        * Instance: 
        N/A

        * Loop: 
        +------------+---------+---------+----------+-----------+-----------+------+----------+
        |            |  Latency (cycles) | Iteration|  Initiation Interval  | Trip |          |
        |  Loop Name |   min   |   max   |  Latency |  achieved |   target  | Count| Pipelined|
        +------------+---------+---------+----------+-----------+-----------+------+----------+
        |- CBI_NORM  |       34|       34|        22|          1|          1|    14|       yes|
        +------------+---------+---------+----------+-----------+-----------+------+----------+



================================================================
== Utilization Estimates
================================================================
* Summary: 
+-----------------+---------+------+--------+--------+-----+
|       Name      | BRAM_18K|  DSP |   FF   |   LUT  | URAM|
+-----------------+---------+------+--------+--------+-----+
|DSP              |        -|     -|       -|       -|    -|
|Expression       |        -|     -|       0|     837|    -|
|FIFO             |        -|     -|       -|       -|    -|
|Instance         |        -|     -|       -|       -|    -|
|Memory           |        -|     -|       -|       -|    -|
|Multiplexer      |        -|     -|       0|      36|    -|
|Register         |        -|     -|    2296|      96|    -|
+-----------------+---------+------+--------+--------+-----+
|Total            |        0|     0|    2296|     969|    0|
+-----------------+---------+------+--------+--------+-----+
|Available        |      624|  1728|  460800|  230400|   96|
+-----------------+---------+------+--------+--------+-----+
|Utilization (%)  |        0|     0|      ~0|      ~0|    0|
+-----------------+---------+------+--------+--------+-----+

+ Detail: 
    * Instance: 
    N/A

    * DSP: 
    N/A

    * Memory: 
    N/A

    * FIFO: 
    N/A

    * Expression: 
    +----------------------+----------+----+---+-----+------------+------------+
    |     Variable Name    | Operation| DSP| FF| LUT | Bitwidth P0| Bitwidth P1|
    +----------------------+----------+----+---+-----+------------+------------+
    |add_ln351_fu_763_p2   |         +|   0|  0|   12|           4|           1|
    |add_ln363_fu_1533_p2  |         +|   0|  0|   15|           8|           8|
    |icmp_ln351_fu_757_p2  |      icmp|   0|  0|   12|           4|           3|
    |icmp_ln356_fu_878_p2  |      icmp|   0|  0|   15|           8|           7|
    |out_w_2_fu_1457_p3    |    select|   0|  0|  181|           1|         208|
    |out_w_4_fu_1479_p3    |    select|   0|  0|  192|           1|         224|
    |out_w_6_fu_1505_p3    |    select|   0|  0|  200|           1|         240|
    |out_w_8_fu_1523_p3    |    select|   0|  0|  208|           1|         256|
    |ap_enable_pp0         |       xor|   0|  0|    2|           1|           2|
    +----------------------+----------+----+---+-----+------------+------------+
    |Total                 |          |   0|  0|  837|          29|         949|
    +----------------------+----------+----+---+-----+------------+------------+

    * Multiplexer: 
    +-------------------------+----+-----------+-----+-----------+
    |           Name          | LUT| Input Size| Bits| Total Bits|
    +-------------------------+----+-----------+-----+-----------+
    |ap_done_int              |   9|          2|    1|          2|
    |ap_enable_reg_pp0_iter1  |   9|          2|    1|          2|
    |ap_sig_allocacmp_j_3     |   9|          2|    4|          8|
    |j_fu_154                 |   9|          2|    4|          8|
    +-------------------------+----+-----------+-----+-----------+
    |Total                    |  36|          8|   10|         20|
    +-------------------------+----+-----------+-----+-----------+

    * Register: 
    +-----------------------------------+-----+----+-----+-----------+
    |                Name               |  FF | LUT| Bits| Const Bits|
    +-----------------------------------+-----+----+-----+-----------+
    |ap_CS_fsm                          |    1|   0|    1|          0|
    |ap_done_reg                        |    1|   0|    1|          0|
    |ap_enable_reg_pp0_iter1            |    1|   0|    1|          0|
    |ap_enable_reg_pp0_iter10           |    1|   0|    1|          0|
    |ap_enable_reg_pp0_iter11           |    1|   0|    1|          0|
    |ap_enable_reg_pp0_iter12           |    1|   0|    1|          0|
    |ap_enable_reg_pp0_iter13           |    1|   0|    1|          0|
    |ap_enable_reg_pp0_iter14           |    1|   0|    1|          0|
    |ap_enable_reg_pp0_iter15           |    1|   0|    1|          0|
    |ap_enable_reg_pp0_iter16           |    1|   0|    1|          0|
    |ap_enable_reg_pp0_iter17           |    1|   0|    1|          0|
    |ap_enable_reg_pp0_iter18           |    1|   0|    1|          0|
    |ap_enable_reg_pp0_iter19           |    1|   0|    1|          0|
    |ap_enable_reg_pp0_iter2            |    1|   0|    1|          0|
    |ap_enable_reg_pp0_iter20           |    1|   0|    1|          0|
    |ap_enable_reg_pp0_iter21           |    1|   0|    1|          0|
    |ap_enable_reg_pp0_iter3            |    1|   0|    1|          0|
    |ap_enable_reg_pp0_iter4            |    1|   0|    1|          0|
    |ap_enable_reg_pp0_iter5            |    1|   0|    1|          0|
    |ap_enable_reg_pp0_iter6            |    1|   0|    1|          0|
    |ap_enable_reg_pp0_iter7            |    1|   0|    1|          0|
    |ap_enable_reg_pp0_iter8            |    1|   0|    1|          0|
    |ap_enable_reg_pp0_iter9            |    1|   0|    1|          0|
    |ap_loop_exit_ready_pp0_iter10_reg  |    1|   0|    1|          0|
    |ap_loop_exit_ready_pp0_iter11_reg  |    1|   0|    1|          0|
    |ap_loop_exit_ready_pp0_iter12_reg  |    1|   0|    1|          0|
    |ap_loop_exit_ready_pp0_iter13_reg  |    1|   0|    1|          0|
    |ap_loop_exit_ready_pp0_iter14_reg  |    1|   0|    1|          0|
    |ap_loop_exit_ready_pp0_iter15_reg  |    1|   0|    1|          0|
    |ap_loop_exit_ready_pp0_iter16_reg  |    1|   0|    1|          0|
    |ap_loop_exit_ready_pp0_iter17_reg  |    1|   0|    1|          0|
    |ap_loop_exit_ready_pp0_iter18_reg  |    1|   0|    1|          0|
    |ap_loop_exit_ready_pp0_iter19_reg  |    1|   0|    1|          0|
    |ap_loop_exit_ready_pp0_iter1_reg   |    1|   0|    1|          0|
    |ap_loop_exit_ready_pp0_iter20_reg  |    1|   0|    1|          0|
    |ap_loop_exit_ready_pp0_iter2_reg   |    1|   0|    1|          0|
    |ap_loop_exit_ready_pp0_iter3_reg   |    1|   0|    1|          0|
    |ap_loop_exit_ready_pp0_iter4_reg   |    1|   0|    1|          0|
    |ap_loop_exit_ready_pp0_iter5_reg   |    1|   0|    1|          0|
    |ap_loop_exit_ready_pp0_iter6_reg   |    1|   0|    1|          0|
    |ap_loop_exit_ready_pp0_iter7_reg   |    1|   0|    1|          0|
    |ap_loop_exit_ready_pp0_iter8_reg   |    1|   0|    1|          0|
    |ap_loop_exit_ready_pp0_iter9_reg   |    1|   0|    1|          0|
    |icmp_ln356_reg_1695                |    1|   0|    1|          0|
    |j_3_reg_1614                       |    4|   0|    4|          0|
    |j_fu_154                           |    4|   0|    4|          0|
    |mul167_10_reg_2003                 |   16|   0|   16|          0|
    |mul167_11_reg_2013                 |   16|   0|   16|          0|
    |mul167_12_reg_2023                 |   16|   0|   16|          0|
    |mul167_13_reg_2033                 |   16|   0|   16|          0|
    |mul167_14_reg_2043                 |   16|   0|   16|          0|
    |mul167_1_reg_1903                  |   16|   0|   16|          0|
    |mul167_2_reg_1913                  |   16|   0|   16|          0|
    |mul167_3_reg_1923                  |   16|   0|   16|          0|
    |mul167_4_reg_1933                  |   16|   0|   16|          0|
    |mul167_5_reg_1943                  |   16|   0|   16|          0|
    |mul167_6_reg_1953                  |   16|   0|   16|          0|
    |mul167_7_reg_1963                  |   16|   0|   16|          0|
    |mul167_8_reg_1973                  |   16|   0|   16|          0|
    |mul167_9_reg_1983                  |   16|   0|   16|          0|
    |mul167_s_reg_1993                  |   16|   0|   16|          0|
    |mul168_10_reg_2248                 |   16|   0|   16|          0|
    |mul168_11_reg_2258                 |   16|   0|   16|          0|
    |mul168_12_reg_2268                 |   16|   0|   16|          0|
    |mul168_13_reg_2278                 |   16|   0|   16|          0|
    |mul168_14_reg_2288                 |   16|   0|   16|          0|
    |mul168_1_reg_2148                  |   16|   0|   16|          0|
    |mul168_2_reg_2158                  |   16|   0|   16|          0|
    |mul168_3_reg_2168                  |   16|   0|   16|          0|
    |mul168_4_reg_2178                  |   16|   0|   16|          0|
    |mul168_5_reg_2188                  |   16|   0|   16|          0|
    |mul168_6_reg_2198                  |   16|   0|   16|          0|
    |mul168_7_reg_2208                  |   16|   0|   16|          0|
    |mul168_8_reg_2218                  |   16|   0|   16|          0|
    |mul168_9_reg_2228                  |   16|   0|   16|          0|
    |mul168_s_reg_2238                  |   16|   0|   16|          0|
    |mul8_reg_1893                      |   16|   0|   16|          0|
    |mul9_reg_2138                      |   16|   0|   16|          0|
    |out_w_8_reg_2453                   |  256|   0|  256|          0|
    |sub166_10_reg_1858                 |   16|   0|   16|          0|
    |sub166_11_reg_1863                 |   16|   0|   16|          0|
    |sub166_12_reg_1868                 |   16|   0|   16|          0|
    |sub166_13_reg_1873                 |   16|   0|   16|          0|
    |sub166_14_reg_1878                 |   16|   0|   16|          0|
    |sub166_1_reg_1808                  |   16|   0|   16|          0|
    |sub166_2_reg_1813                  |   16|   0|   16|          0|
    |sub166_3_reg_1818                  |   16|   0|   16|          0|
    |sub166_4_reg_1823                  |   16|   0|   16|          0|
    |sub166_5_reg_1828                  |   16|   0|   16|          0|
    |sub166_6_reg_1833                  |   16|   0|   16|          0|
    |sub166_7_reg_1838                  |   16|   0|   16|          0|
    |sub166_8_reg_1843                  |   16|   0|   16|          0|
    |sub166_9_reg_1848                  |   16|   0|   16|          0|
    |sub166_s_reg_1853                  |   16|   0|   16|          0|
    |sub4_reg_1803                      |   16|   0|   16|          0|
    |u_378_reg_1888                     |   16|   0|   16|          0|
    |u_379_reg_2133                     |   16|   0|   16|          0|
    |u_380_reg_2373                     |   16|   0|   16|          0|
    |u_381_reg_1640                     |   16|   0|   16|          0|
    |u_382_reg_1898                     |   16|   0|   16|          0|
    |u_383_reg_2143                     |   16|   0|   16|          0|
    |u_384_reg_2378                     |   16|   0|   16|          0|
    |u_385_reg_1645                     |   16|   0|   16|          0|
    |u_386_reg_1908                     |   16|   0|   16|          0|
    |u_387_reg_2153                     |   16|   0|   16|          0|
    |u_388_reg_2383                     |   16|   0|   16|          0|
    |u_389_reg_1650                     |   16|   0|   16|          0|
    |u_390_reg_1918                     |   16|   0|   16|          0|
    |u_391_reg_2163                     |   16|   0|   16|          0|
    |u_392_reg_2388                     |   16|   0|   16|          0|
    |u_393_reg_1655                     |   16|   0|   16|          0|
    |u_394_reg_1928                     |   16|   0|   16|          0|
    |u_395_reg_2173                     |   16|   0|   16|          0|
    |u_396_reg_2393                     |   16|   0|   16|          0|
    |u_397_reg_1660                     |   16|   0|   16|          0|
    |u_398_reg_1938                     |   16|   0|   16|          0|
    |u_399_reg_2183                     |   16|   0|   16|          0|
    |u_400_reg_2398                     |   16|   0|   16|          0|
    |u_401_reg_1665                     |   16|   0|   16|          0|
    |u_402_reg_1948                     |   16|   0|   16|          0|
    |u_403_reg_2193                     |   16|   0|   16|          0|
    |u_404_reg_2403                     |   16|   0|   16|          0|
    |u_405_reg_1670                     |   16|   0|   16|          0|
    |u_406_reg_1958                     |   16|   0|   16|          0|
    |u_407_reg_2203                     |   16|   0|   16|          0|
    |u_408_reg_2408                     |   16|   0|   16|          0|
    |u_409_reg_1675                     |   16|   0|   16|          0|
    |u_410_reg_1968                     |   16|   0|   16|          0|
    |u_411_reg_2213                     |   16|   0|   16|          0|
    |u_412_reg_2413                     |   16|   0|   16|          0|
    |u_413_reg_1680                     |   16|   0|   16|          0|
    |u_414_reg_1978                     |   16|   0|   16|          0|
    |u_415_reg_2223                     |   16|   0|   16|          0|
    |u_416_reg_2418                     |   16|   0|   16|          0|
    |u_417_reg_1685                     |   16|   0|   16|          0|
    |u_418_reg_1988                     |   16|   0|   16|          0|
    |u_419_reg_2233                     |   16|   0|   16|          0|
    |u_420_reg_2423                     |   16|   0|   16|          0|
    |u_421_reg_1690                     |   16|   0|   16|          0|
    |u_422_reg_1998                     |   16|   0|   16|          0|
    |u_423_reg_2243                     |   16|   0|   16|          0|
    |u_424_reg_2428                     |   16|   0|   16|          0|
    |u_425_reg_1703                     |   16|   0|   16|          0|
    |u_426_reg_2008                     |   16|   0|   16|          0|
    |u_427_reg_2253                     |   16|   0|   16|          0|
    |u_428_reg_2433                     |   16|   0|   16|          0|
    |u_429_reg_1708                     |   16|   0|   16|          0|
    |u_430_reg_2018                     |   16|   0|   16|          0|
    |u_431_reg_2263                     |   16|   0|   16|          0|
    |u_432_reg_2438                     |   16|   0|   16|          0|
    |u_433_reg_1713                     |   16|   0|   16|          0|
    |u_434_reg_2028                     |   16|   0|   16|          0|
    |u_435_reg_2273                     |   16|   0|   16|          0|
    |u_436_reg_2443                     |   16|   0|   16|          0|
    |u_437_reg_1718                     |   16|   0|   16|          0|
    |u_438_reg_2038                     |   16|   0|   16|          0|
    |u_439_reg_2283                     |   16|   0|   16|          0|
    |u_440_reg_2448                     |   16|   0|   16|          0|
    |u_reg_1635                         |   16|   0|   16|          0|
    |zext_ln351_reg_1624                |    4|   0|   64|         60|
    |icmp_ln356_reg_1695                |   64|  32|    1|          0|
    |j_3_reg_1614                       |   64|  32|    4|          0|
    |zext_ln351_reg_1624                |   64|  32|   64|         60|
    +-----------------------------------+-----+----+-----+-----------+
    |Total                              | 2296|  96| 2233|        120|
    +-----------------------------------+-----+----+-----+-----------+



================================================================
== Interface
================================================================
* Summary: 
+----------------------------------------------------------------------------------------------+-----+-----+------------+-------------------------------------------------------------------------------------+--------------+
|                                           RTL Ports                                          | Dir | Bits|  Protocol  |                                    Source Object                                    |    C Type    |
+----------------------------------------------------------------------------------------------+-----+-----+------------+-------------------------------------------------------------------------------------+--------------+
|ap_clk                                                                                        |   in|    1|  ap_ctrl_hs|                                  Universal_Engine_Kernel<16, half>_Pipeline_CBI_NORM|  return value|
|ap_rst                                                                                        |   in|    1|  ap_ctrl_hs|                                  Universal_Engine_Kernel<16, half>_Pipeline_CBI_NORM|  return value|
|ap_start                                                                                      |   in|    1|  ap_ctrl_hs|                                  Universal_Engine_Kernel<16, half>_Pipeline_CBI_NORM|  return value|
|ap_done                                                                                       |  out|    1|  ap_ctrl_hs|                                  Universal_Engine_Kernel<16, half>_Pipeline_CBI_NORM|  return value|
|ap_idle                                                                                       |  out|    1|  ap_ctrl_hs|                                  Universal_Engine_Kernel<16, half>_Pipeline_CBI_NORM|  return value|
|ap_ready                                                                                      |  out|    1|  ap_ctrl_hs|                                  Universal_Engine_Kernel<16, half>_Pipeline_CBI_NORM|  return value|
|grp_fu_2555_p_din0                                                                            |  out|   16|  ap_ctrl_hs|                                  Universal_Engine_Kernel<16, half>_Pipeline_CBI_NORM|  return value|
|grp_fu_2555_p_din1                                                                            |  out|   16|  ap_ctrl_hs|                                  Universal_Engine_Kernel<16, half>_Pipeline_CBI_NORM|  return value|
|grp_fu_2555_p_dout0                                                                           |   in|   16|  ap_ctrl_hs|                                  Universal_Engine_Kernel<16, half>_Pipeline_CBI_NORM|  return value|
|grp_fu_2555_p_ce                                                                              |  out|    1|  ap_ctrl_hs|                                  Universal_Engine_Kernel<16, half>_Pipeline_CBI_NORM|  return value|
|grp_fu_2559_p_din0                                                                            |  out|   16|  ap_ctrl_hs|                                  Universal_Engine_Kernel<16, half>_Pipeline_CBI_NORM|  return value|
|grp_fu_2559_p_din1                                                                            |  out|   16|  ap_ctrl_hs|                                  Universal_Engine_Kernel<16, half>_Pipeline_CBI_NORM|  return value|
|grp_fu_2559_p_dout0                                                                           |   in|   16|  ap_ctrl_hs|                                  Universal_Engine_Kernel<16, half>_Pipeline_CBI_NORM|  return value|
|grp_fu_2559_p_ce                                                                              |  out|    1|  ap_ctrl_hs|                                  Universal_Engine_Kernel<16, half>_Pipeline_CBI_NORM|  return value|
|grp_fu_2563_p_din0                                                                            |  out|   16|  ap_ctrl_hs|                                  Universal_Engine_Kernel<16, half>_Pipeline_CBI_NORM|  return value|
|grp_fu_2563_p_din1                                                                            |  out|   16|  ap_ctrl_hs|                                  Universal_Engine_Kernel<16, half>_Pipeline_CBI_NORM|  return value|
|grp_fu_2563_p_dout0                                                                           |   in|   16|  ap_ctrl_hs|                                  Universal_Engine_Kernel<16, half>_Pipeline_CBI_NORM|  return value|
|grp_fu_2563_p_ce                                                                              |  out|    1|  ap_ctrl_hs|                                  Universal_Engine_Kernel<16, half>_Pipeline_CBI_NORM|  return value|
|grp_fu_2567_p_din0                                                                            |  out|   16|  ap_ctrl_hs|                                  Universal_Engine_Kernel<16, half>_Pipeline_CBI_NORM|  return value|
|grp_fu_2567_p_din1                                                                            |  out|   16|  ap_ctrl_hs|                                  Universal_Engine_Kernel<16, half>_Pipeline_CBI_NORM|  return value|
|grp_fu_2567_p_dout0                                                                           |   in|   16|  ap_ctrl_hs|                                  Universal_Engine_Kernel<16, half>_Pipeline_CBI_NORM|  return value|
|grp_fu_2567_p_ce                                                                              |  out|    1|  ap_ctrl_hs|                                  Universal_Engine_Kernel<16, half>_Pipeline_CBI_NORM|  return value|
|grp_fu_2571_p_din0                                                                            |  out|   16|  ap_ctrl_hs|                                  Universal_Engine_Kernel<16, half>_Pipeline_CBI_NORM|  return value|
|grp_fu_2571_p_din1                                                                            |  out|   16|  ap_ctrl_hs|                                  Universal_Engine_Kernel<16, half>_Pipeline_CBI_NORM|  return value|
|grp_fu_2571_p_dout0                                                                           |   in|   16|  ap_ctrl_hs|                                  Universal_Engine_Kernel<16, half>_Pipeline_CBI_NORM|  return value|
|grp_fu_2571_p_ce                                                                              |  out|    1|  ap_ctrl_hs|                                  Universal_Engine_Kernel<16, half>_Pipeline_CBI_NORM|  return value|
|grp_fu_2575_p_din0                                                                            |  out|   16|  ap_ctrl_hs|                                  Universal_Engine_Kernel<16, half>_Pipeline_CBI_NORM|  return value|
|grp_fu_2575_p_din1                                                                            |  out|   16|  ap_ctrl_hs|                                  Universal_Engine_Kernel<16, half>_Pipeline_CBI_NORM|  return value|
|grp_fu_2575_p_dout0                                                                           |   in|   16|  ap_ctrl_hs|                                  Universal_Engine_Kernel<16, half>_Pipeline_CBI_NORM|  return value|
|grp_fu_2575_p_ce                                                                              |  out|    1|  ap_ctrl_hs|                                  Universal_Engine_Kernel<16, half>_Pipeline_CBI_NORM|  return value|
|grp_fu_2579_p_din0                                                                            |  out|   16|  ap_ctrl_hs|                                  Universal_Engine_Kernel<16, half>_Pipeline_CBI_NORM|  return value|
|grp_fu_2579_p_din1                                                                            |  out|   16|  ap_ctrl_hs|                                  Universal_Engine_Kernel<16, half>_Pipeline_CBI_NORM|  return value|
|grp_fu_2579_p_dout0                                                                           |   in|   16|  ap_ctrl_hs|                                  Universal_Engine_Kernel<16, half>_Pipeline_CBI_NORM|  return value|
|grp_fu_2579_p_ce                                                                              |  out|    1|  ap_ctrl_hs|                                  Universal_Engine_Kernel<16, half>_Pipeline_CBI_NORM|  return value|
|grp_fu_2583_p_din0                                                                            |  out|   16|  ap_ctrl_hs|                                  Universal_Engine_Kernel<16, half>_Pipeline_CBI_NORM|  return value|
|grp_fu_2583_p_din1                                                                            |  out|   16|  ap_ctrl_hs|                                  Universal_Engine_Kernel<16, half>_Pipeline_CBI_NORM|  return value|
|grp_fu_2583_p_dout0                                                                           |   in|   16|  ap_ctrl_hs|                                  Universal_Engine_Kernel<16, half>_Pipeline_CBI_NORM|  return value|
|grp_fu_2583_p_ce                                                                              |  out|    1|  ap_ctrl_hs|                                  Universal_Engine_Kernel<16, half>_Pipeline_CBI_NORM|  return value|
|grp_fu_2587_p_din0                                                                            |  out|   16|  ap_ctrl_hs|                                  Universal_Engine_Kernel<16, half>_Pipeline_CBI_NORM|  return value|
|grp_fu_2587_p_din1                                                                            |  out|   16|  ap_ctrl_hs|                                  Universal_Engine_Kernel<16, half>_Pipeline_CBI_NORM|  return value|
|grp_fu_2587_p_dout0                                                                           |   in|   16|  ap_ctrl_hs|                                  Universal_Engine_Kernel<16, half>_Pipeline_CBI_NORM|  return value|
|grp_fu_2587_p_ce                                                                              |  out|    1|  ap_ctrl_hs|                                  Universal_Engine_Kernel<16, half>_Pipeline_CBI_NORM|  return value|
|grp_fu_2591_p_din0                                                                            |  out|   16|  ap_ctrl_hs|                                  Universal_Engine_Kernel<16, half>_Pipeline_CBI_NORM|  return value|
|grp_fu_2591_p_din1                                                                            |  out|   16|  ap_ctrl_hs|                                  Universal_Engine_Kernel<16, half>_Pipeline_CBI_NORM|  return value|
|grp_fu_2591_p_dout0                                                                           |   in|   16|  ap_ctrl_hs|                                  Universal_Engine_Kernel<16, half>_Pipeline_CBI_NORM|  return value|
|grp_fu_2591_p_ce                                                                              |  out|    1|  ap_ctrl_hs|                                  Universal_Engine_Kernel<16, half>_Pipeline_CBI_NORM|  return value|
|grp_fu_2595_p_din0                                                                            |  out|   16|  ap_ctrl_hs|                                  Universal_Engine_Kernel<16, half>_Pipeline_CBI_NORM|  return value|
|grp_fu_2595_p_din1                                                                            |  out|   16|  ap_ctrl_hs|                                  Universal_Engine_Kernel<16, half>_Pipeline_CBI_NORM|  return value|
|grp_fu_2595_p_dout0                                                                           |   in|   16|  ap_ctrl_hs|                                  Universal_Engine_Kernel<16, half>_Pipeline_CBI_NORM|  return value|
|grp_fu_2595_p_ce                                                                              |  out|    1|  ap_ctrl_hs|                                  Universal_Engine_Kernel<16, half>_Pipeline_CBI_NORM|  return value|
|grp_fu_2599_p_din0                                                                            |  out|   16|  ap_ctrl_hs|                                  Universal_Engine_Kernel<16, half>_Pipeline_CBI_NORM|  return value|
|grp_fu_2599_p_din1                                                                            |  out|   16|  ap_ctrl_hs|                                  Universal_Engine_Kernel<16, half>_Pipeline_CBI_NORM|  return value|
|grp_fu_2599_p_dout0                                                                           |   in|   16|  ap_ctrl_hs|                                  Universal_Engine_Kernel<16, half>_Pipeline_CBI_NORM|  return value|
|grp_fu_2599_p_ce                                                                              |  out|    1|  ap_ctrl_hs|                                  Universal_Engine_Kernel<16, half>_Pipeline_CBI_NORM|  return value|
|grp_fu_2603_p_din0                                                                            |  out|   16|  ap_ctrl_hs|                                  Universal_Engine_Kernel<16, half>_Pipeline_CBI_NORM|  return value|
|grp_fu_2603_p_din1                                                                            |  out|   16|  ap_ctrl_hs|                                  Universal_Engine_Kernel<16, half>_Pipeline_CBI_NORM|  return value|
|grp_fu_2603_p_dout0                                                                           |   in|   16|  ap_ctrl_hs|                                  Universal_Engine_Kernel<16, half>_Pipeline_CBI_NORM|  return value|
|grp_fu_2603_p_ce                                                                              |  out|    1|  ap_ctrl_hs|                                  Universal_Engine_Kernel<16, half>_Pipeline_CBI_NORM|  return value|
|grp_fu_2607_p_din0                                                                            |  out|   16|  ap_ctrl_hs|                                  Universal_Engine_Kernel<16, half>_Pipeline_CBI_NORM|  return value|
|grp_fu_2607_p_din1                                                                            |  out|   16|  ap_ctrl_hs|                                  Universal_Engine_Kernel<16, half>_Pipeline_CBI_NORM|  return value|
|grp_fu_2607_p_dout0                                                                           |   in|   16|  ap_ctrl_hs|                                  Universal_Engine_Kernel<16, half>_Pipeline_CBI_NORM|  return value|
|grp_fu_2607_p_ce                                                                              |  out|    1|  ap_ctrl_hs|                                  Universal_Engine_Kernel<16, half>_Pipeline_CBI_NORM|  return value|
|grp_fu_2611_p_din0                                                                            |  out|   16|  ap_ctrl_hs|                                  Universal_Engine_Kernel<16, half>_Pipeline_CBI_NORM|  return value|
|grp_fu_2611_p_din1                                                                            |  out|   16|  ap_ctrl_hs|                                  Universal_Engine_Kernel<16, half>_Pipeline_CBI_NORM|  return value|
|grp_fu_2611_p_dout0                                                                           |   in|   16|  ap_ctrl_hs|                                  Universal_Engine_Kernel<16, half>_Pipeline_CBI_NORM|  return value|
|grp_fu_2611_p_ce                                                                              |  out|    1|  ap_ctrl_hs|                                  Universal_Engine_Kernel<16, half>_Pipeline_CBI_NORM|  return value|
|grp_fu_2615_p_din0                                                                            |  out|   16|  ap_ctrl_hs|                                  Universal_Engine_Kernel<16, half>_Pipeline_CBI_NORM|  return value|
|grp_fu_2615_p_din1                                                                            |  out|   16|  ap_ctrl_hs|                                  Universal_Engine_Kernel<16, half>_Pipeline_CBI_NORM|  return value|
|grp_fu_2615_p_dout0                                                                           |   in|   16|  ap_ctrl_hs|                                  Universal_Engine_Kernel<16, half>_Pipeline_CBI_NORM|  return value|
|grp_fu_2615_p_ce                                                                              |  out|    1|  ap_ctrl_hs|                                  Universal_Engine_Kernel<16, half>_Pipeline_CBI_NORM|  return value|
|grp_fu_2747_p_din0                                                                            |  out|   16|  ap_ctrl_hs|                                  Universal_Engine_Kernel<16, half>_Pipeline_CBI_NORM|  return value|
|grp_fu_2747_p_din1                                                                            |  out|   16|  ap_ctrl_hs|                                  Universal_Engine_Kernel<16, half>_Pipeline_CBI_NORM|  return value|
|grp_fu_2747_p_dout0                                                                           |   in|   16|  ap_ctrl_hs|                                  Universal_Engine_Kernel<16, half>_Pipeline_CBI_NORM|  return value|
|grp_fu_2747_p_ce                                                                              |  out|    1|  ap_ctrl_hs|                                  Universal_Engine_Kernel<16, half>_Pipeline_CBI_NORM|  return value|
|grp_fu_2751_p_din0                                                                            |  out|   16|  ap_ctrl_hs|                                  Universal_Engine_Kernel<16, half>_Pipeline_CBI_NORM|  return value|
|grp_fu_2751_p_din1                                                                            |  out|   16|  ap_ctrl_hs|                                  Universal_Engine_Kernel<16, half>_Pipeline_CBI_NORM|  return value|
|grp_fu_2751_p_dout0                                                                           |   in|   16|  ap_ctrl_hs|                                  Universal_Engine_Kernel<16, half>_Pipeline_CBI_NORM|  return value|
|grp_fu_2751_p_ce                                                                              |  out|    1|  ap_ctrl_hs|                                  Universal_Engine_Kernel<16, half>_Pipeline_CBI_NORM|  return value|
|grp_fu_2755_p_din0                                                                            |  out|   16|  ap_ctrl_hs|                                  Universal_Engine_Kernel<16, half>_Pipeline_CBI_NORM|  return value|
|grp_fu_2755_p_din1                                                                            |  out|   16|  ap_ctrl_hs|                                  Universal_Engine_Kernel<16, half>_Pipeline_CBI_NORM|  return value|
|grp_fu_2755_p_dout0                                                                           |   in|   16|  ap_ctrl_hs|                                  Universal_Engine_Kernel<16, half>_Pipeline_CBI_NORM|  return value|
|grp_fu_2755_p_ce                                                                              |  out|    1|  ap_ctrl_hs|                                  Universal_Engine_Kernel<16, half>_Pipeline_CBI_NORM|  return value|
|grp_fu_2759_p_din0                                                                            |  out|   16|  ap_ctrl_hs|                                  Universal_Engine_Kernel<16, half>_Pipeline_CBI_NORM|  return value|
|grp_fu_2759_p_din1                                                                            |  out|   16|  ap_ctrl_hs|                                  Universal_Engine_Kernel<16, half>_Pipeline_CBI_NORM|  return value|
|grp_fu_2759_p_dout0                                                                           |   in|   16|  ap_ctrl_hs|                                  Universal_Engine_Kernel<16, half>_Pipeline_CBI_NORM|  return value|
|grp_fu_2759_p_ce                                                                              |  out|    1|  ap_ctrl_hs|                                  Universal_Engine_Kernel<16, half>_Pipeline_CBI_NORM|  return value|
|grp_fu_2763_p_din0                                                                            |  out|   16|  ap_ctrl_hs|                                  Universal_Engine_Kernel<16, half>_Pipeline_CBI_NORM|  return value|
|grp_fu_2763_p_din1                                                                            |  out|   16|  ap_ctrl_hs|                                  Universal_Engine_Kernel<16, half>_Pipeline_CBI_NORM|  return value|
|grp_fu_2763_p_dout0                                                                           |   in|   16|  ap_ctrl_hs|                                  Universal_Engine_Kernel<16, half>_Pipeline_CBI_NORM|  return value|
|grp_fu_2763_p_ce                                                                              |  out|    1|  ap_ctrl_hs|                                  Universal_Engine_Kernel<16, half>_Pipeline_CBI_NORM|  return value|
|grp_fu_2767_p_din0                                                                            |  out|   16|  ap_ctrl_hs|                                  Universal_Engine_Kernel<16, half>_Pipeline_CBI_NORM|  return value|
|grp_fu_2767_p_din1                                                                            |  out|   16|  ap_ctrl_hs|                                  Universal_Engine_Kernel<16, half>_Pipeline_CBI_NORM|  return value|
|grp_fu_2767_p_dout0                                                                           |   in|   16|  ap_ctrl_hs|                                  Universal_Engine_Kernel<16, half>_Pipeline_CBI_NORM|  return value|
|grp_fu_2767_p_ce                                                                              |  out|    1|  ap_ctrl_hs|                                  Universal_Engine_Kernel<16, half>_Pipeline_CBI_NORM|  return value|
|grp_fu_2771_p_din0                                                                            |  out|   16|  ap_ctrl_hs|                                  Universal_Engine_Kernel<16, half>_Pipeline_CBI_NORM|  return value|
|grp_fu_2771_p_din1                                                                            |  out|   16|  ap_ctrl_hs|                                  Universal_Engine_Kernel<16, half>_Pipeline_CBI_NORM|  return value|
|grp_fu_2771_p_dout0                                                                           |   in|   16|  ap_ctrl_hs|                                  Universal_Engine_Kernel<16, half>_Pipeline_CBI_NORM|  return value|
|grp_fu_2771_p_ce                                                                              |  out|    1|  ap_ctrl_hs|                                  Universal_Engine_Kernel<16, half>_Pipeline_CBI_NORM|  return value|
|grp_fu_2775_p_din0                                                                            |  out|   16|  ap_ctrl_hs|                                  Universal_Engine_Kernel<16, half>_Pipeline_CBI_NORM|  return value|
|grp_fu_2775_p_din1                                                                            |  out|   16|  ap_ctrl_hs|                                  Universal_Engine_Kernel<16, half>_Pipeline_CBI_NORM|  return value|
|grp_fu_2775_p_dout0                                                                           |   in|   16|  ap_ctrl_hs|                                  Universal_Engine_Kernel<16, half>_Pipeline_CBI_NORM|  return value|
|grp_fu_2775_p_ce                                                                              |  out|    1|  ap_ctrl_hs|                                  Universal_Engine_Kernel<16, half>_Pipeline_CBI_NORM|  return value|
|grp_fu_2779_p_din0                                                                            |  out|   16|  ap_ctrl_hs|                                  Universal_Engine_Kernel<16, half>_Pipeline_CBI_NORM|  return value|
|grp_fu_2779_p_din1                                                                            |  out|   16|  ap_ctrl_hs|                                  Universal_Engine_Kernel<16, half>_Pipeline_CBI_NORM|  return value|
|grp_fu_2779_p_dout0                                                                           |   in|   16|  ap_ctrl_hs|                                  Universal_Engine_Kernel<16, half>_Pipeline_CBI_NORM|  return value|
|grp_fu_2779_p_ce                                                                              |  out|    1|  ap_ctrl_hs|                                  Universal_Engine_Kernel<16, half>_Pipeline_CBI_NORM|  return value|
|grp_fu_2783_p_din0                                                                            |  out|   16|  ap_ctrl_hs|                                  Universal_Engine_Kernel<16, half>_Pipeline_CBI_NORM|  return value|
|grp_fu_2783_p_din1                                                                            |  out|   16|  ap_ctrl_hs|                                  Universal_Engine_Kernel<16, half>_Pipeline_CBI_NORM|  return value|
|grp_fu_2783_p_dout0                                                                           |   in|   16|  ap_ctrl_hs|                                  Universal_Engine_Kernel<16, half>_Pipeline_CBI_NORM|  return value|
|grp_fu_2783_p_ce                                                                              |  out|    1|  ap_ctrl_hs|                                  Universal_Engine_Kernel<16, half>_Pipeline_CBI_NORM|  return value|
|grp_fu_2787_p_din0                                                                            |  out|   16|  ap_ctrl_hs|                                  Universal_Engine_Kernel<16, half>_Pipeline_CBI_NORM|  return value|
|grp_fu_2787_p_din1                                                                            |  out|   16|  ap_ctrl_hs|                                  Universal_Engine_Kernel<16, half>_Pipeline_CBI_NORM|  return value|
|grp_fu_2787_p_dout0                                                                           |   in|   16|  ap_ctrl_hs|                                  Universal_Engine_Kernel<16, half>_Pipeline_CBI_NORM|  return value|
|grp_fu_2787_p_ce                                                                              |  out|    1|  ap_ctrl_hs|                                  Universal_Engine_Kernel<16, half>_Pipeline_CBI_NORM|  return value|
|grp_fu_2791_p_din0                                                                            |  out|   16|  ap_ctrl_hs|                                  Universal_Engine_Kernel<16, half>_Pipeline_CBI_NORM|  return value|
|grp_fu_2791_p_din1                                                                            |  out|   16|  ap_ctrl_hs|                                  Universal_Engine_Kernel<16, half>_Pipeline_CBI_NORM|  return value|
|grp_fu_2791_p_dout0                                                                           |   in|   16|  ap_ctrl_hs|                                  Universal_Engine_Kernel<16, half>_Pipeline_CBI_NORM|  return value|
|grp_fu_2791_p_ce                                                                              |  out|    1|  ap_ctrl_hs|                                  Universal_Engine_Kernel<16, half>_Pipeline_CBI_NORM|  return value|
|grp_fu_2795_p_din0                                                                            |  out|   16|  ap_ctrl_hs|                                  Universal_Engine_Kernel<16, half>_Pipeline_CBI_NORM|  return value|
|grp_fu_2795_p_din1                                                                            |  out|   16|  ap_ctrl_hs|                                  Universal_Engine_Kernel<16, half>_Pipeline_CBI_NORM|  return value|
|grp_fu_2795_p_dout0                                                                           |   in|   16|  ap_ctrl_hs|                                  Universal_Engine_Kernel<16, half>_Pipeline_CBI_NORM|  return value|
|grp_fu_2795_p_ce                                                                              |  out|    1|  ap_ctrl_hs|                                  Universal_Engine_Kernel<16, half>_Pipeline_CBI_NORM|  return value|
|grp_fu_2799_p_din0                                                                            |  out|   16|  ap_ctrl_hs|                                  Universal_Engine_Kernel<16, half>_Pipeline_CBI_NORM|  return value|
|grp_fu_2799_p_din1                                                                            |  out|   16|  ap_ctrl_hs|                                  Universal_Engine_Kernel<16, half>_Pipeline_CBI_NORM|  return value|
|grp_fu_2799_p_dout0                                                                           |   in|   16|  ap_ctrl_hs|                                  Universal_Engine_Kernel<16, half>_Pipeline_CBI_NORM|  return value|
|grp_fu_2799_p_ce                                                                              |  out|    1|  ap_ctrl_hs|                                  Universal_Engine_Kernel<16, half>_Pipeline_CBI_NORM|  return value|
|grp_fu_2803_p_din0                                                                            |  out|   16|  ap_ctrl_hs|                                  Universal_Engine_Kernel<16, half>_Pipeline_CBI_NORM|  return value|
|grp_fu_2803_p_din1                                                                            |  out|   16|  ap_ctrl_hs|                                  Universal_Engine_Kernel<16, half>_Pipeline_CBI_NORM|  return value|
|grp_fu_2803_p_dout0                                                                           |   in|   16|  ap_ctrl_hs|                                  Universal_Engine_Kernel<16, half>_Pipeline_CBI_NORM|  return value|
|grp_fu_2803_p_ce                                                                              |  out|    1|  ap_ctrl_hs|                                  Universal_Engine_Kernel<16, half>_Pipeline_CBI_NORM|  return value|
|grp_fu_2807_p_din0                                                                            |  out|   16|  ap_ctrl_hs|                                  Universal_Engine_Kernel<16, half>_Pipeline_CBI_NORM|  return value|
|grp_fu_2807_p_din1                                                                            |  out|   16|  ap_ctrl_hs|                                  Universal_Engine_Kernel<16, half>_Pipeline_CBI_NORM|  return value|
|grp_fu_2807_p_dout0                                                                           |   in|   16|  ap_ctrl_hs|                                  Universal_Engine_Kernel<16, half>_Pipeline_CBI_NORM|  return value|
|grp_fu_2807_p_ce                                                                              |  out|    1|  ap_ctrl_hs|                                  Universal_Engine_Kernel<16, half>_Pipeline_CBI_NORM|  return value|
|grp_fu_2683_p_din0                                                                            |  out|   16|  ap_ctrl_hs|                                  Universal_Engine_Kernel<16, half>_Pipeline_CBI_NORM|  return value|
|grp_fu_2683_p_din1                                                                            |  out|   16|  ap_ctrl_hs|                                  Universal_Engine_Kernel<16, half>_Pipeline_CBI_NORM|  return value|
|grp_fu_2683_p_dout0                                                                           |   in|   16|  ap_ctrl_hs|                                  Universal_Engine_Kernel<16, half>_Pipeline_CBI_NORM|  return value|
|grp_fu_2683_p_ce                                                                              |  out|    1|  ap_ctrl_hs|                                  Universal_Engine_Kernel<16, half>_Pipeline_CBI_NORM|  return value|
|grp_fu_2687_p_din0                                                                            |  out|   16|  ap_ctrl_hs|                                  Universal_Engine_Kernel<16, half>_Pipeline_CBI_NORM|  return value|
|grp_fu_2687_p_din1                                                                            |  out|   16|  ap_ctrl_hs|                                  Universal_Engine_Kernel<16, half>_Pipeline_CBI_NORM|  return value|
|grp_fu_2687_p_dout0                                                                           |   in|   16|  ap_ctrl_hs|                                  Universal_Engine_Kernel<16, half>_Pipeline_CBI_NORM|  return value|
|grp_fu_2687_p_ce                                                                              |  out|    1|  ap_ctrl_hs|                                  Universal_Engine_Kernel<16, half>_Pipeline_CBI_NORM|  return value|
|grp_fu_2691_p_din0                                                                            |  out|   16|  ap_ctrl_hs|                                  Universal_Engine_Kernel<16, half>_Pipeline_CBI_NORM|  return value|
|grp_fu_2691_p_din1                                                                            |  out|   16|  ap_ctrl_hs|                                  Universal_Engine_Kernel<16, half>_Pipeline_CBI_NORM|  return value|
|grp_fu_2691_p_dout0                                                                           |   in|   16|  ap_ctrl_hs|                                  Universal_Engine_Kernel<16, half>_Pipeline_CBI_NORM|  return value|
|grp_fu_2691_p_ce                                                                              |  out|    1|  ap_ctrl_hs|                                  Universal_Engine_Kernel<16, half>_Pipeline_CBI_NORM|  return value|
|grp_fu_2695_p_din0                                                                            |  out|   16|  ap_ctrl_hs|                                  Universal_Engine_Kernel<16, half>_Pipeline_CBI_NORM|  return value|
|grp_fu_2695_p_din1                                                                            |  out|   16|  ap_ctrl_hs|                                  Universal_Engine_Kernel<16, half>_Pipeline_CBI_NORM|  return value|
|grp_fu_2695_p_dout0                                                                           |   in|   16|  ap_ctrl_hs|                                  Universal_Engine_Kernel<16, half>_Pipeline_CBI_NORM|  return value|
|grp_fu_2695_p_ce                                                                              |  out|    1|  ap_ctrl_hs|                                  Universal_Engine_Kernel<16, half>_Pipeline_CBI_NORM|  return value|
|grp_fu_2699_p_din0                                                                            |  out|   16|  ap_ctrl_hs|                                  Universal_Engine_Kernel<16, half>_Pipeline_CBI_NORM|  return value|
|grp_fu_2699_p_din1                                                                            |  out|   16|  ap_ctrl_hs|                                  Universal_Engine_Kernel<16, half>_Pipeline_CBI_NORM|  return value|
|grp_fu_2699_p_dout0                                                                           |   in|   16|  ap_ctrl_hs|                                  Universal_Engine_Kernel<16, half>_Pipeline_CBI_NORM|  return value|
|grp_fu_2699_p_ce                                                                              |  out|    1|  ap_ctrl_hs|                                  Universal_Engine_Kernel<16, half>_Pipeline_CBI_NORM|  return value|
|grp_fu_2703_p_din0                                                                            |  out|   16|  ap_ctrl_hs|                                  Universal_Engine_Kernel<16, half>_Pipeline_CBI_NORM|  return value|
|grp_fu_2703_p_din1                                                                            |  out|   16|  ap_ctrl_hs|                                  Universal_Engine_Kernel<16, half>_Pipeline_CBI_NORM|  return value|
|grp_fu_2703_p_dout0                                                                           |   in|   16|  ap_ctrl_hs|                                  Universal_Engine_Kernel<16, half>_Pipeline_CBI_NORM|  return value|
|grp_fu_2703_p_ce                                                                              |  out|    1|  ap_ctrl_hs|                                  Universal_Engine_Kernel<16, half>_Pipeline_CBI_NORM|  return value|
|grp_fu_2707_p_din0                                                                            |  out|   16|  ap_ctrl_hs|                                  Universal_Engine_Kernel<16, half>_Pipeline_CBI_NORM|  return value|
|grp_fu_2707_p_din1                                                                            |  out|   16|  ap_ctrl_hs|                                  Universal_Engine_Kernel<16, half>_Pipeline_CBI_NORM|  return value|
|grp_fu_2707_p_dout0                                                                           |   in|   16|  ap_ctrl_hs|                                  Universal_Engine_Kernel<16, half>_Pipeline_CBI_NORM|  return value|
|grp_fu_2707_p_ce                                                                              |  out|    1|  ap_ctrl_hs|                                  Universal_Engine_Kernel<16, half>_Pipeline_CBI_NORM|  return value|
|grp_fu_2711_p_din0                                                                            |  out|   16|  ap_ctrl_hs|                                  Universal_Engine_Kernel<16, half>_Pipeline_CBI_NORM|  return value|
|grp_fu_2711_p_din1                                                                            |  out|   16|  ap_ctrl_hs|                                  Universal_Engine_Kernel<16, half>_Pipeline_CBI_NORM|  return value|
|grp_fu_2711_p_dout0                                                                           |   in|   16|  ap_ctrl_hs|                                  Universal_Engine_Kernel<16, half>_Pipeline_CBI_NORM|  return value|
|grp_fu_2711_p_ce                                                                              |  out|    1|  ap_ctrl_hs|                                  Universal_Engine_Kernel<16, half>_Pipeline_CBI_NORM|  return value|
|grp_fu_2715_p_din0                                                                            |  out|   16|  ap_ctrl_hs|                                  Universal_Engine_Kernel<16, half>_Pipeline_CBI_NORM|  return value|
|grp_fu_2715_p_din1                                                                            |  out|   16|  ap_ctrl_hs|                                  Universal_Engine_Kernel<16, half>_Pipeline_CBI_NORM|  return value|
|grp_fu_2715_p_dout0                                                                           |   in|   16|  ap_ctrl_hs|                                  Universal_Engine_Kernel<16, half>_Pipeline_CBI_NORM|  return value|
|grp_fu_2715_p_ce                                                                              |  out|    1|  ap_ctrl_hs|                                  Universal_Engine_Kernel<16, half>_Pipeline_CBI_NORM|  return value|
|grp_fu_2719_p_din0                                                                            |  out|   16|  ap_ctrl_hs|                                  Universal_Engine_Kernel<16, half>_Pipeline_CBI_NORM|  return value|
|grp_fu_2719_p_din1                                                                            |  out|   16|  ap_ctrl_hs|                                  Universal_Engine_Kernel<16, half>_Pipeline_CBI_NORM|  return value|
|grp_fu_2719_p_dout0                                                                           |   in|   16|  ap_ctrl_hs|                                  Universal_Engine_Kernel<16, half>_Pipeline_CBI_NORM|  return value|
|grp_fu_2719_p_ce                                                                              |  out|    1|  ap_ctrl_hs|                                  Universal_Engine_Kernel<16, half>_Pipeline_CBI_NORM|  return value|
|grp_fu_2723_p_din0                                                                            |  out|   16|  ap_ctrl_hs|                                  Universal_Engine_Kernel<16, half>_Pipeline_CBI_NORM|  return value|
|grp_fu_2723_p_din1                                                                            |  out|   16|  ap_ctrl_hs|                                  Universal_Engine_Kernel<16, half>_Pipeline_CBI_NORM|  return value|
|grp_fu_2723_p_dout0                                                                           |   in|   16|  ap_ctrl_hs|                                  Universal_Engine_Kernel<16, half>_Pipeline_CBI_NORM|  return value|
|grp_fu_2723_p_ce                                                                              |  out|    1|  ap_ctrl_hs|                                  Universal_Engine_Kernel<16, half>_Pipeline_CBI_NORM|  return value|
|grp_fu_2727_p_din0                                                                            |  out|   16|  ap_ctrl_hs|                                  Universal_Engine_Kernel<16, half>_Pipeline_CBI_NORM|  return value|
|grp_fu_2727_p_din1                                                                            |  out|   16|  ap_ctrl_hs|                                  Universal_Engine_Kernel<16, half>_Pipeline_CBI_NORM|  return value|
|grp_fu_2727_p_dout0                                                                           |   in|   16|  ap_ctrl_hs|                                  Universal_Engine_Kernel<16, half>_Pipeline_CBI_NORM|  return value|
|grp_fu_2727_p_ce                                                                              |  out|    1|  ap_ctrl_hs|                                  Universal_Engine_Kernel<16, half>_Pipeline_CBI_NORM|  return value|
|grp_fu_2731_p_din0                                                                            |  out|   16|  ap_ctrl_hs|                                  Universal_Engine_Kernel<16, half>_Pipeline_CBI_NORM|  return value|
|grp_fu_2731_p_din1                                                                            |  out|   16|  ap_ctrl_hs|                                  Universal_Engine_Kernel<16, half>_Pipeline_CBI_NORM|  return value|
|grp_fu_2731_p_dout0                                                                           |   in|   16|  ap_ctrl_hs|                                  Universal_Engine_Kernel<16, half>_Pipeline_CBI_NORM|  return value|
|grp_fu_2731_p_ce                                                                              |  out|    1|  ap_ctrl_hs|                                  Universal_Engine_Kernel<16, half>_Pipeline_CBI_NORM|  return value|
|grp_fu_2735_p_din0                                                                            |  out|   16|  ap_ctrl_hs|                                  Universal_Engine_Kernel<16, half>_Pipeline_CBI_NORM|  return value|
|grp_fu_2735_p_din1                                                                            |  out|   16|  ap_ctrl_hs|                                  Universal_Engine_Kernel<16, half>_Pipeline_CBI_NORM|  return value|
|grp_fu_2735_p_dout0                                                                           |   in|   16|  ap_ctrl_hs|                                  Universal_Engine_Kernel<16, half>_Pipeline_CBI_NORM|  return value|
|grp_fu_2735_p_ce                                                                              |  out|    1|  ap_ctrl_hs|                                  Universal_Engine_Kernel<16, half>_Pipeline_CBI_NORM|  return value|
|grp_fu_2739_p_din0                                                                            |  out|   16|  ap_ctrl_hs|                                  Universal_Engine_Kernel<16, half>_Pipeline_CBI_NORM|  return value|
|grp_fu_2739_p_din1                                                                            |  out|   16|  ap_ctrl_hs|                                  Universal_Engine_Kernel<16, half>_Pipeline_CBI_NORM|  return value|
|grp_fu_2739_p_dout0                                                                           |   in|   16|  ap_ctrl_hs|                                  Universal_Engine_Kernel<16, half>_Pipeline_CBI_NORM|  return value|
|grp_fu_2739_p_ce                                                                              |  out|    1|  ap_ctrl_hs|                                  Universal_Engine_Kernel<16, half>_Pipeline_CBI_NORM|  return value|
|grp_fu_2743_p_din0                                                                            |  out|   16|  ap_ctrl_hs|                                  Universal_Engine_Kernel<16, half>_Pipeline_CBI_NORM|  return value|
|grp_fu_2743_p_din1                                                                            |  out|   16|  ap_ctrl_hs|                                  Universal_Engine_Kernel<16, half>_Pipeline_CBI_NORM|  return value|
|grp_fu_2743_p_dout0                                                                           |   in|   16|  ap_ctrl_hs|                                  Universal_Engine_Kernel<16, half>_Pipeline_CBI_NORM|  return value|
|grp_fu_2743_p_ce                                                                              |  out|    1|  ap_ctrl_hs|                                  Universal_Engine_Kernel<16, half>_Pipeline_CBI_NORM|  return value|
|grp_fu_2811_p_din0                                                                            |  out|   16|  ap_ctrl_hs|                                  Universal_Engine_Kernel<16, half>_Pipeline_CBI_NORM|  return value|
|grp_fu_2811_p_din1                                                                            |  out|   16|  ap_ctrl_hs|                                  Universal_Engine_Kernel<16, half>_Pipeline_CBI_NORM|  return value|
|grp_fu_2811_p_dout0                                                                           |   in|   16|  ap_ctrl_hs|                                  Universal_Engine_Kernel<16, half>_Pipeline_CBI_NORM|  return value|
|grp_fu_2811_p_ce                                                                              |  out|    1|  ap_ctrl_hs|                                  Universal_Engine_Kernel<16, half>_Pipeline_CBI_NORM|  return value|
|grp_fu_2815_p_din0                                                                            |  out|   16|  ap_ctrl_hs|                                  Universal_Engine_Kernel<16, half>_Pipeline_CBI_NORM|  return value|
|grp_fu_2815_p_din1                                                                            |  out|   16|  ap_ctrl_hs|                                  Universal_Engine_Kernel<16, half>_Pipeline_CBI_NORM|  return value|
|grp_fu_2815_p_dout0                                                                           |   in|   16|  ap_ctrl_hs|                                  Universal_Engine_Kernel<16, half>_Pipeline_CBI_NORM|  return value|
|grp_fu_2815_p_ce                                                                              |  out|    1|  ap_ctrl_hs|                                  Universal_Engine_Kernel<16, half>_Pipeline_CBI_NORM|  return value|
|grp_fu_2819_p_din0                                                                            |  out|   16|  ap_ctrl_hs|                                  Universal_Engine_Kernel<16, half>_Pipeline_CBI_NORM|  return value|
|grp_fu_2819_p_din1                                                                            |  out|   16|  ap_ctrl_hs|                                  Universal_Engine_Kernel<16, half>_Pipeline_CBI_NORM|  return value|
|grp_fu_2819_p_dout0                                                                           |   in|   16|  ap_ctrl_hs|                                  Universal_Engine_Kernel<16, half>_Pipeline_CBI_NORM|  return value|
|grp_fu_2819_p_ce                                                                              |  out|    1|  ap_ctrl_hs|                                  Universal_Engine_Kernel<16, half>_Pipeline_CBI_NORM|  return value|
|grp_fu_2823_p_din0                                                                            |  out|   16|  ap_ctrl_hs|                                  Universal_Engine_Kernel<16, half>_Pipeline_CBI_NORM|  return value|
|grp_fu_2823_p_din1                                                                            |  out|   16|  ap_ctrl_hs|                                  Universal_Engine_Kernel<16, half>_Pipeline_CBI_NORM|  return value|
|grp_fu_2823_p_dout0                                                                           |   in|   16|  ap_ctrl_hs|                                  Universal_Engine_Kernel<16, half>_Pipeline_CBI_NORM|  return value|
|grp_fu_2823_p_ce                                                                              |  out|    1|  ap_ctrl_hs|                                  Universal_Engine_Kernel<16, half>_Pipeline_CBI_NORM|  return value|
|grp_fu_2827_p_din0                                                                            |  out|   16|  ap_ctrl_hs|                                  Universal_Engine_Kernel<16, half>_Pipeline_CBI_NORM|  return value|
|grp_fu_2827_p_din1                                                                            |  out|   16|  ap_ctrl_hs|                                  Universal_Engine_Kernel<16, half>_Pipeline_CBI_NORM|  return value|
|grp_fu_2827_p_dout0                                                                           |   in|   16|  ap_ctrl_hs|                                  Universal_Engine_Kernel<16, half>_Pipeline_CBI_NORM|  return value|
|grp_fu_2827_p_ce                                                                              |  out|    1|  ap_ctrl_hs|                                  Universal_Engine_Kernel<16, half>_Pipeline_CBI_NORM|  return value|
|grp_fu_2831_p_din0                                                                            |  out|   16|  ap_ctrl_hs|                                  Universal_Engine_Kernel<16, half>_Pipeline_CBI_NORM|  return value|
|grp_fu_2831_p_din1                                                                            |  out|   16|  ap_ctrl_hs|                                  Universal_Engine_Kernel<16, half>_Pipeline_CBI_NORM|  return value|
|grp_fu_2831_p_dout0                                                                           |   in|   16|  ap_ctrl_hs|                                  Universal_Engine_Kernel<16, half>_Pipeline_CBI_NORM|  return value|
|grp_fu_2831_p_ce                                                                              |  out|    1|  ap_ctrl_hs|                                  Universal_Engine_Kernel<16, half>_Pipeline_CBI_NORM|  return value|
|grp_fu_2835_p_din0                                                                            |  out|   16|  ap_ctrl_hs|                                  Universal_Engine_Kernel<16, half>_Pipeline_CBI_NORM|  return value|
|grp_fu_2835_p_din1                                                                            |  out|   16|  ap_ctrl_hs|                                  Universal_Engine_Kernel<16, half>_Pipeline_CBI_NORM|  return value|
|grp_fu_2835_p_dout0                                                                           |   in|   16|  ap_ctrl_hs|                                  Universal_Engine_Kernel<16, half>_Pipeline_CBI_NORM|  return value|
|grp_fu_2835_p_ce                                                                              |  out|    1|  ap_ctrl_hs|                                  Universal_Engine_Kernel<16, half>_Pipeline_CBI_NORM|  return value|
|grp_fu_2839_p_din0                                                                            |  out|   16|  ap_ctrl_hs|                                  Universal_Engine_Kernel<16, half>_Pipeline_CBI_NORM|  return value|
|grp_fu_2839_p_din1                                                                            |  out|   16|  ap_ctrl_hs|                                  Universal_Engine_Kernel<16, half>_Pipeline_CBI_NORM|  return value|
|grp_fu_2839_p_dout0                                                                           |   in|   16|  ap_ctrl_hs|                                  Universal_Engine_Kernel<16, half>_Pipeline_CBI_NORM|  return value|
|grp_fu_2839_p_ce                                                                              |  out|    1|  ap_ctrl_hs|                                  Universal_Engine_Kernel<16, half>_Pipeline_CBI_NORM|  return value|
|grp_fu_2843_p_din0                                                                            |  out|   16|  ap_ctrl_hs|                                  Universal_Engine_Kernel<16, half>_Pipeline_CBI_NORM|  return value|
|grp_fu_2843_p_din1                                                                            |  out|   16|  ap_ctrl_hs|                                  Universal_Engine_Kernel<16, half>_Pipeline_CBI_NORM|  return value|
|grp_fu_2843_p_dout0                                                                           |   in|   16|  ap_ctrl_hs|                                  Universal_Engine_Kernel<16, half>_Pipeline_CBI_NORM|  return value|
|grp_fu_2843_p_ce                                                                              |  out|    1|  ap_ctrl_hs|                                  Universal_Engine_Kernel<16, half>_Pipeline_CBI_NORM|  return value|
|grp_fu_2847_p_din0                                                                            |  out|   16|  ap_ctrl_hs|                                  Universal_Engine_Kernel<16, half>_Pipeline_CBI_NORM|  return value|
|grp_fu_2847_p_din1                                                                            |  out|   16|  ap_ctrl_hs|                                  Universal_Engine_Kernel<16, half>_Pipeline_CBI_NORM|  return value|
|grp_fu_2847_p_dout0                                                                           |   in|   16|  ap_ctrl_hs|                                  Universal_Engine_Kernel<16, half>_Pipeline_CBI_NORM|  return value|
|grp_fu_2847_p_ce                                                                              |  out|    1|  ap_ctrl_hs|                                  Universal_Engine_Kernel<16, half>_Pipeline_CBI_NORM|  return value|
|grp_fu_2851_p_din0                                                                            |  out|   16|  ap_ctrl_hs|                                  Universal_Engine_Kernel<16, half>_Pipeline_CBI_NORM|  return value|
|grp_fu_2851_p_din1                                                                            |  out|   16|  ap_ctrl_hs|                                  Universal_Engine_Kernel<16, half>_Pipeline_CBI_NORM|  return value|
|grp_fu_2851_p_dout0                                                                           |   in|   16|  ap_ctrl_hs|                                  Universal_Engine_Kernel<16, half>_Pipeline_CBI_NORM|  return value|
|grp_fu_2851_p_ce                                                                              |  out|    1|  ap_ctrl_hs|                                  Universal_Engine_Kernel<16, half>_Pipeline_CBI_NORM|  return value|
|grp_fu_2855_p_din0                                                                            |  out|   16|  ap_ctrl_hs|                                  Universal_Engine_Kernel<16, half>_Pipeline_CBI_NORM|  return value|
|grp_fu_2855_p_din1                                                                            |  out|   16|  ap_ctrl_hs|                                  Universal_Engine_Kernel<16, half>_Pipeline_CBI_NORM|  return value|
|grp_fu_2855_p_dout0                                                                           |   in|   16|  ap_ctrl_hs|                                  Universal_Engine_Kernel<16, half>_Pipeline_CBI_NORM|  return value|
|grp_fu_2855_p_ce                                                                              |  out|    1|  ap_ctrl_hs|                                  Universal_Engine_Kernel<16, half>_Pipeline_CBI_NORM|  return value|
|grp_fu_2859_p_din0                                                                            |  out|   16|  ap_ctrl_hs|                                  Universal_Engine_Kernel<16, half>_Pipeline_CBI_NORM|  return value|
|grp_fu_2859_p_din1                                                                            |  out|   16|  ap_ctrl_hs|                                  Universal_Engine_Kernel<16, half>_Pipeline_CBI_NORM|  return value|
|grp_fu_2859_p_dout0                                                                           |   in|   16|  ap_ctrl_hs|                                  Universal_Engine_Kernel<16, half>_Pipeline_CBI_NORM|  return value|
|grp_fu_2859_p_ce                                                                              |  out|    1|  ap_ctrl_hs|                                  Universal_Engine_Kernel<16, half>_Pipeline_CBI_NORM|  return value|
|grp_fu_2863_p_din0                                                                            |  out|   16|  ap_ctrl_hs|                                  Universal_Engine_Kernel<16, half>_Pipeline_CBI_NORM|  return value|
|grp_fu_2863_p_din1                                                                            |  out|   16|  ap_ctrl_hs|                                  Universal_Engine_Kernel<16, half>_Pipeline_CBI_NORM|  return value|
|grp_fu_2863_p_dout0                                                                           |   in|   16|  ap_ctrl_hs|                                  Universal_Engine_Kernel<16, half>_Pipeline_CBI_NORM|  return value|
|grp_fu_2863_p_ce                                                                              |  out|    1|  ap_ctrl_hs|                                  Universal_Engine_Kernel<16, half>_Pipeline_CBI_NORM|  return value|
|grp_fu_2867_p_din0                                                                            |  out|   16|  ap_ctrl_hs|                                  Universal_Engine_Kernel<16, half>_Pipeline_CBI_NORM|  return value|
|grp_fu_2867_p_din1                                                                            |  out|   16|  ap_ctrl_hs|                                  Universal_Engine_Kernel<16, half>_Pipeline_CBI_NORM|  return value|
|grp_fu_2867_p_dout0                                                                           |   in|   16|  ap_ctrl_hs|                                  Universal_Engine_Kernel<16, half>_Pipeline_CBI_NORM|  return value|
|grp_fu_2867_p_ce                                                                              |  out|    1|  ap_ctrl_hs|                                  Universal_Engine_Kernel<16, half>_Pipeline_CBI_NORM|  return value|
|grp_fu_2871_p_din0                                                                            |  out|   16|  ap_ctrl_hs|                                  Universal_Engine_Kernel<16, half>_Pipeline_CBI_NORM|  return value|
|grp_fu_2871_p_din1                                                                            |  out|   16|  ap_ctrl_hs|                                  Universal_Engine_Kernel<16, half>_Pipeline_CBI_NORM|  return value|
|grp_fu_2871_p_dout0                                                                           |   in|   16|  ap_ctrl_hs|                                  Universal_Engine_Kernel<16, half>_Pipeline_CBI_NORM|  return value|
|grp_fu_2871_p_ce                                                                              |  out|    1|  ap_ctrl_hs|                                  Universal_Engine_Kernel<16, half>_Pipeline_CBI_NORM|  return value|
|mul_ln363                                                                                     |   in|    8|     ap_none|                                                                            mul_ln363|        scalar|
|pix_address0                                                                                  |  out|    4|   ap_memory|                                                                                  pix|         array|
|pix_ce0                                                                                       |  out|    1|   ap_memory|                                                                                  pix|         array|
|pix_q0                                                                                        |   in|  256|   ap_memory|                                                                                  pix|         array|
|g_in_buf_address0                                                                             |  out|    4|   ap_memory|                                                                             g_in_buf|         array|
|g_in_buf_ce0                                                                                  |  out|    1|   ap_memory|                                                                             g_in_buf|         array|
|g_in_buf_q0                                                                                   |   in|  256|   ap_memory|                                                                             g_in_buf|         array|
|be_in_buf_address0                                                                            |  out|    4|   ap_memory|                                                                            be_in_buf|         array|
|be_in_buf_ce0                                                                                 |  out|    1|   ap_memory|                                                                            be_in_buf|         array|
|be_in_buf_q0                                                                                  |   in|  256|   ap_memory|                                                                            be_in_buf|         array|
|conv7                                                                                         |   in|   16|     ap_none|                                                                                conv7|        scalar|
|inv_std                                                                                       |   in|   16|     ap_none|                                                                              inv_std|        scalar|
|w                                                                                             |   in|    4|     ap_none|                                                                                    w|        scalar|
|void_Universal_Engine_Kernel_ap_uint_const_ap_uint_const_ap_uint_const_ap_uin_9_address1      |  out|    8|   ap_memory|      void_Universal_Engine_Kernel_ap_uint_const_ap_uint_const_ap_uint_const_ap_uin_9|         array|
|void_Universal_Engine_Kernel_ap_uint_const_ap_uint_const_ap_uint_const_ap_uin_9_ce1           |  out|    1|   ap_memory|      void_Universal_Engine_Kernel_ap_uint_const_ap_uint_const_ap_uint_const_ap_uin_9|         array|
|void_Universal_Engine_Kernel_ap_uint_const_ap_uint_const_ap_uint_const_ap_uin_9_we1           |  out|    1|   ap_memory|      void_Universal_Engine_Kernel_ap_uint_const_ap_uint_const_ap_uint_const_ap_uin_9|         array|
|void_Universal_Engine_Kernel_ap_uint_const_ap_uint_const_ap_uint_const_ap_uin_9_d1            |  out|  256|   ap_memory|      void_Universal_Engine_Kernel_ap_uint_const_ap_uint_const_ap_uint_const_ap_uin_9|         array|
|void_Universal_Engine_Kernel_ap_uint_const_ap_uint_const_ap_uint_const_ap_uin_8_address1      |  out|    8|   ap_memory|      void_Universal_Engine_Kernel_ap_uint_const_ap_uint_const_ap_uint_const_ap_uin_8|         array|
|void_Universal_Engine_Kernel_ap_uint_const_ap_uint_const_ap_uint_const_ap_uin_8_ce1           |  out|    1|   ap_memory|      void_Universal_Engine_Kernel_ap_uint_const_ap_uint_const_ap_uint_const_ap_uin_8|         array|
|void_Universal_Engine_Kernel_ap_uint_const_ap_uint_const_ap_uint_const_ap_uin_8_we1           |  out|    1|   ap_memory|      void_Universal_Engine_Kernel_ap_uint_const_ap_uint_const_ap_uint_const_ap_uin_8|         array|
|void_Universal_Engine_Kernel_ap_uint_const_ap_uint_const_ap_uint_const_ap_uin_8_d1            |  out|  256|   ap_memory|      void_Universal_Engine_Kernel_ap_uint_const_ap_uint_const_ap_uint_const_ap_uin_8|         array|
|void_Universal_Engine_Kernel_ap_uint_const_ap_uint_const_ap_uint_const_ap_uin_7_address1      |  out|    8|   ap_memory|      void_Universal_Engine_Kernel_ap_uint_const_ap_uint_const_ap_uint_const_ap_uin_7|         array|
|void_Universal_Engine_Kernel_ap_uint_const_ap_uint_const_ap_uint_const_ap_uin_7_ce1           |  out|    1|   ap_memory|      void_Universal_Engine_Kernel_ap_uint_const_ap_uint_const_ap_uint_const_ap_uin_7|         array|
|void_Universal_Engine_Kernel_ap_uint_const_ap_uint_const_ap_uint_const_ap_uin_7_we1           |  out|    1|   ap_memory|      void_Universal_Engine_Kernel_ap_uint_const_ap_uint_const_ap_uint_const_ap_uin_7|         array|
|void_Universal_Engine_Kernel_ap_uint_const_ap_uint_const_ap_uint_const_ap_uin_7_d1            |  out|  256|   ap_memory|      void_Universal_Engine_Kernel_ap_uint_const_ap_uint_const_ap_uint_const_ap_uin_7|         array|
|void_Universal_Engine_Kernel_ap_uint_const_ap_uint_const_ap_uint_const_ap_uin_6_address1      |  out|    8|   ap_memory|      void_Universal_Engine_Kernel_ap_uint_const_ap_uint_const_ap_uint_const_ap_uin_6|         array|
|void_Universal_Engine_Kernel_ap_uint_const_ap_uint_const_ap_uint_const_ap_uin_6_ce1           |  out|    1|   ap_memory|      void_Universal_Engine_Kernel_ap_uint_const_ap_uint_const_ap_uint_const_ap_uin_6|         array|
|void_Universal_Engine_Kernel_ap_uint_const_ap_uint_const_ap_uint_const_ap_uin_6_we1           |  out|    1|   ap_memory|      void_Universal_Engine_Kernel_ap_uint_const_ap_uint_const_ap_uint_const_ap_uin_6|         array|
|void_Universal_Engine_Kernel_ap_uint_const_ap_uint_const_ap_uint_const_ap_uin_6_d1            |  out|  256|   ap_memory|      void_Universal_Engine_Kernel_ap_uint_const_ap_uint_const_ap_uint_const_ap_uin_6|         array|
|void_Universal_Engine_Kernel_ap_uint_const_ap_uint_const_ap_uint_const_ap_uin_5_address1      |  out|    8|   ap_memory|      void_Universal_Engine_Kernel_ap_uint_const_ap_uint_const_ap_uint_const_ap_uin_5|         array|
|void_Universal_Engine_Kernel_ap_uint_const_ap_uint_const_ap_uint_const_ap_uin_5_ce1           |  out|    1|   ap_memory|      void_Universal_Engine_Kernel_ap_uint_const_ap_uint_const_ap_uint_const_ap_uin_5|         array|
|void_Universal_Engine_Kernel_ap_uint_const_ap_uint_const_ap_uint_const_ap_uin_5_we1           |  out|    1|   ap_memory|      void_Universal_Engine_Kernel_ap_uint_const_ap_uint_const_ap_uint_const_ap_uin_5|         array|
|void_Universal_Engine_Kernel_ap_uint_const_ap_uint_const_ap_uint_const_ap_uin_5_d1            |  out|  256|   ap_memory|      void_Universal_Engine_Kernel_ap_uint_const_ap_uint_const_ap_uint_const_ap_uin_5|         array|
|void_Universal_Engine_Kernel_ap_uint_const_ap_uint_const_ap_uint_const_ap_uin_4_address1      |  out|    8|   ap_memory|      void_Universal_Engine_Kernel_ap_uint_const_ap_uint_const_ap_uint_const_ap_uin_4|         array|
|void_Universal_Engine_Kernel_ap_uint_const_ap_uint_const_ap_uint_const_ap_uin_4_ce1           |  out|    1|   ap_memory|      void_Universal_Engine_Kernel_ap_uint_const_ap_uint_const_ap_uint_const_ap_uin_4|         array|
|void_Universal_Engine_Kernel_ap_uint_const_ap_uint_const_ap_uint_const_ap_uin_4_we1           |  out|    1|   ap_memory|      void_Universal_Engine_Kernel_ap_uint_const_ap_uint_const_ap_uint_const_ap_uin_4|         array|
|void_Universal_Engine_Kernel_ap_uint_const_ap_uint_const_ap_uint_const_ap_uin_4_d1            |  out|  256|   ap_memory|      void_Universal_Engine_Kernel_ap_uint_const_ap_uint_const_ap_uint_const_ap_uin_4|         array|
|void_Universal_Engine_Kernel_ap_uint_const_ap_uint_const_ap_uint_const_ap_uin_3_address1      |  out|    8|   ap_memory|      void_Universal_Engine_Kernel_ap_uint_const_ap_uint_const_ap_uint_const_ap_uin_3|         array|
|void_Universal_Engine_Kernel_ap_uint_const_ap_uint_const_ap_uint_const_ap_uin_3_ce1           |  out|    1|   ap_memory|      void_Universal_Engine_Kernel_ap_uint_const_ap_uint_const_ap_uint_const_ap_uin_3|         array|
|void_Universal_Engine_Kernel_ap_uint_const_ap_uint_const_ap_uint_const_ap_uin_3_we1           |  out|    1|   ap_memory|      void_Universal_Engine_Kernel_ap_uint_const_ap_uint_const_ap_uint_const_ap_uin_3|         array|
|void_Universal_Engine_Kernel_ap_uint_const_ap_uint_const_ap_uint_const_ap_uin_3_d1            |  out|  256|   ap_memory|      void_Universal_Engine_Kernel_ap_uint_const_ap_uint_const_ap_uint_const_ap_uin_3|         array|
|void_Universal_Engine_Kernel_ap_uint_const_ap_uint_const_ap_uint_const_ap_uin_2_address1      |  out|    8|   ap_memory|      void_Universal_Engine_Kernel_ap_uint_const_ap_uint_const_ap_uint_const_ap_uin_2|         array|
|void_Universal_Engine_Kernel_ap_uint_const_ap_uint_const_ap_uint_const_ap_uin_2_ce1           |  out|    1|   ap_memory|      void_Universal_Engine_Kernel_ap_uint_const_ap_uint_const_ap_uint_const_ap_uin_2|         array|
|void_Universal_Engine_Kernel_ap_uint_const_ap_uint_const_ap_uint_const_ap_uin_2_we1           |  out|    1|   ap_memory|      void_Universal_Engine_Kernel_ap_uint_const_ap_uint_const_ap_uint_const_ap_uin_2|         array|
|void_Universal_Engine_Kernel_ap_uint_const_ap_uint_const_ap_uint_const_ap_uin_2_d1            |  out|  256|   ap_memory|      void_Universal_Engine_Kernel_ap_uint_const_ap_uint_const_ap_uint_const_ap_uin_2|         array|
|void_Universal_Engine_Kernel_ap_uint_const_ap_uint_const_ap_uint_const_ap_uin_1_address1      |  out|    8|   ap_memory|      void_Universal_Engine_Kernel_ap_uint_const_ap_uint_const_ap_uint_const_ap_uin_1|         array|
|void_Universal_Engine_Kernel_ap_uint_const_ap_uint_const_ap_uint_const_ap_uin_1_ce1           |  out|    1|   ap_memory|      void_Universal_Engine_Kernel_ap_uint_const_ap_uint_const_ap_uint_const_ap_uin_1|         array|
|void_Universal_Engine_Kernel_ap_uint_const_ap_uint_const_ap_uint_const_ap_uin_1_we1           |  out|    1|   ap_memory|      void_Universal_Engine_Kernel_ap_uint_const_ap_uint_const_ap_uint_const_ap_uin_1|         array|
|void_Universal_Engine_Kernel_ap_uint_const_ap_uint_const_ap_uint_const_ap_uin_1_d1            |  out|  256|   ap_memory|      void_Universal_Engine_Kernel_ap_uint_const_ap_uint_const_ap_uint_const_ap_uin_1|         array|
|void_Universal_Engine_Kernel_ap_uint_const_ap_uint_const_ap_uint_const_ap_uin_address1        |  out|    8|   ap_memory|        void_Universal_Engine_Kernel_ap_uint_const_ap_uint_const_ap_uint_const_ap_uin|         array|
|void_Universal_Engine_Kernel_ap_uint_const_ap_uint_const_ap_uint_const_ap_uin_ce1             |  out|    1|   ap_memory|        void_Universal_Engine_Kernel_ap_uint_const_ap_uint_const_ap_uint_const_ap_uin|         array|
|void_Universal_Engine_Kernel_ap_uint_const_ap_uint_const_ap_uint_const_ap_uin_we1             |  out|    1|   ap_memory|        void_Universal_Engine_Kernel_ap_uint_const_ap_uint_const_ap_uint_const_ap_uin|         array|
|void_Universal_Engine_Kernel_ap_uint_const_ap_uint_const_ap_uint_const_ap_uin_d1              |  out|  256|   ap_memory|        void_Universal_Engine_Kernel_ap_uint_const_ap_uint_const_ap_uint_const_ap_uin|         array|
|p_ZZL23Universal_Engine_KernelILi16EDhEvPK7ap_uintILi256EES3_S3_S3_S3_S3_S3_PS1_S_5_address1  |  out|    8|   ap_memory|  p_ZZL23Universal_Engine_KernelILi16EDhEvPK7ap_uintILi256EES3_S3_S3_S3_S3_S3_PS1_S_5|         array|
|p_ZZL23Universal_Engine_KernelILi16EDhEvPK7ap_uintILi256EES3_S3_S3_S3_S3_S3_PS1_S_5_ce1       |  out|    1|   ap_memory|  p_ZZL23Universal_Engine_KernelILi16EDhEvPK7ap_uintILi256EES3_S3_S3_S3_S3_S3_PS1_S_5|         array|
|p_ZZL23Universal_Engine_KernelILi16EDhEvPK7ap_uintILi256EES3_S3_S3_S3_S3_S3_PS1_S_5_we1       |  out|    1|   ap_memory|  p_ZZL23Universal_Engine_KernelILi16EDhEvPK7ap_uintILi256EES3_S3_S3_S3_S3_S3_PS1_S_5|         array|
|p_ZZL23Universal_Engine_KernelILi16EDhEvPK7ap_uintILi256EES3_S3_S3_S3_S3_S3_PS1_S_5_d1        |  out|  256|   ap_memory|  p_ZZL23Universal_Engine_KernelILi16EDhEvPK7ap_uintILi256EES3_S3_S3_S3_S3_S3_PS1_S_5|         array|
|p_ZZL23Universal_Engine_KernelILi16EDhEvPK7ap_uintILi256EES3_S3_S3_S3_S3_S3_PS1_S_4_address1  |  out|    8|   ap_memory|  p_ZZL23Universal_Engine_KernelILi16EDhEvPK7ap_uintILi256EES3_S3_S3_S3_S3_S3_PS1_S_4|         array|
|p_ZZL23Universal_Engine_KernelILi16EDhEvPK7ap_uintILi256EES3_S3_S3_S3_S3_S3_PS1_S_4_ce1       |  out|    1|   ap_memory|  p_ZZL23Universal_Engine_KernelILi16EDhEvPK7ap_uintILi256EES3_S3_S3_S3_S3_S3_PS1_S_4|         array|
|p_ZZL23Universal_Engine_KernelILi16EDhEvPK7ap_uintILi256EES3_S3_S3_S3_S3_S3_PS1_S_4_we1       |  out|    1|   ap_memory|  p_ZZL23Universal_Engine_KernelILi16EDhEvPK7ap_uintILi256EES3_S3_S3_S3_S3_S3_PS1_S_4|         array|
|p_ZZL23Universal_Engine_KernelILi16EDhEvPK7ap_uintILi256EES3_S3_S3_S3_S3_S3_PS1_S_4_d1        |  out|  256|   ap_memory|  p_ZZL23Universal_Engine_KernelILi16EDhEvPK7ap_uintILi256EES3_S3_S3_S3_S3_S3_PS1_S_4|         array|
|p_ZZL23Universal_Engine_KernelILi16EDhEvPK7ap_uintILi256EES3_S3_S3_S3_S3_S3_PS1_S_3_address1  |  out|    8|   ap_memory|  p_ZZL23Universal_Engine_KernelILi16EDhEvPK7ap_uintILi256EES3_S3_S3_S3_S3_S3_PS1_S_3|         array|
|p_ZZL23Universal_Engine_KernelILi16EDhEvPK7ap_uintILi256EES3_S3_S3_S3_S3_S3_PS1_S_3_ce1       |  out|    1|   ap_memory|  p_ZZL23Universal_Engine_KernelILi16EDhEvPK7ap_uintILi256EES3_S3_S3_S3_S3_S3_PS1_S_3|         array|
|p_ZZL23Universal_Engine_KernelILi16EDhEvPK7ap_uintILi256EES3_S3_S3_S3_S3_S3_PS1_S_3_we1       |  out|    1|   ap_memory|  p_ZZL23Universal_Engine_KernelILi16EDhEvPK7ap_uintILi256EES3_S3_S3_S3_S3_S3_PS1_S_3|         array|
|p_ZZL23Universal_Engine_KernelILi16EDhEvPK7ap_uintILi256EES3_S3_S3_S3_S3_S3_PS1_S_3_d1        |  out|  256|   ap_memory|  p_ZZL23Universal_Engine_KernelILi16EDhEvPK7ap_uintILi256EES3_S3_S3_S3_S3_S3_PS1_S_3|         array|
|p_ZZL23Universal_Engine_KernelILi16EDhEvPK7ap_uintILi256EES3_S3_S3_S3_S3_S3_PS1_S_2_address1  |  out|    8|   ap_memory|  p_ZZL23Universal_Engine_KernelILi16EDhEvPK7ap_uintILi256EES3_S3_S3_S3_S3_S3_PS1_S_2|         array|
|p_ZZL23Universal_Engine_KernelILi16EDhEvPK7ap_uintILi256EES3_S3_S3_S3_S3_S3_PS1_S_2_ce1       |  out|    1|   ap_memory|  p_ZZL23Universal_Engine_KernelILi16EDhEvPK7ap_uintILi256EES3_S3_S3_S3_S3_S3_PS1_S_2|         array|
|p_ZZL23Universal_Engine_KernelILi16EDhEvPK7ap_uintILi256EES3_S3_S3_S3_S3_S3_PS1_S_2_we1       |  out|    1|   ap_memory|  p_ZZL23Universal_Engine_KernelILi16EDhEvPK7ap_uintILi256EES3_S3_S3_S3_S3_S3_PS1_S_2|         array|
|p_ZZL23Universal_Engine_KernelILi16EDhEvPK7ap_uintILi256EES3_S3_S3_S3_S3_S3_PS1_S_2_d1        |  out|  256|   ap_memory|  p_ZZL23Universal_Engine_KernelILi16EDhEvPK7ap_uintILi256EES3_S3_S3_S3_S3_S3_PS1_S_2|         array|
|p_ZZL23Universal_Engine_KernelILi16EDhEvPK7ap_uintILi256EES3_S3_S3_S3_S3_S3_PS1_S_1_address1  |  out|    8|   ap_memory|  p_ZZL23Universal_Engine_KernelILi16EDhEvPK7ap_uintILi256EES3_S3_S3_S3_S3_S3_PS1_S_1|         array|
|p_ZZL23Universal_Engine_KernelILi16EDhEvPK7ap_uintILi256EES3_S3_S3_S3_S3_S3_PS1_S_1_ce1       |  out|    1|   ap_memory|  p_ZZL23Universal_Engine_KernelILi16EDhEvPK7ap_uintILi256EES3_S3_S3_S3_S3_S3_PS1_S_1|         array|
|p_ZZL23Universal_Engine_KernelILi16EDhEvPK7ap_uintILi256EES3_S3_S3_S3_S3_S3_PS1_S_1_we1       |  out|    1|   ap_memory|  p_ZZL23Universal_Engine_KernelILi16EDhEvPK7ap_uintILi256EES3_S3_S3_S3_S3_S3_PS1_S_1|         array|
|p_ZZL23Universal_Engine_KernelILi16EDhEvPK7ap_uintILi256EES3_S3_S3_S3_S3_S3_PS1_S_1_d1        |  out|  256|   ap_memory|  p_ZZL23Universal_Engine_KernelILi16EDhEvPK7ap_uintILi256EES3_S3_S3_S3_S3_S3_PS1_S_1|         array|
|p_ZZL23Universal_Engine_KernelILi16EDhEvPK7ap_uintILi256EES3_S3_S3_S3_S3_S3_PS1_S_address1    |  out|    8|   ap_memory|    p_ZZL23Universal_Engine_KernelILi16EDhEvPK7ap_uintILi256EES3_S3_S3_S3_S3_S3_PS1_S|         array|
|p_ZZL23Universal_Engine_KernelILi16EDhEvPK7ap_uintILi256EES3_S3_S3_S3_S3_S3_PS1_S_ce1         |  out|    1|   ap_memory|    p_ZZL23Universal_Engine_KernelILi16EDhEvPK7ap_uintILi256EES3_S3_S3_S3_S3_S3_PS1_S|         array|
|p_ZZL23Universal_Engine_KernelILi16EDhEvPK7ap_uintILi256EES3_S3_S3_S3_S3_S3_PS1_S_we1         |  out|    1|   ap_memory|    p_ZZL23Universal_Engine_KernelILi16EDhEvPK7ap_uintILi256EES3_S3_S3_S3_S3_S3_PS1_S|         array|
|p_ZZL23Universal_Engine_KernelILi16EDhEvPK7ap_uintILi256EES3_S3_S3_S3_S3_S3_PS1_S_d1          |  out|  256|   ap_memory|    p_ZZL23Universal_Engine_KernelILi16EDhEvPK7ap_uintILi256EES3_S3_S3_S3_S3_S3_PS1_S|         array|
+----------------------------------------------------------------------------------------------+-----+-----+------------+-------------------------------------------------------------------------------------+--------------+

