

================================================================
== Vitis HLS Report for 'Universal_Engine_Kernel_16_half_Pipeline_CBI_STATS'
================================================================
* Date:           Sun Jun  7 09:50:51 2026

* Version:        2024.2 (Build 5238294 on Nov  8 2024)
* Project:        prj_fill
* Solution:       solution1 (Vitis Kernel Flow Target)
* Product family: zynquplus
* Target device:  xczu7ev-ffvc1156-2-e


================================================================
== Performance Estimates
================================================================
+ Timing: 
    * Summary: 
    +--------+---------+----------+------------+
    |  Clock |  Target | Estimated| Uncertainty|
    +--------+---------+----------+------------+
    |ap_clk  |  3.33 ns|  2.433 ns|     0.90 ns|
    +--------+---------+----------+------------+

+ Latency: 
    * Summary: 
    +---------+---------+----------+----------+-----+-----+------------------------------------------------+
    |  Latency (cycles) |  Latency (absolute) |  Interval |                    Pipeline                    |
    |   min   |   max   |    min   |    max   | min | max |                      Type                      |
    +---------+---------+----------+----------+-----+-----+------------------------------------------------+
    |      104|      104|  0.347 us|  0.347 us|   15|   15|  loop auto-rewind stp (delay=0 clock cycles(s))|
    +---------+---------+----------+----------+-----+-----+------------------------------------------------+

    + Detail: 
        * Instance: 
        N/A

        * Loop: 
        +-------------+---------+---------+----------+-----------+-----------+------+----------+
        |             |  Latency (cycles) | Iteration|  Initiation Interval  | Trip |          |
        |  Loop Name  |   min   |   max   |  Latency |  achieved |   target  | Count| Pipelined|
        +-------------+---------+---------+----------+-----------+-----------+------+----------+
        |- CBI_STATS  |      102|      102|        90|          1|          1|    14|       yes|
        +-------------+---------+---------+----------+-----------+-----------+------+----------+



================================================================
== Utilization Estimates
================================================================
* Summary: 
+-----------------+---------+------+--------+--------+-----+
|       Name      | BRAM_18K|  DSP |   FF   |   LUT  | URAM|
+-----------------+---------+------+--------+--------+-----+
|DSP              |        -|     -|       -|       -|    -|
|Expression       |        -|     -|       0|     171|    -|
|FIFO             |        -|     -|       -|       -|    -|
|Instance         |        -|     -|       -|       -|    -|
|Memory           |        -|     -|       -|       -|    -|
|Multiplexer      |        -|     -|       0|      45|    -|
|Register         |        -|     -|    3294|     640|    -|
+-----------------+---------+------+--------+--------+-----+
|Total            |        0|     0|    3294|     856|    0|
+-----------------+---------+------+--------+--------+-----+
|Available        |      624|  1728|  460800|  230400|   96|
+-----------------+---------+------+--------+--------+-----+
|Utilization (%)  |        0|     0|      ~0|      ~0|    0|
+-----------------+---------+------+--------+--------+-----+

+ Detail: 
    * Instance: 
    N/A

    * DSP: 
    N/A

    * Memory: 
    N/A

    * FIFO: 
    N/A

    * Expression: 
    +---------------------------+----------+----+---+----+------------+------------+
    |       Variable Name       | Operation| DSP| FF| LUT| Bitwidth P0| Bitwidth P1|
    +---------------------------+----------+----+---+----+------------+------------+
    |add_ln332_fu_712_p2        |         +|   0|  0|  12|           4|           1|
    |ap_block_pp0_stage0_11001  |       and|   0|  0|   2|           1|           1|
    |icmp_ln332_fu_706_p2       |      icmp|   0|  0|  12|           4|           3|
    |icmp_ln338_fu_870_p2       |      icmp|   0|  0|  15|           8|           7|
    |s_local_13_fu_948_p3       |    select|   0|  0|  16|           1|          16|
    |s_local_15_fu_964_p3       |    select|   0|  0|  16|           1|          16|
    |s_local_17_fu_980_p3       |    select|   0|  0|  16|           1|          16|
    |s_local_20_fu_996_p3       |    select|   0|  0|  16|           1|          16|
    |sq_local_13_fu_959_p3      |    select|   0|  0|  16|           1|          16|
    |sq_local_15_fu_975_p3      |    select|   0|  0|  16|           1|          16|
    |sq_local_17_fu_991_p3      |    select|   0|  0|  16|           1|          16|
    |sq_local_20_fu_1071_p3     |    select|   0|  0|  16|           1|          16|
    |ap_enable_pp0              |       xor|   0|  0|   2|           1|           2|
    +---------------------------+----------+----+---+----+------------+------------+
    |Total                      |          |   0|  0| 171|          26|         142|
    +---------------------------+----------+----+---+----+------------+------------+

    * Multiplexer: 
    +-------------------------+----+-----------+-----+-----------+
    |           Name          | LUT| Input Size| Bits| Total Bits|
    +-------------------------+----+-----------+-----+-----------+
    |ap_done_int              |   9|          2|    1|          2|
    |ap_enable_reg_pp0_iter1  |   9|          2|    1|          2|
    |ap_sig_allocacmp_j       |   9|          2|    4|          8|
    |gmem_x_blk_n_R           |   9|          2|    1|          2|
    |j_1_fu_164               |   9|          2|    4|          8|
    +-------------------------+----+-----------+-----+-----------+
    |Total                    |  45|         10|   11|         22|
    +-------------------------+----+-----------+-----+-----------+

    * Register: 
    +-------------------------------------------+-----+----+-----+-----------+
    |                    Name                   |  FF | LUT| Bits| Const Bits|
    +-------------------------------------------+-----+----+-----+-----------+
    |ap_CS_fsm                                  |    1|   0|    1|          0|
    |ap_block_pp0_stage0_subdone_grp0_done_reg  |    1|   0|    1|          0|
    |ap_done_reg                                |    1|   0|    1|          0|
    |ap_enable_reg_pp0_iter1                    |    1|   0|    1|          0|
    |ap_enable_reg_pp0_iter10                   |    1|   0|    1|          0|
    |ap_enable_reg_pp0_iter11                   |    1|   0|    1|          0|
    |ap_enable_reg_pp0_iter12                   |    1|   0|    1|          0|
    |ap_enable_reg_pp0_iter13                   |    1|   0|    1|          0|
    |ap_enable_reg_pp0_iter14                   |    1|   0|    1|          0|
    |ap_enable_reg_pp0_iter15                   |    1|   0|    1|          0|
    |ap_enable_reg_pp0_iter16                   |    1|   0|    1|          0|
    |ap_enable_reg_pp0_iter17                   |    1|   0|    1|          0|
    |ap_enable_reg_pp0_iter18                   |    1|   0|    1|          0|
    |ap_enable_reg_pp0_iter19                   |    1|   0|    1|          0|
    |ap_enable_reg_pp0_iter2                    |    1|   0|    1|          0|
    |ap_enable_reg_pp0_iter20                   |    1|   0|    1|          0|
    |ap_enable_reg_pp0_iter21                   |    1|   0|    1|          0|
    |ap_enable_reg_pp0_iter22                   |    1|   0|    1|          0|
    |ap_enable_reg_pp0_iter23                   |    1|   0|    1|          0|
    |ap_enable_reg_pp0_iter24                   |    1|   0|    1|          0|
    |ap_enable_reg_pp0_iter25                   |    1|   0|    1|          0|
    |ap_enable_reg_pp0_iter26                   |    1|   0|    1|          0|
    |ap_enable_reg_pp0_iter27                   |    1|   0|    1|          0|
    |ap_enable_reg_pp0_iter28                   |    1|   0|    1|          0|
    |ap_enable_reg_pp0_iter29                   |    1|   0|    1|          0|
    |ap_enable_reg_pp0_iter3                    |    1|   0|    1|          0|
    |ap_enable_reg_pp0_iter30                   |    1|   0|    1|          0|
    |ap_enable_reg_pp0_iter31                   |    1|   0|    1|          0|
    |ap_enable_reg_pp0_iter32                   |    1|   0|    1|          0|
    |ap_enable_reg_pp0_iter33                   |    1|   0|    1|          0|
    |ap_enable_reg_pp0_iter34                   |    1|   0|    1|          0|
    |ap_enable_reg_pp0_iter35                   |    1|   0|    1|          0|
    |ap_enable_reg_pp0_iter36                   |    1|   0|    1|          0|
    |ap_enable_reg_pp0_iter37                   |    1|   0|    1|          0|
    |ap_enable_reg_pp0_iter38                   |    1|   0|    1|          0|
    |ap_enable_reg_pp0_iter39                   |    1|   0|    1|          0|
    |ap_enable_reg_pp0_iter4                    |    1|   0|    1|          0|
    |ap_enable_reg_pp0_iter40                   |    1|   0|    1|          0|
    |ap_enable_reg_pp0_iter41                   |    1|   0|    1|          0|
    |ap_enable_reg_pp0_iter42                   |    1|   0|    1|          0|
    |ap_enable_reg_pp0_iter43                   |    1|   0|    1|          0|
    |ap_enable_reg_pp0_iter44                   |    1|   0|    1|          0|
    |ap_enable_reg_pp0_iter45                   |    1|   0|    1|          0|
    |ap_enable_reg_pp0_iter46                   |    1|   0|    1|          0|
    |ap_enable_reg_pp0_iter47                   |    1|   0|    1|          0|
    |ap_enable_reg_pp0_iter48                   |    1|   0|    1|          0|
    |ap_enable_reg_pp0_iter49                   |    1|   0|    1|          0|
    |ap_enable_reg_pp0_iter5                    |    1|   0|    1|          0|
    |ap_enable_reg_pp0_iter50                   |    1|   0|    1|          0|
    |ap_enable_reg_pp0_iter51                   |    1|   0|    1|          0|
    |ap_enable_reg_pp0_iter52                   |    1|   0|    1|          0|
    |ap_enable_reg_pp0_iter53                   |    1|   0|    1|          0|
    |ap_enable_reg_pp0_iter54                   |    1|   0|    1|          0|
    |ap_enable_reg_pp0_iter55                   |    1|   0|    1|          0|
    |ap_enable_reg_pp0_iter56                   |    1|   0|    1|          0|
    |ap_enable_reg_pp0_iter57                   |    1|   0|    1|          0|
    |ap_enable_reg_pp0_iter58                   |    1|   0|    1|          0|
    |ap_enable_reg_pp0_iter59                   |    1|   0|    1|          0|
    |ap_enable_reg_pp0_iter6                    |    1|   0|    1|          0|
    |ap_enable_reg_pp0_iter60                   |    1|   0|    1|          0|
    |ap_enable_reg_pp0_iter61                   |    1|   0|    1|          0|
    |ap_enable_reg_pp0_iter62                   |    1|   0|    1|          0|
    |ap_enable_reg_pp0_iter63                   |    1|   0|    1|          0|
    |ap_enable_reg_pp0_iter64                   |    1|   0|    1|          0|
    |ap_enable_reg_pp0_iter65                   |    1|   0|    1|          0|
    |ap_enable_reg_pp0_iter66                   |    1|   0|    1|          0|
    |ap_enable_reg_pp0_iter67                   |    1|   0|    1|          0|
    |ap_enable_reg_pp0_iter68                   |    1|   0|    1|          0|
    |ap_enable_reg_pp0_iter69                   |    1|   0|    1|          0|
    |ap_enable_reg_pp0_iter7                    |    1|   0|    1|          0|
    |ap_enable_reg_pp0_iter70                   |    1|   0|    1|          0|
    |ap_enable_reg_pp0_iter71                   |    1|   0|    1|          0|
    |ap_enable_reg_pp0_iter72                   |    1|   0|    1|          0|
    |ap_enable_reg_pp0_iter73                   |    1|   0|    1|          0|
    |ap_enable_reg_pp0_iter74                   |    1|   0|    1|          0|
    |ap_enable_reg_pp0_iter75                   |    1|   0|    1|          0|
    |ap_enable_reg_pp0_iter76                   |    1|   0|    1|          0|
    |ap_enable_reg_pp0_iter77                   |    1|   0|    1|          0|
    |ap_enable_reg_pp0_iter78                   |    1|   0|    1|          0|
    |ap_enable_reg_pp0_iter79                   |    1|   0|    1|          0|
    |ap_enable_reg_pp0_iter8                    |    1|   0|    1|          0|
    |ap_enable_reg_pp0_iter80                   |    1|   0|    1|          0|
    |ap_enable_reg_pp0_iter81                   |    1|   0|    1|          0|
    |ap_enable_reg_pp0_iter82                   |    1|   0|    1|          0|
    |ap_enable_reg_pp0_iter83                   |    1|   0|    1|          0|
    |ap_enable_reg_pp0_iter84                   |    1|   0|    1|          0|
    |ap_enable_reg_pp0_iter85                   |    1|   0|    1|          0|
    |ap_enable_reg_pp0_iter86                   |    1|   0|    1|          0|
    |ap_enable_reg_pp0_iter87                   |    1|   0|    1|          0|
    |ap_enable_reg_pp0_iter88                   |    1|   0|    1|          0|
    |ap_enable_reg_pp0_iter89                   |    1|   0|    1|          0|
    |ap_enable_reg_pp0_iter9                    |    1|   0|    1|          0|
    |ap_loop_exit_ready_pp0_iter10_reg          |    1|   0|    1|          0|
    |ap_loop_exit_ready_pp0_iter11_reg          |    1|   0|    1|          0|
    |ap_loop_exit_ready_pp0_iter12_reg          |    1|   0|    1|          0|
    |ap_loop_exit_ready_pp0_iter13_reg          |    1|   0|    1|          0|
    |ap_loop_exit_ready_pp0_iter14_reg          |    1|   0|    1|          0|
    |ap_loop_exit_ready_pp0_iter15_reg          |    1|   0|    1|          0|
    |ap_loop_exit_ready_pp0_iter16_reg          |    1|   0|    1|          0|
    |ap_loop_exit_ready_pp0_iter17_reg          |    1|   0|    1|          0|
    |ap_loop_exit_ready_pp0_iter18_reg          |    1|   0|    1|          0|
    |ap_loop_exit_ready_pp0_iter19_reg          |    1|   0|    1|          0|
    |ap_loop_exit_ready_pp0_iter1_reg           |    1|   0|    1|          0|
    |ap_loop_exit_ready_pp0_iter20_reg          |    1|   0|    1|          0|
    |ap_loop_exit_ready_pp0_iter21_reg          |    1|   0|    1|          0|
    |ap_loop_exit_ready_pp0_iter22_reg          |    1|   0|    1|          0|
    |ap_loop_exit_ready_pp0_iter23_reg          |    1|   0|    1|          0|
    |ap_loop_exit_ready_pp0_iter24_reg          |    1|   0|    1|          0|
    |ap_loop_exit_ready_pp0_iter25_reg          |    1|   0|    1|          0|
    |ap_loop_exit_ready_pp0_iter26_reg          |    1|   0|    1|          0|
    |ap_loop_exit_ready_pp0_iter27_reg          |    1|   0|    1|          0|
    |ap_loop_exit_ready_pp0_iter28_reg          |    1|   0|    1|          0|
    |ap_loop_exit_ready_pp0_iter29_reg          |    1|   0|    1|          0|
    |ap_loop_exit_ready_pp0_iter2_reg           |    1|   0|    1|          0|
    |ap_loop_exit_ready_pp0_iter30_reg          |    1|   0|    1|          0|
    |ap_loop_exit_ready_pp0_iter31_reg          |    1|   0|    1|          0|
    |ap_loop_exit_ready_pp0_iter32_reg          |    1|   0|    1|          0|
    |ap_loop_exit_ready_pp0_iter33_reg          |    1|   0|    1|          0|
    |ap_loop_exit_ready_pp0_iter34_reg          |    1|   0|    1|          0|
    |ap_loop_exit_ready_pp0_iter35_reg          |    1|   0|    1|          0|
    |ap_loop_exit_ready_pp0_iter36_reg          |    1|   0|    1|          0|
    |ap_loop_exit_ready_pp0_iter37_reg          |    1|   0|    1|          0|
    |ap_loop_exit_ready_pp0_iter38_reg          |    1|   0|    1|          0|
    |ap_loop_exit_ready_pp0_iter39_reg          |    1|   0|    1|          0|
    |ap_loop_exit_ready_pp0_iter3_reg           |    1|   0|    1|          0|
    |ap_loop_exit_ready_pp0_iter40_reg          |    1|   0|    1|          0|
    |ap_loop_exit_ready_pp0_iter41_reg          |    1|   0|    1|          0|
    |ap_loop_exit_ready_pp0_iter42_reg          |    1|   0|    1|          0|
    |ap_loop_exit_ready_pp0_iter43_reg          |    1|   0|    1|          0|
    |ap_loop_exit_ready_pp0_iter44_reg          |    1|   0|    1|          0|
    |ap_loop_exit_ready_pp0_iter45_reg          |    1|   0|    1|          0|
    |ap_loop_exit_ready_pp0_iter46_reg          |    1|   0|    1|          0|
    |ap_loop_exit_ready_pp0_iter47_reg          |    1|   0|    1|          0|
    |ap_loop_exit_ready_pp0_iter48_reg          |    1|   0|    1|          0|
    |ap_loop_exit_ready_pp0_iter49_reg          |    1|   0|    1|          0|
    |ap_loop_exit_ready_pp0_iter4_reg           |    1|   0|    1|          0|
    |ap_loop_exit_ready_pp0_iter50_reg          |    1|   0|    1|          0|
    |ap_loop_exit_ready_pp0_iter51_reg          |    1|   0|    1|          0|
    |ap_loop_exit_ready_pp0_iter52_reg          |    1|   0|    1|          0|
    |ap_loop_exit_ready_pp0_iter53_reg          |    1|   0|    1|          0|
    |ap_loop_exit_ready_pp0_iter54_reg          |    1|   0|    1|          0|
    |ap_loop_exit_ready_pp0_iter55_reg          |    1|   0|    1|          0|
    |ap_loop_exit_ready_pp0_iter56_reg          |    1|   0|    1|          0|
    |ap_loop_exit_ready_pp0_iter57_reg          |    1|   0|    1|          0|
    |ap_loop_exit_ready_pp0_iter58_reg          |    1|   0|    1|          0|
    |ap_loop_exit_ready_pp0_iter59_reg          |    1|   0|    1|          0|
    |ap_loop_exit_ready_pp0_iter5_reg           |    1|   0|    1|          0|
    |ap_loop_exit_ready_pp0_iter60_reg          |    1|   0|    1|          0|
    |ap_loop_exit_ready_pp0_iter61_reg          |    1|   0|    1|          0|
    |ap_loop_exit_ready_pp0_iter62_reg          |    1|   0|    1|          0|
    |ap_loop_exit_ready_pp0_iter63_reg          |    1|   0|    1|          0|
    |ap_loop_exit_ready_pp0_iter64_reg          |    1|   0|    1|          0|
    |ap_loop_exit_ready_pp0_iter65_reg          |    1|   0|    1|          0|
    |ap_loop_exit_ready_pp0_iter66_reg          |    1|   0|    1|          0|
    |ap_loop_exit_ready_pp0_iter67_reg          |    1|   0|    1|          0|
    |ap_loop_exit_ready_pp0_iter68_reg          |    1|   0|    1|          0|
    |ap_loop_exit_ready_pp0_iter69_reg          |    1|   0|    1|          0|
    |ap_loop_exit_ready_pp0_iter6_reg           |    1|   0|    1|          0|
    |ap_loop_exit_ready_pp0_iter70_reg          |    1|   0|    1|          0|
    |ap_loop_exit_ready_pp0_iter71_reg          |    1|   0|    1|          0|
    |ap_loop_exit_ready_pp0_iter72_reg          |    1|   0|    1|          0|
    |ap_loop_exit_ready_pp0_iter73_reg          |    1|   0|    1|          0|
    |ap_loop_exit_ready_pp0_iter74_reg          |    1|   0|    1|          0|
    |ap_loop_exit_ready_pp0_iter75_reg          |    1|   0|    1|          0|
    |ap_loop_exit_ready_pp0_iter76_reg          |    1|   0|    1|          0|
    |ap_loop_exit_ready_pp0_iter77_reg          |    1|   0|    1|          0|
    |ap_loop_exit_ready_pp0_iter78_reg          |    1|   0|    1|          0|
    |ap_loop_exit_ready_pp0_iter79_reg          |    1|   0|    1|          0|
    |ap_loop_exit_ready_pp0_iter7_reg           |    1|   0|    1|          0|
    |ap_loop_exit_ready_pp0_iter80_reg          |    1|   0|    1|          0|
    |ap_loop_exit_ready_pp0_iter81_reg          |    1|   0|    1|          0|
    |ap_loop_exit_ready_pp0_iter82_reg          |    1|   0|    1|          0|
    |ap_loop_exit_ready_pp0_iter83_reg          |    1|   0|    1|          0|
    |ap_loop_exit_ready_pp0_iter84_reg          |    1|   0|    1|          0|
    |ap_loop_exit_ready_pp0_iter85_reg          |    1|   0|    1|          0|
    |ap_loop_exit_ready_pp0_iter86_reg          |    1|   0|    1|          0|
    |ap_loop_exit_ready_pp0_iter87_reg          |    1|   0|    1|          0|
    |ap_loop_exit_ready_pp0_iter88_reg          |    1|   0|    1|          0|
    |ap_loop_exit_ready_pp0_iter8_reg           |    1|   0|    1|          0|
    |ap_loop_exit_ready_pp0_iter9_reg           |    1|   0|    1|          0|
    |icmp_ln332_reg_1444                        |    1|   0|    1|          0|
    |icmp_ln338_reg_1540                        |    1|   0|    1|          0|
    |j_1_fu_164                                 |    4|   0|    4|          0|
    |j_reg_1438                                 |    4|   0|    4|          0|
    |mul5_reg_1552                              |   16|   0|   16|          0|
    |mul87_10_reg_1794                          |   16|   0|   16|          0|
    |mul87_11_reg_1824                          |   16|   0|   16|          0|
    |mul87_12_reg_1856                          |   16|   0|   16|          0|
    |mul87_13_reg_1888                          |   16|   0|   16|          0|
    |mul87_14_reg_1920                          |   16|   0|   16|          0|
    |mul87_1_reg_1574                           |   16|   0|   16|          0|
    |mul87_2_reg_1596                           |   16|   0|   16|          0|
    |mul87_3_reg_1618                           |   16|   0|   16|          0|
    |mul87_4_reg_1640                           |   16|   0|   16|          0|
    |mul87_5_reg_1662                           |   16|   0|   16|          0|
    |mul87_6_reg_1684                           |   16|   0|   16|          0|
    |mul87_7_reg_1706                           |   16|   0|   16|          0|
    |mul87_8_reg_1728                           |   16|   0|   16|          0|
    |mul87_9_reg_1750                           |   16|   0|   16|          0|
    |mul87_s_reg_1772                           |   16|   0|   16|          0|
    |mux_case_0185_fu_168                       |   16|   0|   16|          0|
    |mux_case_064227_fu_224                     |   16|   0|   16|          0|
    |mux_case_10215_fu_208                      |   16|   0|   16|          0|
    |mux_case_1084257_fu_264                    |   16|   0|   16|          0|
    |mux_case_11218_fu_212                      |   16|   0|   16|          0|
    |mux_case_1186260_fu_268                    |   16|   0|   16|          0|
    |mux_case_1188_fu_172                       |   16|   0|   16|          0|
    |mux_case_12221_fu_216                      |   16|   0|   16|          0|
    |mux_case_1288263_fu_272                    |   16|   0|   16|          0|
    |mux_case_13224_fu_220                      |   16|   0|   16|          0|
    |mux_case_1390266_fu_276                    |   16|   0|   16|          0|
    |mux_case_166230_fu_228                     |   16|   0|   16|          0|
    |mux_case_2191_fu_176                       |   16|   0|   16|          0|
    |mux_case_268233_fu_232                     |   16|   0|   16|          0|
    |mux_case_3194_fu_180                       |   16|   0|   16|          0|
    |mux_case_370236_fu_236                     |   16|   0|   16|          0|
    |mux_case_4197_fu_184                       |   16|   0|   16|          0|
    |mux_case_472239_fu_240                     |   16|   0|   16|          0|
    |mux_case_5200_fu_188                       |   16|   0|   16|          0|
    |mux_case_574242_fu_244                     |   16|   0|   16|          0|
    |mux_case_6203_fu_192                       |   16|   0|   16|          0|
    |mux_case_676245_fu_248                     |   16|   0|   16|          0|
    |mux_case_7206_fu_196                       |   16|   0|   16|          0|
    |mux_case_778248_fu_252                     |   16|   0|   16|          0|
    |mux_case_8209_fu_200                       |   16|   0|   16|          0|
    |mux_case_880251_fu_256                     |   16|   0|   16|          0|
    |mux_case_9212_fu_204                       |   16|   0|   16|          0|
    |mux_case_982254_fu_260                     |   16|   0|   16|          0|
    |s_local_10_reg_1777                        |   16|   0|   16|          0|
    |s_local_11_reg_1799                        |   16|   0|   16|          0|
    |s_local_12_reg_1829                        |   16|   0|   16|          0|
    |s_local_13_reg_1834                        |   16|   0|   16|          0|
    |s_local_14_reg_1861                        |   16|   0|   16|          0|
    |s_local_15_reg_1866                        |   16|   0|   16|          0|
    |s_local_16_reg_1893                        |   16|   0|   16|          0|
    |s_local_17_reg_1898                        |   16|   0|   16|          0|
    |s_local_18_reg_1925                        |   16|   0|   16|          0|
    |s_local_1_reg_1579                         |   16|   0|   16|          0|
    |s_local_2_reg_1601                         |   16|   0|   16|          0|
    |s_local_3_reg_1623                         |   16|   0|   16|          0|
    |s_local_4_reg_1645                         |   16|   0|   16|          0|
    |s_local_5_reg_1667                         |   16|   0|   16|          0|
    |s_local_6_reg_1689                         |   16|   0|   16|          0|
    |s_local_7_reg_1711                         |   16|   0|   16|          0|
    |s_local_8_reg_1733                         |   16|   0|   16|          0|
    |s_local_9_reg_1755                         |   16|   0|   16|          0|
    |s_local_reg_1557                           |   16|   0|   16|          0|
    |sq_local_10_reg_1789                       |   16|   0|   16|          0|
    |sq_local_11_reg_1815                       |   16|   0|   16|          0|
    |sq_local_12_reg_1846                       |   16|   0|   16|          0|
    |sq_local_13_reg_1851                       |   16|   0|   16|          0|
    |sq_local_14_reg_1878                       |   16|   0|   16|          0|
    |sq_local_15_reg_1883                       |   16|   0|   16|          0|
    |sq_local_16_reg_1910                       |   16|   0|   16|          0|
    |sq_local_17_reg_1915                       |   16|   0|   16|          0|
    |sq_local_18_reg_1930                       |   16|   0|   16|          0|
    |sq_local_1_reg_1591                        |   16|   0|   16|          0|
    |sq_local_2_reg_1613                        |   16|   0|   16|          0|
    |sq_local_3_reg_1635                        |   16|   0|   16|          0|
    |sq_local_4_reg_1657                        |   16|   0|   16|          0|
    |sq_local_5_reg_1679                        |   16|   0|   16|          0|
    |sq_local_6_reg_1701                        |   16|   0|   16|          0|
    |sq_local_7_reg_1723                        |   16|   0|   16|          0|
    |sq_local_8_reg_1745                        |   16|   0|   16|          0|
    |sq_local_9_reg_1767                        |   16|   0|   16|          0|
    |sq_local_reg_1569                          |   16|   0|   16|          0|
    |u_363_reg_1458                             |   16|   0|   16|          0|
    |u_364_reg_1463                             |   16|   0|   16|          0|
    |u_365_reg_1468                             |   16|   0|   16|          0|
    |u_366_reg_1473                             |   16|   0|   16|          0|
    |u_367_reg_1478                             |   16|   0|   16|          0|
    |u_368_reg_1483                             |   16|   0|   16|          0|
    |u_369_reg_1488                             |   16|   0|   16|          0|
    |u_370_reg_1493                             |   16|   0|   16|          0|
    |u_371_reg_1498                             |   16|   0|   16|          0|
    |u_372_reg_1503                             |   16|   0|   16|          0|
    |u_373_reg_1508                             |   16|   0|   16|          0|
    |u_374_reg_1513                             |   16|   0|   16|          0|
    |u_375_reg_1518                             |   16|   0|   16|          0|
    |u_376_reg_1523                             |   16|   0|   16|          0|
    |u_377_reg_1528                             |   16|   0|   16|          0|
    |u_reg_1453                                 |   16|   0|   16|          0|
    |word_reg_1448                              |  256|   0|  256|          0|
    |icmp_ln332_reg_1444                        |   64|  32|    1|          0|
    |icmp_ln338_reg_1540                        |   64|  32|    1|          0|
    |j_reg_1438                                 |   64|  32|    4|          0|
    |s_local_11_reg_1799                        |   64|  32|   16|          0|
    |sq_local_11_reg_1815                       |   64|  32|   16|          0|
    |u_363_reg_1458                             |   64|  32|   16|          0|
    |u_364_reg_1463                             |   64|  32|   16|          0|
    |u_365_reg_1468                             |   64|  32|   16|          0|
    |u_366_reg_1473                             |   64|  32|   16|          0|
    |u_367_reg_1478                             |   64|  32|   16|          0|
    |u_368_reg_1483                             |   64|  32|   16|          0|
    |u_369_reg_1488                             |   64|  32|   16|          0|
    |u_370_reg_1493                             |   64|  32|   16|          0|
    |u_371_reg_1498                             |   64|  32|   16|          0|
    |u_372_reg_1503                             |   64|  32|   16|          0|
    |u_373_reg_1508                             |   64|  32|   16|          0|
    |u_374_reg_1513                             |   64|  32|   16|          0|
    |u_375_reg_1518                             |   64|  32|   16|          0|
    |u_376_reg_1523                             |   64|  32|   16|          0|
    |u_377_reg_1528                             |   64|  32|   16|          0|
    +-------------------------------------------+-----+----+-----+-----------+
    |Total                                      | 3294| 640| 2292|          0|
    +-------------------------------------------+-----+----+-----+-----------+



================================================================
== Interface
================================================================
* Summary: 
+-----------------------------+-----+-----+------------+------------------------------------------------------+--------------+
|          RTL Ports          | Dir | Bits|  Protocol  |                     Source Object                    |    C Type    |
+-----------------------------+-----+-----+------------+------------------------------------------------------+--------------+
|ap_clk                       |   in|    1|  ap_ctrl_hs|  Universal_Engine_Kernel<16, half>_Pipeline_CBI_STATS|  return value|
|ap_rst                       |   in|    1|  ap_ctrl_hs|  Universal_Engine_Kernel<16, half>_Pipeline_CBI_STATS|  return value|
|ap_start                     |   in|    1|  ap_ctrl_hs|  Universal_Engine_Kernel<16, half>_Pipeline_CBI_STATS|  return value|
|ap_done                      |  out|    1|  ap_ctrl_hs|  Universal_Engine_Kernel<16, half>_Pipeline_CBI_STATS|  return value|
|ap_idle                      |  out|    1|  ap_ctrl_hs|  Universal_Engine_Kernel<16, half>_Pipeline_CBI_STATS|  return value|
|ap_ready                     |  out|    1|  ap_ctrl_hs|  Universal_Engine_Kernel<16, half>_Pipeline_CBI_STATS|  return value|
|grp_fu_2555_p_din0           |  out|   16|  ap_ctrl_hs|  Universal_Engine_Kernel<16, half>_Pipeline_CBI_STATS|  return value|
|grp_fu_2555_p_din1           |  out|   16|  ap_ctrl_hs|  Universal_Engine_Kernel<16, half>_Pipeline_CBI_STATS|  return value|
|grp_fu_2555_p_dout0          |   in|   16|  ap_ctrl_hs|  Universal_Engine_Kernel<16, half>_Pipeline_CBI_STATS|  return value|
|grp_fu_2555_p_ce             |  out|    1|  ap_ctrl_hs|  Universal_Engine_Kernel<16, half>_Pipeline_CBI_STATS|  return value|
|grp_fu_2559_p_din0           |  out|   16|  ap_ctrl_hs|  Universal_Engine_Kernel<16, half>_Pipeline_CBI_STATS|  return value|
|grp_fu_2559_p_din1           |  out|   16|  ap_ctrl_hs|  Universal_Engine_Kernel<16, half>_Pipeline_CBI_STATS|  return value|
|grp_fu_2559_p_dout0          |   in|   16|  ap_ctrl_hs|  Universal_Engine_Kernel<16, half>_Pipeline_CBI_STATS|  return value|
|grp_fu_2559_p_ce             |  out|    1|  ap_ctrl_hs|  Universal_Engine_Kernel<16, half>_Pipeline_CBI_STATS|  return value|
|grp_fu_2563_p_din0           |  out|   16|  ap_ctrl_hs|  Universal_Engine_Kernel<16, half>_Pipeline_CBI_STATS|  return value|
|grp_fu_2563_p_din1           |  out|   16|  ap_ctrl_hs|  Universal_Engine_Kernel<16, half>_Pipeline_CBI_STATS|  return value|
|grp_fu_2563_p_dout0          |   in|   16|  ap_ctrl_hs|  Universal_Engine_Kernel<16, half>_Pipeline_CBI_STATS|  return value|
|grp_fu_2563_p_ce             |  out|    1|  ap_ctrl_hs|  Universal_Engine_Kernel<16, half>_Pipeline_CBI_STATS|  return value|
|grp_fu_2567_p_din0           |  out|   16|  ap_ctrl_hs|  Universal_Engine_Kernel<16, half>_Pipeline_CBI_STATS|  return value|
|grp_fu_2567_p_din1           |  out|   16|  ap_ctrl_hs|  Universal_Engine_Kernel<16, half>_Pipeline_CBI_STATS|  return value|
|grp_fu_2567_p_dout0          |   in|   16|  ap_ctrl_hs|  Universal_Engine_Kernel<16, half>_Pipeline_CBI_STATS|  return value|
|grp_fu_2567_p_ce             |  out|    1|  ap_ctrl_hs|  Universal_Engine_Kernel<16, half>_Pipeline_CBI_STATS|  return value|
|grp_fu_2571_p_din0           |  out|   16|  ap_ctrl_hs|  Universal_Engine_Kernel<16, half>_Pipeline_CBI_STATS|  return value|
|grp_fu_2571_p_din1           |  out|   16|  ap_ctrl_hs|  Universal_Engine_Kernel<16, half>_Pipeline_CBI_STATS|  return value|
|grp_fu_2571_p_dout0          |   in|   16|  ap_ctrl_hs|  Universal_Engine_Kernel<16, half>_Pipeline_CBI_STATS|  return value|
|grp_fu_2571_p_ce             |  out|    1|  ap_ctrl_hs|  Universal_Engine_Kernel<16, half>_Pipeline_CBI_STATS|  return value|
|grp_fu_2575_p_din0           |  out|   16|  ap_ctrl_hs|  Universal_Engine_Kernel<16, half>_Pipeline_CBI_STATS|  return value|
|grp_fu_2575_p_din1           |  out|   16|  ap_ctrl_hs|  Universal_Engine_Kernel<16, half>_Pipeline_CBI_STATS|  return value|
|grp_fu_2575_p_dout0          |   in|   16|  ap_ctrl_hs|  Universal_Engine_Kernel<16, half>_Pipeline_CBI_STATS|  return value|
|grp_fu_2575_p_ce             |  out|    1|  ap_ctrl_hs|  Universal_Engine_Kernel<16, half>_Pipeline_CBI_STATS|  return value|
|grp_fu_2579_p_din0           |  out|   16|  ap_ctrl_hs|  Universal_Engine_Kernel<16, half>_Pipeline_CBI_STATS|  return value|
|grp_fu_2579_p_din1           |  out|   16|  ap_ctrl_hs|  Universal_Engine_Kernel<16, half>_Pipeline_CBI_STATS|  return value|
|grp_fu_2579_p_dout0          |   in|   16|  ap_ctrl_hs|  Universal_Engine_Kernel<16, half>_Pipeline_CBI_STATS|  return value|
|grp_fu_2579_p_ce             |  out|    1|  ap_ctrl_hs|  Universal_Engine_Kernel<16, half>_Pipeline_CBI_STATS|  return value|
|grp_fu_2583_p_din0           |  out|   16|  ap_ctrl_hs|  Universal_Engine_Kernel<16, half>_Pipeline_CBI_STATS|  return value|
|grp_fu_2583_p_din1           |  out|   16|  ap_ctrl_hs|  Universal_Engine_Kernel<16, half>_Pipeline_CBI_STATS|  return value|
|grp_fu_2583_p_dout0          |   in|   16|  ap_ctrl_hs|  Universal_Engine_Kernel<16, half>_Pipeline_CBI_STATS|  return value|
|grp_fu_2583_p_ce             |  out|    1|  ap_ctrl_hs|  Universal_Engine_Kernel<16, half>_Pipeline_CBI_STATS|  return value|
|grp_fu_2587_p_din0           |  out|   16|  ap_ctrl_hs|  Universal_Engine_Kernel<16, half>_Pipeline_CBI_STATS|  return value|
|grp_fu_2587_p_din1           |  out|   16|  ap_ctrl_hs|  Universal_Engine_Kernel<16, half>_Pipeline_CBI_STATS|  return value|
|grp_fu_2587_p_dout0          |   in|   16|  ap_ctrl_hs|  Universal_Engine_Kernel<16, half>_Pipeline_CBI_STATS|  return value|
|grp_fu_2587_p_ce             |  out|    1|  ap_ctrl_hs|  Universal_Engine_Kernel<16, half>_Pipeline_CBI_STATS|  return value|
|grp_fu_2591_p_din0           |  out|   16|  ap_ctrl_hs|  Universal_Engine_Kernel<16, half>_Pipeline_CBI_STATS|  return value|
|grp_fu_2591_p_din1           |  out|   16|  ap_ctrl_hs|  Universal_Engine_Kernel<16, half>_Pipeline_CBI_STATS|  return value|
|grp_fu_2591_p_dout0          |   in|   16|  ap_ctrl_hs|  Universal_Engine_Kernel<16, half>_Pipeline_CBI_STATS|  return value|
|grp_fu_2591_p_ce             |  out|    1|  ap_ctrl_hs|  Universal_Engine_Kernel<16, half>_Pipeline_CBI_STATS|  return value|
|grp_fu_2595_p_din0           |  out|   16|  ap_ctrl_hs|  Universal_Engine_Kernel<16, half>_Pipeline_CBI_STATS|  return value|
|grp_fu_2595_p_din1           |  out|   16|  ap_ctrl_hs|  Universal_Engine_Kernel<16, half>_Pipeline_CBI_STATS|  return value|
|grp_fu_2595_p_dout0          |   in|   16|  ap_ctrl_hs|  Universal_Engine_Kernel<16, half>_Pipeline_CBI_STATS|  return value|
|grp_fu_2595_p_ce             |  out|    1|  ap_ctrl_hs|  Universal_Engine_Kernel<16, half>_Pipeline_CBI_STATS|  return value|
|grp_fu_2599_p_din0           |  out|   16|  ap_ctrl_hs|  Universal_Engine_Kernel<16, half>_Pipeline_CBI_STATS|  return value|
|grp_fu_2599_p_din1           |  out|   16|  ap_ctrl_hs|  Universal_Engine_Kernel<16, half>_Pipeline_CBI_STATS|  return value|
|grp_fu_2599_p_dout0          |   in|   16|  ap_ctrl_hs|  Universal_Engine_Kernel<16, half>_Pipeline_CBI_STATS|  return value|
|grp_fu_2599_p_ce             |  out|    1|  ap_ctrl_hs|  Universal_Engine_Kernel<16, half>_Pipeline_CBI_STATS|  return value|
|grp_fu_2603_p_din0           |  out|   16|  ap_ctrl_hs|  Universal_Engine_Kernel<16, half>_Pipeline_CBI_STATS|  return value|
|grp_fu_2603_p_din1           |  out|   16|  ap_ctrl_hs|  Universal_Engine_Kernel<16, half>_Pipeline_CBI_STATS|  return value|
|grp_fu_2603_p_dout0          |   in|   16|  ap_ctrl_hs|  Universal_Engine_Kernel<16, half>_Pipeline_CBI_STATS|  return value|
|grp_fu_2603_p_ce             |  out|    1|  ap_ctrl_hs|  Universal_Engine_Kernel<16, half>_Pipeline_CBI_STATS|  return value|
|grp_fu_2607_p_din0           |  out|   16|  ap_ctrl_hs|  Universal_Engine_Kernel<16, half>_Pipeline_CBI_STATS|  return value|
|grp_fu_2607_p_din1           |  out|   16|  ap_ctrl_hs|  Universal_Engine_Kernel<16, half>_Pipeline_CBI_STATS|  return value|
|grp_fu_2607_p_dout0          |   in|   16|  ap_ctrl_hs|  Universal_Engine_Kernel<16, half>_Pipeline_CBI_STATS|  return value|
|grp_fu_2607_p_ce             |  out|    1|  ap_ctrl_hs|  Universal_Engine_Kernel<16, half>_Pipeline_CBI_STATS|  return value|
|grp_fu_2611_p_din0           |  out|   16|  ap_ctrl_hs|  Universal_Engine_Kernel<16, half>_Pipeline_CBI_STATS|  return value|
|grp_fu_2611_p_din1           |  out|   16|  ap_ctrl_hs|  Universal_Engine_Kernel<16, half>_Pipeline_CBI_STATS|  return value|
|grp_fu_2611_p_dout0          |   in|   16|  ap_ctrl_hs|  Universal_Engine_Kernel<16, half>_Pipeline_CBI_STATS|  return value|
|grp_fu_2611_p_ce             |  out|    1|  ap_ctrl_hs|  Universal_Engine_Kernel<16, half>_Pipeline_CBI_STATS|  return value|
|grp_fu_2615_p_din0           |  out|   16|  ap_ctrl_hs|  Universal_Engine_Kernel<16, half>_Pipeline_CBI_STATS|  return value|
|grp_fu_2615_p_din1           |  out|   16|  ap_ctrl_hs|  Universal_Engine_Kernel<16, half>_Pipeline_CBI_STATS|  return value|
|grp_fu_2615_p_dout0          |   in|   16|  ap_ctrl_hs|  Universal_Engine_Kernel<16, half>_Pipeline_CBI_STATS|  return value|
|grp_fu_2615_p_ce             |  out|    1|  ap_ctrl_hs|  Universal_Engine_Kernel<16, half>_Pipeline_CBI_STATS|  return value|
|grp_fu_2619_p_din0           |  out|   16|  ap_ctrl_hs|  Universal_Engine_Kernel<16, half>_Pipeline_CBI_STATS|  return value|
|grp_fu_2619_p_din1           |  out|   16|  ap_ctrl_hs|  Universal_Engine_Kernel<16, half>_Pipeline_CBI_STATS|  return value|
|grp_fu_2619_p_dout0          |   in|   16|  ap_ctrl_hs|  Universal_Engine_Kernel<16, half>_Pipeline_CBI_STATS|  return value|
|grp_fu_2619_p_ce             |  out|    1|  ap_ctrl_hs|  Universal_Engine_Kernel<16, half>_Pipeline_CBI_STATS|  return value|
|grp_fu_2623_p_din0           |  out|   16|  ap_ctrl_hs|  Universal_Engine_Kernel<16, half>_Pipeline_CBI_STATS|  return value|
|grp_fu_2623_p_din1           |  out|   16|  ap_ctrl_hs|  Universal_Engine_Kernel<16, half>_Pipeline_CBI_STATS|  return value|
|grp_fu_2623_p_dout0          |   in|   16|  ap_ctrl_hs|  Universal_Engine_Kernel<16, half>_Pipeline_CBI_STATS|  return value|
|grp_fu_2623_p_ce             |  out|    1|  ap_ctrl_hs|  Universal_Engine_Kernel<16, half>_Pipeline_CBI_STATS|  return value|
|grp_fu_2627_p_din0           |  out|   16|  ap_ctrl_hs|  Universal_Engine_Kernel<16, half>_Pipeline_CBI_STATS|  return value|
|grp_fu_2627_p_din1           |  out|   16|  ap_ctrl_hs|  Universal_Engine_Kernel<16, half>_Pipeline_CBI_STATS|  return value|
|grp_fu_2627_p_dout0          |   in|   16|  ap_ctrl_hs|  Universal_Engine_Kernel<16, half>_Pipeline_CBI_STATS|  return value|
|grp_fu_2627_p_ce             |  out|    1|  ap_ctrl_hs|  Universal_Engine_Kernel<16, half>_Pipeline_CBI_STATS|  return value|
|grp_fu_2631_p_din0           |  out|   16|  ap_ctrl_hs|  Universal_Engine_Kernel<16, half>_Pipeline_CBI_STATS|  return value|
|grp_fu_2631_p_din1           |  out|   16|  ap_ctrl_hs|  Universal_Engine_Kernel<16, half>_Pipeline_CBI_STATS|  return value|
|grp_fu_2631_p_dout0          |   in|   16|  ap_ctrl_hs|  Universal_Engine_Kernel<16, half>_Pipeline_CBI_STATS|  return value|
|grp_fu_2631_p_ce             |  out|    1|  ap_ctrl_hs|  Universal_Engine_Kernel<16, half>_Pipeline_CBI_STATS|  return value|
|grp_fu_2635_p_din0           |  out|   16|  ap_ctrl_hs|  Universal_Engine_Kernel<16, half>_Pipeline_CBI_STATS|  return value|
|grp_fu_2635_p_din1           |  out|   16|  ap_ctrl_hs|  Universal_Engine_Kernel<16, half>_Pipeline_CBI_STATS|  return value|
|grp_fu_2635_p_dout0          |   in|   16|  ap_ctrl_hs|  Universal_Engine_Kernel<16, half>_Pipeline_CBI_STATS|  return value|
|grp_fu_2635_p_ce             |  out|    1|  ap_ctrl_hs|  Universal_Engine_Kernel<16, half>_Pipeline_CBI_STATS|  return value|
|grp_fu_2639_p_din0           |  out|   16|  ap_ctrl_hs|  Universal_Engine_Kernel<16, half>_Pipeline_CBI_STATS|  return value|
|grp_fu_2639_p_din1           |  out|   16|  ap_ctrl_hs|  Universal_Engine_Kernel<16, half>_Pipeline_CBI_STATS|  return value|
|grp_fu_2639_p_dout0          |   in|   16|  ap_ctrl_hs|  Universal_Engine_Kernel<16, half>_Pipeline_CBI_STATS|  return value|
|grp_fu_2639_p_ce             |  out|    1|  ap_ctrl_hs|  Universal_Engine_Kernel<16, half>_Pipeline_CBI_STATS|  return value|
|grp_fu_2643_p_din0           |  out|   16|  ap_ctrl_hs|  Universal_Engine_Kernel<16, half>_Pipeline_CBI_STATS|  return value|
|grp_fu_2643_p_din1           |  out|   16|  ap_ctrl_hs|  Universal_Engine_Kernel<16, half>_Pipeline_CBI_STATS|  return value|
|grp_fu_2643_p_dout0          |   in|   16|  ap_ctrl_hs|  Universal_Engine_Kernel<16, half>_Pipeline_CBI_STATS|  return value|
|grp_fu_2643_p_ce             |  out|    1|  ap_ctrl_hs|  Universal_Engine_Kernel<16, half>_Pipeline_CBI_STATS|  return value|
|grp_fu_2647_p_din0           |  out|   16|  ap_ctrl_hs|  Universal_Engine_Kernel<16, half>_Pipeline_CBI_STATS|  return value|
|grp_fu_2647_p_din1           |  out|   16|  ap_ctrl_hs|  Universal_Engine_Kernel<16, half>_Pipeline_CBI_STATS|  return value|
|grp_fu_2647_p_dout0          |   in|   16|  ap_ctrl_hs|  Universal_Engine_Kernel<16, half>_Pipeline_CBI_STATS|  return value|
|grp_fu_2647_p_ce             |  out|    1|  ap_ctrl_hs|  Universal_Engine_Kernel<16, half>_Pipeline_CBI_STATS|  return value|
|grp_fu_2651_p_din0           |  out|   16|  ap_ctrl_hs|  Universal_Engine_Kernel<16, half>_Pipeline_CBI_STATS|  return value|
|grp_fu_2651_p_din1           |  out|   16|  ap_ctrl_hs|  Universal_Engine_Kernel<16, half>_Pipeline_CBI_STATS|  return value|
|grp_fu_2651_p_dout0          |   in|   16|  ap_ctrl_hs|  Universal_Engine_Kernel<16, half>_Pipeline_CBI_STATS|  return value|
|grp_fu_2651_p_ce             |  out|    1|  ap_ctrl_hs|  Universal_Engine_Kernel<16, half>_Pipeline_CBI_STATS|  return value|
|grp_fu_2655_p_din0           |  out|   16|  ap_ctrl_hs|  Universal_Engine_Kernel<16, half>_Pipeline_CBI_STATS|  return value|
|grp_fu_2655_p_din1           |  out|   16|  ap_ctrl_hs|  Universal_Engine_Kernel<16, half>_Pipeline_CBI_STATS|  return value|
|grp_fu_2655_p_dout0          |   in|   16|  ap_ctrl_hs|  Universal_Engine_Kernel<16, half>_Pipeline_CBI_STATS|  return value|
|grp_fu_2655_p_ce             |  out|    1|  ap_ctrl_hs|  Universal_Engine_Kernel<16, half>_Pipeline_CBI_STATS|  return value|
|grp_fu_2659_p_din0           |  out|   16|  ap_ctrl_hs|  Universal_Engine_Kernel<16, half>_Pipeline_CBI_STATS|  return value|
|grp_fu_2659_p_din1           |  out|   16|  ap_ctrl_hs|  Universal_Engine_Kernel<16, half>_Pipeline_CBI_STATS|  return value|
|grp_fu_2659_p_dout0          |   in|   16|  ap_ctrl_hs|  Universal_Engine_Kernel<16, half>_Pipeline_CBI_STATS|  return value|
|grp_fu_2659_p_ce             |  out|    1|  ap_ctrl_hs|  Universal_Engine_Kernel<16, half>_Pipeline_CBI_STATS|  return value|
|grp_fu_2663_p_din0           |  out|   16|  ap_ctrl_hs|  Universal_Engine_Kernel<16, half>_Pipeline_CBI_STATS|  return value|
|grp_fu_2663_p_din1           |  out|   16|  ap_ctrl_hs|  Universal_Engine_Kernel<16, half>_Pipeline_CBI_STATS|  return value|
|grp_fu_2663_p_dout0          |   in|   16|  ap_ctrl_hs|  Universal_Engine_Kernel<16, half>_Pipeline_CBI_STATS|  return value|
|grp_fu_2663_p_ce             |  out|    1|  ap_ctrl_hs|  Universal_Engine_Kernel<16, half>_Pipeline_CBI_STATS|  return value|
|grp_fu_2667_p_din0           |  out|   16|  ap_ctrl_hs|  Universal_Engine_Kernel<16, half>_Pipeline_CBI_STATS|  return value|
|grp_fu_2667_p_din1           |  out|   16|  ap_ctrl_hs|  Universal_Engine_Kernel<16, half>_Pipeline_CBI_STATS|  return value|
|grp_fu_2667_p_dout0          |   in|   16|  ap_ctrl_hs|  Universal_Engine_Kernel<16, half>_Pipeline_CBI_STATS|  return value|
|grp_fu_2667_p_ce             |  out|    1|  ap_ctrl_hs|  Universal_Engine_Kernel<16, half>_Pipeline_CBI_STATS|  return value|
|grp_fu_2671_p_din0           |  out|   16|  ap_ctrl_hs|  Universal_Engine_Kernel<16, half>_Pipeline_CBI_STATS|  return value|
|grp_fu_2671_p_din1           |  out|   16|  ap_ctrl_hs|  Universal_Engine_Kernel<16, half>_Pipeline_CBI_STATS|  return value|
|grp_fu_2671_p_dout0          |   in|   16|  ap_ctrl_hs|  Universal_Engine_Kernel<16, half>_Pipeline_CBI_STATS|  return value|
|grp_fu_2671_p_ce             |  out|    1|  ap_ctrl_hs|  Universal_Engine_Kernel<16, half>_Pipeline_CBI_STATS|  return value|
|grp_fu_2675_p_din0           |  out|   16|  ap_ctrl_hs|  Universal_Engine_Kernel<16, half>_Pipeline_CBI_STATS|  return value|
|grp_fu_2675_p_din1           |  out|   16|  ap_ctrl_hs|  Universal_Engine_Kernel<16, half>_Pipeline_CBI_STATS|  return value|
|grp_fu_2675_p_dout0          |   in|   16|  ap_ctrl_hs|  Universal_Engine_Kernel<16, half>_Pipeline_CBI_STATS|  return value|
|grp_fu_2675_p_ce             |  out|    1|  ap_ctrl_hs|  Universal_Engine_Kernel<16, half>_Pipeline_CBI_STATS|  return value|
|grp_fu_2679_p_din0           |  out|   16|  ap_ctrl_hs|  Universal_Engine_Kernel<16, half>_Pipeline_CBI_STATS|  return value|
|grp_fu_2679_p_din1           |  out|   16|  ap_ctrl_hs|  Universal_Engine_Kernel<16, half>_Pipeline_CBI_STATS|  return value|
|grp_fu_2679_p_dout0          |   in|   16|  ap_ctrl_hs|  Universal_Engine_Kernel<16, half>_Pipeline_CBI_STATS|  return value|
|grp_fu_2679_p_ce             |  out|    1|  ap_ctrl_hs|  Universal_Engine_Kernel<16, half>_Pipeline_CBI_STATS|  return value|
|grp_fu_2683_p_din0           |  out|   16|  ap_ctrl_hs|  Universal_Engine_Kernel<16, half>_Pipeline_CBI_STATS|  return value|
|grp_fu_2683_p_din1           |  out|   16|  ap_ctrl_hs|  Universal_Engine_Kernel<16, half>_Pipeline_CBI_STATS|  return value|
|grp_fu_2683_p_dout0          |   in|   16|  ap_ctrl_hs|  Universal_Engine_Kernel<16, half>_Pipeline_CBI_STATS|  return value|
|grp_fu_2683_p_ce             |  out|    1|  ap_ctrl_hs|  Universal_Engine_Kernel<16, half>_Pipeline_CBI_STATS|  return value|
|grp_fu_2687_p_din0           |  out|   16|  ap_ctrl_hs|  Universal_Engine_Kernel<16, half>_Pipeline_CBI_STATS|  return value|
|grp_fu_2687_p_din1           |  out|   16|  ap_ctrl_hs|  Universal_Engine_Kernel<16, half>_Pipeline_CBI_STATS|  return value|
|grp_fu_2687_p_dout0          |   in|   16|  ap_ctrl_hs|  Universal_Engine_Kernel<16, half>_Pipeline_CBI_STATS|  return value|
|grp_fu_2687_p_ce             |  out|    1|  ap_ctrl_hs|  Universal_Engine_Kernel<16, half>_Pipeline_CBI_STATS|  return value|
|grp_fu_2691_p_din0           |  out|   16|  ap_ctrl_hs|  Universal_Engine_Kernel<16, half>_Pipeline_CBI_STATS|  return value|
|grp_fu_2691_p_din1           |  out|   16|  ap_ctrl_hs|  Universal_Engine_Kernel<16, half>_Pipeline_CBI_STATS|  return value|
|grp_fu_2691_p_dout0          |   in|   16|  ap_ctrl_hs|  Universal_Engine_Kernel<16, half>_Pipeline_CBI_STATS|  return value|
|grp_fu_2691_p_ce             |  out|    1|  ap_ctrl_hs|  Universal_Engine_Kernel<16, half>_Pipeline_CBI_STATS|  return value|
|grp_fu_2695_p_din0           |  out|   16|  ap_ctrl_hs|  Universal_Engine_Kernel<16, half>_Pipeline_CBI_STATS|  return value|
|grp_fu_2695_p_din1           |  out|   16|  ap_ctrl_hs|  Universal_Engine_Kernel<16, half>_Pipeline_CBI_STATS|  return value|
|grp_fu_2695_p_dout0          |   in|   16|  ap_ctrl_hs|  Universal_Engine_Kernel<16, half>_Pipeline_CBI_STATS|  return value|
|grp_fu_2695_p_ce             |  out|    1|  ap_ctrl_hs|  Universal_Engine_Kernel<16, half>_Pipeline_CBI_STATS|  return value|
|grp_fu_2699_p_din0           |  out|   16|  ap_ctrl_hs|  Universal_Engine_Kernel<16, half>_Pipeline_CBI_STATS|  return value|
|grp_fu_2699_p_din1           |  out|   16|  ap_ctrl_hs|  Universal_Engine_Kernel<16, half>_Pipeline_CBI_STATS|  return value|
|grp_fu_2699_p_dout0          |   in|   16|  ap_ctrl_hs|  Universal_Engine_Kernel<16, half>_Pipeline_CBI_STATS|  return value|
|grp_fu_2699_p_ce             |  out|    1|  ap_ctrl_hs|  Universal_Engine_Kernel<16, half>_Pipeline_CBI_STATS|  return value|
|grp_fu_2703_p_din0           |  out|   16|  ap_ctrl_hs|  Universal_Engine_Kernel<16, half>_Pipeline_CBI_STATS|  return value|
|grp_fu_2703_p_din1           |  out|   16|  ap_ctrl_hs|  Universal_Engine_Kernel<16, half>_Pipeline_CBI_STATS|  return value|
|grp_fu_2703_p_dout0          |   in|   16|  ap_ctrl_hs|  Universal_Engine_Kernel<16, half>_Pipeline_CBI_STATS|  return value|
|grp_fu_2703_p_ce             |  out|    1|  ap_ctrl_hs|  Universal_Engine_Kernel<16, half>_Pipeline_CBI_STATS|  return value|
|grp_fu_2707_p_din0           |  out|   16|  ap_ctrl_hs|  Universal_Engine_Kernel<16, half>_Pipeline_CBI_STATS|  return value|
|grp_fu_2707_p_din1           |  out|   16|  ap_ctrl_hs|  Universal_Engine_Kernel<16, half>_Pipeline_CBI_STATS|  return value|
|grp_fu_2707_p_dout0          |   in|   16|  ap_ctrl_hs|  Universal_Engine_Kernel<16, half>_Pipeline_CBI_STATS|  return value|
|grp_fu_2707_p_ce             |  out|    1|  ap_ctrl_hs|  Universal_Engine_Kernel<16, half>_Pipeline_CBI_STATS|  return value|
|grp_fu_2711_p_din0           |  out|   16|  ap_ctrl_hs|  Universal_Engine_Kernel<16, half>_Pipeline_CBI_STATS|  return value|
|grp_fu_2711_p_din1           |  out|   16|  ap_ctrl_hs|  Universal_Engine_Kernel<16, half>_Pipeline_CBI_STATS|  return value|
|grp_fu_2711_p_dout0          |   in|   16|  ap_ctrl_hs|  Universal_Engine_Kernel<16, half>_Pipeline_CBI_STATS|  return value|
|grp_fu_2711_p_ce             |  out|    1|  ap_ctrl_hs|  Universal_Engine_Kernel<16, half>_Pipeline_CBI_STATS|  return value|
|grp_fu_2715_p_din0           |  out|   16|  ap_ctrl_hs|  Universal_Engine_Kernel<16, half>_Pipeline_CBI_STATS|  return value|
|grp_fu_2715_p_din1           |  out|   16|  ap_ctrl_hs|  Universal_Engine_Kernel<16, half>_Pipeline_CBI_STATS|  return value|
|grp_fu_2715_p_dout0          |   in|   16|  ap_ctrl_hs|  Universal_Engine_Kernel<16, half>_Pipeline_CBI_STATS|  return value|
|grp_fu_2715_p_ce             |  out|    1|  ap_ctrl_hs|  Universal_Engine_Kernel<16, half>_Pipeline_CBI_STATS|  return value|
|grp_fu_2719_p_din0           |  out|   16|  ap_ctrl_hs|  Universal_Engine_Kernel<16, half>_Pipeline_CBI_STATS|  return value|
|grp_fu_2719_p_din1           |  out|   16|  ap_ctrl_hs|  Universal_Engine_Kernel<16, half>_Pipeline_CBI_STATS|  return value|
|grp_fu_2719_p_dout0          |   in|   16|  ap_ctrl_hs|  Universal_Engine_Kernel<16, half>_Pipeline_CBI_STATS|  return value|
|grp_fu_2719_p_ce             |  out|    1|  ap_ctrl_hs|  Universal_Engine_Kernel<16, half>_Pipeline_CBI_STATS|  return value|
|grp_fu_2723_p_din0           |  out|   16|  ap_ctrl_hs|  Universal_Engine_Kernel<16, half>_Pipeline_CBI_STATS|  return value|
|grp_fu_2723_p_din1           |  out|   16|  ap_ctrl_hs|  Universal_Engine_Kernel<16, half>_Pipeline_CBI_STATS|  return value|
|grp_fu_2723_p_dout0          |   in|   16|  ap_ctrl_hs|  Universal_Engine_Kernel<16, half>_Pipeline_CBI_STATS|  return value|
|grp_fu_2723_p_ce             |  out|    1|  ap_ctrl_hs|  Universal_Engine_Kernel<16, half>_Pipeline_CBI_STATS|  return value|
|grp_fu_2727_p_din0           |  out|   16|  ap_ctrl_hs|  Universal_Engine_Kernel<16, half>_Pipeline_CBI_STATS|  return value|
|grp_fu_2727_p_din1           |  out|   16|  ap_ctrl_hs|  Universal_Engine_Kernel<16, half>_Pipeline_CBI_STATS|  return value|
|grp_fu_2727_p_dout0          |   in|   16|  ap_ctrl_hs|  Universal_Engine_Kernel<16, half>_Pipeline_CBI_STATS|  return value|
|grp_fu_2727_p_ce             |  out|    1|  ap_ctrl_hs|  Universal_Engine_Kernel<16, half>_Pipeline_CBI_STATS|  return value|
|grp_fu_2731_p_din0           |  out|   16|  ap_ctrl_hs|  Universal_Engine_Kernel<16, half>_Pipeline_CBI_STATS|  return value|
|grp_fu_2731_p_din1           |  out|   16|  ap_ctrl_hs|  Universal_Engine_Kernel<16, half>_Pipeline_CBI_STATS|  return value|
|grp_fu_2731_p_dout0          |   in|   16|  ap_ctrl_hs|  Universal_Engine_Kernel<16, half>_Pipeline_CBI_STATS|  return value|
|grp_fu_2731_p_ce             |  out|    1|  ap_ctrl_hs|  Universal_Engine_Kernel<16, half>_Pipeline_CBI_STATS|  return value|
|grp_fu_2735_p_din0           |  out|   16|  ap_ctrl_hs|  Universal_Engine_Kernel<16, half>_Pipeline_CBI_STATS|  return value|
|grp_fu_2735_p_din1           |  out|   16|  ap_ctrl_hs|  Universal_Engine_Kernel<16, half>_Pipeline_CBI_STATS|  return value|
|grp_fu_2735_p_dout0          |   in|   16|  ap_ctrl_hs|  Universal_Engine_Kernel<16, half>_Pipeline_CBI_STATS|  return value|
|grp_fu_2735_p_ce             |  out|    1|  ap_ctrl_hs|  Universal_Engine_Kernel<16, half>_Pipeline_CBI_STATS|  return value|
|grp_fu_2739_p_din0           |  out|   16|  ap_ctrl_hs|  Universal_Engine_Kernel<16, half>_Pipeline_CBI_STATS|  return value|
|grp_fu_2739_p_din1           |  out|   16|  ap_ctrl_hs|  Universal_Engine_Kernel<16, half>_Pipeline_CBI_STATS|  return value|
|grp_fu_2739_p_dout0          |   in|   16|  ap_ctrl_hs|  Universal_Engine_Kernel<16, half>_Pipeline_CBI_STATS|  return value|
|grp_fu_2739_p_ce             |  out|    1|  ap_ctrl_hs|  Universal_Engine_Kernel<16, half>_Pipeline_CBI_STATS|  return value|
|grp_fu_2743_p_din0           |  out|   16|  ap_ctrl_hs|  Universal_Engine_Kernel<16, half>_Pipeline_CBI_STATS|  return value|
|grp_fu_2743_p_din1           |  out|   16|  ap_ctrl_hs|  Universal_Engine_Kernel<16, half>_Pipeline_CBI_STATS|  return value|
|grp_fu_2743_p_dout0          |   in|   16|  ap_ctrl_hs|  Universal_Engine_Kernel<16, half>_Pipeline_CBI_STATS|  return value|
|grp_fu_2743_p_ce             |  out|    1|  ap_ctrl_hs|  Universal_Engine_Kernel<16, half>_Pipeline_CBI_STATS|  return value|
|m_axi_gmem_x_0_AWVALID       |  out|    1|       m_axi|                                                gmem_x|       pointer|
|m_axi_gmem_x_0_AWREADY       |   in|    1|       m_axi|                                                gmem_x|       pointer|
|m_axi_gmem_x_0_AWADDR        |  out|   64|       m_axi|                                                gmem_x|       pointer|
|m_axi_gmem_x_0_AWID          |  out|    1|       m_axi|                                                gmem_x|       pointer|
|m_axi_gmem_x_0_AWLEN         |  out|   32|       m_axi|                                                gmem_x|       pointer|
|m_axi_gmem_x_0_AWSIZE        |  out|    3|       m_axi|                                                gmem_x|       pointer|
|m_axi_gmem_x_0_AWBURST       |  out|    2|       m_axi|                                                gmem_x|       pointer|
|m_axi_gmem_x_0_AWLOCK        |  out|    2|       m_axi|                                                gmem_x|       pointer|
|m_axi_gmem_x_0_AWCACHE       |  out|    4|       m_axi|                                                gmem_x|       pointer|
|m_axi_gmem_x_0_AWPROT        |  out|    3|       m_axi|                                                gmem_x|       pointer|
|m_axi_gmem_x_0_AWQOS         |  out|    4|       m_axi|                                                gmem_x|       pointer|
|m_axi_gmem_x_0_AWREGION      |  out|    4|       m_axi|                                                gmem_x|       pointer|
|m_axi_gmem_x_0_AWUSER        |  out|    1|       m_axi|                                                gmem_x|       pointer|
|m_axi_gmem_x_0_WVALID        |  out|    1|       m_axi|                                                gmem_x|       pointer|
|m_axi_gmem_x_0_WREADY        |   in|    1|       m_axi|                                                gmem_x|       pointer|
|m_axi_gmem_x_0_WDATA         |  out|  256|       m_axi|                                                gmem_x|       pointer|
|m_axi_gmem_x_0_WSTRB         |  out|   32|       m_axi|                                                gmem_x|       pointer|
|m_axi_gmem_x_0_WLAST         |  out|    1|       m_axi|                                                gmem_x|       pointer|
|m_axi_gmem_x_0_WID           |  out|    1|       m_axi|                                                gmem_x|       pointer|
|m_axi_gmem_x_0_WUSER         |  out|    1|       m_axi|                                                gmem_x|       pointer|
|m_axi_gmem_x_0_ARVALID       |  out|    1|       m_axi|                                                gmem_x|       pointer|
|m_axi_gmem_x_0_ARREADY       |   in|    1|       m_axi|                                                gmem_x|       pointer|
|m_axi_gmem_x_0_ARADDR        |  out|   64|       m_axi|                                                gmem_x|       pointer|
|m_axi_gmem_x_0_ARID          |  out|    1|       m_axi|                                                gmem_x|       pointer|
|m_axi_gmem_x_0_ARLEN         |  out|   32|       m_axi|                                                gmem_x|       pointer|
|m_axi_gmem_x_0_ARSIZE        |  out|    3|       m_axi|                                                gmem_x|       pointer|
|m_axi_gmem_x_0_ARBURST       |  out|    2|       m_axi|                                                gmem_x|       pointer|
|m_axi_gmem_x_0_ARLOCK        |  out|    2|       m_axi|                                                gmem_x|       pointer|
|m_axi_gmem_x_0_ARCACHE       |  out|    4|       m_axi|                                                gmem_x|       pointer|
|m_axi_gmem_x_0_ARPROT        |  out|    3|       m_axi|                                                gmem_x|       pointer|
|m_axi_gmem_x_0_ARQOS         |  out|    4|       m_axi|                                                gmem_x|       pointer|
|m_axi_gmem_x_0_ARREGION      |  out|    4|       m_axi|                                                gmem_x|       pointer|
|m_axi_gmem_x_0_ARUSER        |  out|    1|       m_axi|                                                gmem_x|       pointer|
|m_axi_gmem_x_0_RVALID        |   in|    1|       m_axi|                                                gmem_x|       pointer|
|m_axi_gmem_x_0_RREADY        |  out|    1|       m_axi|                                                gmem_x|       pointer|
|m_axi_gmem_x_0_RDATA         |   in|  256|       m_axi|                                                gmem_x|       pointer|
|m_axi_gmem_x_0_RLAST         |   in|    1|       m_axi|                                                gmem_x|       pointer|
|m_axi_gmem_x_0_RID           |   in|    1|       m_axi|                                                gmem_x|       pointer|
|m_axi_gmem_x_0_RFIFONUM      |   in|   11|       m_axi|                                                gmem_x|       pointer|
|m_axi_gmem_x_0_RUSER         |   in|    1|       m_axi|                                                gmem_x|       pointer|
|m_axi_gmem_x_0_RRESP         |   in|    2|       m_axi|                                                gmem_x|       pointer|
|m_axi_gmem_x_0_BVALID        |   in|    1|       m_axi|                                                gmem_x|       pointer|
|m_axi_gmem_x_0_BREADY        |  out|    1|       m_axi|                                                gmem_x|       pointer|
|m_axi_gmem_x_0_BRESP         |   in|    2|       m_axi|                                                gmem_x|       pointer|
|m_axi_gmem_x_0_BID           |   in|    1|       m_axi|                                                gmem_x|       pointer|
|m_axi_gmem_x_0_BUSER         |   in|    1|       m_axi|                                                gmem_x|       pointer|
|sext_ln332                   |   in|   59|     ap_none|                                            sext_ln332|        scalar|
|pix_address0                 |  out|    4|   ap_memory|                                                   pix|         array|
|pix_ce0                      |  out|    1|   ap_memory|                                                   pix|         array|
|pix_we0                      |  out|    1|   ap_memory|                                                   pix|         array|
|pix_d0                       |  out|  256|   ap_memory|                                                   pix|         array|
|mux_case_1390266_out         |  out|   16|      ap_vld|                                  mux_case_1390266_out|       pointer|
|mux_case_1390266_out_ap_vld  |  out|    1|      ap_vld|                                  mux_case_1390266_out|       pointer|
|mux_case_1288263_out         |  out|   16|      ap_vld|                                  mux_case_1288263_out|       pointer|
|mux_case_1288263_out_ap_vld  |  out|    1|      ap_vld|                                  mux_case_1288263_out|       pointer|
|mux_case_1186260_out         |  out|   16|      ap_vld|                                  mux_case_1186260_out|       pointer|
|mux_case_1186260_out_ap_vld  |  out|    1|      ap_vld|                                  mux_case_1186260_out|       pointer|
|mux_case_1084257_out         |  out|   16|      ap_vld|                                  mux_case_1084257_out|       pointer|
|mux_case_1084257_out_ap_vld  |  out|    1|      ap_vld|                                  mux_case_1084257_out|       pointer|
|mux_case_982254_out          |  out|   16|      ap_vld|                                   mux_case_982254_out|       pointer|
|mux_case_982254_out_ap_vld   |  out|    1|      ap_vld|                                   mux_case_982254_out|       pointer|
|mux_case_880251_out          |  out|   16|      ap_vld|                                   mux_case_880251_out|       pointer|
|mux_case_880251_out_ap_vld   |  out|    1|      ap_vld|                                   mux_case_880251_out|       pointer|
|mux_case_778248_out          |  out|   16|      ap_vld|                                   mux_case_778248_out|       pointer|
|mux_case_778248_out_ap_vld   |  out|    1|      ap_vld|                                   mux_case_778248_out|       pointer|
|mux_case_676245_out          |  out|   16|      ap_vld|                                   mux_case_676245_out|       pointer|
|mux_case_676245_out_ap_vld   |  out|    1|      ap_vld|                                   mux_case_676245_out|       pointer|
|mux_case_574242_out          |  out|   16|      ap_vld|                                   mux_case_574242_out|       pointer|
|mux_case_574242_out_ap_vld   |  out|    1|      ap_vld|                                   mux_case_574242_out|       pointer|
|mux_case_472239_out          |  out|   16|      ap_vld|                                   mux_case_472239_out|       pointer|
|mux_case_472239_out_ap_vld   |  out|    1|      ap_vld|                                   mux_case_472239_out|       pointer|
|mux_case_370236_out          |  out|   16|      ap_vld|                                   mux_case_370236_out|       pointer|
|mux_case_370236_out_ap_vld   |  out|    1|      ap_vld|                                   mux_case_370236_out|       pointer|
|mux_case_268233_out          |  out|   16|      ap_vld|                                   mux_case_268233_out|       pointer|
|mux_case_268233_out_ap_vld   |  out|    1|      ap_vld|                                   mux_case_268233_out|       pointer|
|mux_case_166230_out          |  out|   16|      ap_vld|                                   mux_case_166230_out|       pointer|
|mux_case_166230_out_ap_vld   |  out|    1|      ap_vld|                                   mux_case_166230_out|       pointer|
|mux_case_064227_out          |  out|   16|      ap_vld|                                   mux_case_064227_out|       pointer|
|mux_case_064227_out_ap_vld   |  out|    1|      ap_vld|                                   mux_case_064227_out|       pointer|
|mux_case_13224_out           |  out|   16|      ap_vld|                                    mux_case_13224_out|       pointer|
|mux_case_13224_out_ap_vld    |  out|    1|      ap_vld|                                    mux_case_13224_out|       pointer|
|mux_case_12221_out           |  out|   16|      ap_vld|                                    mux_case_12221_out|       pointer|
|mux_case_12221_out_ap_vld    |  out|    1|      ap_vld|                                    mux_case_12221_out|       pointer|
|mux_case_11218_out           |  out|   16|      ap_vld|                                    mux_case_11218_out|       pointer|
|mux_case_11218_out_ap_vld    |  out|    1|      ap_vld|                                    mux_case_11218_out|       pointer|
|mux_case_10215_out           |  out|   16|      ap_vld|                                    mux_case_10215_out|       pointer|
|mux_case_10215_out_ap_vld    |  out|    1|      ap_vld|                                    mux_case_10215_out|       pointer|
|mux_case_9212_out            |  out|   16|      ap_vld|                                     mux_case_9212_out|       pointer|
|mux_case_9212_out_ap_vld     |  out|    1|      ap_vld|                                     mux_case_9212_out|       pointer|
|mux_case_8209_out            |  out|   16|      ap_vld|                                     mux_case_8209_out|       pointer|
|mux_case_8209_out_ap_vld     |  out|    1|      ap_vld|                                     mux_case_8209_out|       pointer|
|mux_case_7206_out            |  out|   16|      ap_vld|                                     mux_case_7206_out|       pointer|
|mux_case_7206_out_ap_vld     |  out|    1|      ap_vld|                                     mux_case_7206_out|       pointer|
|mux_case_6203_out            |  out|   16|      ap_vld|                                     mux_case_6203_out|       pointer|
|mux_case_6203_out_ap_vld     |  out|    1|      ap_vld|                                     mux_case_6203_out|       pointer|
|mux_case_5200_out            |  out|   16|      ap_vld|                                     mux_case_5200_out|       pointer|
|mux_case_5200_out_ap_vld     |  out|    1|      ap_vld|                                     mux_case_5200_out|       pointer|
|mux_case_4197_out            |  out|   16|      ap_vld|                                     mux_case_4197_out|       pointer|
|mux_case_4197_out_ap_vld     |  out|    1|      ap_vld|                                     mux_case_4197_out|       pointer|
|mux_case_3194_out            |  out|   16|      ap_vld|                                     mux_case_3194_out|       pointer|
|mux_case_3194_out_ap_vld     |  out|    1|      ap_vld|                                     mux_case_3194_out|       pointer|
|mux_case_2191_out            |  out|   16|      ap_vld|                                     mux_case_2191_out|       pointer|
|mux_case_2191_out_ap_vld     |  out|    1|      ap_vld|                                     mux_case_2191_out|       pointer|
|mux_case_1188_out            |  out|   16|      ap_vld|                                     mux_case_1188_out|       pointer|
|mux_case_1188_out_ap_vld     |  out|    1|      ap_vld|                                     mux_case_1188_out|       pointer|
|mux_case_0185_out            |  out|   16|      ap_vld|                                     mux_case_0185_out|       pointer|
|mux_case_0185_out_ap_vld     |  out|    1|      ap_vld|                                     mux_case_0185_out|       pointer|
+-----------------------------+-----+-----+------------+------------------------------------------------------+--------------+

