

================================================================
== Vitis HLS Report for 'UpConv_Fused_Row_8_s'
================================================================
* Date:           Sun Jun  7 09:51:06 2026

* Version:        2024.2 (Build 5238294 on Nov  8 2024)
* Project:        prj_fill
* Solution:       solution1 (Vitis Kernel Flow Target)
* Product family: zynquplus
* Target device:  xczu7ev-ffvc1156-2-e


================================================================
== Performance Estimates
================================================================
+ Timing: 
    * Summary: 
    +--------+---------+----------+------------+
    |  Clock |  Target | Estimated| Uncertainty|
    +--------+---------+----------+------------+
    |ap_clk  |  3.33 ns|  3.239 ns|     0.90 ns|
    +--------+---------+----------+------------+

+ Latency: 
    * Summary: 
    +---------+---------+----------+----------+------+---------+---------+
    |  Latency (cycles) |  Latency (absolute) |    Interval    | Pipeline|
    |   min   |   max   |    min   |    max   |  min |   max   |   Type  |
    +---------+---------+----------+----------+------+---------+---------+
    |     2806|  2878154|  9.352 us|  9.593 ms|  2806|  2878154|       no|
    +---------+---------+----------+----------+------+---------+---------+

    + Detail: 
        * Instance: 
        +------------------------------------------------------+-------------------------------------------+---------+---------+----------+-----------+------+---------+------------------------------------------------+
        |                                                      |                                           |  Latency (cycles) |  Latency (absolute)  |    Interval    |                    Pipeline                    |
        |                       Instance                       |                   Module                  |   min   |   max   |    min   |    max    |  min |   max   |                      Type                      |
        +------------------------------------------------------+-------------------------------------------+---------+---------+----------+-----------+------+---------+------------------------------------------------+
        |grp_UpConv_Fused_Row_8_Pipeline_RESET_ROW_ACC_fu_274  |UpConv_Fused_Row_8_Pipeline_RESET_ROW_ACC  |      130|     1026|  0.433 us|   3.420 us|   129|     1025|  loop auto-rewind stp (delay=0 clock cycles(s))|
        |grp_UpConv_Fused_Row_8_Pipeline_LOAD_PARAMS_fu_312    |UpConv_Fused_Row_8_Pipeline_LOAD_PARAMS    |       86|      164|  0.287 us|   0.547 us|    15|       93|  loop auto-rewind stp (delay=0 clock cycles(s))|
        |grp_dataflow_parent_loop_proc_fu_334                  |dataflow_parent_loop_proc                  |      347|  2853807|  1.157 us|   9.512 ms|   347|  2853807|                                              no|
        |grp_UpConv_Fused_Row_8_Pipeline_PIXEL_STATS_fu_387    |UpConv_Fused_Row_8_Pipeline_PIXEL_STATS    |     2099|    15539|  6.996 us|  51.791 us|  1921|    15361|  loop auto-rewind stp (delay=0 clock cycles(s))|
        |grp_UpConv_Fused_Row_8_Pipeline_PIXEL_NORM_fu_432     |UpConv_Fused_Row_8_Pipeline_PIXEL_NORM     |      221|     7773|  0.737 us|  25.907 us|   129|     7681|  loop auto-rewind stp (delay=0 clock cycles(s))|
        +------------------------------------------------------+-------------------------------------------+---------+---------+----------+-----------+------+---------+------------------------------------------------+

        * Loop: 
        N/A



================================================================
== Utilization Estimates
================================================================
* Summary: 
+-----------------+---------+------+--------+--------+-----+
|       Name      | BRAM_18K|  DSP |   FF   |   LUT  | URAM|
+-----------------+---------+------+--------+--------+-----+
|DSP              |        -|     -|       -|       -|    -|
|Expression       |        -|     -|       0|      64|    -|
|FIFO             |        -|     -|       -|       -|    -|
|Instance         |        -|   509|   75537|   63814|   32|
|Memory           |       24|     -|      96|     192|   32|
|Multiplexer      |        -|     -|       0|    2242|    -|
|Register         |        -|     -|     176|       -|    -|
+-----------------+---------+------+--------+--------+-----+
|Total            |       24|   509|   75809|   66312|   64|
+-----------------+---------+------+--------+--------+-----+
|Available        |      624|  1728|  460800|  230400|   96|
+-----------------+---------+------+--------+--------+-----+
|Utilization (%)  |        3|    29|      16|      28|   66|
+-----------------+---------+------+--------+--------+-----+

+ Detail: 
    * Instance: 
    +------------------------------------------------------+-------------------------------------------+---------+-----+-------+-------+-----+
    |                       Instance                       |                   Module                  | BRAM_18K| DSP |   FF  |  LUT  | URAM|
    +------------------------------------------------------+-------------------------------------------+---------+-----+-------+-------+-----+
    |grp_UpConv_Fused_Row_8_Pipeline_LOAD_PARAMS_fu_312    |UpConv_Fused_Row_8_Pipeline_LOAD_PARAMS    |        0|    0|   1165|    696|    0|
    |grp_UpConv_Fused_Row_8_Pipeline_PIXEL_NORM_fu_432     |UpConv_Fused_Row_8_Pipeline_PIXEL_NORM     |        0|  128|  10714|   6947|    0|
    |grp_UpConv_Fused_Row_8_Pipeline_PIXEL_STATS_fu_387    |UpConv_Fused_Row_8_Pipeline_PIXEL_STATS    |        0|   42|  11745|   6109|    0|
    |grp_UpConv_Fused_Row_8_Pipeline_RESET_ROW_ACC_fu_274  |UpConv_Fused_Row_8_Pipeline_RESET_ROW_ACC  |        0|    0|     85|    311|    0|
    |grp_dataflow_parent_loop_proc_fu_334                  |dataflow_parent_loop_proc                  |        0|  337|  51719|  49508|   32|
    |hadd_16ns_16ns_16_5_full_dsp_1_U1950                  |hadd_16ns_16ns_16_5_full_dsp_1             |        0|    2|    109|    113|    0|
    |hptosp_16ns_32_2_no_dsp_1_U1945                       |hptosp_16ns_32_2_no_dsp_1                  |        0|    0|      0|      0|    0|
    |mul_8ns_5ns_12_1_1_U1946                              |mul_8ns_5ns_12_1_1                         |        0|    0|      0|     40|    0|
    |mul_8ns_8ns_15_1_1_U1948                              |mul_8ns_8ns_15_1_1                         |        0|    0|      0|     40|    0|
    |mul_9ns_8ns_16_1_1_U1947                              |mul_9ns_8ns_16_1_1                         |        0|    0|      0|     50|    0|
    |sitofp_32ns_32_7_no_dsp_1_U1944                       |sitofp_32ns_32_7_no_dsp_1                  |        0|    0|      0|      0|    0|
    |sptohp_32ns_16_2_no_dsp_1_U1949                       |sptohp_32ns_16_2_no_dsp_1                  |        0|    0|      0|      0|    0|
    +------------------------------------------------------+-------------------------------------------+---------+-----+-------+-------+-----+
    |Total                                                 |                                           |        0|  509|  75537|  63814|   32|
    +------------------------------------------------------+-------------------------------------------+---------+-----+-------+-------+-----+

    * DSP: 
    N/A

    * Memory: 
    +-------------------------------------------------------------------------------------------------------------------------------------------------------------------+----------------------------------------------------------------------------------+---------+----+-----+-----+------+-----+------+-------------+
    |                                                                               Memory                                                                              |                                      Module                                      | BRAM_18K| FF | LUT | URAM| Words| Bits| Banks| W*Bits*Banks|
    +-------------------------------------------------------------------------------------------------------------------------------------------------------------------+----------------------------------------------------------------------------------+---------+----+-----+-----+------+-----+------+-------------+
    |b_buf_U                                                                                                                                                            |UpConv_Fused_Row_8_s_b_buf_RAM_T2P_BRAM_1R1W                                      |        8|   0|    0|    0|    30|  256|     1|         7680|
    |g_buf_U                                                                                                                                                            |UpConv_Fused_Row_8_s_b_buf_RAM_T2P_BRAM_1R1W                                      |        8|   0|    0|    0|    30|  256|     1|         7680|
    |be_buf_U                                                                                                                                                           |UpConv_Fused_Row_8_s_b_buf_RAM_T2P_BRAM_1R1W                                      |        8|   0|    0|    0|    30|  256|     1|         7680|
    |inv_buf_U                                                                                                                                                          |UpConv_Fused_Row_8_s_inv_buf_RAM_2P_LUTRAM_1R1W                                   |        0|  32|   64|    0|   256|   16|     1|         4096|
    |mean_buf_U                                                                                                                                                         |UpConv_Fused_Row_8_s_mean_buf_RAM_2P_LUTRAM_1R1W                                  |        0|  64|  128|    0|   256|   32|     1|         8192|
    |void_UpConv_Fused_Row_ap_uint_ap_uint_const_ap_uint_const_ap_uint_const_ap_u_9_U                                                                                   |UpConv_Fused_Row_8_s_void_UpConv_Fused_Row_ap_uint_ap_uint_const_ap_uint_consrcU  |        0|   0|    0|    2|  7680|   16|     1|       122880|
    |void_UpConv_Fused_Row_ap_uint_ap_uint_const_ap_uint_const_ap_uint_const_ap_u_8_U                                                                                   |UpConv_Fused_Row_8_s_void_UpConv_Fused_Row_ap_uint_ap_uint_const_ap_uint_consrcU  |        0|   0|    0|    2|  7680|   16|     1|       122880|
    |void_UpConv_Fused_Row_ap_uint_ap_uint_const_ap_uint_const_ap_uint_const_ap_u_7_U                                                                                   |UpConv_Fused_Row_8_s_void_UpConv_Fused_Row_ap_uint_ap_uint_const_ap_uint_consrcU  |        0|   0|    0|    2|  7680|   16|     1|       122880|
    |void_UpConv_Fused_Row_ap_uint_ap_uint_const_ap_uint_const_ap_uint_const_ap_u_6_U                                                                                   |UpConv_Fused_Row_8_s_void_UpConv_Fused_Row_ap_uint_ap_uint_const_ap_uint_consrcU  |        0|   0|    0|    2|  7680|   16|     1|       122880|
    |void_UpConv_Fused_Row_ap_uint_ap_uint_const_ap_uint_const_ap_uint_const_ap_u_5_U                                                                                   |UpConv_Fused_Row_8_s_void_UpConv_Fused_Row_ap_uint_ap_uint_const_ap_uint_consrcU  |        0|   0|    0|    2|  7680|   16|     1|       122880|
    |void_UpConv_Fused_Row_ap_uint_ap_uint_const_ap_uint_const_ap_uint_const_ap_u_4_U                                                                                   |UpConv_Fused_Row_8_s_void_UpConv_Fused_Row_ap_uint_ap_uint_const_ap_uint_consrcU  |        0|   0|    0|    2|  7680|   16|     1|       122880|
    |void_UpConv_Fused_Row_ap_uint_ap_uint_const_ap_uint_const_ap_uint_const_ap_u_3_U                                                                                   |UpConv_Fused_Row_8_s_void_UpConv_Fused_Row_ap_uint_ap_uint_const_ap_uint_consrcU  |        0|   0|    0|    2|  7680|   16|     1|       122880|
    |void_UpConv_Fused_Row_ap_uint_ap_uint_const_ap_uint_const_ap_uint_const_ap_u_2_U                                                                                   |UpConv_Fused_Row_8_s_void_UpConv_Fused_Row_ap_uint_ap_uint_const_ap_uint_consrcU  |        0|   0|    0|    2|  7680|   16|     1|       122880|
    |void_UpConv_Fused_Row_ap_uint_ap_uint_const_ap_uint_const_ap_uint_const_ap_u_1_U                                                                                   |UpConv_Fused_Row_8_s_void_UpConv_Fused_Row_ap_uint_ap_uint_const_ap_uint_consrcU  |        0|   0|    0|    2|  7680|   16|     1|       122880|
    |void_UpConv_Fused_Row_ap_uint_ap_uint_const_ap_uint_const_ap_uint_const_ap_u_U                                                                                     |UpConv_Fused_Row_8_s_void_UpConv_Fused_Row_ap_uint_ap_uint_const_ap_uint_consrcU  |        0|   0|    0|    2|  7680|   16|     1|       122880|
    |void_UpConv_Fused_Row_8_ap_uint_256_ap_uint_256_const_ap_uint_256_const_ap_uint_256_const_ap_uint_256_const_ap_uint_256_decimal16_int_int_int_int_int_row_acc_U    |UpConv_Fused_Row_8_s_void_UpConv_Fused_Row_ap_uint_ap_uint_const_ap_uint_consrcU  |        0|   0|    0|    2|  7680|   16|     1|       122880|
    |void_UpConv_Fused_Row_8_ap_uint_256_ap_uint_256_const_ap_uint_256_const_ap_uint_256_const_ap_uint_256_const_ap_uint_256_decimal16_int_int_int_int_int_row_acc_0_U  |UpConv_Fused_Row_8_s_void_UpConv_Fused_Row_ap_uint_ap_uint_const_ap_uint_consrcU  |        0|   0|    0|    2|  7680|   16|     1|       122880|
    |void_UpConv_Fused_Row_8_ap_uint_256_ap_uint_256_const_ap_uint_256_const_ap_uint_256_const_ap_uint_256_const_ap_uint_256_decimal16_int_int_int_int_int_row_acc_1_U  |UpConv_Fused_Row_8_s_void_UpConv_Fused_Row_ap_uint_ap_uint_const_ap_uint_consrcU  |        0|   0|    0|    2|  7680|   16|     1|       122880|
    |void_UpConv_Fused_Row_8_ap_uint_256_ap_uint_256_const_ap_uint_256_const_ap_uint_256_const_ap_uint_256_const_ap_uint_256_decimal16_int_int_int_int_int_row_acc_2_U  |UpConv_Fused_Row_8_s_void_UpConv_Fused_Row_ap_uint_ap_uint_const_ap_uint_consrcU  |        0|   0|    0|    2|  7680|   16|     1|       122880|
    |void_UpConv_Fused_Row_8_ap_uint_256_ap_uint_256_const_ap_uint_256_const_ap_uint_256_const_ap_uint_256_const_ap_uint_256_decimal16_int_int_int_int_int_row_acc_3_U  |UpConv_Fused_Row_8_s_void_UpConv_Fused_Row_ap_uint_ap_uint_const_ap_uint_consrcU  |        0|   0|    0|    2|  7680|   16|     1|       122880|
    |void_UpConv_Fused_Row_8_ap_uint_256_ap_uint_256_const_ap_uint_256_const_ap_uint_256_const_ap_uint_256_const_ap_uint_256_decimal16_int_int_int_int_int_row_acc_4_U  |UpConv_Fused_Row_8_s_void_UpConv_Fused_Row_ap_uint_ap_uint_const_ap_uint_consrcU  |        0|   0|    0|    2|  7680|   16|     1|       122880|
    +-------------------------------------------------------------------------------------------------------------------------------------------------------------------+----------------------------------------------------------------------------------+---------+----+-----+-----+------+-----+------+-------------+
    |Total                                                                                                                                                              |                                                                                  |       24|  96|  192|   32|123482| 1072|    21|      2001408|
    +-------------------------------------------------------------------------------------------------------------------------------------------------------------------+----------------------------------------------------------------------------------+---------+----+-----+-----+------+-----+------+-------------+

    * FIFO: 
    N/A

    * Expression: 
    +-------------------------------------------------------+----------+----+---+----+------------+------------+
    |                     Variable Name                     | Operation| DSP| FF| LUT| Bitwidth P0| Bitwidth P1|
    +-------------------------------------------------------+----------+----+---+----+------------+------------+
    |add_ln178_fu_498_p2                                    |         +|   0|  0|  16|           9|           4|
    |add_ln180_fu_541_p2                                    |         +|   0|  0|  16|           9|           3|
    |sub16_fu_527_p2                                        |         +|   0|  0|  12|           5|           2|
    |sub88_fu_569_p2                                        |         +|   0|  0|  16|           9|           2|
    |ap_block_state4_on_subcall_done                        |        or|   0|  0|   2|           1|           1|
    |ap_sync_grp_dataflow_parent_loop_proc_fu_334_ap_ready  |        or|   0|  0|   2|           1|           1|
    +-------------------------------------------------------+----------+----+---+----+------------+------------+
    |Total                                                  |          |   0|  0|  64|          34|          13|
    +-------------------------------------------------------+----------+----+---+----+------------+------------+

    * Multiplexer: 
    +--------------------------------------------------------------------------------------------------------------------------------------------------------------------------+----+-----------+-----+-----------+
    |                                                                                   Name                                                                                   | LUT| Input Size| Bits| Total Bits|
    +--------------------------------------------------------------------------------------------------------------------------------------------------------------------------+----+-----------+-----+-----------+
    |ap_NS_fsm                                                                                                                                                                 |  59|         11|    1|         11|
    |b_buf_address0                                                                                                                                                            |  14|          3|    5|         15|
    |b_buf_ce0                                                                                                                                                                 |  14|          3|    1|          3|
    |b_buf_we0                                                                                                                                                                 |   9|          2|    1|          2|
    |be_buf_address0                                                                                                                                                           |  14|          3|    5|         15|
    |be_buf_ce0                                                                                                                                                                |  14|          3|    1|          3|
    |be_buf_we0                                                                                                                                                                |   9|          2|    1|          2|
    |g_buf_address0                                                                                                                                                            |  14|          3|    5|         15|
    |g_buf_ce0                                                                                                                                                                 |  14|          3|    1|          3|
    |g_buf_we0                                                                                                                                                                 |   9|          2|    1|          2|
    |grp_fu_489_ce                                                                                                                                                             |  14|          3|    1|          3|
    |grp_fu_489_p0                                                                                                                                                             |  14|          3|   16|         48|
    |grp_fu_756_ce                                                                                                                                                             |  14|          3|    1|          3|
    |grp_fu_756_p0                                                                                                                                                             |  14|          3|   32|         96|
    |grp_fu_759_ce                                                                                                                                                             |  14|          3|    1|          3|
    |grp_fu_759_p0                                                                                                                                                             |  14|          3|   16|         48|
    |grp_fu_759_p1                                                                                                                                                             |  14|          3|   16|         48|
    |inv_buf_ce0                                                                                                                                                               |   9|          2|    1|          2|
    |inv_buf_ce1                                                                                                                                                               |   9|          2|    1|          2|
    |inv_buf_we1                                                                                                                                                               |   9|          2|    1|          2|
    |mean_buf_ce0                                                                                                                                                              |   9|          2|    1|          2|
    |mean_buf_ce1                                                                                                                                                              |   9|          2|    1|          2|
    |mean_buf_we1                                                                                                                                                              |   9|          2|    1|          2|
    |void_UpConv_Fused_Row_8_ap_uint_256_ap_uint_256_const_ap_uint_256_const_ap_uint_256_const_ap_uint_256_const_ap_uint_256_decimal16_int_int_int_int_int_row_acc_0_address0  |  26|          5|   13|         65|
    |void_UpConv_Fused_Row_8_ap_uint_256_ap_uint_256_const_ap_uint_256_const_ap_uint_256_const_ap_uint_256_const_ap_uint_256_decimal16_int_int_int_int_int_row_acc_0_address1  |  14|          3|   13|         39|
    |void_UpConv_Fused_Row_8_ap_uint_256_ap_uint_256_const_ap_uint_256_const_ap_uint_256_const_ap_uint_256_const_ap_uint_256_decimal16_int_int_int_int_int_row_acc_0_ce0       |  26|          5|    1|          5|
    |void_UpConv_Fused_Row_8_ap_uint_256_ap_uint_256_const_ap_uint_256_const_ap_uint_256_const_ap_uint_256_const_ap_uint_256_decimal16_int_int_int_int_int_row_acc_0_ce1       |  14|          3|    1|          3|
    |void_UpConv_Fused_Row_8_ap_uint_256_ap_uint_256_const_ap_uint_256_const_ap_uint_256_const_ap_uint_256_const_ap_uint_256_decimal16_int_int_int_int_int_row_acc_0_d0        |  20|          4|   16|         64|
    |void_UpConv_Fused_Row_8_ap_uint_256_ap_uint_256_const_ap_uint_256_const_ap_uint_256_const_ap_uint_256_const_ap_uint_256_decimal16_int_int_int_int_int_row_acc_0_we0       |  20|          4|    1|          4|
    |void_UpConv_Fused_Row_8_ap_uint_256_ap_uint_256_const_ap_uint_256_const_ap_uint_256_const_ap_uint_256_const_ap_uint_256_decimal16_int_int_int_int_int_row_acc_1_address0  |  26|          5|   13|         65|
    |void_UpConv_Fused_Row_8_ap_uint_256_ap_uint_256_const_ap_uint_256_const_ap_uint_256_const_ap_uint_256_const_ap_uint_256_decimal16_int_int_int_int_int_row_acc_1_address1  |  14|          3|   13|         39|
    |void_UpConv_Fused_Row_8_ap_uint_256_ap_uint_256_const_ap_uint_256_const_ap_uint_256_const_ap_uint_256_const_ap_uint_256_decimal16_int_int_int_int_int_row_acc_1_ce0       |  26|          5|    1|          5|
    |void_UpConv_Fused_Row_8_ap_uint_256_ap_uint_256_const_ap_uint_256_const_ap_uint_256_const_ap_uint_256_const_ap_uint_256_decimal16_int_int_int_int_int_row_acc_1_ce1       |  14|          3|    1|          3|
    |void_UpConv_Fused_Row_8_ap_uint_256_ap_uint_256_const_ap_uint_256_const_ap_uint_256_const_ap_uint_256_const_ap_uint_256_decimal16_int_int_int_int_int_row_acc_1_d0        |  20|          4|   16|         64|
    |void_UpConv_Fused_Row_8_ap_uint_256_ap_uint_256_const_ap_uint_256_const_ap_uint_256_const_ap_uint_256_const_ap_uint_256_decimal16_int_int_int_int_int_row_acc_1_we0       |  20|          4|    1|          4|
    |void_UpConv_Fused_Row_8_ap_uint_256_ap_uint_256_const_ap_uint_256_const_ap_uint_256_const_ap_uint_256_const_ap_uint_256_decimal16_int_int_int_int_int_row_acc_2_address0  |  26|          5|   13|         65|
    |void_UpConv_Fused_Row_8_ap_uint_256_ap_uint_256_const_ap_uint_256_const_ap_uint_256_const_ap_uint_256_const_ap_uint_256_decimal16_int_int_int_int_int_row_acc_2_address1  |  14|          3|   13|         39|
    |void_UpConv_Fused_Row_8_ap_uint_256_ap_uint_256_const_ap_uint_256_const_ap_uint_256_const_ap_uint_256_const_ap_uint_256_decimal16_int_int_int_int_int_row_acc_2_ce0       |  26|          5|    1|          5|
    |void_UpConv_Fused_Row_8_ap_uint_256_ap_uint_256_const_ap_uint_256_const_ap_uint_256_const_ap_uint_256_const_ap_uint_256_decimal16_int_int_int_int_int_row_acc_2_ce1       |  14|          3|    1|          3|
    |void_UpConv_Fused_Row_8_ap_uint_256_ap_uint_256_const_ap_uint_256_const_ap_uint_256_const_ap_uint_256_const_ap_uint_256_decimal16_int_int_int_int_int_row_acc_2_d0        |  20|          4|   16|         64|
    |void_UpConv_Fused_Row_8_ap_uint_256_ap_uint_256_const_ap_uint_256_const_ap_uint_256_const_ap_uint_256_const_ap_uint_256_decimal16_int_int_int_int_int_row_acc_2_we0       |  20|          4|    1|          4|
    |void_UpConv_Fused_Row_8_ap_uint_256_ap_uint_256_const_ap_uint_256_const_ap_uint_256_const_ap_uint_256_const_ap_uint_256_decimal16_int_int_int_int_int_row_acc_3_address0  |  26|          5|   13|         65|
    |void_UpConv_Fused_Row_8_ap_uint_256_ap_uint_256_const_ap_uint_256_const_ap_uint_256_const_ap_uint_256_const_ap_uint_256_decimal16_int_int_int_int_int_row_acc_3_address1  |  14|          3|   13|         39|
    |void_UpConv_Fused_Row_8_ap_uint_256_ap_uint_256_const_ap_uint_256_const_ap_uint_256_const_ap_uint_256_const_ap_uint_256_decimal16_int_int_int_int_int_row_acc_3_ce0       |  26|          5|    1|          5|
    |void_UpConv_Fused_Row_8_ap_uint_256_ap_uint_256_const_ap_uint_256_const_ap_uint_256_const_ap_uint_256_const_ap_uint_256_decimal16_int_int_int_int_int_row_acc_3_ce1       |  14|          3|    1|          3|
    |void_UpConv_Fused_Row_8_ap_uint_256_ap_uint_256_const_ap_uint_256_const_ap_uint_256_const_ap_uint_256_const_ap_uint_256_decimal16_int_int_int_int_int_row_acc_3_d0        |  20|          4|   16|         64|
    |void_UpConv_Fused_Row_8_ap_uint_256_ap_uint_256_const_ap_uint_256_const_ap_uint_256_const_ap_uint_256_const_ap_uint_256_decimal16_int_int_int_int_int_row_acc_3_we0       |  20|          4|    1|          4|
    |void_UpConv_Fused_Row_8_ap_uint_256_ap_uint_256_const_ap_uint_256_const_ap_uint_256_const_ap_uint_256_const_ap_uint_256_decimal16_int_int_int_int_int_row_acc_4_address0  |  26|          5|   13|         65|
    |void_UpConv_Fused_Row_8_ap_uint_256_ap_uint_256_const_ap_uint_256_const_ap_uint_256_const_ap_uint_256_const_ap_uint_256_decimal16_int_int_int_int_int_row_acc_4_address1  |  14|          3|   13|         39|
    |void_UpConv_Fused_Row_8_ap_uint_256_ap_uint_256_const_ap_uint_256_const_ap_uint_256_const_ap_uint_256_const_ap_uint_256_decimal16_int_int_int_int_int_row_acc_4_ce0       |  26|          5|    1|          5|
    |void_UpConv_Fused_Row_8_ap_uint_256_ap_uint_256_const_ap_uint_256_const_ap_uint_256_const_ap_uint_256_const_ap_uint_256_decimal16_int_int_int_int_int_row_acc_4_ce1       |  14|          3|    1|          3|
    |void_UpConv_Fused_Row_8_ap_uint_256_ap_uint_256_const_ap_uint_256_const_ap_uint_256_const_ap_uint_256_const_ap_uint_256_decimal16_int_int_int_int_int_row_acc_4_d0        |  20|          4|   16|         64|
    |void_UpConv_Fused_Row_8_ap_uint_256_ap_uint_256_const_ap_uint_256_const_ap_uint_256_const_ap_uint_256_const_ap_uint_256_decimal16_int_int_int_int_int_row_acc_4_we0       |  20|          4|    1|          4|
    |void_UpConv_Fused_Row_8_ap_uint_256_ap_uint_256_const_ap_uint_256_const_ap_uint_256_const_ap_uint_256_const_ap_uint_256_decimal16_int_int_int_int_int_row_acc_address0    |  26|          5|   13|         65|
    |void_UpConv_Fused_Row_8_ap_uint_256_ap_uint_256_const_ap_uint_256_const_ap_uint_256_const_ap_uint_256_const_ap_uint_256_decimal16_int_int_int_int_int_row_acc_address1    |  14|          3|   13|         39|
    |void_UpConv_Fused_Row_8_ap_uint_256_ap_uint_256_const_ap_uint_256_const_ap_uint_256_const_ap_uint_256_const_ap_uint_256_decimal16_int_int_int_int_int_row_acc_ce0         |  26|          5|    1|          5|
    |void_UpConv_Fused_Row_8_ap_uint_256_ap_uint_256_const_ap_uint_256_const_ap_uint_256_const_ap_uint_256_const_ap_uint_256_decimal16_int_int_int_int_int_row_acc_ce1         |  14|          3|    1|          3|
    |void_UpConv_Fused_Row_8_ap_uint_256_ap_uint_256_const_ap_uint_256_const_ap_uint_256_const_ap_uint_256_const_ap_uint_256_decimal16_int_int_int_int_int_row_acc_d0          |  20|          4|   16|         64|
    |void_UpConv_Fused_Row_8_ap_uint_256_ap_uint_256_const_ap_uint_256_const_ap_uint_256_const_ap_uint_256_const_ap_uint_256_decimal16_int_int_int_int_int_row_acc_we0         |  20|          4|    1|          4|
    |void_UpConv_Fused_Row_ap_uint_ap_uint_const_ap_uint_const_ap_uint_const_ap_u_1_address0                                                                                   |  26|          5|   13|         65|
    |void_UpConv_Fused_Row_ap_uint_ap_uint_const_ap_uint_const_ap_uint_const_ap_u_1_address1                                                                                   |  14|          3|   13|         39|
    |void_UpConv_Fused_Row_ap_uint_ap_uint_const_ap_uint_const_ap_uint_const_ap_u_1_ce0                                                                                        |  26|          5|    1|          5|
    |void_UpConv_Fused_Row_ap_uint_ap_uint_const_ap_uint_const_ap_uint_const_ap_u_1_ce1                                                                                        |  14|          3|    1|          3|
    |void_UpConv_Fused_Row_ap_uint_ap_uint_const_ap_uint_const_ap_uint_const_ap_u_1_d0                                                                                         |  20|          4|   16|         64|
    |void_UpConv_Fused_Row_ap_uint_ap_uint_const_ap_uint_const_ap_uint_const_ap_u_1_we0                                                                                        |  20|          4|    1|          4|
    |void_UpConv_Fused_Row_ap_uint_ap_uint_const_ap_uint_const_ap_uint_const_ap_u_2_address0                                                                                   |  26|          5|   13|         65|
    |void_UpConv_Fused_Row_ap_uint_ap_uint_const_ap_uint_const_ap_uint_const_ap_u_2_address1                                                                                   |  14|          3|   13|         39|
    |void_UpConv_Fused_Row_ap_uint_ap_uint_const_ap_uint_const_ap_uint_const_ap_u_2_ce0                                                                                        |  26|          5|    1|          5|
    |void_UpConv_Fused_Row_ap_uint_ap_uint_const_ap_uint_const_ap_uint_const_ap_u_2_ce1                                                                                        |  14|          3|    1|          3|
    |void_UpConv_Fused_Row_ap_uint_ap_uint_const_ap_uint_const_ap_uint_const_ap_u_2_d0                                                                                         |  20|          4|   16|         64|
    |void_UpConv_Fused_Row_ap_uint_ap_uint_const_ap_uint_const_ap_uint_const_ap_u_2_we0                                                                                        |  20|          4|    1|          4|
    |void_UpConv_Fused_Row_ap_uint_ap_uint_const_ap_uint_const_ap_uint_const_ap_u_3_address0                                                                                   |  26|          5|   13|         65|
    |void_UpConv_Fused_Row_ap_uint_ap_uint_const_ap_uint_const_ap_uint_const_ap_u_3_address1                                                                                   |  14|          3|   13|         39|
    |void_UpConv_Fused_Row_ap_uint_ap_uint_const_ap_uint_const_ap_uint_const_ap_u_3_ce0                                                                                        |  26|          5|    1|          5|
    |void_UpConv_Fused_Row_ap_uint_ap_uint_const_ap_uint_const_ap_uint_const_ap_u_3_ce1                                                                                        |  14|          3|    1|          3|
    |void_UpConv_Fused_Row_ap_uint_ap_uint_const_ap_uint_const_ap_uint_const_ap_u_3_d0                                                                                         |  20|          4|   16|         64|
    |void_UpConv_Fused_Row_ap_uint_ap_uint_const_ap_uint_const_ap_uint_const_ap_u_3_we0                                                                                        |  20|          4|    1|          4|
    |void_UpConv_Fused_Row_ap_uint_ap_uint_const_ap_uint_const_ap_uint_const_ap_u_4_address0                                                                                   |  26|          5|   13|         65|
    |void_UpConv_Fused_Row_ap_uint_ap_uint_const_ap_uint_const_ap_uint_const_ap_u_4_address1                                                                                   |  14|          3|   13|         39|
    |void_UpConv_Fused_Row_ap_uint_ap_uint_const_ap_uint_const_ap_uint_const_ap_u_4_ce0                                                                                        |  26|          5|    1|          5|
    |void_UpConv_Fused_Row_ap_uint_ap_uint_const_ap_uint_const_ap_uint_const_ap_u_4_ce1                                                                                        |  14|          3|    1|          3|
    |void_UpConv_Fused_Row_ap_uint_ap_uint_const_ap_uint_const_ap_uint_const_ap_u_4_d0                                                                                         |  20|          4|   16|         64|
    |void_UpConv_Fused_Row_ap_uint_ap_uint_const_ap_uint_const_ap_uint_const_ap_u_4_we0                                                                                        |  20|          4|    1|          4|
    |void_UpConv_Fused_Row_ap_uint_ap_uint_const_ap_uint_const_ap_uint_const_ap_u_5_address0                                                                                   |  26|          5|   13|         65|
    |void_UpConv_Fused_Row_ap_uint_ap_uint_const_ap_uint_const_ap_uint_const_ap_u_5_address1                                                                                   |  14|          3|   13|         39|
    |void_UpConv_Fused_Row_ap_uint_ap_uint_const_ap_uint_const_ap_uint_const_ap_u_5_ce0                                                                                        |  26|          5|    1|          5|
    |void_UpConv_Fused_Row_ap_uint_ap_uint_const_ap_uint_const_ap_uint_const_ap_u_5_ce1                                                                                        |  14|          3|    1|          3|
    |void_UpConv_Fused_Row_ap_uint_ap_uint_const_ap_uint_const_ap_uint_const_ap_u_5_d0                                                                                         |  20|          4|   16|         64|
    |void_UpConv_Fused_Row_ap_uint_ap_uint_const_ap_uint_const_ap_uint_const_ap_u_5_we0                                                                                        |  20|          4|    1|          4|
    |void_UpConv_Fused_Row_ap_uint_ap_uint_const_ap_uint_const_ap_uint_const_ap_u_6_address0                                                                                   |  26|          5|   13|         65|
    |void_UpConv_Fused_Row_ap_uint_ap_uint_const_ap_uint_const_ap_uint_const_ap_u_6_address1                                                                                   |  14|          3|   13|         39|
    |void_UpConv_Fused_Row_ap_uint_ap_uint_const_ap_uint_const_ap_uint_const_ap_u_6_ce0                                                                                        |  26|          5|    1|          5|
    |void_UpConv_Fused_Row_ap_uint_ap_uint_const_ap_uint_const_ap_uint_const_ap_u_6_ce1                                                                                        |  14|          3|    1|          3|
    |void_UpConv_Fused_Row_ap_uint_ap_uint_const_ap_uint_const_ap_uint_const_ap_u_6_d0                                                                                         |  20|          4|   16|         64|
    |void_UpConv_Fused_Row_ap_uint_ap_uint_const_ap_uint_const_ap_uint_const_ap_u_6_we0                                                                                        |  20|          4|    1|          4|
    |void_UpConv_Fused_Row_ap_uint_ap_uint_const_ap_uint_const_ap_uint_const_ap_u_7_address0                                                                                   |  26|          5|   13|         65|
    |void_UpConv_Fused_Row_ap_uint_ap_uint_const_ap_uint_const_ap_uint_const_ap_u_7_address1                                                                                   |  14|          3|   13|         39|
    |void_UpConv_Fused_Row_ap_uint_ap_uint_const_ap_uint_const_ap_uint_const_ap_u_7_ce0                                                                                        |  26|          5|    1|          5|
    |void_UpConv_Fused_Row_ap_uint_ap_uint_const_ap_uint_const_ap_uint_const_ap_u_7_ce1                                                                                        |  14|          3|    1|          3|
    |void_UpConv_Fused_Row_ap_uint_ap_uint_const_ap_uint_const_ap_uint_const_ap_u_7_d0                                                                                         |  20|          4|   16|         64|
    |void_UpConv_Fused_Row_ap_uint_ap_uint_const_ap_uint_const_ap_uint_const_ap_u_7_we0                                                                                        |  20|          4|    1|          4|
    |void_UpConv_Fused_Row_ap_uint_ap_uint_const_ap_uint_const_ap_uint_const_ap_u_8_address0                                                                                   |  26|          5|   13|         65|
    |void_UpConv_Fused_Row_ap_uint_ap_uint_const_ap_uint_const_ap_uint_const_ap_u_8_address1                                                                                   |  14|          3|   13|         39|
    |void_UpConv_Fused_Row_ap_uint_ap_uint_const_ap_uint_const_ap_uint_const_ap_u_8_ce0                                                                                        |  26|          5|    1|          5|
    |void_UpConv_Fused_Row_ap_uint_ap_uint_const_ap_uint_const_ap_uint_const_ap_u_8_ce1                                                                                        |  14|          3|    1|          3|
    |void_UpConv_Fused_Row_ap_uint_ap_uint_const_ap_uint_const_ap_uint_const_ap_u_8_d0                                                                                         |  20|          4|   16|         64|
    |void_UpConv_Fused_Row_ap_uint_ap_uint_const_ap_uint_const_ap_uint_const_ap_u_8_we0                                                                                        |  20|          4|    1|          4|
    |void_UpConv_Fused_Row_ap_uint_ap_uint_const_ap_uint_const_ap_uint_const_ap_u_9_address0                                                                                   |  26|          5|   13|         65|
    |void_UpConv_Fused_Row_ap_uint_ap_uint_const_ap_uint_const_ap_uint_const_ap_u_9_address1                                                                                   |  14|          3|   13|         39|
    |void_UpConv_Fused_Row_ap_uint_ap_uint_const_ap_uint_const_ap_uint_const_ap_u_9_ce0                                                                                        |  26|          5|    1|          5|
    |void_UpConv_Fused_Row_ap_uint_ap_uint_const_ap_uint_const_ap_uint_const_ap_u_9_ce1                                                                                        |  14|          3|    1|          3|
    |void_UpConv_Fused_Row_ap_uint_ap_uint_const_ap_uint_const_ap_uint_const_ap_u_9_d0                                                                                         |  20|          4|   16|         64|
    |void_UpConv_Fused_Row_ap_uint_ap_uint_const_ap_uint_const_ap_uint_const_ap_u_9_we0                                                                                        |  20|          4|    1|          4|
    |void_UpConv_Fused_Row_ap_uint_ap_uint_const_ap_uint_const_ap_uint_const_ap_u_address0                                                                                     |  26|          5|   13|         65|
    |void_UpConv_Fused_Row_ap_uint_ap_uint_const_ap_uint_const_ap_uint_const_ap_u_address1                                                                                     |  14|          3|   13|         39|
    |void_UpConv_Fused_Row_ap_uint_ap_uint_const_ap_uint_const_ap_uint_const_ap_u_ce0                                                                                          |  26|          5|    1|          5|
    |void_UpConv_Fused_Row_ap_uint_ap_uint_const_ap_uint_const_ap_uint_const_ap_u_ce1                                                                                          |  14|          3|    1|          3|
    |void_UpConv_Fused_Row_ap_uint_ap_uint_const_ap_uint_const_ap_uint_const_ap_u_d0                                                                                           |  20|          4|   16|         64|
    |void_UpConv_Fused_Row_ap_uint_ap_uint_const_ap_uint_const_ap_uint_const_ap_u_we0                                                                                          |  20|          4|    1|          4|
    +--------------------------------------------------------------------------------------------------------------------------------------------------------------------------+----+-----------+-----+-----------+
    |Total                                                                                                                                                                     |2242|        452|  831|       3212|
    +--------------------------------------------------------------------------------------------------------------------------------------------------------------------------+----+-----------+-----+-----------+

    * Register: 
    +-------------------------------------------------------------------+----+----+-----+-----------+
    |                                Name                               | FF | LUT| Bits| Const Bits|
    +-------------------------------------------------------------------+----+----+-----+-----------+
    |C_WORDS_OUT_reg_626                                                |   5|   0|    5|          0|
    |ap_CS_fsm                                                          |  10|   0|   10|          0|
    |ap_sync_reg_grp_dataflow_parent_loop_proc_fu_334_ap_done           |   1|   0|    1|          0|
    |ap_sync_reg_grp_dataflow_parent_loop_proc_fu_334_ap_ready          |   1|   0|    1|          0|
    |conv1_reg_726                                                      |  32|   0|   32|          0|
    |conv2_reg_716                                                      |  32|   0|   32|          0|
    |grp_UpConv_Fused_Row_8_Pipeline_LOAD_PARAMS_fu_312_ap_start_reg    |   1|   0|    1|          0|
    |grp_UpConv_Fused_Row_8_Pipeline_PIXEL_NORM_fu_432_ap_start_reg     |   1|   0|    1|          0|
    |grp_UpConv_Fused_Row_8_Pipeline_PIXEL_STATS_fu_387_ap_start_reg    |   1|   0|    1|          0|
    |grp_UpConv_Fused_Row_8_Pipeline_RESET_ROW_ACC_fu_274_ap_start_reg  |   1|   0|    1|          0|
    |grp_dataflow_parent_loop_proc_fu_334_ap_start_reg                  |   1|   0|    1|          0|
    |mul20835_reg_736                                                   |  15|   0|   15|          0|
    |mul2_reg_751                                                       |  15|   0|   16|          1|
    |mul_ln193_reg_633                                                  |  12|   0|   12|          0|
    |shl_ln4_reg_731                                                    |  16|   0|   17|          1|
    |shl_ln_reg_674                                                     |  12|   0|   13|          1|
    |sub16_reg_668                                                      |   5|   0|    5|          0|
    |sub88_reg_721                                                      |   9|   0|    9|          0|
    |trunc_ln_reg_711                                                   |   6|   0|    6|          0|
    +-------------------------------------------------------------------+----+----+-----+-----------+
    |Total                                                              | 176|   0|  179|          3|
    +-------------------------------------------------------------------+----+----+-----+-----------+



================================================================
== Interface
================================================================
* Summary: 
+--------------------------+-----+-----+------------+---------------------+--------------+
|         RTL Ports        | Dir | Bits|  Protocol  |    Source Object    |    C Type    |
+--------------------------+-----+-----+------------+---------------------+--------------+
|ap_clk                    |   in|    1|  ap_ctrl_hs|  UpConv_Fused_Row<8>|  return value|
|ap_rst                    |   in|    1|  ap_ctrl_hs|  UpConv_Fused_Row<8>|  return value|
|ap_start                  |   in|    1|  ap_ctrl_hs|  UpConv_Fused_Row<8>|  return value|
|ap_done                   |  out|    1|  ap_ctrl_hs|  UpConv_Fused_Row<8>|  return value|
|ap_idle                   |  out|    1|  ap_ctrl_hs|  UpConv_Fused_Row<8>|  return value|
|ap_ready                  |  out|    1|  ap_ctrl_hs|  UpConv_Fused_Row<8>|  return value|
|m_axi_gmem_wu_0_AWVALID   |  out|    1|       m_axi|              gmem_wu|       pointer|
|m_axi_gmem_wu_0_AWREADY   |   in|    1|       m_axi|              gmem_wu|       pointer|
|m_axi_gmem_wu_0_AWADDR    |  out|   64|       m_axi|              gmem_wu|       pointer|
|m_axi_gmem_wu_0_AWID      |  out|    1|       m_axi|              gmem_wu|       pointer|
|m_axi_gmem_wu_0_AWLEN     |  out|   32|       m_axi|              gmem_wu|       pointer|
|m_axi_gmem_wu_0_AWSIZE    |  out|    3|       m_axi|              gmem_wu|       pointer|
|m_axi_gmem_wu_0_AWBURST   |  out|    2|       m_axi|              gmem_wu|       pointer|
|m_axi_gmem_wu_0_AWLOCK    |  out|    2|       m_axi|              gmem_wu|       pointer|
|m_axi_gmem_wu_0_AWCACHE   |  out|    4|       m_axi|              gmem_wu|       pointer|
|m_axi_gmem_wu_0_AWPROT    |  out|    3|       m_axi|              gmem_wu|       pointer|
|m_axi_gmem_wu_0_AWQOS     |  out|    4|       m_axi|              gmem_wu|       pointer|
|m_axi_gmem_wu_0_AWREGION  |  out|    4|       m_axi|              gmem_wu|       pointer|
|m_axi_gmem_wu_0_AWUSER    |  out|    1|       m_axi|              gmem_wu|       pointer|
|m_axi_gmem_wu_0_WVALID    |  out|    1|       m_axi|              gmem_wu|       pointer|
|m_axi_gmem_wu_0_WREADY    |   in|    1|       m_axi|              gmem_wu|       pointer|
|m_axi_gmem_wu_0_WDATA     |  out|  256|       m_axi|              gmem_wu|       pointer|
|m_axi_gmem_wu_0_WSTRB     |  out|   32|       m_axi|              gmem_wu|       pointer|
|m_axi_gmem_wu_0_WLAST     |  out|    1|       m_axi|              gmem_wu|       pointer|
|m_axi_gmem_wu_0_WID       |  out|    1|       m_axi|              gmem_wu|       pointer|
|m_axi_gmem_wu_0_WUSER     |  out|    1|       m_axi|              gmem_wu|       pointer|
|m_axi_gmem_wu_0_ARVALID   |  out|    1|       m_axi|              gmem_wu|       pointer|
|m_axi_gmem_wu_0_ARREADY   |   in|    1|       m_axi|              gmem_wu|       pointer|
|m_axi_gmem_wu_0_ARADDR    |  out|   64|       m_axi|              gmem_wu|       pointer|
|m_axi_gmem_wu_0_ARID      |  out|    1|       m_axi|              gmem_wu|       pointer|
|m_axi_gmem_wu_0_ARLEN     |  out|   32|       m_axi|              gmem_wu|       pointer|
|m_axi_gmem_wu_0_ARSIZE    |  out|    3|       m_axi|              gmem_wu|       pointer|
|m_axi_gmem_wu_0_ARBURST   |  out|    2|       m_axi|              gmem_wu|       pointer|
|m_axi_gmem_wu_0_ARLOCK    |  out|    2|       m_axi|              gmem_wu|       pointer|
|m_axi_gmem_wu_0_ARCACHE   |  out|    4|       m_axi|              gmem_wu|       pointer|
|m_axi_gmem_wu_0_ARPROT    |  out|    3|       m_axi|              gmem_wu|       pointer|
|m_axi_gmem_wu_0_ARQOS     |  out|    4|       m_axi|              gmem_wu|       pointer|
|m_axi_gmem_wu_0_ARREGION  |  out|    4|       m_axi|              gmem_wu|       pointer|
|m_axi_gmem_wu_0_ARUSER    |  out|    1|       m_axi|              gmem_wu|       pointer|
|m_axi_gmem_wu_0_RVALID    |   in|    1|       m_axi|              gmem_wu|       pointer|
|m_axi_gmem_wu_0_RREADY    |  out|    1|       m_axi|              gmem_wu|       pointer|
|m_axi_gmem_wu_0_RDATA     |   in|  256|       m_axi|              gmem_wu|       pointer|
|m_axi_gmem_wu_0_RLAST     |   in|    1|       m_axi|              gmem_wu|       pointer|
|m_axi_gmem_wu_0_RID       |   in|    1|       m_axi|              gmem_wu|       pointer|
|m_axi_gmem_wu_0_RFIFONUM  |   in|   11|       m_axi|              gmem_wu|       pointer|
|m_axi_gmem_wu_0_RUSER     |   in|    1|       m_axi|              gmem_wu|       pointer|
|m_axi_gmem_wu_0_RRESP     |   in|    2|       m_axi|              gmem_wu|       pointer|
|m_axi_gmem_wu_0_BVALID    |   in|    1|       m_axi|              gmem_wu|       pointer|
|m_axi_gmem_wu_0_BREADY    |  out|    1|       m_axi|              gmem_wu|       pointer|
|m_axi_gmem_wu_0_BRESP     |   in|    2|       m_axi|              gmem_wu|       pointer|
|m_axi_gmem_wu_0_BID       |   in|    1|       m_axi|              gmem_wu|       pointer|
|m_axi_gmem_wu_0_BUSER     |   in|    1|       m_axi|              gmem_wu|       pointer|
|W_ptr                     |   in|   64|     ap_none|                W_ptr|        scalar|
|m_axi_gmem_pu_0_AWVALID   |  out|    1|       m_axi|              gmem_pu|       pointer|
|m_axi_gmem_pu_0_AWREADY   |   in|    1|       m_axi|              gmem_pu|       pointer|
|m_axi_gmem_pu_0_AWADDR    |  out|   64|       m_axi|              gmem_pu|       pointer|
|m_axi_gmem_pu_0_AWID      |  out|    1|       m_axi|              gmem_pu|       pointer|
|m_axi_gmem_pu_0_AWLEN     |  out|   32|       m_axi|              gmem_pu|       pointer|
|m_axi_gmem_pu_0_AWSIZE    |  out|    3|       m_axi|              gmem_pu|       pointer|
|m_axi_gmem_pu_0_AWBURST   |  out|    2|       m_axi|              gmem_pu|       pointer|
|m_axi_gmem_pu_0_AWLOCK    |  out|    2|       m_axi|              gmem_pu|       pointer|
|m_axi_gmem_pu_0_AWCACHE   |  out|    4|       m_axi|              gmem_pu|       pointer|
|m_axi_gmem_pu_0_AWPROT    |  out|    3|       m_axi|              gmem_pu|       pointer|
|m_axi_gmem_pu_0_AWQOS     |  out|    4|       m_axi|              gmem_pu|       pointer|
|m_axi_gmem_pu_0_AWREGION  |  out|    4|       m_axi|              gmem_pu|       pointer|
|m_axi_gmem_pu_0_AWUSER    |  out|    1|       m_axi|              gmem_pu|       pointer|
|m_axi_gmem_pu_0_WVALID    |  out|    1|       m_axi|              gmem_pu|       pointer|
|m_axi_gmem_pu_0_WREADY    |   in|    1|       m_axi|              gmem_pu|       pointer|
|m_axi_gmem_pu_0_WDATA     |  out|  256|       m_axi|              gmem_pu|       pointer|
|m_axi_gmem_pu_0_WSTRB     |  out|   32|       m_axi|              gmem_pu|       pointer|
|m_axi_gmem_pu_0_WLAST     |  out|    1|       m_axi|              gmem_pu|       pointer|
|m_axi_gmem_pu_0_WID       |  out|    1|       m_axi|              gmem_pu|       pointer|
|m_axi_gmem_pu_0_WUSER     |  out|    1|       m_axi|              gmem_pu|       pointer|
|m_axi_gmem_pu_0_ARVALID   |  out|    1|       m_axi|              gmem_pu|       pointer|
|m_axi_gmem_pu_0_ARREADY   |   in|    1|       m_axi|              gmem_pu|       pointer|
|m_axi_gmem_pu_0_ARADDR    |  out|   64|       m_axi|              gmem_pu|       pointer|
|m_axi_gmem_pu_0_ARID      |  out|    1|       m_axi|              gmem_pu|       pointer|
|m_axi_gmem_pu_0_ARLEN     |  out|   32|       m_axi|              gmem_pu|       pointer|
|m_axi_gmem_pu_0_ARSIZE    |  out|    3|       m_axi|              gmem_pu|       pointer|
|m_axi_gmem_pu_0_ARBURST   |  out|    2|       m_axi|              gmem_pu|       pointer|
|m_axi_gmem_pu_0_ARLOCK    |  out|    2|       m_axi|              gmem_pu|       pointer|
|m_axi_gmem_pu_0_ARCACHE   |  out|    4|       m_axi|              gmem_pu|       pointer|
|m_axi_gmem_pu_0_ARPROT    |  out|    3|       m_axi|              gmem_pu|       pointer|
|m_axi_gmem_pu_0_ARQOS     |  out|    4|       m_axi|              gmem_pu|       pointer|
|m_axi_gmem_pu_0_ARREGION  |  out|    4|       m_axi|              gmem_pu|       pointer|
|m_axi_gmem_pu_0_ARUSER    |  out|    1|       m_axi|              gmem_pu|       pointer|
|m_axi_gmem_pu_0_RVALID    |   in|    1|       m_axi|              gmem_pu|       pointer|
|m_axi_gmem_pu_0_RREADY    |  out|    1|       m_axi|              gmem_pu|       pointer|
|m_axi_gmem_pu_0_RDATA     |   in|  256|       m_axi|              gmem_pu|       pointer|
|m_axi_gmem_pu_0_RLAST     |   in|    1|       m_axi|              gmem_pu|       pointer|
|m_axi_gmem_pu_0_RID       |   in|    1|       m_axi|              gmem_pu|       pointer|
|m_axi_gmem_pu_0_RFIFONUM  |   in|   11|       m_axi|              gmem_pu|       pointer|
|m_axi_gmem_pu_0_RUSER     |   in|    1|       m_axi|              gmem_pu|       pointer|
|m_axi_gmem_pu_0_RRESP     |   in|    2|       m_axi|              gmem_pu|       pointer|
|m_axi_gmem_pu_0_BVALID    |   in|    1|       m_axi|              gmem_pu|       pointer|
|m_axi_gmem_pu_0_BREADY    |  out|    1|       m_axi|              gmem_pu|       pointer|
|m_axi_gmem_pu_0_BRESP     |   in|    2|       m_axi|              gmem_pu|       pointer|
|m_axi_gmem_pu_0_BID       |   in|    1|       m_axi|              gmem_pu|       pointer|
|m_axi_gmem_pu_0_BUSER     |   in|    1|       m_axi|              gmem_pu|       pointer|
|B_ptr                     |   in|   64|     ap_none|                B_ptr|        scalar|
|G_ptr                     |   in|   64|     ap_none|                G_ptr|        scalar|
|BE_ptr                    |   in|   64|     ap_none|               BE_ptr|        scalar|
|m_axi_gmem_y_0_AWVALID    |  out|    1|       m_axi|               gmem_y|       pointer|
|m_axi_gmem_y_0_AWREADY    |   in|    1|       m_axi|               gmem_y|       pointer|
|m_axi_gmem_y_0_AWADDR     |  out|   64|       m_axi|               gmem_y|       pointer|
|m_axi_gmem_y_0_AWID       |  out|    1|       m_axi|               gmem_y|       pointer|
|m_axi_gmem_y_0_AWLEN      |  out|   32|       m_axi|               gmem_y|       pointer|
|m_axi_gmem_y_0_AWSIZE     |  out|    3|       m_axi|               gmem_y|       pointer|
|m_axi_gmem_y_0_AWBURST    |  out|    2|       m_axi|               gmem_y|       pointer|
|m_axi_gmem_y_0_AWLOCK     |  out|    2|       m_axi|               gmem_y|       pointer|
|m_axi_gmem_y_0_AWCACHE    |  out|    4|       m_axi|               gmem_y|       pointer|
|m_axi_gmem_y_0_AWPROT     |  out|    3|       m_axi|               gmem_y|       pointer|
|m_axi_gmem_y_0_AWQOS      |  out|    4|       m_axi|               gmem_y|       pointer|
|m_axi_gmem_y_0_AWREGION   |  out|    4|       m_axi|               gmem_y|       pointer|
|m_axi_gmem_y_0_AWUSER     |  out|    1|       m_axi|               gmem_y|       pointer|
|m_axi_gmem_y_0_WVALID     |  out|    1|       m_axi|               gmem_y|       pointer|
|m_axi_gmem_y_0_WREADY     |   in|    1|       m_axi|               gmem_y|       pointer|
|m_axi_gmem_y_0_WDATA      |  out|  256|       m_axi|               gmem_y|       pointer|
|m_axi_gmem_y_0_WSTRB      |  out|   32|       m_axi|               gmem_y|       pointer|
|m_axi_gmem_y_0_WLAST      |  out|    1|       m_axi|               gmem_y|       pointer|
|m_axi_gmem_y_0_WID        |  out|    1|       m_axi|               gmem_y|       pointer|
|m_axi_gmem_y_0_WUSER      |  out|    1|       m_axi|               gmem_y|       pointer|
|m_axi_gmem_y_0_ARVALID    |  out|    1|       m_axi|               gmem_y|       pointer|
|m_axi_gmem_y_0_ARREADY    |   in|    1|       m_axi|               gmem_y|       pointer|
|m_axi_gmem_y_0_ARADDR     |  out|   64|       m_axi|               gmem_y|       pointer|
|m_axi_gmem_y_0_ARID       |  out|    1|       m_axi|               gmem_y|       pointer|
|m_axi_gmem_y_0_ARLEN      |  out|   32|       m_axi|               gmem_y|       pointer|
|m_axi_gmem_y_0_ARSIZE     |  out|    3|       m_axi|               gmem_y|       pointer|
|m_axi_gmem_y_0_ARBURST    |  out|    2|       m_axi|               gmem_y|       pointer|
|m_axi_gmem_y_0_ARLOCK     |  out|    2|       m_axi|               gmem_y|       pointer|
|m_axi_gmem_y_0_ARCACHE    |  out|    4|       m_axi|               gmem_y|       pointer|
|m_axi_gmem_y_0_ARPROT     |  out|    3|       m_axi|               gmem_y|       pointer|
|m_axi_gmem_y_0_ARQOS      |  out|    4|       m_axi|               gmem_y|       pointer|
|m_axi_gmem_y_0_ARREGION   |  out|    4|       m_axi|               gmem_y|       pointer|
|m_axi_gmem_y_0_ARUSER     |  out|    1|       m_axi|               gmem_y|       pointer|
|m_axi_gmem_y_0_RVALID     |   in|    1|       m_axi|               gmem_y|       pointer|
|m_axi_gmem_y_0_RREADY     |  out|    1|       m_axi|               gmem_y|       pointer|
|m_axi_gmem_y_0_RDATA      |   in|  256|       m_axi|               gmem_y|       pointer|
|m_axi_gmem_y_0_RLAST      |   in|    1|       m_axi|               gmem_y|       pointer|
|m_axi_gmem_y_0_RID        |   in|    1|       m_axi|               gmem_y|       pointer|
|m_axi_gmem_y_0_RFIFONUM   |   in|   11|       m_axi|               gmem_y|       pointer|
|m_axi_gmem_y_0_RUSER      |   in|    1|       m_axi|               gmem_y|       pointer|
|m_axi_gmem_y_0_RRESP      |   in|    2|       m_axi|               gmem_y|       pointer|
|m_axi_gmem_y_0_BVALID     |   in|    1|       m_axi|               gmem_y|       pointer|
|m_axi_gmem_y_0_BREADY     |  out|    1|       m_axi|               gmem_y|       pointer|
|m_axi_gmem_y_0_BRESP      |   in|    2|       m_axi|               gmem_y|       pointer|
|m_axi_gmem_y_0_BID        |   in|    1|       m_axi|               gmem_y|       pointer|
|m_axi_gmem_y_0_BUSER      |   in|    1|       m_axi|               gmem_y|       pointer|
|Y                         |   in|   64|     ap_none|                    Y|        scalar|
|epsilon                   |   in|   16|     ap_none|              epsilon|        scalar|
|H_IN                      |   in|    8|     ap_none|                 H_IN|        scalar|
|W_IN                      |   in|    8|     ap_none|                 W_IN|        scalar|
|C_IN                      |   in|   10|     ap_none|                 C_IN|        scalar|
|C_OUT                     |   in|    9|     ap_none|                C_OUT|        scalar|
|ho                        |   in|    8|     ap_none|                   ho|        scalar|
|idx                       |   in|   19|     ap_none|                  idx|        scalar|
|idx1                      |   in|    8|     ap_none|                 idx1|        scalar|
|idx2                      |   in|    8|     ap_none|                 idx2|        scalar|
|idx3                      |   in|    8|     ap_none|                 idx3|        scalar|
|idx4                      |   in|   19|     ap_none|                 idx4|        scalar|
|x_buf_address0            |  out|   11|   ap_memory|                x_buf|         array|
|x_buf_ce0                 |  out|    1|   ap_memory|                x_buf|         array|
|x_buf_q0                  |   in|  256|   ap_memory|                x_buf|         array|
+--------------------------+-----+-----+------------+---------------------+--------------+

