Execute     source -notrace -encoding utf-8 /home/rimurutempest/Tool/Xilinx/Vitis/2024.2/tps/tcl/tcl8.6/clock.tcl 
Execute       source -encoding utf-8 /home/rimurutempest/Tool/Xilinx/Vitis/2024.2/tps/tcl/tcl8/8.5/msgcat-1.6.1.tm 
INFO-FLOW: Workspace /home/rimurutempest/Code/LSI_Design_Contest/HLS_DesignFlow/Lab3/hls_component_dct/dct/hls opened at Tue Dec 02 13:35:37 +07 2025
Execute     send_msg_by_id INFO @200-1505@%s%s default  vivado 
INFO: [HLS 200-1505] Using default flow_target 'vivado'
Execute   apply_ini /home/rimurutempest/Code/LSI_Design_Contest/HLS_DesignFlow/Lab3/hls_component_dct/hls_config.cfg 
Execute     send_msg_by_id WARNING @200-1921@%s [hls] entry 'csim.file=/path/to/in.dat' from /home/rimurutempest/Code/LSI_Design_Contest/HLS_DesignFlow/Lab3/hls_component_dct/hls_config.cfg(14) 
WARNING: [HLS 200-1921] Skipping unknown ini [hls] entry 'csim.file=/path/to/in.dat' from /home/rimurutempest/Code/LSI_Design_Contest/HLS_DesignFlow/Lab3/hls_component_dct/hls_config.cfg(14)
Execute     send_msg_by_id WARNING @200-1921@%s [hls] entry 'csim.file=/path/to/out.golden.dat' from /home/rimurutempest/Code/LSI_Design_Contest/HLS_DesignFlow/Lab3/hls_component_dct/hls_config.cfg(15) 
WARNING: [HLS 200-1921] Skipping unknown ini [hls] entry 'csim.file=/path/to/out.golden.dat' from /home/rimurutempest/Code/LSI_Design_Contest/HLS_DesignFlow/Lab3/hls_component_dct/hls_config.cfg(15)
Execute     send_msg_by_id INFO @200-1465@%s 'syn.file=/home/rimurutempest/Code/LSI_Design_Contest/HLS_DesignFlow/Lab3/source/dct.c' from /home/rimurutempest/Code/LSI_Design_Contest/HLS_DesignFlow/Lab3/hls_component_dct/hls_config.cfg(8) 
INFO: [HLS 200-1465] Applying ini 'syn.file=/home/rimurutempest/Code/LSI_Design_Contest/HLS_DesignFlow/Lab3/source/dct.c' from /home/rimurutempest/Code/LSI_Design_Contest/HLS_DesignFlow/Lab3/hls_component_dct/hls_config.cfg(8)
Execute     add_files /home/rimurutempest/Code/LSI_Design_Contest/HLS_DesignFlow/Lab3/source/dct.c 
INFO: [HLS 200-10] Adding design file '/home/rimurutempest/Code/LSI_Design_Contest/HLS_DesignFlow/Lab3/source/dct.c' to the project
Execute     send_msg_by_id INFO @200-1465@%s 'syn.file=/home/rimurutempest/Code/LSI_Design_Contest/HLS_DesignFlow/Lab3/source/dct.h' from /home/rimurutempest/Code/LSI_Design_Contest/HLS_DesignFlow/Lab3/hls_component_dct/hls_config.cfg(9) 
INFO: [HLS 200-1465] Applying ini 'syn.file=/home/rimurutempest/Code/LSI_Design_Contest/HLS_DesignFlow/Lab3/source/dct.h' from /home/rimurutempest/Code/LSI_Design_Contest/HLS_DesignFlow/Lab3/hls_component_dct/hls_config.cfg(9)
Execute     add_files /home/rimurutempest/Code/LSI_Design_Contest/HLS_DesignFlow/Lab3/source/dct.h 
INFO: [HLS 200-10] Adding design file '/home/rimurutempest/Code/LSI_Design_Contest/HLS_DesignFlow/Lab3/source/dct.h' to the project
Execute     send_msg_by_id INFO @200-1465@%s 'tb.file=/home/rimurutempest/Code/LSI_Design_Contest/HLS_DesignFlow/Lab3/source/dct_test.c' from /home/rimurutempest/Code/LSI_Design_Contest/HLS_DesignFlow/Lab3/hls_component_dct/hls_config.cfg(10) 
INFO: [HLS 200-1465] Applying ini 'tb.file=/home/rimurutempest/Code/LSI_Design_Contest/HLS_DesignFlow/Lab3/source/dct_test.c' from /home/rimurutempest/Code/LSI_Design_Contest/HLS_DesignFlow/Lab3/hls_component_dct/hls_config.cfg(10)
Execute     add_files -tb /home/rimurutempest/Code/LSI_Design_Contest/HLS_DesignFlow/Lab3/source/dct_test.c 
INFO: [HLS 200-10] Adding test bench file '/home/rimurutempest/Code/LSI_Design_Contest/HLS_DesignFlow/Lab3/source/dct_test.c' to the project
Execute     send_msg_by_id INFO @200-1465@%s 'syn.top=dct' from /home/rimurutempest/Code/LSI_Design_Contest/HLS_DesignFlow/Lab3/hls_component_dct/hls_config.cfg(7) 
INFO: [HLS 200-1465] Applying ini 'syn.top=dct' from /home/rimurutempest/Code/LSI_Design_Contest/HLS_DesignFlow/Lab3/hls_component_dct/hls_config.cfg(7)
Execute     set_top dct 
Execute     send_msg_by_id INFO @200-1465@%s 'flow_target=vivado' from /home/rimurutempest/Code/LSI_Design_Contest/HLS_DesignFlow/Lab3/hls_component_dct/hls_config.cfg(4) 
INFO: [HLS 200-1465] Applying ini 'flow_target=vivado' from /home/rimurutempest/Code/LSI_Design_Contest/HLS_DesignFlow/Lab3/hls_component_dct/hls_config.cfg(4)
Execute     send_msg_by_id INFO @200-1505@%s%s  vivado 
INFO: [HLS 200-1505] Using flow_target 'vivado'
Execute     send_msg_by_id INFO @200-1465@%s 'part=xc7z020clg400-1' from /home/rimurutempest/Code/LSI_Design_Contest/HLS_DesignFlow/Lab3/hls_component_dct/hls_config.cfg(1) 
INFO: [HLS 200-1465] Applying ini 'part=xc7z020clg400-1' from /home/rimurutempest/Code/LSI_Design_Contest/HLS_DesignFlow/Lab3/hls_component_dct/hls_config.cfg(1)
Execute     set_part xc7z020clg400-1 
Execute       create_platform xc7z020clg400-1 -board  
DBG:HLSDevice: Trying to load device library: /home/rimurutempest/Tool/Xilinx/Vitis/2024.2/lib/lnx64.o/libxv_hlsvwrap.so
DBG:HLSDevice: first parts/arch.xml in RDI_DATADIR: /home/rimurutempest/Tool/Xilinx/Vivado/2024.2/data/parts/arch.xml
DBG:HLSDevice: init success
INFO: [HLS 200-1611] Setting target device to 'xc7z020-clg400-1'
Command       create_platform done; 0.47 sec.
Execute       source /home/rimurutempest/Tool/Xilinx/Vitis/2024.2/common/technology/xilinx/common/xilinx.gen 
Execute         source /home/rimurutempest/Tool/Xilinx/Vitis/2024.2/common/technology/xilinx/interface/plb46.gen 
Execute         source /home/rimurutempest/Tool/Xilinx/Vitis/2024.2/common/technology/xilinx/interface/axi4.gen 
Execute         source /home/rimurutempest/Tool/Xilinx/Vitis/2024.2/common/technology/xilinx/interface/nativeAXI4.gen 
Execute           source /home/rimurutempest/Tool/Xilinx/Vitis/2024.2/common/technology/xilinx/interface/saxilite.gen 
Execute         source /home/rimurutempest/Tool/Xilinx/Vitis/2024.2/common/technology/xilinx/scripts/xilinxcoregen.gen 
Execute         source /home/rimurutempest/Tool/Xilinx/Vitis/2024.2/common/technology/xilinx/interface/XilEDKCoreGen.gen 
Execute         source /home/rimurutempest/Tool/Xilinx/Vitis/2024.2/common/technology/xilinx/ip/xfft.gen 
Execute         source /home/rimurutempest/Tool/Xilinx/Vitis/2024.2/common/technology/xilinx/ip/dds_compiler.gen 
Execute         source /home/rimurutempest/Tool/Xilinx/Vitis/2024.2/common/technology/xilinx/ip/util.gen 
Execute         source /home/rimurutempest/Tool/Xilinx/Vitis/2024.2/common/technology/xilinx/ip/xfir.gen 
Execute         source /home/rimurutempest/Tool/Xilinx/Vitis/2024.2/common/technology/xilinx/DSP48/dsp48.gen 
Execute       ap_part_info -name xc7z020-clg400-1 -data info 
Execute       config_compile -quiet -complex-mul-dsp=0 
Command     set_part done; 0.58 sec.
Execute     send_msg_by_id INFO @200-1465@%s 'clock=10ns' from /home/rimurutempest/Code/LSI_Design_Contest/HLS_DesignFlow/Lab3/hls_component_dct/hls_config.cfg(11) 
INFO: [HLS 200-1465] Applying ini 'clock=10ns' from /home/rimurutempest/Code/LSI_Design_Contest/HLS_DesignFlow/Lab3/hls_component_dct/hls_config.cfg(11)
Execute     create_clock -period 10ns 
Execute       ap_set_clock -name default -period 10 -unit ns -default=false 
INFO: [SYN 201-201] Setting up clock 'default' with a period of 10ns.
Execute     send_msg_by_id INFO @200-1465@%s 'package.output.format=ip_catalog' from /home/rimurutempest/Code/LSI_Design_Contest/HLS_DesignFlow/Lab3/hls_component_dct/hls_config.cfg(5) 
INFO: [HLS 200-1465] Applying ini 'package.output.format=ip_catalog' from /home/rimurutempest/Code/LSI_Design_Contest/HLS_DesignFlow/Lab3/hls_component_dct/hls_config.cfg(5)
Execute     config_export -format=ip_catalog 
Execute     send_msg_by_id INFO @200-1465@%s 'syn.directive.pipeline=dct_1d/DCT_Inner_Loop off' from /home/rimurutempest/Code/LSI_Design_Contest/HLS_DesignFlow/Lab3/hls_component_dct/hls_config.cfg(18) 
INFO: [HLS 200-1465] Applying ini 'syn.directive.pipeline=dct_1d/DCT_Inner_Loop off' from /home/rimurutempest/Code/LSI_Design_Contest/HLS_DesignFlow/Lab3/hls_component_dct/hls_config.cfg(18)
Execute     set_directive_pipeline dct_1d/DCT_Inner_Loop -off 
Execute     send_msg_by_id INFO @200-1465@%s 'syn.directive.pipeline=dct_1d/DCT_Outer_Loop off' from /home/rimurutempest/Code/LSI_Design_Contest/HLS_DesignFlow/Lab3/hls_component_dct/hls_config.cfg(19) 
INFO: [HLS 200-1465] Applying ini 'syn.directive.pipeline=dct_1d/DCT_Outer_Loop off' from /home/rimurutempest/Code/LSI_Design_Contest/HLS_DesignFlow/Lab3/hls_component_dct/hls_config.cfg(19)
Execute     set_directive_pipeline dct_1d/DCT_Outer_Loop -off 
Execute     send_msg_by_id INFO @200-1465@%s 'syn.directive.pipeline=dct_2d/Xpose_Row_Outer_Loop off' from /home/rimurutempest/Code/LSI_Design_Contest/HLS_DesignFlow/Lab3/hls_component_dct/hls_config.cfg(20) 
INFO: [HLS 200-1465] Applying ini 'syn.directive.pipeline=dct_2d/Xpose_Row_Outer_Loop off' from /home/rimurutempest/Code/LSI_Design_Contest/HLS_DesignFlow/Lab3/hls_component_dct/hls_config.cfg(20)
Execute     set_directive_pipeline dct_2d/Xpose_Row_Outer_Loop -off 
Execute     send_msg_by_id INFO @200-1465@%s 'syn.directive.pipeline=dct_2d/Xpose_Row_Inner_Loop off' from /home/rimurutempest/Code/LSI_Design_Contest/HLS_DesignFlow/Lab3/hls_component_dct/hls_config.cfg(21) 
INFO: [HLS 200-1465] Applying ini 'syn.directive.pipeline=dct_2d/Xpose_Row_Inner_Loop off' from /home/rimurutempest/Code/LSI_Design_Contest/HLS_DesignFlow/Lab3/hls_component_dct/hls_config.cfg(21)
Execute     set_directive_pipeline dct_2d/Xpose_Row_Inner_Loop -off 
Execute     send_msg_by_id INFO @200-1465@%s 'syn.directive.pipeline=dct_2d/Col_DCT_Loop off' from /home/rimurutempest/Code/LSI_Design_Contest/HLS_DesignFlow/Lab3/hls_component_dct/hls_config.cfg(22) 
INFO: [HLS 200-1465] Applying ini 'syn.directive.pipeline=dct_2d/Col_DCT_Loop off' from /home/rimurutempest/Code/LSI_Design_Contest/HLS_DesignFlow/Lab3/hls_component_dct/hls_config.cfg(22)
Execute     set_directive_pipeline dct_2d/Col_DCT_Loop -off 
Execute     send_msg_by_id INFO @200-1465@%s 'syn.directive.pipeline=dct_2d/Xpose_Col_Outer_Loop off' from /home/rimurutempest/Code/LSI_Design_Contest/HLS_DesignFlow/Lab3/hls_component_dct/hls_config.cfg(23) 
INFO: [HLS 200-1465] Applying ini 'syn.directive.pipeline=dct_2d/Xpose_Col_Outer_Loop off' from /home/rimurutempest/Code/LSI_Design_Contest/HLS_DesignFlow/Lab3/hls_component_dct/hls_config.cfg(23)
Execute     set_directive_pipeline dct_2d/Xpose_Col_Outer_Loop -off 
Execute     send_msg_by_id INFO @200-1465@%s 'syn.directive.pipeline=dct_2d/Xpose_Col_Inner_Loop off' from /home/rimurutempest/Code/LSI_Design_Contest/HLS_DesignFlow/Lab3/hls_component_dct/hls_config.cfg(24) 
INFO: [HLS 200-1465] Applying ini 'syn.directive.pipeline=dct_2d/Xpose_Col_Inner_Loop off' from /home/rimurutempest/Code/LSI_Design_Contest/HLS_DesignFlow/Lab3/hls_component_dct/hls_config.cfg(24)
Execute     set_directive_pipeline dct_2d/Xpose_Col_Inner_Loop -off 
Execute     send_msg_by_id INFO @200-1465@%s 'syn.directive.pipeline=read_data/RD_Loop_Row off' from /home/rimurutempest/Code/LSI_Design_Contest/HLS_DesignFlow/Lab3/hls_component_dct/hls_config.cfg(25) 
INFO: [HLS 200-1465] Applying ini 'syn.directive.pipeline=read_data/RD_Loop_Row off' from /home/rimurutempest/Code/LSI_Design_Contest/HLS_DesignFlow/Lab3/hls_component_dct/hls_config.cfg(25)
Execute     set_directive_pipeline read_data/RD_Loop_Row -off 
Execute     send_msg_by_id INFO @200-1465@%s 'syn.directive.pipeline=read_data/RD_Loop_Col off' from /home/rimurutempest/Code/LSI_Design_Contest/HLS_DesignFlow/Lab3/hls_component_dct/hls_config.cfg(26) 
INFO: [HLS 200-1465] Applying ini 'syn.directive.pipeline=read_data/RD_Loop_Col off' from /home/rimurutempest/Code/LSI_Design_Contest/HLS_DesignFlow/Lab3/hls_component_dct/hls_config.cfg(26)
Execute     set_directive_pipeline read_data/RD_Loop_Col -off 
Command   apply_ini done; 0.61 sec.
Execute   apply_ini /home/rimurutempest/Code/LSI_Design_Contest/HLS_DesignFlow/Lab3/hls_component_dct/dct/hls/config.cmdline 
Execute   ::AP::init_summary_file csynth 
Execute     AP::app_get_file_relativeroot [AP::app_get_root] {}
Execute   csynth_design 
INFO-FLOW: Running SLX 'csynth' proc: ::SLX::run_csynth
Execute     elaborate -effort=medium -skip_syncheck=0 -keep_printf=0 -skip_cdt=0 -skip_transform=0 -ng=0 -g=0 -opt_fp=0 -from_csynth_design=1 
INFO: [HLS 200-111] Finished File checks and directory preparation: CPU user time: 2.62 seconds. CPU system time: 0.29 seconds. Elapsed time: 2.81 seconds; current allocated memory: 246.496 MB.
Execute       set_directive_top dct -name=dct 
Execute       source /home/rimurutempest/Tool/Xilinx/Vitis/2024.2/tps/tcl/tcllib1.11.1/yaml/huddle.tcl 
Execute       source /home/rimurutempest/Tool/Xilinx/Vitis/2024.2/tps/tcl/tcllib1.11.1/yaml/json2huddle.tcl 
INFO: [HLS 200-10] Analyzing design file '../source/dct.c' ... 
INFO-FLOW: Compiling one TU...
INFO-FLOW: Handling ../source/dct.c as C
Execute       ap_part_info -name xc7z020-clg400-1 -data info 
INFO-FLOW: Running: GCC PP 39
INFO-FLOW: Source preprocessing
INFO-FLOW: run_clang exec: /home/rimurutempest/Tool/Xilinx/Vitis/2024.2/lnx64/tools/clang-3.9-csynth/bin/clang ../source/dct.c -foptimization-record-file=/home/rimurutempest/Code/LSI_Design_Contest/HLS_DesignFlow/Lab3/hls_component_dct/dct/hls/.autopilot/db/dct.c.clang.diag.yml -mllvm -pass-remarks-missed=reflow|pasta|unroll|inline -mllvm -pass-remarks=reflow|pasta|unroll|inline -fno-limit-debug-info --gcc-toolchain=/home/rimurutempest/Tool/Xilinx/Vivado/2024.2/tps/lnx64/gcc-8.3.0 -fhls -fno-exceptions -insert-hls-directive=/home/rimurutempest/Code/LSI_Design_Contest/HLS_DesignFlow/Lab3/hls_component_dct/dct/hls/.autopilot/db/all.directive.json -E -fno-math-errno -c -emit-llvm -mllvm -disable-llvm-optzns -Werror=implicit-function-declaration -Werror=implicit-hls-streams -Werror=return-type -Wpragmas -Wunused-parameter -Wdump-hls-pragmas -Wno-error=dump-hls-pragmas -hls-clock-period=10 -std=gnu99 -fgnu89-inline -target fpga64-xilinx-linux-gnu -D__VITIS_HLS__ -DAESL_SYN -D__SYNTHESIS__ -D__HLS_SYN__ -I /home/rimurutempest/Tool/Xilinx/Vitis/2024.2/common/technology/autopilot -I /home/rimurutempest/Tool/Xilinx/Vitis/2024.2/common/technology/autopilot/ap_sysc -include etc/autopilot_ssdm_op.h -D__DSP48E1__ -I /usr/include/x86_64-linux-gnu -o /home/rimurutempest/Code/LSI_Design_Contest/HLS_DesignFlow/Lab3/hls_component_dct/dct/hls/.autopilot/db/dct.pp.0.c -hls-platform-db-name=/home/rimurutempest/Tool/Xilinx/Vitis/2024.2/common/technology/xilinx/common/platform.db -hls-platform-name=zynq_slow -device-resource-info=BRAM_280.000000_DSP_220.000000_FF_106400.000000_LUT_53200.000000_SLICE_13300.000000_URAM_0.000000 -device-name-info=xc7z020clg400-1 > /home/rimurutempest/Code/LSI_Design_Contest/HLS_DesignFlow/Lab3/hls_component_dct/dct/hls/.autopilot/db/dct.c.clang.out.log 2> /home/rimurutempest/Code/LSI_Design_Contest/HLS_DesignFlow/Lab3/hls_component_dct/dct/hls/.autopilot/db/dct.c.clang.err.log
INFO-FLOW: Done: GCC PP 39 time: 0.2 seconds per iteration
INFO-FLOW: Source syntax check for synthesis
INFO-FLOW: run_clang exec: /home/rimurutempest/Tool/Xilinx/Vitis/2024.2/lnx64/tools/clang-3.9-csynth/bin/clang -foptimization-record-file=/home/rimurutempest/Code/LSI_Design_Contest/HLS_DesignFlow/Lab3/hls_component_dct/dct/hls/.autopilot/db/clang.diag.yml -mllvm -pass-remarks-missed=reflow|pasta|unroll|inline -mllvm -pass-remarks=reflow|pasta|unroll|inline -fsyntax-only -fhls -target fpga64-xilinx-linux-gnu /home/rimurutempest/Code/LSI_Design_Contest/HLS_DesignFlow/Lab3/hls_component_dct/dct/hls/.autopilot/db/dct.pp.0.c -hls-platform-db-name=/home/rimurutempest/Tool/Xilinx/Vitis/2024.2/common/technology/xilinx/common/platform.db -hls-platform-name=zynq_slow -device-resource-info=BRAM_280.000000_DSP_220.000000_FF_106400.000000_LUT_53200.000000_SLICE_13300.000000_URAM_0.000000 -device-name-info=xc7z020clg400-1 > /home/rimurutempest/Code/LSI_Design_Contest/HLS_DesignFlow/Lab3/hls_component_dct/dct/hls/.autopilot/db/clang.out.log 2> /home/rimurutempest/Code/LSI_Design_Contest/HLS_DesignFlow/Lab3/hls_component_dct/dct/hls/.autopilot/db/clang.err.log
Execute       clang_tidy xilinx-systemc-detector -desc systemc-detector /home/rimurutempest/Code/LSI_Design_Contest/HLS_DesignFlow/Lab3/hls_component_dct/dct/hls/.autopilot/db/dct.pp.0.c std=gnu99 -target fpga  -directive=/home/rimurutempest/Code/LSI_Design_Contest/HLS_DesignFlow/Lab3/hls_component_dct/dct/hls/.autopilot/db/.systemc_flag 
INFO-FLOW: exec /home/rimurutempest/Tool/Xilinx/Vitis/2024.2/lnx64/tools/clang-3.9-csynth/bin/clang-tidy -header-filter=.* --checks=-*,xilinx-systemc-detector -import-directive=/home/rimurutempest/Code/LSI_Design_Contest/HLS_DesignFlow/Lab3/hls_component_dct/dct/hls/.autopilot/db/.systemc_flag -fix-errors /home/rimurutempest/Code/LSI_Design_Contest/HLS_DesignFlow/Lab3/hls_component_dct/dct/hls/.autopilot/db/dct.pp.0.c -- -std=gnu99 -target fpga -fhls -ferror-limit=0
INFO-FLOW: Running: clang-tidy CDT preprocess 39
Execute       clang_tidy xilinx-directive2pragma -desc directive2pragma /home/rimurutempest/Code/LSI_Design_Contest/HLS_DesignFlow/Lab3/hls_component_dct/dct/hls/.autopilot/db/dct.pp.0.c std=gnu99 -target fpga  -directive=/home/rimurutempest/Code/LSI_Design_Contest/HLS_DesignFlow/Lab3/hls_component_dct/dct/hls/.autopilot/db/all.directive.json 
INFO-FLOW: exec /home/rimurutempest/Tool/Xilinx/Vitis/2024.2/lnx64/tools/clang-3.9-csynth/bin/clang-tidy -header-filter=.* --checks=-*,xilinx-directive2pragma -import-directive=/home/rimurutempest/Code/LSI_Design_Contest/HLS_DesignFlow/Lab3/hls_component_dct/dct/hls/.autopilot/db/all.directive.json -fix-errors /home/rimurutempest/Code/LSI_Design_Contest/HLS_DesignFlow/Lab3/hls_component_dct/dct/hls/.autopilot/db/dct.pp.0.c -- -std=gnu99 -target fpga -fhls -ferror-limit=0
INFO-FLOW: Done: clang-tidy CDT preprocess 39 time: 0 seconds per iteration
INFO-FLOW: Calling xilinx-label-all-loops ... 
INFO-FLOW: Calling xilinx-aggregate-on-hls-vector ... 
Execute       clang_tidy -errorcheck -desc loop-label xilinx-label-all-loops,xilinx-aggregate-on-hls-vector,,xilinx-warn-mayneed-no-ctor-attribute /home/rimurutempest/Code/LSI_Design_Contest/HLS_DesignFlow/Lab3/hls_component_dct/dct/hls/.autopilot/db/dct.pp.0.c std=gnu99 -target fpga  
INFO-FLOW: run_clang exec: /home/rimurutempest/Tool/Xilinx/Vitis/2024.2/lnx64/tools/clang-3.9-csynth/bin/clang-tidy -export-fixes=/home/rimurutempest/Code/LSI_Design_Contest/HLS_DesignFlow/Lab3/hls_component_dct/dct/hls/.autopilot/db/dct.pp.0.c.clang-tidy.loop-label.diag.yml -header-filter=.* --checks=-*,xilinx-label-all-loops,xilinx-aggregate-on-hls-vector,,xilinx-warn-mayneed-no-ctor-attribute -fix-errors /home/rimurutempest/Code/LSI_Design_Contest/HLS_DesignFlow/Lab3/hls_component_dct/dct/hls/.autopilot/db/dct.pp.0.c -- -std=gnu99 -target fpga -fhls -ferror-limit=0 > /home/rimurutempest/Code/LSI_Design_Contest/HLS_DesignFlow/Lab3/hls_component_dct/dct/hls/.autopilot/db/dct.pp.0.c.clang-tidy.loop-label.out.log 2> /home/rimurutempest/Code/LSI_Design_Contest/HLS_DesignFlow/Lab3/hls_component_dct/dct/hls/.autopilot/db/dct.pp.0.c.clang-tidy.loop-label.err.log
INFO-FLOW: run_clang exec: /home/rimurutempest/Tool/Xilinx/Vitis/2024.2/lnx64/tools/clang-3.9-csynth/bin/xilinx-dataflow-lawyer -export-fixes=/home/rimurutempest/Code/LSI_Design_Contest/HLS_DesignFlow/Lab3/hls_component_dct/dct/hls/.autopilot/db/dct.pp.0.c.xilinx-dataflow-lawyer.diag.yml /home/rimurutempest/Code/LSI_Design_Contest/HLS_DesignFlow/Lab3/hls_component_dct/dct/hls/.autopilot/db/dct.pp.0.c -- -std=gnu99 -target fpga -fhls -ferror-limit=0 -fstrict-dataflow > /home/rimurutempest/Code/LSI_Design_Contest/HLS_DesignFlow/Lab3/hls_component_dct/dct/hls/.autopilot/db/dct.pp.0.c.xilinx-dataflow-lawyer.out.log 2> /home/rimurutempest/Code/LSI_Design_Contest/HLS_DesignFlow/Lab3/hls_component_dct/dct/hls/.autopilot/db/dct.pp.0.c.xilinx-dataflow-lawyer.err.log
Execute       ap_part_info -name xc7z020-clg400-1 -data info 
INFO-FLOW: compiling source code to llvm bc
INFO-FLOW: run_clang exec: /home/rimurutempest/Tool/Xilinx/Vitis/2024.2/lnx64/tools/clang-3.9-csynth/bin/clang -foptimization-record-file=/home/rimurutempest/Code/LSI_Design_Contest/HLS_DesignFlow/Lab3/hls_component_dct/dct/hls/.autopilot/db/dct.pp.0.c.clang.diag.yml -mllvm -pass-remarks-missed=reflow|pasta|unroll|inline -mllvm -pass-remarks=reflow|pasta|unroll|inline -fno-limit-debug-info -fhls -flto -fno-exceptions -Wno-error=c++11-narrowing -hls-emit-hint-scope /home/rimurutempest/Code/LSI_Design_Contest/HLS_DesignFlow/Lab3/hls_component_dct/dct/hls/.autopilot/db/dct.pp.0.c -fno-math-errno -c -emit-llvm -mllvm -disable-llvm-optzns -Werror=implicit-function-declaration -Werror=implicit-hls-streams -Werror=return-type -Wpragmas -Wunused-parameter -Wdump-hls-pragmas -Wno-error=dump-hls-pragmas -hls-clock-period=10 -std=gnu99 -fgnu89-inline -target fpga64-xilinx-linux-gnu -D__VITIS_HLS__ -DAESL_SYN -D__SYNTHESIS__ -D__HLS_SYN__ -I /home/rimurutempest/Tool/Xilinx/Vitis/2024.2/common/technology/autopilot -I /home/rimurutempest/Tool/Xilinx/Vitis/2024.2/common/technology/autopilot/ap_sysc -include etc/autopilot_ssdm_op.h -D__DSP48E1__ -g -o /home/rimurutempest/Code/LSI_Design_Contest/HLS_DesignFlow/Lab3/hls_component_dct/dct/hls/.autopilot/db/dct.bc -hls-platform-db-name=/home/rimurutempest/Tool/Xilinx/Vitis/2024.2/common/technology/xilinx/common/platform.db -hls-platform-name=zynq_slow -device-resource-info=BRAM_280.000000_DSP_220.000000_FF_106400.000000_LUT_53200.000000_SLICE_13300.000000_URAM_0.000000 -device-name-info=xc7z020clg400-1 > /home/rimurutempest/Code/LSI_Design_Contest/HLS_DesignFlow/Lab3/hls_component_dct/dct/hls/.autopilot/db/dct.pp.0.c.clang.out.log 2> /home/rimurutempest/Code/LSI_Design_Contest/HLS_DesignFlow/Lab3/hls_component_dct/dct/hls/.autopilot/db/dct.pp.0.c.clang.err.log
INFO: [HLS 200-111] Finished Source Code Analysis and Preprocessing: CPU user time: 0.18 seconds. CPU system time: 0.36 seconds. Elapsed time: 0.66 seconds; current allocated memory: 248.371 MB.
INFO-FLOW: Linking Debug ...
INFO-FLOW: Linking dut bc code.
Execute       run_link_or_opt -out /home/rimurutempest/Code/LSI_Design_Contest/HLS_DesignFlow/Lab3/hls_component_dct/dct/hls/.autopilot/db/a.g.ld.0.bc -args  "/home/rimurutempest/Code/LSI_Design_Contest/HLS_DesignFlow/Lab3/hls_component_dct/dct/hls/.autopilot/db/dct.g.bc"  
INFO-FLOW: run_clang exec: /home/rimurutempest/Tool/Xilinx/Vitis/2024.2/lnx64/tools/clang-3.9-csynth/bin/llvm-link /home/rimurutempest/Code/LSI_Design_Contest/HLS_DesignFlow/Lab3/hls_component_dct/dct/hls/.autopilot/db/dct.g.bc -o /home/rimurutempest/Code/LSI_Design_Contest/HLS_DesignFlow/Lab3/hls_component_dct/dct/hls/.autopilot/db/a.g.ld.0.bc > /home/rimurutempest/Code/LSI_Design_Contest/HLS_DesignFlow/Lab3/hls_component_dct/dct/hls/.autopilot/db/a.g.ld.0.bc.llvm-link.out.log 2> /home/rimurutempest/Code/LSI_Design_Contest/HLS_DesignFlow/Lab3/hls_component_dct/dct/hls/.autopilot/db/a.g.ld.0.bc.llvm-link.err.log
Execute       run_link_or_opt -opt -out /home/rimurutempest/Code/LSI_Design_Contest/HLS_DesignFlow/Lab3/hls_component_dct/dct/hls/.autopilot/db/a.g.ld.1.lower.bc -args /home/rimurutempest/Code/LSI_Design_Contest/HLS_DesignFlow/Lab3/hls_component_dct/dct/hls/.autopilot/db/a.g.ld.0.bc -reflow-lower-math-intrinsics 
INFO-FLOW: run_clang exec: /home/rimurutempest/Tool/Xilinx/Vitis/2024.2/lnx64/tools/clang-3.9-csynth/bin/opt -pass-remarks-missed=reflow|pasta|unroll|inline -pass-remarks=reflow|pasta|unroll|inline -pass-remarks-output=/home/rimurutempest/Code/LSI_Design_Contest/HLS_DesignFlow/Lab3/hls_component_dct/dct/hls/.autopilot/db/a.g.ld.1.lower.bc.opt.diag.yml /home/rimurutempest/Code/LSI_Design_Contest/HLS_DesignFlow/Lab3/hls_component_dct/dct/hls/.autopilot/db/a.g.ld.0.bc -reflow-lower-math-intrinsics -o /home/rimurutempest/Code/LSI_Design_Contest/HLS_DesignFlow/Lab3/hls_component_dct/dct/hls/.autopilot/db/a.g.ld.1.lower.bc > /home/rimurutempest/Code/LSI_Design_Contest/HLS_DesignFlow/Lab3/hls_component_dct/dct/hls/.autopilot/db/a.g.ld.1.lower.bc.opt.out.log 2> /home/rimurutempest/Code/LSI_Design_Contest/HLS_DesignFlow/Lab3/hls_component_dct/dct/hls/.autopilot/db/a.g.ld.1.lower.bc.opt.err.log
INFO-FLOW: Running: gen_design_size_report post-opt
INFO-FLOW: Done: gen_design_size_report post-opt time: 0 seconds per iteration
INFO-FLOW: Linking math bc lib
Execute       run_link_or_opt -out /home/rimurutempest/Code/LSI_Design_Contest/HLS_DesignFlow/Lab3/hls_component_dct/dct/hls/.autopilot/db/a.g.ld.2.m1.bc -args /home/rimurutempest/Code/LSI_Design_Contest/HLS_DesignFlow/Lab3/hls_component_dct/dct/hls/.autopilot/db/a.g.ld.1.lower.bc -only-needed /home/rimurutempest/Tool/Xilinx/Vitis/2024.2/lnx64/lib/libhlsm_39.bc /home/rimurutempest/Tool/Xilinx/Vitis/2024.2/lnx64/lib/libhlsmc++_39.bc 
INFO-FLOW: run_clang exec: /home/rimurutempest/Tool/Xilinx/Vitis/2024.2/lnx64/tools/clang-3.9-csynth/bin/llvm-link /home/rimurutempest/Code/LSI_Design_Contest/HLS_DesignFlow/Lab3/hls_component_dct/dct/hls/.autopilot/db/a.g.ld.1.lower.bc -only-needed /home/rimurutempest/Tool/Xilinx/Vitis/2024.2/lnx64/lib/libhlsm_39.bc /home/rimurutempest/Tool/Xilinx/Vitis/2024.2/lnx64/lib/libhlsmc++_39.bc -o /home/rimurutempest/Code/LSI_Design_Contest/HLS_DesignFlow/Lab3/hls_component_dct/dct/hls/.autopilot/db/a.g.ld.2.m1.bc > /home/rimurutempest/Code/LSI_Design_Contest/HLS_DesignFlow/Lab3/hls_component_dct/dct/hls/.autopilot/db/a.g.ld.2.m1.bc.llvm-link.out.log 2> /home/rimurutempest/Code/LSI_Design_Contest/HLS_DesignFlow/Lab3/hls_component_dct/dct/hls/.autopilot/db/a.g.ld.2.m1.bc.llvm-link.err.log
Command       run_link_or_opt done; 1.34 sec.
Execute       run_link_or_opt -opt -out /home/rimurutempest/Code/LSI_Design_Contest/HLS_DesignFlow/Lab3/hls_component_dct/dct/hls/.autopilot/db/a.g.ld.3.fpc.bc -args /home/rimurutempest/Code/LSI_Design_Contest/HLS_DesignFlow/Lab3/hls_component_dct/dct/hls/.autopilot/db/a.g.ld.2.m1.bc -reflow-globaldce -hls-top-function-name=dct -reflow-float-conversion 
INFO-FLOW: run_clang exec: /home/rimurutempest/Tool/Xilinx/Vitis/2024.2/lnx64/tools/clang-3.9-csynth/bin/opt -pass-remarks-missed=reflow|pasta|unroll|inline -pass-remarks=reflow|pasta|unroll|inline -pass-remarks-output=/home/rimurutempest/Code/LSI_Design_Contest/HLS_DesignFlow/Lab3/hls_component_dct/dct/hls/.autopilot/db/a.g.ld.3.fpc.bc.opt.diag.yml /home/rimurutempest/Code/LSI_Design_Contest/HLS_DesignFlow/Lab3/hls_component_dct/dct/hls/.autopilot/db/a.g.ld.2.m1.bc -reflow-globaldce -hls-top-function-name=dct -reflow-float-conversion -o /home/rimurutempest/Code/LSI_Design_Contest/HLS_DesignFlow/Lab3/hls_component_dct/dct/hls/.autopilot/db/a.g.ld.3.fpc.bc > /home/rimurutempest/Code/LSI_Design_Contest/HLS_DesignFlow/Lab3/hls_component_dct/dct/hls/.autopilot/db/a.g.ld.3.fpc.bc.opt.out.log 2> /home/rimurutempest/Code/LSI_Design_Contest/HLS_DesignFlow/Lab3/hls_component_dct/dct/hls/.autopilot/db/a.g.ld.3.fpc.bc.opt.err.log
INFO-FLOW: Running: gen_design_size_report post-opt
INFO-FLOW: Done: gen_design_size_report post-opt time: 0 seconds per iteration
Command       run_link_or_opt done; 0.57 sec.
Execute       run_link_or_opt -out /home/rimurutempest/Code/LSI_Design_Contest/HLS_DesignFlow/Lab3/hls_component_dct/dct/hls/.autopilot/db/a.g.ld.4.m2.bc -args /home/rimurutempest/Code/LSI_Design_Contest/HLS_DesignFlow/Lab3/hls_component_dct/dct/hls/.autopilot/db/a.g.ld.3.fpc.bc -only-needed /home/rimurutempest/Tool/Xilinx/Vitis/2024.2/lnx64/lib/libfloatconversion_39.bc 
INFO-FLOW: run_clang exec: /home/rimurutempest/Tool/Xilinx/Vitis/2024.2/lnx64/tools/clang-3.9-csynth/bin/llvm-link /home/rimurutempest/Code/LSI_Design_Contest/HLS_DesignFlow/Lab3/hls_component_dct/dct/hls/.autopilot/db/a.g.ld.3.fpc.bc -only-needed /home/rimurutempest/Tool/Xilinx/Vitis/2024.2/lnx64/lib/libfloatconversion_39.bc -o /home/rimurutempest/Code/LSI_Design_Contest/HLS_DesignFlow/Lab3/hls_component_dct/dct/hls/.autopilot/db/a.g.ld.4.m2.bc > /home/rimurutempest/Code/LSI_Design_Contest/HLS_DesignFlow/Lab3/hls_component_dct/dct/hls/.autopilot/db/a.g.ld.4.m2.bc.llvm-link.out.log 2> /home/rimurutempest/Code/LSI_Design_Contest/HLS_DesignFlow/Lab3/hls_component_dct/dct/hls/.autopilot/db/a.g.ld.4.m2.bc.llvm-link.err.log
Execute       run_link_or_opt -opt -out /home/rimurutempest/Code/LSI_Design_Contest/HLS_DesignFlow/Lab3/hls_component_dct/dct/hls/.autopilot/db/a.g.ld.5.gdce.bc -args /home/rimurutempest/Code/LSI_Design_Contest/HLS_DesignFlow/Lab3/hls_component_dct/dct/hls/.autopilot/db/a.g.ld.4.m2.bc -reflow-globaldce -hls-top-function-name=dct 
INFO-FLOW: run_clang exec: /home/rimurutempest/Tool/Xilinx/Vitis/2024.2/lnx64/tools/clang-3.9-csynth/bin/opt -pass-remarks-missed=reflow|pasta|unroll|inline -pass-remarks=reflow|pasta|unroll|inline -pass-remarks-output=/home/rimurutempest/Code/LSI_Design_Contest/HLS_DesignFlow/Lab3/hls_component_dct/dct/hls/.autopilot/db/a.g.ld.5.gdce.bc.opt.diag.yml /home/rimurutempest/Code/LSI_Design_Contest/HLS_DesignFlow/Lab3/hls_component_dct/dct/hls/.autopilot/db/a.g.ld.4.m2.bc -reflow-globaldce -hls-top-function-name=dct -o /home/rimurutempest/Code/LSI_Design_Contest/HLS_DesignFlow/Lab3/hls_component_dct/dct/hls/.autopilot/db/a.g.ld.5.gdce.bc > /home/rimurutempest/Code/LSI_Design_Contest/HLS_DesignFlow/Lab3/hls_component_dct/dct/hls/.autopilot/db/a.g.ld.5.gdce.bc.opt.out.log 2> /home/rimurutempest/Code/LSI_Design_Contest/HLS_DesignFlow/Lab3/hls_component_dct/dct/hls/.autopilot/db/a.g.ld.5.gdce.bc.opt.err.log
INFO-FLOW: Running: gen_design_size_report post-opt
INFO-FLOW: Done: gen_design_size_report post-opt time: 0 seconds per iteration
Execute       send_msg_by_id INFO @200-777@%s Vivado 
INFO: [HLS 200-777] Using interface defaults for 'Vivado' flow target.
Execute       is_m_axi_addr64 
INFO-FLOW: Doing LTO.
INFO-FLOW: run_clang (background poll_ms 5000) exec: /home/rimurutempest/Tool/Xilinx/Vitis/2024.2/lnx64/tools/clang-3.9-csynth/bin/clang -foptimization-record-file=/home/rimurutempest/Code/LSI_Design_Contest/HLS_DesignFlow/Lab3/hls_component_dct/dct/hls/.autopilot/db/a.g.ld.0.bc.clang.reflow.diag.yml -mllvm -pass-remarks-missed=reflow|pasta|unroll|inline -mllvm -pass-remarks=reflow|pasta|unroll|inline -fhls -mllvm -hls-top-function-name=dct -mllvm -hls-db-dir -mllvm /home/rimurutempest/Code/LSI_Design_Contest/HLS_DesignFlow/Lab3/hls_component_dct/dct/hls/.autopilot/db -emit-llvm -c -target fpga64-xilinx-none -mllvm -xcl-xmlinfo=/home/rimurutempest/Code/LSI_Design_Contest/HLS_DesignFlow/Lab3/hls_component_dct/dct/hls/.autopilot/db/kernel.internal.xml -mllvm -top-io-mapping-info=/home/rimurutempest/Code/LSI_Design_Contest/HLS_DesignFlow/Lab3/hls_component_dct/dct/hls/.autopilot/db/top-io-fe.xml -mllvm -hls-bitcode-version=3.1 -mllvm -reflow-enable-slave-interface-default-setting=true -mllvm -gen-kernel-xml=false -mllvm -default-maxi-offset=slave -mllvm -maxi-latency=0 -mllvm -hls-maxi-data-size-in-bits=8 -mllvm -hls-maxi-max-data-size-in-bits=1024 -mllvm -hls-max-widen-size-in-bits=0 -mllvm -xcl-kernel-max-mem-ports=0 -mllvm -maxi-read-trans=16 -mllvm -maxi-write-trans=16 -mllvm -maxi-read-burst-len=16 -mllvm -maxi-write-burst-len=16 -mllvm -reflow-enable-saxi-64bits=0 -mllvm -reflow-basic-block-instr-threshold=200000 -mllvm -reflow-auto-pipeline-threshold=64 -mllvm -reflow-enable-maxi-auto-id-channel=0 -mllvm -reflow-bdd-simplify-threshold=1048576 -mllvm -reflow-fanout-threshold=16 -mllvm -reflow-complete-threshold=4 -mllvm -reflow-array-promotion-threshold=64 -mllvm -assume-maxi-align=1 -mllvm -reflow-enable-dataflow-strict-mode-checking=1 -ftime-report -mllvm -time-passes -mllvm -reflow-auto-array-partition-mode=default -mllvm -reflow-enable-auto-small-array-partition=true -mllvm -reflow-enable-auto-array-promotion=true -mllvm -reflow-enable-auto-array-partition-for-flatten=true -mllvm -reflow-enable-auto-parallel-performance-driven=true -mllvm -reflow-enable-partition-for-automation=true -mllvm -reflow-aggregate-bitwidth-threshold=4096 -mllvm -reflow-reserved-saxilite-registers=0 -mllvm -enable-reflow-auto-loop-pipeline -mllvm -reflow-max-unroll-threshold=409600 -mllvm -auto-unroll-tripcount-threshold=0 -mllvm -reflow-assume-no-address-wrap=true -mllvm -reflow-enable-occurrence-inference=true -mllvm -reflow-emit-hint-scope=true -mllvm -reflow-enable-codegen-with-if=true -mllvm -reflow-enable-dataflow-canon=true -mllvm -reflow-enable-dataflow-canon2=true -mllvm -hls -mllvm -disable-inlined-alloca-merging=true -mllvm -default-clock-period=10 -mllvm -use_read_first_ram_in_loop=1 -mllvm -default-clock-uncertainty=2.7 -x ir /home/rimurutempest/Code/LSI_Design_Contest/HLS_DesignFlow/Lab3/hls_component_dct/dct/hls/.autopilot/db/a.g.ld.5.gdce.bc -o /home/rimurutempest/Code/LSI_Design_Contest/HLS_DesignFlow/Lab3/hls_component_dct/dct/hls/.autopilot/db/a.g.lto.bc -hls-platform-db-name=/home/rimurutempest/Tool/Xilinx/Vitis/2024.2/common/technology/xilinx/common/platform.db -hls-platform-name=zynq_slow -device-resource-info=BRAM_280.000000_DSP_220.000000_FF_106400.000000_LUT_53200.000000_SLICE_13300.000000_URAM_0.000000 -device-name-info=xc7z020clg400-1 2> /home/rimurutempest/Code/LSI_Design_Contest/HLS_DesignFlow/Lab3/hls_component_dct/dct/hls/.autopilot/db/a.g.ld.0.bc.clang.reflow.err.log bg_poll_cmd: ::AP::poll_clang_39_closed_source
Execute       send_msg_by_id INFO @200-1995@%s%s%s 242 Compile/Link /home/rimurutempest/Code/LSI_Design_Contest/HLS_DesignFlow/Lab3/hls_component_dct/dct/hls/syn/report/csynth_design_size.rpt 
INFO: [HLS 200-1995] There were 242 instructions in the design after the 'Compile/Link' phase of compilation. See the Design Size Report for more details: /home/rimurutempest/Code/LSI_Design_Contest/HLS_DesignFlow/Lab3/hls_component_dct/dct/hls/syn/report/csynth_design_size.rpt
Execute       send_msg_by_id INFO @200-1995@%s%s%s 178 Unroll/Inline (step 1) /home/rimurutempest/Code/LSI_Design_Contest/HLS_DesignFlow/Lab3/hls_component_dct/dct/hls/syn/report/csynth_design_size.rpt 
INFO: [HLS 200-1995] There were 178 instructions in the design after the 'Unroll/Inline (step 1)' phase of compilation. See the Design Size Report for more details: /home/rimurutempest/Code/LSI_Design_Contest/HLS_DesignFlow/Lab3/hls_component_dct/dct/hls/syn/report/csynth_design_size.rpt
Execute       send_msg_by_id INFO @200-1995@%s%s%s 156 Unroll/Inline (step 2) /home/rimurutempest/Code/LSI_Design_Contest/HLS_DesignFlow/Lab3/hls_component_dct/dct/hls/syn/report/csynth_design_size.rpt 
INFO: [HLS 200-1995] There were 156 instructions in the design after the 'Unroll/Inline (step 2)' phase of compilation. See the Design Size Report for more details: /home/rimurutempest/Code/LSI_Design_Contest/HLS_DesignFlow/Lab3/hls_component_dct/dct/hls/syn/report/csynth_design_size.rpt
Execute       send_msg_by_id INFO @200-1995@%s%s%s 142 Unroll/Inline (step 3) /home/rimurutempest/Code/LSI_Design_Contest/HLS_DesignFlow/Lab3/hls_component_dct/dct/hls/syn/report/csynth_design_size.rpt 
INFO: [HLS 200-1995] There were 142 instructions in the design after the 'Unroll/Inline (step 3)' phase of compilation. See the Design Size Report for more details: /home/rimurutempest/Code/LSI_Design_Contest/HLS_DesignFlow/Lab3/hls_component_dct/dct/hls/syn/report/csynth_design_size.rpt
Execute       send_msg_by_id INFO @200-1995@%s%s%s 133 Unroll/Inline (step 4) /home/rimurutempest/Code/LSI_Design_Contest/HLS_DesignFlow/Lab3/hls_component_dct/dct/hls/syn/report/csynth_design_size.rpt 
INFO: [HLS 200-1995] There were 133 instructions in the design after the 'Unroll/Inline (step 4)' phase of compilation. See the Design Size Report for more details: /home/rimurutempest/Code/LSI_Design_Contest/HLS_DesignFlow/Lab3/hls_component_dct/dct/hls/syn/report/csynth_design_size.rpt
Execute       send_msg_by_id INFO @200-1995@%s%s%s 133 Array/Struct (step 1) /home/rimurutempest/Code/LSI_Design_Contest/HLS_DesignFlow/Lab3/hls_component_dct/dct/hls/syn/report/csynth_design_size.rpt 
INFO: [HLS 200-1995] There were 133 instructions in the design after the 'Array/Struct (step 1)' phase of compilation. See the Design Size Report for more details: /home/rimurutempest/Code/LSI_Design_Contest/HLS_DesignFlow/Lab3/hls_component_dct/dct/hls/syn/report/csynth_design_size.rpt
Execute       send_msg_by_id INFO @200-1995@%s%s%s 133 Array/Struct (step 2) /home/rimurutempest/Code/LSI_Design_Contest/HLS_DesignFlow/Lab3/hls_component_dct/dct/hls/syn/report/csynth_design_size.rpt 
INFO: [HLS 200-1995] There were 133 instructions in the design after the 'Array/Struct (step 2)' phase of compilation. See the Design Size Report for more details: /home/rimurutempest/Code/LSI_Design_Contest/HLS_DesignFlow/Lab3/hls_component_dct/dct/hls/syn/report/csynth_design_size.rpt
Execute       send_msg_by_id INFO @200-1995@%s%s%s 133 Array/Struct (step 3) /home/rimurutempest/Code/LSI_Design_Contest/HLS_DesignFlow/Lab3/hls_component_dct/dct/hls/syn/report/csynth_design_size.rpt 
INFO: [HLS 200-1995] There were 133 instructions in the design after the 'Array/Struct (step 3)' phase of compilation. See the Design Size Report for more details: /home/rimurutempest/Code/LSI_Design_Contest/HLS_DesignFlow/Lab3/hls_component_dct/dct/hls/syn/report/csynth_design_size.rpt
Execute       send_msg_by_id INFO @200-1995@%s%s%s 133 Array/Struct (step 4) /home/rimurutempest/Code/LSI_Design_Contest/HLS_DesignFlow/Lab3/hls_component_dct/dct/hls/syn/report/csynth_design_size.rpt 
INFO: [HLS 200-1995] There were 133 instructions in the design after the 'Array/Struct (step 4)' phase of compilation. See the Design Size Report for more details: /home/rimurutempest/Code/LSI_Design_Contest/HLS_DesignFlow/Lab3/hls_component_dct/dct/hls/syn/report/csynth_design_size.rpt
Execute       send_msg_by_id INFO @200-1995@%s%s%s 135 Array/Struct (step 5) /home/rimurutempest/Code/LSI_Design_Contest/HLS_DesignFlow/Lab3/hls_component_dct/dct/hls/syn/report/csynth_design_size.rpt 
INFO: [HLS 200-1995] There were 135 instructions in the design after the 'Array/Struct (step 5)' phase of compilation. See the Design Size Report for more details: /home/rimurutempest/Code/LSI_Design_Contest/HLS_DesignFlow/Lab3/hls_component_dct/dct/hls/syn/report/csynth_design_size.rpt
Execute       send_msg_by_id INFO @200-1995@%s%s%s 135 Performance (step 1) /home/rimurutempest/Code/LSI_Design_Contest/HLS_DesignFlow/Lab3/hls_component_dct/dct/hls/syn/report/csynth_design_size.rpt 
INFO: [HLS 200-1995] There were 135 instructions in the design after the 'Performance (step 1)' phase of compilation. See the Design Size Report for more details: /home/rimurutempest/Code/LSI_Design_Contest/HLS_DesignFlow/Lab3/hls_component_dct/dct/hls/syn/report/csynth_design_size.rpt
Execute       send_msg_by_id INFO @200-1995@%s%s%s 133 Performance (step 2) /home/rimurutempest/Code/LSI_Design_Contest/HLS_DesignFlow/Lab3/hls_component_dct/dct/hls/syn/report/csynth_design_size.rpt 
INFO: [HLS 200-1995] There were 133 instructions in the design after the 'Performance (step 2)' phase of compilation. See the Design Size Report for more details: /home/rimurutempest/Code/LSI_Design_Contest/HLS_DesignFlow/Lab3/hls_component_dct/dct/hls/syn/report/csynth_design_size.rpt
Execute       send_msg_by_id INFO @200-1995@%s%s%s 133 Performance (step 3) /home/rimurutempest/Code/LSI_Design_Contest/HLS_DesignFlow/Lab3/hls_component_dct/dct/hls/syn/report/csynth_design_size.rpt 
INFO: [HLS 200-1995] There were 133 instructions in the design after the 'Performance (step 3)' phase of compilation. See the Design Size Report for more details: /home/rimurutempest/Code/LSI_Design_Contest/HLS_DesignFlow/Lab3/hls_component_dct/dct/hls/syn/report/csynth_design_size.rpt
Execute       send_msg_by_id INFO @200-1995@%s%s%s 133 Performance (step 4) /home/rimurutempest/Code/LSI_Design_Contest/HLS_DesignFlow/Lab3/hls_component_dct/dct/hls/syn/report/csynth_design_size.rpt 
INFO: [HLS 200-1995] There were 133 instructions in the design after the 'Performance (step 4)' phase of compilation. See the Design Size Report for more details: /home/rimurutempest/Code/LSI_Design_Contest/HLS_DesignFlow/Lab3/hls_component_dct/dct/hls/syn/report/csynth_design_size.rpt
Execute       send_msg_by_id INFO @200-1995@%s%s%s 137 HW Transforms (step 1) /home/rimurutempest/Code/LSI_Design_Contest/HLS_DesignFlow/Lab3/hls_component_dct/dct/hls/syn/report/csynth_design_size.rpt 
INFO: [HLS 200-1995] There were 137 instructions in the design after the 'HW Transforms (step 1)' phase of compilation. See the Design Size Report for more details: /home/rimurutempest/Code/LSI_Design_Contest/HLS_DesignFlow/Lab3/hls_component_dct/dct/hls/syn/report/csynth_design_size.rpt
Execute       send_msg_by_id INFO @200-1995@%s%s%s 183 HW Transforms (step 2) /home/rimurutempest/Code/LSI_Design_Contest/HLS_DesignFlow/Lab3/hls_component_dct/dct/hls/syn/report/csynth_design_size.rpt 
INFO: [HLS 200-1995] There were 183 instructions in the design after the 'HW Transforms (step 2)' phase of compilation. See the Design Size Report for more details: /home/rimurutempest/Code/LSI_Design_Contest/HLS_DesignFlow/Lab3/hls_component_dct/dct/hls/syn/report/csynth_design_size.rpt
Execute       source /home/rimurutempest/Tool/Xilinx/Vitis/2024.2/tps/tcl/tcllib1.11.1/yaml/yaml.tcl 
INFO: [HLS 214-178] Inlining function 'dct_1d' into 'dct_2d' (../source/dct.c:52:0)
INFO: [HLS 214-178] Inlining function 'read_data' into 'dct' (../source/dct.c:108:0)
INFO: [HLS 214-178] Inlining function 'dct_2d' into 'dct' (../source/dct.c:108:0)
INFO: [HLS 214-178] Inlining function 'write_data' into 'dct' (../source/dct.c:108:0)
INFO: [HLS 214-376] automatically set the pipeline for Loop< WR_Loop_Col> at ../source/dct.c:102:7 
INFO-FLOW: DBG:PUTS: copy_raw_kernel_xml ap_link_39: kernel.xml not generated: /home/rimurutempest/Code/LSI_Design_Contest/HLS_DesignFlow/Lab3/hls_component_dct/dct/hls/.autopilot/db/kernel.internal.xml
INFO: [HLS 200-111] Finished Compiling Optimization and Transform: CPU user time: 2.01 seconds. CPU system time: 0.52 seconds. Elapsed time: 7.19 seconds; current allocated memory: 250.348 MB.
INFO: [HLS 200-111] Finished Checking Pragmas: CPU user time: 0 seconds. CPU system time: 0 seconds. Elapsed time: 0 seconds; current allocated memory: 250.348 MB.
Execute       opt_and_import_c a -opt_level=2 -skip_syncheck=0 -ng=0 -keep_printf=0 
Execute         cleanup_all_models 
INFO: [HLS 200-10] Starting code transformations ...
INFO-FLOW: Running Standard Transforms...
Execute         transform -hls -share-std-xform -demangle-name -inline-byval-memcpy -always-inline -promote-dbg-pointer -interface-preproc -mem2reg -scalarrepl -mem2reg -keep-read-access -instcombine -dce -promote-dbg-pointer -bitop-raise -loop-simplify -indvarspre -indvars -loop-simplify -constprop -instcombine -simplifycfg -indvars -simplifycfg -dce -globaldce -basicaa -simplifycfg -mem2reg -globalopt -global-constprop -deadargelim -instcombine -simplifycfg -scalarrepl -instcombine -reassociate -licm -simplifycfg -loop-simplify -indvars -instcombine -simplifycfg -mem2reg -loop-simplify -indvars -instcombine -gvn -gvn -instcombine -adce -break-crit-edges -simplifycfg -loop-delete -global-array-opt -dce -dse -adce -find-syn-modules -top dct -deadargelim -mem2reg -instcombine -dce -presyn-prepare -interface-preproc -syn-check -check-rec-only -find-region -simplifycfg -func-extr -function-inline -globaldce -mem2reg -instcombine -dce -gvn -globaldce -adce -adse -constprop -instcombine -bit-constprop -instcombine -dce -simplifycfg -bitop-raise -simplifycfg -dce -loop-delete -reassociate -globalopt -global-privatize -mem2reg -dce -global-constprop -pointer-simplify -constprop -dce -promote-dbg-pointer -norm-name /home/rimurutempest/Code/LSI_Design_Contest/HLS_DesignFlow/Lab3/hls_component_dct/dct/hls/.autopilot/db/a.g.0.bc -o /home/rimurutempest/Code/LSI_Design_Contest/HLS_DesignFlow/Lab3/hls_component_dct/dct/hls/.autopilot/db/a.g.1.bc -f -phase std-opt 
INFO: [HLS 200-111] Finished Standard Transforms: CPU user time: 0.02 seconds. CPU system time: 0.01 seconds. Elapsed time: 0.04 seconds; current allocated memory: 250.559 MB.
INFO: [HLS 200-10] Checking synthesizability ...
INFO-FLOW: Checking Synthesizability 1/2..
Execute         transform -hls -syn-check -check-rec-only -scalarrepl -norm-name -dce -mem2reg -instcombine -directive-preproc -mem2reg -dse -dce -dce -pag -array-normalize -instcombine -dce -array-seg-normalize -instcombine -dce -data-pack -instcombine -dce -inst-simplify -array-flatten -instcombine -dce -array-burst -dce -deadargelim -promote-global-argument -simplifycfg -mem2reg -globaldce -dce -deadargelim -dce -instcombine -function-inline -globaldce -dce -doublePtrSimplify -doublePtrElim -dce -doublePtrSimplify -promote-dbg-pointer -dce -scalarrepl -dse -adse -instcombine -ptrLegalization -simplifycfg -dce -instcombine -pointer-simplify -ptrArgReplace -dce -instcombine -resolve-double-ptr -scalarrepl -norm-name -dce -mem2reg -instcombine -ptrLegalization -simplifycfg -deadargelim -instcombine -dce -inst-simplify -directive-preproc -mem2reg -dse -dce -globaldce /home/rimurutempest/Code/LSI_Design_Contest/HLS_DesignFlow/Lab3/hls_component_dct/dct/hls/.autopilot/db/a.g.1.bc -o /home/rimurutempest/Code/LSI_Design_Contest/HLS_DesignFlow/Lab3/hls_component_dct/dct/hls/.autopilot/db/a.g.2.prechk.bc -f 
INFO-FLOW: Checking Synthesizability 2/2..
Execute         transform -syn-check /home/rimurutempest/Code/LSI_Design_Contest/HLS_DesignFlow/Lab3/hls_component_dct/dct/hls/.autopilot/db/a.g.2.prechk.bc -o /home/rimurutempest/Code/LSI_Design_Contest/HLS_DesignFlow/Lab3/hls_component_dct/dct/hls/.autopilot/db/a.g.2.bc -f -phase syn-check 
INFO: [HLS 200-111] Finished Checking Synthesizability: CPU user time: 0.01 seconds. CPU system time: 0 seconds. Elapsed time: 0.02 seconds; current allocated memory: 250.711 MB.
INFO-FLOW: Compiler optimizing ...
INFO-FLOW: Share syncheck's 1.bc for syn flow: copy /home/rimurutempest/Code/LSI_Design_Contest/HLS_DesignFlow/Lab3/hls_component_dct/dct/hls/.autopilot/db/a.g.1.bc to /home/rimurutempest/Code/LSI_Design_Contest/HLS_DesignFlow/Lab3/hls_component_dct/dct/hls/.autopilot/db/a.o.1.bc
INFO-FLOW: Presyn 1...
Execute         transform -hls -tmp /home/rimurutempest/Code/LSI_Design_Contest/HLS_DesignFlow/Lab3/hls_component_dct/dct/hls/.autopilot/db -interface-port-rename -directive-preproc -mem2reg -dse -dce -scalarrepl -norm-name -deadargelim -dce -hls-dead-arg-elim -deadargelim -mem2reg -instcombine -dce -simplifycfg -dce -resource-proc -clib-intrinsic-prepare -dce -func-buffer -dce -pag -array-normalize -func-legal -instcombine -gvn -constprop -dce -simplifycfg -mem2reg -globaldce -resolve-double-ptr -dce -deadargelim -dce -instcombine -ptrArgReplace -mem2reg -dce -array-seg-normalize -deadargelim -instcombine -dce -directive-preproc -mem2reg -dse -dce -pointer-simplify -dce -port-alignment -dce -interface-preproc -data-pack -instcombine -dce -basicaa -aggr-aa -aggrmodref-aa -aggr-aa -gvn -gvn -basicaa -aggr-aa -aggrmodref-aa -aggr-aa -dse -adse -adce -loop-simplify -indvars -instcombine -gvn -loop-simplify -mem2reg -dce -find-region -instcombine -inst-simplify -interface-preproc -cfgopt -instcombine -indvars -loop-simplify -loop-bound -constprop -instcombine -simplifycfg -indvars -simplifycfg -dce -globaldce -clean-region -attach-range -gvn -inst-simplify -constprop -simplifycfg -dce -pointer-simplify -dce -globalopt -constprop -dce -ptrArgReplace -mem2reg -simplifycfg -dce -instcombine -dce -array-transform-check -array-reshape -instcombine -simplifycfg -dce -ptrArgReplace -deadargelim -mem2reg -instcombine -simplifycfg -dce -indvars -loop-simplify -loop-bound -constprop -instcombine -simplifycfg -indvars -simplifycfg -dce -globaldce -basicaa -aggr-aa -aggrmodref-aa -aggr-aa -dse -duplicate-dataflow-processes -globaldce -instcombine -array-partition -prepare-dynamic-array-partition -instcombine -simplifycfg -dce -ptrArgReplace -global-constprop -deadargelim -mem2reg -func-legal -dce -global-constprop -deadargelim -mem2reg -simplifycfg -dce -merge-param -deadargelim -globalopt -constprop -dce -ptrArgReplace -mem2reg -simplifycfg -dce -mem-intrinsic-preproc -dce -global-internalize -global-privatize -mem2reg -globaldce -lcssa -loop-simplify -phi-select-elim -promote-global-argument -ptrArgReplace -mem2reg -dce -globalopt -mergereturn -simplify-global-access -mem2reg -dce -pointer-simplify -dce -basicaa -aggr-aa -aggrmodref-aa -aggr-aa -functionattrs -basicaa -aggr-aa -aggrmodref-aa -aggr-aa -gvn -gvn -basicaa -aggr-aa -aggrmodref-aa -aggr-aa -dse -adse -adce -dce -norm-name -basicaa -aggr-aa -aggrmodref-aa -aggr-aa -accesses-merge -function-inline -complex-op-raise -inst-simplify -globaldce -func-legal -dce -loop-bound -arraycheck -bitwidthmin2 -bitwidthmin2 -on-by-dataflow -loop-delete -instcombine -simplifycfg -globaldce -dce -gvn -deadargelim -dce -loop-simplify -clean-region -simplifycfg -propagate-stable-arguments -instcombine -simplifycfg -dce -globaldce -duplicate-dataflow-processes -stream-intrinsic-preproc -dce -check-ap-stream -loop-simplify -eliminate-keepreads -extract-dataflow-in-loop -loop-simplify -dce -gvn -deadargelim -dse -duplicate-dataflow-processes -check-dataflow-syntax -legalize-stream-variable -globaldce -legalize-global -extract-subproc -dce -dead-channel-elimination -canonicalize-gep -globaldce -dce -gvn -hls-dead-arg-elim -deadargelim -directive-preproc -canonicalize-dataflow -dce -globaldce -scalar-preprocessing -scalar-propagation2 -scalar-stream -deadargelim -globaldce -mem2reg -check-dataflow-channels -function-stream -dce -globaldce -prop-fifo-spec -internal-stream-gen -canonicalize-gep -globaldce -dce -gvn -deadargelim -mergereturn -indvars -loop-simplify -instcombine -array-stream -array-seg-normalize -array-partition -clean-array-spec -func-legal -instcombine -simplifycfg -dce -bundle-memfifo-ops -deadargelim -directive-preproc -mem2reg -dse -dce -group-axi-access -licm -simplifycfg -dce -loop-delete -hls-display -norm-name /home/rimurutempest/Code/LSI_Design_Contest/HLS_DesignFlow/Lab3/hls_component_dct/dct/hls/.autopilot/db/a.o.1.bc -o /home/rimurutempest/Code/LSI_Design_Contest/HLS_DesignFlow/Lab3/hls_component_dct/dct/hls/.autopilot/db/a.o.1.tmp.bc -f 
INFO-FLOW: Presyn 2...
Execute         transform -hls -keep-callgraph -scalarrepl -mem2reg -port-alignment -attach-range -dce -pipe-mux-gen -indvars -loop-bound -inst-simplify -instcombine -dce -merge-array-access -mem2reg -dce -clean-region -mergereturn -if-conv -instcombine -dce -constprop -basicaa -aggr-aa -aggrmodref-aa -aggr-aa -gvn -gvn -basicaa -aggr-aa -aggrmodref-aa -aggr-aa -dse -adse -adce -scalarrepl -mem2reg -global-constprop -deadargelim -deadargelim -instcombine -dce -simplifycfg -ptrArgReplace -mem2reg -function-inline -globaldce -mem2reg -instcombine -dce -expr-balance -instcombine -dce -bitwidthmin2 -bitwidthmin2 -interface-preproc -directive-preproc -inst-rectify -instcombine -dce -basicaa -aggr-aa -aggrmodref-aa -aggr-aa -functionattrs -constprop -instcombine -bit-constprop -simplify-global-access -globalopt -globaldce -inst-simplify -instcombine -elimdeaddata -dce -loop-delete -simplifycfg -loop-simplify -barrier -norm-name /home/rimurutempest/Code/LSI_Design_Contest/HLS_DesignFlow/Lab3/hls_component_dct/dct/hls/.autopilot/db/a.o.1.tmp.bc -o /home/rimurutempest/Code/LSI_Design_Contest/HLS_DesignFlow/Lab3/hls_component_dct/dct/hls/.autopilot/db/a.o.2.bc -f -phase presyn 
INFO: [HLS 200-111] Finished Loop, function and other optimizations: CPU user time: 0.05 seconds. CPU system time: 0.01 seconds. Elapsed time: 0.05 seconds; current allocated memory: 272.613 MB.
Execute         transform -hls -auto-function-inline -globaldce -ptrArgReplace -mem2reg -dce -reset-lda -loop-simplify -indvars -aggr-aa -licm -loop-dep -loop-bound -licm -loop-simplify -loop-sink-hoist -flattenloopnest -array-flatten -gvn -instcombine -dce -array-map -dce -func-legal -gvn -adce -instcombine -cfgopt -simplifycfg-lite -loop-simplify -array-burst -promote-global-argument -dce -array-seg-normalize -basicaa -aggrmodref-aa -globalsmodref-aa -aggr-aa -gvn -gvn -basicaa -aggrmodref-aa -globalsmodref-aa -aggr-aa -dse -adse -adce -licm -inst-simplify -dce -globaldce -instcombine -array-stream -eliminate-keepreads -instcombine -dce -deadargelim -doublePtrSimplify -doublePtrElim -dce -doublePtrSimplify -promote-dbg-pointer -dce -scalarrepl -mem2reg -norm-name -mem2reg -instcombine -dse -adse -adce -ptrLegalization -dce -array-flatten -dce -instcombine -check-doubleptr -loop-rot -constprop -inst-simplify -cfgopt -simplifycfg-lite -loop-simplify -indvars -pointer-simplify -dce -loop-bound -loop-simplify -loop-preproc -constprop -global-constprop -gvn -mem2reg -instcombine -dce -loop-bound -loop-merge -dce -deadargelim -dce -canonicalize-dataflow -dce -deadargelim -globaldce -mem2reg -bram-byte-enable -inst-simplify -inst-rectify -instcombine -adce -deadargelim -load-elim -read-loop-dep -loop-simplify -loop-rewind-sink-hoist -loop-outline -hls-dead-arg-elim -directive-preproc -bitwidthmin2 -bitwidthmin2 -read-loop-dep -interface-preproc -directive-preproc -interface-gen -bram-byte-enable-spec-prop -mul2addshift -deadargelim -inst-simplify -dce -mem2reg -instcombine -gvn -dce -adse -loop-bound -instcombine -cfgopt -simplifycfg-lite -loop-simplify -clean-region -io-protocol -find-region -mem2reg -bitop-raise -complex-op-raise -inst-simplify -inst-rectify -instcombine -adce -deadargelim -float-op-raise -loop-simplify -phi-opt -bitop-raise -cfgopt -simplifycfg-lite -strip-dead-prototypes -interface-lower -bitop-lower -intrinsic-lower -auto-function-inline -basicaa -aggrmodref-aa -globalsmodref-aa -aggr-aa -inst-simplify -simplifycfg-lite -loop-simplify -mergereturn -inst-simplify -inst-rectify -globaldce -dce -load-elim -bitop-lower -float-op-raise -fma-raise -loop-rewind -pointer-simplify -dce -cfgopt -dce -loop-bound -loop-dep -read-loop-dep -dce -dyn-mem-reuse -dce -recurrence-min -dce -share-scalar-alloca -deadargelim -dce -check-stream -norm-name -legalize -inst-clarity -bitwidth -dce -validate-dataflow -dump-loop-dep-to-ir -check-all-ssdm -dump-complexity-metric /home/rimurutempest/Code/LSI_Design_Contest/HLS_DesignFlow/Lab3/hls_component_dct/dct/hls/.autopilot/db/a.o.2.bc -o /home/rimurutempest/Code/LSI_Design_Contest/HLS_DesignFlow/Lab3/hls_component_dct/dct/hls/.autopilot/db/a.o.3.bc -f -phase build-ssdm 
INFO: [HLS 200-2061] Successfully converted nested loops 'WR_Loop_Row'(../source/dct.c:100:4) and 'WR_Loop_Col'(../source/dct.c:102:7) in function 'dct' into perfectly nested loops.
INFO: [XFORM 203-541] Flattening a loop nest 'WR_Loop_Row' (../source/dct.c:100:4) in function 'dct'.
Execute           auto_get_db
INFO-FLOW: Building ssdm...
Execute         transform -hls -cdfg-build /home/rimurutempest/Code/LSI_Design_Contest/HLS_DesignFlow/Lab3/hls_component_dct/dct/hls/.autopilot/db/a.o.3.bc -o /home/rimurutempest/Code/LSI_Design_Contest/HLS_DesignFlow/Lab3/hls_component_dct/dct/hls/.autopilot/db/a.o.3.bc -f -phase build-ssdm 
INFO: [HLS 200-111] Finished Architecture Synthesis: CPU user time: 0.05 seconds. CPU system time: 0 seconds. Elapsed time: 0.06 seconds; current allocated memory: 273.223 MB.
INFO-FLOW: Finish building internal data model.
Command       opt_and_import_c done; 0.17 sec.
Command     elaborate done; 8.02 sec.
Execute     ap_eval exec zip -j /home/rimurutempest/Code/LSI_Design_Contest/HLS_DesignFlow/Lab3/hls_component_dct/dct/hls/.autopilot/db/dut.hcp $dbDir/a.o.3.bc $dbDir/${topname}.rtl_wrap.cfg.tcl $dbDir/apatb_${topname}.cpp $dbDir/apatb_${topname}_util.cpp $dbDir/apatb_${topname}_ir.ll $dbDir/mapper_${topname}.cpp $dbDir/top-io-fe.xml $dbDir/kernel.internal.xml $workdir/../hls.app 
Execute     autosyn -from_csynth_design=1 
INFO: [HLS 200-10] Starting hardware synthesis ...
INFO-FLOW: Synthesizing C/C++ design ...
INFO: [HLS 200-10] Synthesizing 'dct' ...
Execute       ap_set_top_model dct 
Execute       get_model_list dct -filter all-wo-channel -topdown 
Execute       preproc_iomode -model dct 
Execute       preproc_iomode -model dct_Pipeline_WR_Loop_Row_WR_Loop_Col 
Execute       get_model_list dct -filter all-wo-channel 
INFO-FLOW: Model list for configure: dct_Pipeline_WR_Loop_Row_WR_Loop_Col dct
INFO-FLOW: Configuring Module : dct_Pipeline_WR_Loop_Row_WR_Loop_Col ...
Execute       set_default_model dct_Pipeline_WR_Loop_Row_WR_Loop_Col 
Execute       apply_spec_resource_limit dct_Pipeline_WR_Loop_Row_WR_Loop_Col 
INFO-FLOW: Configuring Module : dct ...
Execute       set_default_model dct 
Execute       apply_spec_resource_limit dct 
INFO-FLOW: Model list for preprocess: dct_Pipeline_WR_Loop_Row_WR_Loop_Col dct
INFO-FLOW: Preprocessing Module: dct_Pipeline_WR_Loop_Row_WR_Loop_Col ...
Execute       set_default_model dct_Pipeline_WR_Loop_Row_WR_Loop_Col 
Execute       cdfg_preprocess -model dct_Pipeline_WR_Loop_Row_WR_Loop_Col 
Execute       rtl_gen_preprocess dct_Pipeline_WR_Loop_Row_WR_Loop_Col 
INFO-FLOW: Preprocessing Module: dct ...
Execute       set_default_model dct 
Execute       cdfg_preprocess -model dct 
Execute       rtl_gen_preprocess dct 
INFO-FLOW: Model list for synthesis: dct_Pipeline_WR_Loop_Row_WR_Loop_Col dct
INFO: [HLS 200-10] ----------------------------------------------------------------
INFO: [HLS 200-42] -- Implementing module 'dct_Pipeline_WR_Loop_Row_WR_Loop_Col' 
INFO: [HLS 200-10] ----------------------------------------------------------------
Execute       set_default_model dct_Pipeline_WR_Loop_Row_WR_Loop_Col 
Execute       schedule -model dct_Pipeline_WR_Loop_Row_WR_Loop_Col 
INFO: [SCHED 204-11] Starting scheduling ...
INFO: [SCHED 204-61] Pipelining loop 'WR_Loop_Row_WR_Loop_Col'.
INFO: [HLS 200-1470] Pipelining result : Target II = NA, Final II = 1, Depth = 4, loop 'WR_Loop_Row_WR_Loop_Col'
INFO: [SCHED 204-11] Finished scheduling.
INFO: [HLS 200-111] Finished Scheduling: CPU user time: 0.03 seconds. CPU system time: 0.02 seconds. Elapsed time: 0.06 seconds; current allocated memory: 274.180 MB.
Execute       syn_report -verbosereport -o /home/rimurutempest/Code/LSI_Design_Contest/HLS_DesignFlow/Lab3/hls_component_dct/dct/hls/.autopilot/db/dct_Pipeline_WR_Loop_Row_WR_Loop_Col.verbose.sched.rpt 
Execute         list_part -family xc7z020-clg400-1 
Execute           ap_family_info -name xc7z020-clg400-1 -data names 
Execute           ap_part_info -quiet -name xc7z020-clg400-1 -data family 
Execute       db_write -o /home/rimurutempest/Code/LSI_Design_Contest/HLS_DesignFlow/Lab3/hls_component_dct/dct/hls/.autopilot/db/dct_Pipeline_WR_Loop_Row_WR_Loop_Col.sched.adb -f 
INFO-FLOW: Finish scheduling dct_Pipeline_WR_Loop_Row_WR_Loop_Col.
Execute       set_default_model dct_Pipeline_WR_Loop_Row_WR_Loop_Col 
Execute       bind -model dct_Pipeline_WR_Loop_Row_WR_Loop_Col 
INFO: [BIND 205-100] Starting micro-architecture generation ...
INFO: [BIND 205-101] Performing variable lifetime analysis.
INFO: [BIND 205-101] Exploring resource sharing.
INFO: [BIND 205-101] Binding ...
INFO: [BIND 205-100] Finished micro-architecture generation.
INFO: [HLS 200-111] Finished Binding: CPU user time: 0.01 seconds. CPU system time: 0 seconds. Elapsed time: 0.01 seconds; current allocated memory: 274.180 MB.
Execute       syn_report -verbosereport -o /home/rimurutempest/Code/LSI_Design_Contest/HLS_DesignFlow/Lab3/hls_component_dct/dct/hls/.autopilot/db/dct_Pipeline_WR_Loop_Row_WR_Loop_Col.verbose.bind.rpt 
Execute         list_part -family xc7z020-clg400-1 
Execute           ap_family_info -name xc7z020-clg400-1 -data names 
Execute           ap_part_info -quiet -name xc7z020-clg400-1 -data family 
Execute       db_write -o /home/rimurutempest/Code/LSI_Design_Contest/HLS_DesignFlow/Lab3/hls_component_dct/dct/hls/.autopilot/db/dct_Pipeline_WR_Loop_Row_WR_Loop_Col.bind.adb -f 
INFO-FLOW: Finish binding dct_Pipeline_WR_Loop_Row_WR_Loop_Col.
INFO: [HLS 200-10] ----------------------------------------------------------------
INFO: [HLS 200-42] -- Implementing module 'dct' 
INFO: [HLS 200-10] ----------------------------------------------------------------
Execute       set_default_model dct 
Execute       schedule -model dct 
INFO: [SCHED 204-11] Starting scheduling ...
INFO: [HLS 200-486] Changing DSP latency (root=tmp_3) to 3 in order to utilize available DSP registers.
INFO: [HLS 200-486] Changing DSP latency (root=tmp_11) to 3 in order to utilize available DSP registers.
INFO: [SCHED 204-11] Finished scheduling.
INFO: [HLS 200-111] Finished Scheduling: CPU user time: 0.05 seconds. CPU system time: 0.01 seconds. Elapsed time: 0.05 seconds; current allocated memory: 274.770 MB.
Execute       syn_report -verbosereport -o /home/rimurutempest/Code/LSI_Design_Contest/HLS_DesignFlow/Lab3/hls_component_dct/dct/hls/.autopilot/db/dct.verbose.sched.rpt 
Execute         list_part -family xc7z020-clg400-1 
Execute           ap_family_info -name xc7z020-clg400-1 -data names 
Execute           ap_part_info -quiet -name xc7z020-clg400-1 -data family 
Execute       db_write -o /home/rimurutempest/Code/LSI_Design_Contest/HLS_DesignFlow/Lab3/hls_component_dct/dct/hls/.autopilot/db/dct.sched.adb -f 
INFO-FLOW: Finish scheduling dct.
Execute       set_default_model dct 
Execute       bind -model dct 
INFO: [BIND 205-100] Starting micro-architecture generation ...
INFO: [BIND 205-101] Performing variable lifetime analysis.
INFO: [BIND 205-101] Exploring resource sharing.
INFO: [BIND 205-101] Binding ...
INFO: [BIND 205-100] Finished micro-architecture generation.
INFO: [HLS 200-111] Finished Binding: CPU user time: 0.03 seconds. CPU system time: 0 seconds. Elapsed time: 0.03 seconds; current allocated memory: 274.770 MB.
Execute       syn_report -verbosereport -o /home/rimurutempest/Code/LSI_Design_Contest/HLS_DesignFlow/Lab3/hls_component_dct/dct/hls/.autopilot/db/dct.verbose.bind.rpt 
Execute         list_part -family xc7z020-clg400-1 
Execute           ap_family_info -name xc7z020-clg400-1 -data names 
Execute           ap_part_info -quiet -name xc7z020-clg400-1 -data family 
Execute       db_write -o /home/rimurutempest/Code/LSI_Design_Contest/HLS_DesignFlow/Lab3/hls_component_dct/dct/hls/.autopilot/db/dct.bind.adb -f 
INFO-FLOW: Finish binding dct.
Execute       get_model_list dct -filter all-wo-channel 
INFO-FLOW: Preprocessing for RTLGen ...
Execute       rtl_gen_preprocess dct_Pipeline_WR_Loop_Row_WR_Loop_Col 
Execute       rtl_gen_preprocess dct 
INFO-FLOW: Model list for RTL generation: dct_Pipeline_WR_Loop_Row_WR_Loop_Col dct
INFO: [HLS 200-10] ----------------------------------------------------------------
INFO: [HLS 200-10] -- Generating RTL for module 'dct_Pipeline_WR_Loop_Row_WR_Loop_Col' 
INFO: [HLS 200-10] ----------------------------------------------------------------
Execute       create_rtl_model dct_Pipeline_WR_Loop_Row_WR_Loop_Col -top_prefix dct_ -sub_prefix dct_ -mg_file /home/rimurutempest/Code/LSI_Design_Contest/HLS_DesignFlow/Lab3/hls_component_dct/dct/hls/.autopilot/db/dct_Pipeline_WR_Loop_Row_WR_Loop_Col.compgen.tcl 
INFO: [HLS 200-1030] Apply Unified Pipeline Control on module 'dct_Pipeline_WR_Loop_Row_WR_Loop_Col' pipeline 'WR_Loop_Row_WR_Loop_Col' pipeline type 'loop pipeline'
INFO: [RTGEN 206-100] Finished creating RTL model for 'dct_Pipeline_WR_Loop_Row_WR_Loop_Col'.
INFO: [HLS 200-111] Finished Creating RTL model: CPU user time: 0.02 seconds. CPU system time: 0 seconds. Elapsed time: 0.03 seconds; current allocated memory: 274.770 MB.
Execute       source /home/rimurutempest/Code/LSI_Design_Contest/HLS_DesignFlow/Lab3/hls_component_dct/dct/hls/.autopilot/db/dct.rtl_wrap.cfg.tcl 
Execute       gen_rtl dct_Pipeline_WR_Loop_Row_WR_Loop_Col -style xilinx -f -lang vhdl -o /home/rimurutempest/Code/LSI_Design_Contest/HLS_DesignFlow/Lab3/hls_component_dct/dct/hls/syn/vhdl/dct_dct_Pipeline_WR_Loop_Row_WR_Loop_Col 
Execute       gen_rtl dct_Pipeline_WR_Loop_Row_WR_Loop_Col -style xilinx -f -lang vlog -o /home/rimurutempest/Code/LSI_Design_Contest/HLS_DesignFlow/Lab3/hls_component_dct/dct/hls/syn/verilog/dct_dct_Pipeline_WR_Loop_Row_WR_Loop_Col 
Execute       syn_report -csynth -model dct_Pipeline_WR_Loop_Row_WR_Loop_Col -o /home/rimurutempest/Code/LSI_Design_Contest/HLS_DesignFlow/Lab3/hls_component_dct/dct/hls/syn/report/dct_Pipeline_WR_Loop_Row_WR_Loop_Col_csynth.rpt 
Execute         list_part -family xc7z020-clg400-1 
Execute           ap_family_info -name xc7z020-clg400-1 -data names 
Execute           ap_part_info -quiet -name xc7z020-clg400-1 -data family 
Execute       syn_report -rtlxml -model dct_Pipeline_WR_Loop_Row_WR_Loop_Col -o /home/rimurutempest/Code/LSI_Design_Contest/HLS_DesignFlow/Lab3/hls_component_dct/dct/hls/syn/report/dct_Pipeline_WR_Loop_Row_WR_Loop_Col_csynth.xml 
Execute         list_part -family xc7z020-clg400-1 
Execute           ap_family_info -name xc7z020-clg400-1 -data names 
Execute           ap_part_info -quiet -name xc7z020-clg400-1 -data family 
Execute       syn_report -verbosereport -model dct_Pipeline_WR_Loop_Row_WR_Loop_Col -o /home/rimurutempest/Code/LSI_Design_Contest/HLS_DesignFlow/Lab3/hls_component_dct/dct/hls/.autopilot/db/dct_Pipeline_WR_Loop_Row_WR_Loop_Col.verbose.rpt 
Execute         list_part -family xc7z020-clg400-1 
Execute           ap_family_info -name xc7z020-clg400-1 -data names 
Execute           ap_part_info -quiet -name xc7z020-clg400-1 -data family 
Execute       db_write -model dct_Pipeline_WR_Loop_Row_WR_Loop_Col -f -o /home/rimurutempest/Code/LSI_Design_Contest/HLS_DesignFlow/Lab3/hls_component_dct/dct/hls/.autopilot/db/dct_Pipeline_WR_Loop_Row_WR_Loop_Col.adb 
Execute       db_write -model dct_Pipeline_WR_Loop_Row_WR_Loop_Col -bindview -o /home/rimurutempest/Code/LSI_Design_Contest/HLS_DesignFlow/Lab3/hls_component_dct/dct/hls/.autopilot/db/design.bindinfo.xml 
Execute       gen_tb_info dct_Pipeline_WR_Loop_Row_WR_Loop_Col -p /home/rimurutempest/Code/LSI_Design_Contest/HLS_DesignFlow/Lab3/hls_component_dct/dct/hls/.autopilot/db -o /home/rimurutempest/Code/LSI_Design_Contest/HLS_DesignFlow/Lab3/hls_component_dct/dct/hls/.autopilot/db/dct_Pipeline_WR_Loop_Row_WR_Loop_Col 
INFO: [HLS 200-10] ----------------------------------------------------------------
INFO: [HLS 200-10] -- Generating RTL for module 'dct' 
INFO: [HLS 200-10] ----------------------------------------------------------------
Execute       create_rtl_model dct -top_prefix  -sub_prefix dct_ -mg_file /home/rimurutempest/Code/LSI_Design_Contest/HLS_DesignFlow/Lab3/hls_component_dct/dct/hls/.autopilot/db/dct.compgen.tcl 
INFO: [RTGEN 206-500] Setting interface mode on port 'dct/input_r' to 'ap_memory'.
INFO: [RTGEN 206-500] Setting interface mode on port 'dct/output_r' to 'ap_memory'.
INFO: [RTGEN 206-500] Setting interface mode on function 'dct' to 'ap_ctrl_hs'.
INFO: [RTGEN 206-100] Generating core module 'mac_muladd_16s_15s_32s_32_4_1': 2 instance(s).
INFO: [RTGEN 206-100] Finished creating RTL model for 'dct'.
INFO: [RTMG 210-279] Implementing memory 'dct_dct_coeff_table_ROM_AUTO_1R' using auto ROMs.
INFO: [RTMG 210-278] Implementing memory 'dct_row_outbuf_RAM_AUTO_1R1W' using auto RAMs.
INFO: [HLS 200-111] Finished Creating RTL model: CPU user time: 0.05 seconds. CPU system time: 0.01 seconds. Elapsed time: 0.06 seconds; current allocated memory: 274.988 MB.
Execute       source /home/rimurutempest/Code/LSI_Design_Contest/HLS_DesignFlow/Lab3/hls_component_dct/dct/hls/.autopilot/db/dct.rtl_wrap.cfg.tcl 
Execute       gen_rtl dct -istop -style xilinx -f -lang vhdl -o /home/rimurutempest/Code/LSI_Design_Contest/HLS_DesignFlow/Lab3/hls_component_dct/dct/hls/syn/vhdl/dct 
Execute       gen_rtl dct -istop -style xilinx -f -lang vlog -o /home/rimurutempest/Code/LSI_Design_Contest/HLS_DesignFlow/Lab3/hls_component_dct/dct/hls/syn/verilog/dct 
Execute       syn_report -csynth -model dct -o /home/rimurutempest/Code/LSI_Design_Contest/HLS_DesignFlow/Lab3/hls_component_dct/dct/hls/syn/report/dct_csynth.rpt 
Execute         list_part -family xc7z020-clg400-1 
Execute           ap_family_info -name xc7z020-clg400-1 -data names 
Execute           ap_part_info -quiet -name xc7z020-clg400-1 -data family 
Execute       syn_report -rtlxml -model dct -o /home/rimurutempest/Code/LSI_Design_Contest/HLS_DesignFlow/Lab3/hls_component_dct/dct/hls/syn/report/dct_csynth.xml 
Execute         list_part -family xc7z020-clg400-1 
Execute           ap_family_info -name xc7z020-clg400-1 -data names 
Execute           ap_part_info -quiet -name xc7z020-clg400-1 -data family 
Execute       syn_report -verbosereport -model dct -o /home/rimurutempest/Code/LSI_Design_Contest/HLS_DesignFlow/Lab3/hls_component_dct/dct/hls/.autopilot/db/dct.verbose.rpt 
Execute         list_part -family xc7z020-clg400-1 
Execute           ap_family_info -name xc7z020-clg400-1 -data names 
Execute           ap_part_info -quiet -name xc7z020-clg400-1 -data family 
Execute       db_write -model dct -f -o /home/rimurutempest/Code/LSI_Design_Contest/HLS_DesignFlow/Lab3/hls_component_dct/dct/hls/.autopilot/db/dct.adb 
Execute       db_write -model dct -bindview -o /home/rimurutempest/Code/LSI_Design_Contest/HLS_DesignFlow/Lab3/hls_component_dct/dct/hls/.autopilot/db/design.bindinfo.xml 
Execute       gen_tb_info dct -p /home/rimurutempest/Code/LSI_Design_Contest/HLS_DesignFlow/Lab3/hls_component_dct/dct/hls/.autopilot/db -o /home/rimurutempest/Code/LSI_Design_Contest/HLS_DesignFlow/Lab3/hls_component_dct/dct/hls/.autopilot/db/dct 
Execute       export_constraint_db -f -tool general -o /home/rimurutempest/Code/LSI_Design_Contest/HLS_DesignFlow/Lab3/hls_component_dct/dct/hls/.autopilot/db/dct.constraint.tcl 
Execute       syn_report -designview -model dct -o /home/rimurutempest/Code/LSI_Design_Contest/HLS_DesignFlow/Lab3/hls_component_dct/dct/hls/.autopilot/db/dct.design.xml 
Execute       syn_report -csynthDesign -model dct -o /home/rimurutempest/Code/LSI_Design_Contest/HLS_DesignFlow/Lab3/hls_component_dct/dct/hls/syn/report/csynth.rpt -MHOut /home/rimurutempest/Code/LSI_Design_Contest/HLS_DesignFlow/Lab3/hls_component_dct/dct/hls/.autopilot/db/kernel_module_hierarchy.tcl 
Execute         list_part -family xc7z020-clg400-1 
Execute           ap_family_info -name xc7z020-clg400-1 -data names 
Execute           ap_part_info -quiet -name xc7z020-clg400-1 -data family 
Execute       syn_report -wcfg -model dct -o /home/rimurutempest/Code/LSI_Design_Contest/HLS_DesignFlow/Lab3/hls_component_dct/dct/hls/.autopilot/db/dct_dataflow_ana.wcfg 
Execute       syn_report -protoinst -model dct -o /home/rimurutempest/Code/LSI_Design_Contest/HLS_DesignFlow/Lab3/hls_component_dct/dct/hls/.autopilot/db/dct.protoinst 
Execute       sc_get_clocks dct 
Execute       sc_get_portdomain dct 
INFO-FLOW: Model list for RTL component generation: dct_Pipeline_WR_Loop_Row_WR_Loop_Col dct
INFO-FLOW: Handling components in module [dct_Pipeline_WR_Loop_Row_WR_Loop_Col] ... 
Execute       source /home/rimurutempest/Code/LSI_Design_Contest/HLS_DesignFlow/Lab3/hls_component_dct/dct/hls/.autopilot/db/dct_Pipeline_WR_Loop_Row_WR_Loop_Col.compgen.tcl 
INFO-FLOW: Found component dct_flow_control_loop_pipe_sequential_init.
INFO-FLOW: Append model dct_flow_control_loop_pipe_sequential_init
INFO-FLOW: Handling components in module [dct] ... 
Execute       source /home/rimurutempest/Code/LSI_Design_Contest/HLS_DesignFlow/Lab3/hls_component_dct/dct/hls/.autopilot/db/dct.compgen.tcl 
INFO-FLOW: Found component dct_mac_muladd_16s_15s_32s_32_4_1.
INFO-FLOW: Append model dct_mac_muladd_16s_15s_32s_32_4_1
INFO-FLOW: Found component dct_dct_coeff_table_ROM_AUTO_1R.
INFO-FLOW: Append model dct_dct_coeff_table_ROM_AUTO_1R
INFO-FLOW: Found component dct_row_outbuf_RAM_AUTO_1R1W.
INFO-FLOW: Append model dct_row_outbuf_RAM_AUTO_1R1W
INFO-FLOW: Append model dct_Pipeline_WR_Loop_Row_WR_Loop_Col
INFO-FLOW: Append model dct
INFO-FLOW: Generating RTL model list ...
INFO-FLOW: All models in this session: dct_flow_control_loop_pipe_sequential_init dct_mac_muladd_16s_15s_32s_32_4_1 dct_dct_coeff_table_ROM_AUTO_1R dct_row_outbuf_RAM_AUTO_1R1W dct_Pipeline_WR_Loop_Row_WR_Loop_Col dct
INFO-FLOW: Generating /home/rimurutempest/Code/LSI_Design_Contest/HLS_DesignFlow/Lab3/hls_component_dct/dct/hls/.autopilot/db/autopilot.rtl.models.txt file...
INFO-FLOW: To file: write model dct_flow_control_loop_pipe_sequential_init
INFO-FLOW: To file: write model dct_mac_muladd_16s_15s_32s_32_4_1
INFO-FLOW: To file: write model dct_dct_coeff_table_ROM_AUTO_1R
INFO-FLOW: To file: write model dct_row_outbuf_RAM_AUTO_1R1W
INFO-FLOW: To file: write model dct_Pipeline_WR_Loop_Row_WR_Loop_Col
INFO-FLOW: To file: write model dct
INFO-FLOW: Generating /home/rimurutempest/Code/LSI_Design_Contest/HLS_DesignFlow/Lab3/hls_component_dct/dct/hls/.autopilot/db/autopilot.rtl.models.tcl file...
INFO-FLOW: Finished generating RTL model list.


INFO-FLOW: RTL Generation done.
INFO-FLOW: CAS Generation done.
INFO-FLOW: CBC Generation done.
INFO-FLOW: DBG:PROC: ::AESL_AUTOMG::auto_generate_csynth_design
INFO-FLOW: DBG:PUTS: read_platform_lib /home/rimurutempest/Code/LSI_Design_Contest/HLS_DesignFlow/Lab3/hls_component_dct/dct/hls/.autopilot/db/global.setting.tcl
Execute       source /home/rimurutempest/Tool/Xilinx/Vitis/2024.2/common/technology/generic/autopilot/common.gen 
Execute         source /home/rimurutempest/Tool/Xilinx/Vitis/2024.2/common/technology/generic/autopilot/APCoreGen.gen 
Execute       source /home/rimurutempest/Tool/Xilinx/Vitis/2024.2/common/technology/generic/autopilot/op.gen 
Execute       source /home/rimurutempest/Tool/Xilinx/Vitis/2024.2/common/technology/generic/autopilot/op_simcore.gen 
Execute       source /home/rimurutempest/Tool/Xilinx/Vitis/2024.2/common/technology/generic/autopilot/interface.gen 
Execute       source /home/rimurutempest/Code/LSI_Design_Contest/HLS_DesignFlow/Lab3/hls_component_dct/dct/hls/.autopilot/db/global.setting.tcl 
Execute       source /home/rimurutempest/Tool/Xilinx/Vitis/2024.2/common/technology/xilinx/common/xilinx.gen 
Execute         source /home/rimurutempest/Tool/Xilinx/Vitis/2024.2/common/technology/xilinx/interface/plb46.gen 
Execute         source /home/rimurutempest/Tool/Xilinx/Vitis/2024.2/common/technology/xilinx/interface/axi4.gen 
Execute         source /home/rimurutempest/Tool/Xilinx/Vitis/2024.2/common/technology/xilinx/interface/nativeAXI4.gen 
Execute           source /home/rimurutempest/Tool/Xilinx/Vitis/2024.2/common/technology/xilinx/interface/saxilite.gen 
Execute         source /home/rimurutempest/Tool/Xilinx/Vitis/2024.2/common/technology/xilinx/scripts/xilinxcoregen.gen 
Execute         source /home/rimurutempest/Tool/Xilinx/Vitis/2024.2/common/technology/xilinx/interface/XilEDKCoreGen.gen 
Execute         source /home/rimurutempest/Tool/Xilinx/Vitis/2024.2/common/technology/xilinx/ip/xfft.gen 
Execute         source /home/rimurutempest/Tool/Xilinx/Vitis/2024.2/common/technology/xilinx/ip/dds_compiler.gen 
Execute         source /home/rimurutempest/Tool/Xilinx/Vitis/2024.2/common/technology/xilinx/ip/util.gen 
Execute         source /home/rimurutempest/Tool/Xilinx/Vitis/2024.2/common/technology/xilinx/ip/xfir.gen 
Execute         source /home/rimurutempest/Tool/Xilinx/Vitis/2024.2/common/technology/xilinx/DSP48/dsp48.gen 
INFO-FLOW: DBG:PUTS:   using AESL_AUTOCG::g_clock_period=10.000 (was NA)
INFO-FLOW: DBG:PROC: ::AESL_AUTOMG::generate_ip_cores gen_sim_model='1' gen_fp_models='0' gen_for_export='0' dstSCDir='' dstVhdlDir='/home/rimurutempest/Code/LSI_Design_Contest/HLS_DesignFlow/Lab3/hls_component_dct/dct/hls/.autopilot/db/vhdl' dstVlogDir='/home/rimurutempest/Code/LSI_Design_Contest/HLS_DesignFlow/Lab3/hls_component_dct/dct/hls/.autopilot/db/vlog' tclDir='/home/rimurutempest/Code/LSI_Design_Contest/HLS_DesignFlow/Lab3/hls_component_dct/dct/hls/.autopilot/db' modelList='dct_flow_control_loop_pipe_sequential_init
dct_mac_muladd_16s_15s_32s_32_4_1
dct_dct_coeff_table_ROM_AUTO_1R
dct_row_outbuf_RAM_AUTO_1R1W
dct_Pipeline_WR_Loop_Row_WR_Loop_Col
dct
' expOnly='0'
Execute       source /home/rimurutempest/Code/LSI_Design_Contest/HLS_DesignFlow/Lab3/hls_component_dct/dct/hls/.autopilot/db/global.setting.tcl 
Execute       ap_part_info -name xc7z020-clg400-1 -data names -quiet 
Execute       ap_part_info -name xc7z020-clg400-1 -data info -quiet 
Execute       source /home/rimurutempest/Code/LSI_Design_Contest/HLS_DesignFlow/Lab3/hls_component_dct/dct/hls/.autopilot/db/global.setting.tcl 
Execute       source /home/rimurutempest/Code/LSI_Design_Contest/HLS_DesignFlow/Lab3/hls_component_dct/dct/hls/.autopilot/db/global.setting.tcl 
Execute       source /home/rimurutempest/Code/LSI_Design_Contest/HLS_DesignFlow/Lab3/hls_component_dct/dct/hls/.autopilot/db/dct_Pipeline_WR_Loop_Row_WR_Loop_Col.compgen.tcl 
Execute       source /home/rimurutempest/Code/LSI_Design_Contest/HLS_DesignFlow/Lab3/hls_component_dct/dct/hls/.autopilot/db/dct.compgen.tcl 
INFO: [HLS 200-111] Finished Generating all RTL models: CPU user time: 0.16 seconds. CPU system time: 0.02 seconds. Elapsed time: 0.18 seconds; current allocated memory: 281.168 MB.
INFO-FLOW: DBG:PROC: ::HLSREPORTS::create_csynth_xml bind_info_var='bind_info' RtlSubPrefix='dct_' outfile=''
INFO-FLOW: Running: create_csynth_xml read xml data
INFO-FLOW: Done: create_csynth_xml read xml data time: 0 seconds per iteration
INFO-FLOW: Running: create_csynth_xml bind info
INFO-FLOW: Done: create_csynth_xml bind info time: 0 seconds per iteration
INFO-FLOW: Running: create_csynth_xml config info
INFO-FLOW: Done: create_csynth_xml config info time: 0.1 seconds per iteration
INFO-FLOW: Running: create_csynth_xml write xml
INFO-FLOW: Done: create_csynth_xml write xml time: 0 seconds per iteration
INFO-FLOW: DBG:PUTS:      create_csynth_xml wrote csynth_xml=/home/rimurutempest/Code/LSI_Design_Contest/HLS_DesignFlow/Lab3/hls_component_dct/dct/hls/syn/report/csynth.xml
INFO-FLOW: DBG:PROC: ::AP::DESIGN_DATA::generate_json generate_bd_files='0' generate_xo_files='0' modelList='dct_flow_control_loop_pipe_sequential_init
dct_mac_muladd_16s_15s_32s_32_4_1
dct_dct_coeff_table_ROM_AUTO_1R
dct_row_outbuf_RAM_AUTO_1R1W
dct_Pipeline_WR_Loop_Row_WR_Loop_Col
dct
' rtl_lang='both' bootstrap_tcl='false' outdir='' outfilename=''
Execute       source /home/rimurutempest/Code/LSI_Design_Contest/HLS_DesignFlow/Lab3/hls_component_dct/dct/hls/.autopilot/db/global.setting.tcl 
Execute       source /home/rimurutempest/Code/LSI_Design_Contest/HLS_DesignFlow/Lab3/hls_component_dct/dct/hls/.autopilot/db/global.setting.tcl 
Execute       source /home/rimurutempest/Code/LSI_Design_Contest/HLS_DesignFlow/Lab3/hls_component_dct/dct/hls/.autopilot/db/top-io-be.tcl 
Execute       source /home/rimurutempest/Code/LSI_Design_Contest/HLS_DesignFlow/Lab3/hls_component_dct/dct/hls/.autopilot/db/dct.tbgen.tcl 
Execute       source /home/rimurutempest/Code/LSI_Design_Contest/HLS_DesignFlow/Lab3/hls_component_dct/dct/hls/.autopilot/db/dct.rtl_wrap.cfg.tcl 
Execute       source /home/rimurutempest/Code/LSI_Design_Contest/HLS_DesignFlow/Lab3/hls_component_dct/dct/hls/.autopilot/db/dct.compgen.dataonly.tcl 
Execute       source /home/rimurutempest/Code/LSI_Design_Contest/HLS_DesignFlow/Lab3/hls_component_dct/dct/hls/.autopilot/db/dct_Pipeline_WR_Loop_Row_WR_Loop_Col.tbgen.tcl 
Execute       source /home/rimurutempest/Code/LSI_Design_Contest/HLS_DesignFlow/Lab3/hls_component_dct/dct/hls/.autopilot/db/dct.tbgen.tcl 
Execute       source /home/rimurutempest/Code/LSI_Design_Contest/HLS_DesignFlow/Lab3/hls_component_dct/dct/hls/.autopilot/db/global.setting.tcl 
Execute       ap_part_info -name xc7z020-clg400-1 -data names -quiet 
Execute       ap_part_info -name xc7z020-clg400-1 -data info -quiet 
Execute       source /home/rimurutempest/Code/LSI_Design_Contest/HLS_DesignFlow/Lab3/hls_component_dct/dct/hls/.autopilot/db/dct.constraint.tcl 
Execute       sc_get_clocks dct 
Execute       source /home/rimurutempest/Code/LSI_Design_Contest/HLS_DesignFlow/Lab3/hls_component_dct/dct/hls/.autopilot/db/global.setting.tcl 
INFO-FLOW: DBG:PROC: ::HLSREPORTS::add_csynth_report_sections bind_info_dict='adapter_nodes {} cache_nodes {} report_dict {TOPINST dct MODULE2INSTS {dct dct dct_Pipeline_WR_Loop_Row_WR_Loop_Col grp_dct_Pipeline_WR_Loop_Row_WR_Loop_Col_fu_340} INST2MODULE {dct dct grp_dct_Pipeline_WR_Loop_Row_WR_Loop_Col_fu_340 dct_Pipeline_WR_Loop_Row_WR_Loop_Col} INSTDATA {dct {DEPTH 1 CHILDREN grp_dct_Pipeline_WR_Loop_Row_WR_Loop_Col_fu_340} grp_dct_Pipeline_WR_Loop_Row_WR_Loop_Col_fu_340 {DEPTH 2 CHILDREN {}}} MODULEDATA {dct_Pipeline_WR_Loop_Row_WR_Loop_Col {BINDINFO {{BINDTYPE op ID {} IMPL auto LATENCY 0 OPTYPE seteq PRAGMA {} RTLNAME icmp_ln100_fu_101_p2 SOURCE ../source/dct.c:100 VARIABLE icmp_ln100 LOOP WR_Loop_Row_WR_Loop_Col BUNDLEDNAME {} DSP 0 BRAM 0 URAM 0 STORAGESUBTYPE {} DISPNAME {bind_op seteq} VISIBLE false} {BINDTYPE op ID {} IMPL fabric LATENCY 0 OPTYPE add PRAGMA {} RTLNAME add_ln100_1_fu_107_p2 SOURCE ../source/dct.c:100 VARIABLE add_ln100_1 LOOP WR_Loop_Row_WR_Loop_Col BUNDLEDNAME {} DSP 0 BRAM 0 URAM 0 STORAGESUBTYPE {} DISPNAME {bind_op add} VISIBLE true} {BINDTYPE op ID {} IMPL fabric LATENCY 0 OPTYPE add PRAGMA {} RTLNAME add_ln100_fu_124_p2 SOURCE ../source/dct.c:100 VARIABLE add_ln100 LOOP WR_Loop_Row_WR_Loop_Col BUNDLEDNAME {} DSP 0 BRAM 0 URAM 0 STORAGESUBTYPE {} DISPNAME {bind_op add} VISIBLE true} {BINDTYPE op ID {} IMPL auto LATENCY 0 OPTYPE seteq PRAGMA {} RTLNAME icmp_ln102_fu_130_p2 SOURCE ../source/dct.c:102 VARIABLE icmp_ln102 LOOP WR_Loop_Row_WR_Loop_Col BUNDLEDNAME {} DSP 0 BRAM 0 URAM 0 STORAGESUBTYPE {} DISPNAME {bind_op seteq} VISIBLE false} {BINDTYPE op ID {} IMPL auto_sel LATENCY 0 OPTYPE select PRAGMA {} RTLNAME select_ln97_fu_136_p3 SOURCE ../source/dct.c:97 VARIABLE select_ln97 LOOP WR_Loop_Row_WR_Loop_Col BUNDLEDNAME {} DSP 0 BRAM 0 URAM 0 STORAGESUBTYPE {} DISPNAME {bind_op select} VISIBLE false} {BINDTYPE op ID {} IMPL auto_sel LATENCY 0 OPTYPE select PRAGMA {} RTLNAME select_ln100_fu_144_p3 SOURCE ../source/dct.c:100 VARIABLE select_ln100 LOOP WR_Loop_Row_WR_Loop_Col BUNDLEDNAME {} DSP 0 BRAM 0 URAM 0 STORAGESUBTYPE {} DISPNAME {bind_op select} VISIBLE false} {BINDTYPE op ID {} IMPL fabric LATENCY 0 OPTYPE add PRAGMA {} RTLNAME add_ln103_fu_168_p2 SOURCE ../source/dct.c:103 VARIABLE add_ln103 LOOP WR_Loop_Row_WR_Loop_Col BUNDLEDNAME {} DSP 0 BRAM 0 URAM 0 STORAGESUBTYPE {} DISPNAME {bind_op add} VISIBLE true} {BINDTYPE op ID {} IMPL fabric LATENCY 0 OPTYPE add PRAGMA {} RTLNAME add_ln102_fu_174_p2 SOURCE ../source/dct.c:102 VARIABLE add_ln102 LOOP WR_Loop_Row_WR_Loop_Col BUNDLEDNAME {} DSP 0 BRAM 0 URAM 0 STORAGESUBTYPE {} DISPNAME {bind_op add} VISIBLE true}} AREA {DSP 0 BRAM 0 URAM 0}} dct {BINDINFO {{BINDTYPE storage ID {} IMPL auto LATENCY 1 OPTYPE ram_1p PRAGMA {} RTLNAME row_outbuf_U SOURCE ../source/dct.c:53 VARIABLE row_outbuf LOOP {} BUNDLEDNAME {} DSP 0 BRAM 1 URAM 0 STORAGESUBTYPE {} STORAGESIZE {16 64 1} STORAGEUSAGE {ram_1p array} DISPNAME {bind_storage ram_1p} VISIBLE true} {BINDTYPE storage ID {} IMPL auto LATENCY 1 OPTYPE ram_1p PRAGMA {} RTLNAME col_outbuf_U SOURCE ../source/dct.c:54 VARIABLE col_outbuf LOOP {} BUNDLEDNAME {} DSP 0 BRAM 1 URAM 0 STORAGESUBTYPE {} STORAGESIZE {16 64 1} STORAGEUSAGE {ram_1p array} DISPNAME {bind_storage ram_1p} VISIBLE true} {BINDTYPE storage ID {} IMPL auto LATENCY 1 OPTYPE ram_1p PRAGMA {} RTLNAME col_inbuf_U SOURCE ../source/dct.c:54 VARIABLE col_inbuf LOOP {} BUNDLEDNAME {} DSP 0 BRAM 1 URAM 0 STORAGESUBTYPE {} STORAGESIZE {16 64 1} STORAGEUSAGE {ram_1p array} DISPNAME {bind_storage ram_1p} VISIBLE true} {BINDTYPE storage ID {} IMPL auto LATENCY 1 OPTYPE ram_1p PRAGMA {} RTLNAME buf_2d_in_U SOURCE ../source/dct.c:110 VARIABLE buf_2d_in LOOP {} BUNDLEDNAME {} DSP 0 BRAM 1 URAM 0 STORAGESUBTYPE {} STORAGESIZE {16 64 1} STORAGEUSAGE {ram_1p array} DISPNAME {bind_storage ram_1p} VISIBLE true} {BINDTYPE storage ID {} IMPL auto LATENCY 1 OPTYPE ram_1p PRAGMA {} RTLNAME buf_2d_out_U SOURCE ../source/dct.c:111 VARIABLE buf_2d_out LOOP {} BUNDLEDNAME {} DSP 0 BRAM 1 URAM 0 STORAGESUBTYPE {} STORAGESIZE {16 64 1} STORAGEUSAGE {ram_1p array} DISPNAME {bind_storage ram_1p} VISIBLE true} {BINDTYPE op ID {} IMPL auto LATENCY 0 OPTYPE seteq PRAGMA {} RTLNAME icmp_ln88_fu_355_p2 SOURCE ../source/dct.c:88 VARIABLE icmp_ln88 LOOP RD_Loop_Row BUNDLEDNAME {} DSP 0 BRAM 0 URAM 0 STORAGESUBTYPE {} DISPNAME {bind_op seteq} VISIBLE false} {BINDTYPE op ID {} IMPL fabric LATENCY 0 OPTYPE add PRAGMA {} RTLNAME add_ln88_fu_361_p2 SOURCE ../source/dct.c:88 VARIABLE add_ln88 LOOP RD_Loop_Row BUNDLEDNAME {} DSP 0 BRAM 0 URAM 0 STORAGESUBTYPE {} DISPNAME {bind_op add} VISIBLE true} {BINDTYPE op ID {} IMPL auto LATENCY 0 OPTYPE seteq PRAGMA {} RTLNAME icmp_ln90_fu_384_p2 SOURCE ../source/dct.c:90 VARIABLE icmp_ln90 LOOP RD_Loop_Col BUNDLEDNAME {} DSP 0 BRAM 0 URAM 0 STORAGESUBTYPE {} DISPNAME {bind_op seteq} VISIBLE false} {BINDTYPE op ID {} IMPL fabric LATENCY 0 OPTYPE add PRAGMA {} RTLNAME add_ln90_fu_390_p2 SOURCE ../source/dct.c:90 VARIABLE add_ln90 LOOP RD_Loop_Col BUNDLEDNAME {} DSP 0 BRAM 0 URAM 0 STORAGESUBTYPE {} DISPNAME {bind_op add} VISIBLE true} {BINDTYPE op ID {} IMPL fabric LATENCY 0 OPTYPE add PRAGMA {} RTLNAME add_ln91_fu_400_p2 SOURCE ../source/dct.c:91 VARIABLE add_ln91 LOOP RD_Loop_Col BUNDLEDNAME {} DSP 0 BRAM 0 URAM 0 STORAGESUBTYPE {} DISPNAME {bind_op add} VISIBLE true} {BINDTYPE op ID {} IMPL auto LATENCY 0 OPTYPE seteq PRAGMA {} RTLNAME icmp_ln59_fu_417_p2 SOURCE ../source/dct.c:59 VARIABLE icmp_ln59 LOOP Row_DCT_Loop BUNDLEDNAME {} DSP 0 BRAM 0 URAM 0 STORAGESUBTYPE {} DISPNAME {bind_op seteq} VISIBLE false} {BINDTYPE op ID {} IMPL fabric LATENCY 0 OPTYPE add PRAGMA {} RTLNAME add_ln59_fu_423_p2 SOURCE ../source/dct.c:59 VARIABLE add_ln59 LOOP Row_DCT_Loop BUNDLEDNAME {} DSP 0 BRAM 0 URAM 0 STORAGESUBTYPE {} DISPNAME {bind_op add} VISIBLE true} {BINDTYPE op ID {} IMPL auto LATENCY 0 OPTYPE seteq PRAGMA {} RTLNAME icmp_ln39_fu_446_p2 SOURCE ../source/dct.c:39 VARIABLE icmp_ln39 LOOP DCT_Outer_Loop BUNDLEDNAME {} DSP 0 BRAM 0 URAM 0 STORAGESUBTYPE {} DISPNAME {bind_op seteq} VISIBLE false} {BINDTYPE op ID {} IMPL fabric LATENCY 0 OPTYPE add PRAGMA {} RTLNAME add_ln39_fu_452_p2 SOURCE ../source/dct.c:39 VARIABLE add_ln39 LOOP DCT_Outer_Loop BUNDLEDNAME {} DSP 0 BRAM 0 URAM 0 STORAGESUBTYPE {} DISPNAME {bind_op add} VISIBLE true} {BINDTYPE op ID {} IMPL fabric LATENCY 0 OPTYPE add PRAGMA {} RTLNAME add_ln46_2_fu_474_p2 SOURCE ../source/dct.c:46 VARIABLE add_ln46_2 LOOP DCT_Outer_Loop BUNDLEDNAME {} DSP 0 BRAM 0 URAM 0 STORAGESUBTYPE {} DISPNAME {bind_op add} VISIBLE true} {BINDTYPE op ID {} IMPL auto LATENCY 0 OPTYPE seteq PRAGMA {} RTLNAME icmp_ln41_fu_488_p2 SOURCE ../source/dct.c:41 VARIABLE icmp_ln41 LOOP DCT_Inner_Loop BUNDLEDNAME {} DSP 0 BRAM 0 URAM 0 STORAGESUBTYPE {} DISPNAME {bind_op seteq} VISIBLE false} {BINDTYPE op ID {} IMPL fabric LATENCY 0 OPTYPE add PRAGMA {} RTLNAME add_ln41_fu_494_p2 SOURCE ../source/dct.c:41 VARIABLE add_ln41 LOOP DCT_Inner_Loop BUNDLEDNAME {} DSP 0 BRAM 0 URAM 0 STORAGESUBTYPE {} DISPNAME {bind_op add} VISIBLE true} {BINDTYPE op ID {} IMPL fabric LATENCY 0 OPTYPE add PRAGMA {} RTLNAME add_ln43_fu_504_p2 SOURCE ../source/dct.c:43 VARIABLE add_ln43 LOOP DCT_Inner_Loop BUNDLEDNAME {} DSP 0 BRAM 0 URAM 0 STORAGESUBTYPE {} DISPNAME {bind_op add} VISIBLE true} {BINDTYPE op ID {} IMPL fabric LATENCY 0 OPTYPE add PRAGMA {} RTLNAME add_ln44_fu_514_p2 SOURCE ../source/dct.c:44 VARIABLE add_ln44 LOOP DCT_Inner_Loop BUNDLEDNAME {} DSP 0 BRAM 0 URAM 0 STORAGESUBTYPE {} DISPNAME {bind_op add} VISIBLE true} {BINDTYPE op ID {} IMPL dsp_slice LATENCY 3 OPTYPE mul PRAGMA {} RTLNAME mac_muladd_16s_15s_32s_32_4_1_U3 SOURCE ../source/dct.c:44 VARIABLE mul_ln44 LOOP DCT_Inner_Loop BUNDLEDNAME {} DSP 1 BRAM 0 URAM 0 STORAGESUBTYPE {} DISPNAME {bind_op mul} VISIBLE true} {BINDTYPE op ID {} IMPL dsp_slice LATENCY 3 OPTYPE sext PRAGMA {} RTLNAME mac_muladd_16s_15s_32s_32_4_1_U3 SOURCE ../source/dct.c:44 VARIABLE sext_ln44_1 LOOP DCT_Inner_Loop BUNDLEDNAME {} DSP 1 BRAM 0 URAM 0 STORAGESUBTYPE {} DISPNAME {bind_op sext} VISIBLE false} {BINDTYPE op ID {} IMPL dsp_slice LATENCY 3 OPTYPE add PRAGMA {} RTLNAME mac_muladd_16s_15s_32s_32_4_1_U3 SOURCE ../source/dct.c:44 VARIABLE tmp_3 LOOP DCT_Inner_Loop BUNDLEDNAME {} DSP 1 BRAM 0 URAM 0 STORAGESUBTYPE {} DISPNAME {bind_op add} VISIBLE true} {BINDTYPE op ID {} IMPL fabric LATENCY 0 OPTYPE add PRAGMA {} RTLNAME add_ln46_fu_528_p2 SOURCE ../source/dct.c:46 VARIABLE add_ln46 LOOP DCT_Outer_Loop BUNDLEDNAME {} DSP 0 BRAM 0 URAM 0 STORAGESUBTYPE {} DISPNAME {bind_op add} VISIBLE true} {BINDTYPE op ID {} IMPL auto LATENCY 0 OPTYPE seteq PRAGMA {} RTLNAME icmp_ln64_fu_556_p2 SOURCE ../source/dct.c:64 VARIABLE icmp_ln64 LOOP Xpose_Row_Outer_Loop BUNDLEDNAME {} DSP 0 BRAM 0 URAM 0 STORAGESUBTYPE {} DISPNAME {bind_op seteq} VISIBLE false} {BINDTYPE op ID {} IMPL fabric LATENCY 0 OPTYPE add PRAGMA {} RTLNAME add_ln64_fu_562_p2 SOURCE ../source/dct.c:64 VARIABLE add_ln64 LOOP Xpose_Row_Outer_Loop BUNDLEDNAME {} DSP 0 BRAM 0 URAM 0 STORAGESUBTYPE {} DISPNAME {bind_op add} VISIBLE true} {BINDTYPE op ID {} IMPL auto LATENCY 0 OPTYPE seteq PRAGMA {} RTLNAME icmp_ln68_fu_589_p2 SOURCE ../source/dct.c:68 VARIABLE icmp_ln68 LOOP Xpose_Row_Inner_Loop BUNDLEDNAME {} DSP 0 BRAM 0 URAM 0 STORAGESUBTYPE {} DISPNAME {bind_op seteq} VISIBLE false} {BINDTYPE op ID {} IMPL fabric LATENCY 0 OPTYPE add PRAGMA {} RTLNAME add_ln68_fu_595_p2 SOURCE ../source/dct.c:68 VARIABLE add_ln68 LOOP Xpose_Row_Inner_Loop BUNDLEDNAME {} DSP 0 BRAM 0 URAM 0 STORAGESUBTYPE {} DISPNAME {bind_op add} VISIBLE true} {BINDTYPE op ID {} IMPL fabric LATENCY 0 OPTYPE add PRAGMA {} RTLNAME add_ln69_fu_617_p2 SOURCE ../source/dct.c:69 VARIABLE add_ln69 LOOP Xpose_Row_Inner_Loop BUNDLEDNAME {} DSP 0 BRAM 0 URAM 0 STORAGESUBTYPE {} DISPNAME {bind_op add} VISIBLE true} {BINDTYPE op ID {} IMPL fabric LATENCY 0 OPTYPE add PRAGMA {} RTLNAME add_ln69_1_fu_627_p2 SOURCE ../source/dct.c:69 VARIABLE add_ln69_1 LOOP Xpose_Row_Inner_Loop BUNDLEDNAME {} DSP 0 BRAM 0 URAM 0 STORAGESUBTYPE {} DISPNAME {bind_op add} VISIBLE true} {BINDTYPE op ID {} IMPL auto LATENCY 0 OPTYPE seteq PRAGMA {} RTLNAME icmp_ln72_fu_643_p2 SOURCE ../source/dct.c:72 VARIABLE icmp_ln72 LOOP Col_DCT_Loop BUNDLEDNAME {} DSP 0 BRAM 0 URAM 0 STORAGESUBTYPE {} DISPNAME {bind_op seteq} VISIBLE false} {BINDTYPE op ID {} IMPL fabric LATENCY 0 OPTYPE add PRAGMA {} RTLNAME add_ln72_fu_649_p2 SOURCE ../source/dct.c:72 VARIABLE add_ln72 LOOP Col_DCT_Loop BUNDLEDNAME {} DSP 0 BRAM 0 URAM 0 STORAGESUBTYPE {} DISPNAME {bind_op add} VISIBLE true} {BINDTYPE op ID {} IMPL auto LATENCY 0 OPTYPE seteq PRAGMA {} RTLNAME icmp_ln39_1_fu_672_p2 SOURCE ../source/dct.c:39 VARIABLE icmp_ln39_1 LOOP DCT_Outer_Loop BUNDLEDNAME {} DSP 0 BRAM 0 URAM 0 STORAGESUBTYPE {} DISPNAME {bind_op seteq} VISIBLE false} {BINDTYPE op ID {} IMPL fabric LATENCY 0 OPTYPE add PRAGMA {} RTLNAME add_ln39_1_fu_678_p2 SOURCE ../source/dct.c:39 VARIABLE add_ln39_1 LOOP DCT_Outer_Loop BUNDLEDNAME {} DSP 0 BRAM 0 URAM 0 STORAGESUBTYPE {} DISPNAME {bind_op add} VISIBLE true} {BINDTYPE op ID {} IMPL fabric LATENCY 0 OPTYPE add PRAGMA {} RTLNAME add_ln46_3_fu_700_p2 SOURCE ../source/dct.c:46 VARIABLE add_ln46_3 LOOP DCT_Outer_Loop BUNDLEDNAME {} DSP 0 BRAM 0 URAM 0 STORAGESUBTYPE {} DISPNAME {bind_op add} VISIBLE true} {BINDTYPE op ID {} IMPL auto LATENCY 0 OPTYPE seteq PRAGMA {} RTLNAME icmp_ln41_1_fu_714_p2 SOURCE ../source/dct.c:41 VARIABLE icmp_ln41_1 LOOP DCT_Inner_Loop BUNDLEDNAME {} DSP 0 BRAM 0 URAM 0 STORAGESUBTYPE {} DISPNAME {bind_op seteq} VISIBLE false} {BINDTYPE op ID {} IMPL fabric LATENCY 0 OPTYPE add PRAGMA {} RTLNAME add_ln41_1_fu_720_p2 SOURCE ../source/dct.c:41 VARIABLE add_ln41_1 LOOP DCT_Inner_Loop BUNDLEDNAME {} DSP 0 BRAM 0 URAM 0 STORAGESUBTYPE {} DISPNAME {bind_op add} VISIBLE true} {BINDTYPE op ID {} IMPL fabric LATENCY 0 OPTYPE add PRAGMA {} RTLNAME add_ln43_1_fu_730_p2 SOURCE ../source/dct.c:43 VARIABLE add_ln43_1 LOOP DCT_Inner_Loop BUNDLEDNAME {} DSP 0 BRAM 0 URAM 0 STORAGESUBTYPE {} DISPNAME {bind_op add} VISIBLE true} {BINDTYPE op ID {} IMPL fabric LATENCY 0 OPTYPE add PRAGMA {} RTLNAME add_ln44_2_fu_740_p2 SOURCE ../source/dct.c:44 VARIABLE add_ln44_2 LOOP DCT_Inner_Loop BUNDLEDNAME {} DSP 0 BRAM 0 URAM 0 STORAGESUBTYPE {} DISPNAME {bind_op add} VISIBLE true} {BINDTYPE op ID {} IMPL dsp_slice LATENCY 3 OPTYPE mul PRAGMA {} RTLNAME mac_muladd_16s_15s_32s_32_4_1_U4 SOURCE ../source/dct.c:44 VARIABLE mul_ln44_1 LOOP DCT_Inner_Loop BUNDLEDNAME {} DSP 1 BRAM 0 URAM 0 STORAGESUBTYPE {} DISPNAME {bind_op mul} VISIBLE true} {BINDTYPE op ID {} IMPL dsp_slice LATENCY 3 OPTYPE sext PRAGMA {} RTLNAME mac_muladd_16s_15s_32s_32_4_1_U4 SOURCE ../source/dct.c:44 VARIABLE sext_ln44_3 LOOP DCT_Inner_Loop BUNDLEDNAME {} DSP 1 BRAM 0 URAM 0 STORAGESUBTYPE {} DISPNAME {bind_op sext} VISIBLE false} {BINDTYPE op ID {} IMPL dsp_slice LATENCY 3 OPTYPE add PRAGMA {} RTLNAME mac_muladd_16s_15s_32s_32_4_1_U4 SOURCE ../source/dct.c:44 VARIABLE tmp_11 LOOP DCT_Inner_Loop BUNDLEDNAME {} DSP 1 BRAM 0 URAM 0 STORAGESUBTYPE {} DISPNAME {bind_op add} VISIBLE true} {BINDTYPE op ID {} IMPL fabric LATENCY 0 OPTYPE add PRAGMA {} RTLNAME add_ln46_1_fu_754_p2 SOURCE ../source/dct.c:46 VARIABLE add_ln46_1 LOOP DCT_Outer_Loop BUNDLEDNAME {} DSP 0 BRAM 0 URAM 0 STORAGESUBTYPE {} DISPNAME {bind_op add} VISIBLE true} {BINDTYPE op ID {} IMPL auto LATENCY 0 OPTYPE seteq PRAGMA {} RTLNAME icmp_ln77_fu_782_p2 SOURCE ../source/dct.c:77 VARIABLE icmp_ln77 LOOP Xpose_Col_Outer_Loop BUNDLEDNAME {} DSP 0 BRAM 0 URAM 0 STORAGESUBTYPE {} DISPNAME {bind_op seteq} VISIBLE false} {BINDTYPE op ID {} IMPL fabric LATENCY 0 OPTYPE add PRAGMA {} RTLNAME add_ln77_fu_788_p2 SOURCE ../source/dct.c:77 VARIABLE add_ln77 LOOP Xpose_Col_Outer_Loop BUNDLEDNAME {} DSP 0 BRAM 0 URAM 0 STORAGESUBTYPE {} DISPNAME {bind_op add} VISIBLE true} {BINDTYPE op ID {} IMPL auto LATENCY 0 OPTYPE seteq PRAGMA {} RTLNAME icmp_ln79_fu_810_p2 SOURCE ../source/dct.c:79 VARIABLE icmp_ln79 LOOP Xpose_Col_Inner_Loop BUNDLEDNAME {} DSP 0 BRAM 0 URAM 0 STORAGESUBTYPE {} DISPNAME {bind_op seteq} VISIBLE false} {BINDTYPE op ID {} IMPL fabric LATENCY 0 OPTYPE add PRAGMA {} RTLNAME add_ln79_fu_816_p2 SOURCE ../source/dct.c:79 VARIABLE add_ln79 LOOP Xpose_Col_Inner_Loop BUNDLEDNAME {} DSP 0 BRAM 0 URAM 0 STORAGESUBTYPE {} DISPNAME {bind_op add} VISIBLE true} {BINDTYPE op ID {} IMPL fabric LATENCY 0 OPTYPE add PRAGMA {} RTLNAME add_ln80_fu_838_p2 SOURCE ../source/dct.c:80 VARIABLE add_ln80 LOOP Xpose_Col_Inner_Loop BUNDLEDNAME {} DSP 0 BRAM 0 URAM 0 STORAGESUBTYPE {} DISPNAME {bind_op add} VISIBLE true} {BINDTYPE op ID {} IMPL fabric LATENCY 0 OPTYPE add PRAGMA {} RTLNAME add_ln80_1_fu_848_p2 SOURCE ../source/dct.c:80 VARIABLE add_ln80_1 LOOP Xpose_Col_Inner_Loop BUNDLEDNAME {} DSP 0 BRAM 0 URAM 0 STORAGESUBTYPE {} DISPNAME {bind_op add} VISIBLE true} {BINDTYPE storage ID {} IMPL auto LATENCY 1 OPTYPE rom_1p PRAGMA {} RTLNAME dct_coeff_table_U SOURCE {} VARIABLE dct_coeff_table LOOP {} BUNDLEDNAME {} DSP 0 BRAM 0 URAM 0 STORAGESUBTYPE {} STORAGESIZE {15 64 1} STORAGEUSAGE rom_1p DISPNAME {bind_storage rom_1p} VISIBLE true}} AREA {DSP 2 BRAM 5 URAM 0}}}}'
INFO-FLOW: DBG:PUTS:      update_csynth_reports json2rpt_hw_sw_interfaces
INFO-FLOW: Running: gen_csynth_sec_pragma
INFO-FLOW: Done: gen_csynth_sec_pragma time: 0 seconds per iteration
INFO-FLOW: DBG:PUTS:      update_csynth_reports wrote xml
INFO-FLOW: DBG:PUTS:      update_csynth_reports appended to csynth rpt file
INFO: [HLS 200-111] Finished Updating report files: CPU user time: 0.17 seconds. CPU system time: 0.02 seconds. Elapsed time: 0.21 seconds; current allocated memory: 284.359 MB.
INFO: [VHDL 208-304] Generating VHDL RTL for dct.
INFO: [VLOG 209-307] Generating Verilog RTL for dct.
Execute       syn_report -model dct -printsummary 
INFO: [HLS 200-790] **** Loop Constraint Status: All loop constraints were satisfied.
INFO: [HLS 200-789] **** Estimated Fmax: 153.66 MHz
Command     autosyn done; 0.61 sec.
Command   csynth_design done; 8.73 sec.
Execute   close_project 
Execute     close_solution 
Execute       cleanup_all 
Execute       cleanup_all 
