Copyright 1986-2022 Xilinx, Inc. All Rights Reserved. Copyright 2022-2024 Advanced Micro Devices, Inc. All Rights Reserved.
---------------------------------------------------------------------------------------------------------------------------------------------
| Tool Version : Vivado v.2024.2 (lin64) Build 5239630 Fri Nov 08 22:34:34 MST 2024
| Date         : Sat Jan 17 18:35:21 2026
| Host         : RimuruLenovo running 64-bit Ubuntu 24.04.3 LTS
| Command      : report_utilization -file DMA_ZCU104_BD_wrapper_utilization_synth.rpt -pb DMA_ZCU104_BD_wrapper_utilization_synth.pb
| Design       : DMA_ZCU104_BD_wrapper
| Device       : xczu7ev-ffvc1156-2-e
| Speed File   : -2
| Design State : Synthesized
---------------------------------------------------------------------------------------------------------------------------------------------

Utilization Design Information

Table of Contents
-----------------
1. CLB Logic
1.1 Summary of Registers by Type
2. BLOCKRAM
3. ARITHMETIC
4. I/O
5. CLOCK
6. ADVANCED
7. CONFIGURATION
8. Primitives
9. Black Boxes
10. Instantiated Netlists

1. CLB Logic
------------

+----------------------------+-------+-------+------------+-----------+-------+
|          Site Type         |  Used | Fixed | Prohibited | Available | Util% |
+----------------------------+-------+-------+------------+-----------+-------+
| CLB LUTs*                  | 14112 |     0 |          0 |    230400 |  6.13 |
|   LUT as Logic             | 10914 |     0 |          0 |    230400 |  4.74 |
|   LUT as Memory            |  3198 |     0 |          0 |    101760 |  3.14 |
|     LUT as Distributed RAM |  1732 |     0 |            |           |       |
|     LUT as Shift Register  |  1466 |     0 |            |           |       |
| CLB Registers              | 17054 |     0 |          0 |    460800 |  3.70 |
|   Register as Flip Flop    | 17054 |     0 |          0 |    460800 |  3.70 |
|   Register as Latch        |     0 |     0 |          0 |    460800 |  0.00 |
| CARRY8                     |    16 |     0 |          0 |     28800 |  0.06 |
| F7 Muxes                   |     1 |     0 |          0 |    115200 | <0.01 |
| F8 Muxes                   |     0 |     0 |          0 |     57600 |  0.00 |
| F9 Muxes                   |     0 |     0 |          0 |     28800 |  0.00 |
+----------------------------+-------+-------+------------+-----------+-------+
* Warning! The Final LUT count, after physical optimizations and full implementation, is typically lower. Run opt_design after synthesis, if not already completed, for a more realistic count.
Warning! LUT value is adjusted to account for LUT combining.
Warning! For any ECO changes, please run place_design if there are unplaced instances


1.1 Summary of Registers by Type
--------------------------------

+-------+--------------+-------------+--------------+
| Total | Clock Enable | Synchronous | Asynchronous |
+-------+--------------+-------------+--------------+
| 0     |            _ |           - |            - |
| 0     |            _ |           - |          Set |
| 0     |            _ |           - |        Reset |
| 0     |            _ |         Set |            - |
| 0     |            _ |       Reset |            - |
| 0     |          Yes |           - |            - |
| 0     |          Yes |           - |          Set |
| 216   |          Yes |           - |        Reset |
| 575   |          Yes |         Set |            - |
| 16263 |          Yes |       Reset |            - |
+-------+--------------+-------------+--------------+


2. BLOCKRAM
-----------

+-------------------+------+-------+------------+-----------+-------+
|     Site Type     | Used | Fixed | Prohibited | Available | Util% |
+-------------------+------+-------+------------+-----------+-------+
| Block RAM Tile    |    2 |     0 |          0 |       312 |  0.64 |
|   RAMB36/FIFO*    |    2 |     0 |          0 |       312 |  0.64 |
|     RAMB36E2 only |    2 |       |            |           |       |
|   RAMB18          |    0 |     0 |          0 |       624 |  0.00 |
| URAM              |    0 |     0 |          0 |        96 |  0.00 |
+-------------------+------+-------+------------+-----------+-------+
* Note: Each Block RAM Tile only has one FIFO logic available and therefore can accommodate only one FIFO36E2 or one FIFO18E2. However, if a FIFO18E2 occupies a Block RAM Tile, that tile can still accommodate a RAMB18E2


3. ARITHMETIC
-------------

+-----------+------+-------+------------+-----------+-------+
| Site Type | Used | Fixed | Prohibited | Available | Util% |
+-----------+------+-------+------------+-----------+-------+
| DSPs      |    0 |     0 |          0 |      1728 |  0.00 |
+-----------+------+-------+------------+-----------+-------+


4. I/O
------

+------------+------+-------+------------+-----------+-------+
|  Site Type | Used | Fixed | Prohibited | Available | Util% |
+------------+------+-------+------------+-----------+-------+
| Bonded IOB |    0 |     0 |          0 |       360 |  0.00 |
+------------+------+-------+------------+-----------+-------+


5. CLOCK
--------

+------------+------+-------+------------+-----------+-------+
|  Site Type | Used | Fixed | Prohibited | Available | Util% |
+------------+------+-------+------------+-----------+-------+
| BUFGCE     |    0 |     0 |          0 |       208 |  0.00 |
| BUFGCE_DIV |    0 |     0 |          0 |        32 |  0.00 |
| BUFG_GT    |    0 |     0 |          0 |       144 |  0.00 |
| BUFG_PS    |    1 |     0 |          0 |        96 |  1.04 |
| BUFGCTRL*  |    0 |     0 |          0 |        64 |  0.00 |
| PLL        |    0 |     0 |          0 |        16 |  0.00 |
| MMCM       |    0 |     0 |          0 |         8 |  0.00 |
+------------+------+-------+------------+-----------+-------+
* Note: Each used BUFGCTRL counts as two GLOBAL CLOCK BUFFERs. This table does not include global clocking resources, only buffer cell usage. See the Clock Utilization Report (report_clock_utilization) for detailed accounting of global clocking resource availability.


6. ADVANCED
-----------

+-----------------+------+-------+------------+-----------+--------+
|    Site Type    | Used | Fixed | Prohibited | Available |  Util% |
+-----------------+------+-------+------------+-----------+--------+
| GTHE4_CHANNEL   |    0 |     0 |          0 |        20 |   0.00 |
| GTHE4_COMMON    |    0 |     0 |          0 |         5 |   0.00 |
| OBUFDS_GTE4     |    0 |     0 |          0 |        10 |   0.00 |
| OBUFDS_GTE4_ADV |    0 |     0 |          0 |        10 |   0.00 |
| PCIE40E4        |    0 |     0 |          0 |         2 |   0.00 |
| PS8             |    1 |     0 |          0 |         1 | 100.00 |
| SYSMONE4        |    0 |     0 |          0 |         1 |   0.00 |
| VCU             |    0 |     0 |          0 |         1 |   0.00 |
+-----------------+------+-------+------------+-----------+--------+


7. CONFIGURATION
----------------

+-------------+------+-------+------------+-----------+-------+
|  Site Type  | Used | Fixed | Prohibited | Available | Util% |
+-------------+------+-------+------------+-----------+-------+
| BSCANE2     |    0 |     0 |          0 |         4 |  0.00 |
| DNA_PORTE2  |    0 |     0 |          0 |         1 |  0.00 |
| EFUSE_USR   |    0 |     0 |          0 |         1 |  0.00 |
| FRAME_ECCE4 |    0 |     0 |          0 |         1 |  0.00 |
| ICAPE3      |    0 |     0 |          0 |         2 |  0.00 |
| MASTER_JTAG |    0 |     0 |          0 |         1 |  0.00 |
| STARTUPE3   |    0 |     0 |          0 |         1 |  0.00 |
+-------------+------+-------+------------+-----------+-------+


8. Primitives
-------------

+----------+-------+---------------------+
| Ref Name |  Used | Functional Category |
+----------+-------+---------------------+
| FDRE     | 16263 |            Register |
| LUT3     |  4073 |                 CLB |
| LUT6     |  3600 |                 CLB |
| RAMD32   |  3020 |                 CLB |
| LUT5     |  2479 |                 CLB |
| LUT4     |  2041 |                 CLB |
| LUT2     |  1124 |                 CLB |
| SRLC32E  |   949 |                 CLB |
| LUT1     |   839 |                 CLB |
| FDSE     |   575 |            Register |
| SRL16E   |   517 |                 CLB |
| RAMS32   |   432 |                 CLB |
| FDCE     |   216 |            Register |
| CARRY8   |    16 |                 CLB |
| RAMB36E2 |     2 |            BLOCKRAM |
| PS8      |     1 |            Advanced |
| MUXF7    |     1 |                 CLB |
| BUFG_PS  |     1 |               Clock |
+----------+-------+---------------------+


9. Black Boxes
--------------

+----------+------+
| Ref Name | Used |
+----------+------+


10. Instantiated Netlists
-------------------------

+----------+------+
| Ref Name | Used |
+----------+------+


